[2026-05-02T18:28:17.854+0000] {local_task_job_runner.py:123} INFO - ::group::Pre task execution logs
[2026-05-02T18:28:17.864+0000] {taskinstance.py:2612} INFO - Dependencies all met for dep_context=non-requeueable deps ti=<TaskInstance: pipeline_etl_pratica.transformar_dados manual__2026-05-02T18:28:11.256787+00:00 [queued]>
[2026-05-02T18:28:17.868+0000] {taskinstance.py:2612} INFO - Dependencies all met for dep_context=requeueable deps ti=<TaskInstance: pipeline_etl_pratica.transformar_dados manual__2026-05-02T18:28:11.256787+00:00 [queued]>
[2026-05-02T18:28:17.869+0000] {taskinstance.py:2865} INFO - Starting attempt 1 of 3
[2026-05-02T18:28:17.884+0000] {taskinstance.py:2888} INFO - Executing <Task(PythonOperator): transformar_dados> on 2026-05-02 18:28:11.256787+00:00
[2026-05-02T18:28:17.888+0000] {standard_task_runner.py:72} INFO - Started process 105995 to run task
[2026-05-02T18:28:17.891+0000] {standard_task_runner.py:104} INFO - Running: ['airflow', 'tasks', 'run', 'pipeline_etl_pratica', 'transformar_dados', 'manual__2026-05-02T18:28:11.256787+00:00', '--job-id', '92', '--raw', '--subdir', 'DAGS_FOLDER/pipeline_etl_pratica.py', '--cfg-path', '/tmp/tmpa4ct_90h']
[2026-05-02T18:28:17.891+0000] {standard_task_runner.py:105} INFO - Job 92: Subtask transformar_dados
[2026-05-02T18:28:17.920+0000] {task_command.py:467} INFO - Running <TaskInstance: pipeline_etl_pratica.transformar_dados manual__2026-05-02T18:28:11.256787+00:00 [running]> on host codespaces-a467f8
[2026-05-02T18:28:18.006+0000] {taskinstance.py:3131} INFO - Exporting env vars: AIRFLOW_CTX_DAG_OWNER='CrisStudy' AIRFLOW_CTX_DAG_ID='pipeline_etl_pratica' AIRFLOW_CTX_TASK_ID='transformar_dados' AIRFLOW_CTX_EXECUTION_DATE='2026-05-02T18:28:11.256787+00:00' AIRFLOW_CTX_TRY_NUMBER='1' AIRFLOW_CTX_DAG_RUN_ID='manual__2026-05-02T18:28:11.256787+00:00'
[2026-05-02T18:28:18.007+0000] {logging_mixin.py:190} INFO - Task instance is in running state
[2026-05-02T18:28:18.007+0000] {logging_mixin.py:190} INFO -  Previous state of the Task instance: queued
[2026-05-02T18:28:18.008+0000] {logging_mixin.py:190} INFO - Current task name:transformar_dados state:running start_date:2026-05-02 18:28:17.864654+00:00
[2026-05-02T18:28:18.008+0000] {logging_mixin.py:190} INFO - Dag name:pipeline_etl_pratica and current dag run status:running
[2026-05-02T18:28:18.008+0000] {taskinstance.py:731} INFO - ::endgroup::
[2026-05-02T18:28:18.019+0000] {python.py:240} INFO - Done. Returned value was: None
[2026-05-02T18:28:18.025+0000] {taskinstance.py:340} INFO - ::group::Post task execution logs
[2026-05-02T18:28:18.026+0000] {taskinstance.py:352} INFO - Marking task as SUCCESS. dag_id=pipeline_etl_pratica, task_id=transformar_dados, run_id=manual__2026-05-02T18:28:11.256787+00:00, execution_date=20260502T182811, start_date=20260502T182817, end_date=20260502T182818
[2026-05-02T18:28:18.035+0000] {logging_mixin.py:190} INFO - Task instance in success state
[2026-05-02T18:28:18.036+0000] {logging_mixin.py:190} INFO -  Previous state of the Task instance: running
[2026-05-02T18:28:18.036+0000] {logging_mixin.py:190} INFO - Dag name:pipeline_etl_pratica queued_at:2026-05-02 18:28:11.267161+00:00
[2026-05-02T18:28:18.036+0000] {logging_mixin.py:190} INFO - Task hostname:codespaces-a467f8 operator:PythonOperator
[2026-05-02T18:28:18.065+0000] {local_task_job_runner.py:266} INFO - Task exited with return code 0
[2026-05-02T18:28:18.097+0000] {taskinstance.py:3900} INFO - 1 downstream tasks scheduled from follow-on schedule check
[2026-05-02T18:28:18.110+0000] {local_task_job_runner.py:245} INFO - ::endgroup::
