[2026-05-20T15:03:14.476+0000] {processor.py:186} INFO - Started process (PID=57143) to work on /workspaces/meu-primeiro-etl-airflow/airflow/dags/dag_contagem_linhas.py
[2026-05-20T15:03:14.482+0000] {processor.py:914} INFO - Processing file /workspaces/meu-primeiro-etl-airflow/airflow/dags/dag_contagem_linhas.py for tasks to queue
[2026-05-20T15:03:14.491+0000] {logging_mixin.py:190} INFO - [2026-05-20T15:03:14.490+0000] {dagbag.py:588} INFO - Filling up the DagBag from /workspaces/meu-primeiro-etl-airflow/airflow/dags/dag_contagem_linhas.py
[2026-05-20T15:03:14.508+0000] {processor.py:925} INFO - DAG(s) 'contagem_linhas_dag' retrieved from /workspaces/meu-primeiro-etl-airflow/airflow/dags/dag_contagem_linhas.py
[2026-05-20T15:03:14.658+0000] {logging_mixin.py:190} INFO - [2026-05-20T15:03:14.657+0000] {override.py:1900} INFO - Created Permission View: can read on DAG:contagem_linhas_dag
[2026-05-20T15:03:14.669+0000] {logging_mixin.py:190} INFO - [2026-05-20T15:03:14.668+0000] {override.py:1900} INFO - Created Permission View: can edit on DAG:contagem_linhas_dag
[2026-05-20T15:03:14.676+0000] {logging_mixin.py:190} INFO - [2026-05-20T15:03:14.676+0000] {override.py:1900} INFO - Created Permission View: can delete on DAG:contagem_linhas_dag
[2026-05-20T15:03:14.687+0000] {logging_mixin.py:190} INFO - [2026-05-20T15:03:14.686+0000] {override.py:1900} INFO - Created Permission View: can read on DAG Run:contagem_linhas_dag
[2026-05-20T15:03:14.693+0000] {logging_mixin.py:190} INFO - [2026-05-20T15:03:14.693+0000] {override.py:1900} INFO - Created Permission View: can create on DAG Run:contagem_linhas_dag
[2026-05-20T15:03:14.700+0000] {logging_mixin.py:190} INFO - [2026-05-20T15:03:14.699+0000] {override.py:1900} INFO - Created Permission View: menu access on DAG Run:contagem_linhas_dag
[2026-05-20T15:03:14.706+0000] {logging_mixin.py:190} INFO - [2026-05-20T15:03:14.705+0000] {override.py:1900} INFO - Created Permission View: can delete on DAG Run:contagem_linhas_dag
[2026-05-20T15:03:14.706+0000] {logging_mixin.py:190} INFO - [2026-05-20T15:03:14.706+0000] {dag.py:3239} INFO - Sync 1 DAGs
[2026-05-20T15:03:14.716+0000] {logging_mixin.py:190} INFO - [2026-05-20T15:03:14.716+0000] {dag.py:3262} INFO - Creating ORM DAG for contagem_linhas_dag
[2026-05-20T15:03:14.717+0000] {logging_mixin.py:190} INFO - [2026-05-20T15:03:14.717+0000] {dag.py:4180} INFO - Setting next_dagrun for contagem_linhas_dag to None, run_after=None
[2026-05-20T15:03:14.742+0000] {processor.py:208} INFO - Processing /workspaces/meu-primeiro-etl-airflow/airflow/dags/dag_contagem_linhas.py took 0.285 seconds
[2026-05-20T15:03:44.891+0000] {processor.py:186} INFO - Started process (PID=57459) to work on /workspaces/meu-primeiro-etl-airflow/airflow/dags/dag_contagem_linhas.py
[2026-05-20T15:03:44.892+0000] {processor.py:914} INFO - Processing file /workspaces/meu-primeiro-etl-airflow/airflow/dags/dag_contagem_linhas.py for tasks to queue
[2026-05-20T15:03:44.894+0000] {logging_mixin.py:190} INFO - [2026-05-20T15:03:44.894+0000] {dagbag.py:588} INFO - Filling up the DagBag from /workspaces/meu-primeiro-etl-airflow/airflow/dags/dag_contagem_linhas.py
[2026-05-20T15:03:44.902+0000] {processor.py:925} INFO - DAG(s) 'contagem_linhas_dag' retrieved from /workspaces/meu-primeiro-etl-airflow/airflow/dags/dag_contagem_linhas.py
[2026-05-20T15:03:44.921+0000] {logging_mixin.py:190} INFO - [2026-05-20T15:03:44.921+0000] {dag.py:3239} INFO - Sync 1 DAGs
[2026-05-20T15:03:44.936+0000] {logging_mixin.py:190} INFO - [2026-05-20T15:03:44.936+0000] {dag.py:4180} INFO - Setting next_dagrun for contagem_linhas_dag to None, run_after=None
[2026-05-20T15:03:44.956+0000] {processor.py:208} INFO - Processing /workspaces/meu-primeiro-etl-airflow/airflow/dags/dag_contagem_linhas.py took 0.071 seconds
[2026-05-20T15:04:15.602+0000] {processor.py:186} INFO - Started process (PID=57827) to work on /workspaces/meu-primeiro-etl-airflow/airflow/dags/dag_contagem_linhas.py
[2026-05-20T15:04:15.602+0000] {processor.py:914} INFO - Processing file /workspaces/meu-primeiro-etl-airflow/airflow/dags/dag_contagem_linhas.py for tasks to queue
[2026-05-20T15:04:15.605+0000] {logging_mixin.py:190} INFO - [2026-05-20T15:04:15.604+0000] {dagbag.py:588} INFO - Filling up the DagBag from /workspaces/meu-primeiro-etl-airflow/airflow/dags/dag_contagem_linhas.py
[2026-05-20T15:04:15.613+0000] {processor.py:925} INFO - DAG(s) 'contagem_linhas_dag' retrieved from /workspaces/meu-primeiro-etl-airflow/airflow/dags/dag_contagem_linhas.py
[2026-05-20T15:04:15.638+0000] {logging_mixin.py:190} INFO - [2026-05-20T15:04:15.638+0000] {dag.py:3239} INFO - Sync 1 DAGs
[2026-05-20T15:04:15.659+0000] {logging_mixin.py:190} INFO - [2026-05-20T15:04:15.658+0000] {dag.py:4180} INFO - Setting next_dagrun for contagem_linhas_dag to None, run_after=None
[2026-05-20T15:04:15.697+0000] {processor.py:208} INFO - Processing /workspaces/meu-primeiro-etl-airflow/airflow/dags/dag_contagem_linhas.py took 0.099 seconds
[2026-05-20T15:04:45.957+0000] {processor.py:186} INFO - Started process (PID=58118) to work on /workspaces/meu-primeiro-etl-airflow/airflow/dags/dag_contagem_linhas.py
[2026-05-20T15:04:45.958+0000] {processor.py:914} INFO - Processing file /workspaces/meu-primeiro-etl-airflow/airflow/dags/dag_contagem_linhas.py for tasks to queue
[2026-05-20T15:04:45.960+0000] {logging_mixin.py:190} INFO - [2026-05-20T15:04:45.959+0000] {dagbag.py:588} INFO - Filling up the DagBag from /workspaces/meu-primeiro-etl-airflow/airflow/dags/dag_contagem_linhas.py
[2026-05-20T15:04:45.968+0000] {processor.py:925} INFO - DAG(s) 'contagem_linhas_dag' retrieved from /workspaces/meu-primeiro-etl-airflow/airflow/dags/dag_contagem_linhas.py
[2026-05-20T15:04:45.987+0000] {logging_mixin.py:190} INFO - [2026-05-20T15:04:45.987+0000] {dag.py:3239} INFO - Sync 1 DAGs
[2026-05-20T15:04:45.997+0000] {logging_mixin.py:190} INFO - [2026-05-20T15:04:45.997+0000] {dag.py:4180} INFO - Setting next_dagrun for contagem_linhas_dag to None, run_after=None
[2026-05-20T15:04:46.016+0000] {processor.py:208} INFO - Processing /workspaces/meu-primeiro-etl-airflow/airflow/dags/dag_contagem_linhas.py took 0.065 seconds
[2026-05-20T15:05:17.428+0000] {processor.py:186} INFO - Started process (PID=58430) to work on /workspaces/meu-primeiro-etl-airflow/airflow/dags/dag_contagem_linhas.py
[2026-05-20T15:05:17.431+0000] {processor.py:914} INFO - Processing file /workspaces/meu-primeiro-etl-airflow/airflow/dags/dag_contagem_linhas.py for tasks to queue
[2026-05-20T15:05:17.437+0000] {logging_mixin.py:190} INFO - [2026-05-20T15:05:17.436+0000] {dagbag.py:588} INFO - Filling up the DagBag from /workspaces/meu-primeiro-etl-airflow/airflow/dags/dag_contagem_linhas.py
[2026-05-20T15:05:17.452+0000] {processor.py:925} INFO - DAG(s) 'contagem_linhas_dag' retrieved from /workspaces/meu-primeiro-etl-airflow/airflow/dags/dag_contagem_linhas.py
[2026-05-20T15:05:17.487+0000] {logging_mixin.py:190} INFO - [2026-05-20T15:05:17.487+0000] {dag.py:3239} INFO - Sync 1 DAGs
[2026-05-20T15:05:17.502+0000] {logging_mixin.py:190} INFO - [2026-05-20T15:05:17.502+0000] {dag.py:4180} INFO - Setting next_dagrun for contagem_linhas_dag to None, run_after=None
[2026-05-20T15:05:17.570+0000] {processor.py:208} INFO - Processing /workspaces/meu-primeiro-etl-airflow/airflow/dags/dag_contagem_linhas.py took 0.175 seconds
[2026-05-20T15:05:47.972+0000] {processor.py:186} INFO - Started process (PID=58752) to work on /workspaces/meu-primeiro-etl-airflow/airflow/dags/dag_contagem_linhas.py
[2026-05-20T15:05:47.973+0000] {processor.py:914} INFO - Processing file /workspaces/meu-primeiro-etl-airflow/airflow/dags/dag_contagem_linhas.py for tasks to queue
[2026-05-20T15:05:47.978+0000] {logging_mixin.py:190} INFO - [2026-05-20T15:05:47.977+0000] {dagbag.py:588} INFO - Filling up the DagBag from /workspaces/meu-primeiro-etl-airflow/airflow/dags/dag_contagem_linhas.py
[2026-05-20T15:05:47.989+0000] {processor.py:925} INFO - DAG(s) 'contagem_linhas_dag' retrieved from /workspaces/meu-primeiro-etl-airflow/airflow/dags/dag_contagem_linhas.py
[2026-05-20T15:05:48.008+0000] {logging_mixin.py:190} INFO - [2026-05-20T15:05:48.007+0000] {dag.py:3239} INFO - Sync 1 DAGs
[2026-05-20T15:05:48.019+0000] {logging_mixin.py:190} INFO - [2026-05-20T15:05:48.019+0000] {dag.py:4180} INFO - Setting next_dagrun for contagem_linhas_dag to None, run_after=None
[2026-05-20T15:05:48.040+0000] {processor.py:208} INFO - Processing /workspaces/meu-primeiro-etl-airflow/airflow/dags/dag_contagem_linhas.py took 0.075 seconds
[2026-05-20T15:06:46.733+0000] {processor.py:186} INFO - Started process (PID=60046) to work on /workspaces/meu-primeiro-etl-airflow/airflow/dags/dag_contagem_linhas.py
[2026-05-20T15:06:46.735+0000] {processor.py:914} INFO - Processing file /workspaces/meu-primeiro-etl-airflow/airflow/dags/dag_contagem_linhas.py for tasks to queue
[2026-05-20T15:06:46.738+0000] {logging_mixin.py:190} INFO - [2026-05-20T15:06:46.738+0000] {dagbag.py:588} INFO - Filling up the DagBag from /workspaces/meu-primeiro-etl-airflow/airflow/dags/dag_contagem_linhas.py
[2026-05-20T15:06:46.748+0000] {processor.py:925} INFO - DAG(s) 'contagem_linhas_dag' retrieved from /workspaces/meu-primeiro-etl-airflow/airflow/dags/dag_contagem_linhas.py
[2026-05-20T15:06:46.768+0000] {logging_mixin.py:190} INFO - [2026-05-20T15:06:46.768+0000] {dag.py:3239} INFO - Sync 1 DAGs
[2026-05-20T15:06:46.778+0000] {logging_mixin.py:190} INFO - [2026-05-20T15:06:46.778+0000] {dag.py:4180} INFO - Setting next_dagrun for contagem_linhas_dag to None, run_after=None
[2026-05-20T15:06:46.795+0000] {processor.py:208} INFO - Processing /workspaces/meu-primeiro-etl-airflow/airflow/dags/dag_contagem_linhas.py took 0.068 seconds
[2026-05-20T15:07:17.826+0000] {processor.py:186} INFO - Started process (PID=60420) to work on /workspaces/meu-primeiro-etl-airflow/airflow/dags/dag_contagem_linhas.py
[2026-05-20T15:07:17.827+0000] {processor.py:914} INFO - Processing file /workspaces/meu-primeiro-etl-airflow/airflow/dags/dag_contagem_linhas.py for tasks to queue
[2026-05-20T15:07:17.830+0000] {logging_mixin.py:190} INFO - [2026-05-20T15:07:17.829+0000] {dagbag.py:588} INFO - Filling up the DagBag from /workspaces/meu-primeiro-etl-airflow/airflow/dags/dag_contagem_linhas.py
[2026-05-20T15:07:17.839+0000] {processor.py:925} INFO - DAG(s) 'contagem_linhas_dag' retrieved from /workspaces/meu-primeiro-etl-airflow/airflow/dags/dag_contagem_linhas.py
[2026-05-20T15:07:17.860+0000] {logging_mixin.py:190} INFO - [2026-05-20T15:07:17.860+0000] {dag.py:3239} INFO - Sync 1 DAGs
[2026-05-20T15:07:17.871+0000] {logging_mixin.py:190} INFO - [2026-05-20T15:07:17.871+0000] {dag.py:4180} INFO - Setting next_dagrun for contagem_linhas_dag to None, run_after=None
[2026-05-20T15:07:17.893+0000] {processor.py:208} INFO - Processing /workspaces/meu-primeiro-etl-airflow/airflow/dags/dag_contagem_linhas.py took 0.072 seconds
[2026-05-20T15:07:48.843+0000] {processor.py:186} INFO - Started process (PID=60551) to work on /workspaces/meu-primeiro-etl-airflow/airflow/dags/dag_contagem_linhas.py
[2026-05-20T15:07:48.844+0000] {processor.py:914} INFO - Processing file /workspaces/meu-primeiro-etl-airflow/airflow/dags/dag_contagem_linhas.py for tasks to queue
[2026-05-20T15:07:48.846+0000] {logging_mixin.py:190} INFO - [2026-05-20T15:07:48.846+0000] {dagbag.py:588} INFO - Filling up the DagBag from /workspaces/meu-primeiro-etl-airflow/airflow/dags/dag_contagem_linhas.py
[2026-05-20T15:07:48.855+0000] {processor.py:925} INFO - DAG(s) 'contagem_linhas_dag' retrieved from /workspaces/meu-primeiro-etl-airflow/airflow/dags/dag_contagem_linhas.py
[2026-05-20T15:07:48.875+0000] {logging_mixin.py:190} INFO - [2026-05-20T15:07:48.875+0000] {dag.py:3239} INFO - Sync 1 DAGs
[2026-05-20T15:07:48.886+0000] {logging_mixin.py:190} INFO - [2026-05-20T15:07:48.886+0000] {dag.py:4180} INFO - Setting next_dagrun for contagem_linhas_dag to None, run_after=None
[2026-05-20T15:07:48.907+0000] {processor.py:208} INFO - Processing /workspaces/meu-primeiro-etl-airflow/airflow/dags/dag_contagem_linhas.py took 0.070 seconds
[2026-05-20T15:08:19.796+0000] {processor.py:186} INFO - Started process (PID=60740) to work on /workspaces/meu-primeiro-etl-airflow/airflow/dags/dag_contagem_linhas.py
[2026-05-20T15:08:19.798+0000] {processor.py:914} INFO - Processing file /workspaces/meu-primeiro-etl-airflow/airflow/dags/dag_contagem_linhas.py for tasks to queue
[2026-05-20T15:08:19.799+0000] {logging_mixin.py:190} INFO - [2026-05-20T15:08:19.799+0000] {dagbag.py:588} INFO - Filling up the DagBag from /workspaces/meu-primeiro-etl-airflow/airflow/dags/dag_contagem_linhas.py
[2026-05-20T15:08:19.808+0000] {processor.py:925} INFO - DAG(s) 'contagem_linhas_dag' retrieved from /workspaces/meu-primeiro-etl-airflow/airflow/dags/dag_contagem_linhas.py
[2026-05-20T15:08:19.828+0000] {logging_mixin.py:190} INFO - [2026-05-20T15:08:19.827+0000] {dag.py:3239} INFO - Sync 1 DAGs
[2026-05-20T15:08:19.841+0000] {logging_mixin.py:190} INFO - [2026-05-20T15:08:19.841+0000] {dag.py:4180} INFO - Setting next_dagrun for contagem_linhas_dag to None, run_after=None
[2026-05-20T15:08:19.861+0000] {processor.py:208} INFO - Processing /workspaces/meu-primeiro-etl-airflow/airflow/dags/dag_contagem_linhas.py took 0.070 seconds
[2026-05-20T15:08:50.476+0000] {processor.py:186} INFO - Started process (PID=60983) to work on /workspaces/meu-primeiro-etl-airflow/airflow/dags/dag_contagem_linhas.py
[2026-05-20T15:08:50.477+0000] {processor.py:914} INFO - Processing file /workspaces/meu-primeiro-etl-airflow/airflow/dags/dag_contagem_linhas.py for tasks to queue
[2026-05-20T15:08:50.479+0000] {logging_mixin.py:190} INFO - [2026-05-20T15:08:50.478+0000] {dagbag.py:588} INFO - Filling up the DagBag from /workspaces/meu-primeiro-etl-airflow/airflow/dags/dag_contagem_linhas.py
[2026-05-20T15:08:50.487+0000] {processor.py:925} INFO - DAG(s) 'contagem_linhas_dag' retrieved from /workspaces/meu-primeiro-etl-airflow/airflow/dags/dag_contagem_linhas.py
[2026-05-20T15:08:50.505+0000] {logging_mixin.py:190} INFO - [2026-05-20T15:08:50.504+0000] {dag.py:3239} INFO - Sync 1 DAGs
[2026-05-20T15:08:50.515+0000] {logging_mixin.py:190} INFO - [2026-05-20T15:08:50.515+0000] {dag.py:4180} INFO - Setting next_dagrun for contagem_linhas_dag to None, run_after=None
[2026-05-20T15:08:50.535+0000] {processor.py:208} INFO - Processing /workspaces/meu-primeiro-etl-airflow/airflow/dags/dag_contagem_linhas.py took 0.064 seconds
[2026-05-20T15:09:20.720+0000] {processor.py:186} INFO - Started process (PID=61256) to work on /workspaces/meu-primeiro-etl-airflow/airflow/dags/dag_contagem_linhas.py
[2026-05-20T15:09:20.721+0000] {processor.py:914} INFO - Processing file /workspaces/meu-primeiro-etl-airflow/airflow/dags/dag_contagem_linhas.py for tasks to queue
[2026-05-20T15:09:20.722+0000] {logging_mixin.py:190} INFO - [2026-05-20T15:09:20.722+0000] {dagbag.py:588} INFO - Filling up the DagBag from /workspaces/meu-primeiro-etl-airflow/airflow/dags/dag_contagem_linhas.py
[2026-05-20T15:09:20.731+0000] {processor.py:925} INFO - DAG(s) 'contagem_linhas_dag' retrieved from /workspaces/meu-primeiro-etl-airflow/airflow/dags/dag_contagem_linhas.py
[2026-05-20T15:09:20.754+0000] {logging_mixin.py:190} INFO - [2026-05-20T15:09:20.753+0000] {dag.py:3239} INFO - Sync 1 DAGs
[2026-05-20T15:09:20.764+0000] {logging_mixin.py:190} INFO - [2026-05-20T15:09:20.764+0000] {dag.py:4180} INFO - Setting next_dagrun for contagem_linhas_dag to None, run_after=None
[2026-05-20T15:09:20.780+0000] {processor.py:208} INFO - Processing /workspaces/meu-primeiro-etl-airflow/airflow/dags/dag_contagem_linhas.py took 0.064 seconds
[2026-05-20T15:09:51.512+0000] {processor.py:186} INFO - Started process (PID=61479) to work on /workspaces/meu-primeiro-etl-airflow/airflow/dags/dag_contagem_linhas.py
[2026-05-20T15:09:51.513+0000] {processor.py:914} INFO - Processing file /workspaces/meu-primeiro-etl-airflow/airflow/dags/dag_contagem_linhas.py for tasks to queue
[2026-05-20T15:09:51.515+0000] {logging_mixin.py:190} INFO - [2026-05-20T15:09:51.514+0000] {dagbag.py:588} INFO - Filling up the DagBag from /workspaces/meu-primeiro-etl-airflow/airflow/dags/dag_contagem_linhas.py
[2026-05-20T15:09:51.523+0000] {processor.py:925} INFO - DAG(s) 'contagem_linhas_dag' retrieved from /workspaces/meu-primeiro-etl-airflow/airflow/dags/dag_contagem_linhas.py
[2026-05-20T15:09:51.549+0000] {logging_mixin.py:190} INFO - [2026-05-20T15:09:51.549+0000] {dag.py:3239} INFO - Sync 1 DAGs
[2026-05-20T15:09:51.559+0000] {logging_mixin.py:190} INFO - [2026-05-20T15:09:51.559+0000] {dag.py:4180} INFO - Setting next_dagrun for contagem_linhas_dag to None, run_after=None
[2026-05-20T15:09:51.576+0000] {processor.py:208} INFO - Processing /workspaces/meu-primeiro-etl-airflow/airflow/dags/dag_contagem_linhas.py took 0.070 seconds
[2026-05-20T15:10:22.305+0000] {processor.py:186} INFO - Started process (PID=61776) to work on /workspaces/meu-primeiro-etl-airflow/airflow/dags/dag_contagem_linhas.py
[2026-05-20T15:10:22.305+0000] {processor.py:914} INFO - Processing file /workspaces/meu-primeiro-etl-airflow/airflow/dags/dag_contagem_linhas.py for tasks to queue
[2026-05-20T15:10:22.307+0000] {logging_mixin.py:190} INFO - [2026-05-20T15:10:22.307+0000] {dagbag.py:588} INFO - Filling up the DagBag from /workspaces/meu-primeiro-etl-airflow/airflow/dags/dag_contagem_linhas.py
[2026-05-20T15:10:22.315+0000] {processor.py:925} INFO - DAG(s) 'contagem_linhas_dag' retrieved from /workspaces/meu-primeiro-etl-airflow/airflow/dags/dag_contagem_linhas.py
[2026-05-20T15:10:22.337+0000] {logging_mixin.py:190} INFO - [2026-05-20T15:10:22.336+0000] {dag.py:3239} INFO - Sync 1 DAGs
[2026-05-20T15:10:22.350+0000] {logging_mixin.py:190} INFO - [2026-05-20T15:10:22.350+0000] {dag.py:4180} INFO - Setting next_dagrun for contagem_linhas_dag to None, run_after=None
[2026-05-20T15:10:22.370+0000] {processor.py:208} INFO - Processing /workspaces/meu-primeiro-etl-airflow/airflow/dags/dag_contagem_linhas.py took 0.070 seconds
[2026-05-20T15:10:53.054+0000] {processor.py:186} INFO - Started process (PID=62013) to work on /workspaces/meu-primeiro-etl-airflow/airflow/dags/dag_contagem_linhas.py
[2026-05-20T15:10:53.055+0000] {processor.py:914} INFO - Processing file /workspaces/meu-primeiro-etl-airflow/airflow/dags/dag_contagem_linhas.py for tasks to queue
[2026-05-20T15:10:53.056+0000] {logging_mixin.py:190} INFO - [2026-05-20T15:10:53.056+0000] {dagbag.py:588} INFO - Filling up the DagBag from /workspaces/meu-primeiro-etl-airflow/airflow/dags/dag_contagem_linhas.py
[2026-05-20T15:10:53.065+0000] {processor.py:925} INFO - DAG(s) 'contagem_linhas_dag' retrieved from /workspaces/meu-primeiro-etl-airflow/airflow/dags/dag_contagem_linhas.py
[2026-05-20T15:10:53.085+0000] {logging_mixin.py:190} INFO - [2026-05-20T15:10:53.085+0000] {dag.py:3239} INFO - Sync 1 DAGs
[2026-05-20T15:10:53.096+0000] {logging_mixin.py:190} INFO - [2026-05-20T15:10:53.096+0000] {dag.py:4180} INFO - Setting next_dagrun for contagem_linhas_dag to None, run_after=None
[2026-05-20T15:10:53.254+0000] {processor.py:208} INFO - Processing /workspaces/meu-primeiro-etl-airflow/airflow/dags/dag_contagem_linhas.py took 0.205 seconds
[2026-05-20T15:11:23.892+0000] {processor.py:186} INFO - Started process (PID=62286) to work on /workspaces/meu-primeiro-etl-airflow/airflow/dags/dag_contagem_linhas.py
[2026-05-20T15:11:23.893+0000] {processor.py:914} INFO - Processing file /workspaces/meu-primeiro-etl-airflow/airflow/dags/dag_contagem_linhas.py for tasks to queue
[2026-05-20T15:11:23.895+0000] {logging_mixin.py:190} INFO - [2026-05-20T15:11:23.895+0000] {dagbag.py:588} INFO - Filling up the DagBag from /workspaces/meu-primeiro-etl-airflow/airflow/dags/dag_contagem_linhas.py
[2026-05-20T15:11:23.903+0000] {processor.py:925} INFO - DAG(s) 'contagem_linhas_dag' retrieved from /workspaces/meu-primeiro-etl-airflow/airflow/dags/dag_contagem_linhas.py
[2026-05-20T15:11:23.924+0000] {logging_mixin.py:190} INFO - [2026-05-20T15:11:23.924+0000] {dag.py:3239} INFO - Sync 1 DAGs
[2026-05-20T15:11:24.083+0000] {logging_mixin.py:190} INFO - [2026-05-20T15:11:24.082+0000] {dag.py:4180} INFO - Setting next_dagrun for contagem_linhas_dag to None, run_after=None
[2026-05-20T15:11:24.099+0000] {processor.py:208} INFO - Processing /workspaces/meu-primeiro-etl-airflow/airflow/dags/dag_contagem_linhas.py took 0.212 seconds
[2026-05-20T15:11:54.885+0000] {processor.py:186} INFO - Started process (PID=62615) to work on /workspaces/meu-primeiro-etl-airflow/airflow/dags/dag_contagem_linhas.py
[2026-05-20T15:11:54.888+0000] {processor.py:914} INFO - Processing file /workspaces/meu-primeiro-etl-airflow/airflow/dags/dag_contagem_linhas.py for tasks to queue
[2026-05-20T15:11:54.890+0000] {logging_mixin.py:190} INFO - [2026-05-20T15:11:54.890+0000] {dagbag.py:588} INFO - Filling up the DagBag from /workspaces/meu-primeiro-etl-airflow/airflow/dags/dag_contagem_linhas.py
[2026-05-20T15:11:54.901+0000] {processor.py:925} INFO - DAG(s) 'contagem_linhas_dag' retrieved from /workspaces/meu-primeiro-etl-airflow/airflow/dags/dag_contagem_linhas.py
[2026-05-20T15:11:54.927+0000] {logging_mixin.py:190} INFO - [2026-05-20T15:11:54.927+0000] {dag.py:3239} INFO - Sync 1 DAGs
[2026-05-20T15:11:55.165+0000] {logging_mixin.py:190} INFO - [2026-05-20T15:11:55.164+0000] {dag.py:4180} INFO - Setting next_dagrun for contagem_linhas_dag to None, run_after=None
[2026-05-20T15:11:55.218+0000] {processor.py:208} INFO - Processing /workspaces/meu-primeiro-etl-airflow/airflow/dags/dag_contagem_linhas.py took 0.341 seconds
[2026-05-20T15:13:01.232+0000] {processor.py:186} INFO - Started process (PID=64379) to work on /workspaces/meu-primeiro-etl-airflow/airflow/dags/dag_contagem_linhas.py
[2026-05-20T15:13:01.235+0000] {processor.py:914} INFO - Processing file /workspaces/meu-primeiro-etl-airflow/airflow/dags/dag_contagem_linhas.py for tasks to queue
[2026-05-20T15:13:01.237+0000] {logging_mixin.py:190} INFO - [2026-05-20T15:13:01.237+0000] {dagbag.py:588} INFO - Filling up the DagBag from /workspaces/meu-primeiro-etl-airflow/airflow/dags/dag_contagem_linhas.py
[2026-05-20T15:13:01.247+0000] {processor.py:925} INFO - DAG(s) 'contagem_linhas_dag' retrieved from /workspaces/meu-primeiro-etl-airflow/airflow/dags/dag_contagem_linhas.py
[2026-05-20T15:13:01.268+0000] {logging_mixin.py:190} INFO - [2026-05-20T15:13:01.268+0000] {dag.py:3239} INFO - Sync 1 DAGs
[2026-05-20T15:13:01.426+0000] {logging_mixin.py:190} INFO - [2026-05-20T15:13:01.425+0000] {dag.py:4180} INFO - Setting next_dagrun for contagem_linhas_dag to None, run_after=None
[2026-05-20T15:13:01.443+0000] {processor.py:208} INFO - Processing /workspaces/meu-primeiro-etl-airflow/airflow/dags/dag_contagem_linhas.py took 0.217 seconds
[2026-05-20T15:14:03.076+0000] {processor.py:186} INFO - Started process (PID=65954) to work on /workspaces/meu-primeiro-etl-airflow/airflow/dags/dag_contagem_linhas.py
[2026-05-20T15:14:03.080+0000] {processor.py:914} INFO - Processing file /workspaces/meu-primeiro-etl-airflow/airflow/dags/dag_contagem_linhas.py for tasks to queue
[2026-05-20T15:14:03.082+0000] {logging_mixin.py:190} INFO - [2026-05-20T15:14:03.082+0000] {dagbag.py:588} INFO - Filling up the DagBag from /workspaces/meu-primeiro-etl-airflow/airflow/dags/dag_contagem_linhas.py
[2026-05-20T15:14:03.091+0000] {processor.py:925} INFO - DAG(s) 'contagem_linhas_dag' retrieved from /workspaces/meu-primeiro-etl-airflow/airflow/dags/dag_contagem_linhas.py
[2026-05-20T15:14:03.263+0000] {logging_mixin.py:190} INFO - [2026-05-20T15:14:03.262+0000] {dag.py:3239} INFO - Sync 1 DAGs
[2026-05-20T15:14:03.272+0000] {logging_mixin.py:190} INFO - [2026-05-20T15:14:03.272+0000] {dag.py:4180} INFO - Setting next_dagrun for contagem_linhas_dag to None, run_after=None
[2026-05-20T15:14:03.288+0000] {processor.py:208} INFO - Processing /workspaces/meu-primeiro-etl-airflow/airflow/dags/dag_contagem_linhas.py took 0.217 seconds
[2026-05-20T15:14:34.004+0000] {processor.py:186} INFO - Started process (PID=66418) to work on /workspaces/meu-primeiro-etl-airflow/airflow/dags/dag_contagem_linhas.py
[2026-05-20T15:14:34.005+0000] {processor.py:914} INFO - Processing file /workspaces/meu-primeiro-etl-airflow/airflow/dags/dag_contagem_linhas.py for tasks to queue
[2026-05-20T15:14:34.008+0000] {logging_mixin.py:190} INFO - [2026-05-20T15:14:34.007+0000] {dagbag.py:588} INFO - Filling up the DagBag from /workspaces/meu-primeiro-etl-airflow/airflow/dags/dag_contagem_linhas.py
[2026-05-20T15:14:34.019+0000] {processor.py:925} INFO - DAG(s) 'contagem_linhas_dag' retrieved from /workspaces/meu-primeiro-etl-airflow/airflow/dags/dag_contagem_linhas.py
[2026-05-20T15:14:34.168+0000] {logging_mixin.py:190} INFO - [2026-05-20T15:14:34.167+0000] {dag.py:3239} INFO - Sync 1 DAGs
[2026-05-20T15:14:34.176+0000] {logging_mixin.py:190} INFO - [2026-05-20T15:14:34.176+0000] {dag.py:4180} INFO - Setting next_dagrun for contagem_linhas_dag to None, run_after=None
[2026-05-20T15:14:34.191+0000] {processor.py:208} INFO - Processing /workspaces/meu-primeiro-etl-airflow/airflow/dags/dag_contagem_linhas.py took 0.193 seconds
[2026-05-20T15:15:33.095+0000] {processor.py:186} INFO - Started process (PID=66979) to work on /workspaces/meu-primeiro-etl-airflow/airflow/dags/dag_contagem_linhas.py
[2026-05-20T15:15:33.096+0000] {processor.py:914} INFO - Processing file /workspaces/meu-primeiro-etl-airflow/airflow/dags/dag_contagem_linhas.py for tasks to queue
[2026-05-20T15:15:33.101+0000] {logging_mixin.py:190} INFO - [2026-05-20T15:15:33.100+0000] {dagbag.py:588} INFO - Filling up the DagBag from /workspaces/meu-primeiro-etl-airflow/airflow/dags/dag_contagem_linhas.py
[2026-05-20T15:15:33.119+0000] {processor.py:925} INFO - DAG(s) 'contagem_linhas_dag' retrieved from /workspaces/meu-primeiro-etl-airflow/airflow/dags/dag_contagem_linhas.py
[2026-05-20T15:15:33.150+0000] {logging_mixin.py:190} INFO - [2026-05-20T15:15:33.150+0000] {dag.py:3239} INFO - Sync 1 DAGs
[2026-05-20T15:15:33.165+0000] {logging_mixin.py:190} INFO - [2026-05-20T15:15:33.165+0000] {dag.py:4180} INFO - Setting next_dagrun for contagem_linhas_dag to None, run_after=None
[2026-05-20T15:15:33.196+0000] {processor.py:208} INFO - Processing /workspaces/meu-primeiro-etl-airflow/airflow/dags/dag_contagem_linhas.py took 0.115 seconds
[2026-05-20T15:16:03.467+0000] {processor.py:186} INFO - Started process (PID=67379) to work on /workspaces/meu-primeiro-etl-airflow/airflow/dags/dag_contagem_linhas.py
[2026-05-20T15:16:03.469+0000] {processor.py:914} INFO - Processing file /workspaces/meu-primeiro-etl-airflow/airflow/dags/dag_contagem_linhas.py for tasks to queue
[2026-05-20T15:16:03.471+0000] {logging_mixin.py:190} INFO - [2026-05-20T15:16:03.471+0000] {dagbag.py:588} INFO - Filling up the DagBag from /workspaces/meu-primeiro-etl-airflow/airflow/dags/dag_contagem_linhas.py
[2026-05-20T15:16:03.495+0000] {processor.py:925} INFO - DAG(s) 'contagem_linhas_dag' retrieved from /workspaces/meu-primeiro-etl-airflow/airflow/dags/dag_contagem_linhas.py
[2026-05-20T15:16:03.591+0000] {logging_mixin.py:190} INFO - [2026-05-20T15:16:03.590+0000] {dag.py:3239} INFO - Sync 1 DAGs
[2026-05-20T15:16:03.664+0000] {logging_mixin.py:190} INFO - [2026-05-20T15:16:03.661+0000] {dag.py:4180} INFO - Setting next_dagrun for contagem_linhas_dag to None, run_after=None
[2026-05-20T15:16:03.718+0000] {processor.py:208} INFO - Processing /workspaces/meu-primeiro-etl-airflow/airflow/dags/dag_contagem_linhas.py took 0.259 seconds
[2026-05-20T15:16:34.693+0000] {processor.py:186} INFO - Started process (PID=67797) to work on /workspaces/meu-primeiro-etl-airflow/airflow/dags/dag_contagem_linhas.py
[2026-05-20T15:16:34.694+0000] {processor.py:914} INFO - Processing file /workspaces/meu-primeiro-etl-airflow/airflow/dags/dag_contagem_linhas.py for tasks to queue
[2026-05-20T15:16:34.696+0000] {logging_mixin.py:190} INFO - [2026-05-20T15:16:34.695+0000] {dagbag.py:588} INFO - Filling up the DagBag from /workspaces/meu-primeiro-etl-airflow/airflow/dags/dag_contagem_linhas.py
[2026-05-20T15:16:34.705+0000] {processor.py:925} INFO - DAG(s) 'contagem_linhas_dag' retrieved from /workspaces/meu-primeiro-etl-airflow/airflow/dags/dag_contagem_linhas.py
[2026-05-20T15:16:34.725+0000] {logging_mixin.py:190} INFO - [2026-05-20T15:16:34.725+0000] {dag.py:3239} INFO - Sync 1 DAGs
[2026-05-20T15:16:34.739+0000] {logging_mixin.py:190} INFO - [2026-05-20T15:16:34.738+0000] {dag.py:4180} INFO - Setting next_dagrun for contagem_linhas_dag to None, run_after=None
[2026-05-20T15:16:34.760+0000] {processor.py:208} INFO - Processing /workspaces/meu-primeiro-etl-airflow/airflow/dags/dag_contagem_linhas.py took 0.072 seconds
[2026-05-20T15:17:36.221+0000] {processor.py:186} INFO - Started process (PID=69074) to work on /workspaces/meu-primeiro-etl-airflow/airflow/dags/dag_contagem_linhas.py
[2026-05-20T15:17:36.224+0000] {processor.py:914} INFO - Processing file /workspaces/meu-primeiro-etl-airflow/airflow/dags/dag_contagem_linhas.py for tasks to queue
[2026-05-20T15:17:36.227+0000] {logging_mixin.py:190} INFO - [2026-05-20T15:17:36.226+0000] {dagbag.py:588} INFO - Filling up the DagBag from /workspaces/meu-primeiro-etl-airflow/airflow/dags/dag_contagem_linhas.py
[2026-05-20T15:17:36.242+0000] {processor.py:925} INFO - DAG(s) 'contagem_linhas_dag' retrieved from /workspaces/meu-primeiro-etl-airflow/airflow/dags/dag_contagem_linhas.py
[2026-05-20T15:17:36.288+0000] {logging_mixin.py:190} INFO - [2026-05-20T15:17:36.287+0000] {dag.py:3239} INFO - Sync 1 DAGs
[2026-05-20T15:17:36.309+0000] {logging_mixin.py:190} INFO - [2026-05-20T15:17:36.309+0000] {dag.py:4180} INFO - Setting next_dagrun for contagem_linhas_dag to None, run_after=None
[2026-05-20T15:17:36.374+0000] {processor.py:208} INFO - Processing /workspaces/meu-primeiro-etl-airflow/airflow/dags/dag_contagem_linhas.py took 0.163 seconds
[2026-05-20T15:18:06.607+0000] {processor.py:186} INFO - Started process (PID=69424) to work on /workspaces/meu-primeiro-etl-airflow/airflow/dags/dag_contagem_linhas.py
[2026-05-20T15:18:06.608+0000] {processor.py:914} INFO - Processing file /workspaces/meu-primeiro-etl-airflow/airflow/dags/dag_contagem_linhas.py for tasks to queue
[2026-05-20T15:18:06.611+0000] {logging_mixin.py:190} INFO - [2026-05-20T15:18:06.610+0000] {dagbag.py:588} INFO - Filling up the DagBag from /workspaces/meu-primeiro-etl-airflow/airflow/dags/dag_contagem_linhas.py
[2026-05-20T15:18:06.627+0000] {processor.py:925} INFO - DAG(s) 'contagem_linhas_dag' retrieved from /workspaces/meu-primeiro-etl-airflow/airflow/dags/dag_contagem_linhas.py
[2026-05-20T15:18:06.653+0000] {logging_mixin.py:190} INFO - [2026-05-20T15:18:06.653+0000] {dag.py:3239} INFO - Sync 1 DAGs
[2026-05-20T15:18:06.684+0000] {logging_mixin.py:190} INFO - [2026-05-20T15:18:06.683+0000] {dag.py:4180} INFO - Setting next_dagrun for contagem_linhas_dag to None, run_after=None
[2026-05-20T15:18:06.708+0000] {processor.py:208} INFO - Processing /workspaces/meu-primeiro-etl-airflow/airflow/dags/dag_contagem_linhas.py took 0.108 seconds
[2026-05-20T15:18:37.279+0000] {processor.py:186} INFO - Started process (PID=69718) to work on /workspaces/meu-primeiro-etl-airflow/airflow/dags/dag_contagem_linhas.py
[2026-05-20T15:18:37.282+0000] {processor.py:914} INFO - Processing file /workspaces/meu-primeiro-etl-airflow/airflow/dags/dag_contagem_linhas.py for tasks to queue
[2026-05-20T15:18:37.287+0000] {logging_mixin.py:190} INFO - [2026-05-20T15:18:37.285+0000] {dagbag.py:588} INFO - Filling up the DagBag from /workspaces/meu-primeiro-etl-airflow/airflow/dags/dag_contagem_linhas.py
[2026-05-20T15:18:37.304+0000] {processor.py:925} INFO - DAG(s) 'contagem_linhas_dag' retrieved from /workspaces/meu-primeiro-etl-airflow/airflow/dags/dag_contagem_linhas.py
[2026-05-20T15:18:37.333+0000] {logging_mixin.py:190} INFO - [2026-05-20T15:18:37.333+0000] {dag.py:3239} INFO - Sync 1 DAGs
[2026-05-20T15:18:37.346+0000] {logging_mixin.py:190} INFO - [2026-05-20T15:18:37.345+0000] {dag.py:4180} INFO - Setting next_dagrun for contagem_linhas_dag to None, run_after=None
[2026-05-20T15:18:37.363+0000] {processor.py:208} INFO - Processing /workspaces/meu-primeiro-etl-airflow/airflow/dags/dag_contagem_linhas.py took 0.091 seconds
[2026-05-20T15:19:08.262+0000] {processor.py:186} INFO - Started process (PID=70079) to work on /workspaces/meu-primeiro-etl-airflow/airflow/dags/dag_contagem_linhas.py
[2026-05-20T15:19:08.263+0000] {processor.py:914} INFO - Processing file /workspaces/meu-primeiro-etl-airflow/airflow/dags/dag_contagem_linhas.py for tasks to queue
[2026-05-20T15:19:08.265+0000] {logging_mixin.py:190} INFO - [2026-05-20T15:19:08.264+0000] {dagbag.py:588} INFO - Filling up the DagBag from /workspaces/meu-primeiro-etl-airflow/airflow/dags/dag_contagem_linhas.py
[2026-05-20T15:19:08.272+0000] {processor.py:925} INFO - DAG(s) 'contagem_linhas_dag' retrieved from /workspaces/meu-primeiro-etl-airflow/airflow/dags/dag_contagem_linhas.py
[2026-05-20T15:19:08.291+0000] {logging_mixin.py:190} INFO - [2026-05-20T15:19:08.291+0000] {dag.py:3239} INFO - Sync 1 DAGs
[2026-05-20T15:19:08.304+0000] {logging_mixin.py:190} INFO - [2026-05-20T15:19:08.303+0000] {dag.py:4180} INFO - Setting next_dagrun for contagem_linhas_dag to None, run_after=None
[2026-05-20T15:19:08.322+0000] {processor.py:208} INFO - Processing /workspaces/meu-primeiro-etl-airflow/airflow/dags/dag_contagem_linhas.py took 0.065 seconds
[2026-05-20T15:19:38.862+0000] {processor.py:186} INFO - Started process (PID=70355) to work on /workspaces/meu-primeiro-etl-airflow/airflow/dags/dag_contagem_linhas.py
[2026-05-20T15:19:38.864+0000] {processor.py:914} INFO - Processing file /workspaces/meu-primeiro-etl-airflow/airflow/dags/dag_contagem_linhas.py for tasks to queue
[2026-05-20T15:19:38.866+0000] {logging_mixin.py:190} INFO - [2026-05-20T15:19:38.866+0000] {dagbag.py:588} INFO - Filling up the DagBag from /workspaces/meu-primeiro-etl-airflow/airflow/dags/dag_contagem_linhas.py
[2026-05-20T15:19:38.874+0000] {processor.py:925} INFO - DAG(s) 'contagem_linhas_dag' retrieved from /workspaces/meu-primeiro-etl-airflow/airflow/dags/dag_contagem_linhas.py
[2026-05-20T15:19:38.894+0000] {logging_mixin.py:190} INFO - [2026-05-20T15:19:38.893+0000] {dag.py:3239} INFO - Sync 1 DAGs
[2026-05-20T15:19:38.905+0000] {logging_mixin.py:190} INFO - [2026-05-20T15:19:38.904+0000] {dag.py:4180} INFO - Setting next_dagrun for contagem_linhas_dag to None, run_after=None
[2026-05-20T15:19:38.923+0000] {processor.py:208} INFO - Processing /workspaces/meu-primeiro-etl-airflow/airflow/dags/dag_contagem_linhas.py took 0.069 seconds
[2026-05-20T15:20:09.076+0000] {processor.py:186} INFO - Started process (PID=70555) to work on /workspaces/meu-primeiro-etl-airflow/airflow/dags/dag_contagem_linhas.py
[2026-05-20T15:20:09.077+0000] {processor.py:914} INFO - Processing file /workspaces/meu-primeiro-etl-airflow/airflow/dags/dag_contagem_linhas.py for tasks to queue
[2026-05-20T15:20:09.079+0000] {logging_mixin.py:190} INFO - [2026-05-20T15:20:09.079+0000] {dagbag.py:588} INFO - Filling up the DagBag from /workspaces/meu-primeiro-etl-airflow/airflow/dags/dag_contagem_linhas.py
[2026-05-20T15:20:09.088+0000] {processor.py:925} INFO - DAG(s) 'contagem_linhas_dag' retrieved from /workspaces/meu-primeiro-etl-airflow/airflow/dags/dag_contagem_linhas.py
[2026-05-20T15:20:09.106+0000] {logging_mixin.py:190} INFO - [2026-05-20T15:20:09.106+0000] {dag.py:3239} INFO - Sync 1 DAGs
[2026-05-20T15:20:09.117+0000] {logging_mixin.py:190} INFO - [2026-05-20T15:20:09.117+0000] {dag.py:4180} INFO - Setting next_dagrun for contagem_linhas_dag to None, run_after=None
[2026-05-20T15:20:09.137+0000] {processor.py:208} INFO - Processing /workspaces/meu-primeiro-etl-airflow/airflow/dags/dag_contagem_linhas.py took 0.068 seconds
[2026-05-20T15:20:39.829+0000] {processor.py:186} INFO - Started process (PID=70909) to work on /workspaces/meu-primeiro-etl-airflow/airflow/dags/dag_contagem_linhas.py
[2026-05-20T15:20:39.830+0000] {processor.py:914} INFO - Processing file /workspaces/meu-primeiro-etl-airflow/airflow/dags/dag_contagem_linhas.py for tasks to queue
[2026-05-20T15:20:39.831+0000] {logging_mixin.py:190} INFO - [2026-05-20T15:20:39.831+0000] {dagbag.py:588} INFO - Filling up the DagBag from /workspaces/meu-primeiro-etl-airflow/airflow/dags/dag_contagem_linhas.py
[2026-05-20T15:20:39.841+0000] {processor.py:925} INFO - DAG(s) 'contagem_linhas_dag' retrieved from /workspaces/meu-primeiro-etl-airflow/airflow/dags/dag_contagem_linhas.py
[2026-05-20T15:20:39.862+0000] {logging_mixin.py:190} INFO - [2026-05-20T15:20:39.861+0000] {dag.py:3239} INFO - Sync 1 DAGs
[2026-05-20T15:20:39.872+0000] {logging_mixin.py:190} INFO - [2026-05-20T15:20:39.872+0000] {dag.py:4180} INFO - Setting next_dagrun for contagem_linhas_dag to None, run_after=None
[2026-05-20T15:20:39.888+0000] {processor.py:208} INFO - Processing /workspaces/meu-primeiro-etl-airflow/airflow/dags/dag_contagem_linhas.py took 0.065 seconds
[2026-05-20T15:21:10.085+0000] {processor.py:186} INFO - Started process (PID=71367) to work on /workspaces/meu-primeiro-etl-airflow/airflow/dags/dag_contagem_linhas.py
[2026-05-20T15:21:10.085+0000] {processor.py:914} INFO - Processing file /workspaces/meu-primeiro-etl-airflow/airflow/dags/dag_contagem_linhas.py for tasks to queue
[2026-05-20T15:21:10.087+0000] {logging_mixin.py:190} INFO - [2026-05-20T15:21:10.087+0000] {dagbag.py:588} INFO - Filling up the DagBag from /workspaces/meu-primeiro-etl-airflow/airflow/dags/dag_contagem_linhas.py
[2026-05-20T15:21:10.095+0000] {processor.py:925} INFO - DAG(s) 'contagem_linhas_dag' retrieved from /workspaces/meu-primeiro-etl-airflow/airflow/dags/dag_contagem_linhas.py
[2026-05-20T15:21:10.113+0000] {logging_mixin.py:190} INFO - [2026-05-20T15:21:10.113+0000] {dag.py:3239} INFO - Sync 1 DAGs
[2026-05-20T15:21:10.123+0000] {logging_mixin.py:190} INFO - [2026-05-20T15:21:10.123+0000] {dag.py:4180} INFO - Setting next_dagrun for contagem_linhas_dag to None, run_after=None
[2026-05-20T15:21:10.143+0000] {processor.py:208} INFO - Processing /workspaces/meu-primeiro-etl-airflow/airflow/dags/dag_contagem_linhas.py took 0.063 seconds
[2026-05-20T15:21:40.457+0000] {processor.py:186} INFO - Started process (PID=71845) to work on /workspaces/meu-primeiro-etl-airflow/airflow/dags/dag_contagem_linhas.py
[2026-05-20T15:21:40.458+0000] {processor.py:914} INFO - Processing file /workspaces/meu-primeiro-etl-airflow/airflow/dags/dag_contagem_linhas.py for tasks to queue
[2026-05-20T15:21:40.459+0000] {logging_mixin.py:190} INFO - [2026-05-20T15:21:40.459+0000] {dagbag.py:588} INFO - Filling up the DagBag from /workspaces/meu-primeiro-etl-airflow/airflow/dags/dag_contagem_linhas.py
[2026-05-20T15:21:40.467+0000] {processor.py:925} INFO - DAG(s) 'contagem_linhas_dag' retrieved from /workspaces/meu-primeiro-etl-airflow/airflow/dags/dag_contagem_linhas.py
[2026-05-20T15:21:40.485+0000] {logging_mixin.py:190} INFO - [2026-05-20T15:21:40.485+0000] {dag.py:3239} INFO - Sync 1 DAGs
[2026-05-20T15:21:40.496+0000] {logging_mixin.py:190} INFO - [2026-05-20T15:21:40.495+0000] {dag.py:4180} INFO - Setting next_dagrun for contagem_linhas_dag to None, run_after=None
[2026-05-20T15:21:40.513+0000] {processor.py:208} INFO - Processing /workspaces/meu-primeiro-etl-airflow/airflow/dags/dag_contagem_linhas.py took 0.060 seconds
[2026-05-20T15:22:20.283+0000] {processor.py:186} INFO - Started process (PID=72420) to work on /workspaces/meu-primeiro-etl-airflow/airflow/dags/dag_contagem_linhas.py
[2026-05-20T15:22:20.284+0000] {processor.py:914} INFO - Processing file /workspaces/meu-primeiro-etl-airflow/airflow/dags/dag_contagem_linhas.py for tasks to queue
[2026-05-20T15:22:20.286+0000] {logging_mixin.py:190} INFO - [2026-05-20T15:22:20.286+0000] {dagbag.py:588} INFO - Filling up the DagBag from /workspaces/meu-primeiro-etl-airflow/airflow/dags/dag_contagem_linhas.py
[2026-05-20T15:22:20.297+0000] {processor.py:925} INFO - DAG(s) 'contagem_linhas_dag' retrieved from /workspaces/meu-primeiro-etl-airflow/airflow/dags/dag_contagem_linhas.py
[2026-05-20T15:22:20.329+0000] {logging_mixin.py:190} INFO - [2026-05-20T15:22:20.328+0000] {dag.py:3239} INFO - Sync 1 DAGs
[2026-05-20T15:22:20.343+0000] {logging_mixin.py:190} INFO - [2026-05-20T15:22:20.343+0000] {dag.py:4180} INFO - Setting next_dagrun for contagem_linhas_dag to None, run_after=None
[2026-05-20T15:22:20.376+0000] {processor.py:208} INFO - Processing /workspaces/meu-primeiro-etl-airflow/airflow/dags/dag_contagem_linhas.py took 0.100 seconds
[2026-05-20T15:22:51.461+0000] {processor.py:186} INFO - Started process (PID=72781) to work on /workspaces/meu-primeiro-etl-airflow/airflow/dags/dag_contagem_linhas.py
[2026-05-20T15:22:51.461+0000] {processor.py:914} INFO - Processing file /workspaces/meu-primeiro-etl-airflow/airflow/dags/dag_contagem_linhas.py for tasks to queue
[2026-05-20T15:22:51.463+0000] {logging_mixin.py:190} INFO - [2026-05-20T15:22:51.463+0000] {dagbag.py:588} INFO - Filling up the DagBag from /workspaces/meu-primeiro-etl-airflow/airflow/dags/dag_contagem_linhas.py
[2026-05-20T15:22:51.471+0000] {processor.py:925} INFO - DAG(s) 'contagem_linhas_dag' retrieved from /workspaces/meu-primeiro-etl-airflow/airflow/dags/dag_contagem_linhas.py
[2026-05-20T15:22:51.490+0000] {logging_mixin.py:190} INFO - [2026-05-20T15:22:51.490+0000] {dag.py:3239} INFO - Sync 1 DAGs
[2026-05-20T15:22:51.500+0000] {logging_mixin.py:190} INFO - [2026-05-20T15:22:51.500+0000] {dag.py:4180} INFO - Setting next_dagrun for contagem_linhas_dag to None, run_after=None
[2026-05-20T15:22:51.517+0000] {processor.py:208} INFO - Processing /workspaces/meu-primeiro-etl-airflow/airflow/dags/dag_contagem_linhas.py took 0.062 seconds
[2026-05-20T15:23:22.494+0000] {processor.py:186} INFO - Started process (PID=73175) to work on /workspaces/meu-primeiro-etl-airflow/airflow/dags/dag_contagem_linhas.py
[2026-05-20T15:23:22.495+0000] {processor.py:914} INFO - Processing file /workspaces/meu-primeiro-etl-airflow/airflow/dags/dag_contagem_linhas.py for tasks to queue
[2026-05-20T15:23:22.497+0000] {logging_mixin.py:190} INFO - [2026-05-20T15:23:22.497+0000] {dagbag.py:588} INFO - Filling up the DagBag from /workspaces/meu-primeiro-etl-airflow/airflow/dags/dag_contagem_linhas.py
[2026-05-20T15:23:22.506+0000] {processor.py:925} INFO - DAG(s) 'contagem_linhas_dag' retrieved from /workspaces/meu-primeiro-etl-airflow/airflow/dags/dag_contagem_linhas.py
[2026-05-20T15:23:22.529+0000] {logging_mixin.py:190} INFO - [2026-05-20T15:23:22.529+0000] {dag.py:3239} INFO - Sync 1 DAGs
[2026-05-20T15:23:22.540+0000] {logging_mixin.py:190} INFO - [2026-05-20T15:23:22.539+0000] {dag.py:4180} INFO - Setting next_dagrun for contagem_linhas_dag to None, run_after=None
[2026-05-20T15:23:22.558+0000] {processor.py:208} INFO - Processing /workspaces/meu-primeiro-etl-airflow/airflow/dags/dag_contagem_linhas.py took 0.068 seconds
[2026-05-20T15:23:52.899+0000] {processor.py:186} INFO - Started process (PID=73456) to work on /workspaces/meu-primeiro-etl-airflow/airflow/dags/dag_contagem_linhas.py
[2026-05-20T15:23:52.900+0000] {processor.py:914} INFO - Processing file /workspaces/meu-primeiro-etl-airflow/airflow/dags/dag_contagem_linhas.py for tasks to queue
[2026-05-20T15:23:52.902+0000] {logging_mixin.py:190} INFO - [2026-05-20T15:23:52.902+0000] {dagbag.py:588} INFO - Filling up the DagBag from /workspaces/meu-primeiro-etl-airflow/airflow/dags/dag_contagem_linhas.py
[2026-05-20T15:23:52.909+0000] {processor.py:925} INFO - DAG(s) 'contagem_linhas_dag' retrieved from /workspaces/meu-primeiro-etl-airflow/airflow/dags/dag_contagem_linhas.py
[2026-05-20T15:23:52.929+0000] {logging_mixin.py:190} INFO - [2026-05-20T15:23:52.928+0000] {dag.py:3239} INFO - Sync 1 DAGs
[2026-05-20T15:23:52.941+0000] {logging_mixin.py:190} INFO - [2026-05-20T15:23:52.941+0000] {dag.py:4180} INFO - Setting next_dagrun for contagem_linhas_dag to None, run_after=None
[2026-05-20T15:23:52.960+0000] {processor.py:208} INFO - Processing /workspaces/meu-primeiro-etl-airflow/airflow/dags/dag_contagem_linhas.py took 0.065 seconds
[2026-05-20T15:24:23.513+0000] {processor.py:186} INFO - Started process (PID=73729) to work on /workspaces/meu-primeiro-etl-airflow/airflow/dags/dag_contagem_linhas.py
[2026-05-20T15:24:23.514+0000] {processor.py:914} INFO - Processing file /workspaces/meu-primeiro-etl-airflow/airflow/dags/dag_contagem_linhas.py for tasks to queue
[2026-05-20T15:24:23.516+0000] {logging_mixin.py:190} INFO - [2026-05-20T15:24:23.515+0000] {dagbag.py:588} INFO - Filling up the DagBag from /workspaces/meu-primeiro-etl-airflow/airflow/dags/dag_contagem_linhas.py
[2026-05-20T15:24:23.528+0000] {processor.py:925} INFO - DAG(s) 'contagem_linhas_dag' retrieved from /workspaces/meu-primeiro-etl-airflow/airflow/dags/dag_contagem_linhas.py
[2026-05-20T15:24:23.563+0000] {logging_mixin.py:190} INFO - [2026-05-20T15:24:23.563+0000] {dag.py:3239} INFO - Sync 1 DAGs
[2026-05-20T15:24:23.578+0000] {logging_mixin.py:190} INFO - [2026-05-20T15:24:23.578+0000] {dag.py:4180} INFO - Setting next_dagrun for contagem_linhas_dag to None, run_after=None
[2026-05-20T15:24:23.616+0000] {processor.py:208} INFO - Processing /workspaces/meu-primeiro-etl-airflow/airflow/dags/dag_contagem_linhas.py took 0.108 seconds
[2026-05-20T15:24:54.190+0000] {processor.py:186} INFO - Started process (PID=74060) to work on /workspaces/meu-primeiro-etl-airflow/airflow/dags/dag_contagem_linhas.py
[2026-05-20T15:24:54.191+0000] {processor.py:914} INFO - Processing file /workspaces/meu-primeiro-etl-airflow/airflow/dags/dag_contagem_linhas.py for tasks to queue
[2026-05-20T15:24:54.193+0000] {logging_mixin.py:190} INFO - [2026-05-20T15:24:54.192+0000] {dagbag.py:588} INFO - Filling up the DagBag from /workspaces/meu-primeiro-etl-airflow/airflow/dags/dag_contagem_linhas.py
[2026-05-20T15:24:54.201+0000] {processor.py:925} INFO - DAG(s) 'contagem_linhas_dag' retrieved from /workspaces/meu-primeiro-etl-airflow/airflow/dags/dag_contagem_linhas.py
[2026-05-20T15:24:54.219+0000] {logging_mixin.py:190} INFO - [2026-05-20T15:24:54.219+0000] {dag.py:3239} INFO - Sync 1 DAGs
[2026-05-20T15:24:54.230+0000] {logging_mixin.py:190} INFO - [2026-05-20T15:24:54.229+0000] {dag.py:4180} INFO - Setting next_dagrun for contagem_linhas_dag to None, run_after=None
[2026-05-20T15:24:54.250+0000] {processor.py:208} INFO - Processing /workspaces/meu-primeiro-etl-airflow/airflow/dags/dag_contagem_linhas.py took 0.064 seconds
[2026-05-20T15:25:24.409+0000] {processor.py:186} INFO - Started process (PID=74337) to work on /workspaces/meu-primeiro-etl-airflow/airflow/dags/dag_contagem_linhas.py
[2026-05-20T15:25:24.411+0000] {processor.py:914} INFO - Processing file /workspaces/meu-primeiro-etl-airflow/airflow/dags/dag_contagem_linhas.py for tasks to queue
[2026-05-20T15:25:24.414+0000] {logging_mixin.py:190} INFO - [2026-05-20T15:25:24.414+0000] {dagbag.py:588} INFO - Filling up the DagBag from /workspaces/meu-primeiro-etl-airflow/airflow/dags/dag_contagem_linhas.py
[2026-05-20T15:25:24.425+0000] {processor.py:925} INFO - DAG(s) 'contagem_linhas_dag' retrieved from /workspaces/meu-primeiro-etl-airflow/airflow/dags/dag_contagem_linhas.py
[2026-05-20T15:25:24.451+0000] {logging_mixin.py:190} INFO - [2026-05-20T15:25:24.451+0000] {dag.py:3239} INFO - Sync 1 DAGs
[2026-05-20T15:25:24.467+0000] {logging_mixin.py:190} INFO - [2026-05-20T15:25:24.466+0000] {dag.py:4180} INFO - Setting next_dagrun for contagem_linhas_dag to None, run_after=None
[2026-05-20T15:25:24.498+0000] {processor.py:208} INFO - Processing /workspaces/meu-primeiro-etl-airflow/airflow/dags/dag_contagem_linhas.py took 0.098 seconds
[2026-05-20T15:25:55.457+0000] {processor.py:186} INFO - Started process (PID=74555) to work on /workspaces/meu-primeiro-etl-airflow/airflow/dags/dag_contagem_linhas.py
[2026-05-20T15:25:55.457+0000] {processor.py:914} INFO - Processing file /workspaces/meu-primeiro-etl-airflow/airflow/dags/dag_contagem_linhas.py for tasks to queue
[2026-05-20T15:25:55.459+0000] {logging_mixin.py:190} INFO - [2026-05-20T15:25:55.459+0000] {dagbag.py:588} INFO - Filling up the DagBag from /workspaces/meu-primeiro-etl-airflow/airflow/dags/dag_contagem_linhas.py
[2026-05-20T15:25:55.467+0000] {processor.py:925} INFO - DAG(s) 'contagem_linhas_dag' retrieved from /workspaces/meu-primeiro-etl-airflow/airflow/dags/dag_contagem_linhas.py
[2026-05-20T15:25:55.489+0000] {logging_mixin.py:190} INFO - [2026-05-20T15:25:55.489+0000] {dag.py:3239} INFO - Sync 1 DAGs
[2026-05-20T15:25:55.500+0000] {logging_mixin.py:190} INFO - [2026-05-20T15:25:55.499+0000] {dag.py:4180} INFO - Setting next_dagrun for contagem_linhas_dag to None, run_after=None
[2026-05-20T15:25:55.520+0000] {processor.py:208} INFO - Processing /workspaces/meu-primeiro-etl-airflow/airflow/dags/dag_contagem_linhas.py took 0.070 seconds
[2026-05-20T15:26:26.192+0000] {processor.py:186} INFO - Started process (PID=74859) to work on /workspaces/meu-primeiro-etl-airflow/airflow/dags/dag_contagem_linhas.py
[2026-05-20T15:26:26.193+0000] {processor.py:914} INFO - Processing file /workspaces/meu-primeiro-etl-airflow/airflow/dags/dag_contagem_linhas.py for tasks to queue
[2026-05-20T15:26:26.196+0000] {logging_mixin.py:190} INFO - [2026-05-20T15:26:26.196+0000] {dagbag.py:588} INFO - Filling up the DagBag from /workspaces/meu-primeiro-etl-airflow/airflow/dags/dag_contagem_linhas.py
[2026-05-20T15:26:26.205+0000] {processor.py:925} INFO - DAG(s) 'contagem_linhas_dag' retrieved from /workspaces/meu-primeiro-etl-airflow/airflow/dags/dag_contagem_linhas.py
[2026-05-20T15:26:26.224+0000] {logging_mixin.py:190} INFO - [2026-05-20T15:26:26.224+0000] {dag.py:3239} INFO - Sync 1 DAGs
[2026-05-20T15:26:26.238+0000] {logging_mixin.py:190} INFO - [2026-05-20T15:26:26.238+0000] {dag.py:4180} INFO - Setting next_dagrun for contagem_linhas_dag to None, run_after=None
[2026-05-20T15:26:26.259+0000] {processor.py:208} INFO - Processing /workspaces/meu-primeiro-etl-airflow/airflow/dags/dag_contagem_linhas.py took 0.074 seconds
[2026-05-20T15:28:03.389+0000] {processor.py:186} INFO - Started process (PID=76171) to work on /workspaces/meu-primeiro-etl-airflow/airflow/dags/dag_contagem_linhas.py
[2026-05-20T15:28:03.390+0000] {processor.py:914} INFO - Processing file /workspaces/meu-primeiro-etl-airflow/airflow/dags/dag_contagem_linhas.py for tasks to queue
[2026-05-20T15:28:03.393+0000] {logging_mixin.py:190} INFO - [2026-05-20T15:28:03.392+0000] {dagbag.py:588} INFO - Filling up the DagBag from /workspaces/meu-primeiro-etl-airflow/airflow/dags/dag_contagem_linhas.py
[2026-05-20T15:28:03.411+0000] {processor.py:925} INFO - DAG(s) 'contagem_linhas_dag' retrieved from /workspaces/meu-primeiro-etl-airflow/airflow/dags/dag_contagem_linhas.py
[2026-05-20T15:28:03.440+0000] {logging_mixin.py:190} INFO - [2026-05-20T15:28:03.439+0000] {dag.py:3239} INFO - Sync 1 DAGs
[2026-05-20T15:28:03.453+0000] {logging_mixin.py:190} INFO - [2026-05-20T15:28:03.452+0000] {dag.py:4180} INFO - Setting next_dagrun for contagem_linhas_dag to None, run_after=None
[2026-05-20T15:28:03.480+0000] {processor.py:208} INFO - Processing /workspaces/meu-primeiro-etl-airflow/airflow/dags/dag_contagem_linhas.py took 0.097 seconds
[2026-05-20T15:28:34.309+0000] {processor.py:186} INFO - Started process (PID=76746) to work on /workspaces/meu-primeiro-etl-airflow/airflow/dags/dag_contagem_linhas.py
[2026-05-20T15:28:34.310+0000] {processor.py:914} INFO - Processing file /workspaces/meu-primeiro-etl-airflow/airflow/dags/dag_contagem_linhas.py for tasks to queue
[2026-05-20T15:28:34.311+0000] {logging_mixin.py:190} INFO - [2026-05-20T15:28:34.311+0000] {dagbag.py:588} INFO - Filling up the DagBag from /workspaces/meu-primeiro-etl-airflow/airflow/dags/dag_contagem_linhas.py
[2026-05-20T15:28:34.319+0000] {processor.py:925} INFO - DAG(s) 'contagem_linhas_dag' retrieved from /workspaces/meu-primeiro-etl-airflow/airflow/dags/dag_contagem_linhas.py
[2026-05-20T15:28:34.344+0000] {logging_mixin.py:190} INFO - [2026-05-20T15:28:34.343+0000] {dag.py:3239} INFO - Sync 1 DAGs
[2026-05-20T15:28:34.357+0000] {logging_mixin.py:190} INFO - [2026-05-20T15:28:34.356+0000] {dag.py:4180} INFO - Setting next_dagrun for contagem_linhas_dag to None, run_after=None
[2026-05-20T15:28:34.374+0000] {processor.py:208} INFO - Processing /workspaces/meu-primeiro-etl-airflow/airflow/dags/dag_contagem_linhas.py took 0.070 seconds
[2026-05-20T15:29:18.276+0000] {processor.py:186} INFO - Started process (PID=78060) to work on /workspaces/meu-primeiro-etl-airflow/airflow/dags/dag_contagem_linhas.py
[2026-05-20T15:29:18.277+0000] {processor.py:914} INFO - Processing file /workspaces/meu-primeiro-etl-airflow/airflow/dags/dag_contagem_linhas.py for tasks to queue
[2026-05-20T15:29:18.279+0000] {logging_mixin.py:190} INFO - [2026-05-20T15:29:18.279+0000] {dagbag.py:588} INFO - Filling up the DagBag from /workspaces/meu-primeiro-etl-airflow/airflow/dags/dag_contagem_linhas.py
[2026-05-20T15:29:18.288+0000] {processor.py:925} INFO - DAG(s) 'contagem_linhas_dag' retrieved from /workspaces/meu-primeiro-etl-airflow/airflow/dags/dag_contagem_linhas.py
[2026-05-20T15:29:18.310+0000] {logging_mixin.py:190} INFO - [2026-05-20T15:29:18.309+0000] {dag.py:3239} INFO - Sync 1 DAGs
[2026-05-20T15:29:18.319+0000] {logging_mixin.py:190} INFO - [2026-05-20T15:29:18.319+0000] {dag.py:4180} INFO - Setting next_dagrun for contagem_linhas_dag to None, run_after=None
[2026-05-20T15:29:18.340+0000] {processor.py:208} INFO - Processing /workspaces/meu-primeiro-etl-airflow/airflow/dags/dag_contagem_linhas.py took 0.070 seconds
[2026-05-20T15:29:48.863+0000] {processor.py:186} INFO - Started process (PID=78396) to work on /workspaces/meu-primeiro-etl-airflow/airflow/dags/dag_contagem_linhas.py
[2026-05-20T15:29:48.864+0000] {processor.py:914} INFO - Processing file /workspaces/meu-primeiro-etl-airflow/airflow/dags/dag_contagem_linhas.py for tasks to queue
[2026-05-20T15:29:48.866+0000] {logging_mixin.py:190} INFO - [2026-05-20T15:29:48.865+0000] {dagbag.py:588} INFO - Filling up the DagBag from /workspaces/meu-primeiro-etl-airflow/airflow/dags/dag_contagem_linhas.py
[2026-05-20T15:29:48.875+0000] {processor.py:925} INFO - DAG(s) 'contagem_linhas_dag' retrieved from /workspaces/meu-primeiro-etl-airflow/airflow/dags/dag_contagem_linhas.py
[2026-05-20T15:29:48.896+0000] {logging_mixin.py:190} INFO - [2026-05-20T15:29:48.896+0000] {dag.py:3239} INFO - Sync 1 DAGs
[2026-05-20T15:29:48.910+0000] {logging_mixin.py:190} INFO - [2026-05-20T15:29:48.910+0000] {dag.py:4180} INFO - Setting next_dagrun for contagem_linhas_dag to None, run_after=None
[2026-05-20T15:29:48.977+0000] {processor.py:208} INFO - Processing /workspaces/meu-primeiro-etl-airflow/airflow/dags/dag_contagem_linhas.py took 0.118 seconds
[2026-05-20T15:30:20.085+0000] {processor.py:186} INFO - Started process (PID=78742) to work on /workspaces/meu-primeiro-etl-airflow/airflow/dags/dag_contagem_linhas.py
[2026-05-20T15:30:20.086+0000] {processor.py:914} INFO - Processing file /workspaces/meu-primeiro-etl-airflow/airflow/dags/dag_contagem_linhas.py for tasks to queue
[2026-05-20T15:30:20.088+0000] {logging_mixin.py:190} INFO - [2026-05-20T15:30:20.088+0000] {dagbag.py:588} INFO - Filling up the DagBag from /workspaces/meu-primeiro-etl-airflow/airflow/dags/dag_contagem_linhas.py
[2026-05-20T15:30:20.096+0000] {processor.py:925} INFO - DAG(s) 'contagem_linhas_dag' retrieved from /workspaces/meu-primeiro-etl-airflow/airflow/dags/dag_contagem_linhas.py
[2026-05-20T15:30:20.114+0000] {logging_mixin.py:190} INFO - [2026-05-20T15:30:20.114+0000] {dag.py:3239} INFO - Sync 1 DAGs
[2026-05-20T15:30:20.124+0000] {logging_mixin.py:190} INFO - [2026-05-20T15:30:20.124+0000] {dag.py:4180} INFO - Setting next_dagrun for contagem_linhas_dag to None, run_after=None
[2026-05-20T15:30:20.142+0000] {processor.py:208} INFO - Processing /workspaces/meu-primeiro-etl-airflow/airflow/dags/dag_contagem_linhas.py took 0.062 seconds
[2026-05-20T15:30:50.853+0000] {processor.py:186} INFO - Started process (PID=78959) to work on /workspaces/meu-primeiro-etl-airflow/airflow/dags/dag_contagem_linhas.py
[2026-05-20T15:30:50.855+0000] {processor.py:914} INFO - Processing file /workspaces/meu-primeiro-etl-airflow/airflow/dags/dag_contagem_linhas.py for tasks to queue
[2026-05-20T15:30:50.858+0000] {logging_mixin.py:190} INFO - [2026-05-20T15:30:50.858+0000] {dagbag.py:588} INFO - Filling up the DagBag from /workspaces/meu-primeiro-etl-airflow/airflow/dags/dag_contagem_linhas.py
[2026-05-20T15:30:50.869+0000] {processor.py:925} INFO - DAG(s) 'contagem_linhas_dag' retrieved from /workspaces/meu-primeiro-etl-airflow/airflow/dags/dag_contagem_linhas.py
[2026-05-20T15:30:50.888+0000] {logging_mixin.py:190} INFO - [2026-05-20T15:30:50.888+0000] {dag.py:3239} INFO - Sync 1 DAGs
[2026-05-20T15:30:50.903+0000] {logging_mixin.py:190} INFO - [2026-05-20T15:30:50.903+0000] {dag.py:4180} INFO - Setting next_dagrun for contagem_linhas_dag to None, run_after=None
[2026-05-20T15:30:50.922+0000] {processor.py:208} INFO - Processing /workspaces/meu-primeiro-etl-airflow/airflow/dags/dag_contagem_linhas.py took 0.081 seconds
[2026-05-20T15:31:21.345+0000] {processor.py:186} INFO - Started process (PID=79228) to work on /workspaces/meu-primeiro-etl-airflow/airflow/dags/dag_contagem_linhas.py
[2026-05-20T15:31:21.346+0000] {processor.py:914} INFO - Processing file /workspaces/meu-primeiro-etl-airflow/airflow/dags/dag_contagem_linhas.py for tasks to queue
[2026-05-20T15:31:21.348+0000] {logging_mixin.py:190} INFO - [2026-05-20T15:31:21.347+0000] {dagbag.py:588} INFO - Filling up the DagBag from /workspaces/meu-primeiro-etl-airflow/airflow/dags/dag_contagem_linhas.py
[2026-05-20T15:31:21.356+0000] {processor.py:925} INFO - DAG(s) 'contagem_linhas_dag' retrieved from /workspaces/meu-primeiro-etl-airflow/airflow/dags/dag_contagem_linhas.py
[2026-05-20T15:31:21.374+0000] {logging_mixin.py:190} INFO - [2026-05-20T15:31:21.374+0000] {dag.py:3239} INFO - Sync 1 DAGs
[2026-05-20T15:31:21.384+0000] {logging_mixin.py:190} INFO - [2026-05-20T15:31:21.384+0000] {dag.py:4180} INFO - Setting next_dagrun for contagem_linhas_dag to None, run_after=None
[2026-05-20T15:31:21.402+0000] {processor.py:208} INFO - Processing /workspaces/meu-primeiro-etl-airflow/airflow/dags/dag_contagem_linhas.py took 0.063 seconds
[2026-05-20T15:31:51.607+0000] {processor.py:186} INFO - Started process (PID=79454) to work on /workspaces/meu-primeiro-etl-airflow/airflow/dags/dag_contagem_linhas.py
[2026-05-20T15:31:51.608+0000] {processor.py:914} INFO - Processing file /workspaces/meu-primeiro-etl-airflow/airflow/dags/dag_contagem_linhas.py for tasks to queue
[2026-05-20T15:31:51.610+0000] {logging_mixin.py:190} INFO - [2026-05-20T15:31:51.610+0000] {dagbag.py:588} INFO - Filling up the DagBag from /workspaces/meu-primeiro-etl-airflow/airflow/dags/dag_contagem_linhas.py
[2026-05-20T15:31:51.622+0000] {processor.py:925} INFO - DAG(s) 'contagem_linhas_dag' retrieved from /workspaces/meu-primeiro-etl-airflow/airflow/dags/dag_contagem_linhas.py
[2026-05-20T15:31:51.651+0000] {logging_mixin.py:190} INFO - [2026-05-20T15:31:51.650+0000] {dag.py:3239} INFO - Sync 1 DAGs
[2026-05-20T15:31:51.667+0000] {logging_mixin.py:190} INFO - [2026-05-20T15:31:51.667+0000] {dag.py:4180} INFO - Setting next_dagrun for contagem_linhas_dag to None, run_after=None
[2026-05-20T15:31:51.695+0000] {processor.py:208} INFO - Processing /workspaces/meu-primeiro-etl-airflow/airflow/dags/dag_contagem_linhas.py took 0.096 seconds
[2026-05-20T15:32:21.817+0000] {processor.py:186} INFO - Started process (PID=79735) to work on /workspaces/meu-primeiro-etl-airflow/airflow/dags/dag_contagem_linhas.py
[2026-05-20T15:32:21.818+0000] {processor.py:914} INFO - Processing file /workspaces/meu-primeiro-etl-airflow/airflow/dags/dag_contagem_linhas.py for tasks to queue
[2026-05-20T15:32:21.819+0000] {logging_mixin.py:190} INFO - [2026-05-20T15:32:21.819+0000] {dagbag.py:588} INFO - Filling up the DagBag from /workspaces/meu-primeiro-etl-airflow/airflow/dags/dag_contagem_linhas.py
[2026-05-20T15:32:21.828+0000] {processor.py:925} INFO - DAG(s) 'contagem_linhas_dag' retrieved from /workspaces/meu-primeiro-etl-airflow/airflow/dags/dag_contagem_linhas.py
[2026-05-20T15:32:21.848+0000] {logging_mixin.py:190} INFO - [2026-05-20T15:32:21.847+0000] {dag.py:3239} INFO - Sync 1 DAGs
[2026-05-20T15:32:21.859+0000] {logging_mixin.py:190} INFO - [2026-05-20T15:32:21.858+0000] {dag.py:4180} INFO - Setting next_dagrun for contagem_linhas_dag to None, run_after=None
[2026-05-20T15:32:21.875+0000] {processor.py:208} INFO - Processing /workspaces/meu-primeiro-etl-airflow/airflow/dags/dag_contagem_linhas.py took 0.063 seconds
[2026-05-20T15:32:52.128+0000] {processor.py:186} INFO - Started process (PID=79968) to work on /workspaces/meu-primeiro-etl-airflow/airflow/dags/dag_contagem_linhas.py
[2026-05-20T15:32:52.129+0000] {processor.py:914} INFO - Processing file /workspaces/meu-primeiro-etl-airflow/airflow/dags/dag_contagem_linhas.py for tasks to queue
[2026-05-20T15:32:52.131+0000] {logging_mixin.py:190} INFO - [2026-05-20T15:32:52.131+0000] {dagbag.py:588} INFO - Filling up the DagBag from /workspaces/meu-primeiro-etl-airflow/airflow/dags/dag_contagem_linhas.py
[2026-05-20T15:32:52.141+0000] {processor.py:925} INFO - DAG(s) 'contagem_linhas_dag' retrieved from /workspaces/meu-primeiro-etl-airflow/airflow/dags/dag_contagem_linhas.py
[2026-05-20T15:32:52.162+0000] {logging_mixin.py:190} INFO - [2026-05-20T15:32:52.162+0000] {dag.py:3239} INFO - Sync 1 DAGs
[2026-05-20T15:32:52.172+0000] {logging_mixin.py:190} INFO - [2026-05-20T15:32:52.172+0000] {dag.py:4180} INFO - Setting next_dagrun for contagem_linhas_dag to None, run_after=None
[2026-05-20T15:32:52.190+0000] {processor.py:208} INFO - Processing /workspaces/meu-primeiro-etl-airflow/airflow/dags/dag_contagem_linhas.py took 0.068 seconds
[2026-05-20T15:33:22.558+0000] {processor.py:186} INFO - Started process (PID=80325) to work on /workspaces/meu-primeiro-etl-airflow/airflow/dags/dag_contagem_linhas.py
[2026-05-20T15:33:22.559+0000] {processor.py:914} INFO - Processing file /workspaces/meu-primeiro-etl-airflow/airflow/dags/dag_contagem_linhas.py for tasks to queue
[2026-05-20T15:33:22.561+0000] {logging_mixin.py:190} INFO - [2026-05-20T15:33:22.560+0000] {dagbag.py:588} INFO - Filling up the DagBag from /workspaces/meu-primeiro-etl-airflow/airflow/dags/dag_contagem_linhas.py
[2026-05-20T15:33:22.568+0000] {processor.py:925} INFO - DAG(s) 'contagem_linhas_dag' retrieved from /workspaces/meu-primeiro-etl-airflow/airflow/dags/dag_contagem_linhas.py
[2026-05-20T15:33:22.587+0000] {logging_mixin.py:190} INFO - [2026-05-20T15:33:22.586+0000] {dag.py:3239} INFO - Sync 1 DAGs
[2026-05-20T15:33:22.596+0000] {logging_mixin.py:190} INFO - [2026-05-20T15:33:22.596+0000] {dag.py:4180} INFO - Setting next_dagrun for contagem_linhas_dag to None, run_after=None
[2026-05-20T15:33:22.612+0000] {processor.py:208} INFO - Processing /workspaces/meu-primeiro-etl-airflow/airflow/dags/dag_contagem_linhas.py took 0.058 seconds
[2026-05-20T15:33:53.146+0000] {processor.py:186} INFO - Started process (PID=80555) to work on /workspaces/meu-primeiro-etl-airflow/airflow/dags/dag_contagem_linhas.py
[2026-05-20T15:33:53.147+0000] {processor.py:914} INFO - Processing file /workspaces/meu-primeiro-etl-airflow/airflow/dags/dag_contagem_linhas.py for tasks to queue
[2026-05-20T15:33:53.149+0000] {logging_mixin.py:190} INFO - [2026-05-20T15:33:53.148+0000] {dagbag.py:588} INFO - Filling up the DagBag from /workspaces/meu-primeiro-etl-airflow/airflow/dags/dag_contagem_linhas.py
[2026-05-20T15:33:53.156+0000] {processor.py:925} INFO - DAG(s) 'contagem_linhas_dag' retrieved from /workspaces/meu-primeiro-etl-airflow/airflow/dags/dag_contagem_linhas.py
[2026-05-20T15:33:53.176+0000] {logging_mixin.py:190} INFO - [2026-05-20T15:33:53.176+0000] {dag.py:3239} INFO - Sync 1 DAGs
[2026-05-20T15:33:53.186+0000] {logging_mixin.py:190} INFO - [2026-05-20T15:33:53.186+0000] {dag.py:4180} INFO - Setting next_dagrun for contagem_linhas_dag to None, run_after=None
[2026-05-20T15:33:53.204+0000] {processor.py:208} INFO - Processing /workspaces/meu-primeiro-etl-airflow/airflow/dags/dag_contagem_linhas.py took 0.063 seconds
[2026-05-20T15:34:24.330+0000] {processor.py:186} INFO - Started process (PID=80909) to work on /workspaces/meu-primeiro-etl-airflow/airflow/dags/dag_contagem_linhas.py
[2026-05-20T15:34:24.331+0000] {processor.py:914} INFO - Processing file /workspaces/meu-primeiro-etl-airflow/airflow/dags/dag_contagem_linhas.py for tasks to queue
[2026-05-20T15:34:24.333+0000] {logging_mixin.py:190} INFO - [2026-05-20T15:34:24.333+0000] {dagbag.py:588} INFO - Filling up the DagBag from /workspaces/meu-primeiro-etl-airflow/airflow/dags/dag_contagem_linhas.py
[2026-05-20T15:34:24.348+0000] {processor.py:925} INFO - DAG(s) 'contagem_linhas_dag' retrieved from /workspaces/meu-primeiro-etl-airflow/airflow/dags/dag_contagem_linhas.py
[2026-05-20T15:34:24.386+0000] {logging_mixin.py:190} INFO - [2026-05-20T15:34:24.385+0000] {dag.py:3239} INFO - Sync 1 DAGs
[2026-05-20T15:34:24.415+0000] {logging_mixin.py:190} INFO - [2026-05-20T15:34:24.415+0000] {dag.py:4180} INFO - Setting next_dagrun for contagem_linhas_dag to None, run_after=None
[2026-05-20T15:34:24.437+0000] {processor.py:208} INFO - Processing /workspaces/meu-primeiro-etl-airflow/airflow/dags/dag_contagem_linhas.py took 0.115 seconds
[2026-05-20T15:34:55.004+0000] {processor.py:186} INFO - Started process (PID=81115) to work on /workspaces/meu-primeiro-etl-airflow/airflow/dags/dag_contagem_linhas.py
[2026-05-20T15:34:55.004+0000] {processor.py:914} INFO - Processing file /workspaces/meu-primeiro-etl-airflow/airflow/dags/dag_contagem_linhas.py for tasks to queue
[2026-05-20T15:34:55.007+0000] {logging_mixin.py:190} INFO - [2026-05-20T15:34:55.006+0000] {dagbag.py:588} INFO - Filling up the DagBag from /workspaces/meu-primeiro-etl-airflow/airflow/dags/dag_contagem_linhas.py
[2026-05-20T15:34:55.015+0000] {processor.py:925} INFO - DAG(s) 'contagem_linhas_dag' retrieved from /workspaces/meu-primeiro-etl-airflow/airflow/dags/dag_contagem_linhas.py
[2026-05-20T15:34:55.037+0000] {logging_mixin.py:190} INFO - [2026-05-20T15:34:55.036+0000] {dag.py:3239} INFO - Sync 1 DAGs
[2026-05-20T15:34:55.050+0000] {logging_mixin.py:190} INFO - [2026-05-20T15:34:55.049+0000] {dag.py:4180} INFO - Setting next_dagrun for contagem_linhas_dag to None, run_after=None
[2026-05-20T15:34:55.068+0000] {processor.py:208} INFO - Processing /workspaces/meu-primeiro-etl-airflow/airflow/dags/dag_contagem_linhas.py took 0.069 seconds
[2026-05-20T15:35:25.864+0000] {processor.py:186} INFO - Started process (PID=81403) to work on /workspaces/meu-primeiro-etl-airflow/airflow/dags/dag_contagem_linhas.py
[2026-05-20T15:35:25.865+0000] {processor.py:914} INFO - Processing file /workspaces/meu-primeiro-etl-airflow/airflow/dags/dag_contagem_linhas.py for tasks to queue
[2026-05-20T15:35:25.867+0000] {logging_mixin.py:190} INFO - [2026-05-20T15:35:25.866+0000] {dagbag.py:588} INFO - Filling up the DagBag from /workspaces/meu-primeiro-etl-airflow/airflow/dags/dag_contagem_linhas.py
[2026-05-20T15:35:25.875+0000] {processor.py:925} INFO - DAG(s) 'contagem_linhas_dag' retrieved from /workspaces/meu-primeiro-etl-airflow/airflow/dags/dag_contagem_linhas.py
[2026-05-20T15:35:25.896+0000] {logging_mixin.py:190} INFO - [2026-05-20T15:35:25.896+0000] {dag.py:3239} INFO - Sync 1 DAGs
[2026-05-20T15:35:25.905+0000] {logging_mixin.py:190} INFO - [2026-05-20T15:35:25.905+0000] {dag.py:4180} INFO - Setting next_dagrun for contagem_linhas_dag to None, run_after=None
[2026-05-20T15:35:25.922+0000] {processor.py:208} INFO - Processing /workspaces/meu-primeiro-etl-airflow/airflow/dags/dag_contagem_linhas.py took 0.063 seconds
[2026-05-20T15:36:02.424+0000] {processor.py:186} INFO - Started process (PID=81847) to work on /workspaces/meu-primeiro-etl-airflow/airflow/dags/dag_contagem_linhas.py
[2026-05-20T15:36:02.425+0000] {processor.py:914} INFO - Processing file /workspaces/meu-primeiro-etl-airflow/airflow/dags/dag_contagem_linhas.py for tasks to queue
[2026-05-20T15:36:02.429+0000] {logging_mixin.py:190} INFO - [2026-05-20T15:36:02.429+0000] {dagbag.py:588} INFO - Filling up the DagBag from /workspaces/meu-primeiro-etl-airflow/airflow/dags/dag_contagem_linhas.py
[2026-05-20T15:36:02.440+0000] {processor.py:925} INFO - DAG(s) 'contagem_linhas_dag' retrieved from /workspaces/meu-primeiro-etl-airflow/airflow/dags/dag_contagem_linhas.py
[2026-05-20T15:36:02.470+0000] {logging_mixin.py:190} INFO - [2026-05-20T15:36:02.470+0000] {dag.py:3239} INFO - Sync 1 DAGs
[2026-05-20T15:36:02.485+0000] {logging_mixin.py:190} INFO - [2026-05-20T15:36:02.485+0000] {dag.py:4180} INFO - Setting next_dagrun for contagem_linhas_dag to None, run_after=None
[2026-05-20T15:36:02.512+0000] {processor.py:208} INFO - Processing /workspaces/meu-primeiro-etl-airflow/airflow/dags/dag_contagem_linhas.py took 0.094 seconds
[2026-05-20T15:36:33.286+0000] {processor.py:186} INFO - Started process (PID=82317) to work on /workspaces/meu-primeiro-etl-airflow/airflow/dags/dag_contagem_linhas.py
[2026-05-20T15:36:33.287+0000] {processor.py:914} INFO - Processing file /workspaces/meu-primeiro-etl-airflow/airflow/dags/dag_contagem_linhas.py for tasks to queue
[2026-05-20T15:36:33.288+0000] {logging_mixin.py:190} INFO - [2026-05-20T15:36:33.288+0000] {dagbag.py:588} INFO - Filling up the DagBag from /workspaces/meu-primeiro-etl-airflow/airflow/dags/dag_contagem_linhas.py
[2026-05-20T15:36:33.296+0000] {processor.py:925} INFO - DAG(s) 'contagem_linhas_dag' retrieved from /workspaces/meu-primeiro-etl-airflow/airflow/dags/dag_contagem_linhas.py
[2026-05-20T15:36:33.316+0000] {logging_mixin.py:190} INFO - [2026-05-20T15:36:33.316+0000] {dag.py:3239} INFO - Sync 1 DAGs
[2026-05-20T15:36:33.327+0000] {logging_mixin.py:190} INFO - [2026-05-20T15:36:33.326+0000] {dag.py:4180} INFO - Setting next_dagrun for contagem_linhas_dag to None, run_after=None
[2026-05-20T15:36:33.344+0000] {processor.py:208} INFO - Processing /workspaces/meu-primeiro-etl-airflow/airflow/dags/dag_contagem_linhas.py took 0.063 seconds
[2026-05-20T15:37:04.303+0000] {processor.py:186} INFO - Started process (PID=82845) to work on /workspaces/meu-primeiro-etl-airflow/airflow/dags/dag_contagem_linhas.py
[2026-05-20T15:37:04.304+0000] {processor.py:914} INFO - Processing file /workspaces/meu-primeiro-etl-airflow/airflow/dags/dag_contagem_linhas.py for tasks to queue
[2026-05-20T15:37:04.305+0000] {logging_mixin.py:190} INFO - [2026-05-20T15:37:04.305+0000] {dagbag.py:588} INFO - Filling up the DagBag from /workspaces/meu-primeiro-etl-airflow/airflow/dags/dag_contagem_linhas.py
[2026-05-20T15:37:04.316+0000] {processor.py:925} INFO - DAG(s) 'contagem_linhas_dag' retrieved from /workspaces/meu-primeiro-etl-airflow/airflow/dags/dag_contagem_linhas.py
[2026-05-20T15:37:04.340+0000] {logging_mixin.py:190} INFO - [2026-05-20T15:37:04.340+0000] {dag.py:3239} INFO - Sync 1 DAGs
[2026-05-20T15:37:04.352+0000] {logging_mixin.py:190} INFO - [2026-05-20T15:37:04.352+0000] {dag.py:4180} INFO - Setting next_dagrun for contagem_linhas_dag to None, run_after=None
[2026-05-20T15:37:04.368+0000] {processor.py:208} INFO - Processing /workspaces/meu-primeiro-etl-airflow/airflow/dags/dag_contagem_linhas.py took 0.070 seconds
[2026-05-20T15:37:35.021+0000] {processor.py:186} INFO - Started process (PID=83065) to work on /workspaces/meu-primeiro-etl-airflow/airflow/dags/dag_contagem_linhas.py
[2026-05-20T15:37:35.022+0000] {processor.py:914} INFO - Processing file /workspaces/meu-primeiro-etl-airflow/airflow/dags/dag_contagem_linhas.py for tasks to queue
[2026-05-20T15:37:35.024+0000] {logging_mixin.py:190} INFO - [2026-05-20T15:37:35.024+0000] {dagbag.py:588} INFO - Filling up the DagBag from /workspaces/meu-primeiro-etl-airflow/airflow/dags/dag_contagem_linhas.py
[2026-05-20T15:37:35.034+0000] {processor.py:925} INFO - DAG(s) 'contagem_linhas_dag' retrieved from /workspaces/meu-primeiro-etl-airflow/airflow/dags/dag_contagem_linhas.py
[2026-05-20T15:37:35.055+0000] {logging_mixin.py:190} INFO - [2026-05-20T15:37:35.055+0000] {dag.py:3239} INFO - Sync 1 DAGs
[2026-05-20T15:37:35.065+0000] {logging_mixin.py:190} INFO - [2026-05-20T15:37:35.065+0000] {dag.py:4180} INFO - Setting next_dagrun for contagem_linhas_dag to None, run_after=None
[2026-05-20T15:37:35.082+0000] {processor.py:208} INFO - Processing /workspaces/meu-primeiro-etl-airflow/airflow/dags/dag_contagem_linhas.py took 0.065 seconds
[2026-05-20T15:38:05.415+0000] {processor.py:186} INFO - Started process (PID=83338) to work on /workspaces/meu-primeiro-etl-airflow/airflow/dags/dag_contagem_linhas.py
[2026-05-20T15:38:05.416+0000] {processor.py:914} INFO - Processing file /workspaces/meu-primeiro-etl-airflow/airflow/dags/dag_contagem_linhas.py for tasks to queue
[2026-05-20T15:38:05.417+0000] {logging_mixin.py:190} INFO - [2026-05-20T15:38:05.417+0000] {dagbag.py:588} INFO - Filling up the DagBag from /workspaces/meu-primeiro-etl-airflow/airflow/dags/dag_contagem_linhas.py
[2026-05-20T15:38:05.425+0000] {processor.py:925} INFO - DAG(s) 'contagem_linhas_dag' retrieved from /workspaces/meu-primeiro-etl-airflow/airflow/dags/dag_contagem_linhas.py
[2026-05-20T15:38:05.448+0000] {logging_mixin.py:190} INFO - [2026-05-20T15:38:05.447+0000] {dag.py:3239} INFO - Sync 1 DAGs
[2026-05-20T15:38:05.457+0000] {logging_mixin.py:190} INFO - [2026-05-20T15:38:05.457+0000] {dag.py:4180} INFO - Setting next_dagrun for contagem_linhas_dag to None, run_after=None
[2026-05-20T15:38:05.474+0000] {processor.py:208} INFO - Processing /workspaces/meu-primeiro-etl-airflow/airflow/dags/dag_contagem_linhas.py took 0.063 seconds
[2026-05-20T15:38:35.991+0000] {processor.py:186} INFO - Started process (PID=83554) to work on /workspaces/meu-primeiro-etl-airflow/airflow/dags/dag_contagem_linhas.py
[2026-05-20T15:38:35.992+0000] {processor.py:914} INFO - Processing file /workspaces/meu-primeiro-etl-airflow/airflow/dags/dag_contagem_linhas.py for tasks to queue
[2026-05-20T15:38:35.994+0000] {logging_mixin.py:190} INFO - [2026-05-20T15:38:35.993+0000] {dagbag.py:588} INFO - Filling up the DagBag from /workspaces/meu-primeiro-etl-airflow/airflow/dags/dag_contagem_linhas.py
[2026-05-20T15:38:36.002+0000] {processor.py:925} INFO - DAG(s) 'contagem_linhas_dag' retrieved from /workspaces/meu-primeiro-etl-airflow/airflow/dags/dag_contagem_linhas.py
[2026-05-20T15:38:36.025+0000] {logging_mixin.py:190} INFO - [2026-05-20T15:38:36.025+0000] {dag.py:3239} INFO - Sync 1 DAGs
[2026-05-20T15:38:36.039+0000] {logging_mixin.py:190} INFO - [2026-05-20T15:38:36.038+0000] {dag.py:4180} INFO - Setting next_dagrun for contagem_linhas_dag to None, run_after=None
[2026-05-20T15:38:36.057+0000] {processor.py:208} INFO - Processing /workspaces/meu-primeiro-etl-airflow/airflow/dags/dag_contagem_linhas.py took 0.070 seconds
[2026-05-20T15:39:06.931+0000] {processor.py:186} INFO - Started process (PID=83851) to work on /workspaces/meu-primeiro-etl-airflow/airflow/dags/dag_contagem_linhas.py
[2026-05-20T15:39:06.932+0000] {processor.py:914} INFO - Processing file /workspaces/meu-primeiro-etl-airflow/airflow/dags/dag_contagem_linhas.py for tasks to queue
[2026-05-20T15:39:06.934+0000] {logging_mixin.py:190} INFO - [2026-05-20T15:39:06.933+0000] {dagbag.py:588} INFO - Filling up the DagBag from /workspaces/meu-primeiro-etl-airflow/airflow/dags/dag_contagem_linhas.py
[2026-05-20T15:39:06.943+0000] {processor.py:925} INFO - DAG(s) 'contagem_linhas_dag' retrieved from /workspaces/meu-primeiro-etl-airflow/airflow/dags/dag_contagem_linhas.py
[2026-05-20T15:39:06.962+0000] {logging_mixin.py:190} INFO - [2026-05-20T15:39:06.962+0000] {dag.py:3239} INFO - Sync 1 DAGs
[2026-05-20T15:39:06.973+0000] {logging_mixin.py:190} INFO - [2026-05-20T15:39:06.973+0000] {dag.py:4180} INFO - Setting next_dagrun for contagem_linhas_dag to None, run_after=None
[2026-05-20T15:39:06.993+0000] {processor.py:208} INFO - Processing /workspaces/meu-primeiro-etl-airflow/airflow/dags/dag_contagem_linhas.py took 0.068 seconds
[2026-05-20T15:39:37.473+0000] {processor.py:186} INFO - Started process (PID=84074) to work on /workspaces/meu-primeiro-etl-airflow/airflow/dags/dag_contagem_linhas.py
[2026-05-20T15:39:37.473+0000] {processor.py:914} INFO - Processing file /workspaces/meu-primeiro-etl-airflow/airflow/dags/dag_contagem_linhas.py for tasks to queue
[2026-05-20T15:39:37.475+0000] {logging_mixin.py:190} INFO - [2026-05-20T15:39:37.475+0000] {dagbag.py:588} INFO - Filling up the DagBag from /workspaces/meu-primeiro-etl-airflow/airflow/dags/dag_contagem_linhas.py
[2026-05-20T15:39:37.484+0000] {processor.py:925} INFO - DAG(s) 'contagem_linhas_dag' retrieved from /workspaces/meu-primeiro-etl-airflow/airflow/dags/dag_contagem_linhas.py
[2026-05-20T15:39:37.501+0000] {logging_mixin.py:190} INFO - [2026-05-20T15:39:37.501+0000] {dag.py:3239} INFO - Sync 1 DAGs
[2026-05-20T15:39:37.512+0000] {logging_mixin.py:190} INFO - [2026-05-20T15:39:37.511+0000] {dag.py:4180} INFO - Setting next_dagrun for contagem_linhas_dag to None, run_after=None
[2026-05-20T15:39:37.529+0000] {processor.py:208} INFO - Processing /workspaces/meu-primeiro-etl-airflow/airflow/dags/dag_contagem_linhas.py took 0.061 seconds
[2026-05-20T15:40:07.863+0000] {processor.py:186} INFO - Started process (PID=84413) to work on /workspaces/meu-primeiro-etl-airflow/airflow/dags/dag_contagem_linhas.py
[2026-05-20T15:40:07.864+0000] {processor.py:914} INFO - Processing file /workspaces/meu-primeiro-etl-airflow/airflow/dags/dag_contagem_linhas.py for tasks to queue
[2026-05-20T15:40:07.866+0000] {logging_mixin.py:190} INFO - [2026-05-20T15:40:07.865+0000] {dagbag.py:588} INFO - Filling up the DagBag from /workspaces/meu-primeiro-etl-airflow/airflow/dags/dag_contagem_linhas.py
[2026-05-20T15:40:07.874+0000] {processor.py:925} INFO - DAG(s) 'contagem_linhas_dag' retrieved from /workspaces/meu-primeiro-etl-airflow/airflow/dags/dag_contagem_linhas.py
[2026-05-20T15:40:07.892+0000] {logging_mixin.py:190} INFO - [2026-05-20T15:40:07.892+0000] {dag.py:3239} INFO - Sync 1 DAGs
[2026-05-20T15:40:07.902+0000] {logging_mixin.py:190} INFO - [2026-05-20T15:40:07.902+0000] {dag.py:4180} INFO - Setting next_dagrun for contagem_linhas_dag to None, run_after=None
[2026-05-20T15:40:07.920+0000] {processor.py:208} INFO - Processing /workspaces/meu-primeiro-etl-airflow/airflow/dags/dag_contagem_linhas.py took 0.062 seconds
[2026-05-20T15:40:38.500+0000] {processor.py:186} INFO - Started process (PID=84632) to work on /workspaces/meu-primeiro-etl-airflow/airflow/dags/dag_contagem_linhas.py
[2026-05-20T15:40:38.500+0000] {processor.py:914} INFO - Processing file /workspaces/meu-primeiro-etl-airflow/airflow/dags/dag_contagem_linhas.py for tasks to queue
[2026-05-20T15:40:38.502+0000] {logging_mixin.py:190} INFO - [2026-05-20T15:40:38.502+0000] {dagbag.py:588} INFO - Filling up the DagBag from /workspaces/meu-primeiro-etl-airflow/airflow/dags/dag_contagem_linhas.py
[2026-05-20T15:40:38.510+0000] {processor.py:925} INFO - DAG(s) 'contagem_linhas_dag' retrieved from /workspaces/meu-primeiro-etl-airflow/airflow/dags/dag_contagem_linhas.py
[2026-05-20T15:40:38.536+0000] {logging_mixin.py:190} INFO - [2026-05-20T15:40:38.536+0000] {dag.py:3239} INFO - Sync 1 DAGs
[2026-05-20T15:40:38.549+0000] {logging_mixin.py:190} INFO - [2026-05-20T15:40:38.549+0000] {dag.py:4180} INFO - Setting next_dagrun for contagem_linhas_dag to None, run_after=None
[2026-05-20T15:40:38.566+0000] {processor.py:208} INFO - Processing /workspaces/meu-primeiro-etl-airflow/airflow/dags/dag_contagem_linhas.py took 0.071 seconds
[2026-05-20T15:41:08.991+0000] {processor.py:186} INFO - Started process (PID=84971) to work on /workspaces/meu-primeiro-etl-airflow/airflow/dags/dag_contagem_linhas.py
[2026-05-20T15:41:08.992+0000] {processor.py:914} INFO - Processing file /workspaces/meu-primeiro-etl-airflow/airflow/dags/dag_contagem_linhas.py for tasks to queue
[2026-05-20T15:41:08.994+0000] {logging_mixin.py:190} INFO - [2026-05-20T15:41:08.993+0000] {dagbag.py:588} INFO - Filling up the DagBag from /workspaces/meu-primeiro-etl-airflow/airflow/dags/dag_contagem_linhas.py
[2026-05-20T15:41:09.001+0000] {processor.py:925} INFO - DAG(s) 'contagem_linhas_dag' retrieved from /workspaces/meu-primeiro-etl-airflow/airflow/dags/dag_contagem_linhas.py
[2026-05-20T15:41:09.019+0000] {logging_mixin.py:190} INFO - [2026-05-20T15:41:09.019+0000] {dag.py:3239} INFO - Sync 1 DAGs
[2026-05-20T15:41:09.035+0000] {logging_mixin.py:190} INFO - [2026-05-20T15:41:09.035+0000] {dag.py:4180} INFO - Setting next_dagrun for contagem_linhas_dag to None, run_after=None
[2026-05-20T15:41:09.069+0000] {processor.py:208} INFO - Processing /workspaces/meu-primeiro-etl-airflow/airflow/dags/dag_contagem_linhas.py took 0.083 seconds
[2026-05-20T15:41:39.568+0000] {processor.py:186} INFO - Started process (PID=85329) to work on /workspaces/meu-primeiro-etl-airflow/airflow/dags/dag_contagem_linhas.py
[2026-05-20T15:41:39.569+0000] {processor.py:914} INFO - Processing file /workspaces/meu-primeiro-etl-airflow/airflow/dags/dag_contagem_linhas.py for tasks to queue
[2026-05-20T15:41:39.571+0000] {logging_mixin.py:190} INFO - [2026-05-20T15:41:39.571+0000] {dagbag.py:588} INFO - Filling up the DagBag from /workspaces/meu-primeiro-etl-airflow/airflow/dags/dag_contagem_linhas.py
[2026-05-20T15:41:39.581+0000] {processor.py:925} INFO - DAG(s) 'contagem_linhas_dag' retrieved from /workspaces/meu-primeiro-etl-airflow/airflow/dags/dag_contagem_linhas.py
[2026-05-20T15:41:39.599+0000] {logging_mixin.py:190} INFO - [2026-05-20T15:41:39.599+0000] {dag.py:3239} INFO - Sync 1 DAGs
[2026-05-20T15:41:39.609+0000] {logging_mixin.py:190} INFO - [2026-05-20T15:41:39.608+0000] {dag.py:4180} INFO - Setting next_dagrun for contagem_linhas_dag to None, run_after=None
[2026-05-20T15:41:39.625+0000] {processor.py:208} INFO - Processing /workspaces/meu-primeiro-etl-airflow/airflow/dags/dag_contagem_linhas.py took 0.062 seconds
[2026-05-20T15:42:10.756+0000] {processor.py:186} INFO - Started process (PID=85610) to work on /workspaces/meu-primeiro-etl-airflow/airflow/dags/dag_contagem_linhas.py
[2026-05-20T15:42:10.757+0000] {processor.py:914} INFO - Processing file /workspaces/meu-primeiro-etl-airflow/airflow/dags/dag_contagem_linhas.py for tasks to queue
[2026-05-20T15:42:10.760+0000] {logging_mixin.py:190} INFO - [2026-05-20T15:42:10.759+0000] {dagbag.py:588} INFO - Filling up the DagBag from /workspaces/meu-primeiro-etl-airflow/airflow/dags/dag_contagem_linhas.py
[2026-05-20T15:42:10.772+0000] {processor.py:925} INFO - DAG(s) 'contagem_linhas_dag' retrieved from /workspaces/meu-primeiro-etl-airflow/airflow/dags/dag_contagem_linhas.py
[2026-05-20T15:42:10.809+0000] {logging_mixin.py:190} INFO - [2026-05-20T15:42:10.809+0000] {dag.py:3239} INFO - Sync 1 DAGs
[2026-05-20T15:42:10.848+0000] {logging_mixin.py:190} INFO - [2026-05-20T15:42:10.848+0000] {dag.py:4180} INFO - Setting next_dagrun for contagem_linhas_dag to None, run_after=None
[2026-05-20T15:42:10.900+0000] {processor.py:208} INFO - Processing /workspaces/meu-primeiro-etl-airflow/airflow/dags/dag_contagem_linhas.py took 0.151 seconds
[2026-05-20T15:42:41.552+0000] {processor.py:186} INFO - Started process (PID=85824) to work on /workspaces/meu-primeiro-etl-airflow/airflow/dags/dag_contagem_linhas.py
[2026-05-20T15:42:41.553+0000] {processor.py:914} INFO - Processing file /workspaces/meu-primeiro-etl-airflow/airflow/dags/dag_contagem_linhas.py for tasks to queue
[2026-05-20T15:42:41.555+0000] {logging_mixin.py:190} INFO - [2026-05-20T15:42:41.555+0000] {dagbag.py:588} INFO - Filling up the DagBag from /workspaces/meu-primeiro-etl-airflow/airflow/dags/dag_contagem_linhas.py
[2026-05-20T15:42:41.563+0000] {processor.py:925} INFO - DAG(s) 'contagem_linhas_dag' retrieved from /workspaces/meu-primeiro-etl-airflow/airflow/dags/dag_contagem_linhas.py
[2026-05-20T15:42:41.581+0000] {logging_mixin.py:190} INFO - [2026-05-20T15:42:41.581+0000] {dag.py:3239} INFO - Sync 1 DAGs
[2026-05-20T15:42:41.591+0000] {logging_mixin.py:190} INFO - [2026-05-20T15:42:41.591+0000] {dag.py:4180} INFO - Setting next_dagrun for contagem_linhas_dag to None, run_after=None
[2026-05-20T15:42:41.607+0000] {processor.py:208} INFO - Processing /workspaces/meu-primeiro-etl-airflow/airflow/dags/dag_contagem_linhas.py took 0.061 seconds
[2026-05-20T15:43:12.639+0000] {processor.py:186} INFO - Started process (PID=86104) to work on /workspaces/meu-primeiro-etl-airflow/airflow/dags/dag_contagem_linhas.py
[2026-05-20T15:43:12.640+0000] {processor.py:914} INFO - Processing file /workspaces/meu-primeiro-etl-airflow/airflow/dags/dag_contagem_linhas.py for tasks to queue
[2026-05-20T15:43:12.642+0000] {logging_mixin.py:190} INFO - [2026-05-20T15:43:12.641+0000] {dagbag.py:588} INFO - Filling up the DagBag from /workspaces/meu-primeiro-etl-airflow/airflow/dags/dag_contagem_linhas.py
[2026-05-20T15:43:12.651+0000] {processor.py:925} INFO - DAG(s) 'contagem_linhas_dag' retrieved from /workspaces/meu-primeiro-etl-airflow/airflow/dags/dag_contagem_linhas.py
[2026-05-20T15:43:12.670+0000] {logging_mixin.py:190} INFO - [2026-05-20T15:43:12.669+0000] {dag.py:3239} INFO - Sync 1 DAGs
[2026-05-20T15:43:12.680+0000] {logging_mixin.py:190} INFO - [2026-05-20T15:43:12.680+0000] {dag.py:4180} INFO - Setting next_dagrun for contagem_linhas_dag to None, run_after=None
[2026-05-20T15:43:12.698+0000] {processor.py:208} INFO - Processing /workspaces/meu-primeiro-etl-airflow/airflow/dags/dag_contagem_linhas.py took 0.064 seconds
[2026-05-20T15:43:43.323+0000] {processor.py:186} INFO - Started process (PID=86321) to work on /workspaces/meu-primeiro-etl-airflow/airflow/dags/dag_contagem_linhas.py
[2026-05-20T15:43:43.324+0000] {processor.py:914} INFO - Processing file /workspaces/meu-primeiro-etl-airflow/airflow/dags/dag_contagem_linhas.py for tasks to queue
[2026-05-20T15:43:43.326+0000] {logging_mixin.py:190} INFO - [2026-05-20T15:43:43.325+0000] {dagbag.py:588} INFO - Filling up the DagBag from /workspaces/meu-primeiro-etl-airflow/airflow/dags/dag_contagem_linhas.py
[2026-05-20T15:43:43.335+0000] {processor.py:925} INFO - DAG(s) 'contagem_linhas_dag' retrieved from /workspaces/meu-primeiro-etl-airflow/airflow/dags/dag_contagem_linhas.py
[2026-05-20T15:43:43.356+0000] {logging_mixin.py:190} INFO - [2026-05-20T15:43:43.355+0000] {dag.py:3239} INFO - Sync 1 DAGs
[2026-05-20T15:43:43.366+0000] {logging_mixin.py:190} INFO - [2026-05-20T15:43:43.366+0000] {dag.py:4180} INFO - Setting next_dagrun for contagem_linhas_dag to None, run_after=None
[2026-05-20T15:43:43.382+0000] {processor.py:208} INFO - Processing /workspaces/meu-primeiro-etl-airflow/airflow/dags/dag_contagem_linhas.py took 0.064 seconds
[2026-05-20T15:44:13.936+0000] {processor.py:186} INFO - Started process (PID=86599) to work on /workspaces/meu-primeiro-etl-airflow/airflow/dags/dag_contagem_linhas.py
[2026-05-20T15:44:13.936+0000] {processor.py:914} INFO - Processing file /workspaces/meu-primeiro-etl-airflow/airflow/dags/dag_contagem_linhas.py for tasks to queue
[2026-05-20T15:44:13.939+0000] {logging_mixin.py:190} INFO - [2026-05-20T15:44:13.938+0000] {dagbag.py:588} INFO - Filling up the DagBag from /workspaces/meu-primeiro-etl-airflow/airflow/dags/dag_contagem_linhas.py
[2026-05-20T15:44:13.948+0000] {processor.py:925} INFO - DAG(s) 'contagem_linhas_dag' retrieved from /workspaces/meu-primeiro-etl-airflow/airflow/dags/dag_contagem_linhas.py
[2026-05-20T15:44:13.967+0000] {logging_mixin.py:190} INFO - [2026-05-20T15:44:13.966+0000] {dag.py:3239} INFO - Sync 1 DAGs
[2026-05-20T15:44:13.977+0000] {logging_mixin.py:190} INFO - [2026-05-20T15:44:13.977+0000] {dag.py:4180} INFO - Setting next_dagrun for contagem_linhas_dag to None, run_after=None
[2026-05-20T15:44:13.993+0000] {processor.py:208} INFO - Processing /workspaces/meu-primeiro-etl-airflow/airflow/dags/dag_contagem_linhas.py took 0.064 seconds
[2026-05-20T15:44:44.710+0000] {processor.py:186} INFO - Started process (PID=86819) to work on /workspaces/meu-primeiro-etl-airflow/airflow/dags/dag_contagem_linhas.py
[2026-05-20T15:44:44.711+0000] {processor.py:914} INFO - Processing file /workspaces/meu-primeiro-etl-airflow/airflow/dags/dag_contagem_linhas.py for tasks to queue
[2026-05-20T15:44:44.713+0000] {logging_mixin.py:190} INFO - [2026-05-20T15:44:44.712+0000] {dagbag.py:588} INFO - Filling up the DagBag from /workspaces/meu-primeiro-etl-airflow/airflow/dags/dag_contagem_linhas.py
[2026-05-20T15:44:44.721+0000] {processor.py:925} INFO - DAG(s) 'contagem_linhas_dag' retrieved from /workspaces/meu-primeiro-etl-airflow/airflow/dags/dag_contagem_linhas.py
[2026-05-20T15:44:44.743+0000] {logging_mixin.py:190} INFO - [2026-05-20T15:44:44.742+0000] {dag.py:3239} INFO - Sync 1 DAGs
[2026-05-20T15:44:44.755+0000] {logging_mixin.py:190} INFO - [2026-05-20T15:44:44.755+0000] {dag.py:4180} INFO - Setting next_dagrun for contagem_linhas_dag to None, run_after=None
[2026-05-20T15:44:44.772+0000] {processor.py:208} INFO - Processing /workspaces/meu-primeiro-etl-airflow/airflow/dags/dag_contagem_linhas.py took 0.068 seconds
