[2026-05-20T15:03:19.242+0000] {processor.py:186} INFO - Started process (PID=57237) to work on /workspaces/meu-primeiro-etl-airflow/airflow/dags/dag_inferencia_titanic.py
[2026-05-20T15:03:19.243+0000] {processor.py:914} INFO - Processing file /workspaces/meu-primeiro-etl-airflow/airflow/dags/dag_inferencia_titanic.py for tasks to queue
[2026-05-20T15:03:19.245+0000] {logging_mixin.py:190} INFO - [2026-05-20T15:03:19.245+0000] {dagbag.py:588} INFO - Filling up the DagBag from /workspaces/meu-primeiro-etl-airflow/airflow/dags/dag_inferencia_titanic.py
[2026-05-20T15:03:20.840+0000] {processor.py:925} INFO - DAG(s) 'atv7_inferencia_titanic_v1' retrieved from /workspaces/meu-primeiro-etl-airflow/airflow/dags/dag_inferencia_titanic.py
[2026-05-20T15:03:21.056+0000] {logging_mixin.py:190} INFO - [2026-05-20T15:03:21.055+0000] {override.py:1900} INFO - Created Permission View: can read on DAG:atv7_inferencia_titanic_v1
[2026-05-20T15:03:21.072+0000] {logging_mixin.py:190} INFO - [2026-05-20T15:03:21.072+0000] {override.py:1900} INFO - Created Permission View: can edit on DAG:atv7_inferencia_titanic_v1
[2026-05-20T15:03:21.081+0000] {logging_mixin.py:190} INFO - [2026-05-20T15:03:21.080+0000] {override.py:1900} INFO - Created Permission View: can delete on DAG:atv7_inferencia_titanic_v1
[2026-05-20T15:03:21.092+0000] {logging_mixin.py:190} INFO - [2026-05-20T15:03:21.091+0000] {override.py:1900} INFO - Created Permission View: can read on DAG Run:atv7_inferencia_titanic_v1
[2026-05-20T15:03:21.100+0000] {logging_mixin.py:190} INFO - [2026-05-20T15:03:21.099+0000] {override.py:1900} INFO - Created Permission View: can create on DAG Run:atv7_inferencia_titanic_v1
[2026-05-20T15:03:21.108+0000] {logging_mixin.py:190} INFO - [2026-05-20T15:03:21.107+0000] {override.py:1900} INFO - Created Permission View: menu access on DAG Run:atv7_inferencia_titanic_v1
[2026-05-20T15:03:21.116+0000] {logging_mixin.py:190} INFO - [2026-05-20T15:03:21.115+0000] {override.py:1900} INFO - Created Permission View: can delete on DAG Run:atv7_inferencia_titanic_v1
[2026-05-20T15:03:21.116+0000] {logging_mixin.py:190} INFO - [2026-05-20T15:03:21.116+0000] {dag.py:3239} INFO - Sync 1 DAGs
[2026-05-20T15:03:21.125+0000] {logging_mixin.py:190} INFO - [2026-05-20T15:03:21.125+0000] {dag.py:3262} INFO - Creating ORM DAG for atv7_inferencia_titanic_v1
[2026-05-20T15:03:21.126+0000] {logging_mixin.py:190} INFO - [2026-05-20T15:03:21.126+0000] {dag.py:4180} INFO - Setting next_dagrun for atv7_inferencia_titanic_v1 to None, run_after=None
[2026-05-20T15:03:21.145+0000] {processor.py:208} INFO - Processing /workspaces/meu-primeiro-etl-airflow/airflow/dags/dag_inferencia_titanic.py took 1.909 seconds
[2026-05-20T15:03:51.400+0000] {processor.py:186} INFO - Started process (PID=57596) to work on /workspaces/meu-primeiro-etl-airflow/airflow/dags/dag_inferencia_titanic.py
[2026-05-20T15:03:51.401+0000] {processor.py:914} INFO - Processing file /workspaces/meu-primeiro-etl-airflow/airflow/dags/dag_inferencia_titanic.py for tasks to queue
[2026-05-20T15:03:51.402+0000] {logging_mixin.py:190} INFO - [2026-05-20T15:03:51.402+0000] {dagbag.py:588} INFO - Filling up the DagBag from /workspaces/meu-primeiro-etl-airflow/airflow/dags/dag_inferencia_titanic.py
[2026-05-20T15:03:53.073+0000] {processor.py:925} INFO - DAG(s) 'atv7_inferencia_titanic_v1' retrieved from /workspaces/meu-primeiro-etl-airflow/airflow/dags/dag_inferencia_titanic.py
[2026-05-20T15:03:53.090+0000] {logging_mixin.py:190} INFO - [2026-05-20T15:03:53.089+0000] {dag.py:3239} INFO - Sync 1 DAGs
[2026-05-20T15:03:53.099+0000] {logging_mixin.py:190} INFO - [2026-05-20T15:03:53.099+0000] {dag.py:4180} INFO - Setting next_dagrun for atv7_inferencia_titanic_v1 to None, run_after=None
[2026-05-20T15:03:53.116+0000] {processor.py:208} INFO - Processing /workspaces/meu-primeiro-etl-airflow/airflow/dags/dag_inferencia_titanic.py took 1.721 seconds
[2026-05-20T15:04:24.249+0000] {processor.py:186} INFO - Started process (PID=57936) to work on /workspaces/meu-primeiro-etl-airflow/airflow/dags/dag_inferencia_titanic.py
[2026-05-20T15:04:24.250+0000] {processor.py:914} INFO - Processing file /workspaces/meu-primeiro-etl-airflow/airflow/dags/dag_inferencia_titanic.py for tasks to queue
[2026-05-20T15:04:24.252+0000] {logging_mixin.py:190} INFO - [2026-05-20T15:04:24.251+0000] {dagbag.py:588} INFO - Filling up the DagBag from /workspaces/meu-primeiro-etl-airflow/airflow/dags/dag_inferencia_titanic.py
[2026-05-20T15:04:25.752+0000] {processor.py:925} INFO - DAG(s) 'atv7_inferencia_titanic_v1' retrieved from /workspaces/meu-primeiro-etl-airflow/airflow/dags/dag_inferencia_titanic.py
[2026-05-20T15:04:25.767+0000] {logging_mixin.py:190} INFO - [2026-05-20T15:04:25.767+0000] {dag.py:3239} INFO - Sync 1 DAGs
[2026-05-20T15:04:25.776+0000] {logging_mixin.py:190} INFO - [2026-05-20T15:04:25.776+0000] {dag.py:4180} INFO - Setting next_dagrun for atv7_inferencia_titanic_v1 to None, run_after=None
[2026-05-20T15:04:25.794+0000] {processor.py:208} INFO - Processing /workspaces/meu-primeiro-etl-airflow/airflow/dags/dag_inferencia_titanic.py took 1.550 seconds
[2026-05-20T15:04:56.093+0000] {processor.py:186} INFO - Started process (PID=58198) to work on /workspaces/meu-primeiro-etl-airflow/airflow/dags/dag_inferencia_titanic.py
[2026-05-20T15:04:56.094+0000] {processor.py:914} INFO - Processing file /workspaces/meu-primeiro-etl-airflow/airflow/dags/dag_inferencia_titanic.py for tasks to queue
[2026-05-20T15:04:56.096+0000] {logging_mixin.py:190} INFO - [2026-05-20T15:04:56.095+0000] {dagbag.py:588} INFO - Filling up the DagBag from /workspaces/meu-primeiro-etl-airflow/airflow/dags/dag_inferencia_titanic.py
[2026-05-20T15:04:57.885+0000] {processor.py:925} INFO - DAG(s) 'atv7_inferencia_titanic_v1' retrieved from /workspaces/meu-primeiro-etl-airflow/airflow/dags/dag_inferencia_titanic.py
[2026-05-20T15:04:57.899+0000] {logging_mixin.py:190} INFO - [2026-05-20T15:04:57.899+0000] {dag.py:3239} INFO - Sync 1 DAGs
[2026-05-20T15:04:57.909+0000] {logging_mixin.py:190} INFO - [2026-05-20T15:04:57.908+0000] {dag.py:4180} INFO - Setting next_dagrun for atv7_inferencia_titanic_v1 to None, run_after=None
[2026-05-20T15:04:57.930+0000] {processor.py:208} INFO - Processing /workspaces/meu-primeiro-etl-airflow/airflow/dags/dag_inferencia_titanic.py took 1.842 seconds
[2026-05-20T15:05:29.184+0000] {processor.py:186} INFO - Started process (PID=58632) to work on /workspaces/meu-primeiro-etl-airflow/airflow/dags/dag_inferencia_titanic.py
[2026-05-20T15:05:29.185+0000] {processor.py:914} INFO - Processing file /workspaces/meu-primeiro-etl-airflow/airflow/dags/dag_inferencia_titanic.py for tasks to queue
[2026-05-20T15:05:29.187+0000] {logging_mixin.py:190} INFO - [2026-05-20T15:05:29.187+0000] {dagbag.py:588} INFO - Filling up the DagBag from /workspaces/meu-primeiro-etl-airflow/airflow/dags/dag_inferencia_titanic.py
[2026-05-20T15:05:30.689+0000] {processor.py:925} INFO - DAG(s) 'atv7_inferencia_titanic_v1' retrieved from /workspaces/meu-primeiro-etl-airflow/airflow/dags/dag_inferencia_titanic.py
[2026-05-20T15:05:30.702+0000] {logging_mixin.py:190} INFO - [2026-05-20T15:05:30.702+0000] {dag.py:3239} INFO - Sync 1 DAGs
[2026-05-20T15:05:30.712+0000] {logging_mixin.py:190} INFO - [2026-05-20T15:05:30.711+0000] {dag.py:4180} INFO - Setting next_dagrun for atv7_inferencia_titanic_v1 to None, run_after=None
[2026-05-20T15:05:30.729+0000] {processor.py:208} INFO - Processing /workspaces/meu-primeiro-etl-airflow/airflow/dags/dag_inferencia_titanic.py took 1.550 seconds
[2026-05-20T15:06:51.579+0000] {processor.py:186} INFO - Started process (PID=60142) to work on /workspaces/meu-primeiro-etl-airflow/airflow/dags/dag_inferencia_titanic.py
[2026-05-20T15:06:51.581+0000] {processor.py:914} INFO - Processing file /workspaces/meu-primeiro-etl-airflow/airflow/dags/dag_inferencia_titanic.py for tasks to queue
[2026-05-20T15:06:51.583+0000] {logging_mixin.py:190} INFO - [2026-05-20T15:06:51.583+0000] {dagbag.py:588} INFO - Filling up the DagBag from /workspaces/meu-primeiro-etl-airflow/airflow/dags/dag_inferencia_titanic.py
[2026-05-20T15:06:53.172+0000] {processor.py:925} INFO - DAG(s) 'atv7_inferencia_titanic_v1' retrieved from /workspaces/meu-primeiro-etl-airflow/airflow/dags/dag_inferencia_titanic.py
[2026-05-20T15:06:53.189+0000] {logging_mixin.py:190} INFO - [2026-05-20T15:06:53.188+0000] {dag.py:3239} INFO - Sync 1 DAGs
[2026-05-20T15:06:53.200+0000] {logging_mixin.py:190} INFO - [2026-05-20T15:06:53.200+0000] {dag.py:4180} INFO - Setting next_dagrun for atv7_inferencia_titanic_v1 to None, run_after=None
[2026-05-20T15:06:53.216+0000] {processor.py:208} INFO - Processing /workspaces/meu-primeiro-etl-airflow/airflow/dags/dag_inferencia_titanic.py took 1.641 seconds
[2026-05-20T15:07:23.499+0000] {processor.py:186} INFO - Started process (PID=60453) to work on /workspaces/meu-primeiro-etl-airflow/airflow/dags/dag_inferencia_titanic.py
[2026-05-20T15:07:23.500+0000] {processor.py:914} INFO - Processing file /workspaces/meu-primeiro-etl-airflow/airflow/dags/dag_inferencia_titanic.py for tasks to queue
[2026-05-20T15:07:23.502+0000] {logging_mixin.py:190} INFO - [2026-05-20T15:07:23.502+0000] {dagbag.py:588} INFO - Filling up the DagBag from /workspaces/meu-primeiro-etl-airflow/airflow/dags/dag_inferencia_titanic.py
[2026-05-20T15:07:24.920+0000] {processor.py:925} INFO - DAG(s) 'atv7_inferencia_titanic_v1' retrieved from /workspaces/meu-primeiro-etl-airflow/airflow/dags/dag_inferencia_titanic.py
[2026-05-20T15:07:24.940+0000] {logging_mixin.py:190} INFO - [2026-05-20T15:07:24.939+0000] {dag.py:3239} INFO - Sync 1 DAGs
[2026-05-20T15:07:24.950+0000] {logging_mixin.py:190} INFO - [2026-05-20T15:07:24.950+0000] {dag.py:4180} INFO - Setting next_dagrun for atv7_inferencia_titanic_v1 to None, run_after=None
[2026-05-20T15:07:24.966+0000] {processor.py:208} INFO - Processing /workspaces/meu-primeiro-etl-airflow/airflow/dags/dag_inferencia_titanic.py took 1.471 seconds
[2026-05-20T15:07:55.113+0000] {processor.py:186} INFO - Started process (PID=60590) to work on /workspaces/meu-primeiro-etl-airflow/airflow/dags/dag_inferencia_titanic.py
[2026-05-20T15:07:55.114+0000] {processor.py:914} INFO - Processing file /workspaces/meu-primeiro-etl-airflow/airflow/dags/dag_inferencia_titanic.py for tasks to queue
[2026-05-20T15:07:55.116+0000] {logging_mixin.py:190} INFO - [2026-05-20T15:07:55.116+0000] {dagbag.py:588} INFO - Filling up the DagBag from /workspaces/meu-primeiro-etl-airflow/airflow/dags/dag_inferencia_titanic.py
[2026-05-20T15:07:56.556+0000] {processor.py:925} INFO - DAG(s) 'atv7_inferencia_titanic_v1' retrieved from /workspaces/meu-primeiro-etl-airflow/airflow/dags/dag_inferencia_titanic.py
[2026-05-20T15:07:56.573+0000] {logging_mixin.py:190} INFO - [2026-05-20T15:07:56.572+0000] {dag.py:3239} INFO - Sync 1 DAGs
[2026-05-20T15:07:56.582+0000] {logging_mixin.py:190} INFO - [2026-05-20T15:07:56.581+0000] {dag.py:4180} INFO - Setting next_dagrun for atv7_inferencia_titanic_v1 to None, run_after=None
[2026-05-20T15:07:56.599+0000] {processor.py:208} INFO - Processing /workspaces/meu-primeiro-etl-airflow/airflow/dags/dag_inferencia_titanic.py took 1.490 seconds
[2026-05-20T15:08:26.744+0000] {processor.py:186} INFO - Started process (PID=60835) to work on /workspaces/meu-primeiro-etl-airflow/airflow/dags/dag_inferencia_titanic.py
[2026-05-20T15:08:26.745+0000] {processor.py:914} INFO - Processing file /workspaces/meu-primeiro-etl-airflow/airflow/dags/dag_inferencia_titanic.py for tasks to queue
[2026-05-20T15:08:26.747+0000] {logging_mixin.py:190} INFO - [2026-05-20T15:08:26.747+0000] {dagbag.py:588} INFO - Filling up the DagBag from /workspaces/meu-primeiro-etl-airflow/airflow/dags/dag_inferencia_titanic.py
[2026-05-20T15:08:28.248+0000] {processor.py:925} INFO - DAG(s) 'atv7_inferencia_titanic_v1' retrieved from /workspaces/meu-primeiro-etl-airflow/airflow/dags/dag_inferencia_titanic.py
[2026-05-20T15:08:28.262+0000] {logging_mixin.py:190} INFO - [2026-05-20T15:08:28.261+0000] {dag.py:3239} INFO - Sync 1 DAGs
[2026-05-20T15:08:28.270+0000] {logging_mixin.py:190} INFO - [2026-05-20T15:08:28.270+0000] {dag.py:4180} INFO - Setting next_dagrun for atv7_inferencia_titanic_v1 to None, run_after=None
[2026-05-20T15:08:28.306+0000] {processor.py:208} INFO - Processing /workspaces/meu-primeiro-etl-airflow/airflow/dags/dag_inferencia_titanic.py took 1.568 seconds
[2026-05-20T15:08:59.573+0000] {processor.py:186} INFO - Started process (PID=61050) to work on /workspaces/meu-primeiro-etl-airflow/airflow/dags/dag_inferencia_titanic.py
[2026-05-20T15:08:59.573+0000] {processor.py:914} INFO - Processing file /workspaces/meu-primeiro-etl-airflow/airflow/dags/dag_inferencia_titanic.py for tasks to queue
[2026-05-20T15:08:59.575+0000] {logging_mixin.py:190} INFO - [2026-05-20T15:08:59.575+0000] {dagbag.py:588} INFO - Filling up the DagBag from /workspaces/meu-primeiro-etl-airflow/airflow/dags/dag_inferencia_titanic.py
[2026-05-20T15:09:01.025+0000] {processor.py:925} INFO - DAG(s) 'atv7_inferencia_titanic_v1' retrieved from /workspaces/meu-primeiro-etl-airflow/airflow/dags/dag_inferencia_titanic.py
[2026-05-20T15:09:01.044+0000] {logging_mixin.py:190} INFO - [2026-05-20T15:09:01.043+0000] {dag.py:3239} INFO - Sync 1 DAGs
[2026-05-20T15:09:01.053+0000] {logging_mixin.py:190} INFO - [2026-05-20T15:09:01.052+0000] {dag.py:4180} INFO - Setting next_dagrun for atv7_inferencia_titanic_v1 to None, run_after=None
[2026-05-20T15:09:01.070+0000] {processor.py:208} INFO - Processing /workspaces/meu-primeiro-etl-airflow/airflow/dags/dag_inferencia_titanic.py took 1.502 seconds
[2026-05-20T15:09:31.364+0000] {processor.py:186} INFO - Started process (PID=61330) to work on /workspaces/meu-primeiro-etl-airflow/airflow/dags/dag_inferencia_titanic.py
[2026-05-20T15:09:31.364+0000] {processor.py:914} INFO - Processing file /workspaces/meu-primeiro-etl-airflow/airflow/dags/dag_inferencia_titanic.py for tasks to queue
[2026-05-20T15:09:31.367+0000] {logging_mixin.py:190} INFO - [2026-05-20T15:09:31.367+0000] {dagbag.py:588} INFO - Filling up the DagBag from /workspaces/meu-primeiro-etl-airflow/airflow/dags/dag_inferencia_titanic.py
[2026-05-20T15:09:32.808+0000] {processor.py:925} INFO - DAG(s) 'atv7_inferencia_titanic_v1' retrieved from /workspaces/meu-primeiro-etl-airflow/airflow/dags/dag_inferencia_titanic.py
[2026-05-20T15:09:32.822+0000] {logging_mixin.py:190} INFO - [2026-05-20T15:09:32.822+0000] {dag.py:3239} INFO - Sync 1 DAGs
[2026-05-20T15:09:32.832+0000] {logging_mixin.py:190} INFO - [2026-05-20T15:09:32.832+0000] {dag.py:4180} INFO - Setting next_dagrun for atv7_inferencia_titanic_v1 to None, run_after=None
[2026-05-20T15:09:32.851+0000] {processor.py:208} INFO - Processing /workspaces/meu-primeiro-etl-airflow/airflow/dags/dag_inferencia_titanic.py took 1.494 seconds
[2026-05-20T15:10:03.278+0000] {processor.py:186} INFO - Started process (PID=61575) to work on /workspaces/meu-primeiro-etl-airflow/airflow/dags/dag_inferencia_titanic.py
[2026-05-20T15:10:03.278+0000] {processor.py:914} INFO - Processing file /workspaces/meu-primeiro-etl-airflow/airflow/dags/dag_inferencia_titanic.py for tasks to queue
[2026-05-20T15:10:03.280+0000] {logging_mixin.py:190} INFO - [2026-05-20T15:10:03.280+0000] {dagbag.py:588} INFO - Filling up the DagBag from /workspaces/meu-primeiro-etl-airflow/airflow/dags/dag_inferencia_titanic.py
[2026-05-20T15:10:05.464+0000] {processor.py:925} INFO - DAG(s) 'atv7_inferencia_titanic_v1' retrieved from /workspaces/meu-primeiro-etl-airflow/airflow/dags/dag_inferencia_titanic.py
[2026-05-20T15:10:05.488+0000] {logging_mixin.py:190} INFO - [2026-05-20T15:10:05.487+0000] {dag.py:3239} INFO - Sync 1 DAGs
[2026-05-20T15:10:05.496+0000] {logging_mixin.py:190} INFO - [2026-05-20T15:10:05.496+0000] {dag.py:4180} INFO - Setting next_dagrun for atv7_inferencia_titanic_v1 to None, run_after=None
[2026-05-20T15:10:05.512+0000] {processor.py:208} INFO - Processing /workspaces/meu-primeiro-etl-airflow/airflow/dags/dag_inferencia_titanic.py took 2.239 seconds
[2026-05-20T15:10:35.883+0000] {processor.py:186} INFO - Started process (PID=61896) to work on /workspaces/meu-primeiro-etl-airflow/airflow/dags/dag_inferencia_titanic.py
[2026-05-20T15:10:35.884+0000] {processor.py:914} INFO - Processing file /workspaces/meu-primeiro-etl-airflow/airflow/dags/dag_inferencia_titanic.py for tasks to queue
[2026-05-20T15:10:35.886+0000] {logging_mixin.py:190} INFO - [2026-05-20T15:10:35.886+0000] {dagbag.py:588} INFO - Filling up the DagBag from /workspaces/meu-primeiro-etl-airflow/airflow/dags/dag_inferencia_titanic.py
[2026-05-20T15:10:37.380+0000] {processor.py:925} INFO - DAG(s) 'atv7_inferencia_titanic_v1' retrieved from /workspaces/meu-primeiro-etl-airflow/airflow/dags/dag_inferencia_titanic.py
[2026-05-20T15:10:37.394+0000] {logging_mixin.py:190} INFO - [2026-05-20T15:10:37.393+0000] {dag.py:3239} INFO - Sync 1 DAGs
[2026-05-20T15:10:37.403+0000] {logging_mixin.py:190} INFO - [2026-05-20T15:10:37.403+0000] {dag.py:4180} INFO - Setting next_dagrun for atv7_inferencia_titanic_v1 to None, run_after=None
[2026-05-20T15:10:37.420+0000] {processor.py:208} INFO - Processing /workspaces/meu-primeiro-etl-airflow/airflow/dags/dag_inferencia_titanic.py took 1.542 seconds
[2026-05-20T15:11:07.767+0000] {processor.py:186} INFO - Started process (PID=62128) to work on /workspaces/meu-primeiro-etl-airflow/airflow/dags/dag_inferencia_titanic.py
[2026-05-20T15:11:07.768+0000] {processor.py:914} INFO - Processing file /workspaces/meu-primeiro-etl-airflow/airflow/dags/dag_inferencia_titanic.py for tasks to queue
[2026-05-20T15:11:07.771+0000] {logging_mixin.py:190} INFO - [2026-05-20T15:11:07.770+0000] {dagbag.py:588} INFO - Filling up the DagBag from /workspaces/meu-primeiro-etl-airflow/airflow/dags/dag_inferencia_titanic.py
[2026-05-20T15:11:09.187+0000] {processor.py:925} INFO - DAG(s) 'atv7_inferencia_titanic_v1' retrieved from /workspaces/meu-primeiro-etl-airflow/airflow/dags/dag_inferencia_titanic.py
[2026-05-20T15:11:09.201+0000] {logging_mixin.py:190} INFO - [2026-05-20T15:11:09.200+0000] {dag.py:3239} INFO - Sync 1 DAGs
[2026-05-20T15:11:09.211+0000] {logging_mixin.py:190} INFO - [2026-05-20T15:11:09.211+0000] {dag.py:4180} INFO - Setting next_dagrun for atv7_inferencia_titanic_v1 to None, run_after=None
[2026-05-20T15:11:09.229+0000] {processor.py:208} INFO - Processing /workspaces/meu-primeiro-etl-airflow/airflow/dags/dag_inferencia_titanic.py took 1.468 seconds
[2026-05-20T15:11:39.744+0000] {processor.py:186} INFO - Started process (PID=62419) to work on /workspaces/meu-primeiro-etl-airflow/airflow/dags/dag_inferencia_titanic.py
[2026-05-20T15:11:39.745+0000] {processor.py:914} INFO - Processing file /workspaces/meu-primeiro-etl-airflow/airflow/dags/dag_inferencia_titanic.py for tasks to queue
[2026-05-20T15:11:39.747+0000] {logging_mixin.py:190} INFO - [2026-05-20T15:11:39.747+0000] {dagbag.py:588} INFO - Filling up the DagBag from /workspaces/meu-primeiro-etl-airflow/airflow/dags/dag_inferencia_titanic.py
[2026-05-20T15:11:41.820+0000] {processor.py:925} INFO - DAG(s) 'atv7_inferencia_titanic_v1' retrieved from /workspaces/meu-primeiro-etl-airflow/airflow/dags/dag_inferencia_titanic.py
[2026-05-20T15:11:41.837+0000] {logging_mixin.py:190} INFO - [2026-05-20T15:11:41.836+0000] {dag.py:3239} INFO - Sync 1 DAGs
[2026-05-20T15:11:41.847+0000] {logging_mixin.py:190} INFO - [2026-05-20T15:11:41.847+0000] {dag.py:4180} INFO - Setting next_dagrun for atv7_inferencia_titanic_v1 to None, run_after=None
[2026-05-20T15:11:41.864+0000] {processor.py:208} INFO - Processing /workspaces/meu-primeiro-etl-airflow/airflow/dags/dag_inferencia_titanic.py took 2.126 seconds
[2026-05-20T15:12:12.581+0000] {processor.py:186} INFO - Started process (PID=62953) to work on /workspaces/meu-primeiro-etl-airflow/airflow/dags/dag_inferencia_titanic.py
[2026-05-20T15:12:12.582+0000] {processor.py:914} INFO - Processing file /workspaces/meu-primeiro-etl-airflow/airflow/dags/dag_inferencia_titanic.py for tasks to queue
[2026-05-20T15:12:12.585+0000] {logging_mixin.py:190} INFO - [2026-05-20T15:12:12.585+0000] {dagbag.py:588} INFO - Filling up the DagBag from /workspaces/meu-primeiro-etl-airflow/airflow/dags/dag_inferencia_titanic.py
[2026-05-20T15:12:14.417+0000] {processor.py:925} INFO - DAG(s) 'atv7_inferencia_titanic_v1' retrieved from /workspaces/meu-primeiro-etl-airflow/airflow/dags/dag_inferencia_titanic.py
[2026-05-20T15:12:14.433+0000] {logging_mixin.py:190} INFO - [2026-05-20T15:12:14.433+0000] {dag.py:3239} INFO - Sync 1 DAGs
[2026-05-20T15:12:14.444+0000] {logging_mixin.py:190} INFO - [2026-05-20T15:12:14.444+0000] {dag.py:4180} INFO - Setting next_dagrun for atv7_inferencia_titanic_v1 to None, run_after=None
[2026-05-20T15:12:14.461+0000] {processor.py:208} INFO - Processing /workspaces/meu-primeiro-etl-airflow/airflow/dags/dag_inferencia_titanic.py took 1.885 seconds
[2026-05-20T15:13:06.367+0000] {processor.py:186} INFO - Started process (PID=64474) to work on /workspaces/meu-primeiro-etl-airflow/airflow/dags/dag_inferencia_titanic.py
[2026-05-20T15:13:06.368+0000] {processor.py:914} INFO - Processing file /workspaces/meu-primeiro-etl-airflow/airflow/dags/dag_inferencia_titanic.py for tasks to queue
[2026-05-20T15:13:06.370+0000] {logging_mixin.py:190} INFO - [2026-05-20T15:13:06.369+0000] {dagbag.py:588} INFO - Filling up the DagBag from /workspaces/meu-primeiro-etl-airflow/airflow/dags/dag_inferencia_titanic.py
[2026-05-20T15:13:08.205+0000] {processor.py:925} INFO - DAG(s) 'atv7_inferencia_titanic_v1' retrieved from /workspaces/meu-primeiro-etl-airflow/airflow/dags/dag_inferencia_titanic.py
[2026-05-20T15:13:08.220+0000] {logging_mixin.py:190} INFO - [2026-05-20T15:13:08.219+0000] {dag.py:3239} INFO - Sync 1 DAGs
[2026-05-20T15:13:08.229+0000] {logging_mixin.py:190} INFO - [2026-05-20T15:13:08.228+0000] {dag.py:4180} INFO - Setting next_dagrun for atv7_inferencia_titanic_v1 to None, run_after=None
[2026-05-20T15:13:08.250+0000] {processor.py:208} INFO - Processing /workspaces/meu-primeiro-etl-airflow/airflow/dags/dag_inferencia_titanic.py took 1.889 seconds
[2026-05-20T15:14:08.117+0000] {processor.py:186} INFO - Started process (PID=66050) to work on /workspaces/meu-primeiro-etl-airflow/airflow/dags/dag_inferencia_titanic.py
[2026-05-20T15:14:08.120+0000] {processor.py:914} INFO - Processing file /workspaces/meu-primeiro-etl-airflow/airflow/dags/dag_inferencia_titanic.py for tasks to queue
[2026-05-20T15:14:08.123+0000] {logging_mixin.py:190} INFO - [2026-05-20T15:14:08.122+0000] {dagbag.py:588} INFO - Filling up the DagBag from /workspaces/meu-primeiro-etl-airflow/airflow/dags/dag_inferencia_titanic.py
[2026-05-20T15:14:09.582+0000] {processor.py:925} INFO - DAG(s) 'atv7_inferencia_titanic_v1' retrieved from /workspaces/meu-primeiro-etl-airflow/airflow/dags/dag_inferencia_titanic.py
[2026-05-20T15:14:09.595+0000] {logging_mixin.py:190} INFO - [2026-05-20T15:14:09.595+0000] {dag.py:3239} INFO - Sync 1 DAGs
[2026-05-20T15:14:09.604+0000] {logging_mixin.py:190} INFO - [2026-05-20T15:14:09.604+0000] {dag.py:4180} INFO - Setting next_dagrun for atv7_inferencia_titanic_v1 to None, run_after=None
[2026-05-20T15:14:09.621+0000] {processor.py:208} INFO - Processing /workspaces/meu-primeiro-etl-airflow/airflow/dags/dag_inferencia_titanic.py took 1.509 seconds
[2026-05-20T15:14:39.969+0000] {processor.py:186} INFO - Started process (PID=66453) to work on /workspaces/meu-primeiro-etl-airflow/airflow/dags/dag_inferencia_titanic.py
[2026-05-20T15:14:39.969+0000] {processor.py:914} INFO - Processing file /workspaces/meu-primeiro-etl-airflow/airflow/dags/dag_inferencia_titanic.py for tasks to queue
[2026-05-20T15:14:39.972+0000] {logging_mixin.py:190} INFO - [2026-05-20T15:14:39.971+0000] {dagbag.py:588} INFO - Filling up the DagBag from /workspaces/meu-primeiro-etl-airflow/airflow/dags/dag_inferencia_titanic.py
[2026-05-20T15:14:41.352+0000] {processor.py:925} INFO - DAG(s) 'atv7_inferencia_titanic_v1' retrieved from /workspaces/meu-primeiro-etl-airflow/airflow/dags/dag_inferencia_titanic.py
[2026-05-20T15:14:41.375+0000] {logging_mixin.py:190} INFO - [2026-05-20T15:14:41.374+0000] {dag.py:3239} INFO - Sync 1 DAGs
[2026-05-20T15:14:41.387+0000] {logging_mixin.py:190} INFO - [2026-05-20T15:14:41.386+0000] {dag.py:4180} INFO - Setting next_dagrun for atv7_inferencia_titanic_v1 to None, run_after=None
[2026-05-20T15:14:41.421+0000] {processor.py:208} INFO - Processing /workspaces/meu-primeiro-etl-airflow/airflow/dags/dag_inferencia_titanic.py took 1.457 seconds
[2026-05-20T15:15:36.782+0000] {processor.py:186} INFO - Started process (PID=67058) to work on /workspaces/meu-primeiro-etl-airflow/airflow/dags/dag_inferencia_titanic.py
[2026-05-20T15:15:36.783+0000] {processor.py:914} INFO - Processing file /workspaces/meu-primeiro-etl-airflow/airflow/dags/dag_inferencia_titanic.py for tasks to queue
[2026-05-20T15:15:36.785+0000] {logging_mixin.py:190} INFO - [2026-05-20T15:15:36.784+0000] {dagbag.py:588} INFO - Filling up the DagBag from /workspaces/meu-primeiro-etl-airflow/airflow/dags/dag_inferencia_titanic.py
[2026-05-20T15:15:38.222+0000] {processor.py:925} INFO - DAG(s) 'atv7_inferencia_titanic_v1' retrieved from /workspaces/meu-primeiro-etl-airflow/airflow/dags/dag_inferencia_titanic.py
[2026-05-20T15:15:38.240+0000] {logging_mixin.py:190} INFO - [2026-05-20T15:15:38.239+0000] {dag.py:3239} INFO - Sync 1 DAGs
[2026-05-20T15:15:38.252+0000] {logging_mixin.py:190} INFO - [2026-05-20T15:15:38.251+0000] {dag.py:4180} INFO - Setting next_dagrun for atv7_inferencia_titanic_v1 to None, run_after=None
[2026-05-20T15:15:38.267+0000] {processor.py:208} INFO - Processing /workspaces/meu-primeiro-etl-airflow/airflow/dags/dag_inferencia_titanic.py took 1.489 seconds
[2026-05-20T15:16:08.940+0000] {processor.py:186} INFO - Started process (PID=67425) to work on /workspaces/meu-primeiro-etl-airflow/airflow/dags/dag_inferencia_titanic.py
[2026-05-20T15:16:08.943+0000] {processor.py:914} INFO - Processing file /workspaces/meu-primeiro-etl-airflow/airflow/dags/dag_inferencia_titanic.py for tasks to queue
[2026-05-20T15:16:08.949+0000] {logging_mixin.py:190} INFO - [2026-05-20T15:16:08.949+0000] {dagbag.py:588} INFO - Filling up the DagBag from /workspaces/meu-primeiro-etl-airflow/airflow/dags/dag_inferencia_titanic.py
[2026-05-20T15:16:10.747+0000] {processor.py:925} INFO - DAG(s) 'atv7_inferencia_titanic_v1' retrieved from /workspaces/meu-primeiro-etl-airflow/airflow/dags/dag_inferencia_titanic.py
[2026-05-20T15:16:10.764+0000] {logging_mixin.py:190} INFO - [2026-05-20T15:16:10.764+0000] {dag.py:3239} INFO - Sync 1 DAGs
[2026-05-20T15:16:10.774+0000] {logging_mixin.py:190} INFO - [2026-05-20T15:16:10.774+0000] {dag.py:4180} INFO - Setting next_dagrun for atv7_inferencia_titanic_v1 to None, run_after=None
[2026-05-20T15:16:10.791+0000] {processor.py:208} INFO - Processing /workspaces/meu-primeiro-etl-airflow/airflow/dags/dag_inferencia_titanic.py took 1.882 seconds
[2026-05-20T15:16:42.309+0000] {processor.py:186} INFO - Started process (PID=67868) to work on /workspaces/meu-primeiro-etl-airflow/airflow/dags/dag_inferencia_titanic.py
[2026-05-20T15:16:42.310+0000] {processor.py:914} INFO - Processing file /workspaces/meu-primeiro-etl-airflow/airflow/dags/dag_inferencia_titanic.py for tasks to queue
[2026-05-20T15:16:42.313+0000] {logging_mixin.py:190} INFO - [2026-05-20T15:16:42.313+0000] {dagbag.py:588} INFO - Filling up the DagBag from /workspaces/meu-primeiro-etl-airflow/airflow/dags/dag_inferencia_titanic.py
[2026-05-20T15:16:43.839+0000] {processor.py:925} INFO - DAG(s) 'atv7_inferencia_titanic_v1' retrieved from /workspaces/meu-primeiro-etl-airflow/airflow/dags/dag_inferencia_titanic.py
[2026-05-20T15:16:43.856+0000] {logging_mixin.py:190} INFO - [2026-05-20T15:16:43.856+0000] {dag.py:3239} INFO - Sync 1 DAGs
[2026-05-20T15:16:43.865+0000] {logging_mixin.py:190} INFO - [2026-05-20T15:16:43.864+0000] {dag.py:4180} INFO - Setting next_dagrun for atv7_inferencia_titanic_v1 to None, run_after=None
[2026-05-20T15:16:43.881+0000] {processor.py:208} INFO - Processing /workspaces/meu-primeiro-etl-airflow/airflow/dags/dag_inferencia_titanic.py took 1.576 seconds
[2026-05-20T15:17:41.136+0000] {processor.py:186} INFO - Started process (PID=69183) to work on /workspaces/meu-primeiro-etl-airflow/airflow/dags/dag_inferencia_titanic.py
[2026-05-20T15:17:41.139+0000] {processor.py:914} INFO - Processing file /workspaces/meu-primeiro-etl-airflow/airflow/dags/dag_inferencia_titanic.py for tasks to queue
[2026-05-20T15:17:41.142+0000] {logging_mixin.py:190} INFO - [2026-05-20T15:17:41.141+0000] {dagbag.py:588} INFO - Filling up the DagBag from /workspaces/meu-primeiro-etl-airflow/airflow/dags/dag_inferencia_titanic.py
[2026-05-20T15:17:42.986+0000] {processor.py:925} INFO - DAG(s) 'atv7_inferencia_titanic_v1' retrieved from /workspaces/meu-primeiro-etl-airflow/airflow/dags/dag_inferencia_titanic.py
[2026-05-20T15:17:43.003+0000] {logging_mixin.py:190} INFO - [2026-05-20T15:17:43.003+0000] {dag.py:3239} INFO - Sync 1 DAGs
[2026-05-20T15:17:43.023+0000] {logging_mixin.py:190} INFO - [2026-05-20T15:17:43.022+0000] {dag.py:4180} INFO - Setting next_dagrun for atv7_inferencia_titanic_v1 to None, run_after=None
[2026-05-20T15:17:43.052+0000] {processor.py:208} INFO - Processing /workspaces/meu-primeiro-etl-airflow/airflow/dags/dag_inferencia_titanic.py took 1.922 seconds
[2026-05-20T15:18:13.329+0000] {processor.py:186} INFO - Started process (PID=69478) to work on /workspaces/meu-primeiro-etl-airflow/airflow/dags/dag_inferencia_titanic.py
[2026-05-20T15:18:13.330+0000] {processor.py:914} INFO - Processing file /workspaces/meu-primeiro-etl-airflow/airflow/dags/dag_inferencia_titanic.py for tasks to queue
[2026-05-20T15:18:13.333+0000] {logging_mixin.py:190} INFO - [2026-05-20T15:18:13.332+0000] {dagbag.py:588} INFO - Filling up the DagBag from /workspaces/meu-primeiro-etl-airflow/airflow/dags/dag_inferencia_titanic.py
[2026-05-20T15:18:15.273+0000] {processor.py:925} INFO - DAG(s) 'atv7_inferencia_titanic_v1' retrieved from /workspaces/meu-primeiro-etl-airflow/airflow/dags/dag_inferencia_titanic.py
[2026-05-20T15:18:15.287+0000] {logging_mixin.py:190} INFO - [2026-05-20T15:18:15.286+0000] {dag.py:3239} INFO - Sync 1 DAGs
[2026-05-20T15:18:15.295+0000] {logging_mixin.py:190} INFO - [2026-05-20T15:18:15.295+0000] {dag.py:4180} INFO - Setting next_dagrun for atv7_inferencia_titanic_v1 to None, run_after=None
[2026-05-20T15:18:15.311+0000] {processor.py:208} INFO - Processing /workspaces/meu-primeiro-etl-airflow/airflow/dags/dag_inferencia_titanic.py took 1.988 seconds
[2026-05-20T15:18:45.470+0000] {processor.py:186} INFO - Started process (PID=69847) to work on /workspaces/meu-primeiro-etl-airflow/airflow/dags/dag_inferencia_titanic.py
[2026-05-20T15:18:45.471+0000] {processor.py:914} INFO - Processing file /workspaces/meu-primeiro-etl-airflow/airflow/dags/dag_inferencia_titanic.py for tasks to queue
[2026-05-20T15:18:45.473+0000] {logging_mixin.py:190} INFO - [2026-05-20T15:18:45.472+0000] {dagbag.py:588} INFO - Filling up the DagBag from /workspaces/meu-primeiro-etl-airflow/airflow/dags/dag_inferencia_titanic.py
[2026-05-20T15:18:46.936+0000] {processor.py:925} INFO - DAG(s) 'atv7_inferencia_titanic_v1' retrieved from /workspaces/meu-primeiro-etl-airflow/airflow/dags/dag_inferencia_titanic.py
[2026-05-20T15:18:46.952+0000] {logging_mixin.py:190} INFO - [2026-05-20T15:18:46.951+0000] {dag.py:3239} INFO - Sync 1 DAGs
[2026-05-20T15:18:46.966+0000] {logging_mixin.py:190} INFO - [2026-05-20T15:18:46.966+0000] {dag.py:4180} INFO - Setting next_dagrun for atv7_inferencia_titanic_v1 to None, run_after=None
[2026-05-20T15:18:46.985+0000] {processor.py:208} INFO - Processing /workspaces/meu-primeiro-etl-airflow/airflow/dags/dag_inferencia_titanic.py took 1.519 seconds
[2026-05-20T15:19:17.156+0000] {processor.py:186} INFO - Started process (PID=70128) to work on /workspaces/meu-primeiro-etl-airflow/airflow/dags/dag_inferencia_titanic.py
[2026-05-20T15:19:17.157+0000] {processor.py:914} INFO - Processing file /workspaces/meu-primeiro-etl-airflow/airflow/dags/dag_inferencia_titanic.py for tasks to queue
[2026-05-20T15:19:17.159+0000] {logging_mixin.py:190} INFO - [2026-05-20T15:19:17.158+0000] {dagbag.py:588} INFO - Filling up the DagBag from /workspaces/meu-primeiro-etl-airflow/airflow/dags/dag_inferencia_titanic.py
[2026-05-20T15:19:18.688+0000] {processor.py:925} INFO - DAG(s) 'atv7_inferencia_titanic_v1' retrieved from /workspaces/meu-primeiro-etl-airflow/airflow/dags/dag_inferencia_titanic.py
[2026-05-20T15:19:18.701+0000] {logging_mixin.py:190} INFO - [2026-05-20T15:19:18.701+0000] {dag.py:3239} INFO - Sync 1 DAGs
[2026-05-20T15:19:18.710+0000] {logging_mixin.py:190} INFO - [2026-05-20T15:19:18.709+0000] {dag.py:4180} INFO - Setting next_dagrun for atv7_inferencia_titanic_v1 to None, run_after=None
[2026-05-20T15:19:18.727+0000] {processor.py:208} INFO - Processing /workspaces/meu-primeiro-etl-airflow/airflow/dags/dag_inferencia_titanic.py took 1.575 seconds
[2026-05-20T15:19:49.122+0000] {processor.py:186} INFO - Started process (PID=70431) to work on /workspaces/meu-primeiro-etl-airflow/airflow/dags/dag_inferencia_titanic.py
[2026-05-20T15:19:49.122+0000] {processor.py:914} INFO - Processing file /workspaces/meu-primeiro-etl-airflow/airflow/dags/dag_inferencia_titanic.py for tasks to queue
[2026-05-20T15:19:49.124+0000] {logging_mixin.py:190} INFO - [2026-05-20T15:19:49.124+0000] {dagbag.py:588} INFO - Filling up the DagBag from /workspaces/meu-primeiro-etl-airflow/airflow/dags/dag_inferencia_titanic.py
[2026-05-20T15:19:50.624+0000] {processor.py:925} INFO - DAG(s) 'atv7_inferencia_titanic_v1' retrieved from /workspaces/meu-primeiro-etl-airflow/airflow/dags/dag_inferencia_titanic.py
[2026-05-20T15:19:50.640+0000] {logging_mixin.py:190} INFO - [2026-05-20T15:19:50.639+0000] {dag.py:3239} INFO - Sync 1 DAGs
[2026-05-20T15:19:50.652+0000] {logging_mixin.py:190} INFO - [2026-05-20T15:19:50.651+0000] {dag.py:4180} INFO - Setting next_dagrun for atv7_inferencia_titanic_v1 to None, run_after=None
[2026-05-20T15:19:50.667+0000] {processor.py:208} INFO - Processing /workspaces/meu-primeiro-etl-airflow/airflow/dags/dag_inferencia_titanic.py took 1.550 seconds
[2026-05-20T15:20:24.253+0000] {processor.py:186} INFO - Started process (PID=70681) to work on /workspaces/meu-primeiro-etl-airflow/airflow/dags/dag_inferencia_titanic.py
[2026-05-20T15:20:24.254+0000] {processor.py:914} INFO - Processing file /workspaces/meu-primeiro-etl-airflow/airflow/dags/dag_inferencia_titanic.py for tasks to queue
[2026-05-20T15:20:24.257+0000] {logging_mixin.py:190} INFO - [2026-05-20T15:20:24.256+0000] {dagbag.py:588} INFO - Filling up the DagBag from /workspaces/meu-primeiro-etl-airflow/airflow/dags/dag_inferencia_titanic.py
[2026-05-20T15:20:26.167+0000] {processor.py:925} INFO - DAG(s) 'atv7_inferencia_titanic_v1' retrieved from /workspaces/meu-primeiro-etl-airflow/airflow/dags/dag_inferencia_titanic.py
[2026-05-20T15:20:26.179+0000] {logging_mixin.py:190} INFO - [2026-05-20T15:20:26.179+0000] {dag.py:3239} INFO - Sync 1 DAGs
[2026-05-20T15:20:26.189+0000] {logging_mixin.py:190} INFO - [2026-05-20T15:20:26.188+0000] {dag.py:4180} INFO - Setting next_dagrun for atv7_inferencia_titanic_v1 to None, run_after=None
[2026-05-20T15:20:26.203+0000] {processor.py:208} INFO - Processing /workspaces/meu-primeiro-etl-airflow/airflow/dags/dag_inferencia_titanic.py took 1.963 seconds
[2026-05-20T15:20:58.348+0000] {processor.py:186} INFO - Started process (PID=71163) to work on /workspaces/meu-primeiro-etl-airflow/airflow/dags/dag_inferencia_titanic.py
[2026-05-20T15:20:58.349+0000] {processor.py:914} INFO - Processing file /workspaces/meu-primeiro-etl-airflow/airflow/dags/dag_inferencia_titanic.py for tasks to queue
[2026-05-20T15:20:58.351+0000] {logging_mixin.py:190} INFO - [2026-05-20T15:20:58.350+0000] {dagbag.py:588} INFO - Filling up the DagBag from /workspaces/meu-primeiro-etl-airflow/airflow/dags/dag_inferencia_titanic.py
[2026-05-20T15:20:59.788+0000] {processor.py:925} INFO - DAG(s) 'atv7_inferencia_titanic_v1' retrieved from /workspaces/meu-primeiro-etl-airflow/airflow/dags/dag_inferencia_titanic.py
[2026-05-20T15:20:59.822+0000] {logging_mixin.py:190} INFO - [2026-05-20T15:20:59.822+0000] {dag.py:3239} INFO - Sync 1 DAGs
[2026-05-20T15:20:59.848+0000] {logging_mixin.py:190} INFO - [2026-05-20T15:20:59.847+0000] {dag.py:4180} INFO - Setting next_dagrun for atv7_inferencia_titanic_v1 to None, run_after=None
[2026-05-20T15:20:59.871+0000] {processor.py:208} INFO - Processing /workspaces/meu-primeiro-etl-airflow/airflow/dags/dag_inferencia_titanic.py took 1.529 seconds
[2026-05-20T15:21:30.462+0000] {processor.py:186} INFO - Started process (PID=71683) to work on /workspaces/meu-primeiro-etl-airflow/airflow/dags/dag_inferencia_titanic.py
[2026-05-20T15:21:30.463+0000] {processor.py:914} INFO - Processing file /workspaces/meu-primeiro-etl-airflow/airflow/dags/dag_inferencia_titanic.py for tasks to queue
[2026-05-20T15:21:30.465+0000] {logging_mixin.py:190} INFO - [2026-05-20T15:21:30.465+0000] {dagbag.py:588} INFO - Filling up the DagBag from /workspaces/meu-primeiro-etl-airflow/airflow/dags/dag_inferencia_titanic.py
[2026-05-20T15:21:32.053+0000] {processor.py:925} INFO - DAG(s) 'atv7_inferencia_titanic_v1' retrieved from /workspaces/meu-primeiro-etl-airflow/airflow/dags/dag_inferencia_titanic.py
[2026-05-20T15:21:32.067+0000] {logging_mixin.py:190} INFO - [2026-05-20T15:21:32.066+0000] {dag.py:3239} INFO - Sync 1 DAGs
[2026-05-20T15:21:32.075+0000] {logging_mixin.py:190} INFO - [2026-05-20T15:21:32.075+0000] {dag.py:4180} INFO - Setting next_dagrun for atv7_inferencia_titanic_v1 to None, run_after=None
[2026-05-20T15:21:32.092+0000] {processor.py:208} INFO - Processing /workspaces/meu-primeiro-etl-airflow/airflow/dags/dag_inferencia_titanic.py took 1.634 seconds
[2026-05-20T15:22:25.108+0000] {processor.py:186} INFO - Started process (PID=72534) to work on /workspaces/meu-primeiro-etl-airflow/airflow/dags/dag_inferencia_titanic.py
[2026-05-20T15:22:25.109+0000] {processor.py:914} INFO - Processing file /workspaces/meu-primeiro-etl-airflow/airflow/dags/dag_inferencia_titanic.py for tasks to queue
[2026-05-20T15:22:25.111+0000] {logging_mixin.py:190} INFO - [2026-05-20T15:22:25.110+0000] {dagbag.py:588} INFO - Filling up the DagBag from /workspaces/meu-primeiro-etl-airflow/airflow/dags/dag_inferencia_titanic.py
[2026-05-20T15:22:26.918+0000] {processor.py:925} INFO - DAG(s) 'atv7_inferencia_titanic_v1' retrieved from /workspaces/meu-primeiro-etl-airflow/airflow/dags/dag_inferencia_titanic.py
[2026-05-20T15:22:26.933+0000] {logging_mixin.py:190} INFO - [2026-05-20T15:22:26.932+0000] {dag.py:3239} INFO - Sync 1 DAGs
[2026-05-20T15:22:26.945+0000] {logging_mixin.py:190} INFO - [2026-05-20T15:22:26.945+0000] {dag.py:4180} INFO - Setting next_dagrun for atv7_inferencia_titanic_v1 to None, run_after=None
[2026-05-20T15:22:26.966+0000] {processor.py:208} INFO - Processing /workspaces/meu-primeiro-etl-airflow/airflow/dags/dag_inferencia_titanic.py took 1.862 seconds
[2026-05-20T15:22:57.285+0000] {processor.py:186} INFO - Started process (PID=72888) to work on /workspaces/meu-primeiro-etl-airflow/airflow/dags/dag_inferencia_titanic.py
[2026-05-20T15:22:57.286+0000] {processor.py:914} INFO - Processing file /workspaces/meu-primeiro-etl-airflow/airflow/dags/dag_inferencia_titanic.py for tasks to queue
[2026-05-20T15:22:57.288+0000] {logging_mixin.py:190} INFO - [2026-05-20T15:22:57.288+0000] {dagbag.py:588} INFO - Filling up the DagBag from /workspaces/meu-primeiro-etl-airflow/airflow/dags/dag_inferencia_titanic.py
[2026-05-20T15:22:58.785+0000] {processor.py:925} INFO - DAG(s) 'atv7_inferencia_titanic_v1' retrieved from /workspaces/meu-primeiro-etl-airflow/airflow/dags/dag_inferencia_titanic.py
[2026-05-20T15:22:58.799+0000] {logging_mixin.py:190} INFO - [2026-05-20T15:22:58.799+0000] {dag.py:3239} INFO - Sync 1 DAGs
[2026-05-20T15:22:58.808+0000] {logging_mixin.py:190} INFO - [2026-05-20T15:22:58.807+0000] {dag.py:4180} INFO - Setting next_dagrun for atv7_inferencia_titanic_v1 to None, run_after=None
[2026-05-20T15:22:58.823+0000] {processor.py:208} INFO - Processing /workspaces/meu-primeiro-etl-airflow/airflow/dags/dag_inferencia_titanic.py took 1.543 seconds
[2026-05-20T15:23:29.169+0000] {processor.py:186} INFO - Started process (PID=73291) to work on /workspaces/meu-primeiro-etl-airflow/airflow/dags/dag_inferencia_titanic.py
[2026-05-20T15:23:29.170+0000] {processor.py:914} INFO - Processing file /workspaces/meu-primeiro-etl-airflow/airflow/dags/dag_inferencia_titanic.py for tasks to queue
[2026-05-20T15:23:29.174+0000] {logging_mixin.py:190} INFO - [2026-05-20T15:23:29.174+0000] {dagbag.py:588} INFO - Filling up the DagBag from /workspaces/meu-primeiro-etl-airflow/airflow/dags/dag_inferencia_titanic.py
[2026-05-20T15:23:30.671+0000] {processor.py:925} INFO - DAG(s) 'atv7_inferencia_titanic_v1' retrieved from /workspaces/meu-primeiro-etl-airflow/airflow/dags/dag_inferencia_titanic.py
[2026-05-20T15:23:30.684+0000] {logging_mixin.py:190} INFO - [2026-05-20T15:23:30.683+0000] {dag.py:3239} INFO - Sync 1 DAGs
[2026-05-20T15:23:30.692+0000] {logging_mixin.py:190} INFO - [2026-05-20T15:23:30.692+0000] {dag.py:4180} INFO - Setting next_dagrun for atv7_inferencia_titanic_v1 to None, run_after=None
[2026-05-20T15:23:30.710+0000] {processor.py:208} INFO - Processing /workspaces/meu-primeiro-etl-airflow/airflow/dags/dag_inferencia_titanic.py took 1.546 seconds
[2026-05-20T15:24:00.876+0000] {processor.py:186} INFO - Started process (PID=73516) to work on /workspaces/meu-primeiro-etl-airflow/airflow/dags/dag_inferencia_titanic.py
[2026-05-20T15:24:00.877+0000] {processor.py:914} INFO - Processing file /workspaces/meu-primeiro-etl-airflow/airflow/dags/dag_inferencia_titanic.py for tasks to queue
[2026-05-20T15:24:00.879+0000] {logging_mixin.py:190} INFO - [2026-05-20T15:24:00.878+0000] {dagbag.py:588} INFO - Filling up the DagBag from /workspaces/meu-primeiro-etl-airflow/airflow/dags/dag_inferencia_titanic.py
[2026-05-20T15:24:02.333+0000] {processor.py:925} INFO - DAG(s) 'atv7_inferencia_titanic_v1' retrieved from /workspaces/meu-primeiro-etl-airflow/airflow/dags/dag_inferencia_titanic.py
[2026-05-20T15:24:02.348+0000] {logging_mixin.py:190} INFO - [2026-05-20T15:24:02.348+0000] {dag.py:3239} INFO - Sync 1 DAGs
[2026-05-20T15:24:02.356+0000] {logging_mixin.py:190} INFO - [2026-05-20T15:24:02.356+0000] {dag.py:4180} INFO - Setting next_dagrun for atv7_inferencia_titanic_v1 to None, run_after=None
[2026-05-20T15:24:02.371+0000] {processor.py:208} INFO - Processing /workspaces/meu-primeiro-etl-airflow/airflow/dags/dag_inferencia_titanic.py took 1.499 seconds
[2026-05-20T15:24:32.515+0000] {processor.py:186} INFO - Started process (PID=73856) to work on /workspaces/meu-primeiro-etl-airflow/airflow/dags/dag_inferencia_titanic.py
[2026-05-20T15:24:32.516+0000] {processor.py:914} INFO - Processing file /workspaces/meu-primeiro-etl-airflow/airflow/dags/dag_inferencia_titanic.py for tasks to queue
[2026-05-20T15:24:32.518+0000] {logging_mixin.py:190} INFO - [2026-05-20T15:24:32.518+0000] {dagbag.py:588} INFO - Filling up the DagBag from /workspaces/meu-primeiro-etl-airflow/airflow/dags/dag_inferencia_titanic.py
[2026-05-20T15:24:33.954+0000] {processor.py:925} INFO - DAG(s) 'atv7_inferencia_titanic_v1' retrieved from /workspaces/meu-primeiro-etl-airflow/airflow/dags/dag_inferencia_titanic.py
[2026-05-20T15:24:33.969+0000] {logging_mixin.py:190} INFO - [2026-05-20T15:24:33.969+0000] {dag.py:3239} INFO - Sync 1 DAGs
[2026-05-20T15:24:33.979+0000] {logging_mixin.py:190} INFO - [2026-05-20T15:24:33.979+0000] {dag.py:4180} INFO - Setting next_dagrun for atv7_inferencia_titanic_v1 to None, run_after=None
[2026-05-20T15:24:34.042+0000] {processor.py:208} INFO - Processing /workspaces/meu-primeiro-etl-airflow/airflow/dags/dag_inferencia_titanic.py took 1.533 seconds
[2026-05-20T15:25:04.327+0000] {processor.py:186} INFO - Started process (PID=74135) to work on /workspaces/meu-primeiro-etl-airflow/airflow/dags/dag_inferencia_titanic.py
[2026-05-20T15:25:04.328+0000] {processor.py:914} INFO - Processing file /workspaces/meu-primeiro-etl-airflow/airflow/dags/dag_inferencia_titanic.py for tasks to queue
[2026-05-20T15:25:04.331+0000] {logging_mixin.py:190} INFO - [2026-05-20T15:25:04.330+0000] {dagbag.py:588} INFO - Filling up the DagBag from /workspaces/meu-primeiro-etl-airflow/airflow/dags/dag_inferencia_titanic.py
[2026-05-20T15:25:06.078+0000] {processor.py:925} INFO - DAG(s) 'atv7_inferencia_titanic_v1' retrieved from /workspaces/meu-primeiro-etl-airflow/airflow/dags/dag_inferencia_titanic.py
[2026-05-20T15:25:06.092+0000] {logging_mixin.py:190} INFO - [2026-05-20T15:25:06.091+0000] {dag.py:3239} INFO - Sync 1 DAGs
[2026-05-20T15:25:06.100+0000] {logging_mixin.py:190} INFO - [2026-05-20T15:25:06.100+0000] {dag.py:4180} INFO - Setting next_dagrun for atv7_inferencia_titanic_v1 to None, run_after=None
[2026-05-20T15:25:06.118+0000] {processor.py:208} INFO - Processing /workspaces/meu-primeiro-etl-airflow/airflow/dags/dag_inferencia_titanic.py took 1.796 seconds
[2026-05-20T15:25:36.252+0000] {processor.py:186} INFO - Started process (PID=74437) to work on /workspaces/meu-primeiro-etl-airflow/airflow/dags/dag_inferencia_titanic.py
[2026-05-20T15:25:36.252+0000] {processor.py:914} INFO - Processing file /workspaces/meu-primeiro-etl-airflow/airflow/dags/dag_inferencia_titanic.py for tasks to queue
[2026-05-20T15:25:36.254+0000] {logging_mixin.py:190} INFO - [2026-05-20T15:25:36.254+0000] {dagbag.py:588} INFO - Filling up the DagBag from /workspaces/meu-primeiro-etl-airflow/airflow/dags/dag_inferencia_titanic.py
[2026-05-20T15:25:37.676+0000] {processor.py:925} INFO - DAG(s) 'atv7_inferencia_titanic_v1' retrieved from /workspaces/meu-primeiro-etl-airflow/airflow/dags/dag_inferencia_titanic.py
[2026-05-20T15:25:37.690+0000] {logging_mixin.py:190} INFO - [2026-05-20T15:25:37.690+0000] {dag.py:3239} INFO - Sync 1 DAGs
[2026-05-20T15:25:37.700+0000] {logging_mixin.py:190} INFO - [2026-05-20T15:25:37.700+0000] {dag.py:4180} INFO - Setting next_dagrun for atv7_inferencia_titanic_v1 to None, run_after=None
[2026-05-20T15:25:37.716+0000] {processor.py:208} INFO - Processing /workspaces/meu-primeiro-etl-airflow/airflow/dags/dag_inferencia_titanic.py took 1.469 seconds
[2026-05-20T15:26:09.017+0000] {processor.py:186} INFO - Started process (PID=74679) to work on /workspaces/meu-primeiro-etl-airflow/airflow/dags/dag_inferencia_titanic.py
[2026-05-20T15:26:09.018+0000] {processor.py:914} INFO - Processing file /workspaces/meu-primeiro-etl-airflow/airflow/dags/dag_inferencia_titanic.py for tasks to queue
[2026-05-20T15:26:09.019+0000] {logging_mixin.py:190} INFO - [2026-05-20T15:26:09.019+0000] {dagbag.py:588} INFO - Filling up the DagBag from /workspaces/meu-primeiro-etl-airflow/airflow/dags/dag_inferencia_titanic.py
[2026-05-20T15:26:10.741+0000] {processor.py:925} INFO - DAG(s) 'atv7_inferencia_titanic_v1' retrieved from /workspaces/meu-primeiro-etl-airflow/airflow/dags/dag_inferencia_titanic.py
[2026-05-20T15:26:10.756+0000] {logging_mixin.py:190} INFO - [2026-05-20T15:26:10.756+0000] {dag.py:3239} INFO - Sync 1 DAGs
[2026-05-20T15:26:10.766+0000] {logging_mixin.py:190} INFO - [2026-05-20T15:26:10.765+0000] {dag.py:4180} INFO - Setting next_dagrun for atv7_inferencia_titanic_v1 to None, run_after=None
[2026-05-20T15:26:10.781+0000] {processor.py:208} INFO - Processing /workspaces/meu-primeiro-etl-airflow/airflow/dags/dag_inferencia_titanic.py took 1.769 seconds
[2026-05-20T15:26:41.882+0000] {processor.py:186} INFO - Started process (PID=75044) to work on /workspaces/meu-primeiro-etl-airflow/airflow/dags/dag_inferencia_titanic.py
[2026-05-20T15:26:41.883+0000] {processor.py:914} INFO - Processing file /workspaces/meu-primeiro-etl-airflow/airflow/dags/dag_inferencia_titanic.py for tasks to queue
[2026-05-20T15:26:41.885+0000] {logging_mixin.py:190} INFO - [2026-05-20T15:26:41.884+0000] {dagbag.py:588} INFO - Filling up the DagBag from /workspaces/meu-primeiro-etl-airflow/airflow/dags/dag_inferencia_titanic.py
[2026-05-20T15:26:43.317+0000] {processor.py:925} INFO - DAG(s) 'atv7_inferencia_titanic_v1' retrieved from /workspaces/meu-primeiro-etl-airflow/airflow/dags/dag_inferencia_titanic.py
[2026-05-20T15:26:43.334+0000] {logging_mixin.py:190} INFO - [2026-05-20T15:26:43.334+0000] {dag.py:3239} INFO - Sync 1 DAGs
[2026-05-20T15:26:43.346+0000] {logging_mixin.py:190} INFO - [2026-05-20T15:26:43.346+0000] {dag.py:4180} INFO - Setting next_dagrun for atv7_inferencia_titanic_v1 to None, run_after=None
[2026-05-20T15:26:43.366+0000] {processor.py:208} INFO - Processing /workspaces/meu-primeiro-etl-airflow/airflow/dags/dag_inferencia_titanic.py took 1.490 seconds
[2026-05-20T15:28:08.040+0000] {processor.py:186} INFO - Started process (PID=76251) to work on /workspaces/meu-primeiro-etl-airflow/airflow/dags/dag_inferencia_titanic.py
[2026-05-20T15:28:08.041+0000] {processor.py:914} INFO - Processing file /workspaces/meu-primeiro-etl-airflow/airflow/dags/dag_inferencia_titanic.py for tasks to queue
[2026-05-20T15:28:08.043+0000] {logging_mixin.py:190} INFO - [2026-05-20T15:28:08.043+0000] {dagbag.py:588} INFO - Filling up the DagBag from /workspaces/meu-primeiro-etl-airflow/airflow/dags/dag_inferencia_titanic.py
[2026-05-20T15:28:10.174+0000] {processor.py:925} INFO - DAG(s) 'atv7_inferencia_titanic_v1' retrieved from /workspaces/meu-primeiro-etl-airflow/airflow/dags/dag_inferencia_titanic.py
[2026-05-20T15:28:10.187+0000] {logging_mixin.py:190} INFO - [2026-05-20T15:28:10.187+0000] {dag.py:3239} INFO - Sync 1 DAGs
[2026-05-20T15:28:10.198+0000] {logging_mixin.py:190} INFO - [2026-05-20T15:28:10.197+0000] {dag.py:4180} INFO - Setting next_dagrun for atv7_inferencia_titanic_v1 to None, run_after=None
[2026-05-20T15:28:10.214+0000] {processor.py:208} INFO - Processing /workspaces/meu-primeiro-etl-airflow/airflow/dags/dag_inferencia_titanic.py took 2.180 seconds
[2026-05-20T15:29:22.650+0000] {processor.py:186} INFO - Started process (PID=78166) to work on /workspaces/meu-primeiro-etl-airflow/airflow/dags/dag_inferencia_titanic.py
[2026-05-20T15:29:22.651+0000] {processor.py:914} INFO - Processing file /workspaces/meu-primeiro-etl-airflow/airflow/dags/dag_inferencia_titanic.py for tasks to queue
[2026-05-20T15:29:22.653+0000] {logging_mixin.py:190} INFO - [2026-05-20T15:29:22.652+0000] {dagbag.py:588} INFO - Filling up the DagBag from /workspaces/meu-primeiro-etl-airflow/airflow/dags/dag_inferencia_titanic.py
[2026-05-20T15:29:24.124+0000] {processor.py:925} INFO - DAG(s) 'atv7_inferencia_titanic_v1' retrieved from /workspaces/meu-primeiro-etl-airflow/airflow/dags/dag_inferencia_titanic.py
[2026-05-20T15:29:24.140+0000] {logging_mixin.py:190} INFO - [2026-05-20T15:29:24.139+0000] {dag.py:3239} INFO - Sync 1 DAGs
[2026-05-20T15:29:24.150+0000] {logging_mixin.py:190} INFO - [2026-05-20T15:29:24.149+0000] {dag.py:4180} INFO - Setting next_dagrun for atv7_inferencia_titanic_v1 to None, run_after=None
[2026-05-20T15:29:24.164+0000] {processor.py:208} INFO - Processing /workspaces/meu-primeiro-etl-airflow/airflow/dags/dag_inferencia_titanic.py took 1.520 seconds
[2026-05-20T15:29:54.359+0000] {processor.py:186} INFO - Started process (PID=78504) to work on /workspaces/meu-primeiro-etl-airflow/airflow/dags/dag_inferencia_titanic.py
[2026-05-20T15:29:54.359+0000] {processor.py:914} INFO - Processing file /workspaces/meu-primeiro-etl-airflow/airflow/dags/dag_inferencia_titanic.py for tasks to queue
[2026-05-20T15:29:54.363+0000] {logging_mixin.py:190} INFO - [2026-05-20T15:29:54.362+0000] {dagbag.py:588} INFO - Filling up the DagBag from /workspaces/meu-primeiro-etl-airflow/airflow/dags/dag_inferencia_titanic.py
[2026-05-20T15:29:55.848+0000] {processor.py:925} INFO - DAG(s) 'atv7_inferencia_titanic_v1' retrieved from /workspaces/meu-primeiro-etl-airflow/airflow/dags/dag_inferencia_titanic.py
[2026-05-20T15:29:55.862+0000] {logging_mixin.py:190} INFO - [2026-05-20T15:29:55.862+0000] {dag.py:3239} INFO - Sync 1 DAGs
[2026-05-20T15:29:55.871+0000] {logging_mixin.py:190} INFO - [2026-05-20T15:29:55.871+0000] {dag.py:4180} INFO - Setting next_dagrun for atv7_inferencia_titanic_v1 to None, run_after=None
[2026-05-20T15:29:55.887+0000] {processor.py:208} INFO - Processing /workspaces/meu-primeiro-etl-airflow/airflow/dags/dag_inferencia_titanic.py took 1.533 seconds
[2026-05-20T15:30:26.176+0000] {processor.py:186} INFO - Started process (PID=78793) to work on /workspaces/meu-primeiro-etl-airflow/airflow/dags/dag_inferencia_titanic.py
[2026-05-20T15:30:26.177+0000] {processor.py:914} INFO - Processing file /workspaces/meu-primeiro-etl-airflow/airflow/dags/dag_inferencia_titanic.py for tasks to queue
[2026-05-20T15:30:26.178+0000] {logging_mixin.py:190} INFO - [2026-05-20T15:30:26.178+0000] {dagbag.py:588} INFO - Filling up the DagBag from /workspaces/meu-primeiro-etl-airflow/airflow/dags/dag_inferencia_titanic.py
[2026-05-20T15:30:27.548+0000] {processor.py:925} INFO - DAG(s) 'atv7_inferencia_titanic_v1' retrieved from /workspaces/meu-primeiro-etl-airflow/airflow/dags/dag_inferencia_titanic.py
[2026-05-20T15:30:27.561+0000] {logging_mixin.py:190} INFO - [2026-05-20T15:30:27.560+0000] {dag.py:3239} INFO - Sync 1 DAGs
[2026-05-20T15:30:27.568+0000] {logging_mixin.py:190} INFO - [2026-05-20T15:30:27.568+0000] {dag.py:4180} INFO - Setting next_dagrun for atv7_inferencia_titanic_v1 to None, run_after=None
[2026-05-20T15:30:27.583+0000] {processor.py:208} INFO - Processing /workspaces/meu-primeiro-etl-airflow/airflow/dags/dag_inferencia_titanic.py took 1.412 seconds
[2026-05-20T15:30:57.784+0000] {processor.py:186} INFO - Started process (PID=79013) to work on /workspaces/meu-primeiro-etl-airflow/airflow/dags/dag_inferencia_titanic.py
[2026-05-20T15:30:57.785+0000] {processor.py:914} INFO - Processing file /workspaces/meu-primeiro-etl-airflow/airflow/dags/dag_inferencia_titanic.py for tasks to queue
[2026-05-20T15:30:57.787+0000] {logging_mixin.py:190} INFO - [2026-05-20T15:30:57.787+0000] {dagbag.py:588} INFO - Filling up the DagBag from /workspaces/meu-primeiro-etl-airflow/airflow/dags/dag_inferencia_titanic.py
[2026-05-20T15:30:59.100+0000] {processor.py:925} INFO - DAG(s) 'atv7_inferencia_titanic_v1' retrieved from /workspaces/meu-primeiro-etl-airflow/airflow/dags/dag_inferencia_titanic.py
[2026-05-20T15:30:59.112+0000] {logging_mixin.py:190} INFO - [2026-05-20T15:30:59.112+0000] {dag.py:3239} INFO - Sync 1 DAGs
[2026-05-20T15:30:59.120+0000] {logging_mixin.py:190} INFO - [2026-05-20T15:30:59.120+0000] {dag.py:4180} INFO - Setting next_dagrun for atv7_inferencia_titanic_v1 to None, run_after=None
[2026-05-20T15:30:59.138+0000] {processor.py:208} INFO - Processing /workspaces/meu-primeiro-etl-airflow/airflow/dags/dag_inferencia_titanic.py took 1.358 seconds
[2026-05-20T15:31:30.050+0000] {processor.py:186} INFO - Started process (PID=79295) to work on /workspaces/meu-primeiro-etl-airflow/airflow/dags/dag_inferencia_titanic.py
[2026-05-20T15:31:30.051+0000] {processor.py:914} INFO - Processing file /workspaces/meu-primeiro-etl-airflow/airflow/dags/dag_inferencia_titanic.py for tasks to queue
[2026-05-20T15:31:30.053+0000] {logging_mixin.py:190} INFO - [2026-05-20T15:31:30.052+0000] {dagbag.py:588} INFO - Filling up the DagBag from /workspaces/meu-primeiro-etl-airflow/airflow/dags/dag_inferencia_titanic.py
[2026-05-20T15:31:31.575+0000] {processor.py:925} INFO - DAG(s) 'atv7_inferencia_titanic_v1' retrieved from /workspaces/meu-primeiro-etl-airflow/airflow/dags/dag_inferencia_titanic.py
[2026-05-20T15:31:31.588+0000] {logging_mixin.py:190} INFO - [2026-05-20T15:31:31.588+0000] {dag.py:3239} INFO - Sync 1 DAGs
[2026-05-20T15:31:31.599+0000] {logging_mixin.py:190} INFO - [2026-05-20T15:31:31.598+0000] {dag.py:4180} INFO - Setting next_dagrun for atv7_inferencia_titanic_v1 to None, run_after=None
[2026-05-20T15:31:31.617+0000] {processor.py:208} INFO - Processing /workspaces/meu-primeiro-etl-airflow/airflow/dags/dag_inferencia_titanic.py took 1.574 seconds
[2026-05-20T15:32:02.018+0000] {processor.py:186} INFO - Started process (PID=79527) to work on /workspaces/meu-primeiro-etl-airflow/airflow/dags/dag_inferencia_titanic.py
[2026-05-20T15:32:02.019+0000] {processor.py:914} INFO - Processing file /workspaces/meu-primeiro-etl-airflow/airflow/dags/dag_inferencia_titanic.py for tasks to queue
[2026-05-20T15:32:02.021+0000] {logging_mixin.py:190} INFO - [2026-05-20T15:32:02.020+0000] {dagbag.py:588} INFO - Filling up the DagBag from /workspaces/meu-primeiro-etl-airflow/airflow/dags/dag_inferencia_titanic.py
[2026-05-20T15:32:03.568+0000] {processor.py:925} INFO - DAG(s) 'atv7_inferencia_titanic_v1' retrieved from /workspaces/meu-primeiro-etl-airflow/airflow/dags/dag_inferencia_titanic.py
[2026-05-20T15:32:03.584+0000] {logging_mixin.py:190} INFO - [2026-05-20T15:32:03.584+0000] {dag.py:3239} INFO - Sync 1 DAGs
[2026-05-20T15:32:03.593+0000] {logging_mixin.py:190} INFO - [2026-05-20T15:32:03.593+0000] {dag.py:4180} INFO - Setting next_dagrun for atv7_inferencia_titanic_v1 to None, run_after=None
[2026-05-20T15:32:03.609+0000] {processor.py:208} INFO - Processing /workspaces/meu-primeiro-etl-airflow/airflow/dags/dag_inferencia_titanic.py took 1.595 seconds
[2026-05-20T15:32:36.339+0000] {processor.py:186} INFO - Started process (PID=79862) to work on /workspaces/meu-primeiro-etl-airflow/airflow/dags/dag_inferencia_titanic.py
[2026-05-20T15:32:36.340+0000] {processor.py:914} INFO - Processing file /workspaces/meu-primeiro-etl-airflow/airflow/dags/dag_inferencia_titanic.py for tasks to queue
[2026-05-20T15:32:36.343+0000] {logging_mixin.py:190} INFO - [2026-05-20T15:32:36.342+0000] {dagbag.py:588} INFO - Filling up the DagBag from /workspaces/meu-primeiro-etl-airflow/airflow/dags/dag_inferencia_titanic.py
[2026-05-20T15:32:38.575+0000] {processor.py:925} INFO - DAG(s) 'atv7_inferencia_titanic_v1' retrieved from /workspaces/meu-primeiro-etl-airflow/airflow/dags/dag_inferencia_titanic.py
[2026-05-20T15:32:38.589+0000] {logging_mixin.py:190} INFO - [2026-05-20T15:32:38.588+0000] {dag.py:3239} INFO - Sync 1 DAGs
[2026-05-20T15:32:38.598+0000] {logging_mixin.py:190} INFO - [2026-05-20T15:32:38.598+0000] {dag.py:4180} INFO - Setting next_dagrun for atv7_inferencia_titanic_v1 to None, run_after=None
[2026-05-20T15:32:38.616+0000] {processor.py:208} INFO - Processing /workspaces/meu-primeiro-etl-airflow/airflow/dags/dag_inferencia_titanic.py took 2.283 seconds
[2026-05-20T15:33:09.016+0000] {processor.py:186} INFO - Started process (PID=80188) to work on /workspaces/meu-primeiro-etl-airflow/airflow/dags/dag_inferencia_titanic.py
[2026-05-20T15:33:09.017+0000] {processor.py:914} INFO - Processing file /workspaces/meu-primeiro-etl-airflow/airflow/dags/dag_inferencia_titanic.py for tasks to queue
[2026-05-20T15:33:09.019+0000] {logging_mixin.py:190} INFO - [2026-05-20T15:33:09.018+0000] {dagbag.py:588} INFO - Filling up the DagBag from /workspaces/meu-primeiro-etl-airflow/airflow/dags/dag_inferencia_titanic.py
[2026-05-20T15:33:10.517+0000] {processor.py:925} INFO - DAG(s) 'atv7_inferencia_titanic_v1' retrieved from /workspaces/meu-primeiro-etl-airflow/airflow/dags/dag_inferencia_titanic.py
[2026-05-20T15:33:10.534+0000] {logging_mixin.py:190} INFO - [2026-05-20T15:33:10.533+0000] {dag.py:3239} INFO - Sync 1 DAGs
[2026-05-20T15:33:10.546+0000] {logging_mixin.py:190} INFO - [2026-05-20T15:33:10.546+0000] {dag.py:4180} INFO - Setting next_dagrun for atv7_inferencia_titanic_v1 to None, run_after=None
[2026-05-20T15:33:10.565+0000] {processor.py:208} INFO - Processing /workspaces/meu-primeiro-etl-airflow/airflow/dags/dag_inferencia_titanic.py took 1.554 seconds
[2026-05-20T15:33:41.660+0000] {processor.py:186} INFO - Started process (PID=80481) to work on /workspaces/meu-primeiro-etl-airflow/airflow/dags/dag_inferencia_titanic.py
[2026-05-20T15:33:41.661+0000] {processor.py:914} INFO - Processing file /workspaces/meu-primeiro-etl-airflow/airflow/dags/dag_inferencia_titanic.py for tasks to queue
[2026-05-20T15:33:41.663+0000] {logging_mixin.py:190} INFO - [2026-05-20T15:33:41.663+0000] {dagbag.py:588} INFO - Filling up the DagBag from /workspaces/meu-primeiro-etl-airflow/airflow/dags/dag_inferencia_titanic.py
[2026-05-20T15:33:43.057+0000] {processor.py:925} INFO - DAG(s) 'atv7_inferencia_titanic_v1' retrieved from /workspaces/meu-primeiro-etl-airflow/airflow/dags/dag_inferencia_titanic.py
[2026-05-20T15:33:43.070+0000] {logging_mixin.py:190} INFO - [2026-05-20T15:33:43.070+0000] {dag.py:3239} INFO - Sync 1 DAGs
[2026-05-20T15:33:43.079+0000] {logging_mixin.py:190} INFO - [2026-05-20T15:33:43.079+0000] {dag.py:4180} INFO - Setting next_dagrun for atv7_inferencia_titanic_v1 to None, run_after=None
[2026-05-20T15:33:43.094+0000] {processor.py:208} INFO - Processing /workspaces/meu-primeiro-etl-airflow/airflow/dags/dag_inferencia_titanic.py took 1.440 seconds
[2026-05-20T15:34:13.661+0000] {processor.py:186} INFO - Started process (PID=80834) to work on /workspaces/meu-primeiro-etl-airflow/airflow/dags/dag_inferencia_titanic.py
[2026-05-20T15:34:13.663+0000] {processor.py:914} INFO - Processing file /workspaces/meu-primeiro-etl-airflow/airflow/dags/dag_inferencia_titanic.py for tasks to queue
[2026-05-20T15:34:13.666+0000] {logging_mixin.py:190} INFO - [2026-05-20T15:34:13.666+0000] {dagbag.py:588} INFO - Filling up the DagBag from /workspaces/meu-primeiro-etl-airflow/airflow/dags/dag_inferencia_titanic.py
[2026-05-20T15:34:15.011+0000] {processor.py:925} INFO - DAG(s) 'atv7_inferencia_titanic_v1' retrieved from /workspaces/meu-primeiro-etl-airflow/airflow/dags/dag_inferencia_titanic.py
[2026-05-20T15:34:15.024+0000] {logging_mixin.py:190} INFO - [2026-05-20T15:34:15.023+0000] {dag.py:3239} INFO - Sync 1 DAGs
[2026-05-20T15:34:15.034+0000] {logging_mixin.py:190} INFO - [2026-05-20T15:34:15.034+0000] {dag.py:4180} INFO - Setting next_dagrun for atv7_inferencia_titanic_v1 to None, run_after=None
[2026-05-20T15:34:15.051+0000] {processor.py:208} INFO - Processing /workspaces/meu-primeiro-etl-airflow/airflow/dags/dag_inferencia_titanic.py took 1.395 seconds
[2026-05-20T15:34:45.555+0000] {processor.py:186} INFO - Started process (PID=81047) to work on /workspaces/meu-primeiro-etl-airflow/airflow/dags/dag_inferencia_titanic.py
[2026-05-20T15:34:45.556+0000] {processor.py:914} INFO - Processing file /workspaces/meu-primeiro-etl-airflow/airflow/dags/dag_inferencia_titanic.py for tasks to queue
[2026-05-20T15:34:45.558+0000] {logging_mixin.py:190} INFO - [2026-05-20T15:34:45.558+0000] {dagbag.py:588} INFO - Filling up the DagBag from /workspaces/meu-primeiro-etl-airflow/airflow/dags/dag_inferencia_titanic.py
[2026-05-20T15:34:47.017+0000] {processor.py:925} INFO - DAG(s) 'atv7_inferencia_titanic_v1' retrieved from /workspaces/meu-primeiro-etl-airflow/airflow/dags/dag_inferencia_titanic.py
[2026-05-20T15:34:47.032+0000] {logging_mixin.py:190} INFO - [2026-05-20T15:34:47.031+0000] {dag.py:3239} INFO - Sync 1 DAGs
[2026-05-20T15:34:47.042+0000] {logging_mixin.py:190} INFO - [2026-05-20T15:34:47.042+0000] {dag.py:4180} INFO - Setting next_dagrun for atv7_inferencia_titanic_v1 to None, run_after=None
[2026-05-20T15:34:47.059+0000] {processor.py:208} INFO - Processing /workspaces/meu-primeiro-etl-airflow/airflow/dags/dag_inferencia_titanic.py took 1.510 seconds
[2026-05-20T15:35:17.173+0000] {processor.py:186} INFO - Started process (PID=81335) to work on /workspaces/meu-primeiro-etl-airflow/airflow/dags/dag_inferencia_titanic.py
[2026-05-20T15:35:17.174+0000] {processor.py:914} INFO - Processing file /workspaces/meu-primeiro-etl-airflow/airflow/dags/dag_inferencia_titanic.py for tasks to queue
[2026-05-20T15:35:17.176+0000] {logging_mixin.py:190} INFO - [2026-05-20T15:35:17.176+0000] {dagbag.py:588} INFO - Filling up the DagBag from /workspaces/meu-primeiro-etl-airflow/airflow/dags/dag_inferencia_titanic.py
[2026-05-20T15:35:18.528+0000] {processor.py:925} INFO - DAG(s) 'atv7_inferencia_titanic_v1' retrieved from /workspaces/meu-primeiro-etl-airflow/airflow/dags/dag_inferencia_titanic.py
[2026-05-20T15:35:18.546+0000] {logging_mixin.py:190} INFO - [2026-05-20T15:35:18.545+0000] {dag.py:3239} INFO - Sync 1 DAGs
[2026-05-20T15:35:18.555+0000] {logging_mixin.py:190} INFO - [2026-05-20T15:35:18.554+0000] {dag.py:4180} INFO - Setting next_dagrun for atv7_inferencia_titanic_v1 to None, run_after=None
[2026-05-20T15:35:18.570+0000] {processor.py:208} INFO - Processing /workspaces/meu-primeiro-etl-airflow/airflow/dags/dag_inferencia_titanic.py took 1.401 seconds
[2026-05-20T15:36:06.967+0000] {processor.py:186} INFO - Started process (PID=81932) to work on /workspaces/meu-primeiro-etl-airflow/airflow/dags/dag_inferencia_titanic.py
[2026-05-20T15:36:06.967+0000] {processor.py:914} INFO - Processing file /workspaces/meu-primeiro-etl-airflow/airflow/dags/dag_inferencia_titanic.py for tasks to queue
[2026-05-20T15:36:06.969+0000] {logging_mixin.py:190} INFO - [2026-05-20T15:36:06.969+0000] {dagbag.py:588} INFO - Filling up the DagBag from /workspaces/meu-primeiro-etl-airflow/airflow/dags/dag_inferencia_titanic.py
[2026-05-20T15:36:08.784+0000] {processor.py:925} INFO - DAG(s) 'atv7_inferencia_titanic_v1' retrieved from /workspaces/meu-primeiro-etl-airflow/airflow/dags/dag_inferencia_titanic.py
[2026-05-20T15:36:08.805+0000] {logging_mixin.py:190} INFO - [2026-05-20T15:36:08.804+0000] {dag.py:3239} INFO - Sync 1 DAGs
[2026-05-20T15:36:08.820+0000] {logging_mixin.py:190} INFO - [2026-05-20T15:36:08.820+0000] {dag.py:4180} INFO - Setting next_dagrun for atv7_inferencia_titanic_v1 to None, run_after=None
[2026-05-20T15:36:08.846+0000] {processor.py:208} INFO - Processing /workspaces/meu-primeiro-etl-airflow/airflow/dags/dag_inferencia_titanic.py took 1.883 seconds
[2026-05-20T15:36:39.108+0000] {processor.py:186} INFO - Started process (PID=82410) to work on /workspaces/meu-primeiro-etl-airflow/airflow/dags/dag_inferencia_titanic.py
[2026-05-20T15:36:39.108+0000] {processor.py:914} INFO - Processing file /workspaces/meu-primeiro-etl-airflow/airflow/dags/dag_inferencia_titanic.py for tasks to queue
[2026-05-20T15:36:39.110+0000] {logging_mixin.py:190} INFO - [2026-05-20T15:36:39.110+0000] {dagbag.py:588} INFO - Filling up the DagBag from /workspaces/meu-primeiro-etl-airflow/airflow/dags/dag_inferencia_titanic.py
[2026-05-20T15:36:40.577+0000] {processor.py:925} INFO - DAG(s) 'atv7_inferencia_titanic_v1' retrieved from /workspaces/meu-primeiro-etl-airflow/airflow/dags/dag_inferencia_titanic.py
[2026-05-20T15:36:40.590+0000] {logging_mixin.py:190} INFO - [2026-05-20T15:36:40.590+0000] {dag.py:3239} INFO - Sync 1 DAGs
[2026-05-20T15:36:40.598+0000] {logging_mixin.py:190} INFO - [2026-05-20T15:36:40.598+0000] {dag.py:4180} INFO - Setting next_dagrun for atv7_inferencia_titanic_v1 to None, run_after=None
[2026-05-20T15:36:40.613+0000] {processor.py:208} INFO - Processing /workspaces/meu-primeiro-etl-airflow/airflow/dags/dag_inferencia_titanic.py took 1.510 seconds
[2026-05-20T15:37:11.088+0000] {processor.py:186} INFO - Started process (PID=82884) to work on /workspaces/meu-primeiro-etl-airflow/airflow/dags/dag_inferencia_titanic.py
[2026-05-20T15:37:11.090+0000] {processor.py:914} INFO - Processing file /workspaces/meu-primeiro-etl-airflow/airflow/dags/dag_inferencia_titanic.py for tasks to queue
[2026-05-20T15:37:11.099+0000] {logging_mixin.py:190} INFO - [2026-05-20T15:37:11.098+0000] {dagbag.py:588} INFO - Filling up the DagBag from /workspaces/meu-primeiro-etl-airflow/airflow/dags/dag_inferencia_titanic.py
[2026-05-20T15:37:12.707+0000] {processor.py:925} INFO - DAG(s) 'atv7_inferencia_titanic_v1' retrieved from /workspaces/meu-primeiro-etl-airflow/airflow/dags/dag_inferencia_titanic.py
[2026-05-20T15:37:12.722+0000] {logging_mixin.py:190} INFO - [2026-05-20T15:37:12.721+0000] {dag.py:3239} INFO - Sync 1 DAGs
[2026-05-20T15:37:12.731+0000] {logging_mixin.py:190} INFO - [2026-05-20T15:37:12.731+0000] {dag.py:4180} INFO - Setting next_dagrun for atv7_inferencia_titanic_v1 to None, run_after=None
[2026-05-20T15:37:12.749+0000] {processor.py:208} INFO - Processing /workspaces/meu-primeiro-etl-airflow/airflow/dags/dag_inferencia_titanic.py took 1.670 seconds
[2026-05-20T15:37:42.891+0000] {processor.py:186} INFO - Started process (PID=83131) to work on /workspaces/meu-primeiro-etl-airflow/airflow/dags/dag_inferencia_titanic.py
[2026-05-20T15:37:42.892+0000] {processor.py:914} INFO - Processing file /workspaces/meu-primeiro-etl-airflow/airflow/dags/dag_inferencia_titanic.py for tasks to queue
[2026-05-20T15:37:42.894+0000] {logging_mixin.py:190} INFO - [2026-05-20T15:37:42.893+0000] {dagbag.py:588} INFO - Filling up the DagBag from /workspaces/meu-primeiro-etl-airflow/airflow/dags/dag_inferencia_titanic.py
[2026-05-20T15:37:44.255+0000] {processor.py:925} INFO - DAG(s) 'atv7_inferencia_titanic_v1' retrieved from /workspaces/meu-primeiro-etl-airflow/airflow/dags/dag_inferencia_titanic.py
[2026-05-20T15:37:44.267+0000] {logging_mixin.py:190} INFO - [2026-05-20T15:37:44.267+0000] {dag.py:3239} INFO - Sync 1 DAGs
[2026-05-20T15:37:44.275+0000] {logging_mixin.py:190} INFO - [2026-05-20T15:37:44.275+0000] {dag.py:4180} INFO - Setting next_dagrun for atv7_inferencia_titanic_v1 to None, run_after=None
[2026-05-20T15:37:44.290+0000] {processor.py:208} INFO - Processing /workspaces/meu-primeiro-etl-airflow/airflow/dags/dag_inferencia_titanic.py took 1.405 seconds
[2026-05-20T15:38:14.417+0000] {processor.py:186} INFO - Started process (PID=83405) to work on /workspaces/meu-primeiro-etl-airflow/airflow/dags/dag_inferencia_titanic.py
[2026-05-20T15:38:14.418+0000] {processor.py:914} INFO - Processing file /workspaces/meu-primeiro-etl-airflow/airflow/dags/dag_inferencia_titanic.py for tasks to queue
[2026-05-20T15:38:14.420+0000] {logging_mixin.py:190} INFO - [2026-05-20T15:38:14.419+0000] {dagbag.py:588} INFO - Filling up the DagBag from /workspaces/meu-primeiro-etl-airflow/airflow/dags/dag_inferencia_titanic.py
[2026-05-20T15:38:15.845+0000] {processor.py:925} INFO - DAG(s) 'atv7_inferencia_titanic_v1' retrieved from /workspaces/meu-primeiro-etl-airflow/airflow/dags/dag_inferencia_titanic.py
[2026-05-20T15:38:15.859+0000] {logging_mixin.py:190} INFO - [2026-05-20T15:38:15.858+0000] {dag.py:3239} INFO - Sync 1 DAGs
[2026-05-20T15:38:15.867+0000] {logging_mixin.py:190} INFO - [2026-05-20T15:38:15.867+0000] {dag.py:4180} INFO - Setting next_dagrun for atv7_inferencia_titanic_v1 to None, run_after=None
[2026-05-20T15:38:15.884+0000] {processor.py:208} INFO - Processing /workspaces/meu-primeiro-etl-airflow/airflow/dags/dag_inferencia_titanic.py took 1.471 seconds
[2026-05-20T15:38:46.129+0000] {processor.py:186} INFO - Started process (PID=83628) to work on /workspaces/meu-primeiro-etl-airflow/airflow/dags/dag_inferencia_titanic.py
[2026-05-20T15:38:46.130+0000] {processor.py:914} INFO - Processing file /workspaces/meu-primeiro-etl-airflow/airflow/dags/dag_inferencia_titanic.py for tasks to queue
[2026-05-20T15:38:46.132+0000] {logging_mixin.py:190} INFO - [2026-05-20T15:38:46.131+0000] {dagbag.py:588} INFO - Filling up the DagBag from /workspaces/meu-primeiro-etl-airflow/airflow/dags/dag_inferencia_titanic.py
[2026-05-20T15:38:47.508+0000] {processor.py:925} INFO - DAG(s) 'atv7_inferencia_titanic_v1' retrieved from /workspaces/meu-primeiro-etl-airflow/airflow/dags/dag_inferencia_titanic.py
[2026-05-20T15:38:47.520+0000] {logging_mixin.py:190} INFO - [2026-05-20T15:38:47.520+0000] {dag.py:3239} INFO - Sync 1 DAGs
[2026-05-20T15:38:47.529+0000] {logging_mixin.py:190} INFO - [2026-05-20T15:38:47.529+0000] {dag.py:4180} INFO - Setting next_dagrun for atv7_inferencia_titanic_v1 to None, run_after=None
[2026-05-20T15:38:47.548+0000] {processor.py:208} INFO - Processing /workspaces/meu-primeiro-etl-airflow/airflow/dags/dag_inferencia_titanic.py took 1.425 seconds
[2026-05-20T15:39:17.706+0000] {processor.py:186} INFO - Started process (PID=83931) to work on /workspaces/meu-primeiro-etl-airflow/airflow/dags/dag_inferencia_titanic.py
[2026-05-20T15:39:17.707+0000] {processor.py:914} INFO - Processing file /workspaces/meu-primeiro-etl-airflow/airflow/dags/dag_inferencia_titanic.py for tasks to queue
[2026-05-20T15:39:17.709+0000] {logging_mixin.py:190} INFO - [2026-05-20T15:39:17.709+0000] {dagbag.py:588} INFO - Filling up the DagBag from /workspaces/meu-primeiro-etl-airflow/airflow/dags/dag_inferencia_titanic.py
[2026-05-20T15:39:19.136+0000] {processor.py:925} INFO - DAG(s) 'atv7_inferencia_titanic_v1' retrieved from /workspaces/meu-primeiro-etl-airflow/airflow/dags/dag_inferencia_titanic.py
[2026-05-20T15:39:19.153+0000] {logging_mixin.py:190} INFO - [2026-05-20T15:39:19.152+0000] {dag.py:3239} INFO - Sync 1 DAGs
[2026-05-20T15:39:19.163+0000] {logging_mixin.py:190} INFO - [2026-05-20T15:39:19.162+0000] {dag.py:4180} INFO - Setting next_dagrun for atv7_inferencia_titanic_v1 to None, run_after=None
[2026-05-20T15:39:19.179+0000] {processor.py:208} INFO - Processing /workspaces/meu-primeiro-etl-airflow/airflow/dags/dag_inferencia_titanic.py took 1.477 seconds
[2026-05-20T15:39:50.579+0000] {processor.py:186} INFO - Started process (PID=84165) to work on /workspaces/meu-primeiro-etl-airflow/airflow/dags/dag_inferencia_titanic.py
[2026-05-20T15:39:50.580+0000] {processor.py:914} INFO - Processing file /workspaces/meu-primeiro-etl-airflow/airflow/dags/dag_inferencia_titanic.py for tasks to queue
[2026-05-20T15:39:50.582+0000] {logging_mixin.py:190} INFO - [2026-05-20T15:39:50.582+0000] {dagbag.py:588} INFO - Filling up the DagBag from /workspaces/meu-primeiro-etl-airflow/airflow/dags/dag_inferencia_titanic.py
[2026-05-20T15:39:51.905+0000] {processor.py:925} INFO - DAG(s) 'atv7_inferencia_titanic_v1' retrieved from /workspaces/meu-primeiro-etl-airflow/airflow/dags/dag_inferencia_titanic.py
[2026-05-20T15:39:51.918+0000] {logging_mixin.py:190} INFO - [2026-05-20T15:39:51.918+0000] {dag.py:3239} INFO - Sync 1 DAGs
[2026-05-20T15:39:51.928+0000] {logging_mixin.py:190} INFO - [2026-05-20T15:39:51.928+0000] {dag.py:4180} INFO - Setting next_dagrun for atv7_inferencia_titanic_v1 to None, run_after=None
[2026-05-20T15:39:51.948+0000] {processor.py:208} INFO - Processing /workspaces/meu-primeiro-etl-airflow/airflow/dags/dag_inferencia_titanic.py took 1.374 seconds
[2026-05-20T15:40:22.254+0000] {processor.py:186} INFO - Started process (PID=84510) to work on /workspaces/meu-primeiro-etl-airflow/airflow/dags/dag_inferencia_titanic.py
[2026-05-20T15:40:22.255+0000] {processor.py:914} INFO - Processing file /workspaces/meu-primeiro-etl-airflow/airflow/dags/dag_inferencia_titanic.py for tasks to queue
[2026-05-20T15:40:22.257+0000] {logging_mixin.py:190} INFO - [2026-05-20T15:40:22.256+0000] {dagbag.py:588} INFO - Filling up the DagBag from /workspaces/meu-primeiro-etl-airflow/airflow/dags/dag_inferencia_titanic.py
[2026-05-20T15:40:23.653+0000] {processor.py:925} INFO - DAG(s) 'atv7_inferencia_titanic_v1' retrieved from /workspaces/meu-primeiro-etl-airflow/airflow/dags/dag_inferencia_titanic.py
[2026-05-20T15:40:23.666+0000] {logging_mixin.py:190} INFO - [2026-05-20T15:40:23.666+0000] {dag.py:3239} INFO - Sync 1 DAGs
[2026-05-20T15:40:23.675+0000] {logging_mixin.py:190} INFO - [2026-05-20T15:40:23.674+0000] {dag.py:4180} INFO - Setting next_dagrun for atv7_inferencia_titanic_v1 to None, run_after=None
[2026-05-20T15:40:23.690+0000] {processor.py:208} INFO - Processing /workspaces/meu-primeiro-etl-airflow/airflow/dags/dag_inferencia_titanic.py took 1.440 seconds
[2026-05-20T15:40:53.851+0000] {processor.py:186} INFO - Started process (PID=84723) to work on /workspaces/meu-primeiro-etl-airflow/airflow/dags/dag_inferencia_titanic.py
[2026-05-20T15:40:53.852+0000] {processor.py:914} INFO - Processing file /workspaces/meu-primeiro-etl-airflow/airflow/dags/dag_inferencia_titanic.py for tasks to queue
[2026-05-20T15:40:53.854+0000] {logging_mixin.py:190} INFO - [2026-05-20T15:40:53.854+0000] {dagbag.py:588} INFO - Filling up the DagBag from /workspaces/meu-primeiro-etl-airflow/airflow/dags/dag_inferencia_titanic.py
[2026-05-20T15:40:55.352+0000] {processor.py:925} INFO - DAG(s) 'atv7_inferencia_titanic_v1' retrieved from /workspaces/meu-primeiro-etl-airflow/airflow/dags/dag_inferencia_titanic.py
[2026-05-20T15:40:55.365+0000] {logging_mixin.py:190} INFO - [2026-05-20T15:40:55.364+0000] {dag.py:3239} INFO - Sync 1 DAGs
[2026-05-20T15:40:55.373+0000] {logging_mixin.py:190} INFO - [2026-05-20T15:40:55.373+0000] {dag.py:4180} INFO - Setting next_dagrun for atv7_inferencia_titanic_v1 to None, run_after=None
[2026-05-20T15:40:55.392+0000] {processor.py:208} INFO - Processing /workspaces/meu-primeiro-etl-airflow/airflow/dags/dag_inferencia_titanic.py took 1.545 seconds
[2026-05-20T15:41:25.569+0000] {processor.py:186} INFO - Started process (PID=85083) to work on /workspaces/meu-primeiro-etl-airflow/airflow/dags/dag_inferencia_titanic.py
[2026-05-20T15:41:25.570+0000] {processor.py:914} INFO - Processing file /workspaces/meu-primeiro-etl-airflow/airflow/dags/dag_inferencia_titanic.py for tasks to queue
[2026-05-20T15:41:25.572+0000] {logging_mixin.py:190} INFO - [2026-05-20T15:41:25.572+0000] {dagbag.py:588} INFO - Filling up the DagBag from /workspaces/meu-primeiro-etl-airflow/airflow/dags/dag_inferencia_titanic.py
[2026-05-20T15:41:27.466+0000] {processor.py:925} INFO - DAG(s) 'atv7_inferencia_titanic_v1' retrieved from /workspaces/meu-primeiro-etl-airflow/airflow/dags/dag_inferencia_titanic.py
[2026-05-20T15:41:27.481+0000] {logging_mixin.py:190} INFO - [2026-05-20T15:41:27.481+0000] {dag.py:3239} INFO - Sync 1 DAGs
[2026-05-20T15:41:27.492+0000] {logging_mixin.py:190} INFO - [2026-05-20T15:41:27.492+0000] {dag.py:4180} INFO - Setting next_dagrun for atv7_inferencia_titanic_v1 to None, run_after=None
[2026-05-20T15:41:27.508+0000] {processor.py:208} INFO - Processing /workspaces/meu-primeiro-etl-airflow/airflow/dags/dag_inferencia_titanic.py took 1.943 seconds
[2026-05-20T15:41:58.312+0000] {processor.py:186} INFO - Started process (PID=85466) to work on /workspaces/meu-primeiro-etl-airflow/airflow/dags/dag_inferencia_titanic.py
[2026-05-20T15:41:58.313+0000] {processor.py:914} INFO - Processing file /workspaces/meu-primeiro-etl-airflow/airflow/dags/dag_inferencia_titanic.py for tasks to queue
[2026-05-20T15:41:58.315+0000] {logging_mixin.py:190} INFO - [2026-05-20T15:41:58.314+0000] {dagbag.py:588} INFO - Filling up the DagBag from /workspaces/meu-primeiro-etl-airflow/airflow/dags/dag_inferencia_titanic.py
[2026-05-20T15:41:59.686+0000] {processor.py:925} INFO - DAG(s) 'atv7_inferencia_titanic_v1' retrieved from /workspaces/meu-primeiro-etl-airflow/airflow/dags/dag_inferencia_titanic.py
[2026-05-20T15:41:59.699+0000] {logging_mixin.py:190} INFO - [2026-05-20T15:41:59.698+0000] {dag.py:3239} INFO - Sync 1 DAGs
[2026-05-20T15:41:59.708+0000] {logging_mixin.py:190} INFO - [2026-05-20T15:41:59.708+0000] {dag.py:4180} INFO - Setting next_dagrun for atv7_inferencia_titanic_v1 to None, run_after=None
[2026-05-20T15:41:59.723+0000] {processor.py:208} INFO - Processing /workspaces/meu-primeiro-etl-airflow/airflow/dags/dag_inferencia_titanic.py took 1.416 seconds
[2026-05-20T15:42:30.104+0000] {processor.py:186} INFO - Started process (PID=85746) to work on /workspaces/meu-primeiro-etl-airflow/airflow/dags/dag_inferencia_titanic.py
[2026-05-20T15:42:30.104+0000] {processor.py:914} INFO - Processing file /workspaces/meu-primeiro-etl-airflow/airflow/dags/dag_inferencia_titanic.py for tasks to queue
[2026-05-20T15:42:30.106+0000] {logging_mixin.py:190} INFO - [2026-05-20T15:42:30.106+0000] {dagbag.py:588} INFO - Filling up the DagBag from /workspaces/meu-primeiro-etl-airflow/airflow/dags/dag_inferencia_titanic.py
[2026-05-20T15:42:31.552+0000] {processor.py:925} INFO - DAG(s) 'atv7_inferencia_titanic_v1' retrieved from /workspaces/meu-primeiro-etl-airflow/airflow/dags/dag_inferencia_titanic.py
[2026-05-20T15:42:31.565+0000] {logging_mixin.py:190} INFO - [2026-05-20T15:42:31.565+0000] {dag.py:3239} INFO - Sync 1 DAGs
[2026-05-20T15:42:31.574+0000] {logging_mixin.py:190} INFO - [2026-05-20T15:42:31.574+0000] {dag.py:4180} INFO - Setting next_dagrun for atv7_inferencia_titanic_v1 to None, run_after=None
[2026-05-20T15:42:31.590+0000] {processor.py:208} INFO - Processing /workspaces/meu-primeiro-etl-airflow/airflow/dags/dag_inferencia_titanic.py took 1.491 seconds
[2026-05-20T15:43:02.556+0000] {processor.py:186} INFO - Started process (PID=85999) to work on /workspaces/meu-primeiro-etl-airflow/airflow/dags/dag_inferencia_titanic.py
[2026-05-20T15:43:02.558+0000] {processor.py:914} INFO - Processing file /workspaces/meu-primeiro-etl-airflow/airflow/dags/dag_inferencia_titanic.py for tasks to queue
[2026-05-20T15:43:02.566+0000] {logging_mixin.py:190} INFO - [2026-05-20T15:43:02.565+0000] {dagbag.py:588} INFO - Filling up the DagBag from /workspaces/meu-primeiro-etl-airflow/airflow/dags/dag_inferencia_titanic.py
[2026-05-20T15:43:03.964+0000] {processor.py:925} INFO - DAG(s) 'atv7_inferencia_titanic_v1' retrieved from /workspaces/meu-primeiro-etl-airflow/airflow/dags/dag_inferencia_titanic.py
[2026-05-20T15:43:03.977+0000] {logging_mixin.py:190} INFO - [2026-05-20T15:43:03.977+0000] {dag.py:3239} INFO - Sync 1 DAGs
[2026-05-20T15:43:03.987+0000] {logging_mixin.py:190} INFO - [2026-05-20T15:43:03.986+0000] {dag.py:4180} INFO - Setting next_dagrun for atv7_inferencia_titanic_v1 to None, run_after=None
[2026-05-20T15:43:04.003+0000] {processor.py:208} INFO - Processing /workspaces/meu-primeiro-etl-airflow/airflow/dags/dag_inferencia_titanic.py took 1.456 seconds
[2026-05-20T15:43:34.589+0000] {processor.py:186} INFO - Started process (PID=86260) to work on /workspaces/meu-primeiro-etl-airflow/airflow/dags/dag_inferencia_titanic.py
[2026-05-20T15:43:34.590+0000] {processor.py:914} INFO - Processing file /workspaces/meu-primeiro-etl-airflow/airflow/dags/dag_inferencia_titanic.py for tasks to queue
[2026-05-20T15:43:34.592+0000] {logging_mixin.py:190} INFO - [2026-05-20T15:43:34.592+0000] {dagbag.py:588} INFO - Filling up the DagBag from /workspaces/meu-primeiro-etl-airflow/airflow/dags/dag_inferencia_titanic.py
[2026-05-20T15:43:36.012+0000] {processor.py:925} INFO - DAG(s) 'atv7_inferencia_titanic_v1' retrieved from /workspaces/meu-primeiro-etl-airflow/airflow/dags/dag_inferencia_titanic.py
[2026-05-20T15:43:36.026+0000] {logging_mixin.py:190} INFO - [2026-05-20T15:43:36.025+0000] {dag.py:3239} INFO - Sync 1 DAGs
[2026-05-20T15:43:36.039+0000] {logging_mixin.py:190} INFO - [2026-05-20T15:43:36.039+0000] {dag.py:4180} INFO - Setting next_dagrun for atv7_inferencia_titanic_v1 to None, run_after=None
[2026-05-20T15:43:36.057+0000] {processor.py:208} INFO - Processing /workspaces/meu-primeiro-etl-airflow/airflow/dags/dag_inferencia_titanic.py took 1.472 seconds
[2026-05-20T15:44:06.348+0000] {processor.py:186} INFO - Started process (PID=86537) to work on /workspaces/meu-primeiro-etl-airflow/airflow/dags/dag_inferencia_titanic.py
[2026-05-20T15:44:06.349+0000] {processor.py:914} INFO - Processing file /workspaces/meu-primeiro-etl-airflow/airflow/dags/dag_inferencia_titanic.py for tasks to queue
[2026-05-20T15:44:06.352+0000] {logging_mixin.py:190} INFO - [2026-05-20T15:44:06.351+0000] {dagbag.py:588} INFO - Filling up the DagBag from /workspaces/meu-primeiro-etl-airflow/airflow/dags/dag_inferencia_titanic.py
[2026-05-20T15:44:07.840+0000] {processor.py:925} INFO - DAG(s) 'atv7_inferencia_titanic_v1' retrieved from /workspaces/meu-primeiro-etl-airflow/airflow/dags/dag_inferencia_titanic.py
[2026-05-20T15:44:07.854+0000] {logging_mixin.py:190} INFO - [2026-05-20T15:44:07.854+0000] {dag.py:3239} INFO - Sync 1 DAGs
[2026-05-20T15:44:07.865+0000] {logging_mixin.py:190} INFO - [2026-05-20T15:44:07.864+0000] {dag.py:4180} INFO - Setting next_dagrun for atv7_inferencia_titanic_v1 to None, run_after=None
[2026-05-20T15:44:07.882+0000] {processor.py:208} INFO - Processing /workspaces/meu-primeiro-etl-airflow/airflow/dags/dag_inferencia_titanic.py took 1.540 seconds
[2026-05-20T15:44:37.975+0000] {processor.py:186} INFO - Started process (PID=86752) to work on /workspaces/meu-primeiro-etl-airflow/airflow/dags/dag_inferencia_titanic.py
[2026-05-20T15:44:37.976+0000] {processor.py:914} INFO - Processing file /workspaces/meu-primeiro-etl-airflow/airflow/dags/dag_inferencia_titanic.py for tasks to queue
[2026-05-20T15:44:37.978+0000] {logging_mixin.py:190} INFO - [2026-05-20T15:44:37.977+0000] {dagbag.py:588} INFO - Filling up the DagBag from /workspaces/meu-primeiro-etl-airflow/airflow/dags/dag_inferencia_titanic.py
[2026-05-20T15:44:39.438+0000] {processor.py:925} INFO - DAG(s) 'atv7_inferencia_titanic_v1' retrieved from /workspaces/meu-primeiro-etl-airflow/airflow/dags/dag_inferencia_titanic.py
[2026-05-20T15:44:39.454+0000] {logging_mixin.py:190} INFO - [2026-05-20T15:44:39.453+0000] {dag.py:3239} INFO - Sync 1 DAGs
[2026-05-20T15:44:39.463+0000] {logging_mixin.py:190} INFO - [2026-05-20T15:44:39.462+0000] {dag.py:4180} INFO - Setting next_dagrun for atv7_inferencia_titanic_v1 to None, run_after=None
[2026-05-20T15:44:39.478+0000] {processor.py:208} INFO - Processing /workspaces/meu-primeiro-etl-airflow/airflow/dags/dag_inferencia_titanic.py took 1.508 seconds
