[2026-05-20T15:03:15.886+0000] {processor.py:186} INFO - Started process (PID=57178) to work on /workspaces/meu-primeiro-etl-airflow/airflow/dags/dag_treino_titanic.py
[2026-05-20T15:03:15.888+0000] {processor.py:914} INFO - Processing file /workspaces/meu-primeiro-etl-airflow/airflow/dags/dag_treino_titanic.py for tasks to queue
[2026-05-20T15:03:15.895+0000] {logging_mixin.py:190} INFO - [2026-05-20T15:03:15.894+0000] {dagbag.py:588} INFO - Filling up the DagBag from /workspaces/meu-primeiro-etl-airflow/airflow/dags/dag_treino_titanic.py
[2026-05-20T15:03:17.963+0000] {processor.py:925} INFO - DAG(s) 'atv7_treino_titanic_v1' retrieved from /workspaces/meu-primeiro-etl-airflow/airflow/dags/dag_treino_titanic.py
[2026-05-20T15:03:18.058+0000] {logging_mixin.py:190} INFO - [2026-05-20T15:03:18.057+0000] {override.py:1900} INFO - Created Permission View: can read on DAG:atv7_treino_titanic_v1
[2026-05-20T15:03:18.067+0000] {logging_mixin.py:190} INFO - [2026-05-20T15:03:18.067+0000] {override.py:1900} INFO - Created Permission View: can edit on DAG:atv7_treino_titanic_v1
[2026-05-20T15:03:18.075+0000] {logging_mixin.py:190} INFO - [2026-05-20T15:03:18.074+0000] {override.py:1900} INFO - Created Permission View: can delete on DAG:atv7_treino_titanic_v1
[2026-05-20T15:03:18.087+0000] {logging_mixin.py:190} INFO - [2026-05-20T15:03:18.087+0000] {override.py:1900} INFO - Created Permission View: can read on DAG Run:atv7_treino_titanic_v1
[2026-05-20T15:03:18.097+0000] {logging_mixin.py:190} INFO - [2026-05-20T15:03:18.097+0000] {override.py:1900} INFO - Created Permission View: can create on DAG Run:atv7_treino_titanic_v1
[2026-05-20T15:03:18.105+0000] {logging_mixin.py:190} INFO - [2026-05-20T15:03:18.105+0000] {override.py:1900} INFO - Created Permission View: menu access on DAG Run:atv7_treino_titanic_v1
[2026-05-20T15:03:18.113+0000] {logging_mixin.py:190} INFO - [2026-05-20T15:03:18.113+0000] {override.py:1900} INFO - Created Permission View: can delete on DAG Run:atv7_treino_titanic_v1
[2026-05-20T15:03:18.114+0000] {logging_mixin.py:190} INFO - [2026-05-20T15:03:18.114+0000] {dag.py:3239} INFO - Sync 1 DAGs
[2026-05-20T15:03:18.125+0000] {logging_mixin.py:190} INFO - [2026-05-20T15:03:18.125+0000] {dag.py:3262} INFO - Creating ORM DAG for atv7_treino_titanic_v1
[2026-05-20T15:03:18.126+0000] {logging_mixin.py:190} INFO - [2026-05-20T15:03:18.126+0000] {dag.py:4180} INFO - Setting next_dagrun for atv7_treino_titanic_v1 to None, run_after=None
[2026-05-20T15:03:18.148+0000] {processor.py:208} INFO - Processing /workspaces/meu-primeiro-etl-airflow/airflow/dags/dag_treino_titanic.py took 2.270 seconds
[2026-05-20T15:03:48.427+0000] {processor.py:186} INFO - Started process (PID=57559) to work on /workspaces/meu-primeiro-etl-airflow/airflow/dags/dag_treino_titanic.py
[2026-05-20T15:03:48.428+0000] {processor.py:914} INFO - Processing file /workspaces/meu-primeiro-etl-airflow/airflow/dags/dag_treino_titanic.py for tasks to queue
[2026-05-20T15:03:48.431+0000] {logging_mixin.py:190} INFO - [2026-05-20T15:03:48.430+0000] {dagbag.py:588} INFO - Filling up the DagBag from /workspaces/meu-primeiro-etl-airflow/airflow/dags/dag_treino_titanic.py
[2026-05-20T15:03:50.218+0000] {processor.py:925} INFO - DAG(s) 'atv7_treino_titanic_v1' retrieved from /workspaces/meu-primeiro-etl-airflow/airflow/dags/dag_treino_titanic.py
[2026-05-20T15:03:50.241+0000] {logging_mixin.py:190} INFO - [2026-05-20T15:03:50.240+0000] {dag.py:3239} INFO - Sync 1 DAGs
[2026-05-20T15:03:50.253+0000] {logging_mixin.py:190} INFO - [2026-05-20T15:03:50.253+0000] {dag.py:4180} INFO - Setting next_dagrun for atv7_treino_titanic_v1 to None, run_after=None
[2026-05-20T15:03:50.273+0000] {processor.py:208} INFO - Processing /workspaces/meu-primeiro-etl-airflow/airflow/dags/dag_treino_titanic.py took 1.851 seconds
[2026-05-20T15:04:20.881+0000] {processor.py:186} INFO - Started process (PID=57910) to work on /workspaces/meu-primeiro-etl-airflow/airflow/dags/dag_treino_titanic.py
[2026-05-20T15:04:20.882+0000] {processor.py:914} INFO - Processing file /workspaces/meu-primeiro-etl-airflow/airflow/dags/dag_treino_titanic.py for tasks to queue
[2026-05-20T15:04:20.885+0000] {logging_mixin.py:190} INFO - [2026-05-20T15:04:20.885+0000] {dagbag.py:588} INFO - Filling up the DagBag from /workspaces/meu-primeiro-etl-airflow/airflow/dags/dag_treino_titanic.py
[2026-05-20T15:04:23.065+0000] {processor.py:925} INFO - DAG(s) 'atv7_treino_titanic_v1' retrieved from /workspaces/meu-primeiro-etl-airflow/airflow/dags/dag_treino_titanic.py
[2026-05-20T15:04:23.081+0000] {logging_mixin.py:190} INFO - [2026-05-20T15:04:23.080+0000] {dag.py:3239} INFO - Sync 1 DAGs
[2026-05-20T15:04:23.090+0000] {logging_mixin.py:190} INFO - [2026-05-20T15:04:23.090+0000] {dag.py:4180} INFO - Setting next_dagrun for atv7_treino_titanic_v1 to None, run_after=None
[2026-05-20T15:04:23.109+0000] {processor.py:208} INFO - Processing /workspaces/meu-primeiro-etl-airflow/airflow/dags/dag_treino_titanic.py took 2.237 seconds
[2026-05-20T15:04:53.532+0000] {processor.py:186} INFO - Started process (PID=58182) to work on /workspaces/meu-primeiro-etl-airflow/airflow/dags/dag_treino_titanic.py
[2026-05-20T15:04:53.533+0000] {processor.py:914} INFO - Processing file /workspaces/meu-primeiro-etl-airflow/airflow/dags/dag_treino_titanic.py for tasks to queue
[2026-05-20T15:04:53.535+0000] {logging_mixin.py:190} INFO - [2026-05-20T15:04:53.535+0000] {dagbag.py:588} INFO - Filling up the DagBag from /workspaces/meu-primeiro-etl-airflow/airflow/dags/dag_treino_titanic.py
[2026-05-20T15:04:55.715+0000] {processor.py:925} INFO - DAG(s) 'atv7_treino_titanic_v1' retrieved from /workspaces/meu-primeiro-etl-airflow/airflow/dags/dag_treino_titanic.py
[2026-05-20T15:04:55.739+0000] {logging_mixin.py:190} INFO - [2026-05-20T15:04:55.737+0000] {dag.py:3239} INFO - Sync 1 DAGs
[2026-05-20T15:04:55.754+0000] {logging_mixin.py:190} INFO - [2026-05-20T15:04:55.753+0000] {dag.py:4180} INFO - Setting next_dagrun for atv7_treino_titanic_v1 to None, run_after=None
[2026-05-20T15:04:55.810+0000] {processor.py:208} INFO - Processing /workspaces/meu-primeiro-etl-airflow/airflow/dags/dag_treino_titanic.py took 2.284 seconds
[2026-05-20T15:05:26.323+0000] {processor.py:186} INFO - Started process (PID=58602) to work on /workspaces/meu-primeiro-etl-airflow/airflow/dags/dag_treino_titanic.py
[2026-05-20T15:05:26.324+0000] {processor.py:914} INFO - Processing file /workspaces/meu-primeiro-etl-airflow/airflow/dags/dag_treino_titanic.py for tasks to queue
[2026-05-20T15:05:26.326+0000] {logging_mixin.py:190} INFO - [2026-05-20T15:05:26.325+0000] {dagbag.py:588} INFO - Filling up the DagBag from /workspaces/meu-primeiro-etl-airflow/airflow/dags/dag_treino_titanic.py
[2026-05-20T15:05:28.062+0000] {processor.py:925} INFO - DAG(s) 'atv7_treino_titanic_v1' retrieved from /workspaces/meu-primeiro-etl-airflow/airflow/dags/dag_treino_titanic.py
[2026-05-20T15:05:28.076+0000] {logging_mixin.py:190} INFO - [2026-05-20T15:05:28.076+0000] {dag.py:3239} INFO - Sync 1 DAGs
[2026-05-20T15:05:28.085+0000] {logging_mixin.py:190} INFO - [2026-05-20T15:05:28.085+0000] {dag.py:4180} INFO - Setting next_dagrun for atv7_treino_titanic_v1 to None, run_after=None
[2026-05-20T15:05:28.103+0000] {processor.py:208} INFO - Processing /workspaces/meu-primeiro-etl-airflow/airflow/dags/dag_treino_titanic.py took 1.785 seconds
[2026-05-20T15:05:58.263+0000] {processor.py:186} INFO - Started process (PID=58816) to work on /workspaces/meu-primeiro-etl-airflow/airflow/dags/dag_treino_titanic.py
[2026-05-20T15:05:58.264+0000] {processor.py:914} INFO - Processing file /workspaces/meu-primeiro-etl-airflow/airflow/dags/dag_treino_titanic.py for tasks to queue
[2026-05-20T15:05:58.265+0000] {logging_mixin.py:190} INFO - [2026-05-20T15:05:58.265+0000] {dagbag.py:588} INFO - Filling up the DagBag from /workspaces/meu-primeiro-etl-airflow/airflow/dags/dag_treino_titanic.py
[2026-05-20T15:06:00.385+0000] {processor.py:925} INFO - DAG(s) 'atv7_treino_titanic_v1' retrieved from /workspaces/meu-primeiro-etl-airflow/airflow/dags/dag_treino_titanic.py
[2026-05-20T15:06:00.404+0000] {logging_mixin.py:190} INFO - [2026-05-20T15:06:00.399+0000] {dag.py:3239} INFO - Sync 1 DAGs
[2026-05-20T15:06:00.442+0000] {logging_mixin.py:190} INFO - [2026-05-20T15:06:00.441+0000] {dag.py:4180} INFO - Setting next_dagrun for atv7_treino_titanic_v1 to None, run_after=None
[2026-05-20T15:06:00.541+0000] {processor.py:208} INFO - Processing /workspaces/meu-primeiro-etl-airflow/airflow/dags/dag_treino_titanic.py took 2.284 seconds
[2026-05-20T15:06:47.318+0000] {processor.py:186} INFO - Started process (PID=60048) to work on /workspaces/meu-primeiro-etl-airflow/airflow/dags/dag_treino_titanic.py
[2026-05-20T15:06:47.319+0000] {processor.py:914} INFO - Processing file /workspaces/meu-primeiro-etl-airflow/airflow/dags/dag_treino_titanic.py for tasks to queue
[2026-05-20T15:06:47.321+0000] {logging_mixin.py:190} INFO - [2026-05-20T15:06:47.321+0000] {dagbag.py:588} INFO - Filling up the DagBag from /workspaces/meu-primeiro-etl-airflow/airflow/dags/dag_treino_titanic.py
[2026-05-20T15:06:50.420+0000] {processor.py:925} INFO - DAG(s) 'atv7_treino_titanic_v1' retrieved from /workspaces/meu-primeiro-etl-airflow/airflow/dags/dag_treino_titanic.py
[2026-05-20T15:06:50.466+0000] {logging_mixin.py:190} INFO - [2026-05-20T15:06:50.465+0000] {dag.py:3239} INFO - Sync 1 DAGs
[2026-05-20T15:06:50.479+0000] {logging_mixin.py:190} INFO - [2026-05-20T15:06:50.479+0000] {dag.py:4180} INFO - Setting next_dagrun for atv7_treino_titanic_v1 to None, run_after=None
[2026-05-20T15:06:50.496+0000] {processor.py:208} INFO - Processing /workspaces/meu-primeiro-etl-airflow/airflow/dags/dag_treino_titanic.py took 3.184 seconds
[2026-05-20T15:07:20.799+0000] {processor.py:186} INFO - Started process (PID=60424) to work on /workspaces/meu-primeiro-etl-airflow/airflow/dags/dag_treino_titanic.py
[2026-05-20T15:07:20.800+0000] {processor.py:914} INFO - Processing file /workspaces/meu-primeiro-etl-airflow/airflow/dags/dag_treino_titanic.py for tasks to queue
[2026-05-20T15:07:20.802+0000] {logging_mixin.py:190} INFO - [2026-05-20T15:07:20.801+0000] {dagbag.py:588} INFO - Filling up the DagBag from /workspaces/meu-primeiro-etl-airflow/airflow/dags/dag_treino_titanic.py
[2026-05-20T15:07:22.457+0000] {processor.py:925} INFO - DAG(s) 'atv7_treino_titanic_v1' retrieved from /workspaces/meu-primeiro-etl-airflow/airflow/dags/dag_treino_titanic.py
[2026-05-20T15:07:22.469+0000] {logging_mixin.py:190} INFO - [2026-05-20T15:07:22.469+0000] {dag.py:3239} INFO - Sync 1 DAGs
[2026-05-20T15:07:22.482+0000] {logging_mixin.py:190} INFO - [2026-05-20T15:07:22.481+0000] {dag.py:4180} INFO - Setting next_dagrun for atv7_treino_titanic_v1 to None, run_after=None
[2026-05-20T15:07:22.514+0000] {processor.py:208} INFO - Processing /workspaces/meu-primeiro-etl-airflow/airflow/dags/dag_treino_titanic.py took 1.720 seconds
[2026-05-20T15:07:52.844+0000] {processor.py:186} INFO - Started process (PID=60580) to work on /workspaces/meu-primeiro-etl-airflow/airflow/dags/dag_treino_titanic.py
[2026-05-20T15:07:52.845+0000] {processor.py:914} INFO - Processing file /workspaces/meu-primeiro-etl-airflow/airflow/dags/dag_treino_titanic.py for tasks to queue
[2026-05-20T15:07:52.847+0000] {logging_mixin.py:190} INFO - [2026-05-20T15:07:52.846+0000] {dagbag.py:588} INFO - Filling up the DagBag from /workspaces/meu-primeiro-etl-airflow/airflow/dags/dag_treino_titanic.py
[2026-05-20T15:07:54.452+0000] {processor.py:925} INFO - DAG(s) 'atv7_treino_titanic_v1' retrieved from /workspaces/meu-primeiro-etl-airflow/airflow/dags/dag_treino_titanic.py
[2026-05-20T15:07:54.466+0000] {logging_mixin.py:190} INFO - [2026-05-20T15:07:54.466+0000] {dag.py:3239} INFO - Sync 1 DAGs
[2026-05-20T15:07:54.477+0000] {logging_mixin.py:190} INFO - [2026-05-20T15:07:54.477+0000] {dag.py:4180} INFO - Setting next_dagrun for atv7_treino_titanic_v1 to None, run_after=None
[2026-05-20T15:07:54.493+0000] {processor.py:208} INFO - Processing /workspaces/meu-primeiro-etl-airflow/airflow/dags/dag_treino_titanic.py took 1.656 seconds
[2026-05-20T15:08:25.088+0000] {processor.py:186} INFO - Started process (PID=60830) to work on /workspaces/meu-primeiro-etl-airflow/airflow/dags/dag_treino_titanic.py
[2026-05-20T15:08:25.089+0000] {processor.py:914} INFO - Processing file /workspaces/meu-primeiro-etl-airflow/airflow/dags/dag_treino_titanic.py for tasks to queue
[2026-05-20T15:08:25.091+0000] {logging_mixin.py:190} INFO - [2026-05-20T15:08:25.090+0000] {dagbag.py:588} INFO - Filling up the DagBag from /workspaces/meu-primeiro-etl-airflow/airflow/dags/dag_treino_titanic.py
[2026-05-20T15:08:26.582+0000] {processor.py:925} INFO - DAG(s) 'atv7_treino_titanic_v1' retrieved from /workspaces/meu-primeiro-etl-airflow/airflow/dags/dag_treino_titanic.py
[2026-05-20T15:08:26.600+0000] {logging_mixin.py:190} INFO - [2026-05-20T15:08:26.599+0000] {dag.py:3239} INFO - Sync 1 DAGs
[2026-05-20T15:08:26.609+0000] {logging_mixin.py:190} INFO - [2026-05-20T15:08:26.609+0000] {dag.py:4180} INFO - Setting next_dagrun for atv7_treino_titanic_v1 to None, run_after=None
[2026-05-20T15:08:26.626+0000] {processor.py:208} INFO - Processing /workspaces/meu-primeiro-etl-airflow/airflow/dags/dag_treino_titanic.py took 1.543 seconds
[2026-05-20T15:08:56.919+0000] {processor.py:186} INFO - Started process (PID=61033) to work on /workspaces/meu-primeiro-etl-airflow/airflow/dags/dag_treino_titanic.py
[2026-05-20T15:08:56.920+0000] {processor.py:914} INFO - Processing file /workspaces/meu-primeiro-etl-airflow/airflow/dags/dag_treino_titanic.py for tasks to queue
[2026-05-20T15:08:56.922+0000] {logging_mixin.py:190} INFO - [2026-05-20T15:08:56.922+0000] {dagbag.py:588} INFO - Filling up the DagBag from /workspaces/meu-primeiro-etl-airflow/airflow/dags/dag_treino_titanic.py
[2026-05-20T15:08:58.458+0000] {processor.py:925} INFO - DAG(s) 'atv7_treino_titanic_v1' retrieved from /workspaces/meu-primeiro-etl-airflow/airflow/dags/dag_treino_titanic.py
[2026-05-20T15:08:58.471+0000] {logging_mixin.py:190} INFO - [2026-05-20T15:08:58.471+0000] {dag.py:3239} INFO - Sync 1 DAGs
[2026-05-20T15:08:58.479+0000] {logging_mixin.py:190} INFO - [2026-05-20T15:08:58.479+0000] {dag.py:4180} INFO - Setting next_dagrun for atv7_treino_titanic_v1 to None, run_after=None
[2026-05-20T15:08:58.494+0000] {processor.py:208} INFO - Processing /workspaces/meu-primeiro-etl-airflow/airflow/dags/dag_treino_titanic.py took 1.580 seconds
[2026-05-20T15:09:28.596+0000] {processor.py:186} INFO - Started process (PID=61318) to work on /workspaces/meu-primeiro-etl-airflow/airflow/dags/dag_treino_titanic.py
[2026-05-20T15:09:28.597+0000] {processor.py:914} INFO - Processing file /workspaces/meu-primeiro-etl-airflow/airflow/dags/dag_treino_titanic.py for tasks to queue
[2026-05-20T15:09:28.599+0000] {logging_mixin.py:190} INFO - [2026-05-20T15:09:28.598+0000] {dagbag.py:588} INFO - Filling up the DagBag from /workspaces/meu-primeiro-etl-airflow/airflow/dags/dag_treino_titanic.py
[2026-05-20T15:09:30.211+0000] {processor.py:925} INFO - DAG(s) 'atv7_treino_titanic_v1' retrieved from /workspaces/meu-primeiro-etl-airflow/airflow/dags/dag_treino_titanic.py
[2026-05-20T15:09:30.225+0000] {logging_mixin.py:190} INFO - [2026-05-20T15:09:30.224+0000] {dag.py:3239} INFO - Sync 1 DAGs
[2026-05-20T15:09:30.237+0000] {logging_mixin.py:190} INFO - [2026-05-20T15:09:30.237+0000] {dag.py:4180} INFO - Setting next_dagrun for atv7_treino_titanic_v1 to None, run_after=None
[2026-05-20T15:09:30.262+0000] {processor.py:208} INFO - Processing /workspaces/meu-primeiro-etl-airflow/airflow/dags/dag_treino_titanic.py took 1.670 seconds
[2026-05-20T15:10:00.426+0000] {processor.py:186} INFO - Started process (PID=61557) to work on /workspaces/meu-primeiro-etl-airflow/airflow/dags/dag_treino_titanic.py
[2026-05-20T15:10:00.427+0000] {processor.py:914} INFO - Processing file /workspaces/meu-primeiro-etl-airflow/airflow/dags/dag_treino_titanic.py for tasks to queue
[2026-05-20T15:10:00.434+0000] {logging_mixin.py:190} INFO - [2026-05-20T15:10:00.434+0000] {dagbag.py:588} INFO - Filling up the DagBag from /workspaces/meu-primeiro-etl-airflow/airflow/dags/dag_treino_titanic.py
[2026-05-20T15:10:02.105+0000] {processor.py:925} INFO - DAG(s) 'atv7_treino_titanic_v1' retrieved from /workspaces/meu-primeiro-etl-airflow/airflow/dags/dag_treino_titanic.py
[2026-05-20T15:10:02.120+0000] {logging_mixin.py:190} INFO - [2026-05-20T15:10:02.119+0000] {dag.py:3239} INFO - Sync 1 DAGs
[2026-05-20T15:10:02.130+0000] {logging_mixin.py:190} INFO - [2026-05-20T15:10:02.129+0000] {dag.py:4180} INFO - Setting next_dagrun for atv7_treino_titanic_v1 to None, run_after=None
[2026-05-20T15:10:02.150+0000] {processor.py:208} INFO - Processing /workspaces/meu-primeiro-etl-airflow/airflow/dags/dag_treino_titanic.py took 1.736 seconds
[2026-05-20T15:10:32.407+0000] {processor.py:186} INFO - Started process (PID=61855) to work on /workspaces/meu-primeiro-etl-airflow/airflow/dags/dag_treino_titanic.py
[2026-05-20T15:10:32.407+0000] {processor.py:914} INFO - Processing file /workspaces/meu-primeiro-etl-airflow/airflow/dags/dag_treino_titanic.py for tasks to queue
[2026-05-20T15:10:32.409+0000] {logging_mixin.py:190} INFO - [2026-05-20T15:10:32.409+0000] {dagbag.py:588} INFO - Filling up the DagBag from /workspaces/meu-primeiro-etl-airflow/airflow/dags/dag_treino_titanic.py
[2026-05-20T15:10:34.687+0000] {processor.py:925} INFO - DAG(s) 'atv7_treino_titanic_v1' retrieved from /workspaces/meu-primeiro-etl-airflow/airflow/dags/dag_treino_titanic.py
[2026-05-20T15:10:34.704+0000] {logging_mixin.py:190} INFO - [2026-05-20T15:10:34.703+0000] {dag.py:3239} INFO - Sync 1 DAGs
[2026-05-20T15:10:34.712+0000] {logging_mixin.py:190} INFO - [2026-05-20T15:10:34.711+0000] {dag.py:4180} INFO - Setting next_dagrun for atv7_treino_titanic_v1 to None, run_after=None
[2026-05-20T15:10:34.729+0000] {processor.py:208} INFO - Processing /workspaces/meu-primeiro-etl-airflow/airflow/dags/dag_treino_titanic.py took 2.327 seconds
[2026-05-20T15:11:04.898+0000] {processor.py:186} INFO - Started process (PID=62085) to work on /workspaces/meu-primeiro-etl-airflow/airflow/dags/dag_treino_titanic.py
[2026-05-20T15:11:04.899+0000] {processor.py:914} INFO - Processing file /workspaces/meu-primeiro-etl-airflow/airflow/dags/dag_treino_titanic.py for tasks to queue
[2026-05-20T15:11:04.900+0000] {logging_mixin.py:190} INFO - [2026-05-20T15:11:04.900+0000] {dagbag.py:588} INFO - Filling up the DagBag from /workspaces/meu-primeiro-etl-airflow/airflow/dags/dag_treino_titanic.py
[2026-05-20T15:11:06.590+0000] {processor.py:925} INFO - DAG(s) 'atv7_treino_titanic_v1' retrieved from /workspaces/meu-primeiro-etl-airflow/airflow/dags/dag_treino_titanic.py
[2026-05-20T15:11:06.605+0000] {logging_mixin.py:190} INFO - [2026-05-20T15:11:06.604+0000] {dag.py:3239} INFO - Sync 1 DAGs
[2026-05-20T15:11:06.616+0000] {logging_mixin.py:190} INFO - [2026-05-20T15:11:06.616+0000] {dag.py:4180} INFO - Setting next_dagrun for atv7_treino_titanic_v1 to None, run_after=None
[2026-05-20T15:11:06.635+0000] {processor.py:208} INFO - Processing /workspaces/meu-primeiro-etl-airflow/airflow/dags/dag_treino_titanic.py took 1.741 seconds
[2026-05-20T15:11:36.784+0000] {processor.py:186} INFO - Started process (PID=62396) to work on /workspaces/meu-primeiro-etl-airflow/airflow/dags/dag_treino_titanic.py
[2026-05-20T15:11:36.785+0000] {processor.py:914} INFO - Processing file /workspaces/meu-primeiro-etl-airflow/airflow/dags/dag_treino_titanic.py for tasks to queue
[2026-05-20T15:11:36.788+0000] {logging_mixin.py:190} INFO - [2026-05-20T15:11:36.787+0000] {dagbag.py:588} INFO - Filling up the DagBag from /workspaces/meu-primeiro-etl-airflow/airflow/dags/dag_treino_titanic.py
[2026-05-20T15:11:38.592+0000] {processor.py:925} INFO - DAG(s) 'atv7_treino_titanic_v1' retrieved from /workspaces/meu-primeiro-etl-airflow/airflow/dags/dag_treino_titanic.py
[2026-05-20T15:11:38.605+0000] {logging_mixin.py:190} INFO - [2026-05-20T15:11:38.605+0000] {dag.py:3239} INFO - Sync 1 DAGs
[2026-05-20T15:11:38.616+0000] {logging_mixin.py:190} INFO - [2026-05-20T15:11:38.615+0000] {dag.py:4180} INFO - Setting next_dagrun for atv7_treino_titanic_v1 to None, run_after=None
[2026-05-20T15:11:38.633+0000] {processor.py:208} INFO - Processing /workspaces/meu-primeiro-etl-airflow/airflow/dags/dag_treino_titanic.py took 1.855 seconds
[2026-05-20T15:12:08.786+0000] {processor.py:186} INFO - Started process (PID=62880) to work on /workspaces/meu-primeiro-etl-airflow/airflow/dags/dag_treino_titanic.py
[2026-05-20T15:12:08.786+0000] {processor.py:914} INFO - Processing file /workspaces/meu-primeiro-etl-airflow/airflow/dags/dag_treino_titanic.py for tasks to queue
[2026-05-20T15:12:08.788+0000] {logging_mixin.py:190} INFO - [2026-05-20T15:12:08.788+0000] {dagbag.py:588} INFO - Filling up the DagBag from /workspaces/meu-primeiro-etl-airflow/airflow/dags/dag_treino_titanic.py
[2026-05-20T15:12:10.410+0000] {processor.py:925} INFO - DAG(s) 'atv7_treino_titanic_v1' retrieved from /workspaces/meu-primeiro-etl-airflow/airflow/dags/dag_treino_titanic.py
[2026-05-20T15:12:10.424+0000] {logging_mixin.py:190} INFO - [2026-05-20T15:12:10.424+0000] {dag.py:3239} INFO - Sync 1 DAGs
[2026-05-20T15:12:10.438+0000] {logging_mixin.py:190} INFO - [2026-05-20T15:12:10.438+0000] {dag.py:4180} INFO - Setting next_dagrun for atv7_treino_titanic_v1 to None, run_after=None
[2026-05-20T15:12:10.456+0000] {processor.py:208} INFO - Processing /workspaces/meu-primeiro-etl-airflow/airflow/dags/dag_treino_titanic.py took 1.675 seconds
[2026-05-20T15:13:02.589+0000] {processor.py:186} INFO - Started process (PID=64387) to work on /workspaces/meu-primeiro-etl-airflow/airflow/dags/dag_treino_titanic.py
[2026-05-20T15:13:02.589+0000] {processor.py:914} INFO - Processing file /workspaces/meu-primeiro-etl-airflow/airflow/dags/dag_treino_titanic.py for tasks to queue
[2026-05-20T15:13:02.591+0000] {logging_mixin.py:190} INFO - [2026-05-20T15:13:02.591+0000] {dagbag.py:588} INFO - Filling up the DagBag from /workspaces/meu-primeiro-etl-airflow/airflow/dags/dag_treino_titanic.py
[2026-05-20T15:13:05.873+0000] {processor.py:925} INFO - DAG(s) 'atv7_treino_titanic_v1' retrieved from /workspaces/meu-primeiro-etl-airflow/airflow/dags/dag_treino_titanic.py
[2026-05-20T15:13:05.899+0000] {logging_mixin.py:190} INFO - [2026-05-20T15:13:05.898+0000] {dag.py:3239} INFO - Sync 1 DAGs
[2026-05-20T15:13:05.910+0000] {logging_mixin.py:190} INFO - [2026-05-20T15:13:05.910+0000] {dag.py:4180} INFO - Setting next_dagrun for atv7_treino_titanic_v1 to None, run_after=None
[2026-05-20T15:13:05.926+0000] {processor.py:208} INFO - Processing /workspaces/meu-primeiro-etl-airflow/airflow/dags/dag_treino_titanic.py took 3.342 seconds
[2026-05-20T15:14:04.585+0000] {processor.py:186} INFO - Started process (PID=65963) to work on /workspaces/meu-primeiro-etl-airflow/airflow/dags/dag_treino_titanic.py
[2026-05-20T15:14:04.587+0000] {processor.py:914} INFO - Processing file /workspaces/meu-primeiro-etl-airflow/airflow/dags/dag_treino_titanic.py for tasks to queue
[2026-05-20T15:14:04.589+0000] {logging_mixin.py:190} INFO - [2026-05-20T15:14:04.588+0000] {dagbag.py:588} INFO - Filling up the DagBag from /workspaces/meu-primeiro-etl-airflow/airflow/dags/dag_treino_titanic.py
[2026-05-20T15:14:07.706+0000] {processor.py:925} INFO - DAG(s) 'atv7_treino_titanic_v1' retrieved from /workspaces/meu-primeiro-etl-airflow/airflow/dags/dag_treino_titanic.py
[2026-05-20T15:14:07.733+0000] {logging_mixin.py:190} INFO - [2026-05-20T15:14:07.732+0000] {dag.py:3239} INFO - Sync 1 DAGs
[2026-05-20T15:14:07.744+0000] {logging_mixin.py:190} INFO - [2026-05-20T15:14:07.744+0000] {dag.py:4180} INFO - Setting next_dagrun for atv7_treino_titanic_v1 to None, run_after=None
[2026-05-20T15:14:07.761+0000] {processor.py:208} INFO - Processing /workspaces/meu-primeiro-etl-airflow/airflow/dags/dag_treino_titanic.py took 3.181 seconds
[2026-05-20T15:14:38.021+0000] {processor.py:186} INFO - Started process (PID=66435) to work on /workspaces/meu-primeiro-etl-airflow/airflow/dags/dag_treino_titanic.py
[2026-05-20T15:14:38.022+0000] {processor.py:914} INFO - Processing file /workspaces/meu-primeiro-etl-airflow/airflow/dags/dag_treino_titanic.py for tasks to queue
[2026-05-20T15:14:38.024+0000] {logging_mixin.py:190} INFO - [2026-05-20T15:14:38.023+0000] {dagbag.py:588} INFO - Filling up the DagBag from /workspaces/meu-primeiro-etl-airflow/airflow/dags/dag_treino_titanic.py
[2026-05-20T15:14:39.699+0000] {processor.py:925} INFO - DAG(s) 'atv7_treino_titanic_v1' retrieved from /workspaces/meu-primeiro-etl-airflow/airflow/dags/dag_treino_titanic.py
[2026-05-20T15:14:39.713+0000] {logging_mixin.py:190} INFO - [2026-05-20T15:14:39.712+0000] {dag.py:3239} INFO - Sync 1 DAGs
[2026-05-20T15:14:39.721+0000] {logging_mixin.py:190} INFO - [2026-05-20T15:14:39.721+0000] {dag.py:4180} INFO - Setting next_dagrun for atv7_treino_titanic_v1 to None, run_after=None
[2026-05-20T15:14:39.739+0000] {processor.py:208} INFO - Processing /workspaces/meu-primeiro-etl-airflow/airflow/dags/dag_treino_titanic.py took 1.723 seconds
[2026-05-20T15:15:34.408+0000] {processor.py:186} INFO - Started process (PID=67015) to work on /workspaces/meu-primeiro-etl-airflow/airflow/dags/dag_treino_titanic.py
[2026-05-20T15:15:34.410+0000] {processor.py:914} INFO - Processing file /workspaces/meu-primeiro-etl-airflow/airflow/dags/dag_treino_titanic.py for tasks to queue
[2026-05-20T15:15:34.415+0000] {logging_mixin.py:190} INFO - [2026-05-20T15:15:34.414+0000] {dagbag.py:588} INFO - Filling up the DagBag from /workspaces/meu-primeiro-etl-airflow/airflow/dags/dag_treino_titanic.py
[2026-05-20T15:15:36.643+0000] {processor.py:925} INFO - DAG(s) 'atv7_treino_titanic_v1' retrieved from /workspaces/meu-primeiro-etl-airflow/airflow/dags/dag_treino_titanic.py
[2026-05-20T15:15:36.657+0000] {logging_mixin.py:190} INFO - [2026-05-20T15:15:36.657+0000] {dag.py:3239} INFO - Sync 1 DAGs
[2026-05-20T15:15:36.666+0000] {logging_mixin.py:190} INFO - [2026-05-20T15:15:36.666+0000] {dag.py:4180} INFO - Setting next_dagrun for atv7_treino_titanic_v1 to None, run_after=None
[2026-05-20T15:15:36.690+0000] {processor.py:208} INFO - Processing /workspaces/meu-primeiro-etl-airflow/airflow/dags/dag_treino_titanic.py took 2.299 seconds
[2026-05-20T15:16:06.917+0000] {processor.py:186} INFO - Started process (PID=67406) to work on /workspaces/meu-primeiro-etl-airflow/airflow/dags/dag_treino_titanic.py
[2026-05-20T15:16:06.918+0000] {processor.py:914} INFO - Processing file /workspaces/meu-primeiro-etl-airflow/airflow/dags/dag_treino_titanic.py for tasks to queue
[2026-05-20T15:16:06.919+0000] {logging_mixin.py:190} INFO - [2026-05-20T15:16:06.919+0000] {dagbag.py:588} INFO - Filling up the DagBag from /workspaces/meu-primeiro-etl-airflow/airflow/dags/dag_treino_titanic.py
[2026-05-20T15:16:08.589+0000] {processor.py:925} INFO - DAG(s) 'atv7_treino_titanic_v1' retrieved from /workspaces/meu-primeiro-etl-airflow/airflow/dags/dag_treino_titanic.py
[2026-05-20T15:16:08.604+0000] {logging_mixin.py:190} INFO - [2026-05-20T15:16:08.604+0000] {dag.py:3239} INFO - Sync 1 DAGs
[2026-05-20T15:16:08.616+0000] {logging_mixin.py:190} INFO - [2026-05-20T15:16:08.616+0000] {dag.py:4180} INFO - Setting next_dagrun for atv7_treino_titanic_v1 to None, run_after=None
[2026-05-20T15:16:08.635+0000] {processor.py:208} INFO - Processing /workspaces/meu-primeiro-etl-airflow/airflow/dags/dag_treino_titanic.py took 1.722 seconds
[2026-05-20T15:16:39.339+0000] {processor.py:186} INFO - Started process (PID=67819) to work on /workspaces/meu-primeiro-etl-airflow/airflow/dags/dag_treino_titanic.py
[2026-05-20T15:16:39.340+0000] {processor.py:914} INFO - Processing file /workspaces/meu-primeiro-etl-airflow/airflow/dags/dag_treino_titanic.py for tasks to queue
[2026-05-20T15:16:39.344+0000] {logging_mixin.py:190} INFO - [2026-05-20T15:16:39.343+0000] {dagbag.py:588} INFO - Filling up the DagBag from /workspaces/meu-primeiro-etl-airflow/airflow/dags/dag_treino_titanic.py
[2026-05-20T15:16:41.147+0000] {processor.py:925} INFO - DAG(s) 'atv7_treino_titanic_v1' retrieved from /workspaces/meu-primeiro-etl-airflow/airflow/dags/dag_treino_titanic.py
[2026-05-20T15:16:41.163+0000] {logging_mixin.py:190} INFO - [2026-05-20T15:16:41.163+0000] {dag.py:3239} INFO - Sync 1 DAGs
[2026-05-20T15:16:41.172+0000] {logging_mixin.py:190} INFO - [2026-05-20T15:16:41.172+0000] {dag.py:4180} INFO - Setting next_dagrun for atv7_treino_titanic_v1 to None, run_after=None
[2026-05-20T15:16:41.187+0000] {processor.py:208} INFO - Processing /workspaces/meu-primeiro-etl-airflow/airflow/dags/dag_treino_titanic.py took 1.853 seconds
[2026-05-20T15:17:37.493+0000] {processor.py:186} INFO - Started process (PID=69135) to work on /workspaces/meu-primeiro-etl-airflow/airflow/dags/dag_treino_titanic.py
[2026-05-20T15:17:37.494+0000] {processor.py:914} INFO - Processing file /workspaces/meu-primeiro-etl-airflow/airflow/dags/dag_treino_titanic.py for tasks to queue
[2026-05-20T15:17:37.496+0000] {logging_mixin.py:190} INFO - [2026-05-20T15:17:37.495+0000] {dagbag.py:588} INFO - Filling up the DagBag from /workspaces/meu-primeiro-etl-airflow/airflow/dags/dag_treino_titanic.py
[2026-05-20T15:17:40.090+0000] {processor.py:925} INFO - DAG(s) 'atv7_treino_titanic_v1' retrieved from /workspaces/meu-primeiro-etl-airflow/airflow/dags/dag_treino_titanic.py
[2026-05-20T15:17:40.130+0000] {logging_mixin.py:190} INFO - [2026-05-20T15:17:40.129+0000] {dag.py:3239} INFO - Sync 1 DAGs
[2026-05-20T15:17:40.142+0000] {logging_mixin.py:190} INFO - [2026-05-20T15:17:40.142+0000] {dag.py:4180} INFO - Setting next_dagrun for atv7_treino_titanic_v1 to None, run_after=None
[2026-05-20T15:17:40.165+0000] {processor.py:208} INFO - Processing /workspaces/meu-primeiro-etl-airflow/airflow/dags/dag_treino_titanic.py took 2.677 seconds
[2026-05-20T15:18:10.587+0000] {processor.py:186} INFO - Started process (PID=69460) to work on /workspaces/meu-primeiro-etl-airflow/airflow/dags/dag_treino_titanic.py
[2026-05-20T15:18:10.587+0000] {processor.py:914} INFO - Processing file /workspaces/meu-primeiro-etl-airflow/airflow/dags/dag_treino_titanic.py for tasks to queue
[2026-05-20T15:18:10.589+0000] {logging_mixin.py:190} INFO - [2026-05-20T15:18:10.589+0000] {dagbag.py:588} INFO - Filling up the DagBag from /workspaces/meu-primeiro-etl-airflow/airflow/dags/dag_treino_titanic.py
[2026-05-20T15:18:12.154+0000] {processor.py:925} INFO - DAG(s) 'atv7_treino_titanic_v1' retrieved from /workspaces/meu-primeiro-etl-airflow/airflow/dags/dag_treino_titanic.py
[2026-05-20T15:18:12.168+0000] {logging_mixin.py:190} INFO - [2026-05-20T15:18:12.167+0000] {dag.py:3239} INFO - Sync 1 DAGs
[2026-05-20T15:18:12.176+0000] {logging_mixin.py:190} INFO - [2026-05-20T15:18:12.176+0000] {dag.py:4180} INFO - Setting next_dagrun for atv7_treino_titanic_v1 to None, run_after=None
[2026-05-20T15:18:12.193+0000] {processor.py:208} INFO - Processing /workspaces/meu-primeiro-etl-airflow/airflow/dags/dag_treino_titanic.py took 1.611 seconds
[2026-05-20T15:18:42.647+0000] {processor.py:186} INFO - Started process (PID=69771) to work on /workspaces/meu-primeiro-etl-airflow/airflow/dags/dag_treino_titanic.py
[2026-05-20T15:18:42.647+0000] {processor.py:914} INFO - Processing file /workspaces/meu-primeiro-etl-airflow/airflow/dags/dag_treino_titanic.py for tasks to queue
[2026-05-20T15:18:42.649+0000] {logging_mixin.py:190} INFO - [2026-05-20T15:18:42.649+0000] {dagbag.py:588} INFO - Filling up the DagBag from /workspaces/meu-primeiro-etl-airflow/airflow/dags/dag_treino_titanic.py
[2026-05-20T15:18:44.301+0000] {processor.py:925} INFO - DAG(s) 'atv7_treino_titanic_v1' retrieved from /workspaces/meu-primeiro-etl-airflow/airflow/dags/dag_treino_titanic.py
[2026-05-20T15:18:44.342+0000] {logging_mixin.py:190} INFO - [2026-05-20T15:18:44.341+0000] {dag.py:3239} INFO - Sync 1 DAGs
[2026-05-20T15:18:44.359+0000] {logging_mixin.py:190} INFO - [2026-05-20T15:18:44.358+0000] {dag.py:4180} INFO - Setting next_dagrun for atv7_treino_titanic_v1 to None, run_after=None
[2026-05-20T15:18:44.394+0000] {processor.py:208} INFO - Processing /workspaces/meu-primeiro-etl-airflow/airflow/dags/dag_treino_titanic.py took 1.753 seconds
[2026-05-20T15:19:15.366+0000] {processor.py:186} INFO - Started process (PID=70117) to work on /workspaces/meu-primeiro-etl-airflow/airflow/dags/dag_treino_titanic.py
[2026-05-20T15:19:15.366+0000] {processor.py:914} INFO - Processing file /workspaces/meu-primeiro-etl-airflow/airflow/dags/dag_treino_titanic.py for tasks to queue
[2026-05-20T15:19:15.368+0000] {logging_mixin.py:190} INFO - [2026-05-20T15:19:15.368+0000] {dagbag.py:588} INFO - Filling up the DagBag from /workspaces/meu-primeiro-etl-airflow/airflow/dags/dag_treino_titanic.py
[2026-05-20T15:19:16.963+0000] {processor.py:925} INFO - DAG(s) 'atv7_treino_titanic_v1' retrieved from /workspaces/meu-primeiro-etl-airflow/airflow/dags/dag_treino_titanic.py
[2026-05-20T15:19:16.977+0000] {logging_mixin.py:190} INFO - [2026-05-20T15:19:16.976+0000] {dag.py:3239} INFO - Sync 1 DAGs
[2026-05-20T15:19:16.992+0000] {logging_mixin.py:190} INFO - [2026-05-20T15:19:16.992+0000] {dag.py:4180} INFO - Setting next_dagrun for atv7_treino_titanic_v1 to None, run_after=None
[2026-05-20T15:19:17.017+0000] {processor.py:208} INFO - Processing /workspaces/meu-primeiro-etl-airflow/airflow/dags/dag_treino_titanic.py took 1.656 seconds
[2026-05-20T15:19:47.176+0000] {processor.py:186} INFO - Started process (PID=70398) to work on /workspaces/meu-primeiro-etl-airflow/airflow/dags/dag_treino_titanic.py
[2026-05-20T15:19:47.176+0000] {processor.py:914} INFO - Processing file /workspaces/meu-primeiro-etl-airflow/airflow/dags/dag_treino_titanic.py for tasks to queue
[2026-05-20T15:19:47.178+0000] {logging_mixin.py:190} INFO - [2026-05-20T15:19:47.178+0000] {dagbag.py:588} INFO - Filling up the DagBag from /workspaces/meu-primeiro-etl-airflow/airflow/dags/dag_treino_titanic.py
[2026-05-20T15:19:48.852+0000] {processor.py:925} INFO - DAG(s) 'atv7_treino_titanic_v1' retrieved from /workspaces/meu-primeiro-etl-airflow/airflow/dags/dag_treino_titanic.py
[2026-05-20T15:19:48.872+0000] {logging_mixin.py:190} INFO - [2026-05-20T15:19:48.871+0000] {dag.py:3239} INFO - Sync 1 DAGs
[2026-05-20T15:19:48.887+0000] {logging_mixin.py:190} INFO - [2026-05-20T15:19:48.886+0000] {dag.py:4180} INFO - Setting next_dagrun for atv7_treino_titanic_v1 to None, run_after=None
[2026-05-20T15:19:48.915+0000] {processor.py:208} INFO - Processing /workspaces/meu-primeiro-etl-airflow/airflow/dags/dag_treino_titanic.py took 1.744 seconds
[2026-05-20T15:20:19.057+0000] {processor.py:186} INFO - Started process (PID=70632) to work on /workspaces/meu-primeiro-etl-airflow/airflow/dags/dag_treino_titanic.py
[2026-05-20T15:20:19.060+0000] {processor.py:914} INFO - Processing file /workspaces/meu-primeiro-etl-airflow/airflow/dags/dag_treino_titanic.py for tasks to queue
[2026-05-20T15:20:19.065+0000] {logging_mixin.py:190} INFO - [2026-05-20T15:20:19.065+0000] {dagbag.py:588} INFO - Filling up the DagBag from /workspaces/meu-primeiro-etl-airflow/airflow/dags/dag_treino_titanic.py
[2026-05-20T15:20:21.460+0000] {processor.py:925} INFO - DAG(s) 'atv7_treino_titanic_v1' retrieved from /workspaces/meu-primeiro-etl-airflow/airflow/dags/dag_treino_titanic.py
[2026-05-20T15:20:21.538+0000] {logging_mixin.py:190} INFO - [2026-05-20T15:20:21.537+0000] {dag.py:3239} INFO - Sync 1 DAGs
[2026-05-20T15:20:21.578+0000] {logging_mixin.py:190} INFO - [2026-05-20T15:20:21.577+0000] {dag.py:4180} INFO - Setting next_dagrun for atv7_treino_titanic_v1 to None, run_after=None
[2026-05-20T15:20:21.713+0000] {processor.py:208} INFO - Processing /workspaces/meu-primeiro-etl-airflow/airflow/dags/dag_treino_titanic.py took 2.684 seconds
[2026-05-20T15:20:51.964+0000] {processor.py:186} INFO - Started process (PID=71066) to work on /workspaces/meu-primeiro-etl-airflow/airflow/dags/dag_treino_titanic.py
[2026-05-20T15:20:51.965+0000] {processor.py:914} INFO - Processing file /workspaces/meu-primeiro-etl-airflow/airflow/dags/dag_treino_titanic.py for tasks to queue
[2026-05-20T15:20:51.967+0000] {logging_mixin.py:190} INFO - [2026-05-20T15:20:51.966+0000] {dagbag.py:588} INFO - Filling up the DagBag from /workspaces/meu-primeiro-etl-airflow/airflow/dags/dag_treino_titanic.py
[2026-05-20T15:20:53.516+0000] {processor.py:925} INFO - DAG(s) 'atv7_treino_titanic_v1' retrieved from /workspaces/meu-primeiro-etl-airflow/airflow/dags/dag_treino_titanic.py
[2026-05-20T15:20:53.534+0000] {logging_mixin.py:190} INFO - [2026-05-20T15:20:53.533+0000] {dag.py:3239} INFO - Sync 1 DAGs
[2026-05-20T15:20:53.546+0000] {logging_mixin.py:190} INFO - [2026-05-20T15:20:53.546+0000] {dag.py:4180} INFO - Setting next_dagrun for atv7_treino_titanic_v1 to None, run_after=None
[2026-05-20T15:20:53.591+0000] {processor.py:208} INFO - Processing /workspaces/meu-primeiro-etl-airflow/airflow/dags/dag_treino_titanic.py took 1.632 seconds
[2026-05-20T15:21:23.808+0000] {processor.py:186} INFO - Started process (PID=71649) to work on /workspaces/meu-primeiro-etl-airflow/airflow/dags/dag_treino_titanic.py
[2026-05-20T15:21:23.808+0000] {processor.py:914} INFO - Processing file /workspaces/meu-primeiro-etl-airflow/airflow/dags/dag_treino_titanic.py for tasks to queue
[2026-05-20T15:21:23.810+0000] {logging_mixin.py:190} INFO - [2026-05-20T15:21:23.810+0000] {dagbag.py:588} INFO - Filling up the DagBag from /workspaces/meu-primeiro-etl-airflow/airflow/dags/dag_treino_titanic.py
[2026-05-20T15:21:25.323+0000] {processor.py:925} INFO - DAG(s) 'atv7_treino_titanic_v1' retrieved from /workspaces/meu-primeiro-etl-airflow/airflow/dags/dag_treino_titanic.py
[2026-05-20T15:21:25.342+0000] {logging_mixin.py:190} INFO - [2026-05-20T15:21:25.341+0000] {dag.py:3239} INFO - Sync 1 DAGs
[2026-05-20T15:21:25.351+0000] {logging_mixin.py:190} INFO - [2026-05-20T15:21:25.351+0000] {dag.py:4180} INFO - Setting next_dagrun for atv7_treino_titanic_v1 to None, run_after=None
[2026-05-20T15:21:25.367+0000] {processor.py:208} INFO - Processing /workspaces/meu-primeiro-etl-airflow/airflow/dags/dag_treino_titanic.py took 1.565 seconds
[2026-05-20T15:22:21.533+0000] {processor.py:186} INFO - Started process (PID=72432) to work on /workspaces/meu-primeiro-etl-airflow/airflow/dags/dag_treino_titanic.py
[2026-05-20T15:22:21.534+0000] {processor.py:914} INFO - Processing file /workspaces/meu-primeiro-etl-airflow/airflow/dags/dag_treino_titanic.py for tasks to queue
[2026-05-20T15:22:21.536+0000] {logging_mixin.py:190} INFO - [2026-05-20T15:22:21.536+0000] {dagbag.py:588} INFO - Filling up the DagBag from /workspaces/meu-primeiro-etl-airflow/airflow/dags/dag_treino_titanic.py
[2026-05-20T15:22:23.907+0000] {processor.py:925} INFO - DAG(s) 'atv7_treino_titanic_v1' retrieved from /workspaces/meu-primeiro-etl-airflow/airflow/dags/dag_treino_titanic.py
[2026-05-20T15:22:23.921+0000] {logging_mixin.py:190} INFO - [2026-05-20T15:22:23.921+0000] {dag.py:3239} INFO - Sync 1 DAGs
[2026-05-20T15:22:23.931+0000] {logging_mixin.py:190} INFO - [2026-05-20T15:22:23.931+0000] {dag.py:4180} INFO - Setting next_dagrun for atv7_treino_titanic_v1 to None, run_after=None
[2026-05-20T15:22:23.950+0000] {processor.py:208} INFO - Processing /workspaces/meu-primeiro-etl-airflow/airflow/dags/dag_treino_titanic.py took 2.424 seconds
[2026-05-20T15:22:54.426+0000] {processor.py:186} INFO - Started process (PID=72833) to work on /workspaces/meu-primeiro-etl-airflow/airflow/dags/dag_treino_titanic.py
[2026-05-20T15:22:54.426+0000] {processor.py:914} INFO - Processing file /workspaces/meu-primeiro-etl-airflow/airflow/dags/dag_treino_titanic.py for tasks to queue
[2026-05-20T15:22:54.429+0000] {logging_mixin.py:190} INFO - [2026-05-20T15:22:54.428+0000] {dagbag.py:588} INFO - Filling up the DagBag from /workspaces/meu-primeiro-etl-airflow/airflow/dags/dag_treino_titanic.py
[2026-05-20T15:22:56.164+0000] {processor.py:925} INFO - DAG(s) 'atv7_treino_titanic_v1' retrieved from /workspaces/meu-primeiro-etl-airflow/airflow/dags/dag_treino_titanic.py
[2026-05-20T15:22:56.180+0000] {logging_mixin.py:190} INFO - [2026-05-20T15:22:56.180+0000] {dag.py:3239} INFO - Sync 1 DAGs
[2026-05-20T15:22:56.189+0000] {logging_mixin.py:190} INFO - [2026-05-20T15:22:56.188+0000] {dag.py:4180} INFO - Setting next_dagrun for atv7_treino_titanic_v1 to None, run_after=None
[2026-05-20T15:22:56.205+0000] {processor.py:208} INFO - Processing /workspaces/meu-primeiro-etl-airflow/airflow/dags/dag_treino_titanic.py took 1.784 seconds
[2026-05-20T15:23:26.494+0000] {processor.py:186} INFO - Started process (PID=73275) to work on /workspaces/meu-primeiro-etl-airflow/airflow/dags/dag_treino_titanic.py
[2026-05-20T15:23:26.495+0000] {processor.py:914} INFO - Processing file /workspaces/meu-primeiro-etl-airflow/airflow/dags/dag_treino_titanic.py for tasks to queue
[2026-05-20T15:23:26.498+0000] {logging_mixin.py:190} INFO - [2026-05-20T15:23:26.498+0000] {dagbag.py:588} INFO - Filling up the DagBag from /workspaces/meu-primeiro-etl-airflow/airflow/dags/dag_treino_titanic.py
[2026-05-20T15:23:28.048+0000] {processor.py:925} INFO - DAG(s) 'atv7_treino_titanic_v1' retrieved from /workspaces/meu-primeiro-etl-airflow/airflow/dags/dag_treino_titanic.py
[2026-05-20T15:23:28.064+0000] {logging_mixin.py:190} INFO - [2026-05-20T15:23:28.063+0000] {dag.py:3239} INFO - Sync 1 DAGs
[2026-05-20T15:23:28.075+0000] {logging_mixin.py:190} INFO - [2026-05-20T15:23:28.075+0000] {dag.py:4180} INFO - Setting next_dagrun for atv7_treino_titanic_v1 to None, run_after=None
[2026-05-20T15:23:28.093+0000] {processor.py:208} INFO - Processing /workspaces/meu-primeiro-etl-airflow/airflow/dags/dag_treino_titanic.py took 1.603 seconds
[2026-05-20T15:23:58.357+0000] {processor.py:186} INFO - Started process (PID=73498) to work on /workspaces/meu-primeiro-etl-airflow/airflow/dags/dag_treino_titanic.py
[2026-05-20T15:23:58.357+0000] {processor.py:914} INFO - Processing file /workspaces/meu-primeiro-etl-airflow/airflow/dags/dag_treino_titanic.py for tasks to queue
[2026-05-20T15:23:58.359+0000] {logging_mixin.py:190} INFO - [2026-05-20T15:23:58.359+0000] {dagbag.py:588} INFO - Filling up the DagBag from /workspaces/meu-primeiro-etl-airflow/airflow/dags/dag_treino_titanic.py
[2026-05-20T15:23:59.914+0000] {processor.py:925} INFO - DAG(s) 'atv7_treino_titanic_v1' retrieved from /workspaces/meu-primeiro-etl-airflow/airflow/dags/dag_treino_titanic.py
[2026-05-20T15:23:59.930+0000] {logging_mixin.py:190} INFO - [2026-05-20T15:23:59.929+0000] {dag.py:3239} INFO - Sync 1 DAGs
[2026-05-20T15:23:59.941+0000] {logging_mixin.py:190} INFO - [2026-05-20T15:23:59.941+0000] {dag.py:4180} INFO - Setting next_dagrun for atv7_treino_titanic_v1 to None, run_after=None
[2026-05-20T15:23:59.959+0000] {processor.py:208} INFO - Processing /workspaces/meu-primeiro-etl-airflow/airflow/dags/dag_treino_titanic.py took 1.608 seconds
[2026-05-20T15:24:30.392+0000] {processor.py:186} INFO - Started process (PID=73844) to work on /workspaces/meu-primeiro-etl-airflow/airflow/dags/dag_treino_titanic.py
[2026-05-20T15:24:30.393+0000] {processor.py:914} INFO - Processing file /workspaces/meu-primeiro-etl-airflow/airflow/dags/dag_treino_titanic.py for tasks to queue
[2026-05-20T15:24:30.396+0000] {logging_mixin.py:190} INFO - [2026-05-20T15:24:30.395+0000] {dagbag.py:588} INFO - Filling up the DagBag from /workspaces/meu-primeiro-etl-airflow/airflow/dags/dag_treino_titanic.py
[2026-05-20T15:24:32.150+0000] {processor.py:925} INFO - DAG(s) 'atv7_treino_titanic_v1' retrieved from /workspaces/meu-primeiro-etl-airflow/airflow/dags/dag_treino_titanic.py
[2026-05-20T15:24:32.169+0000] {logging_mixin.py:190} INFO - [2026-05-20T15:24:32.168+0000] {dag.py:3239} INFO - Sync 1 DAGs
[2026-05-20T15:24:32.180+0000] {logging_mixin.py:190} INFO - [2026-05-20T15:24:32.180+0000] {dag.py:4180} INFO - Setting next_dagrun for atv7_treino_titanic_v1 to None, run_after=None
[2026-05-20T15:24:32.206+0000] {processor.py:208} INFO - Processing /workspaces/meu-primeiro-etl-airflow/airflow/dags/dag_treino_titanic.py took 1.818 seconds
[2026-05-20T15:25:02.546+0000] {processor.py:186} INFO - Started process (PID=74124) to work on /workspaces/meu-primeiro-etl-airflow/airflow/dags/dag_treino_titanic.py
[2026-05-20T15:25:02.547+0000] {processor.py:914} INFO - Processing file /workspaces/meu-primeiro-etl-airflow/airflow/dags/dag_treino_titanic.py for tasks to queue
[2026-05-20T15:25:02.549+0000] {logging_mixin.py:190} INFO - [2026-05-20T15:25:02.548+0000] {dagbag.py:588} INFO - Filling up the DagBag from /workspaces/meu-primeiro-etl-airflow/airflow/dags/dag_treino_titanic.py
[2026-05-20T15:25:04.047+0000] {processor.py:925} INFO - DAG(s) 'atv7_treino_titanic_v1' retrieved from /workspaces/meu-primeiro-etl-airflow/airflow/dags/dag_treino_titanic.py
[2026-05-20T15:25:04.061+0000] {logging_mixin.py:190} INFO - [2026-05-20T15:25:04.060+0000] {dag.py:3239} INFO - Sync 1 DAGs
[2026-05-20T15:25:04.071+0000] {logging_mixin.py:190} INFO - [2026-05-20T15:25:04.071+0000] {dag.py:4180} INFO - Setting next_dagrun for atv7_treino_titanic_v1 to None, run_after=None
[2026-05-20T15:25:04.088+0000] {processor.py:208} INFO - Processing /workspaces/meu-primeiro-etl-airflow/airflow/dags/dag_treino_titanic.py took 1.547 seconds
[2026-05-20T15:25:34.253+0000] {processor.py:186} INFO - Started process (PID=74402) to work on /workspaces/meu-primeiro-etl-airflow/airflow/dags/dag_treino_titanic.py
[2026-05-20T15:25:34.254+0000] {processor.py:914} INFO - Processing file /workspaces/meu-primeiro-etl-airflow/airflow/dags/dag_treino_titanic.py for tasks to queue
[2026-05-20T15:25:34.256+0000] {logging_mixin.py:190} INFO - [2026-05-20T15:25:34.255+0000] {dagbag.py:588} INFO - Filling up the DagBag from /workspaces/meu-primeiro-etl-airflow/airflow/dags/dag_treino_titanic.py
[2026-05-20T15:25:35.944+0000] {processor.py:925} INFO - DAG(s) 'atv7_treino_titanic_v1' retrieved from /workspaces/meu-primeiro-etl-airflow/airflow/dags/dag_treino_titanic.py
[2026-05-20T15:25:35.963+0000] {logging_mixin.py:190} INFO - [2026-05-20T15:25:35.963+0000] {dag.py:3239} INFO - Sync 1 DAGs
[2026-05-20T15:25:35.972+0000] {logging_mixin.py:190} INFO - [2026-05-20T15:25:35.972+0000] {dag.py:4180} INFO - Setting next_dagrun for atv7_treino_titanic_v1 to None, run_after=None
[2026-05-20T15:25:35.991+0000] {processor.py:208} INFO - Processing /workspaces/meu-primeiro-etl-airflow/airflow/dags/dag_treino_titanic.py took 1.742 seconds
[2026-05-20T15:26:06.158+0000] {processor.py:186} INFO - Started process (PID=74637) to work on /workspaces/meu-primeiro-etl-airflow/airflow/dags/dag_treino_titanic.py
[2026-05-20T15:26:06.159+0000] {processor.py:914} INFO - Processing file /workspaces/meu-primeiro-etl-airflow/airflow/dags/dag_treino_titanic.py for tasks to queue
[2026-05-20T15:26:06.161+0000] {logging_mixin.py:190} INFO - [2026-05-20T15:26:06.160+0000] {dagbag.py:588} INFO - Filling up the DagBag from /workspaces/meu-primeiro-etl-airflow/airflow/dags/dag_treino_titanic.py
[2026-05-20T15:26:07.865+0000] {processor.py:925} INFO - DAG(s) 'atv7_treino_titanic_v1' retrieved from /workspaces/meu-primeiro-etl-airflow/airflow/dags/dag_treino_titanic.py
[2026-05-20T15:26:07.879+0000] {logging_mixin.py:190} INFO - [2026-05-20T15:26:07.878+0000] {dag.py:3239} INFO - Sync 1 DAGs
[2026-05-20T15:26:07.890+0000] {logging_mixin.py:190} INFO - [2026-05-20T15:26:07.890+0000] {dag.py:4180} INFO - Setting next_dagrun for atv7_treino_titanic_v1 to None, run_after=None
[2026-05-20T15:26:07.906+0000] {processor.py:208} INFO - Processing /workspaces/meu-primeiro-etl-airflow/airflow/dags/dag_treino_titanic.py took 1.755 seconds
[2026-05-20T15:26:38.046+0000] {processor.py:186} INFO - Started process (PID=74984) to work on /workspaces/meu-primeiro-etl-airflow/airflow/dags/dag_treino_titanic.py
[2026-05-20T15:26:38.047+0000] {processor.py:914} INFO - Processing file /workspaces/meu-primeiro-etl-airflow/airflow/dags/dag_treino_titanic.py for tasks to queue
[2026-05-20T15:26:38.049+0000] {logging_mixin.py:190} INFO - [2026-05-20T15:26:38.049+0000] {dagbag.py:588} INFO - Filling up the DagBag from /workspaces/meu-primeiro-etl-airflow/airflow/dags/dag_treino_titanic.py
[2026-05-20T15:26:39.693+0000] {processor.py:925} INFO - DAG(s) 'atv7_treino_titanic_v1' retrieved from /workspaces/meu-primeiro-etl-airflow/airflow/dags/dag_treino_titanic.py
[2026-05-20T15:26:39.707+0000] {logging_mixin.py:190} INFO - [2026-05-20T15:26:39.707+0000] {dag.py:3239} INFO - Sync 1 DAGs
[2026-05-20T15:26:39.718+0000] {logging_mixin.py:190} INFO - [2026-05-20T15:26:39.718+0000] {dag.py:4180} INFO - Setting next_dagrun for atv7_treino_titanic_v1 to None, run_after=None
[2026-05-20T15:26:39.740+0000] {processor.py:208} INFO - Processing /workspaces/meu-primeiro-etl-airflow/airflow/dags/dag_treino_titanic.py took 1.698 seconds
[2026-05-20T15:28:04.563+0000] {processor.py:186} INFO - Started process (PID=76178) to work on /workspaces/meu-primeiro-etl-airflow/airflow/dags/dag_treino_titanic.py
[2026-05-20T15:28:04.564+0000] {processor.py:914} INFO - Processing file /workspaces/meu-primeiro-etl-airflow/airflow/dags/dag_treino_titanic.py for tasks to queue
[2026-05-20T15:28:04.566+0000] {logging_mixin.py:190} INFO - [2026-05-20T15:28:04.566+0000] {dagbag.py:588} INFO - Filling up the DagBag from /workspaces/meu-primeiro-etl-airflow/airflow/dags/dag_treino_titanic.py
[2026-05-20T15:28:06.858+0000] {processor.py:925} INFO - DAG(s) 'atv7_treino_titanic_v1' retrieved from /workspaces/meu-primeiro-etl-airflow/airflow/dags/dag_treino_titanic.py
[2026-05-20T15:28:06.872+0000] {logging_mixin.py:190} INFO - [2026-05-20T15:28:06.872+0000] {dag.py:3239} INFO - Sync 1 DAGs
[2026-05-20T15:28:06.883+0000] {logging_mixin.py:190} INFO - [2026-05-20T15:28:06.883+0000] {dag.py:4180} INFO - Setting next_dagrun for atv7_treino_titanic_v1 to None, run_after=None
[2026-05-20T15:28:06.901+0000] {processor.py:208} INFO - Processing /workspaces/meu-primeiro-etl-airflow/airflow/dags/dag_treino_titanic.py took 2.344 seconds
[2026-05-20T15:29:19.265+0000] {processor.py:186} INFO - Started process (PID=78068) to work on /workspaces/meu-primeiro-etl-airflow/airflow/dags/dag_treino_titanic.py
[2026-05-20T15:29:19.267+0000] {processor.py:914} INFO - Processing file /workspaces/meu-primeiro-etl-airflow/airflow/dags/dag_treino_titanic.py for tasks to queue
[2026-05-20T15:29:19.269+0000] {logging_mixin.py:190} INFO - [2026-05-20T15:29:19.269+0000] {dagbag.py:588} INFO - Filling up the DagBag from /workspaces/meu-primeiro-etl-airflow/airflow/dags/dag_treino_titanic.py
[2026-05-20T15:29:21.435+0000] {processor.py:925} INFO - DAG(s) 'atv7_treino_titanic_v1' retrieved from /workspaces/meu-primeiro-etl-airflow/airflow/dags/dag_treino_titanic.py
[2026-05-20T15:29:21.456+0000] {logging_mixin.py:190} INFO - [2026-05-20T15:29:21.456+0000] {dag.py:3239} INFO - Sync 1 DAGs
[2026-05-20T15:29:21.470+0000] {logging_mixin.py:190} INFO - [2026-05-20T15:29:21.469+0000] {dag.py:4180} INFO - Setting next_dagrun for atv7_treino_titanic_v1 to None, run_after=None
[2026-05-20T15:29:21.498+0000] {processor.py:208} INFO - Processing /workspaces/meu-primeiro-etl-airflow/airflow/dags/dag_treino_titanic.py took 2.237 seconds
[2026-05-20T15:29:51.835+0000] {processor.py:186} INFO - Started process (PID=78412) to work on /workspaces/meu-primeiro-etl-airflow/airflow/dags/dag_treino_titanic.py
[2026-05-20T15:29:51.835+0000] {processor.py:914} INFO - Processing file /workspaces/meu-primeiro-etl-airflow/airflow/dags/dag_treino_titanic.py for tasks to queue
[2026-05-20T15:29:51.839+0000] {logging_mixin.py:190} INFO - [2026-05-20T15:29:51.838+0000] {dagbag.py:588} INFO - Filling up the DagBag from /workspaces/meu-primeiro-etl-airflow/airflow/dags/dag_treino_titanic.py
[2026-05-20T15:29:53.644+0000] {processor.py:925} INFO - DAG(s) 'atv7_treino_titanic_v1' retrieved from /workspaces/meu-primeiro-etl-airflow/airflow/dags/dag_treino_titanic.py
[2026-05-20T15:29:53.659+0000] {logging_mixin.py:190} INFO - [2026-05-20T15:29:53.659+0000] {dag.py:3239} INFO - Sync 1 DAGs
[2026-05-20T15:29:53.668+0000] {logging_mixin.py:190} INFO - [2026-05-20T15:29:53.668+0000] {dag.py:4180} INFO - Setting next_dagrun for atv7_treino_titanic_v1 to None, run_after=None
[2026-05-20T15:29:53.684+0000] {processor.py:208} INFO - Processing /workspaces/meu-primeiro-etl-airflow/airflow/dags/dag_treino_titanic.py took 1.854 seconds
[2026-05-20T15:30:24.092+0000] {processor.py:186} INFO - Started process (PID=78782) to work on /workspaces/meu-primeiro-etl-airflow/airflow/dags/dag_treino_titanic.py
[2026-05-20T15:30:24.093+0000] {processor.py:914} INFO - Processing file /workspaces/meu-primeiro-etl-airflow/airflow/dags/dag_treino_titanic.py for tasks to queue
[2026-05-20T15:30:24.095+0000] {logging_mixin.py:190} INFO - [2026-05-20T15:30:24.095+0000] {dagbag.py:588} INFO - Filling up the DagBag from /workspaces/meu-primeiro-etl-airflow/airflow/dags/dag_treino_titanic.py
[2026-05-20T15:30:25.554+0000] {processor.py:925} INFO - DAG(s) 'atv7_treino_titanic_v1' retrieved from /workspaces/meu-primeiro-etl-airflow/airflow/dags/dag_treino_titanic.py
[2026-05-20T15:30:25.566+0000] {logging_mixin.py:190} INFO - [2026-05-20T15:30:25.566+0000] {dag.py:3239} INFO - Sync 1 DAGs
[2026-05-20T15:30:25.574+0000] {logging_mixin.py:190} INFO - [2026-05-20T15:30:25.574+0000] {dag.py:4180} INFO - Setting next_dagrun for atv7_treino_titanic_v1 to None, run_after=None
[2026-05-20T15:30:25.592+0000] {processor.py:208} INFO - Processing /workspaces/meu-primeiro-etl-airflow/airflow/dags/dag_treino_titanic.py took 1.505 seconds
[2026-05-20T15:30:55.986+0000] {processor.py:186} INFO - Started process (PID=79003) to work on /workspaces/meu-primeiro-etl-airflow/airflow/dags/dag_treino_titanic.py
[2026-05-20T15:30:55.987+0000] {processor.py:914} INFO - Processing file /workspaces/meu-primeiro-etl-airflow/airflow/dags/dag_treino_titanic.py for tasks to queue
[2026-05-20T15:30:55.989+0000] {logging_mixin.py:190} INFO - [2026-05-20T15:30:55.988+0000] {dagbag.py:588} INFO - Filling up the DagBag from /workspaces/meu-primeiro-etl-airflow/airflow/dags/dag_treino_titanic.py
[2026-05-20T15:30:57.475+0000] {processor.py:925} INFO - DAG(s) 'atv7_treino_titanic_v1' retrieved from /workspaces/meu-primeiro-etl-airflow/airflow/dags/dag_treino_titanic.py
[2026-05-20T15:30:57.491+0000] {logging_mixin.py:190} INFO - [2026-05-20T15:30:57.491+0000] {dag.py:3239} INFO - Sync 1 DAGs
[2026-05-20T15:30:57.500+0000] {logging_mixin.py:190} INFO - [2026-05-20T15:30:57.499+0000] {dag.py:4180} INFO - Setting next_dagrun for atv7_treino_titanic_v1 to None, run_after=None
[2026-05-20T15:30:57.515+0000] {processor.py:208} INFO - Processing /workspaces/meu-primeiro-etl-airflow/airflow/dags/dag_treino_titanic.py took 1.534 seconds
[2026-05-20T15:31:27.810+0000] {processor.py:186} INFO - Started process (PID=79283) to work on /workspaces/meu-primeiro-etl-airflow/airflow/dags/dag_treino_titanic.py
[2026-05-20T15:31:27.811+0000] {processor.py:914} INFO - Processing file /workspaces/meu-primeiro-etl-airflow/airflow/dags/dag_treino_titanic.py for tasks to queue
[2026-05-20T15:31:27.813+0000] {logging_mixin.py:190} INFO - [2026-05-20T15:31:27.813+0000] {dagbag.py:588} INFO - Filling up the DagBag from /workspaces/meu-primeiro-etl-airflow/airflow/dags/dag_treino_titanic.py
[2026-05-20T15:31:29.341+0000] {processor.py:925} INFO - DAG(s) 'atv7_treino_titanic_v1' retrieved from /workspaces/meu-primeiro-etl-airflow/airflow/dags/dag_treino_titanic.py
[2026-05-20T15:31:29.356+0000] {logging_mixin.py:190} INFO - [2026-05-20T15:31:29.355+0000] {dag.py:3239} INFO - Sync 1 DAGs
[2026-05-20T15:31:29.364+0000] {logging_mixin.py:190} INFO - [2026-05-20T15:31:29.364+0000] {dag.py:4180} INFO - Setting next_dagrun for atv7_treino_titanic_v1 to None, run_after=None
[2026-05-20T15:31:29.380+0000] {processor.py:208} INFO - Processing /workspaces/meu-primeiro-etl-airflow/airflow/dags/dag_treino_titanic.py took 1.574 seconds
[2026-05-20T15:31:59.531+0000] {processor.py:186} INFO - Started process (PID=79510) to work on /workspaces/meu-primeiro-etl-airflow/airflow/dags/dag_treino_titanic.py
[2026-05-20T15:31:59.532+0000] {processor.py:914} INFO - Processing file /workspaces/meu-primeiro-etl-airflow/airflow/dags/dag_treino_titanic.py for tasks to queue
[2026-05-20T15:31:59.534+0000] {logging_mixin.py:190} INFO - [2026-05-20T15:31:59.534+0000] {dagbag.py:588} INFO - Filling up the DagBag from /workspaces/meu-primeiro-etl-airflow/airflow/dags/dag_treino_titanic.py
[2026-05-20T15:32:01.614+0000] {processor.py:925} INFO - DAG(s) 'atv7_treino_titanic_v1' retrieved from /workspaces/meu-primeiro-etl-airflow/airflow/dags/dag_treino_titanic.py
[2026-05-20T15:32:01.627+0000] {logging_mixin.py:190} INFO - [2026-05-20T15:32:01.627+0000] {dag.py:3239} INFO - Sync 1 DAGs
[2026-05-20T15:32:01.637+0000] {logging_mixin.py:190} INFO - [2026-05-20T15:32:01.637+0000] {dag.py:4180} INFO - Setting next_dagrun for atv7_treino_titanic_v1 to None, run_after=None
[2026-05-20T15:32:01.655+0000] {processor.py:208} INFO - Processing /workspaces/meu-primeiro-etl-airflow/airflow/dags/dag_treino_titanic.py took 2.129 seconds
[2026-05-20T15:32:31.873+0000] {processor.py:186} INFO - Started process (PID=79815) to work on /workspaces/meu-primeiro-etl-airflow/airflow/dags/dag_treino_titanic.py
[2026-05-20T15:32:31.875+0000] {processor.py:914} INFO - Processing file /workspaces/meu-primeiro-etl-airflow/airflow/dags/dag_treino_titanic.py for tasks to queue
[2026-05-20T15:32:31.879+0000] {logging_mixin.py:190} INFO - [2026-05-20T15:32:31.879+0000] {dagbag.py:588} INFO - Filling up the DagBag from /workspaces/meu-primeiro-etl-airflow/airflow/dags/dag_treino_titanic.py
[2026-05-20T15:32:33.878+0000] {processor.py:925} INFO - DAG(s) 'atv7_treino_titanic_v1' retrieved from /workspaces/meu-primeiro-etl-airflow/airflow/dags/dag_treino_titanic.py
[2026-05-20T15:32:33.905+0000] {logging_mixin.py:190} INFO - [2026-05-20T15:32:33.905+0000] {dag.py:3239} INFO - Sync 1 DAGs
[2026-05-20T15:32:33.960+0000] {logging_mixin.py:190} INFO - [2026-05-20T15:32:33.957+0000] {dag.py:4180} INFO - Setting next_dagrun for atv7_treino_titanic_v1 to None, run_after=None
[2026-05-20T15:32:33.985+0000] {processor.py:208} INFO - Processing /workspaces/meu-primeiro-etl-airflow/airflow/dags/dag_treino_titanic.py took 2.130 seconds
[2026-05-20T15:33:04.180+0000] {processor.py:186} INFO - Started process (PID=80096) to work on /workspaces/meu-primeiro-etl-airflow/airflow/dags/dag_treino_titanic.py
[2026-05-20T15:33:04.182+0000] {processor.py:914} INFO - Processing file /workspaces/meu-primeiro-etl-airflow/airflow/dags/dag_treino_titanic.py for tasks to queue
[2026-05-20T15:33:04.186+0000] {logging_mixin.py:190} INFO - [2026-05-20T15:33:04.185+0000] {dagbag.py:588} INFO - Filling up the DagBag from /workspaces/meu-primeiro-etl-airflow/airflow/dags/dag_treino_titanic.py
[2026-05-20T15:33:05.687+0000] {processor.py:925} INFO - DAG(s) 'atv7_treino_titanic_v1' retrieved from /workspaces/meu-primeiro-etl-airflow/airflow/dags/dag_treino_titanic.py
[2026-05-20T15:33:05.701+0000] {logging_mixin.py:190} INFO - [2026-05-20T15:33:05.701+0000] {dag.py:3239} INFO - Sync 1 DAGs
[2026-05-20T15:33:05.712+0000] {logging_mixin.py:190} INFO - [2026-05-20T15:33:05.712+0000] {dag.py:4180} INFO - Setting next_dagrun for atv7_treino_titanic_v1 to None, run_after=None
[2026-05-20T15:33:05.730+0000] {processor.py:208} INFO - Processing /workspaces/meu-primeiro-etl-airflow/airflow/dags/dag_treino_titanic.py took 1.560 seconds
[2026-05-20T15:33:35.905+0000] {processor.py:186} INFO - Started process (PID=80423) to work on /workspaces/meu-primeiro-etl-airflow/airflow/dags/dag_treino_titanic.py
[2026-05-20T15:33:35.909+0000] {processor.py:914} INFO - Processing file /workspaces/meu-primeiro-etl-airflow/airflow/dags/dag_treino_titanic.py for tasks to queue
[2026-05-20T15:33:35.915+0000] {logging_mixin.py:190} INFO - [2026-05-20T15:33:35.915+0000] {dagbag.py:588} INFO - Filling up the DagBag from /workspaces/meu-primeiro-etl-airflow/airflow/dags/dag_treino_titanic.py
[2026-05-20T15:33:38.169+0000] {processor.py:925} INFO - DAG(s) 'atv7_treino_titanic_v1' retrieved from /workspaces/meu-primeiro-etl-airflow/airflow/dags/dag_treino_titanic.py
[2026-05-20T15:33:38.183+0000] {logging_mixin.py:190} INFO - [2026-05-20T15:33:38.183+0000] {dag.py:3239} INFO - Sync 1 DAGs
[2026-05-20T15:33:38.193+0000] {logging_mixin.py:190} INFO - [2026-05-20T15:33:38.193+0000] {dag.py:4180} INFO - Setting next_dagrun for atv7_treino_titanic_v1 to None, run_after=None
[2026-05-20T15:33:38.209+0000] {processor.py:208} INFO - Processing /workspaces/meu-primeiro-etl-airflow/airflow/dags/dag_treino_titanic.py took 2.320 seconds
[2026-05-20T15:34:08.327+0000] {processor.py:186} INFO - Started process (PID=80761) to work on /workspaces/meu-primeiro-etl-airflow/airflow/dags/dag_treino_titanic.py
[2026-05-20T15:34:08.328+0000] {processor.py:914} INFO - Processing file /workspaces/meu-primeiro-etl-airflow/airflow/dags/dag_treino_titanic.py for tasks to queue
[2026-05-20T15:34:08.330+0000] {logging_mixin.py:190} INFO - [2026-05-20T15:34:08.329+0000] {dagbag.py:588} INFO - Filling up the DagBag from /workspaces/meu-primeiro-etl-airflow/airflow/dags/dag_treino_titanic.py
[2026-05-20T15:34:10.337+0000] {processor.py:925} INFO - DAG(s) 'atv7_treino_titanic_v1' retrieved from /workspaces/meu-primeiro-etl-airflow/airflow/dags/dag_treino_titanic.py
[2026-05-20T15:34:10.361+0000] {logging_mixin.py:190} INFO - [2026-05-20T15:34:10.361+0000] {dag.py:3239} INFO - Sync 1 DAGs
[2026-05-20T15:34:10.374+0000] {logging_mixin.py:190} INFO - [2026-05-20T15:34:10.373+0000] {dag.py:4180} INFO - Setting next_dagrun for atv7_treino_titanic_v1 to None, run_after=None
[2026-05-20T15:34:10.394+0000] {processor.py:208} INFO - Processing /workspaces/meu-primeiro-etl-airflow/airflow/dags/dag_treino_titanic.py took 2.072 seconds
[2026-05-20T15:34:40.547+0000] {processor.py:186} INFO - Started process (PID=81014) to work on /workspaces/meu-primeiro-etl-airflow/airflow/dags/dag_treino_titanic.py
[2026-05-20T15:34:40.548+0000] {processor.py:914} INFO - Processing file /workspaces/meu-primeiro-etl-airflow/airflow/dags/dag_treino_titanic.py for tasks to queue
[2026-05-20T15:34:40.551+0000] {logging_mixin.py:190} INFO - [2026-05-20T15:34:40.550+0000] {dagbag.py:588} INFO - Filling up the DagBag from /workspaces/meu-primeiro-etl-airflow/airflow/dags/dag_treino_titanic.py
[2026-05-20T15:34:42.102+0000] {processor.py:925} INFO - DAG(s) 'atv7_treino_titanic_v1' retrieved from /workspaces/meu-primeiro-etl-airflow/airflow/dags/dag_treino_titanic.py
[2026-05-20T15:34:42.114+0000] {logging_mixin.py:190} INFO - [2026-05-20T15:34:42.113+0000] {dag.py:3239} INFO - Sync 1 DAGs
[2026-05-20T15:34:42.122+0000] {logging_mixin.py:190} INFO - [2026-05-20T15:34:42.121+0000] {dag.py:4180} INFO - Setting next_dagrun for atv7_treino_titanic_v1 to None, run_after=None
[2026-05-20T15:34:42.139+0000] {processor.py:208} INFO - Processing /workspaces/meu-primeiro-etl-airflow/airflow/dags/dag_treino_titanic.py took 1.613 seconds
[2026-05-20T15:35:12.316+0000] {processor.py:186} INFO - Started process (PID=81303) to work on /workspaces/meu-primeiro-etl-airflow/airflow/dags/dag_treino_titanic.py
[2026-05-20T15:35:12.317+0000] {processor.py:914} INFO - Processing file /workspaces/meu-primeiro-etl-airflow/airflow/dags/dag_treino_titanic.py for tasks to queue
[2026-05-20T15:35:12.318+0000] {logging_mixin.py:190} INFO - [2026-05-20T15:35:12.318+0000] {dagbag.py:588} INFO - Filling up the DagBag from /workspaces/meu-primeiro-etl-airflow/airflow/dags/dag_treino_titanic.py
[2026-05-20T15:35:13.888+0000] {processor.py:925} INFO - DAG(s) 'atv7_treino_titanic_v1' retrieved from /workspaces/meu-primeiro-etl-airflow/airflow/dags/dag_treino_titanic.py
[2026-05-20T15:35:13.908+0000] {logging_mixin.py:190} INFO - [2026-05-20T15:35:13.907+0000] {dag.py:3239} INFO - Sync 1 DAGs
[2026-05-20T15:35:13.921+0000] {logging_mixin.py:190} INFO - [2026-05-20T15:35:13.921+0000] {dag.py:4180} INFO - Setting next_dagrun for atv7_treino_titanic_v1 to None, run_after=None
[2026-05-20T15:35:13.969+0000] {processor.py:208} INFO - Processing /workspaces/meu-primeiro-etl-airflow/airflow/dags/dag_treino_titanic.py took 1.658 seconds
[2026-05-20T15:36:03.596+0000] {processor.py:186} INFO - Started process (PID=81865) to work on /workspaces/meu-primeiro-etl-airflow/airflow/dags/dag_treino_titanic.py
[2026-05-20T15:36:03.597+0000] {processor.py:914} INFO - Processing file /workspaces/meu-primeiro-etl-airflow/airflow/dags/dag_treino_titanic.py for tasks to queue
[2026-05-20T15:36:03.599+0000] {logging_mixin.py:190} INFO - [2026-05-20T15:36:03.598+0000] {dagbag.py:588} INFO - Filling up the DagBag from /workspaces/meu-primeiro-etl-airflow/airflow/dags/dag_treino_titanic.py
[2026-05-20T15:36:05.819+0000] {processor.py:925} INFO - DAG(s) 'atv7_treino_titanic_v1' retrieved from /workspaces/meu-primeiro-etl-airflow/airflow/dags/dag_treino_titanic.py
[2026-05-20T15:36:05.836+0000] {logging_mixin.py:190} INFO - [2026-05-20T15:36:05.835+0000] {dag.py:3239} INFO - Sync 1 DAGs
[2026-05-20T15:36:05.846+0000] {logging_mixin.py:190} INFO - [2026-05-20T15:36:05.845+0000] {dag.py:4180} INFO - Setting next_dagrun for atv7_treino_titanic_v1 to None, run_after=None
[2026-05-20T15:36:05.861+0000] {processor.py:208} INFO - Processing /workspaces/meu-primeiro-etl-airflow/airflow/dags/dag_treino_titanic.py took 2.271 seconds
[2026-05-20T15:36:36.153+0000] {processor.py:186} INFO - Started process (PID=82332) to work on /workspaces/meu-primeiro-etl-airflow/airflow/dags/dag_treino_titanic.py
[2026-05-20T15:36:36.154+0000] {processor.py:914} INFO - Processing file /workspaces/meu-primeiro-etl-airflow/airflow/dags/dag_treino_titanic.py for tasks to queue
[2026-05-20T15:36:36.156+0000] {logging_mixin.py:190} INFO - [2026-05-20T15:36:36.155+0000] {dagbag.py:588} INFO - Filling up the DagBag from /workspaces/meu-primeiro-etl-airflow/airflow/dags/dag_treino_titanic.py
[2026-05-20T15:36:37.956+0000] {processor.py:925} INFO - DAG(s) 'atv7_treino_titanic_v1' retrieved from /workspaces/meu-primeiro-etl-airflow/airflow/dags/dag_treino_titanic.py
[2026-05-20T15:36:37.971+0000] {logging_mixin.py:190} INFO - [2026-05-20T15:36:37.971+0000] {dag.py:3239} INFO - Sync 1 DAGs
[2026-05-20T15:36:37.980+0000] {logging_mixin.py:190} INFO - [2026-05-20T15:36:37.980+0000] {dag.py:4180} INFO - Setting next_dagrun for atv7_treino_titanic_v1 to None, run_after=None
[2026-05-20T15:36:37.998+0000] {processor.py:208} INFO - Processing /workspaces/meu-primeiro-etl-airflow/airflow/dags/dag_treino_titanic.py took 1.850 seconds
[2026-05-20T15:37:08.303+0000] {processor.py:186} INFO - Started process (PID=82862) to work on /workspaces/meu-primeiro-etl-airflow/airflow/dags/dag_treino_titanic.py
[2026-05-20T15:37:08.304+0000] {processor.py:914} INFO - Processing file /workspaces/meu-primeiro-etl-airflow/airflow/dags/dag_treino_titanic.py for tasks to queue
[2026-05-20T15:37:08.307+0000] {logging_mixin.py:190} INFO - [2026-05-20T15:37:08.307+0000] {dagbag.py:588} INFO - Filling up the DagBag from /workspaces/meu-primeiro-etl-airflow/airflow/dags/dag_treino_titanic.py
[2026-05-20T15:37:09.919+0000] {processor.py:925} INFO - DAG(s) 'atv7_treino_titanic_v1' retrieved from /workspaces/meu-primeiro-etl-airflow/airflow/dags/dag_treino_titanic.py
[2026-05-20T15:37:09.936+0000] {logging_mixin.py:190} INFO - [2026-05-20T15:37:09.936+0000] {dag.py:3239} INFO - Sync 1 DAGs
[2026-05-20T15:37:09.947+0000] {logging_mixin.py:190} INFO - [2026-05-20T15:37:09.947+0000] {dag.py:4180} INFO - Setting next_dagrun for atv7_treino_titanic_v1 to None, run_after=None
[2026-05-20T15:37:09.963+0000] {processor.py:208} INFO - Processing /workspaces/meu-primeiro-etl-airflow/airflow/dags/dag_treino_titanic.py took 1.665 seconds
[2026-05-20T15:37:40.241+0000] {processor.py:186} INFO - Started process (PID=83089) to work on /workspaces/meu-primeiro-etl-airflow/airflow/dags/dag_treino_titanic.py
[2026-05-20T15:37:40.242+0000] {processor.py:914} INFO - Processing file /workspaces/meu-primeiro-etl-airflow/airflow/dags/dag_treino_titanic.py for tasks to queue
[2026-05-20T15:37:40.244+0000] {logging_mixin.py:190} INFO - [2026-05-20T15:37:40.244+0000] {dagbag.py:588} INFO - Filling up the DagBag from /workspaces/meu-primeiro-etl-airflow/airflow/dags/dag_treino_titanic.py
[2026-05-20T15:37:41.798+0000] {processor.py:925} INFO - DAG(s) 'atv7_treino_titanic_v1' retrieved from /workspaces/meu-primeiro-etl-airflow/airflow/dags/dag_treino_titanic.py
[2026-05-20T15:37:41.811+0000] {logging_mixin.py:190} INFO - [2026-05-20T15:37:41.811+0000] {dag.py:3239} INFO - Sync 1 DAGs
[2026-05-20T15:37:41.820+0000] {logging_mixin.py:190} INFO - [2026-05-20T15:37:41.819+0000] {dag.py:4180} INFO - Setting next_dagrun for atv7_treino_titanic_v1 to None, run_after=None
[2026-05-20T15:37:41.838+0000] {processor.py:208} INFO - Processing /workspaces/meu-primeiro-etl-airflow/airflow/dags/dag_treino_titanic.py took 1.602 seconds
[2026-05-20T15:38:12.087+0000] {processor.py:186} INFO - Started process (PID=83376) to work on /workspaces/meu-primeiro-etl-airflow/airflow/dags/dag_treino_titanic.py
[2026-05-20T15:38:12.088+0000] {processor.py:914} INFO - Processing file /workspaces/meu-primeiro-etl-airflow/airflow/dags/dag_treino_titanic.py for tasks to queue
[2026-05-20T15:38:12.090+0000] {logging_mixin.py:190} INFO - [2026-05-20T15:38:12.089+0000] {dagbag.py:588} INFO - Filling up the DagBag from /workspaces/meu-primeiro-etl-airflow/airflow/dags/dag_treino_titanic.py
[2026-05-20T15:38:13.625+0000] {processor.py:925} INFO - DAG(s) 'atv7_treino_titanic_v1' retrieved from /workspaces/meu-primeiro-etl-airflow/airflow/dags/dag_treino_titanic.py
[2026-05-20T15:38:13.642+0000] {logging_mixin.py:190} INFO - [2026-05-20T15:38:13.641+0000] {dag.py:3239} INFO - Sync 1 DAGs
[2026-05-20T15:38:13.651+0000] {logging_mixin.py:190} INFO - [2026-05-20T15:38:13.651+0000] {dag.py:4180} INFO - Setting next_dagrun for atv7_treino_titanic_v1 to None, run_after=None
[2026-05-20T15:38:13.670+0000] {processor.py:208} INFO - Processing /workspaces/meu-primeiro-etl-airflow/airflow/dags/dag_treino_titanic.py took 1.587 seconds
[2026-05-20T15:38:44.031+0000] {processor.py:186} INFO - Started process (PID=83611) to work on /workspaces/meu-primeiro-etl-airflow/airflow/dags/dag_treino_titanic.py
[2026-05-20T15:38:44.032+0000] {processor.py:914} INFO - Processing file /workspaces/meu-primeiro-etl-airflow/airflow/dags/dag_treino_titanic.py for tasks to queue
[2026-05-20T15:38:44.035+0000] {logging_mixin.py:190} INFO - [2026-05-20T15:38:44.034+0000] {dagbag.py:588} INFO - Filling up the DagBag from /workspaces/meu-primeiro-etl-airflow/airflow/dags/dag_treino_titanic.py
[2026-05-20T15:38:45.567+0000] {processor.py:925} INFO - DAG(s) 'atv7_treino_titanic_v1' retrieved from /workspaces/meu-primeiro-etl-airflow/airflow/dags/dag_treino_titanic.py
[2026-05-20T15:38:45.581+0000] {logging_mixin.py:190} INFO - [2026-05-20T15:38:45.581+0000] {dag.py:3239} INFO - Sync 1 DAGs
[2026-05-20T15:38:45.590+0000] {logging_mixin.py:190} INFO - [2026-05-20T15:38:45.589+0000] {dag.py:4180} INFO - Setting next_dagrun for atv7_treino_titanic_v1 to None, run_after=None
[2026-05-20T15:38:45.606+0000] {processor.py:208} INFO - Processing /workspaces/meu-primeiro-etl-airflow/airflow/dags/dag_treino_titanic.py took 1.582 seconds
[2026-05-20T15:39:15.964+0000] {processor.py:186} INFO - Started process (PID=83920) to work on /workspaces/meu-primeiro-etl-airflow/airflow/dags/dag_treino_titanic.py
[2026-05-20T15:39:15.965+0000] {processor.py:914} INFO - Processing file /workspaces/meu-primeiro-etl-airflow/airflow/dags/dag_treino_titanic.py for tasks to queue
[2026-05-20T15:39:15.967+0000] {logging_mixin.py:190} INFO - [2026-05-20T15:39:15.966+0000] {dagbag.py:588} INFO - Filling up the DagBag from /workspaces/meu-primeiro-etl-airflow/airflow/dags/dag_treino_titanic.py
[2026-05-20T15:39:17.461+0000] {processor.py:925} INFO - DAG(s) 'atv7_treino_titanic_v1' retrieved from /workspaces/meu-primeiro-etl-airflow/airflow/dags/dag_treino_titanic.py
[2026-05-20T15:39:17.478+0000] {logging_mixin.py:190} INFO - [2026-05-20T15:39:17.478+0000] {dag.py:3239} INFO - Sync 1 DAGs
[2026-05-20T15:39:17.494+0000] {logging_mixin.py:190} INFO - [2026-05-20T15:39:17.493+0000] {dag.py:4180} INFO - Setting next_dagrun for atv7_treino_titanic_v1 to None, run_after=None
[2026-05-20T15:39:17.513+0000] {processor.py:208} INFO - Processing /workspaces/meu-primeiro-etl-airflow/airflow/dags/dag_treino_titanic.py took 1.554 seconds
[2026-05-20T15:39:47.828+0000] {processor.py:186} INFO - Started process (PID=84141) to work on /workspaces/meu-primeiro-etl-airflow/airflow/dags/dag_treino_titanic.py
[2026-05-20T15:39:47.829+0000] {processor.py:914} INFO - Processing file /workspaces/meu-primeiro-etl-airflow/airflow/dags/dag_treino_titanic.py for tasks to queue
[2026-05-20T15:39:47.833+0000] {logging_mixin.py:190} INFO - [2026-05-20T15:39:47.833+0000] {dagbag.py:588} INFO - Filling up the DagBag from /workspaces/meu-primeiro-etl-airflow/airflow/dags/dag_treino_titanic.py
[2026-05-20T15:39:49.393+0000] {processor.py:925} INFO - DAG(s) 'atv7_treino_titanic_v1' retrieved from /workspaces/meu-primeiro-etl-airflow/airflow/dags/dag_treino_titanic.py
[2026-05-20T15:39:49.406+0000] {logging_mixin.py:190} INFO - [2026-05-20T15:39:49.406+0000] {dag.py:3239} INFO - Sync 1 DAGs
[2026-05-20T15:39:49.417+0000] {logging_mixin.py:190} INFO - [2026-05-20T15:39:49.417+0000] {dag.py:4180} INFO - Setting next_dagrun for atv7_treino_titanic_v1 to None, run_after=None
[2026-05-20T15:39:49.435+0000] {processor.py:208} INFO - Processing /workspaces/meu-primeiro-etl-airflow/airflow/dags/dag_treino_titanic.py took 1.618 seconds
[2026-05-20T15:40:19.602+0000] {processor.py:186} INFO - Started process (PID=84491) to work on /workspaces/meu-primeiro-etl-airflow/airflow/dags/dag_treino_titanic.py
[2026-05-20T15:40:19.603+0000] {processor.py:914} INFO - Processing file /workspaces/meu-primeiro-etl-airflow/airflow/dags/dag_treino_titanic.py for tasks to queue
[2026-05-20T15:40:19.605+0000] {logging_mixin.py:190} INFO - [2026-05-20T15:40:19.604+0000] {dagbag.py:588} INFO - Filling up the DagBag from /workspaces/meu-primeiro-etl-airflow/airflow/dags/dag_treino_titanic.py
[2026-05-20T15:40:21.081+0000] {processor.py:925} INFO - DAG(s) 'atv7_treino_titanic_v1' retrieved from /workspaces/meu-primeiro-etl-airflow/airflow/dags/dag_treino_titanic.py
[2026-05-20T15:40:21.094+0000] {logging_mixin.py:190} INFO - [2026-05-20T15:40:21.093+0000] {dag.py:3239} INFO - Sync 1 DAGs
[2026-05-20T15:40:21.103+0000] {logging_mixin.py:190} INFO - [2026-05-20T15:40:21.102+0000] {dag.py:4180} INFO - Setting next_dagrun for atv7_treino_titanic_v1 to None, run_after=None
[2026-05-20T15:40:21.117+0000] {processor.py:208} INFO - Processing /workspaces/meu-primeiro-etl-airflow/airflow/dags/dag_treino_titanic.py took 1.519 seconds
[2026-05-20T15:40:51.276+0000] {processor.py:186} INFO - Started process (PID=84712) to work on /workspaces/meu-primeiro-etl-airflow/airflow/dags/dag_treino_titanic.py
[2026-05-20T15:40:51.277+0000] {processor.py:914} INFO - Processing file /workspaces/meu-primeiro-etl-airflow/airflow/dags/dag_treino_titanic.py for tasks to queue
[2026-05-20T15:40:51.279+0000] {logging_mixin.py:190} INFO - [2026-05-20T15:40:51.278+0000] {dagbag.py:588} INFO - Filling up the DagBag from /workspaces/meu-primeiro-etl-airflow/airflow/dags/dag_treino_titanic.py
[2026-05-20T15:40:52.708+0000] {processor.py:925} INFO - DAG(s) 'atv7_treino_titanic_v1' retrieved from /workspaces/meu-primeiro-etl-airflow/airflow/dags/dag_treino_titanic.py
[2026-05-20T15:40:52.731+0000] {logging_mixin.py:190} INFO - [2026-05-20T15:40:52.730+0000] {dag.py:3239} INFO - Sync 1 DAGs
[2026-05-20T15:40:52.749+0000] {logging_mixin.py:190} INFO - [2026-05-20T15:40:52.748+0000] {dag.py:4180} INFO - Setting next_dagrun for atv7_treino_titanic_v1 to None, run_after=None
[2026-05-20T15:40:52.774+0000] {processor.py:208} INFO - Processing /workspaces/meu-primeiro-etl-airflow/airflow/dags/dag_treino_titanic.py took 1.502 seconds
[2026-05-20T15:41:22.901+0000] {processor.py:186} INFO - Started process (PID=85071) to work on /workspaces/meu-primeiro-etl-airflow/airflow/dags/dag_treino_titanic.py
[2026-05-20T15:41:22.902+0000] {processor.py:914} INFO - Processing file /workspaces/meu-primeiro-etl-airflow/airflow/dags/dag_treino_titanic.py for tasks to queue
[2026-05-20T15:41:22.904+0000] {logging_mixin.py:190} INFO - [2026-05-20T15:41:22.904+0000] {dagbag.py:588} INFO - Filling up the DagBag from /workspaces/meu-primeiro-etl-airflow/airflow/dags/dag_treino_titanic.py
[2026-05-20T15:41:24.454+0000] {processor.py:925} INFO - DAG(s) 'atv7_treino_titanic_v1' retrieved from /workspaces/meu-primeiro-etl-airflow/airflow/dags/dag_treino_titanic.py
[2026-05-20T15:41:24.468+0000] {logging_mixin.py:190} INFO - [2026-05-20T15:41:24.468+0000] {dag.py:3239} INFO - Sync 1 DAGs
[2026-05-20T15:41:24.477+0000] {logging_mixin.py:190} INFO - [2026-05-20T15:41:24.476+0000] {dag.py:4180} INFO - Setting next_dagrun for atv7_treino_titanic_v1 to None, run_after=None
[2026-05-20T15:41:24.492+0000] {processor.py:208} INFO - Processing /workspaces/meu-primeiro-etl-airflow/airflow/dags/dag_treino_titanic.py took 1.595 seconds
[2026-05-20T15:41:54.622+0000] {processor.py:186} INFO - Started process (PID=85430) to work on /workspaces/meu-primeiro-etl-airflow/airflow/dags/dag_treino_titanic.py
[2026-05-20T15:41:54.623+0000] {processor.py:914} INFO - Processing file /workspaces/meu-primeiro-etl-airflow/airflow/dags/dag_treino_titanic.py for tasks to queue
[2026-05-20T15:41:54.624+0000] {logging_mixin.py:190} INFO - [2026-05-20T15:41:54.624+0000] {dagbag.py:588} INFO - Filling up the DagBag from /workspaces/meu-primeiro-etl-airflow/airflow/dags/dag_treino_titanic.py
[2026-05-20T15:41:56.174+0000] {processor.py:925} INFO - DAG(s) 'atv7_treino_titanic_v1' retrieved from /workspaces/meu-primeiro-etl-airflow/airflow/dags/dag_treino_titanic.py
[2026-05-20T15:41:56.187+0000] {logging_mixin.py:190} INFO - [2026-05-20T15:41:56.187+0000] {dag.py:3239} INFO - Sync 1 DAGs
[2026-05-20T15:41:56.195+0000] {logging_mixin.py:190} INFO - [2026-05-20T15:41:56.195+0000] {dag.py:4180} INFO - Setting next_dagrun for atv7_treino_titanic_v1 to None, run_after=None
[2026-05-20T15:41:56.210+0000] {processor.py:208} INFO - Processing /workspaces/meu-primeiro-etl-airflow/airflow/dags/dag_treino_titanic.py took 1.592 seconds
[2026-05-20T15:42:26.318+0000] {processor.py:186} INFO - Started process (PID=85705) to work on /workspaces/meu-primeiro-etl-airflow/airflow/dags/dag_treino_titanic.py
[2026-05-20T15:42:26.319+0000] {processor.py:914} INFO - Processing file /workspaces/meu-primeiro-etl-airflow/airflow/dags/dag_treino_titanic.py for tasks to queue
[2026-05-20T15:42:26.321+0000] {logging_mixin.py:190} INFO - [2026-05-20T15:42:26.320+0000] {dagbag.py:588} INFO - Filling up the DagBag from /workspaces/meu-primeiro-etl-airflow/airflow/dags/dag_treino_titanic.py
[2026-05-20T15:42:27.906+0000] {processor.py:925} INFO - DAG(s) 'atv7_treino_titanic_v1' retrieved from /workspaces/meu-primeiro-etl-airflow/airflow/dags/dag_treino_titanic.py
[2026-05-20T15:42:27.920+0000] {logging_mixin.py:190} INFO - [2026-05-20T15:42:27.920+0000] {dag.py:3239} INFO - Sync 1 DAGs
[2026-05-20T15:42:27.931+0000] {logging_mixin.py:190} INFO - [2026-05-20T15:42:27.931+0000] {dag.py:4180} INFO - Setting next_dagrun for atv7_treino_titanic_v1 to None, run_after=None
[2026-05-20T15:42:27.949+0000] {processor.py:208} INFO - Processing /workspaces/meu-primeiro-etl-airflow/airflow/dags/dag_treino_titanic.py took 1.636 seconds
[2026-05-20T15:42:58.101+0000] {processor.py:186} INFO - Started process (PID=85924) to work on /workspaces/meu-primeiro-etl-airflow/airflow/dags/dag_treino_titanic.py
[2026-05-20T15:42:58.102+0000] {processor.py:914} INFO - Processing file /workspaces/meu-primeiro-etl-airflow/airflow/dags/dag_treino_titanic.py for tasks to queue
[2026-05-20T15:42:58.104+0000] {logging_mixin.py:190} INFO - [2026-05-20T15:42:58.104+0000] {dagbag.py:588} INFO - Filling up the DagBag from /workspaces/meu-primeiro-etl-airflow/airflow/dags/dag_treino_titanic.py
[2026-05-20T15:42:59.689+0000] {processor.py:925} INFO - DAG(s) 'atv7_treino_titanic_v1' retrieved from /workspaces/meu-primeiro-etl-airflow/airflow/dags/dag_treino_titanic.py
[2026-05-20T15:42:59.702+0000] {logging_mixin.py:190} INFO - [2026-05-20T15:42:59.701+0000] {dag.py:3239} INFO - Sync 1 DAGs
[2026-05-20T15:42:59.710+0000] {logging_mixin.py:190} INFO - [2026-05-20T15:42:59.710+0000] {dag.py:4180} INFO - Setting next_dagrun for atv7_treino_titanic_v1 to None, run_after=None
[2026-05-20T15:42:59.725+0000] {processor.py:208} INFO - Processing /workspaces/meu-primeiro-etl-airflow/airflow/dags/dag_treino_titanic.py took 1.628 seconds
[2026-05-20T15:43:29.880+0000] {processor.py:186} INFO - Started process (PID=86234) to work on /workspaces/meu-primeiro-etl-airflow/airflow/dags/dag_treino_titanic.py
[2026-05-20T15:43:29.881+0000] {processor.py:914} INFO - Processing file /workspaces/meu-primeiro-etl-airflow/airflow/dags/dag_treino_titanic.py for tasks to queue
[2026-05-20T15:43:29.882+0000] {logging_mixin.py:190} INFO - [2026-05-20T15:43:29.882+0000] {dagbag.py:588} INFO - Filling up the DagBag from /workspaces/meu-primeiro-etl-airflow/airflow/dags/dag_treino_titanic.py
[2026-05-20T15:43:31.406+0000] {processor.py:925} INFO - DAG(s) 'atv7_treino_titanic_v1' retrieved from /workspaces/meu-primeiro-etl-airflow/airflow/dags/dag_treino_titanic.py
[2026-05-20T15:43:31.420+0000] {logging_mixin.py:190} INFO - [2026-05-20T15:43:31.419+0000] {dag.py:3239} INFO - Sync 1 DAGs
[2026-05-20T15:43:31.429+0000] {logging_mixin.py:190} INFO - [2026-05-20T15:43:31.428+0000] {dag.py:4180} INFO - Setting next_dagrun for atv7_treino_titanic_v1 to None, run_after=None
[2026-05-20T15:43:31.454+0000] {processor.py:208} INFO - Processing /workspaces/meu-primeiro-etl-airflow/airflow/dags/dag_treino_titanic.py took 1.579 seconds
[2026-05-20T15:44:01.507+0000] {processor.py:186} INFO - Started process (PID=86451) to work on /workspaces/meu-primeiro-etl-airflow/airflow/dags/dag_treino_titanic.py
[2026-05-20T15:44:01.507+0000] {processor.py:914} INFO - Processing file /workspaces/meu-primeiro-etl-airflow/airflow/dags/dag_treino_titanic.py for tasks to queue
[2026-05-20T15:44:01.509+0000] {logging_mixin.py:190} INFO - [2026-05-20T15:44:01.509+0000] {dagbag.py:588} INFO - Filling up the DagBag from /workspaces/meu-primeiro-etl-airflow/airflow/dags/dag_treino_titanic.py
[2026-05-20T15:44:03.115+0000] {processor.py:925} INFO - DAG(s) 'atv7_treino_titanic_v1' retrieved from /workspaces/meu-primeiro-etl-airflow/airflow/dags/dag_treino_titanic.py
[2026-05-20T15:44:03.128+0000] {logging_mixin.py:190} INFO - [2026-05-20T15:44:03.128+0000] {dag.py:3239} INFO - Sync 1 DAGs
[2026-05-20T15:44:03.137+0000] {logging_mixin.py:190} INFO - [2026-05-20T15:44:03.137+0000] {dag.py:4180} INFO - Setting next_dagrun for atv7_treino_titanic_v1 to None, run_after=None
[2026-05-20T15:44:03.163+0000] {processor.py:208} INFO - Processing /workspaces/meu-primeiro-etl-airflow/airflow/dags/dag_treino_titanic.py took 1.661 seconds
[2026-05-20T15:44:33.263+0000] {processor.py:186} INFO - Started process (PID=86726) to work on /workspaces/meu-primeiro-etl-airflow/airflow/dags/dag_treino_titanic.py
[2026-05-20T15:44:33.264+0000] {processor.py:914} INFO - Processing file /workspaces/meu-primeiro-etl-airflow/airflow/dags/dag_treino_titanic.py for tasks to queue
[2026-05-20T15:44:33.265+0000] {logging_mixin.py:190} INFO - [2026-05-20T15:44:33.265+0000] {dagbag.py:588} INFO - Filling up the DagBag from /workspaces/meu-primeiro-etl-airflow/airflow/dags/dag_treino_titanic.py
[2026-05-20T15:44:34.791+0000] {processor.py:925} INFO - DAG(s) 'atv7_treino_titanic_v1' retrieved from /workspaces/meu-primeiro-etl-airflow/airflow/dags/dag_treino_titanic.py
[2026-05-20T15:44:34.804+0000] {logging_mixin.py:190} INFO - [2026-05-20T15:44:34.803+0000] {dag.py:3239} INFO - Sync 1 DAGs
[2026-05-20T15:44:34.813+0000] {logging_mixin.py:190} INFO - [2026-05-20T15:44:34.813+0000] {dag.py:4180} INFO - Setting next_dagrun for atv7_treino_titanic_v1 to None, run_after=None
[2026-05-20T15:44:34.830+0000] {processor.py:208} INFO - Processing /workspaces/meu-primeiro-etl-airflow/airflow/dags/dag_treino_titanic.py took 1.571 seconds
