[2026-05-20T15:03:22.244+0000] {processor.py:186} INFO - Started process (PID=57309) to work on /workspaces/meu-primeiro-etl-airflow/airflow/dags/pipeline_etl_pratica.py
[2026-05-20T15:03:22.245+0000] {processor.py:914} INFO - Processing file /workspaces/meu-primeiro-etl-airflow/airflow/dags/pipeline_etl_pratica.py for tasks to queue
[2026-05-20T15:03:22.248+0000] {logging_mixin.py:190} INFO - [2026-05-20T15:03:22.248+0000] {dagbag.py:588} INFO - Filling up the DagBag from /workspaces/meu-primeiro-etl-airflow/airflow/dags/pipeline_etl_pratica.py
[2026-05-20T15:03:22.696+0000] {processor.py:925} INFO - DAG(s) 'pipeline_etl_pratica' retrieved from /workspaces/meu-primeiro-etl-airflow/airflow/dags/pipeline_etl_pratica.py
[2026-05-20T15:03:22.789+0000] {logging_mixin.py:190} INFO - [2026-05-20T15:03:22.788+0000] {override.py:1900} INFO - Created Permission View: can read on DAG:pipeline_etl_pratica
[2026-05-20T15:03:22.800+0000] {logging_mixin.py:190} INFO - [2026-05-20T15:03:22.799+0000] {override.py:1900} INFO - Created Permission View: can edit on DAG:pipeline_etl_pratica
[2026-05-20T15:03:22.812+0000] {logging_mixin.py:190} INFO - [2026-05-20T15:03:22.811+0000] {override.py:1900} INFO - Created Permission View: can delete on DAG:pipeline_etl_pratica
[2026-05-20T15:03:22.833+0000] {logging_mixin.py:190} INFO - [2026-05-20T15:03:22.832+0000] {override.py:1900} INFO - Created Permission View: can read on DAG Run:pipeline_etl_pratica
[2026-05-20T15:03:22.862+0000] {logging_mixin.py:190} INFO - [2026-05-20T15:03:22.861+0000] {override.py:1900} INFO - Created Permission View: can create on DAG Run:pipeline_etl_pratica
[2026-05-20T15:03:22.891+0000] {logging_mixin.py:190} INFO - [2026-05-20T15:03:22.890+0000] {override.py:1900} INFO - Created Permission View: menu access on DAG Run:pipeline_etl_pratica
[2026-05-20T15:03:22.899+0000] {logging_mixin.py:190} INFO - [2026-05-20T15:03:22.898+0000] {override.py:1900} INFO - Created Permission View: can delete on DAG Run:pipeline_etl_pratica
[2026-05-20T15:03:22.899+0000] {logging_mixin.py:190} INFO - [2026-05-20T15:03:22.899+0000] {dag.py:3239} INFO - Sync 1 DAGs
[2026-05-20T15:03:22.908+0000] {logging_mixin.py:190} INFO - [2026-05-20T15:03:22.907+0000] {dag.py:3262} INFO - Creating ORM DAG for pipeline_etl_pratica
[2026-05-20T15:03:22.917+0000] {logging_mixin.py:190} INFO - [2026-05-20T15:03:22.917+0000] {dag.py:4180} INFO - Setting next_dagrun for pipeline_etl_pratica to 2026-05-19 00:00:00+00:00, run_after=2026-05-20 00:00:00+00:00
[2026-05-20T15:03:22.951+0000] {processor.py:208} INFO - Processing /workspaces/meu-primeiro-etl-airflow/airflow/dags/pipeline_etl_pratica.py took 0.713 seconds
[2026-05-20T15:03:54.258+0000] {processor.py:186} INFO - Started process (PID=57649) to work on /workspaces/meu-primeiro-etl-airflow/airflow/dags/pipeline_etl_pratica.py
[2026-05-20T15:03:54.259+0000] {processor.py:914} INFO - Processing file /workspaces/meu-primeiro-etl-airflow/airflow/dags/pipeline_etl_pratica.py for tasks to queue
[2026-05-20T15:03:54.261+0000] {logging_mixin.py:190} INFO - [2026-05-20T15:03:54.260+0000] {dagbag.py:588} INFO - Filling up the DagBag from /workspaces/meu-primeiro-etl-airflow/airflow/dags/pipeline_etl_pratica.py
[2026-05-20T15:03:54.750+0000] {processor.py:925} INFO - DAG(s) 'pipeline_etl_pratica' retrieved from /workspaces/meu-primeiro-etl-airflow/airflow/dags/pipeline_etl_pratica.py
[2026-05-20T15:03:54.766+0000] {logging_mixin.py:190} INFO - [2026-05-20T15:03:54.766+0000] {dag.py:3239} INFO - Sync 1 DAGs
[2026-05-20T15:03:54.783+0000] {logging_mixin.py:190} INFO - [2026-05-20T15:03:54.783+0000] {dag.py:4180} INFO - Setting next_dagrun for pipeline_etl_pratica to 2026-05-19 00:00:00+00:00, run_after=2026-05-20 00:00:00+00:00
[2026-05-20T15:03:54.801+0000] {processor.py:208} INFO - Processing /workspaces/meu-primeiro-etl-airflow/airflow/dags/pipeline_etl_pratica.py took 0.549 seconds
[2026-05-20T15:04:26.921+0000] {processor.py:186} INFO - Started process (PID=57972) to work on /workspaces/meu-primeiro-etl-airflow/airflow/dags/pipeline_etl_pratica.py
[2026-05-20T15:04:26.922+0000] {processor.py:914} INFO - Processing file /workspaces/meu-primeiro-etl-airflow/airflow/dags/pipeline_etl_pratica.py for tasks to queue
[2026-05-20T15:04:26.923+0000] {logging_mixin.py:190} INFO - [2026-05-20T15:04:26.923+0000] {dagbag.py:588} INFO - Filling up the DagBag from /workspaces/meu-primeiro-etl-airflow/airflow/dags/pipeline_etl_pratica.py
[2026-05-20T15:04:27.574+0000] {processor.py:925} INFO - DAG(s) 'pipeline_etl_pratica' retrieved from /workspaces/meu-primeiro-etl-airflow/airflow/dags/pipeline_etl_pratica.py
[2026-05-20T15:04:27.611+0000] {logging_mixin.py:190} INFO - [2026-05-20T15:04:27.610+0000] {dag.py:3239} INFO - Sync 1 DAGs
[2026-05-20T15:04:27.641+0000] {logging_mixin.py:190} INFO - [2026-05-20T15:04:27.640+0000] {dag.py:4180} INFO - Setting next_dagrun for pipeline_etl_pratica to 2026-05-19 00:00:00+00:00, run_after=2026-05-20 00:00:00+00:00
[2026-05-20T15:04:27.743+0000] {processor.py:208} INFO - Processing /workspaces/meu-primeiro-etl-airflow/airflow/dags/pipeline_etl_pratica.py took 0.826 seconds
[2026-05-20T15:04:59.042+0000] {processor.py:186} INFO - Started process (PID=58243) to work on /workspaces/meu-primeiro-etl-airflow/airflow/dags/pipeline_etl_pratica.py
[2026-05-20T15:04:59.044+0000] {processor.py:914} INFO - Processing file /workspaces/meu-primeiro-etl-airflow/airflow/dags/pipeline_etl_pratica.py for tasks to queue
[2026-05-20T15:04:59.046+0000] {logging_mixin.py:190} INFO - [2026-05-20T15:04:59.046+0000] {dagbag.py:588} INFO - Filling up the DagBag from /workspaces/meu-primeiro-etl-airflow/airflow/dags/pipeline_etl_pratica.py
[2026-05-20T15:04:59.542+0000] {processor.py:925} INFO - DAG(s) 'pipeline_etl_pratica' retrieved from /workspaces/meu-primeiro-etl-airflow/airflow/dags/pipeline_etl_pratica.py
[2026-05-20T15:04:59.560+0000] {logging_mixin.py:190} INFO - [2026-05-20T15:04:59.560+0000] {dag.py:3239} INFO - Sync 1 DAGs
[2026-05-20T15:04:59.577+0000] {logging_mixin.py:190} INFO - [2026-05-20T15:04:59.577+0000] {dag.py:4180} INFO - Setting next_dagrun for pipeline_etl_pratica to 2026-05-19 00:00:00+00:00, run_after=2026-05-20 00:00:00+00:00
[2026-05-20T15:04:59.594+0000] {processor.py:208} INFO - Processing /workspaces/meu-primeiro-etl-airflow/airflow/dags/pipeline_etl_pratica.py took 0.558 seconds
[2026-05-20T15:05:31.286+0000] {processor.py:186} INFO - Started process (PID=58649) to work on /workspaces/meu-primeiro-etl-airflow/airflow/dags/pipeline_etl_pratica.py
[2026-05-20T15:05:31.287+0000] {processor.py:914} INFO - Processing file /workspaces/meu-primeiro-etl-airflow/airflow/dags/pipeline_etl_pratica.py for tasks to queue
[2026-05-20T15:05:31.289+0000] {logging_mixin.py:190} INFO - [2026-05-20T15:05:31.289+0000] {dagbag.py:588} INFO - Filling up the DagBag from /workspaces/meu-primeiro-etl-airflow/airflow/dags/pipeline_etl_pratica.py
[2026-05-20T15:05:31.799+0000] {processor.py:925} INFO - DAG(s) 'pipeline_etl_pratica' retrieved from /workspaces/meu-primeiro-etl-airflow/airflow/dags/pipeline_etl_pratica.py
[2026-05-20T15:05:31.818+0000] {logging_mixin.py:190} INFO - [2026-05-20T15:05:31.817+0000] {dag.py:3239} INFO - Sync 1 DAGs
[2026-05-20T15:05:31.836+0000] {logging_mixin.py:190} INFO - [2026-05-20T15:05:31.835+0000] {dag.py:4180} INFO - Setting next_dagrun for pipeline_etl_pratica to 2026-05-19 00:00:00+00:00, run_after=2026-05-20 00:00:00+00:00
[2026-05-20T15:05:31.856+0000] {processor.py:208} INFO - Processing /workspaces/meu-primeiro-etl-airflow/airflow/dags/pipeline_etl_pratica.py took 0.574 seconds
[2026-05-20T15:06:54.334+0000] {processor.py:186} INFO - Started process (PID=60173) to work on /workspaces/meu-primeiro-etl-airflow/airflow/dags/pipeline_etl_pratica.py
[2026-05-20T15:06:54.336+0000] {processor.py:914} INFO - Processing file /workspaces/meu-primeiro-etl-airflow/airflow/dags/pipeline_etl_pratica.py for tasks to queue
[2026-05-20T15:06:54.338+0000] {logging_mixin.py:190} INFO - [2026-05-20T15:06:54.338+0000] {dagbag.py:588} INFO - Filling up the DagBag from /workspaces/meu-primeiro-etl-airflow/airflow/dags/pipeline_etl_pratica.py
[2026-05-20T15:06:54.835+0000] {processor.py:925} INFO - DAG(s) 'pipeline_etl_pratica' retrieved from /workspaces/meu-primeiro-etl-airflow/airflow/dags/pipeline_etl_pratica.py
[2026-05-20T15:06:54.869+0000] {logging_mixin.py:190} INFO - [2026-05-20T15:06:54.869+0000] {dag.py:3239} INFO - Sync 1 DAGs
[2026-05-20T15:06:54.899+0000] {logging_mixin.py:190} INFO - [2026-05-20T15:06:54.899+0000] {dag.py:4180} INFO - Setting next_dagrun for pipeline_etl_pratica to 2026-05-19 00:00:00+00:00, run_after=2026-05-20 00:00:00+00:00
[2026-05-20T15:06:54.920+0000] {processor.py:208} INFO - Processing /workspaces/meu-primeiro-etl-airflow/airflow/dags/pipeline_etl_pratica.py took 0.591 seconds
[2026-05-20T15:07:26.049+0000] {processor.py:186} INFO - Started process (PID=60458) to work on /workspaces/meu-primeiro-etl-airflow/airflow/dags/pipeline_etl_pratica.py
[2026-05-20T15:07:26.050+0000] {processor.py:914} INFO - Processing file /workspaces/meu-primeiro-etl-airflow/airflow/dags/pipeline_etl_pratica.py for tasks to queue
[2026-05-20T15:07:26.052+0000] {logging_mixin.py:190} INFO - [2026-05-20T15:07:26.052+0000] {dagbag.py:588} INFO - Filling up the DagBag from /workspaces/meu-primeiro-etl-airflow/airflow/dags/pipeline_etl_pratica.py
[2026-05-20T15:07:26.498+0000] {processor.py:925} INFO - DAG(s) 'pipeline_etl_pratica' retrieved from /workspaces/meu-primeiro-etl-airflow/airflow/dags/pipeline_etl_pratica.py
[2026-05-20T15:07:26.513+0000] {logging_mixin.py:190} INFO - [2026-05-20T15:07:26.512+0000] {dag.py:3239} INFO - Sync 1 DAGs
[2026-05-20T15:07:26.528+0000] {logging_mixin.py:190} INFO - [2026-05-20T15:07:26.527+0000] {dag.py:4180} INFO - Setting next_dagrun for pipeline_etl_pratica to 2026-05-19 00:00:00+00:00, run_after=2026-05-20 00:00:00+00:00
[2026-05-20T15:07:26.547+0000] {processor.py:208} INFO - Processing /workspaces/meu-primeiro-etl-airflow/airflow/dags/pipeline_etl_pratica.py took 0.504 seconds
[2026-05-20T15:07:57.447+0000] {processor.py:186} INFO - Started process (PID=60595) to work on /workspaces/meu-primeiro-etl-airflow/airflow/dags/pipeline_etl_pratica.py
[2026-05-20T15:07:57.448+0000] {processor.py:914} INFO - Processing file /workspaces/meu-primeiro-etl-airflow/airflow/dags/pipeline_etl_pratica.py for tasks to queue
[2026-05-20T15:07:57.450+0000] {logging_mixin.py:190} INFO - [2026-05-20T15:07:57.450+0000] {dagbag.py:588} INFO - Filling up the DagBag from /workspaces/meu-primeiro-etl-airflow/airflow/dags/pipeline_etl_pratica.py
[2026-05-20T15:07:57.917+0000] {processor.py:925} INFO - DAG(s) 'pipeline_etl_pratica' retrieved from /workspaces/meu-primeiro-etl-airflow/airflow/dags/pipeline_etl_pratica.py
[2026-05-20T15:07:57.936+0000] {logging_mixin.py:190} INFO - [2026-05-20T15:07:57.935+0000] {dag.py:3239} INFO - Sync 1 DAGs
[2026-05-20T15:07:57.954+0000] {logging_mixin.py:190} INFO - [2026-05-20T15:07:57.954+0000] {dag.py:4180} INFO - Setting next_dagrun for pipeline_etl_pratica to 2026-05-19 00:00:00+00:00, run_after=2026-05-20 00:00:00+00:00
[2026-05-20T15:07:57.974+0000] {processor.py:208} INFO - Processing /workspaces/meu-primeiro-etl-airflow/airflow/dags/pipeline_etl_pratica.py took 0.533 seconds
[2026-05-20T15:08:29.390+0000] {processor.py:186} INFO - Started process (PID=60846) to work on /workspaces/meu-primeiro-etl-airflow/airflow/dags/pipeline_etl_pratica.py
[2026-05-20T15:08:29.391+0000] {processor.py:914} INFO - Processing file /workspaces/meu-primeiro-etl-airflow/airflow/dags/pipeline_etl_pratica.py for tasks to queue
[2026-05-20T15:08:29.393+0000] {logging_mixin.py:190} INFO - [2026-05-20T15:08:29.393+0000] {dagbag.py:588} INFO - Filling up the DagBag from /workspaces/meu-primeiro-etl-airflow/airflow/dags/pipeline_etl_pratica.py
[2026-05-20T15:08:29.990+0000] {processor.py:925} INFO - DAG(s) 'pipeline_etl_pratica' retrieved from /workspaces/meu-primeiro-etl-airflow/airflow/dags/pipeline_etl_pratica.py
[2026-05-20T15:08:30.006+0000] {logging_mixin.py:190} INFO - [2026-05-20T15:08:30.006+0000] {dag.py:3239} INFO - Sync 1 DAGs
[2026-05-20T15:08:30.025+0000] {logging_mixin.py:190} INFO - [2026-05-20T15:08:30.025+0000] {dag.py:4180} INFO - Setting next_dagrun for pipeline_etl_pratica to 2026-05-19 00:00:00+00:00, run_after=2026-05-20 00:00:00+00:00
[2026-05-20T15:08:30.049+0000] {processor.py:208} INFO - Processing /workspaces/meu-primeiro-etl-airflow/airflow/dags/pipeline_etl_pratica.py took 0.663 seconds
[2026-05-20T15:09:02.132+0000] {processor.py:186} INFO - Started process (PID=61068) to work on /workspaces/meu-primeiro-etl-airflow/airflow/dags/pipeline_etl_pratica.py
[2026-05-20T15:09:02.134+0000] {processor.py:914} INFO - Processing file /workspaces/meu-primeiro-etl-airflow/airflow/dags/pipeline_etl_pratica.py for tasks to queue
[2026-05-20T15:09:02.138+0000] {logging_mixin.py:190} INFO - [2026-05-20T15:09:02.137+0000] {dagbag.py:588} INFO - Filling up the DagBag from /workspaces/meu-primeiro-etl-airflow/airflow/dags/pipeline_etl_pratica.py
[2026-05-20T15:09:02.577+0000] {processor.py:925} INFO - DAG(s) 'pipeline_etl_pratica' retrieved from /workspaces/meu-primeiro-etl-airflow/airflow/dags/pipeline_etl_pratica.py
[2026-05-20T15:09:02.591+0000] {logging_mixin.py:190} INFO - [2026-05-20T15:09:02.591+0000] {dag.py:3239} INFO - Sync 1 DAGs
[2026-05-20T15:09:02.607+0000] {logging_mixin.py:190} INFO - [2026-05-20T15:09:02.607+0000] {dag.py:4180} INFO - Setting next_dagrun for pipeline_etl_pratica to 2026-05-19 00:00:00+00:00, run_after=2026-05-20 00:00:00+00:00
[2026-05-20T15:09:02.624+0000] {processor.py:208} INFO - Processing /workspaces/meu-primeiro-etl-airflow/airflow/dags/pipeline_etl_pratica.py took 0.498 seconds
[2026-05-20T15:09:33.913+0000] {processor.py:186} INFO - Started process (PID=61365) to work on /workspaces/meu-primeiro-etl-airflow/airflow/dags/pipeline_etl_pratica.py
[2026-05-20T15:09:33.914+0000] {processor.py:914} INFO - Processing file /workspaces/meu-primeiro-etl-airflow/airflow/dags/pipeline_etl_pratica.py for tasks to queue
[2026-05-20T15:09:33.915+0000] {logging_mixin.py:190} INFO - [2026-05-20T15:09:33.915+0000] {dagbag.py:588} INFO - Filling up the DagBag from /workspaces/meu-primeiro-etl-airflow/airflow/dags/pipeline_etl_pratica.py
[2026-05-20T15:09:34.392+0000] {processor.py:925} INFO - DAG(s) 'pipeline_etl_pratica' retrieved from /workspaces/meu-primeiro-etl-airflow/airflow/dags/pipeline_etl_pratica.py
[2026-05-20T15:09:34.407+0000] {logging_mixin.py:190} INFO - [2026-05-20T15:09:34.406+0000] {dag.py:3239} INFO - Sync 1 DAGs
[2026-05-20T15:09:34.428+0000] {logging_mixin.py:190} INFO - [2026-05-20T15:09:34.428+0000] {dag.py:4180} INFO - Setting next_dagrun for pipeline_etl_pratica to 2026-05-19 00:00:00+00:00, run_after=2026-05-20 00:00:00+00:00
[2026-05-20T15:09:34.446+0000] {processor.py:208} INFO - Processing /workspaces/meu-primeiro-etl-airflow/airflow/dags/pipeline_etl_pratica.py took 0.538 seconds
[2026-05-20T15:10:06.631+0000] {processor.py:186} INFO - Started process (PID=61610) to work on /workspaces/meu-primeiro-etl-airflow/airflow/dags/pipeline_etl_pratica.py
[2026-05-20T15:10:06.633+0000] {processor.py:914} INFO - Processing file /workspaces/meu-primeiro-etl-airflow/airflow/dags/pipeline_etl_pratica.py for tasks to queue
[2026-05-20T15:10:06.639+0000] {logging_mixin.py:190} INFO - [2026-05-20T15:10:06.638+0000] {dagbag.py:588} INFO - Filling up the DagBag from /workspaces/meu-primeiro-etl-airflow/airflow/dags/pipeline_etl_pratica.py
[2026-05-20T15:10:07.214+0000] {processor.py:925} INFO - DAG(s) 'pipeline_etl_pratica' retrieved from /workspaces/meu-primeiro-etl-airflow/airflow/dags/pipeline_etl_pratica.py
[2026-05-20T15:10:07.230+0000] {logging_mixin.py:190} INFO - [2026-05-20T15:10:07.229+0000] {dag.py:3239} INFO - Sync 1 DAGs
[2026-05-20T15:10:07.249+0000] {logging_mixin.py:190} INFO - [2026-05-20T15:10:07.249+0000] {dag.py:4180} INFO - Setting next_dagrun for pipeline_etl_pratica to 2026-05-19 00:00:00+00:00, run_after=2026-05-20 00:00:00+00:00
[2026-05-20T15:10:07.267+0000] {processor.py:208} INFO - Processing /workspaces/meu-primeiro-etl-airflow/airflow/dags/pipeline_etl_pratica.py took 0.643 seconds
[2026-05-20T15:10:38.526+0000] {processor.py:186} INFO - Started process (PID=61915) to work on /workspaces/meu-primeiro-etl-airflow/airflow/dags/pipeline_etl_pratica.py
[2026-05-20T15:10:38.526+0000] {processor.py:914} INFO - Processing file /workspaces/meu-primeiro-etl-airflow/airflow/dags/pipeline_etl_pratica.py for tasks to queue
[2026-05-20T15:10:38.529+0000] {logging_mixin.py:190} INFO - [2026-05-20T15:10:38.529+0000] {dagbag.py:588} INFO - Filling up the DagBag from /workspaces/meu-primeiro-etl-airflow/airflow/dags/pipeline_etl_pratica.py
[2026-05-20T15:10:38.979+0000] {processor.py:925} INFO - DAG(s) 'pipeline_etl_pratica' retrieved from /workspaces/meu-primeiro-etl-airflow/airflow/dags/pipeline_etl_pratica.py
[2026-05-20T15:10:38.997+0000] {logging_mixin.py:190} INFO - [2026-05-20T15:10:38.997+0000] {dag.py:3239} INFO - Sync 1 DAGs
[2026-05-20T15:10:39.017+0000] {logging_mixin.py:190} INFO - [2026-05-20T15:10:39.016+0000] {dag.py:4180} INFO - Setting next_dagrun for pipeline_etl_pratica to 2026-05-19 00:00:00+00:00, run_after=2026-05-20 00:00:00+00:00
[2026-05-20T15:10:39.035+0000] {processor.py:208} INFO - Processing /workspaces/meu-primeiro-etl-airflow/airflow/dags/pipeline_etl_pratica.py took 0.514 seconds
[2026-05-20T15:11:10.305+0000] {processor.py:186} INFO - Started process (PID=62140) to work on /workspaces/meu-primeiro-etl-airflow/airflow/dags/pipeline_etl_pratica.py
[2026-05-20T15:11:10.306+0000] {processor.py:914} INFO - Processing file /workspaces/meu-primeiro-etl-airflow/airflow/dags/pipeline_etl_pratica.py for tasks to queue
[2026-05-20T15:11:10.308+0000] {logging_mixin.py:190} INFO - [2026-05-20T15:11:10.307+0000] {dagbag.py:588} INFO - Filling up the DagBag from /workspaces/meu-primeiro-etl-airflow/airflow/dags/pipeline_etl_pratica.py
[2026-05-20T15:11:10.769+0000] {processor.py:925} INFO - DAG(s) 'pipeline_etl_pratica' retrieved from /workspaces/meu-primeiro-etl-airflow/airflow/dags/pipeline_etl_pratica.py
[2026-05-20T15:11:10.787+0000] {logging_mixin.py:190} INFO - [2026-05-20T15:11:10.786+0000] {dag.py:3239} INFO - Sync 1 DAGs
[2026-05-20T15:11:10.801+0000] {logging_mixin.py:190} INFO - [2026-05-20T15:11:10.801+0000] {dag.py:4180} INFO - Setting next_dagrun for pipeline_etl_pratica to 2026-05-19 00:00:00+00:00, run_after=2026-05-20 00:00:00+00:00
[2026-05-20T15:11:10.818+0000] {processor.py:208} INFO - Processing /workspaces/meu-primeiro-etl-airflow/airflow/dags/pipeline_etl_pratica.py took 0.518 seconds
[2026-05-20T15:11:42.424+0000] {processor.py:186} INFO - Started process (PID=62438) to work on /workspaces/meu-primeiro-etl-airflow/airflow/dags/pipeline_etl_pratica.py
[2026-05-20T15:11:42.425+0000] {processor.py:914} INFO - Processing file /workspaces/meu-primeiro-etl-airflow/airflow/dags/pipeline_etl_pratica.py for tasks to queue
[2026-05-20T15:11:42.427+0000] {logging_mixin.py:190} INFO - [2026-05-20T15:11:42.427+0000] {dagbag.py:588} INFO - Filling up the DagBag from /workspaces/meu-primeiro-etl-airflow/airflow/dags/pipeline_etl_pratica.py
[2026-05-20T15:11:42.915+0000] {processor.py:925} INFO - DAG(s) 'pipeline_etl_pratica' retrieved from /workspaces/meu-primeiro-etl-airflow/airflow/dags/pipeline_etl_pratica.py
[2026-05-20T15:11:42.932+0000] {logging_mixin.py:190} INFO - [2026-05-20T15:11:42.931+0000] {dag.py:3239} INFO - Sync 1 DAGs
[2026-05-20T15:11:42.951+0000] {logging_mixin.py:190} INFO - [2026-05-20T15:11:42.950+0000] {dag.py:4180} INFO - Setting next_dagrun for pipeline_etl_pratica to 2026-05-19 00:00:00+00:00, run_after=2026-05-20 00:00:00+00:00
[2026-05-20T15:11:42.968+0000] {processor.py:208} INFO - Processing /workspaces/meu-primeiro-etl-airflow/airflow/dags/pipeline_etl_pratica.py took 0.549 seconds
[2026-05-20T15:13:09.343+0000] {processor.py:186} INFO - Started process (PID=64504) to work on /workspaces/meu-primeiro-etl-airflow/airflow/dags/pipeline_etl_pratica.py
[2026-05-20T15:13:09.349+0000] {processor.py:914} INFO - Processing file /workspaces/meu-primeiro-etl-airflow/airflow/dags/pipeline_etl_pratica.py for tasks to queue
[2026-05-20T15:13:09.351+0000] {logging_mixin.py:190} INFO - [2026-05-20T15:13:09.351+0000] {dagbag.py:588} INFO - Filling up the DagBag from /workspaces/meu-primeiro-etl-airflow/airflow/dags/pipeline_etl_pratica.py
[2026-05-20T15:13:09.951+0000] {processor.py:925} INFO - DAG(s) 'pipeline_etl_pratica' retrieved from /workspaces/meu-primeiro-etl-airflow/airflow/dags/pipeline_etl_pratica.py
[2026-05-20T15:13:09.971+0000] {logging_mixin.py:190} INFO - [2026-05-20T15:13:09.971+0000] {dag.py:3239} INFO - Sync 1 DAGs
[2026-05-20T15:13:09.992+0000] {logging_mixin.py:190} INFO - [2026-05-20T15:13:09.991+0000] {dag.py:4180} INFO - Setting next_dagrun for pipeline_etl_pratica to 2026-05-19 00:00:00+00:00, run_after=2026-05-20 00:00:00+00:00
[2026-05-20T15:13:10.013+0000] {processor.py:208} INFO - Processing /workspaces/meu-primeiro-etl-airflow/airflow/dags/pipeline_etl_pratica.py took 0.676 seconds
[2026-05-20T15:14:10.771+0000] {processor.py:186} INFO - Started process (PID=66087) to work on /workspaces/meu-primeiro-etl-airflow/airflow/dags/pipeline_etl_pratica.py
[2026-05-20T15:14:10.774+0000] {processor.py:914} INFO - Processing file /workspaces/meu-primeiro-etl-airflow/airflow/dags/pipeline_etl_pratica.py for tasks to queue
[2026-05-20T15:14:10.775+0000] {logging_mixin.py:190} INFO - [2026-05-20T15:14:10.775+0000] {dagbag.py:588} INFO - Filling up the DagBag from /workspaces/meu-primeiro-etl-airflow/airflow/dags/pipeline_etl_pratica.py
[2026-05-20T15:14:11.483+0000] {processor.py:925} INFO - DAG(s) 'pipeline_etl_pratica' retrieved from /workspaces/meu-primeiro-etl-airflow/airflow/dags/pipeline_etl_pratica.py
[2026-05-20T15:14:11.498+0000] {logging_mixin.py:190} INFO - [2026-05-20T15:14:11.498+0000] {dag.py:3239} INFO - Sync 1 DAGs
[2026-05-20T15:14:11.513+0000] {logging_mixin.py:190} INFO - [2026-05-20T15:14:11.513+0000] {dag.py:4180} INFO - Setting next_dagrun for pipeline_etl_pratica to 2026-05-19 00:00:00+00:00, run_after=2026-05-20 00:00:00+00:00
[2026-05-20T15:14:11.532+0000] {processor.py:208} INFO - Processing /workspaces/meu-primeiro-etl-airflow/airflow/dags/pipeline_etl_pratica.py took 0.766 seconds
[2026-05-20T15:14:42.525+0000] {processor.py:186} INFO - Started process (PID=66482) to work on /workspaces/meu-primeiro-etl-airflow/airflow/dags/pipeline_etl_pratica.py
[2026-05-20T15:14:42.526+0000] {processor.py:914} INFO - Processing file /workspaces/meu-primeiro-etl-airflow/airflow/dags/pipeline_etl_pratica.py for tasks to queue
[2026-05-20T15:14:42.529+0000] {logging_mixin.py:190} INFO - [2026-05-20T15:14:42.529+0000] {dagbag.py:588} INFO - Filling up the DagBag from /workspaces/meu-primeiro-etl-airflow/airflow/dags/pipeline_etl_pratica.py
[2026-05-20T15:14:43.007+0000] {processor.py:925} INFO - DAG(s) 'pipeline_etl_pratica' retrieved from /workspaces/meu-primeiro-etl-airflow/airflow/dags/pipeline_etl_pratica.py
[2026-05-20T15:14:43.022+0000] {logging_mixin.py:190} INFO - [2026-05-20T15:14:43.022+0000] {dag.py:3239} INFO - Sync 1 DAGs
[2026-05-20T15:14:43.041+0000] {logging_mixin.py:190} INFO - [2026-05-20T15:14:43.041+0000] {dag.py:4180} INFO - Setting next_dagrun for pipeline_etl_pratica to 2026-05-19 00:00:00+00:00, run_after=2026-05-20 00:00:00+00:00
[2026-05-20T15:14:43.061+0000] {processor.py:208} INFO - Processing /workspaces/meu-primeiro-etl-airflow/airflow/dags/pipeline_etl_pratica.py took 0.542 seconds
[2026-05-20T15:15:39.352+0000] {processor.py:186} INFO - Started process (PID=67098) to work on /workspaces/meu-primeiro-etl-airflow/airflow/dags/pipeline_etl_pratica.py
[2026-05-20T15:15:39.353+0000] {processor.py:914} INFO - Processing file /workspaces/meu-primeiro-etl-airflow/airflow/dags/pipeline_etl_pratica.py for tasks to queue
[2026-05-20T15:15:39.354+0000] {logging_mixin.py:190} INFO - [2026-05-20T15:15:39.354+0000] {dagbag.py:588} INFO - Filling up the DagBag from /workspaces/meu-primeiro-etl-airflow/airflow/dags/pipeline_etl_pratica.py
[2026-05-20T15:15:39.955+0000] {processor.py:925} INFO - DAG(s) 'pipeline_etl_pratica' retrieved from /workspaces/meu-primeiro-etl-airflow/airflow/dags/pipeline_etl_pratica.py
[2026-05-20T15:15:39.971+0000] {logging_mixin.py:190} INFO - [2026-05-20T15:15:39.970+0000] {dag.py:3239} INFO - Sync 1 DAGs
[2026-05-20T15:15:39.994+0000] {logging_mixin.py:190} INFO - [2026-05-20T15:15:39.993+0000] {dag.py:4180} INFO - Setting next_dagrun for pipeline_etl_pratica to 2026-05-19 00:00:00+00:00, run_after=2026-05-20 00:00:00+00:00
[2026-05-20T15:15:40.019+0000] {processor.py:208} INFO - Processing /workspaces/meu-primeiro-etl-airflow/airflow/dags/pipeline_etl_pratica.py took 0.672 seconds
[2026-05-20T15:16:11.860+0000] {processor.py:186} INFO - Started process (PID=67439) to work on /workspaces/meu-primeiro-etl-airflow/airflow/dags/pipeline_etl_pratica.py
[2026-05-20T15:16:11.861+0000] {processor.py:914} INFO - Processing file /workspaces/meu-primeiro-etl-airflow/airflow/dags/pipeline_etl_pratica.py for tasks to queue
[2026-05-20T15:16:11.863+0000] {logging_mixin.py:190} INFO - [2026-05-20T15:16:11.862+0000] {dagbag.py:588} INFO - Filling up the DagBag from /workspaces/meu-primeiro-etl-airflow/airflow/dags/pipeline_etl_pratica.py
[2026-05-20T15:16:12.356+0000] {processor.py:925} INFO - DAG(s) 'pipeline_etl_pratica' retrieved from /workspaces/meu-primeiro-etl-airflow/airflow/dags/pipeline_etl_pratica.py
[2026-05-20T15:16:12.380+0000] {logging_mixin.py:190} INFO - [2026-05-20T15:16:12.380+0000] {dag.py:3239} INFO - Sync 1 DAGs
[2026-05-20T15:16:12.399+0000] {logging_mixin.py:190} INFO - [2026-05-20T15:16:12.399+0000] {dag.py:4180} INFO - Setting next_dagrun for pipeline_etl_pratica to 2026-05-19 00:00:00+00:00, run_after=2026-05-20 00:00:00+00:00
[2026-05-20T15:16:12.421+0000] {processor.py:208} INFO - Processing /workspaces/meu-primeiro-etl-airflow/airflow/dags/pipeline_etl_pratica.py took 0.565 seconds
[2026-05-20T15:16:44.969+0000] {processor.py:186} INFO - Started process (PID=67933) to work on /workspaces/meu-primeiro-etl-airflow/airflow/dags/pipeline_etl_pratica.py
[2026-05-20T15:16:44.970+0000] {processor.py:914} INFO - Processing file /workspaces/meu-primeiro-etl-airflow/airflow/dags/pipeline_etl_pratica.py for tasks to queue
[2026-05-20T15:16:44.974+0000] {logging_mixin.py:190} INFO - [2026-05-20T15:16:44.973+0000] {dagbag.py:588} INFO - Filling up the DagBag from /workspaces/meu-primeiro-etl-airflow/airflow/dags/pipeline_etl_pratica.py
[2026-05-20T15:16:45.497+0000] {processor.py:925} INFO - DAG(s) 'pipeline_etl_pratica' retrieved from /workspaces/meu-primeiro-etl-airflow/airflow/dags/pipeline_etl_pratica.py
[2026-05-20T15:16:45.513+0000] {logging_mixin.py:190} INFO - [2026-05-20T15:16:45.512+0000] {dag.py:3239} INFO - Sync 1 DAGs
[2026-05-20T15:16:45.530+0000] {logging_mixin.py:190} INFO - [2026-05-20T15:16:45.529+0000] {dag.py:4180} INFO - Setting next_dagrun for pipeline_etl_pratica to 2026-05-19 00:00:00+00:00, run_after=2026-05-20 00:00:00+00:00
[2026-05-20T15:16:45.552+0000] {processor.py:208} INFO - Processing /workspaces/meu-primeiro-etl-airflow/airflow/dags/pipeline_etl_pratica.py took 0.588 seconds
[2026-05-20T15:17:44.273+0000] {processor.py:186} INFO - Started process (PID=69273) to work on /workspaces/meu-primeiro-etl-airflow/airflow/dags/pipeline_etl_pratica.py
[2026-05-20T15:17:44.275+0000] {processor.py:914} INFO - Processing file /workspaces/meu-primeiro-etl-airflow/airflow/dags/pipeline_etl_pratica.py for tasks to queue
[2026-05-20T15:17:44.277+0000] {logging_mixin.py:190} INFO - [2026-05-20T15:17:44.276+0000] {dagbag.py:588} INFO - Filling up the DagBag from /workspaces/meu-primeiro-etl-airflow/airflow/dags/pipeline_etl_pratica.py
[2026-05-20T15:17:44.736+0000] {processor.py:925} INFO - DAG(s) 'pipeline_etl_pratica' retrieved from /workspaces/meu-primeiro-etl-airflow/airflow/dags/pipeline_etl_pratica.py
[2026-05-20T15:17:44.755+0000] {logging_mixin.py:190} INFO - [2026-05-20T15:17:44.754+0000] {dag.py:3239} INFO - Sync 1 DAGs
[2026-05-20T15:17:44.771+0000] {logging_mixin.py:190} INFO - [2026-05-20T15:17:44.771+0000] {dag.py:4180} INFO - Setting next_dagrun for pipeline_etl_pratica to 2026-05-19 00:00:00+00:00, run_after=2026-05-20 00:00:00+00:00
[2026-05-20T15:17:44.787+0000] {processor.py:208} INFO - Processing /workspaces/meu-primeiro-etl-airflow/airflow/dags/pipeline_etl_pratica.py took 0.518 seconds
[2026-05-20T15:18:16.211+0000] {processor.py:186} INFO - Started process (PID=69500) to work on /workspaces/meu-primeiro-etl-airflow/airflow/dags/pipeline_etl_pratica.py
[2026-05-20T15:18:16.212+0000] {processor.py:914} INFO - Processing file /workspaces/meu-primeiro-etl-airflow/airflow/dags/pipeline_etl_pratica.py for tasks to queue
[2026-05-20T15:18:16.214+0000] {logging_mixin.py:190} INFO - [2026-05-20T15:18:16.213+0000] {dagbag.py:588} INFO - Filling up the DagBag from /workspaces/meu-primeiro-etl-airflow/airflow/dags/pipeline_etl_pratica.py
[2026-05-20T15:18:16.689+0000] {processor.py:925} INFO - DAG(s) 'pipeline_etl_pratica' retrieved from /workspaces/meu-primeiro-etl-airflow/airflow/dags/pipeline_etl_pratica.py
[2026-05-20T15:18:16.706+0000] {logging_mixin.py:190} INFO - [2026-05-20T15:18:16.705+0000] {dag.py:3239} INFO - Sync 1 DAGs
[2026-05-20T15:18:16.722+0000] {logging_mixin.py:190} INFO - [2026-05-20T15:18:16.722+0000] {dag.py:4180} INFO - Setting next_dagrun for pipeline_etl_pratica to 2026-05-19 00:00:00+00:00, run_after=2026-05-20 00:00:00+00:00
[2026-05-20T15:18:16.742+0000] {processor.py:208} INFO - Processing /workspaces/meu-primeiro-etl-airflow/airflow/dags/pipeline_etl_pratica.py took 0.536 seconds
[2026-05-20T15:18:48.121+0000] {processor.py:186} INFO - Started process (PID=69882) to work on /workspaces/meu-primeiro-etl-airflow/airflow/dags/pipeline_etl_pratica.py
[2026-05-20T15:18:48.122+0000] {processor.py:914} INFO - Processing file /workspaces/meu-primeiro-etl-airflow/airflow/dags/pipeline_etl_pratica.py for tasks to queue
[2026-05-20T15:18:48.124+0000] {logging_mixin.py:190} INFO - [2026-05-20T15:18:48.123+0000] {dagbag.py:588} INFO - Filling up the DagBag from /workspaces/meu-primeiro-etl-airflow/airflow/dags/pipeline_etl_pratica.py
[2026-05-20T15:18:48.716+0000] {processor.py:925} INFO - DAG(s) 'pipeline_etl_pratica' retrieved from /workspaces/meu-primeiro-etl-airflow/airflow/dags/pipeline_etl_pratica.py
[2026-05-20T15:18:48.733+0000] {logging_mixin.py:190} INFO - [2026-05-20T15:18:48.733+0000] {dag.py:3239} INFO - Sync 1 DAGs
[2026-05-20T15:18:48.753+0000] {logging_mixin.py:190} INFO - [2026-05-20T15:18:48.753+0000] {dag.py:4180} INFO - Setting next_dagrun for pipeline_etl_pratica to 2026-05-19 00:00:00+00:00, run_after=2026-05-20 00:00:00+00:00
[2026-05-20T15:18:48.769+0000] {processor.py:208} INFO - Processing /workspaces/meu-primeiro-etl-airflow/airflow/dags/pipeline_etl_pratica.py took 0.653 seconds
[2026-05-20T15:19:19.816+0000] {processor.py:186} INFO - Started process (PID=70159) to work on /workspaces/meu-primeiro-etl-airflow/airflow/dags/pipeline_etl_pratica.py
[2026-05-20T15:19:19.817+0000] {processor.py:914} INFO - Processing file /workspaces/meu-primeiro-etl-airflow/airflow/dags/pipeline_etl_pratica.py for tasks to queue
[2026-05-20T15:19:19.819+0000] {logging_mixin.py:190} INFO - [2026-05-20T15:19:19.819+0000] {dagbag.py:588} INFO - Filling up the DagBag from /workspaces/meu-primeiro-etl-airflow/airflow/dags/pipeline_etl_pratica.py
[2026-05-20T15:19:20.250+0000] {processor.py:925} INFO - DAG(s) 'pipeline_etl_pratica' retrieved from /workspaces/meu-primeiro-etl-airflow/airflow/dags/pipeline_etl_pratica.py
[2026-05-20T15:19:20.265+0000] {logging_mixin.py:190} INFO - [2026-05-20T15:19:20.264+0000] {dag.py:3239} INFO - Sync 1 DAGs
[2026-05-20T15:19:20.280+0000] {logging_mixin.py:190} INFO - [2026-05-20T15:19:20.279+0000] {dag.py:4180} INFO - Setting next_dagrun for pipeline_etl_pratica to 2026-05-19 00:00:00+00:00, run_after=2026-05-20 00:00:00+00:00
[2026-05-20T15:19:20.295+0000] {processor.py:208} INFO - Processing /workspaces/meu-primeiro-etl-airflow/airflow/dags/pipeline_etl_pratica.py took 0.484 seconds
[2026-05-20T15:19:51.774+0000] {processor.py:186} INFO - Started process (PID=70449) to work on /workspaces/meu-primeiro-etl-airflow/airflow/dags/pipeline_etl_pratica.py
[2026-05-20T15:19:51.774+0000] {processor.py:914} INFO - Processing file /workspaces/meu-primeiro-etl-airflow/airflow/dags/pipeline_etl_pratica.py for tasks to queue
[2026-05-20T15:19:51.776+0000] {logging_mixin.py:190} INFO - [2026-05-20T15:19:51.776+0000] {dagbag.py:588} INFO - Filling up the DagBag from /workspaces/meu-primeiro-etl-airflow/airflow/dags/pipeline_etl_pratica.py
[2026-05-20T15:19:52.200+0000] {processor.py:925} INFO - DAG(s) 'pipeline_etl_pratica' retrieved from /workspaces/meu-primeiro-etl-airflow/airflow/dags/pipeline_etl_pratica.py
[2026-05-20T15:19:52.217+0000] {logging_mixin.py:190} INFO - [2026-05-20T15:19:52.216+0000] {dag.py:3239} INFO - Sync 1 DAGs
[2026-05-20T15:19:52.234+0000] {logging_mixin.py:190} INFO - [2026-05-20T15:19:52.234+0000] {dag.py:4180} INFO - Setting next_dagrun for pipeline_etl_pratica to 2026-05-19 00:00:00+00:00, run_after=2026-05-20 00:00:00+00:00
[2026-05-20T15:19:52.254+0000] {processor.py:208} INFO - Processing /workspaces/meu-primeiro-etl-airflow/airflow/dags/pipeline_etl_pratica.py took 0.485 seconds
[2026-05-20T15:20:26.952+0000] {processor.py:186} INFO - Started process (PID=70700) to work on /workspaces/meu-primeiro-etl-airflow/airflow/dags/pipeline_etl_pratica.py
[2026-05-20T15:20:26.953+0000] {processor.py:914} INFO - Processing file /workspaces/meu-primeiro-etl-airflow/airflow/dags/pipeline_etl_pratica.py for tasks to queue
[2026-05-20T15:20:26.955+0000] {logging_mixin.py:190} INFO - [2026-05-20T15:20:26.955+0000] {dagbag.py:588} INFO - Filling up the DagBag from /workspaces/meu-primeiro-etl-airflow/airflow/dags/pipeline_etl_pratica.py
[2026-05-20T15:20:27.433+0000] {processor.py:925} INFO - DAG(s) 'pipeline_etl_pratica' retrieved from /workspaces/meu-primeiro-etl-airflow/airflow/dags/pipeline_etl_pratica.py
[2026-05-20T15:20:27.451+0000] {logging_mixin.py:190} INFO - [2026-05-20T15:20:27.451+0000] {dag.py:3239} INFO - Sync 1 DAGs
[2026-05-20T15:20:27.469+0000] {logging_mixin.py:190} INFO - [2026-05-20T15:20:27.468+0000] {dag.py:4180} INFO - Setting next_dagrun for pipeline_etl_pratica to 2026-05-19 00:00:00+00:00, run_after=2026-05-20 00:00:00+00:00
[2026-05-20T15:20:27.485+0000] {processor.py:208} INFO - Processing /workspaces/meu-primeiro-etl-airflow/airflow/dags/pipeline_etl_pratica.py took 0.540 seconds
[2026-05-20T15:21:01.075+0000] {processor.py:186} INFO - Started process (PID=71259) to work on /workspaces/meu-primeiro-etl-airflow/airflow/dags/pipeline_etl_pratica.py
[2026-05-20T15:21:01.076+0000] {processor.py:914} INFO - Processing file /workspaces/meu-primeiro-etl-airflow/airflow/dags/pipeline_etl_pratica.py for tasks to queue
[2026-05-20T15:21:01.079+0000] {logging_mixin.py:190} INFO - [2026-05-20T15:21:01.078+0000] {dagbag.py:588} INFO - Filling up the DagBag from /workspaces/meu-primeiro-etl-airflow/airflow/dags/pipeline_etl_pratica.py
[2026-05-20T15:21:01.558+0000] {processor.py:925} INFO - DAG(s) 'pipeline_etl_pratica' retrieved from /workspaces/meu-primeiro-etl-airflow/airflow/dags/pipeline_etl_pratica.py
[2026-05-20T15:21:01.575+0000] {logging_mixin.py:190} INFO - [2026-05-20T15:21:01.575+0000] {dag.py:3239} INFO - Sync 1 DAGs
[2026-05-20T15:21:01.590+0000] {logging_mixin.py:190} INFO - [2026-05-20T15:21:01.589+0000] {dag.py:4180} INFO - Setting next_dagrun for pipeline_etl_pratica to 2026-05-19 00:00:00+00:00, run_after=2026-05-20 00:00:00+00:00
[2026-05-20T15:21:01.605+0000] {processor.py:208} INFO - Processing /workspaces/meu-primeiro-etl-airflow/airflow/dags/pipeline_etl_pratica.py took 0.535 seconds
[2026-05-20T15:21:33.226+0000] {processor.py:186} INFO - Started process (PID=71751) to work on /workspaces/meu-primeiro-etl-airflow/airflow/dags/pipeline_etl_pratica.py
[2026-05-20T15:21:33.227+0000] {processor.py:914} INFO - Processing file /workspaces/meu-primeiro-etl-airflow/airflow/dags/pipeline_etl_pratica.py for tasks to queue
[2026-05-20T15:21:33.230+0000] {logging_mixin.py:190} INFO - [2026-05-20T15:21:33.229+0000] {dagbag.py:588} INFO - Filling up the DagBag from /workspaces/meu-primeiro-etl-airflow/airflow/dags/pipeline_etl_pratica.py
[2026-05-20T15:21:33.780+0000] {processor.py:925} INFO - DAG(s) 'pipeline_etl_pratica' retrieved from /workspaces/meu-primeiro-etl-airflow/airflow/dags/pipeline_etl_pratica.py
[2026-05-20T15:21:33.797+0000] {logging_mixin.py:190} INFO - [2026-05-20T15:21:33.796+0000] {dag.py:3239} INFO - Sync 1 DAGs
[2026-05-20T15:21:33.813+0000] {logging_mixin.py:190} INFO - [2026-05-20T15:21:33.813+0000] {dag.py:4180} INFO - Setting next_dagrun for pipeline_etl_pratica to 2026-05-19 00:00:00+00:00, run_after=2026-05-20 00:00:00+00:00
[2026-05-20T15:21:33.831+0000] {processor.py:208} INFO - Processing /workspaces/meu-primeiro-etl-airflow/airflow/dags/pipeline_etl_pratica.py took 0.610 seconds
[2026-05-20T15:22:28.082+0000] {processor.py:186} INFO - Started process (PID=72554) to work on /workspaces/meu-primeiro-etl-airflow/airflow/dags/pipeline_etl_pratica.py
[2026-05-20T15:22:28.083+0000] {processor.py:914} INFO - Processing file /workspaces/meu-primeiro-etl-airflow/airflow/dags/pipeline_etl_pratica.py for tasks to queue
[2026-05-20T15:22:28.085+0000] {logging_mixin.py:190} INFO - [2026-05-20T15:22:28.084+0000] {dagbag.py:588} INFO - Filling up the DagBag from /workspaces/meu-primeiro-etl-airflow/airflow/dags/pipeline_etl_pratica.py
[2026-05-20T15:22:28.748+0000] {processor.py:925} INFO - DAG(s) 'pipeline_etl_pratica' retrieved from /workspaces/meu-primeiro-etl-airflow/airflow/dags/pipeline_etl_pratica.py
[2026-05-20T15:22:28.763+0000] {logging_mixin.py:190} INFO - [2026-05-20T15:22:28.763+0000] {dag.py:3239} INFO - Sync 1 DAGs
[2026-05-20T15:22:28.778+0000] {logging_mixin.py:190} INFO - [2026-05-20T15:22:28.777+0000] {dag.py:4180} INFO - Setting next_dagrun for pipeline_etl_pratica to 2026-05-19 00:00:00+00:00, run_after=2026-05-20 00:00:00+00:00
[2026-05-20T15:22:28.794+0000] {processor.py:208} INFO - Processing /workspaces/meu-primeiro-etl-airflow/airflow/dags/pipeline_etl_pratica.py took 0.717 seconds
[2026-05-20T15:22:58.991+0000] {processor.py:186} INFO - Started process (PID=72898) to work on /workspaces/meu-primeiro-etl-airflow/airflow/dags/pipeline_etl_pratica.py
[2026-05-20T15:22:58.992+0000] {processor.py:914} INFO - Processing file /workspaces/meu-primeiro-etl-airflow/airflow/dags/pipeline_etl_pratica.py for tasks to queue
[2026-05-20T15:22:58.993+0000] {logging_mixin.py:190} INFO - [2026-05-20T15:22:58.993+0000] {dagbag.py:588} INFO - Filling up the DagBag from /workspaces/meu-primeiro-etl-airflow/airflow/dags/pipeline_etl_pratica.py
[2026-05-20T15:22:59.558+0000] {processor.py:925} INFO - DAG(s) 'pipeline_etl_pratica' retrieved from /workspaces/meu-primeiro-etl-airflow/airflow/dags/pipeline_etl_pratica.py
[2026-05-20T15:22:59.574+0000] {logging_mixin.py:190} INFO - [2026-05-20T15:22:59.573+0000] {dag.py:3239} INFO - Sync 1 DAGs
[2026-05-20T15:22:59.589+0000] {logging_mixin.py:190} INFO - [2026-05-20T15:22:59.589+0000] {dag.py:4180} INFO - Setting next_dagrun for pipeline_etl_pratica to 2026-05-19 00:00:00+00:00, run_after=2026-05-20 00:00:00+00:00
[2026-05-20T15:22:59.607+0000] {processor.py:208} INFO - Processing /workspaces/meu-primeiro-etl-airflow/airflow/dags/pipeline_etl_pratica.py took 0.621 seconds
[2026-05-20T15:23:31.812+0000] {processor.py:186} INFO - Started process (PID=73309) to work on /workspaces/meu-primeiro-etl-airflow/airflow/dags/pipeline_etl_pratica.py
[2026-05-20T15:23:31.813+0000] {processor.py:914} INFO - Processing file /workspaces/meu-primeiro-etl-airflow/airflow/dags/pipeline_etl_pratica.py for tasks to queue
[2026-05-20T15:23:31.816+0000] {logging_mixin.py:190} INFO - [2026-05-20T15:23:31.816+0000] {dagbag.py:588} INFO - Filling up the DagBag from /workspaces/meu-primeiro-etl-airflow/airflow/dags/pipeline_etl_pratica.py
[2026-05-20T15:23:32.248+0000] {processor.py:925} INFO - DAG(s) 'pipeline_etl_pratica' retrieved from /workspaces/meu-primeiro-etl-airflow/airflow/dags/pipeline_etl_pratica.py
[2026-05-20T15:23:32.265+0000] {logging_mixin.py:190} INFO - [2026-05-20T15:23:32.264+0000] {dag.py:3239} INFO - Sync 1 DAGs
[2026-05-20T15:23:32.280+0000] {logging_mixin.py:190} INFO - [2026-05-20T15:23:32.280+0000] {dag.py:4180} INFO - Setting next_dagrun for pipeline_etl_pratica to 2026-05-19 00:00:00+00:00, run_after=2026-05-20 00:00:00+00:00
[2026-05-20T15:23:32.298+0000] {processor.py:208} INFO - Processing /workspaces/meu-primeiro-etl-airflow/airflow/dags/pipeline_etl_pratica.py took 0.491 seconds
[2026-05-20T15:24:03.446+0000] {processor.py:186} INFO - Started process (PID=73533) to work on /workspaces/meu-primeiro-etl-airflow/airflow/dags/pipeline_etl_pratica.py
[2026-05-20T15:24:03.446+0000] {processor.py:914} INFO - Processing file /workspaces/meu-primeiro-etl-airflow/airflow/dags/pipeline_etl_pratica.py for tasks to queue
[2026-05-20T15:24:03.448+0000] {logging_mixin.py:190} INFO - [2026-05-20T15:24:03.448+0000] {dagbag.py:588} INFO - Filling up the DagBag from /workspaces/meu-primeiro-etl-airflow/airflow/dags/pipeline_etl_pratica.py
[2026-05-20T15:24:03.889+0000] {processor.py:925} INFO - DAG(s) 'pipeline_etl_pratica' retrieved from /workspaces/meu-primeiro-etl-airflow/airflow/dags/pipeline_etl_pratica.py
[2026-05-20T15:24:03.904+0000] {logging_mixin.py:190} INFO - [2026-05-20T15:24:03.904+0000] {dag.py:3239} INFO - Sync 1 DAGs
[2026-05-20T15:24:03.921+0000] {logging_mixin.py:190} INFO - [2026-05-20T15:24:03.921+0000] {dag.py:4180} INFO - Setting next_dagrun for pipeline_etl_pratica to 2026-05-19 00:00:00+00:00, run_after=2026-05-20 00:00:00+00:00
[2026-05-20T15:24:03.941+0000] {processor.py:208} INFO - Processing /workspaces/meu-primeiro-etl-airflow/airflow/dags/pipeline_etl_pratica.py took 0.501 seconds
[2026-05-20T15:24:35.176+0000] {processor.py:186} INFO - Started process (PID=73950) to work on /workspaces/meu-primeiro-etl-airflow/airflow/dags/pipeline_etl_pratica.py
[2026-05-20T15:24:35.177+0000] {processor.py:914} INFO - Processing file /workspaces/meu-primeiro-etl-airflow/airflow/dags/pipeline_etl_pratica.py for tasks to queue
[2026-05-20T15:24:35.179+0000] {logging_mixin.py:190} INFO - [2026-05-20T15:24:35.179+0000] {dagbag.py:588} INFO - Filling up the DagBag from /workspaces/meu-primeiro-etl-airflow/airflow/dags/pipeline_etl_pratica.py
[2026-05-20T15:24:35.681+0000] {processor.py:925} INFO - DAG(s) 'pipeline_etl_pratica' retrieved from /workspaces/meu-primeiro-etl-airflow/airflow/dags/pipeline_etl_pratica.py
[2026-05-20T15:24:35.696+0000] {logging_mixin.py:190} INFO - [2026-05-20T15:24:35.695+0000] {dag.py:3239} INFO - Sync 1 DAGs
[2026-05-20T15:24:35.712+0000] {logging_mixin.py:190} INFO - [2026-05-20T15:24:35.712+0000] {dag.py:4180} INFO - Setting next_dagrun for pipeline_etl_pratica to 2026-05-19 00:00:00+00:00, run_after=2026-05-20 00:00:00+00:00
[2026-05-20T15:24:35.729+0000] {processor.py:208} INFO - Processing /workspaces/meu-primeiro-etl-airflow/airflow/dags/pipeline_etl_pratica.py took 0.557 seconds
[2026-05-20T15:25:07.197+0000] {processor.py:186} INFO - Started process (PID=74167) to work on /workspaces/meu-primeiro-etl-airflow/airflow/dags/pipeline_etl_pratica.py
[2026-05-20T15:25:07.198+0000] {processor.py:914} INFO - Processing file /workspaces/meu-primeiro-etl-airflow/airflow/dags/pipeline_etl_pratica.py for tasks to queue
[2026-05-20T15:25:07.200+0000] {logging_mixin.py:190} INFO - [2026-05-20T15:25:07.200+0000] {dagbag.py:588} INFO - Filling up the DagBag from /workspaces/meu-primeiro-etl-airflow/airflow/dags/pipeline_etl_pratica.py
[2026-05-20T15:25:07.672+0000] {processor.py:925} INFO - DAG(s) 'pipeline_etl_pratica' retrieved from /workspaces/meu-primeiro-etl-airflow/airflow/dags/pipeline_etl_pratica.py
[2026-05-20T15:25:07.708+0000] {logging_mixin.py:190} INFO - [2026-05-20T15:25:07.708+0000] {dag.py:3239} INFO - Sync 1 DAGs
[2026-05-20T15:25:07.741+0000] {logging_mixin.py:190} INFO - [2026-05-20T15:25:07.740+0000] {dag.py:4180} INFO - Setting next_dagrun for pipeline_etl_pratica to 2026-05-19 00:00:00+00:00, run_after=2026-05-20 00:00:00+00:00
[2026-05-20T15:25:07.771+0000] {processor.py:208} INFO - Processing /workspaces/meu-primeiro-etl-airflow/airflow/dags/pipeline_etl_pratica.py took 0.582 seconds
[2026-05-20T15:25:38.792+0000] {processor.py:186} INFO - Started process (PID=74449) to work on /workspaces/meu-primeiro-etl-airflow/airflow/dags/pipeline_etl_pratica.py
[2026-05-20T15:25:38.793+0000] {processor.py:914} INFO - Processing file /workspaces/meu-primeiro-etl-airflow/airflow/dags/pipeline_etl_pratica.py for tasks to queue
[2026-05-20T15:25:38.795+0000] {logging_mixin.py:190} INFO - [2026-05-20T15:25:38.795+0000] {dagbag.py:588} INFO - Filling up the DagBag from /workspaces/meu-primeiro-etl-airflow/airflow/dags/pipeline_etl_pratica.py
[2026-05-20T15:25:39.219+0000] {processor.py:925} INFO - DAG(s) 'pipeline_etl_pratica' retrieved from /workspaces/meu-primeiro-etl-airflow/airflow/dags/pipeline_etl_pratica.py
[2026-05-20T15:25:39.238+0000] {logging_mixin.py:190} INFO - [2026-05-20T15:25:39.237+0000] {dag.py:3239} INFO - Sync 1 DAGs
[2026-05-20T15:25:39.262+0000] {logging_mixin.py:190} INFO - [2026-05-20T15:25:39.262+0000] {dag.py:4180} INFO - Setting next_dagrun for pipeline_etl_pratica to 2026-05-19 00:00:00+00:00, run_after=2026-05-20 00:00:00+00:00
[2026-05-20T15:25:39.310+0000] {processor.py:208} INFO - Processing /workspaces/meu-primeiro-etl-airflow/airflow/dags/pipeline_etl_pratica.py took 0.523 seconds
[2026-05-20T15:26:11.869+0000] {processor.py:186} INFO - Started process (PID=74695) to work on /workspaces/meu-primeiro-etl-airflow/airflow/dags/pipeline_etl_pratica.py
[2026-05-20T15:26:11.870+0000] {processor.py:914} INFO - Processing file /workspaces/meu-primeiro-etl-airflow/airflow/dags/pipeline_etl_pratica.py for tasks to queue
[2026-05-20T15:26:11.872+0000] {logging_mixin.py:190} INFO - [2026-05-20T15:26:11.871+0000] {dagbag.py:588} INFO - Filling up the DagBag from /workspaces/meu-primeiro-etl-airflow/airflow/dags/pipeline_etl_pratica.py
[2026-05-20T15:26:12.292+0000] {processor.py:925} INFO - DAG(s) 'pipeline_etl_pratica' retrieved from /workspaces/meu-primeiro-etl-airflow/airflow/dags/pipeline_etl_pratica.py
[2026-05-20T15:26:12.307+0000] {logging_mixin.py:190} INFO - [2026-05-20T15:26:12.307+0000] {dag.py:3239} INFO - Sync 1 DAGs
[2026-05-20T15:26:12.322+0000] {logging_mixin.py:190} INFO - [2026-05-20T15:26:12.321+0000] {dag.py:4180} INFO - Setting next_dagrun for pipeline_etl_pratica to 2026-05-19 00:00:00+00:00, run_after=2026-05-20 00:00:00+00:00
[2026-05-20T15:26:12.342+0000] {processor.py:208} INFO - Processing /workspaces/meu-primeiro-etl-airflow/airflow/dags/pipeline_etl_pratica.py took 0.477 seconds
[2026-05-20T15:26:44.433+0000] {processor.py:186} INFO - Started process (PID=75056) to work on /workspaces/meu-primeiro-etl-airflow/airflow/dags/pipeline_etl_pratica.py
[2026-05-20T15:26:44.434+0000] {processor.py:914} INFO - Processing file /workspaces/meu-primeiro-etl-airflow/airflow/dags/pipeline_etl_pratica.py for tasks to queue
[2026-05-20T15:26:44.437+0000] {logging_mixin.py:190} INFO - [2026-05-20T15:26:44.436+0000] {dagbag.py:588} INFO - Filling up the DagBag from /workspaces/meu-primeiro-etl-airflow/airflow/dags/pipeline_etl_pratica.py
[2026-05-20T15:26:44.876+0000] {processor.py:925} INFO - DAG(s) 'pipeline_etl_pratica' retrieved from /workspaces/meu-primeiro-etl-airflow/airflow/dags/pipeline_etl_pratica.py
[2026-05-20T15:26:44.894+0000] {logging_mixin.py:190} INFO - [2026-05-20T15:26:44.893+0000] {dag.py:3239} INFO - Sync 1 DAGs
[2026-05-20T15:26:44.908+0000] {logging_mixin.py:190} INFO - [2026-05-20T15:26:44.908+0000] {dag.py:4180} INFO - Setting next_dagrun for pipeline_etl_pratica to 2026-05-19 00:00:00+00:00, run_after=2026-05-20 00:00:00+00:00
[2026-05-20T15:26:44.924+0000] {processor.py:208} INFO - Processing /workspaces/meu-primeiro-etl-airflow/airflow/dags/pipeline_etl_pratica.py took 0.497 seconds
[2026-05-20T15:28:11.307+0000] {processor.py:186} INFO - Started process (PID=76353) to work on /workspaces/meu-primeiro-etl-airflow/airflow/dags/pipeline_etl_pratica.py
[2026-05-20T15:28:11.307+0000] {processor.py:914} INFO - Processing file /workspaces/meu-primeiro-etl-airflow/airflow/dags/pipeline_etl_pratica.py for tasks to queue
[2026-05-20T15:28:11.309+0000] {logging_mixin.py:190} INFO - [2026-05-20T15:28:11.309+0000] {dagbag.py:588} INFO - Filling up the DagBag from /workspaces/meu-primeiro-etl-airflow/airflow/dags/pipeline_etl_pratica.py
[2026-05-20T15:28:11.751+0000] {processor.py:925} INFO - DAG(s) 'pipeline_etl_pratica' retrieved from /workspaces/meu-primeiro-etl-airflow/airflow/dags/pipeline_etl_pratica.py
[2026-05-20T15:28:11.766+0000] {logging_mixin.py:190} INFO - [2026-05-20T15:28:11.765+0000] {dag.py:3239} INFO - Sync 1 DAGs
[2026-05-20T15:28:11.780+0000] {logging_mixin.py:190} INFO - [2026-05-20T15:28:11.779+0000] {dag.py:4180} INFO - Setting next_dagrun for pipeline_etl_pratica to 2026-05-19 00:00:00+00:00, run_after=2026-05-20 00:00:00+00:00
[2026-05-20T15:28:11.796+0000] {processor.py:208} INFO - Processing /workspaces/meu-primeiro-etl-airflow/airflow/dags/pipeline_etl_pratica.py took 0.494 seconds
[2026-05-20T15:29:25.302+0000] {processor.py:186} INFO - Started process (PID=78209) to work on /workspaces/meu-primeiro-etl-airflow/airflow/dags/pipeline_etl_pratica.py
[2026-05-20T15:29:25.304+0000] {processor.py:914} INFO - Processing file /workspaces/meu-primeiro-etl-airflow/airflow/dags/pipeline_etl_pratica.py for tasks to queue
[2026-05-20T15:29:25.305+0000] {logging_mixin.py:190} INFO - [2026-05-20T15:29:25.305+0000] {dagbag.py:588} INFO - Filling up the DagBag from /workspaces/meu-primeiro-etl-airflow/airflow/dags/pipeline_etl_pratica.py
[2026-05-20T15:29:25.728+0000] {processor.py:925} INFO - DAG(s) 'pipeline_etl_pratica' retrieved from /workspaces/meu-primeiro-etl-airflow/airflow/dags/pipeline_etl_pratica.py
[2026-05-20T15:29:25.747+0000] {logging_mixin.py:190} INFO - [2026-05-20T15:29:25.747+0000] {dag.py:3239} INFO - Sync 1 DAGs
[2026-05-20T15:29:25.761+0000] {logging_mixin.py:190} INFO - [2026-05-20T15:29:25.761+0000] {dag.py:4180} INFO - Setting next_dagrun for pipeline_etl_pratica to 2026-05-19 00:00:00+00:00, run_after=2026-05-20 00:00:00+00:00
[2026-05-20T15:29:25.779+0000] {processor.py:208} INFO - Processing /workspaces/meu-primeiro-etl-airflow/airflow/dags/pipeline_etl_pratica.py took 0.481 seconds
[2026-05-20T15:29:57.011+0000] {processor.py:186} INFO - Started process (PID=78528) to work on /workspaces/meu-primeiro-etl-airflow/airflow/dags/pipeline_etl_pratica.py
[2026-05-20T15:29:57.011+0000] {processor.py:914} INFO - Processing file /workspaces/meu-primeiro-etl-airflow/airflow/dags/pipeline_etl_pratica.py for tasks to queue
[2026-05-20T15:29:57.015+0000] {logging_mixin.py:190} INFO - [2026-05-20T15:29:57.014+0000] {dagbag.py:588} INFO - Filling up the DagBag from /workspaces/meu-primeiro-etl-airflow/airflow/dags/pipeline_etl_pratica.py
[2026-05-20T15:29:57.459+0000] {processor.py:925} INFO - DAG(s) 'pipeline_etl_pratica' retrieved from /workspaces/meu-primeiro-etl-airflow/airflow/dags/pipeline_etl_pratica.py
[2026-05-20T15:29:57.474+0000] {logging_mixin.py:190} INFO - [2026-05-20T15:29:57.474+0000] {dag.py:3239} INFO - Sync 1 DAGs
[2026-05-20T15:29:57.493+0000] {logging_mixin.py:190} INFO - [2026-05-20T15:29:57.493+0000] {dag.py:4180} INFO - Setting next_dagrun for pipeline_etl_pratica to 2026-05-19 00:00:00+00:00, run_after=2026-05-20 00:00:00+00:00
[2026-05-20T15:29:57.510+0000] {processor.py:208} INFO - Processing /workspaces/meu-primeiro-etl-airflow/airflow/dags/pipeline_etl_pratica.py took 0.504 seconds
[2026-05-20T15:30:28.722+0000] {processor.py:186} INFO - Started process (PID=78810) to work on /workspaces/meu-primeiro-etl-airflow/airflow/dags/pipeline_etl_pratica.py
[2026-05-20T15:30:28.723+0000] {processor.py:914} INFO - Processing file /workspaces/meu-primeiro-etl-airflow/airflow/dags/pipeline_etl_pratica.py for tasks to queue
[2026-05-20T15:30:28.724+0000] {logging_mixin.py:190} INFO - [2026-05-20T15:30:28.724+0000] {dagbag.py:588} INFO - Filling up the DagBag from /workspaces/meu-primeiro-etl-airflow/airflow/dags/pipeline_etl_pratica.py
[2026-05-20T15:30:29.157+0000] {processor.py:925} INFO - DAG(s) 'pipeline_etl_pratica' retrieved from /workspaces/meu-primeiro-etl-airflow/airflow/dags/pipeline_etl_pratica.py
[2026-05-20T15:30:29.172+0000] {logging_mixin.py:190} INFO - [2026-05-20T15:30:29.171+0000] {dag.py:3239} INFO - Sync 1 DAGs
[2026-05-20T15:30:29.188+0000] {logging_mixin.py:190} INFO - [2026-05-20T15:30:29.187+0000] {dag.py:4180} INFO - Setting next_dagrun for pipeline_etl_pratica to 2026-05-19 00:00:00+00:00, run_after=2026-05-20 00:00:00+00:00
[2026-05-20T15:30:29.203+0000] {processor.py:208} INFO - Processing /workspaces/meu-primeiro-etl-airflow/airflow/dags/pipeline_etl_pratica.py took 0.486 seconds
[2026-05-20T15:30:59.456+0000] {processor.py:186} INFO - Started process (PID=79024) to work on /workspaces/meu-primeiro-etl-airflow/airflow/dags/pipeline_etl_pratica.py
[2026-05-20T15:30:59.457+0000] {processor.py:914} INFO - Processing file /workspaces/meu-primeiro-etl-airflow/airflow/dags/pipeline_etl_pratica.py for tasks to queue
[2026-05-20T15:30:59.459+0000] {logging_mixin.py:190} INFO - [2026-05-20T15:30:59.458+0000] {dagbag.py:588} INFO - Filling up the DagBag from /workspaces/meu-primeiro-etl-airflow/airflow/dags/pipeline_etl_pratica.py
[2026-05-20T15:30:59.891+0000] {processor.py:925} INFO - DAG(s) 'pipeline_etl_pratica' retrieved from /workspaces/meu-primeiro-etl-airflow/airflow/dags/pipeline_etl_pratica.py
[2026-05-20T15:30:59.905+0000] {logging_mixin.py:190} INFO - [2026-05-20T15:30:59.905+0000] {dag.py:3239} INFO - Sync 1 DAGs
[2026-05-20T15:30:59.920+0000] {logging_mixin.py:190} INFO - [2026-05-20T15:30:59.920+0000] {dag.py:4180} INFO - Setting next_dagrun for pipeline_etl_pratica to 2026-05-19 00:00:00+00:00, run_after=2026-05-20 00:00:00+00:00
[2026-05-20T15:30:59.937+0000] {processor.py:208} INFO - Processing /workspaces/meu-primeiro-etl-airflow/airflow/dags/pipeline_etl_pratica.py took 0.486 seconds
[2026-05-20T15:31:32.717+0000] {processor.py:186} INFO - Started process (PID=79309) to work on /workspaces/meu-primeiro-etl-airflow/airflow/dags/pipeline_etl_pratica.py
[2026-05-20T15:31:32.718+0000] {processor.py:914} INFO - Processing file /workspaces/meu-primeiro-etl-airflow/airflow/dags/pipeline_etl_pratica.py for tasks to queue
[2026-05-20T15:31:32.721+0000] {logging_mixin.py:190} INFO - [2026-05-20T15:31:32.720+0000] {dagbag.py:588} INFO - Filling up the DagBag from /workspaces/meu-primeiro-etl-airflow/airflow/dags/pipeline_etl_pratica.py
[2026-05-20T15:31:33.206+0000] {processor.py:925} INFO - DAG(s) 'pipeline_etl_pratica' retrieved from /workspaces/meu-primeiro-etl-airflow/airflow/dags/pipeline_etl_pratica.py
[2026-05-20T15:31:33.233+0000] {logging_mixin.py:190} INFO - [2026-05-20T15:31:33.232+0000] {dag.py:3239} INFO - Sync 1 DAGs
[2026-05-20T15:31:33.260+0000] {logging_mixin.py:190} INFO - [2026-05-20T15:31:33.260+0000] {dag.py:4180} INFO - Setting next_dagrun for pipeline_etl_pratica to 2026-05-19 00:00:00+00:00, run_after=2026-05-20 00:00:00+00:00
[2026-05-20T15:31:33.279+0000] {processor.py:208} INFO - Processing /workspaces/meu-primeiro-etl-airflow/airflow/dags/pipeline_etl_pratica.py took 0.570 seconds
[2026-05-20T15:32:04.692+0000] {processor.py:186} INFO - Started process (PID=79618) to work on /workspaces/meu-primeiro-etl-airflow/airflow/dags/pipeline_etl_pratica.py
[2026-05-20T15:32:04.693+0000] {processor.py:914} INFO - Processing file /workspaces/meu-primeiro-etl-airflow/airflow/dags/pipeline_etl_pratica.py for tasks to queue
[2026-05-20T15:32:04.695+0000] {logging_mixin.py:190} INFO - [2026-05-20T15:32:04.694+0000] {dagbag.py:588} INFO - Filling up the DagBag from /workspaces/meu-primeiro-etl-airflow/airflow/dags/pipeline_etl_pratica.py
[2026-05-20T15:32:05.157+0000] {processor.py:925} INFO - DAG(s) 'pipeline_etl_pratica' retrieved from /workspaces/meu-primeiro-etl-airflow/airflow/dags/pipeline_etl_pratica.py
[2026-05-20T15:32:05.193+0000] {logging_mixin.py:190} INFO - [2026-05-20T15:32:05.192+0000] {dag.py:3239} INFO - Sync 1 DAGs
[2026-05-20T15:32:05.213+0000] {logging_mixin.py:190} INFO - [2026-05-20T15:32:05.212+0000] {dag.py:4180} INFO - Setting next_dagrun for pipeline_etl_pratica to 2026-05-19 00:00:00+00:00, run_after=2026-05-20 00:00:00+00:00
[2026-05-20T15:32:05.230+0000] {processor.py:208} INFO - Processing /workspaces/meu-primeiro-etl-airflow/airflow/dags/pipeline_etl_pratica.py took 0.545 seconds
[2026-05-20T15:32:39.195+0000] {processor.py:186} INFO - Started process (PID=79877) to work on /workspaces/meu-primeiro-etl-airflow/airflow/dags/pipeline_etl_pratica.py
[2026-05-20T15:32:39.196+0000] {processor.py:914} INFO - Processing file /workspaces/meu-primeiro-etl-airflow/airflow/dags/pipeline_etl_pratica.py for tasks to queue
[2026-05-20T15:32:39.199+0000] {logging_mixin.py:190} INFO - [2026-05-20T15:32:39.198+0000] {dagbag.py:588} INFO - Filling up the DagBag from /workspaces/meu-primeiro-etl-airflow/airflow/dags/pipeline_etl_pratica.py
[2026-05-20T15:32:39.677+0000] {processor.py:925} INFO - DAG(s) 'pipeline_etl_pratica' retrieved from /workspaces/meu-primeiro-etl-airflow/airflow/dags/pipeline_etl_pratica.py
[2026-05-20T15:32:39.699+0000] {logging_mixin.py:190} INFO - [2026-05-20T15:32:39.698+0000] {dag.py:3239} INFO - Sync 1 DAGs
[2026-05-20T15:32:39.723+0000] {logging_mixin.py:190} INFO - [2026-05-20T15:32:39.723+0000] {dag.py:4180} INFO - Setting next_dagrun for pipeline_etl_pratica to 2026-05-19 00:00:00+00:00, run_after=2026-05-20 00:00:00+00:00
[2026-05-20T15:32:39.750+0000] {processor.py:208} INFO - Processing /workspaces/meu-primeiro-etl-airflow/airflow/dags/pipeline_etl_pratica.py took 0.562 seconds
[2026-05-20T15:33:10.850+0000] {processor.py:186} INFO - Started process (PID=80234) to work on /workspaces/meu-primeiro-etl-airflow/airflow/dags/pipeline_etl_pratica.py
[2026-05-20T15:33:10.853+0000] {processor.py:914} INFO - Processing file /workspaces/meu-primeiro-etl-airflow/airflow/dags/pipeline_etl_pratica.py for tasks to queue
[2026-05-20T15:33:10.857+0000] {logging_mixin.py:190} INFO - [2026-05-20T15:33:10.857+0000] {dagbag.py:588} INFO - Filling up the DagBag from /workspaces/meu-primeiro-etl-airflow/airflow/dags/pipeline_etl_pratica.py
[2026-05-20T15:33:11.311+0000] {processor.py:925} INFO - DAG(s) 'pipeline_etl_pratica' retrieved from /workspaces/meu-primeiro-etl-airflow/airflow/dags/pipeline_etl_pratica.py
[2026-05-20T15:33:11.326+0000] {logging_mixin.py:190} INFO - [2026-05-20T15:33:11.325+0000] {dag.py:3239} INFO - Sync 1 DAGs
[2026-05-20T15:33:11.345+0000] {logging_mixin.py:190} INFO - [2026-05-20T15:33:11.344+0000] {dag.py:4180} INFO - Setting next_dagrun for pipeline_etl_pratica to 2026-05-19 00:00:00+00:00, run_after=2026-05-20 00:00:00+00:00
[2026-05-20T15:33:11.361+0000] {processor.py:208} INFO - Processing /workspaces/meu-primeiro-etl-airflow/airflow/dags/pipeline_etl_pratica.py took 0.519 seconds
[2026-05-20T15:33:43.367+0000] {processor.py:186} INFO - Started process (PID=80485) to work on /workspaces/meu-primeiro-etl-airflow/airflow/dags/pipeline_etl_pratica.py
[2026-05-20T15:33:43.368+0000] {processor.py:914} INFO - Processing file /workspaces/meu-primeiro-etl-airflow/airflow/dags/pipeline_etl_pratica.py for tasks to queue
[2026-05-20T15:33:43.369+0000] {logging_mixin.py:190} INFO - [2026-05-20T15:33:43.369+0000] {dagbag.py:588} INFO - Filling up the DagBag from /workspaces/meu-primeiro-etl-airflow/airflow/dags/pipeline_etl_pratica.py
[2026-05-20T15:33:43.855+0000] {processor.py:925} INFO - DAG(s) 'pipeline_etl_pratica' retrieved from /workspaces/meu-primeiro-etl-airflow/airflow/dags/pipeline_etl_pratica.py
[2026-05-20T15:33:43.869+0000] {logging_mixin.py:190} INFO - [2026-05-20T15:33:43.869+0000] {dag.py:3239} INFO - Sync 1 DAGs
[2026-05-20T15:33:43.884+0000] {logging_mixin.py:190} INFO - [2026-05-20T15:33:43.884+0000] {dag.py:4180} INFO - Setting next_dagrun for pipeline_etl_pratica to 2026-05-19 00:00:00+00:00, run_after=2026-05-20 00:00:00+00:00
[2026-05-20T15:33:43.901+0000] {processor.py:208} INFO - Processing /workspaces/meu-primeiro-etl-airflow/airflow/dags/pipeline_etl_pratica.py took 0.538 seconds
[2026-05-20T15:34:15.492+0000] {processor.py:186} INFO - Started process (PID=80838) to work on /workspaces/meu-primeiro-etl-airflow/airflow/dags/pipeline_etl_pratica.py
[2026-05-20T15:34:15.493+0000] {processor.py:914} INFO - Processing file /workspaces/meu-primeiro-etl-airflow/airflow/dags/pipeline_etl_pratica.py for tasks to queue
[2026-05-20T15:34:15.495+0000] {logging_mixin.py:190} INFO - [2026-05-20T15:34:15.495+0000] {dagbag.py:588} INFO - Filling up the DagBag from /workspaces/meu-primeiro-etl-airflow/airflow/dags/pipeline_etl_pratica.py
[2026-05-20T15:34:16.005+0000] {processor.py:925} INFO - DAG(s) 'pipeline_etl_pratica' retrieved from /workspaces/meu-primeiro-etl-airflow/airflow/dags/pipeline_etl_pratica.py
[2026-05-20T15:34:16.019+0000] {logging_mixin.py:190} INFO - [2026-05-20T15:34:16.019+0000] {dag.py:3239} INFO - Sync 1 DAGs
[2026-05-20T15:34:16.036+0000] {logging_mixin.py:190} INFO - [2026-05-20T15:34:16.036+0000] {dag.py:4180} INFO - Setting next_dagrun for pipeline_etl_pratica to 2026-05-19 00:00:00+00:00, run_after=2026-05-20 00:00:00+00:00
[2026-05-20T15:34:16.056+0000] {processor.py:208} INFO - Processing /workspaces/meu-primeiro-etl-airflow/airflow/dags/pipeline_etl_pratica.py took 0.569 seconds
[2026-05-20T15:34:47.293+0000] {processor.py:186} INFO - Started process (PID=81063) to work on /workspaces/meu-primeiro-etl-airflow/airflow/dags/pipeline_etl_pratica.py
[2026-05-20T15:34:47.294+0000] {processor.py:914} INFO - Processing file /workspaces/meu-primeiro-etl-airflow/airflow/dags/pipeline_etl_pratica.py for tasks to queue
[2026-05-20T15:34:47.296+0000] {logging_mixin.py:190} INFO - [2026-05-20T15:34:47.295+0000] {dagbag.py:588} INFO - Filling up the DagBag from /workspaces/meu-primeiro-etl-airflow/airflow/dags/pipeline_etl_pratica.py
[2026-05-20T15:34:47.747+0000] {processor.py:925} INFO - DAG(s) 'pipeline_etl_pratica' retrieved from /workspaces/meu-primeiro-etl-airflow/airflow/dags/pipeline_etl_pratica.py
[2026-05-20T15:34:47.770+0000] {logging_mixin.py:190} INFO - [2026-05-20T15:34:47.770+0000] {dag.py:3239} INFO - Sync 1 DAGs
[2026-05-20T15:34:47.792+0000] {logging_mixin.py:190} INFO - [2026-05-20T15:34:47.792+0000] {dag.py:4180} INFO - Setting next_dagrun for pipeline_etl_pratica to 2026-05-19 00:00:00+00:00, run_after=2026-05-20 00:00:00+00:00
[2026-05-20T15:34:47.808+0000] {processor.py:208} INFO - Processing /workspaces/meu-primeiro-etl-airflow/airflow/dags/pipeline_etl_pratica.py took 0.520 seconds
[2026-05-20T15:35:19.089+0000] {processor.py:186} INFO - Started process (PID=81346) to work on /workspaces/meu-primeiro-etl-airflow/airflow/dags/pipeline_etl_pratica.py
[2026-05-20T15:35:19.090+0000] {processor.py:914} INFO - Processing file /workspaces/meu-primeiro-etl-airflow/airflow/dags/pipeline_etl_pratica.py for tasks to queue
[2026-05-20T15:35:19.093+0000] {logging_mixin.py:190} INFO - [2026-05-20T15:35:19.093+0000] {dagbag.py:588} INFO - Filling up the DagBag from /workspaces/meu-primeiro-etl-airflow/airflow/dags/pipeline_etl_pratica.py
[2026-05-20T15:35:19.683+0000] {processor.py:925} INFO - DAG(s) 'pipeline_etl_pratica' retrieved from /workspaces/meu-primeiro-etl-airflow/airflow/dags/pipeline_etl_pratica.py
[2026-05-20T15:35:19.703+0000] {logging_mixin.py:190} INFO - [2026-05-20T15:35:19.702+0000] {dag.py:3239} INFO - Sync 1 DAGs
[2026-05-20T15:35:19.718+0000] {logging_mixin.py:190} INFO - [2026-05-20T15:35:19.718+0000] {dag.py:4180} INFO - Setting next_dagrun for pipeline_etl_pratica to 2026-05-19 00:00:00+00:00, run_after=2026-05-20 00:00:00+00:00
[2026-05-20T15:35:19.736+0000] {processor.py:208} INFO - Processing /workspaces/meu-primeiro-etl-airflow/airflow/dags/pipeline_etl_pratica.py took 0.655 seconds
[2026-05-20T15:36:09.937+0000] {processor.py:186} INFO - Started process (PID=81979) to work on /workspaces/meu-primeiro-etl-airflow/airflow/dags/pipeline_etl_pratica.py
[2026-05-20T15:36:09.938+0000] {processor.py:914} INFO - Processing file /workspaces/meu-primeiro-etl-airflow/airflow/dags/pipeline_etl_pratica.py for tasks to queue
[2026-05-20T15:36:09.940+0000] {logging_mixin.py:190} INFO - [2026-05-20T15:36:09.940+0000] {dagbag.py:588} INFO - Filling up the DagBag from /workspaces/meu-primeiro-etl-airflow/airflow/dags/pipeline_etl_pratica.py
[2026-05-20T15:36:10.500+0000] {processor.py:925} INFO - DAG(s) 'pipeline_etl_pratica' retrieved from /workspaces/meu-primeiro-etl-airflow/airflow/dags/pipeline_etl_pratica.py
[2026-05-20T15:36:10.515+0000] {logging_mixin.py:190} INFO - [2026-05-20T15:36:10.514+0000] {dag.py:3239} INFO - Sync 1 DAGs
[2026-05-20T15:36:10.532+0000] {logging_mixin.py:190} INFO - [2026-05-20T15:36:10.531+0000] {dag.py:4180} INFO - Setting next_dagrun for pipeline_etl_pratica to 2026-05-19 00:00:00+00:00, run_after=2026-05-20 00:00:00+00:00
[2026-05-20T15:36:10.552+0000] {processor.py:208} INFO - Processing /workspaces/meu-primeiro-etl-airflow/airflow/dags/pipeline_etl_pratica.py took 0.621 seconds
[2026-05-20T15:36:41.150+0000] {processor.py:186} INFO - Started process (PID=82421) to work on /workspaces/meu-primeiro-etl-airflow/airflow/dags/pipeline_etl_pratica.py
[2026-05-20T15:36:41.151+0000] {processor.py:914} INFO - Processing file /workspaces/meu-primeiro-etl-airflow/airflow/dags/pipeline_etl_pratica.py for tasks to queue
[2026-05-20T15:36:41.153+0000] {logging_mixin.py:190} INFO - [2026-05-20T15:36:41.152+0000] {dagbag.py:588} INFO - Filling up the DagBag from /workspaces/meu-primeiro-etl-airflow/airflow/dags/pipeline_etl_pratica.py
[2026-05-20T15:36:41.725+0000] {processor.py:925} INFO - DAG(s) 'pipeline_etl_pratica' retrieved from /workspaces/meu-primeiro-etl-airflow/airflow/dags/pipeline_etl_pratica.py
[2026-05-20T15:36:41.745+0000] {logging_mixin.py:190} INFO - [2026-05-20T15:36:41.744+0000] {dag.py:3239} INFO - Sync 1 DAGs
[2026-05-20T15:36:41.763+0000] {logging_mixin.py:190} INFO - [2026-05-20T15:36:41.763+0000] {dag.py:4180} INFO - Setting next_dagrun for pipeline_etl_pratica to 2026-05-19 00:00:00+00:00, run_after=2026-05-20 00:00:00+00:00
[2026-05-20T15:36:41.780+0000] {processor.py:208} INFO - Processing /workspaces/meu-primeiro-etl-airflow/airflow/dags/pipeline_etl_pratica.py took 0.634 seconds
[2026-05-20T15:37:13.823+0000] {processor.py:186} INFO - Started process (PID=82920) to work on /workspaces/meu-primeiro-etl-airflow/airflow/dags/pipeline_etl_pratica.py
[2026-05-20T15:37:13.823+0000] {processor.py:914} INFO - Processing file /workspaces/meu-primeiro-etl-airflow/airflow/dags/pipeline_etl_pratica.py for tasks to queue
[2026-05-20T15:37:13.828+0000] {logging_mixin.py:190} INFO - [2026-05-20T15:37:13.827+0000] {dagbag.py:588} INFO - Filling up the DagBag from /workspaces/meu-primeiro-etl-airflow/airflow/dags/pipeline_etl_pratica.py
[2026-05-20T15:37:14.255+0000] {processor.py:925} INFO - DAG(s) 'pipeline_etl_pratica' retrieved from /workspaces/meu-primeiro-etl-airflow/airflow/dags/pipeline_etl_pratica.py
[2026-05-20T15:37:14.269+0000] {logging_mixin.py:190} INFO - [2026-05-20T15:37:14.269+0000] {dag.py:3239} INFO - Sync 1 DAGs
[2026-05-20T15:37:14.284+0000] {logging_mixin.py:190} INFO - [2026-05-20T15:37:14.284+0000] {dag.py:4180} INFO - Setting next_dagrun for pipeline_etl_pratica to 2026-05-19 00:00:00+00:00, run_after=2026-05-20 00:00:00+00:00
[2026-05-20T15:37:14.302+0000] {processor.py:208} INFO - Processing /workspaces/meu-primeiro-etl-airflow/airflow/dags/pipeline_etl_pratica.py took 0.484 seconds
[2026-05-20T15:37:45.357+0000] {processor.py:186} INFO - Started process (PID=83142) to work on /workspaces/meu-primeiro-etl-airflow/airflow/dags/pipeline_etl_pratica.py
[2026-05-20T15:37:45.359+0000] {processor.py:914} INFO - Processing file /workspaces/meu-primeiro-etl-airflow/airflow/dags/pipeline_etl_pratica.py for tasks to queue
[2026-05-20T15:37:45.361+0000] {logging_mixin.py:190} INFO - [2026-05-20T15:37:45.360+0000] {dagbag.py:588} INFO - Filling up the DagBag from /workspaces/meu-primeiro-etl-airflow/airflow/dags/pipeline_etl_pratica.py
[2026-05-20T15:37:45.799+0000] {processor.py:925} INFO - DAG(s) 'pipeline_etl_pratica' retrieved from /workspaces/meu-primeiro-etl-airflow/airflow/dags/pipeline_etl_pratica.py
[2026-05-20T15:37:45.814+0000] {logging_mixin.py:190} INFO - [2026-05-20T15:37:45.813+0000] {dag.py:3239} INFO - Sync 1 DAGs
[2026-05-20T15:37:45.832+0000] {logging_mixin.py:190} INFO - [2026-05-20T15:37:45.832+0000] {dag.py:4180} INFO - Setting next_dagrun for pipeline_etl_pratica to 2026-05-19 00:00:00+00:00, run_after=2026-05-20 00:00:00+00:00
[2026-05-20T15:37:45.852+0000] {processor.py:208} INFO - Processing /workspaces/meu-primeiro-etl-airflow/airflow/dags/pipeline_etl_pratica.py took 0.499 seconds
[2026-05-20T15:38:16.927+0000] {processor.py:186} INFO - Started process (PID=83423) to work on /workspaces/meu-primeiro-etl-airflow/airflow/dags/pipeline_etl_pratica.py
[2026-05-20T15:38:16.928+0000] {processor.py:914} INFO - Processing file /workspaces/meu-primeiro-etl-airflow/airflow/dags/pipeline_etl_pratica.py for tasks to queue
[2026-05-20T15:38:16.931+0000] {logging_mixin.py:190} INFO - [2026-05-20T15:38:16.930+0000] {dagbag.py:588} INFO - Filling up the DagBag from /workspaces/meu-primeiro-etl-airflow/airflow/dags/pipeline_etl_pratica.py
[2026-05-20T15:38:17.368+0000] {processor.py:925} INFO - DAG(s) 'pipeline_etl_pratica' retrieved from /workspaces/meu-primeiro-etl-airflow/airflow/dags/pipeline_etl_pratica.py
[2026-05-20T15:38:17.388+0000] {logging_mixin.py:190} INFO - [2026-05-20T15:38:17.388+0000] {dag.py:3239} INFO - Sync 1 DAGs
[2026-05-20T15:38:17.404+0000] {logging_mixin.py:190} INFO - [2026-05-20T15:38:17.404+0000] {dag.py:4180} INFO - Setting next_dagrun for pipeline_etl_pratica to 2026-05-19 00:00:00+00:00, run_after=2026-05-20 00:00:00+00:00
[2026-05-20T15:38:17.419+0000] {processor.py:208} INFO - Processing /workspaces/meu-primeiro-etl-airflow/airflow/dags/pipeline_etl_pratica.py took 0.497 seconds
[2026-05-20T15:38:48.677+0000] {processor.py:186} INFO - Started process (PID=83650) to work on /workspaces/meu-primeiro-etl-airflow/airflow/dags/pipeline_etl_pratica.py
[2026-05-20T15:38:48.678+0000] {processor.py:914} INFO - Processing file /workspaces/meu-primeiro-etl-airflow/airflow/dags/pipeline_etl_pratica.py for tasks to queue
[2026-05-20T15:38:48.680+0000] {logging_mixin.py:190} INFO - [2026-05-20T15:38:48.679+0000] {dagbag.py:588} INFO - Filling up the DagBag from /workspaces/meu-primeiro-etl-airflow/airflow/dags/pipeline_etl_pratica.py
[2026-05-20T15:38:49.135+0000] {processor.py:925} INFO - DAG(s) 'pipeline_etl_pratica' retrieved from /workspaces/meu-primeiro-etl-airflow/airflow/dags/pipeline_etl_pratica.py
[2026-05-20T15:38:49.153+0000] {logging_mixin.py:190} INFO - [2026-05-20T15:38:49.153+0000] {dag.py:3239} INFO - Sync 1 DAGs
[2026-05-20T15:38:49.169+0000] {logging_mixin.py:190} INFO - [2026-05-20T15:38:49.168+0000] {dag.py:4180} INFO - Setting next_dagrun for pipeline_etl_pratica to 2026-05-19 00:00:00+00:00, run_after=2026-05-20 00:00:00+00:00
[2026-05-20T15:38:49.185+0000] {processor.py:208} INFO - Processing /workspaces/meu-primeiro-etl-airflow/airflow/dags/pipeline_etl_pratica.py took 0.513 seconds
[2026-05-20T15:39:20.254+0000] {processor.py:186} INFO - Started process (PID=83942) to work on /workspaces/meu-primeiro-etl-airflow/airflow/dags/pipeline_etl_pratica.py
[2026-05-20T15:39:20.255+0000] {processor.py:914} INFO - Processing file /workspaces/meu-primeiro-etl-airflow/airflow/dags/pipeline_etl_pratica.py for tasks to queue
[2026-05-20T15:39:20.257+0000] {logging_mixin.py:190} INFO - [2026-05-20T15:39:20.256+0000] {dagbag.py:588} INFO - Filling up the DagBag from /workspaces/meu-primeiro-etl-airflow/airflow/dags/pipeline_etl_pratica.py
[2026-05-20T15:39:20.696+0000] {processor.py:925} INFO - DAG(s) 'pipeline_etl_pratica' retrieved from /workspaces/meu-primeiro-etl-airflow/airflow/dags/pipeline_etl_pratica.py
[2026-05-20T15:39:20.746+0000] {logging_mixin.py:190} INFO - [2026-05-20T15:39:20.743+0000] {dag.py:3239} INFO - Sync 1 DAGs
[2026-05-20T15:39:20.773+0000] {logging_mixin.py:190} INFO - [2026-05-20T15:39:20.773+0000] {dag.py:4180} INFO - Setting next_dagrun for pipeline_etl_pratica to 2026-05-19 00:00:00+00:00, run_after=2026-05-20 00:00:00+00:00
[2026-05-20T15:39:20.808+0000] {processor.py:208} INFO - Processing /workspaces/meu-primeiro-etl-airflow/airflow/dags/pipeline_etl_pratica.py took 0.559 seconds
[2026-05-20T15:39:53.018+0000] {processor.py:186} INFO - Started process (PID=84177) to work on /workspaces/meu-primeiro-etl-airflow/airflow/dags/pipeline_etl_pratica.py
[2026-05-20T15:39:53.018+0000] {processor.py:914} INFO - Processing file /workspaces/meu-primeiro-etl-airflow/airflow/dags/pipeline_etl_pratica.py for tasks to queue
[2026-05-20T15:39:53.020+0000] {logging_mixin.py:190} INFO - [2026-05-20T15:39:53.020+0000] {dagbag.py:588} INFO - Filling up the DagBag from /workspaces/meu-primeiro-etl-airflow/airflow/dags/pipeline_etl_pratica.py
[2026-05-20T15:39:53.464+0000] {processor.py:925} INFO - DAG(s) 'pipeline_etl_pratica' retrieved from /workspaces/meu-primeiro-etl-airflow/airflow/dags/pipeline_etl_pratica.py
[2026-05-20T15:39:53.479+0000] {logging_mixin.py:190} INFO - [2026-05-20T15:39:53.479+0000] {dag.py:3239} INFO - Sync 1 DAGs
[2026-05-20T15:39:53.493+0000] {logging_mixin.py:190} INFO - [2026-05-20T15:39:53.493+0000] {dag.py:4180} INFO - Setting next_dagrun for pipeline_etl_pratica to 2026-05-19 00:00:00+00:00, run_after=2026-05-20 00:00:00+00:00
[2026-05-20T15:39:53.511+0000] {processor.py:208} INFO - Processing /workspaces/meu-primeiro-etl-airflow/airflow/dags/pipeline_etl_pratica.py took 0.498 seconds
[2026-05-20T15:40:24.797+0000] {processor.py:186} INFO - Started process (PID=84521) to work on /workspaces/meu-primeiro-etl-airflow/airflow/dags/pipeline_etl_pratica.py
[2026-05-20T15:40:24.798+0000] {processor.py:914} INFO - Processing file /workspaces/meu-primeiro-etl-airflow/airflow/dags/pipeline_etl_pratica.py for tasks to queue
[2026-05-20T15:40:24.800+0000] {logging_mixin.py:190} INFO - [2026-05-20T15:40:24.799+0000] {dagbag.py:588} INFO - Filling up the DagBag from /workspaces/meu-primeiro-etl-airflow/airflow/dags/pipeline_etl_pratica.py
[2026-05-20T15:40:25.260+0000] {processor.py:925} INFO - DAG(s) 'pipeline_etl_pratica' retrieved from /workspaces/meu-primeiro-etl-airflow/airflow/dags/pipeline_etl_pratica.py
[2026-05-20T15:40:25.274+0000] {logging_mixin.py:190} INFO - [2026-05-20T15:40:25.274+0000] {dag.py:3239} INFO - Sync 1 DAGs
[2026-05-20T15:40:25.289+0000] {logging_mixin.py:190} INFO - [2026-05-20T15:40:25.289+0000] {dag.py:4180} INFO - Setting next_dagrun for pipeline_etl_pratica to 2026-05-19 00:00:00+00:00, run_after=2026-05-20 00:00:00+00:00
[2026-05-20T15:40:25.305+0000] {processor.py:208} INFO - Processing /workspaces/meu-primeiro-etl-airflow/airflow/dags/pipeline_etl_pratica.py took 0.513 seconds
[2026-05-20T15:40:56.503+0000] {processor.py:186} INFO - Started process (PID=84753) to work on /workspaces/meu-primeiro-etl-airflow/airflow/dags/pipeline_etl_pratica.py
[2026-05-20T15:40:56.505+0000] {processor.py:914} INFO - Processing file /workspaces/meu-primeiro-etl-airflow/airflow/dags/pipeline_etl_pratica.py for tasks to queue
[2026-05-20T15:40:56.507+0000] {logging_mixin.py:190} INFO - [2026-05-20T15:40:56.507+0000] {dagbag.py:588} INFO - Filling up the DagBag from /workspaces/meu-primeiro-etl-airflow/airflow/dags/pipeline_etl_pratica.py
[2026-05-20T15:40:56.971+0000] {processor.py:925} INFO - DAG(s) 'pipeline_etl_pratica' retrieved from /workspaces/meu-primeiro-etl-airflow/airflow/dags/pipeline_etl_pratica.py
[2026-05-20T15:40:56.995+0000] {logging_mixin.py:190} INFO - [2026-05-20T15:40:56.995+0000] {dag.py:3239} INFO - Sync 1 DAGs
[2026-05-20T15:40:57.015+0000] {logging_mixin.py:190} INFO - [2026-05-20T15:40:57.015+0000] {dag.py:4180} INFO - Setting next_dagrun for pipeline_etl_pratica to 2026-05-19 00:00:00+00:00, run_after=2026-05-20 00:00:00+00:00
[2026-05-20T15:40:57.034+0000] {processor.py:208} INFO - Processing /workspaces/meu-primeiro-etl-airflow/airflow/dags/pipeline_etl_pratica.py took 0.537 seconds
[2026-05-20T15:41:28.620+0000] {processor.py:186} INFO - Started process (PID=85129) to work on /workspaces/meu-primeiro-etl-airflow/airflow/dags/pipeline_etl_pratica.py
[2026-05-20T15:41:28.621+0000] {processor.py:914} INFO - Processing file /workspaces/meu-primeiro-etl-airflow/airflow/dags/pipeline_etl_pratica.py for tasks to queue
[2026-05-20T15:41:28.623+0000] {logging_mixin.py:190} INFO - [2026-05-20T15:41:28.623+0000] {dagbag.py:588} INFO - Filling up the DagBag from /workspaces/meu-primeiro-etl-airflow/airflow/dags/pipeline_etl_pratica.py
[2026-05-20T15:41:29.253+0000] {processor.py:925} INFO - DAG(s) 'pipeline_etl_pratica' retrieved from /workspaces/meu-primeiro-etl-airflow/airflow/dags/pipeline_etl_pratica.py
[2026-05-20T15:41:29.267+0000] {logging_mixin.py:190} INFO - [2026-05-20T15:41:29.267+0000] {dag.py:3239} INFO - Sync 1 DAGs
[2026-05-20T15:41:29.282+0000] {logging_mixin.py:190} INFO - [2026-05-20T15:41:29.282+0000] {dag.py:4180} INFO - Setting next_dagrun for pipeline_etl_pratica to 2026-05-19 00:00:00+00:00, run_after=2026-05-20 00:00:00+00:00
[2026-05-20T15:41:29.300+0000] {processor.py:208} INFO - Processing /workspaces/meu-primeiro-etl-airflow/airflow/dags/pipeline_etl_pratica.py took 0.684 seconds
[2026-05-20T15:42:00.863+0000] {processor.py:186} INFO - Started process (PID=85483) to work on /workspaces/meu-primeiro-etl-airflow/airflow/dags/pipeline_etl_pratica.py
[2026-05-20T15:42:00.864+0000] {processor.py:914} INFO - Processing file /workspaces/meu-primeiro-etl-airflow/airflow/dags/pipeline_etl_pratica.py for tasks to queue
[2026-05-20T15:42:00.865+0000] {logging_mixin.py:190} INFO - [2026-05-20T15:42:00.865+0000] {dagbag.py:588} INFO - Filling up the DagBag from /workspaces/meu-primeiro-etl-airflow/airflow/dags/pipeline_etl_pratica.py
[2026-05-20T15:42:01.317+0000] {processor.py:925} INFO - DAG(s) 'pipeline_etl_pratica' retrieved from /workspaces/meu-primeiro-etl-airflow/airflow/dags/pipeline_etl_pratica.py
[2026-05-20T15:42:01.334+0000] {logging_mixin.py:190} INFO - [2026-05-20T15:42:01.333+0000] {dag.py:3239} INFO - Sync 1 DAGs
[2026-05-20T15:42:01.353+0000] {logging_mixin.py:190} INFO - [2026-05-20T15:42:01.352+0000] {dag.py:4180} INFO - Setting next_dagrun for pipeline_etl_pratica to 2026-05-19 00:00:00+00:00, run_after=2026-05-20 00:00:00+00:00
[2026-05-20T15:42:01.369+0000] {processor.py:208} INFO - Processing /workspaces/meu-primeiro-etl-airflow/airflow/dags/pipeline_etl_pratica.py took 0.510 seconds
[2026-05-20T15:42:32.654+0000] {processor.py:186} INFO - Started process (PID=85758) to work on /workspaces/meu-primeiro-etl-airflow/airflow/dags/pipeline_etl_pratica.py
[2026-05-20T15:42:32.655+0000] {processor.py:914} INFO - Processing file /workspaces/meu-primeiro-etl-airflow/airflow/dags/pipeline_etl_pratica.py for tasks to queue
[2026-05-20T15:42:32.657+0000] {logging_mixin.py:190} INFO - [2026-05-20T15:42:32.656+0000] {dagbag.py:588} INFO - Filling up the DagBag from /workspaces/meu-primeiro-etl-airflow/airflow/dags/pipeline_etl_pratica.py
[2026-05-20T15:42:33.171+0000] {processor.py:925} INFO - DAG(s) 'pipeline_etl_pratica' retrieved from /workspaces/meu-primeiro-etl-airflow/airflow/dags/pipeline_etl_pratica.py
[2026-05-20T15:42:33.186+0000] {logging_mixin.py:190} INFO - [2026-05-20T15:42:33.185+0000] {dag.py:3239} INFO - Sync 1 DAGs
[2026-05-20T15:42:33.202+0000] {logging_mixin.py:190} INFO - [2026-05-20T15:42:33.202+0000] {dag.py:4180} INFO - Setting next_dagrun for pipeline_etl_pratica to 2026-05-19 00:00:00+00:00, run_after=2026-05-20 00:00:00+00:00
[2026-05-20T15:42:33.218+0000] {processor.py:208} INFO - Processing /workspaces/meu-primeiro-etl-airflow/airflow/dags/pipeline_etl_pratica.py took 0.568 seconds
[2026-05-20T15:43:04.858+0000] {processor.py:186} INFO - Started process (PID=86045) to work on /workspaces/meu-primeiro-etl-airflow/airflow/dags/pipeline_etl_pratica.py
[2026-05-20T15:43:04.859+0000] {processor.py:914} INFO - Processing file /workspaces/meu-primeiro-etl-airflow/airflow/dags/pipeline_etl_pratica.py for tasks to queue
[2026-05-20T15:43:04.861+0000] {logging_mixin.py:190} INFO - [2026-05-20T15:43:04.861+0000] {dagbag.py:588} INFO - Filling up the DagBag from /workspaces/meu-primeiro-etl-airflow/airflow/dags/pipeline_etl_pratica.py
[2026-05-20T15:43:05.290+0000] {processor.py:925} INFO - DAG(s) 'pipeline_etl_pratica' retrieved from /workspaces/meu-primeiro-etl-airflow/airflow/dags/pipeline_etl_pratica.py
[2026-05-20T15:43:05.304+0000] {logging_mixin.py:190} INFO - [2026-05-20T15:43:05.303+0000] {dag.py:3239} INFO - Sync 1 DAGs
[2026-05-20T15:43:05.319+0000] {logging_mixin.py:190} INFO - [2026-05-20T15:43:05.319+0000] {dag.py:4180} INFO - Setting next_dagrun for pipeline_etl_pratica to 2026-05-19 00:00:00+00:00, run_after=2026-05-20 00:00:00+00:00
[2026-05-20T15:43:05.336+0000] {processor.py:208} INFO - Processing /workspaces/meu-primeiro-etl-airflow/airflow/dags/pipeline_etl_pratica.py took 0.483 seconds
[2026-05-20T15:43:36.535+0000] {processor.py:186} INFO - Started process (PID=86271) to work on /workspaces/meu-primeiro-etl-airflow/airflow/dags/pipeline_etl_pratica.py
[2026-05-20T15:43:36.536+0000] {processor.py:914} INFO - Processing file /workspaces/meu-primeiro-etl-airflow/airflow/dags/pipeline_etl_pratica.py for tasks to queue
[2026-05-20T15:43:36.538+0000] {logging_mixin.py:190} INFO - [2026-05-20T15:43:36.538+0000] {dagbag.py:588} INFO - Filling up the DagBag from /workspaces/meu-primeiro-etl-airflow/airflow/dags/pipeline_etl_pratica.py
[2026-05-20T15:43:36.994+0000] {processor.py:925} INFO - DAG(s) 'pipeline_etl_pratica' retrieved from /workspaces/meu-primeiro-etl-airflow/airflow/dags/pipeline_etl_pratica.py
[2026-05-20T15:43:37.009+0000] {logging_mixin.py:190} INFO - [2026-05-20T15:43:37.009+0000] {dag.py:3239} INFO - Sync 1 DAGs
[2026-05-20T15:43:37.024+0000] {logging_mixin.py:190} INFO - [2026-05-20T15:43:37.023+0000] {dag.py:4180} INFO - Setting next_dagrun for pipeline_etl_pratica to 2026-05-19 00:00:00+00:00, run_after=2026-05-20 00:00:00+00:00
[2026-05-20T15:43:37.041+0000] {processor.py:208} INFO - Processing /workspaces/meu-primeiro-etl-airflow/airflow/dags/pipeline_etl_pratica.py took 0.512 seconds
[2026-05-20T15:44:08.295+0000] {processor.py:186} INFO - Started process (PID=86548) to work on /workspaces/meu-primeiro-etl-airflow/airflow/dags/pipeline_etl_pratica.py
[2026-05-20T15:44:08.296+0000] {processor.py:914} INFO - Processing file /workspaces/meu-primeiro-etl-airflow/airflow/dags/pipeline_etl_pratica.py for tasks to queue
[2026-05-20T15:44:08.299+0000] {logging_mixin.py:190} INFO - [2026-05-20T15:44:08.298+0000] {dagbag.py:588} INFO - Filling up the DagBag from /workspaces/meu-primeiro-etl-airflow/airflow/dags/pipeline_etl_pratica.py
[2026-05-20T15:44:08.753+0000] {processor.py:925} INFO - DAG(s) 'pipeline_etl_pratica' retrieved from /workspaces/meu-primeiro-etl-airflow/airflow/dags/pipeline_etl_pratica.py
[2026-05-20T15:44:08.772+0000] {logging_mixin.py:190} INFO - [2026-05-20T15:44:08.771+0000] {dag.py:3239} INFO - Sync 1 DAGs
[2026-05-20T15:44:08.787+0000] {logging_mixin.py:190} INFO - [2026-05-20T15:44:08.787+0000] {dag.py:4180} INFO - Setting next_dagrun for pipeline_etl_pratica to 2026-05-19 00:00:00+00:00, run_after=2026-05-20 00:00:00+00:00
[2026-05-20T15:44:08.803+0000] {processor.py:208} INFO - Processing /workspaces/meu-primeiro-etl-airflow/airflow/dags/pipeline_etl_pratica.py took 0.515 seconds
[2026-05-20T15:44:39.919+0000] {processor.py:186} INFO - Started process (PID=86769) to work on /workspaces/meu-primeiro-etl-airflow/airflow/dags/pipeline_etl_pratica.py
[2026-05-20T15:44:39.920+0000] {processor.py:914} INFO - Processing file /workspaces/meu-primeiro-etl-airflow/airflow/dags/pipeline_etl_pratica.py for tasks to queue
[2026-05-20T15:44:39.922+0000] {logging_mixin.py:190} INFO - [2026-05-20T15:44:39.922+0000] {dagbag.py:588} INFO - Filling up the DagBag from /workspaces/meu-primeiro-etl-airflow/airflow/dags/pipeline_etl_pratica.py
[2026-05-20T15:44:40.346+0000] {processor.py:925} INFO - DAG(s) 'pipeline_etl_pratica' retrieved from /workspaces/meu-primeiro-etl-airflow/airflow/dags/pipeline_etl_pratica.py
[2026-05-20T15:44:40.361+0000] {logging_mixin.py:190} INFO - [2026-05-20T15:44:40.360+0000] {dag.py:3239} INFO - Sync 1 DAGs
[2026-05-20T15:44:40.377+0000] {logging_mixin.py:190} INFO - [2026-05-20T15:44:40.376+0000] {dag.py:4180} INFO - Setting next_dagrun for pipeline_etl_pratica to 2026-05-19 00:00:00+00:00, run_after=2026-05-20 00:00:00+00:00
[2026-05-20T15:44:40.392+0000] {processor.py:208} INFO - Processing /workspaces/meu-primeiro-etl-airflow/airflow/dags/pipeline_etl_pratica.py took 0.479 seconds
