[2026-05-20T14:37:03.026+0000] {processor.py:186} INFO - Started process (PID=37571) to work on /usr/local/python/3.12.1/lib/python3.12/site-packages/airflow/example_dags/plugins/workday.py
[2026-05-20T14:37:03.029+0000] {processor.py:914} INFO - Processing file /usr/local/python/3.12.1/lib/python3.12/site-packages/airflow/example_dags/plugins/workday.py for tasks to queue
[2026-05-20T14:37:03.033+0000] {logging_mixin.py:190} INFO - [2026-05-20T14:37:03.033+0000] {dagbag.py:588} INFO - Filling up the DagBag from /usr/local/python/3.12.1/lib/python3.12/site-packages/airflow/example_dags/plugins/workday.py
[2026-05-20T14:37:03.039+0000] {processor.py:927} WARNING - No viable dags retrieved from /usr/local/python/3.12.1/lib/python3.12/site-packages/airflow/example_dags/plugins/workday.py
[2026-05-20T14:37:03.078+0000] {processor.py:208} INFO - Processing /usr/local/python/3.12.1/lib/python3.12/site-packages/airflow/example_dags/plugins/workday.py took 0.067 seconds
[2026-05-20T14:38:01.442+0000] {processor.py:186} INFO - Started process (PID=38457) to work on /usr/local/python/3.12.1/lib/python3.12/site-packages/airflow/example_dags/plugins/workday.py
[2026-05-20T14:38:01.446+0000] {processor.py:914} INFO - Processing file /usr/local/python/3.12.1/lib/python3.12/site-packages/airflow/example_dags/plugins/workday.py for tasks to queue
[2026-05-20T14:38:01.459+0000] {logging_mixin.py:190} INFO - [2026-05-20T14:38:01.452+0000] {dagbag.py:588} INFO - Filling up the DagBag from /usr/local/python/3.12.1/lib/python3.12/site-packages/airflow/example_dags/plugins/workday.py
[2026-05-20T14:38:01.467+0000] {processor.py:927} WARNING - No viable dags retrieved from /usr/local/python/3.12.1/lib/python3.12/site-packages/airflow/example_dags/plugins/workday.py
[2026-05-20T14:38:01.508+0000] {processor.py:208} INFO - Processing /usr/local/python/3.12.1/lib/python3.12/site-packages/airflow/example_dags/plugins/workday.py took 0.091 seconds
[2026-05-20T14:38:51.040+0000] {processor.py:186} INFO - Started process (PID=39093) to work on /usr/local/python/3.12.1/lib/python3.12/site-packages/airflow/example_dags/plugins/workday.py
[2026-05-20T14:38:51.041+0000] {processor.py:914} INFO - Processing file /usr/local/python/3.12.1/lib/python3.12/site-packages/airflow/example_dags/plugins/workday.py for tasks to queue
[2026-05-20T14:38:51.044+0000] {logging_mixin.py:190} INFO - [2026-05-20T14:38:51.043+0000] {dagbag.py:588} INFO - Filling up the DagBag from /usr/local/python/3.12.1/lib/python3.12/site-packages/airflow/example_dags/plugins/workday.py
[2026-05-20T14:38:51.049+0000] {processor.py:927} WARNING - No viable dags retrieved from /usr/local/python/3.12.1/lib/python3.12/site-packages/airflow/example_dags/plugins/workday.py
[2026-05-20T14:38:51.069+0000] {processor.py:208} INFO - Processing /usr/local/python/3.12.1/lib/python3.12/site-packages/airflow/example_dags/plugins/workday.py took 0.036 seconds
[2026-05-20T14:39:41.768+0000] {processor.py:186} INFO - Started process (PID=39545) to work on /usr/local/python/3.12.1/lib/python3.12/site-packages/airflow/example_dags/plugins/workday.py
[2026-05-20T14:39:41.769+0000] {processor.py:914} INFO - Processing file /usr/local/python/3.12.1/lib/python3.12/site-packages/airflow/example_dags/plugins/workday.py for tasks to queue
[2026-05-20T14:39:41.771+0000] {logging_mixin.py:190} INFO - [2026-05-20T14:39:41.771+0000] {dagbag.py:588} INFO - Filling up the DagBag from /usr/local/python/3.12.1/lib/python3.12/site-packages/airflow/example_dags/plugins/workday.py
[2026-05-20T14:39:41.773+0000] {processor.py:927} WARNING - No viable dags retrieved from /usr/local/python/3.12.1/lib/python3.12/site-packages/airflow/example_dags/plugins/workday.py
[2026-05-20T14:39:41.783+0000] {processor.py:208} INFO - Processing /usr/local/python/3.12.1/lib/python3.12/site-packages/airflow/example_dags/plugins/workday.py took 0.019 seconds
[2026-05-20T14:40:36.028+0000] {processor.py:186} INFO - Started process (PID=40165) to work on /usr/local/python/3.12.1/lib/python3.12/site-packages/airflow/example_dags/plugins/workday.py
[2026-05-20T14:40:36.029+0000] {processor.py:914} INFO - Processing file /usr/local/python/3.12.1/lib/python3.12/site-packages/airflow/example_dags/plugins/workday.py for tasks to queue
[2026-05-20T14:40:36.031+0000] {logging_mixin.py:190} INFO - [2026-05-20T14:40:36.031+0000] {dagbag.py:588} INFO - Filling up the DagBag from /usr/local/python/3.12.1/lib/python3.12/site-packages/airflow/example_dags/plugins/workday.py
[2026-05-20T14:40:36.034+0000] {processor.py:927} WARNING - No viable dags retrieved from /usr/local/python/3.12.1/lib/python3.12/site-packages/airflow/example_dags/plugins/workday.py
[2026-05-20T14:40:36.046+0000] {processor.py:208} INFO - Processing /usr/local/python/3.12.1/lib/python3.12/site-packages/airflow/example_dags/plugins/workday.py took 0.023 seconds
[2026-05-20T14:41:29.907+0000] {processor.py:186} INFO - Started process (PID=41307) to work on /usr/local/python/3.12.1/lib/python3.12/site-packages/airflow/example_dags/plugins/workday.py
[2026-05-20T14:41:29.909+0000] {processor.py:914} INFO - Processing file /usr/local/python/3.12.1/lib/python3.12/site-packages/airflow/example_dags/plugins/workday.py for tasks to queue
[2026-05-20T14:41:29.911+0000] {logging_mixin.py:190} INFO - [2026-05-20T14:41:29.910+0000] {dagbag.py:588} INFO - Filling up the DagBag from /usr/local/python/3.12.1/lib/python3.12/site-packages/airflow/example_dags/plugins/workday.py
[2026-05-20T14:41:29.914+0000] {processor.py:927} WARNING - No viable dags retrieved from /usr/local/python/3.12.1/lib/python3.12/site-packages/airflow/example_dags/plugins/workday.py
[2026-05-20T14:41:29.928+0000] {processor.py:208} INFO - Processing /usr/local/python/3.12.1/lib/python3.12/site-packages/airflow/example_dags/plugins/workday.py took 0.027 seconds
[2026-05-20T14:42:24.143+0000] {processor.py:186} INFO - Started process (PID=42008) to work on /usr/local/python/3.12.1/lib/python3.12/site-packages/airflow/example_dags/plugins/workday.py
[2026-05-20T14:42:24.144+0000] {processor.py:914} INFO - Processing file /usr/local/python/3.12.1/lib/python3.12/site-packages/airflow/example_dags/plugins/workday.py for tasks to queue
[2026-05-20T14:42:24.147+0000] {logging_mixin.py:190} INFO - [2026-05-20T14:42:24.146+0000] {dagbag.py:588} INFO - Filling up the DagBag from /usr/local/python/3.12.1/lib/python3.12/site-packages/airflow/example_dags/plugins/workday.py
[2026-05-20T14:42:24.149+0000] {processor.py:927} WARNING - No viable dags retrieved from /usr/local/python/3.12.1/lib/python3.12/site-packages/airflow/example_dags/plugins/workday.py
[2026-05-20T14:42:24.161+0000] {processor.py:208} INFO - Processing /usr/local/python/3.12.1/lib/python3.12/site-packages/airflow/example_dags/plugins/workday.py took 0.024 seconds
[2026-05-20T14:43:15.160+0000] {processor.py:186} INFO - Started process (PID=42539) to work on /usr/local/python/3.12.1/lib/python3.12/site-packages/airflow/example_dags/plugins/workday.py
[2026-05-20T14:43:15.161+0000] {processor.py:914} INFO - Processing file /usr/local/python/3.12.1/lib/python3.12/site-packages/airflow/example_dags/plugins/workday.py for tasks to queue
[2026-05-20T14:43:15.163+0000] {logging_mixin.py:190} INFO - [2026-05-20T14:43:15.162+0000] {dagbag.py:588} INFO - Filling up the DagBag from /usr/local/python/3.12.1/lib/python3.12/site-packages/airflow/example_dags/plugins/workday.py
[2026-05-20T14:43:15.165+0000] {processor.py:927} WARNING - No viable dags retrieved from /usr/local/python/3.12.1/lib/python3.12/site-packages/airflow/example_dags/plugins/workday.py
[2026-05-20T14:43:15.175+0000] {processor.py:208} INFO - Processing /usr/local/python/3.12.1/lib/python3.12/site-packages/airflow/example_dags/plugins/workday.py took 0.019 seconds
[2026-05-20T14:44:09.342+0000] {processor.py:186} INFO - Started process (PID=43272) to work on /usr/local/python/3.12.1/lib/python3.12/site-packages/airflow/example_dags/plugins/workday.py
[2026-05-20T14:44:09.343+0000] {processor.py:914} INFO - Processing file /usr/local/python/3.12.1/lib/python3.12/site-packages/airflow/example_dags/plugins/workday.py for tasks to queue
[2026-05-20T14:44:09.346+0000] {logging_mixin.py:190} INFO - [2026-05-20T14:44:09.345+0000] {dagbag.py:588} INFO - Filling up the DagBag from /usr/local/python/3.12.1/lib/python3.12/site-packages/airflow/example_dags/plugins/workday.py
[2026-05-20T14:44:09.349+0000] {processor.py:927} WARNING - No viable dags retrieved from /usr/local/python/3.12.1/lib/python3.12/site-packages/airflow/example_dags/plugins/workday.py
[2026-05-20T14:44:09.375+0000] {processor.py:208} INFO - Processing /usr/local/python/3.12.1/lib/python3.12/site-packages/airflow/example_dags/plugins/workday.py took 0.040 seconds
[2026-05-20T14:45:00.981+0000] {processor.py:186} INFO - Started process (PID=43707) to work on /usr/local/python/3.12.1/lib/python3.12/site-packages/airflow/example_dags/plugins/workday.py
[2026-05-20T14:45:00.982+0000] {processor.py:914} INFO - Processing file /usr/local/python/3.12.1/lib/python3.12/site-packages/airflow/example_dags/plugins/workday.py for tasks to queue
[2026-05-20T14:45:00.984+0000] {logging_mixin.py:190} INFO - [2026-05-20T14:45:00.983+0000] {dagbag.py:588} INFO - Filling up the DagBag from /usr/local/python/3.12.1/lib/python3.12/site-packages/airflow/example_dags/plugins/workday.py
[2026-05-20T14:45:00.986+0000] {processor.py:927} WARNING - No viable dags retrieved from /usr/local/python/3.12.1/lib/python3.12/site-packages/airflow/example_dags/plugins/workday.py
[2026-05-20T14:45:00.995+0000] {processor.py:208} INFO - Processing /usr/local/python/3.12.1/lib/python3.12/site-packages/airflow/example_dags/plugins/workday.py took 0.020 seconds
[2026-05-20T14:46:09.935+0000] {processor.py:186} INFO - Started process (PID=45683) to work on /usr/local/python/3.12.1/lib/python3.12/site-packages/airflow/example_dags/plugins/workday.py
[2026-05-20T14:46:09.948+0000] {processor.py:914} INFO - Processing file /usr/local/python/3.12.1/lib/python3.12/site-packages/airflow/example_dags/plugins/workday.py for tasks to queue
[2026-05-20T14:46:09.961+0000] {logging_mixin.py:190} INFO - [2026-05-20T14:46:09.959+0000] {dagbag.py:588} INFO - Filling up the DagBag from /usr/local/python/3.12.1/lib/python3.12/site-packages/airflow/example_dags/plugins/workday.py
[2026-05-20T14:46:09.984+0000] {processor.py:927} WARNING - No viable dags retrieved from /usr/local/python/3.12.1/lib/python3.12/site-packages/airflow/example_dags/plugins/workday.py
[2026-05-20T14:46:10.051+0000] {processor.py:208} INFO - Processing /usr/local/python/3.12.1/lib/python3.12/site-packages/airflow/example_dags/plugins/workday.py took 0.155 seconds
[2026-05-20T14:47:07.389+0000] {processor.py:186} INFO - Started process (PID=46445) to work on /usr/local/python/3.12.1/lib/python3.12/site-packages/airflow/example_dags/plugins/workday.py
[2026-05-20T14:47:07.390+0000] {processor.py:914} INFO - Processing file /usr/local/python/3.12.1/lib/python3.12/site-packages/airflow/example_dags/plugins/workday.py for tasks to queue
[2026-05-20T14:47:07.392+0000] {logging_mixin.py:190} INFO - [2026-05-20T14:47:07.391+0000] {dagbag.py:588} INFO - Filling up the DagBag from /usr/local/python/3.12.1/lib/python3.12/site-packages/airflow/example_dags/plugins/workday.py
[2026-05-20T14:47:07.394+0000] {processor.py:927} WARNING - No viable dags retrieved from /usr/local/python/3.12.1/lib/python3.12/site-packages/airflow/example_dags/plugins/workday.py
[2026-05-20T14:47:07.403+0000] {processor.py:208} INFO - Processing /usr/local/python/3.12.1/lib/python3.12/site-packages/airflow/example_dags/plugins/workday.py took 0.020 seconds
[2026-05-20T14:51:49.076+0000] {processor.py:186} INFO - Started process (PID=49532) to work on /usr/local/python/3.12.1/lib/python3.12/site-packages/airflow/example_dags/plugins/workday.py
[2026-05-20T14:51:49.078+0000] {processor.py:914} INFO - Processing file /usr/local/python/3.12.1/lib/python3.12/site-packages/airflow/example_dags/plugins/workday.py for tasks to queue
[2026-05-20T14:51:49.079+0000] {logging_mixin.py:190} INFO - [2026-05-20T14:51:49.079+0000] {dagbag.py:588} INFO - Filling up the DagBag from /usr/local/python/3.12.1/lib/python3.12/site-packages/airflow/example_dags/plugins/workday.py
[2026-05-20T14:51:49.081+0000] {processor.py:927} WARNING - No viable dags retrieved from /usr/local/python/3.12.1/lib/python3.12/site-packages/airflow/example_dags/plugins/workday.py
[2026-05-20T14:51:49.091+0000] {processor.py:208} INFO - Processing /usr/local/python/3.12.1/lib/python3.12/site-packages/airflow/example_dags/plugins/workday.py took 0.019 seconds
[2026-05-20T14:52:53.849+0000] {processor.py:186} INFO - Started process (PID=50616) to work on /usr/local/python/3.12.1/lib/python3.12/site-packages/airflow/example_dags/plugins/workday.py
[2026-05-20T14:52:53.851+0000] {processor.py:914} INFO - Processing file /usr/local/python/3.12.1/lib/python3.12/site-packages/airflow/example_dags/plugins/workday.py for tasks to queue
[2026-05-20T14:52:53.854+0000] {logging_mixin.py:190} INFO - [2026-05-20T14:52:53.854+0000] {dagbag.py:588} INFO - Filling up the DagBag from /usr/local/python/3.12.1/lib/python3.12/site-packages/airflow/example_dags/plugins/workday.py
[2026-05-20T14:52:53.859+0000] {processor.py:927} WARNING - No viable dags retrieved from /usr/local/python/3.12.1/lib/python3.12/site-packages/airflow/example_dags/plugins/workday.py
[2026-05-20T14:52:53.879+0000] {processor.py:208} INFO - Processing /usr/local/python/3.12.1/lib/python3.12/site-packages/airflow/example_dags/plugins/workday.py took 0.039 seconds
[2026-05-20T14:53:47.355+0000] {processor.py:186} INFO - Started process (PID=51462) to work on /usr/local/python/3.12.1/lib/python3.12/site-packages/airflow/example_dags/plugins/workday.py
[2026-05-20T14:53:47.356+0000] {processor.py:914} INFO - Processing file /usr/local/python/3.12.1/lib/python3.12/site-packages/airflow/example_dags/plugins/workday.py for tasks to queue
[2026-05-20T14:53:47.358+0000] {logging_mixin.py:190} INFO - [2026-05-20T14:53:47.357+0000] {dagbag.py:588} INFO - Filling up the DagBag from /usr/local/python/3.12.1/lib/python3.12/site-packages/airflow/example_dags/plugins/workday.py
[2026-05-20T14:53:47.360+0000] {processor.py:927} WARNING - No viable dags retrieved from /usr/local/python/3.12.1/lib/python3.12/site-packages/airflow/example_dags/plugins/workday.py
[2026-05-20T14:53:47.369+0000] {processor.py:208} INFO - Processing /usr/local/python/3.12.1/lib/python3.12/site-packages/airflow/example_dags/plugins/workday.py took 0.019 seconds
