[2026-05-20T14:36:59.447+0000] {processor.py:186} INFO - Started process (PID=37485) to work on /usr/local/python/3.12.1/lib/python3.12/site-packages/airflow/example_dags/subdags/subdag.py
[2026-05-20T14:36:59.448+0000] {processor.py:914} INFO - Processing file /usr/local/python/3.12.1/lib/python3.12/site-packages/airflow/example_dags/subdags/subdag.py for tasks to queue
[2026-05-20T14:36:59.450+0000] {logging_mixin.py:190} INFO - [2026-05-20T14:36:59.450+0000] {dagbag.py:588} INFO - Filling up the DagBag from /usr/local/python/3.12.1/lib/python3.12/site-packages/airflow/example_dags/subdags/subdag.py
[2026-05-20T14:36:59.453+0000] {processor.py:927} WARNING - No viable dags retrieved from /usr/local/python/3.12.1/lib/python3.12/site-packages/airflow/example_dags/subdags/subdag.py
[2026-05-20T14:36:59.465+0000] {processor.py:208} INFO - Processing /usr/local/python/3.12.1/lib/python3.12/site-packages/airflow/example_dags/subdags/subdag.py took 0.024 seconds
[2026-05-20T14:37:59.262+0000] {processor.py:186} INFO - Started process (PID=38380) to work on /usr/local/python/3.12.1/lib/python3.12/site-packages/airflow/example_dags/subdags/subdag.py
[2026-05-20T14:37:59.264+0000] {processor.py:914} INFO - Processing file /usr/local/python/3.12.1/lib/python3.12/site-packages/airflow/example_dags/subdags/subdag.py for tasks to queue
[2026-05-20T14:37:59.265+0000] {logging_mixin.py:190} INFO - [2026-05-20T14:37:59.265+0000] {dagbag.py:588} INFO - Filling up the DagBag from /usr/local/python/3.12.1/lib/python3.12/site-packages/airflow/example_dags/subdags/subdag.py
[2026-05-20T14:37:59.267+0000] {processor.py:927} WARNING - No viable dags retrieved from /usr/local/python/3.12.1/lib/python3.12/site-packages/airflow/example_dags/subdags/subdag.py
[2026-05-20T14:37:59.277+0000] {processor.py:208} INFO - Processing /usr/local/python/3.12.1/lib/python3.12/site-packages/airflow/example_dags/subdags/subdag.py took 0.020 seconds
[2026-05-20T14:38:48.301+0000] {processor.py:186} INFO - Started process (PID=39012) to work on /usr/local/python/3.12.1/lib/python3.12/site-packages/airflow/example_dags/subdags/subdag.py
[2026-05-20T14:38:48.302+0000] {processor.py:914} INFO - Processing file /usr/local/python/3.12.1/lib/python3.12/site-packages/airflow/example_dags/subdags/subdag.py for tasks to queue
[2026-05-20T14:38:48.303+0000] {logging_mixin.py:190} INFO - [2026-05-20T14:38:48.303+0000] {dagbag.py:588} INFO - Filling up the DagBag from /usr/local/python/3.12.1/lib/python3.12/site-packages/airflow/example_dags/subdags/subdag.py
[2026-05-20T14:38:48.305+0000] {processor.py:927} WARNING - No viable dags retrieved from /usr/local/python/3.12.1/lib/python3.12/site-packages/airflow/example_dags/subdags/subdag.py
[2026-05-20T14:38:48.314+0000] {processor.py:208} INFO - Processing /usr/local/python/3.12.1/lib/python3.12/site-packages/airflow/example_dags/subdags/subdag.py took 0.018 seconds
[2026-05-20T14:39:39.075+0000] {processor.py:186} INFO - Started process (PID=39528) to work on /usr/local/python/3.12.1/lib/python3.12/site-packages/airflow/example_dags/subdags/subdag.py
[2026-05-20T14:39:39.076+0000] {processor.py:914} INFO - Processing file /usr/local/python/3.12.1/lib/python3.12/site-packages/airflow/example_dags/subdags/subdag.py for tasks to queue
[2026-05-20T14:39:39.078+0000] {logging_mixin.py:190} INFO - [2026-05-20T14:39:39.078+0000] {dagbag.py:588} INFO - Filling up the DagBag from /usr/local/python/3.12.1/lib/python3.12/site-packages/airflow/example_dags/subdags/subdag.py
[2026-05-20T14:39:39.080+0000] {processor.py:927} WARNING - No viable dags retrieved from /usr/local/python/3.12.1/lib/python3.12/site-packages/airflow/example_dags/subdags/subdag.py
[2026-05-20T14:39:39.090+0000] {processor.py:208} INFO - Processing /usr/local/python/3.12.1/lib/python3.12/site-packages/airflow/example_dags/subdags/subdag.py took 0.021 seconds
[2026-05-20T14:40:32.602+0000] {processor.py:186} INFO - Started process (PID=40125) to work on /usr/local/python/3.12.1/lib/python3.12/site-packages/airflow/example_dags/subdags/subdag.py
[2026-05-20T14:40:32.603+0000] {processor.py:914} INFO - Processing file /usr/local/python/3.12.1/lib/python3.12/site-packages/airflow/example_dags/subdags/subdag.py for tasks to queue
[2026-05-20T14:40:32.605+0000] {logging_mixin.py:190} INFO - [2026-05-20T14:40:32.604+0000] {dagbag.py:588} INFO - Filling up the DagBag from /usr/local/python/3.12.1/lib/python3.12/site-packages/airflow/example_dags/subdags/subdag.py
[2026-05-20T14:40:32.607+0000] {processor.py:927} WARNING - No viable dags retrieved from /usr/local/python/3.12.1/lib/python3.12/site-packages/airflow/example_dags/subdags/subdag.py
[2026-05-20T14:40:32.617+0000] {processor.py:208} INFO - Processing /usr/local/python/3.12.1/lib/python3.12/site-packages/airflow/example_dags/subdags/subdag.py took 0.020 seconds
[2026-05-20T14:41:27.029+0000] {processor.py:186} INFO - Started process (PID=41286) to work on /usr/local/python/3.12.1/lib/python3.12/site-packages/airflow/example_dags/subdags/subdag.py
[2026-05-20T14:41:27.031+0000] {processor.py:914} INFO - Processing file /usr/local/python/3.12.1/lib/python3.12/site-packages/airflow/example_dags/subdags/subdag.py for tasks to queue
[2026-05-20T14:41:27.033+0000] {logging_mixin.py:190} INFO - [2026-05-20T14:41:27.032+0000] {dagbag.py:588} INFO - Filling up the DagBag from /usr/local/python/3.12.1/lib/python3.12/site-packages/airflow/example_dags/subdags/subdag.py
[2026-05-20T14:41:27.035+0000] {processor.py:927} WARNING - No viable dags retrieved from /usr/local/python/3.12.1/lib/python3.12/site-packages/airflow/example_dags/subdags/subdag.py
[2026-05-20T14:41:27.047+0000] {processor.py:208} INFO - Processing /usr/local/python/3.12.1/lib/python3.12/site-packages/airflow/example_dags/subdags/subdag.py took 0.024 seconds
[2026-05-20T14:42:20.718+0000] {processor.py:186} INFO - Started process (PID=41990) to work on /usr/local/python/3.12.1/lib/python3.12/site-packages/airflow/example_dags/subdags/subdag.py
[2026-05-20T14:42:20.719+0000] {processor.py:914} INFO - Processing file /usr/local/python/3.12.1/lib/python3.12/site-packages/airflow/example_dags/subdags/subdag.py for tasks to queue
[2026-05-20T14:42:20.720+0000] {logging_mixin.py:190} INFO - [2026-05-20T14:42:20.720+0000] {dagbag.py:588} INFO - Filling up the DagBag from /usr/local/python/3.12.1/lib/python3.12/site-packages/airflow/example_dags/subdags/subdag.py
[2026-05-20T14:42:20.722+0000] {processor.py:927} WARNING - No viable dags retrieved from /usr/local/python/3.12.1/lib/python3.12/site-packages/airflow/example_dags/subdags/subdag.py
[2026-05-20T14:42:20.735+0000] {processor.py:208} INFO - Processing /usr/local/python/3.12.1/lib/python3.12/site-packages/airflow/example_dags/subdags/subdag.py took 0.022 seconds
[2026-05-20T14:43:12.055+0000] {processor.py:186} INFO - Started process (PID=42509) to work on /usr/local/python/3.12.1/lib/python3.12/site-packages/airflow/example_dags/subdags/subdag.py
[2026-05-20T14:43:12.055+0000] {processor.py:914} INFO - Processing file /usr/local/python/3.12.1/lib/python3.12/site-packages/airflow/example_dags/subdags/subdag.py for tasks to queue
[2026-05-20T14:43:12.057+0000] {logging_mixin.py:190} INFO - [2026-05-20T14:43:12.057+0000] {dagbag.py:588} INFO - Filling up the DagBag from /usr/local/python/3.12.1/lib/python3.12/site-packages/airflow/example_dags/subdags/subdag.py
[2026-05-20T14:43:12.059+0000] {processor.py:927} WARNING - No viable dags retrieved from /usr/local/python/3.12.1/lib/python3.12/site-packages/airflow/example_dags/subdags/subdag.py
[2026-05-20T14:43:12.070+0000] {processor.py:208} INFO - Processing /usr/local/python/3.12.1/lib/python3.12/site-packages/airflow/example_dags/subdags/subdag.py took 0.020 seconds
[2026-05-20T14:44:06.096+0000] {processor.py:186} INFO - Started process (PID=43248) to work on /usr/local/python/3.12.1/lib/python3.12/site-packages/airflow/example_dags/subdags/subdag.py
[2026-05-20T14:44:06.097+0000] {processor.py:914} INFO - Processing file /usr/local/python/3.12.1/lib/python3.12/site-packages/airflow/example_dags/subdags/subdag.py for tasks to queue
[2026-05-20T14:44:06.099+0000] {logging_mixin.py:190} INFO - [2026-05-20T14:44:06.098+0000] {dagbag.py:588} INFO - Filling up the DagBag from /usr/local/python/3.12.1/lib/python3.12/site-packages/airflow/example_dags/subdags/subdag.py
[2026-05-20T14:44:06.101+0000] {processor.py:927} WARNING - No viable dags retrieved from /usr/local/python/3.12.1/lib/python3.12/site-packages/airflow/example_dags/subdags/subdag.py
[2026-05-20T14:44:06.110+0000] {processor.py:208} INFO - Processing /usr/local/python/3.12.1/lib/python3.12/site-packages/airflow/example_dags/subdags/subdag.py took 0.019 seconds
[2026-05-20T14:44:59.008+0000] {processor.py:186} INFO - Started process (PID=43653) to work on /usr/local/python/3.12.1/lib/python3.12/site-packages/airflow/example_dags/subdags/subdag.py
[2026-05-20T14:44:59.009+0000] {processor.py:914} INFO - Processing file /usr/local/python/3.12.1/lib/python3.12/site-packages/airflow/example_dags/subdags/subdag.py for tasks to queue
[2026-05-20T14:44:59.011+0000] {logging_mixin.py:190} INFO - [2026-05-20T14:44:59.011+0000] {dagbag.py:588} INFO - Filling up the DagBag from /usr/local/python/3.12.1/lib/python3.12/site-packages/airflow/example_dags/subdags/subdag.py
[2026-05-20T14:44:59.013+0000] {processor.py:927} WARNING - No viable dags retrieved from /usr/local/python/3.12.1/lib/python3.12/site-packages/airflow/example_dags/subdags/subdag.py
[2026-05-20T14:44:59.024+0000] {processor.py:208} INFO - Processing /usr/local/python/3.12.1/lib/python3.12/site-packages/airflow/example_dags/subdags/subdag.py took 0.021 seconds
[2026-05-20T14:45:29.803+0000] {processor.py:186} INFO - Started process (PID=44503) to work on /usr/local/python/3.12.1/lib/python3.12/site-packages/airflow/example_dags/subdags/subdag.py
[2026-05-20T14:45:29.845+0000] {processor.py:914} INFO - Processing file /usr/local/python/3.12.1/lib/python3.12/site-packages/airflow/example_dags/subdags/subdag.py for tasks to queue
[2026-05-20T14:45:29.848+0000] {logging_mixin.py:190} INFO - [2026-05-20T14:45:29.848+0000] {dagbag.py:588} INFO - Filling up the DagBag from /usr/local/python/3.12.1/lib/python3.12/site-packages/airflow/example_dags/subdags/subdag.py
[2026-05-20T14:45:29.851+0000] {processor.py:927} WARNING - No viable dags retrieved from /usr/local/python/3.12.1/lib/python3.12/site-packages/airflow/example_dags/subdags/subdag.py
[2026-05-20T14:45:29.861+0000] {processor.py:208} INFO - Processing /usr/local/python/3.12.1/lib/python3.12/site-packages/airflow/example_dags/subdags/subdag.py took 0.064 seconds
[2026-05-20T14:46:06.776+0000] {processor.py:186} INFO - Started process (PID=45663) to work on /usr/local/python/3.12.1/lib/python3.12/site-packages/airflow/example_dags/subdags/subdag.py
[2026-05-20T14:46:06.777+0000] {processor.py:914} INFO - Processing file /usr/local/python/3.12.1/lib/python3.12/site-packages/airflow/example_dags/subdags/subdag.py for tasks to queue
[2026-05-20T14:46:06.779+0000] {logging_mixin.py:190} INFO - [2026-05-20T14:46:06.779+0000] {dagbag.py:588} INFO - Filling up the DagBag from /usr/local/python/3.12.1/lib/python3.12/site-packages/airflow/example_dags/subdags/subdag.py
[2026-05-20T14:46:06.781+0000] {processor.py:927} WARNING - No viable dags retrieved from /usr/local/python/3.12.1/lib/python3.12/site-packages/airflow/example_dags/subdags/subdag.py
[2026-05-20T14:46:06.792+0000] {processor.py:208} INFO - Processing /usr/local/python/3.12.1/lib/python3.12/site-packages/airflow/example_dags/subdags/subdag.py took 0.022 seconds
[2026-05-20T14:46:38.627+0000] {processor.py:186} INFO - Started process (PID=45929) to work on /usr/local/python/3.12.1/lib/python3.12/site-packages/airflow/example_dags/subdags/subdag.py
[2026-05-20T14:46:38.629+0000] {processor.py:914} INFO - Processing file /usr/local/python/3.12.1/lib/python3.12/site-packages/airflow/example_dags/subdags/subdag.py for tasks to queue
[2026-05-20T14:46:38.638+0000] {logging_mixin.py:190} INFO - [2026-05-20T14:46:38.637+0000] {dagbag.py:588} INFO - Filling up the DagBag from /usr/local/python/3.12.1/lib/python3.12/site-packages/airflow/example_dags/subdags/subdag.py
[2026-05-20T14:46:38.644+0000] {processor.py:927} WARNING - No viable dags retrieved from /usr/local/python/3.12.1/lib/python3.12/site-packages/airflow/example_dags/subdags/subdag.py
[2026-05-20T14:46:38.671+0000] {processor.py:208} INFO - Processing /usr/local/python/3.12.1/lib/python3.12/site-packages/airflow/example_dags/subdags/subdag.py took 0.053 seconds
[2026-05-20T14:47:36.737+0000] {processor.py:186} INFO - Started process (PID=46694) to work on /usr/local/python/3.12.1/lib/python3.12/site-packages/airflow/example_dags/subdags/subdag.py
[2026-05-20T14:47:36.741+0000] {processor.py:914} INFO - Processing file /usr/local/python/3.12.1/lib/python3.12/site-packages/airflow/example_dags/subdags/subdag.py for tasks to queue
[2026-05-20T14:47:36.743+0000] {logging_mixin.py:190} INFO - [2026-05-20T14:47:36.743+0000] {dagbag.py:588} INFO - Filling up the DagBag from /usr/local/python/3.12.1/lib/python3.12/site-packages/airflow/example_dags/subdags/subdag.py
[2026-05-20T14:47:36.746+0000] {processor.py:927} WARNING - No viable dags retrieved from /usr/local/python/3.12.1/lib/python3.12/site-packages/airflow/example_dags/subdags/subdag.py
[2026-05-20T14:47:36.763+0000] {processor.py:208} INFO - Processing /usr/local/python/3.12.1/lib/python3.12/site-packages/airflow/example_dags/subdags/subdag.py took 0.036 seconds
[2026-05-20T14:51:45.322+0000] {processor.py:186} INFO - Started process (PID=49454) to work on /usr/local/python/3.12.1/lib/python3.12/site-packages/airflow/example_dags/subdags/subdag.py
[2026-05-20T14:51:45.325+0000] {processor.py:914} INFO - Processing file /usr/local/python/3.12.1/lib/python3.12/site-packages/airflow/example_dags/subdags/subdag.py for tasks to queue
[2026-05-20T14:51:45.327+0000] {logging_mixin.py:190} INFO - [2026-05-20T14:51:45.327+0000] {dagbag.py:588} INFO - Filling up the DagBag from /usr/local/python/3.12.1/lib/python3.12/site-packages/airflow/example_dags/subdags/subdag.py
[2026-05-20T14:51:45.329+0000] {processor.py:927} WARNING - No viable dags retrieved from /usr/local/python/3.12.1/lib/python3.12/site-packages/airflow/example_dags/subdags/subdag.py
[2026-05-20T14:51:45.341+0000] {processor.py:208} INFO - Processing /usr/local/python/3.12.1/lib/python3.12/site-packages/airflow/example_dags/subdags/subdag.py took 0.025 seconds
[2026-05-20T14:52:51.310+0000] {processor.py:186} INFO - Started process (PID=50551) to work on /usr/local/python/3.12.1/lib/python3.12/site-packages/airflow/example_dags/subdags/subdag.py
[2026-05-20T14:52:51.314+0000] {processor.py:914} INFO - Processing file /usr/local/python/3.12.1/lib/python3.12/site-packages/airflow/example_dags/subdags/subdag.py for tasks to queue
[2026-05-20T14:52:51.317+0000] {logging_mixin.py:190} INFO - [2026-05-20T14:52:51.316+0000] {dagbag.py:588} INFO - Filling up the DagBag from /usr/local/python/3.12.1/lib/python3.12/site-packages/airflow/example_dags/subdags/subdag.py
[2026-05-20T14:52:51.324+0000] {processor.py:927} WARNING - No viable dags retrieved from /usr/local/python/3.12.1/lib/python3.12/site-packages/airflow/example_dags/subdags/subdag.py
[2026-05-20T14:52:51.361+0000] {processor.py:208} INFO - Processing /usr/local/python/3.12.1/lib/python3.12/site-packages/airflow/example_dags/subdags/subdag.py took 0.061 seconds
[2026-05-20T14:53:45.251+0000] {processor.py:186} INFO - Started process (PID=51406) to work on /usr/local/python/3.12.1/lib/python3.12/site-packages/airflow/example_dags/subdags/subdag.py
[2026-05-20T14:53:45.252+0000] {processor.py:914} INFO - Processing file /usr/local/python/3.12.1/lib/python3.12/site-packages/airflow/example_dags/subdags/subdag.py for tasks to queue
[2026-05-20T14:53:45.255+0000] {logging_mixin.py:190} INFO - [2026-05-20T14:53:45.255+0000] {dagbag.py:588} INFO - Filling up the DagBag from /usr/local/python/3.12.1/lib/python3.12/site-packages/airflow/example_dags/subdags/subdag.py
[2026-05-20T14:53:45.259+0000] {processor.py:927} WARNING - No viable dags retrieved from /usr/local/python/3.12.1/lib/python3.12/site-packages/airflow/example_dags/subdags/subdag.py
[2026-05-20T14:53:45.273+0000] {processor.py:208} INFO - Processing /usr/local/python/3.12.1/lib/python3.12/site-packages/airflow/example_dags/subdags/subdag.py took 0.049 seconds
