[2026-05-15T17:34:38.709+0000] {local_task_job_runner.py:123} INFO - ::group::Pre task execution logs
[2026-05-15T17:34:38.716+0000] {taskinstance.py:2612} INFO - Dependencies all met for dep_context=non-requeueable deps ti=<TaskInstance: pipeline_etl_pratica.limpeza_arquivos scheduled__2026-05-14T00:00:00+00:00 [queued]>
[2026-05-15T17:34:38.723+0000] {taskinstance.py:2612} INFO - Dependencies all met for dep_context=requeueable deps ti=<TaskInstance: pipeline_etl_pratica.limpeza_arquivos scheduled__2026-05-14T00:00:00+00:00 [queued]>
[2026-05-15T17:34:38.723+0000] {taskinstance.py:2865} INFO - Starting attempt 1 of 3
[2026-05-15T17:34:38.745+0000] {taskinstance.py:2888} INFO - Executing <Task(PythonOperator): limpeza_arquivos> on 2026-05-14 00:00:00+00:00
[2026-05-15T17:34:38.752+0000] {standard_task_runner.py:72} INFO - Started process 75298 to run task
[2026-05-15T17:34:38.756+0000] {standard_task_runner.py:104} INFO - Running: ['airflow', 'tasks', 'run', 'pipeline_etl_pratica', 'limpeza_arquivos', 'scheduled__2026-05-14T00:00:00+00:00', '--job-id', '105', '--raw', '--subdir', 'DAGS_FOLDER/pipeline_etl_pratica.py', '--cfg-path', '/tmp/tmpa1a98057']
[2026-05-15T17:34:38.757+0000] {standard_task_runner.py:105} INFO - Job 105: Subtask limpeza_arquivos
[2026-05-15T17:34:38.797+0000] {task_command.py:467} INFO - Running <TaskInstance: pipeline_etl_pratica.limpeza_arquivos scheduled__2026-05-14T00:00:00+00:00 [running]> on host codespaces-a467f8
[2026-05-15T17:34:38.872+0000] {taskinstance.py:3131} INFO - Exporting env vars: AIRFLOW_CTX_DAG_OWNER='CrisStudy' AIRFLOW_CTX_DAG_ID='pipeline_etl_pratica' AIRFLOW_CTX_TASK_ID='limpeza_arquivos' AIRFLOW_CTX_EXECUTION_DATE='2026-05-14T00:00:00+00:00' AIRFLOW_CTX_TRY_NUMBER='1' AIRFLOW_CTX_DAG_RUN_ID='scheduled__2026-05-14T00:00:00+00:00'
[2026-05-15T17:34:38.874+0000] {logging_mixin.py:190} INFO - Task instance is in running state
[2026-05-15T17:34:38.874+0000] {logging_mixin.py:190} INFO -  Previous state of the Task instance: queued
[2026-05-15T17:34:38.874+0000] {logging_mixin.py:190} INFO - Current task name:limpeza_arquivos state:running start_date:2026-05-15 17:34:38.717230+00:00
[2026-05-15T17:34:38.876+0000] {logging_mixin.py:190} INFO - Dag name:pipeline_etl_pratica and current dag run status:running
[2026-05-15T17:34:38.876+0000] {taskinstance.py:731} INFO - ::endgroup::
[2026-05-15T17:34:38.877+0000] {taskinstance.py:3310} ERROR - Task failed with exception
Traceback (most recent call last):
  File "/usr/local/python/3.12.1/lib/python3.12/site-packages/airflow/models/taskinstance.py", line 767, in _execute_task
    result = _execute_callable(context=context, **execute_callable_kwargs)
             ^^^^^^^^^^^^^^^^^^^^^^^^^^^^^^^^^^^^^^^^^^^^^^^^^^^^^^^^^^^^^
  File "/usr/local/python/3.12.1/lib/python3.12/site-packages/airflow/models/taskinstance.py", line 733, in _execute_callable
    return ExecutionCallableRunner(
           ^^^^^^^^^^^^^^^^^^^^^^^^
  File "/usr/local/python/3.12.1/lib/python3.12/site-packages/airflow/utils/operator_helpers.py", line 252, in run
    return self.func(*args, **kwargs)
           ^^^^^^^^^^^^^^^^^^^^^^^^^^
  File "/usr/local/python/3.12.1/lib/python3.12/site-packages/airflow/models/baseoperator.py", line 406, in wrapper
    return func(self, *args, **kwargs)
           ^^^^^^^^^^^^^^^^^^^^^^^^^^^
  File "/usr/local/python/3.12.1/lib/python3.12/site-packages/airflow/operators/python.py", line 238, in execute
    return_value = self.execute_callable()
                   ^^^^^^^^^^^^^^^^^^^^^^^
  File "/usr/local/python/3.12.1/lib/python3.12/site-packages/airflow/operators/python.py", line 256, in execute_callable
    return runner.run(*self.op_args, **self.op_kwargs)
           ^^^^^^^^^^^^^^^^^^^^^^^^^^^^^^^^^^^^^^^^^^^
  File "/usr/local/python/3.12.1/lib/python3.12/site-packages/airflow/utils/operator_helpers.py", line 252, in run
    return self.func(*args, **kwargs)
           ^^^^^^^^^^^^^^^^^^^^^^^^^^
  File "/workspaces/meu-primeiro-etl-airflow/dags/pipeline_etl_pratica.py", line 66, in <lambda>
    cleanup = PythonOperator(task_id='limpeza_arquivos', python_callable=lambda: os.remove('dados/etl/results/resultado_final.csv'))
                                                                                 ^^^^^^^^^^^^^^^^^^^^^^^^^^^^^^^^^^^^^^^^^^^^^^^^^^
FileNotFoundError: [Errno 2] No such file or directory: 'dados/etl/results/resultado_final.csv'
[2026-05-15T17:34:38.943+0000] {logging_mixin.py:190} INFO - Task instance in failure state
[2026-05-15T17:34:38.952+0000] {logging_mixin.py:190} INFO - Task start:2026-05-15 17:34:38.717230+00:00 end:2026-05-15 17:34:38.942558+00:00 duration:0.225328
[2026-05-15T17:34:38.952+0000] {logging_mixin.py:190} INFO - Task:<Task(PythonOperator): limpeza_arquivos> dag:<DAG: pipeline_etl_pratica> dagrun:<DagRun pipeline_etl_pratica @ 2026-05-14 00:00:00+00:00: scheduled__2026-05-14T00:00:00+00:00, state:running, queued_at: 2026-05-15 17:34:20.647701+00:00. externally triggered: False>
[2026-05-15T17:34:38.953+0000] {logging_mixin.py:190} INFO - Failure caused by [Errno 2] No such file or directory: 'dados/etl/results/resultado_final.csv'
[2026-05-15T17:34:38.953+0000] {taskinstance.py:1225} INFO - Marking task as UP_FOR_RETRY. dag_id=pipeline_etl_pratica, task_id=limpeza_arquivos, run_id=scheduled__2026-05-14T00:00:00+00:00, execution_date=20260514T000000, start_date=20260515T173438, end_date=20260515T173438
[2026-05-15T17:34:39.001+0000] {taskinstance.py:340} INFO - ::group::Post task execution logs
[2026-05-15T17:34:39.002+0000] {standard_task_runner.py:124} ERROR - Failed to execute job 105 for task limpeza_arquivos ([Errno 2] No such file or directory: 'dados/etl/results/resultado_final.csv'; 75298)
Traceback (most recent call last):
  File "/usr/local/python/3.12.1/lib/python3.12/site-packages/airflow/task/task_runner/standard_task_runner.py", line 117, in _start_by_fork
    ret = args.func(args, dag=self.dag)
          ^^^^^^^^^^^^^^^^^^^^^^^^^^^^^
  File "/usr/local/python/3.12.1/lib/python3.12/site-packages/airflow/cli/cli_config.py", line 49, in command
    return func(*args, **kwargs)
           ^^^^^^^^^^^^^^^^^^^^^
  File "/usr/local/python/3.12.1/lib/python3.12/site-packages/airflow/utils/cli.py", line 115, in wrapper
    return f(*args, **kwargs)
           ^^^^^^^^^^^^^^^^^^
  File "/usr/local/python/3.12.1/lib/python3.12/site-packages/airflow/cli/commands/task_command.py", line 483, in task_run
    task_return_code = _run_task_by_selected_method(args, _dag, ti)
                       ^^^^^^^^^^^^^^^^^^^^^^^^^^^^^^^^^^^^^^^^^^^^
  File "/usr/local/python/3.12.1/lib/python3.12/site-packages/airflow/cli/commands/task_command.py", line 256, in _run_task_by_selected_method
    return _run_raw_task(args, ti)
           ^^^^^^^^^^^^^^^^^^^^^^^
  File "/usr/local/python/3.12.1/lib/python3.12/site-packages/airflow/cli/commands/task_command.py", line 341, in _run_raw_task
    return ti._run_raw_task(
           ^^^^^^^^^^^^^^^^^
  File "/usr/local/python/3.12.1/lib/python3.12/site-packages/airflow/utils/session.py", line 97, in wrapper
    return func(*args, session=session, **kwargs)
           ^^^^^^^^^^^^^^^^^^^^^^^^^^^^^^^^^^^^^^
  File "/usr/local/python/3.12.1/lib/python3.12/site-packages/airflow/models/taskinstance.py", line 3004, in _run_raw_task
    return _run_raw_task(
           ^^^^^^^^^^^^^^
  File "/usr/local/python/3.12.1/lib/python3.12/site-packages/airflow/models/taskinstance.py", line 273, in _run_raw_task
    TaskInstance._execute_task_with_callbacks(
  File "/usr/local/python/3.12.1/lib/python3.12/site-packages/airflow/models/taskinstance.py", line 3158, in _execute_task_with_callbacks
    result = self._execute_task(context, task_orig)
             ^^^^^^^^^^^^^^^^^^^^^^^^^^^^^^^^^^^^^^
  File "/usr/local/python/3.12.1/lib/python3.12/site-packages/airflow/models/taskinstance.py", line 3182, in _execute_task
    return _execute_task(self, context, task_orig)
           ^^^^^^^^^^^^^^^^^^^^^^^^^^^^^^^^^^^^^^^
  File "/usr/local/python/3.12.1/lib/python3.12/site-packages/airflow/models/taskinstance.py", line 767, in _execute_task
    result = _execute_callable(context=context, **execute_callable_kwargs)
             ^^^^^^^^^^^^^^^^^^^^^^^^^^^^^^^^^^^^^^^^^^^^^^^^^^^^^^^^^^^^^
  File "/usr/local/python/3.12.1/lib/python3.12/site-packages/airflow/models/taskinstance.py", line 733, in _execute_callable
    return ExecutionCallableRunner(
           ^^^^^^^^^^^^^^^^^^^^^^^^
  File "/usr/local/python/3.12.1/lib/python3.12/site-packages/airflow/utils/operator_helpers.py", line 252, in run
    return self.func(*args, **kwargs)
           ^^^^^^^^^^^^^^^^^^^^^^^^^^
  File "/usr/local/python/3.12.1/lib/python3.12/site-packages/airflow/models/baseoperator.py", line 406, in wrapper
    return func(self, *args, **kwargs)
           ^^^^^^^^^^^^^^^^^^^^^^^^^^^
  File "/usr/local/python/3.12.1/lib/python3.12/site-packages/airflow/operators/python.py", line 238, in execute
    return_value = self.execute_callable()
                   ^^^^^^^^^^^^^^^^^^^^^^^
  File "/usr/local/python/3.12.1/lib/python3.12/site-packages/airflow/operators/python.py", line 256, in execute_callable
    return runner.run(*self.op_args, **self.op_kwargs)
           ^^^^^^^^^^^^^^^^^^^^^^^^^^^^^^^^^^^^^^^^^^^
  File "/usr/local/python/3.12.1/lib/python3.12/site-packages/airflow/utils/operator_helpers.py", line 252, in run
    return self.func(*args, **kwargs)
           ^^^^^^^^^^^^^^^^^^^^^^^^^^
  File "/workspaces/meu-primeiro-etl-airflow/dags/pipeline_etl_pratica.py", line 66, in <lambda>
    cleanup = PythonOperator(task_id='limpeza_arquivos', python_callable=lambda: os.remove('dados/etl/results/resultado_final.csv'))
                                                                                 ^^^^^^^^^^^^^^^^^^^^^^^^^^^^^^^^^^^^^^^^^^^^^^^^^^
FileNotFoundError: [Errno 2] No such file or directory: 'dados/etl/results/resultado_final.csv'
[2026-05-15T17:34:39.049+0000] {local_task_job_runner.py:266} INFO - Task exited with return code 1
[2026-05-15T17:34:39.058+0000] {taskinstance.py:3900} INFO - 0 downstream tasks scheduled from follow-on schedule check
[2026-05-15T17:34:39.059+0000] {local_task_job_runner.py:245} INFO - ::endgroup::
