[2026-05-02T18:34:43.870+0000] {local_task_job_runner.py:123} INFO - ::group::Pre task execution logs
[2026-05-02T18:34:43.877+0000] {taskinstance.py:2612} INFO - Dependencies all met for dep_context=non-requeueable deps ti=<TaskInstance: pipeline_etl_pratica.limpeza_arquivos manual__2026-05-02T18:34:33.281654+00:00 [queued]>
[2026-05-02T18:34:43.881+0000] {taskinstance.py:2612} INFO - Dependencies all met for dep_context=requeueable deps ti=<TaskInstance: pipeline_etl_pratica.limpeza_arquivos manual__2026-05-02T18:34:33.281654+00:00 [queued]>
[2026-05-02T18:34:43.882+0000] {taskinstance.py:2865} INFO - Starting attempt 1 of 3
[2026-05-02T18:34:43.894+0000] {taskinstance.py:2888} INFO - Executing <Task(PythonOperator): limpeza_arquivos> on 2026-05-02 18:34:33.281654+00:00
[2026-05-02T18:34:43.898+0000] {standard_task_runner.py:72} INFO - Started process 110379 to run task
[2026-05-02T18:34:43.901+0000] {standard_task_runner.py:104} INFO - Running: ['airflow', 'tasks', 'run', 'pipeline_etl_pratica', 'limpeza_arquivos', 'manual__2026-05-02T18:34:33.281654+00:00', '--job-id', '98', '--raw', '--subdir', 'DAGS_FOLDER/pipeline_etl_pratica.py', '--cfg-path', '/tmp/tmpxal39ku2']
[2026-05-02T18:34:43.901+0000] {standard_task_runner.py:105} INFO - Job 98: Subtask limpeza_arquivos
[2026-05-02T18:34:43.930+0000] {task_command.py:467} INFO - Running <TaskInstance: pipeline_etl_pratica.limpeza_arquivos manual__2026-05-02T18:34:33.281654+00:00 [running]> on host codespaces-a467f8
[2026-05-02T18:34:44.000+0000] {taskinstance.py:3131} INFO - Exporting env vars: AIRFLOW_CTX_DAG_OWNER='CrisStudy' AIRFLOW_CTX_DAG_ID='pipeline_etl_pratica' AIRFLOW_CTX_TASK_ID='limpeza_arquivos' AIRFLOW_CTX_EXECUTION_DATE='2026-05-02T18:34:33.281654+00:00' AIRFLOW_CTX_TRY_NUMBER='1' AIRFLOW_CTX_DAG_RUN_ID='manual__2026-05-02T18:34:33.281654+00:00'
[2026-05-02T18:34:44.001+0000] {logging_mixin.py:190} INFO - Task instance is in running state
[2026-05-02T18:34:44.002+0000] {logging_mixin.py:190} INFO -  Previous state of the Task instance: queued
[2026-05-02T18:34:44.002+0000] {logging_mixin.py:190} INFO - Current task name:limpeza_arquivos state:running start_date:2026-05-02 18:34:43.877619+00:00
[2026-05-02T18:34:44.002+0000] {logging_mixin.py:190} INFO - Dag name:pipeline_etl_pratica and current dag run status:running
[2026-05-02T18:34:44.002+0000] {taskinstance.py:731} INFO - ::endgroup::
[2026-05-02T18:34:44.003+0000] {python.py:240} INFO - Done. Returned value was: None
[2026-05-02T18:34:44.007+0000] {taskinstance.py:340} INFO - ::group::Post task execution logs
[2026-05-02T18:34:44.008+0000] {taskinstance.py:352} INFO - Marking task as SUCCESS. dag_id=pipeline_etl_pratica, task_id=limpeza_arquivos, run_id=manual__2026-05-02T18:34:33.281654+00:00, execution_date=20260502T183433, start_date=20260502T183443, end_date=20260502T183444
[2026-05-02T18:34:44.060+0000] {logging_mixin.py:190} INFO - Task instance in success state
[2026-05-02T18:34:44.061+0000] {logging_mixin.py:190} INFO -  Previous state of the Task instance: running
[2026-05-02T18:34:44.061+0000] {logging_mixin.py:190} INFO - Dag name:pipeline_etl_pratica queued_at:2026-05-02 18:34:33.292473+00:00
[2026-05-02T18:34:44.061+0000] {logging_mixin.py:190} INFO - Task hostname:codespaces-a467f8 operator:PythonOperator
[2026-05-02T18:34:44.078+0000] {local_task_job_runner.py:266} INFO - Task exited with return code 0
[2026-05-02T18:34:44.136+0000] {taskinstance.py:3900} INFO - 0 downstream tasks scheduled from follow-on schedule check
[2026-05-02T18:34:44.137+0000] {local_task_job_runner.py:245} INFO - ::endgroup::
