[2026-05-20T14:37:57.373+0000] {processor.py:186} INFO - Started process (PID=38370) to work on /usr/local/python/3.12.1/lib/python3.12/site-packages/airflow/example_dags/example_branch_day_of_week_operator.py
[2026-05-20T14:37:57.374+0000] {processor.py:914} INFO - Processing file /usr/local/python/3.12.1/lib/python3.12/site-packages/airflow/example_dags/example_branch_day_of_week_operator.py for tasks to queue
[2026-05-20T14:37:57.376+0000] {logging_mixin.py:190} INFO - [2026-05-20T14:37:57.375+0000] {dagbag.py:588} INFO - Filling up the DagBag from /usr/local/python/3.12.1/lib/python3.12/site-packages/airflow/example_dags/example_branch_day_of_week_operator.py
[2026-05-20T14:37:57.385+0000] {processor.py:925} INFO - DAG(s) 'example_weekday_branch_operator' retrieved from /usr/local/python/3.12.1/lib/python3.12/site-packages/airflow/example_dags/example_branch_day_of_week_operator.py
[2026-05-20T14:37:57.399+0000] {logging_mixin.py:190} INFO - [2026-05-20T14:37:57.399+0000] {dag.py:3239} INFO - Sync 1 DAGs
[2026-05-20T14:37:57.416+0000] {logging_mixin.py:190} INFO - [2026-05-20T14:37:57.415+0000] {dag.py:4180} INFO - Setting next_dagrun for example_weekday_branch_operator to 2026-05-19 00:00:00+00:00, run_after=2026-05-20 00:00:00+00:00
[2026-05-20T14:37:57.435+0000] {processor.py:208} INFO - Processing /usr/local/python/3.12.1/lib/python3.12/site-packages/airflow/example_dags/example_branch_day_of_week_operator.py took 0.066 seconds
[2026-05-20T14:39:11.381+0000] {processor.py:186} INFO - Started process (PID=39305) to work on /usr/local/python/3.12.1/lib/python3.12/site-packages/airflow/example_dags/example_branch_day_of_week_operator.py
[2026-05-20T14:39:11.383+0000] {processor.py:914} INFO - Processing file /usr/local/python/3.12.1/lib/python3.12/site-packages/airflow/example_dags/example_branch_day_of_week_operator.py for tasks to queue
[2026-05-20T14:39:11.385+0000] {logging_mixin.py:190} INFO - [2026-05-20T14:39:11.385+0000] {dagbag.py:588} INFO - Filling up the DagBag from /usr/local/python/3.12.1/lib/python3.12/site-packages/airflow/example_dags/example_branch_day_of_week_operator.py
[2026-05-20T14:39:11.398+0000] {processor.py:925} INFO - DAG(s) 'example_weekday_branch_operator' retrieved from /usr/local/python/3.12.1/lib/python3.12/site-packages/airflow/example_dags/example_branch_day_of_week_operator.py
[2026-05-20T14:39:11.423+0000] {logging_mixin.py:190} INFO - [2026-05-20T14:39:11.422+0000] {dag.py:3239} INFO - Sync 1 DAGs
[2026-05-20T14:39:11.447+0000] {logging_mixin.py:190} INFO - [2026-05-20T14:39:11.447+0000] {dag.py:4180} INFO - Setting next_dagrun for example_weekday_branch_operator to 2026-05-19 00:00:00+00:00, run_after=2026-05-20 00:00:00+00:00
[2026-05-20T14:39:11.473+0000] {processor.py:208} INFO - Processing /usr/local/python/3.12.1/lib/python3.12/site-packages/airflow/example_dags/example_branch_day_of_week_operator.py took 0.097 seconds
[2026-05-20T14:40:31.123+0000] {processor.py:186} INFO - Started process (PID=40056) to work on /usr/local/python/3.12.1/lib/python3.12/site-packages/airflow/example_dags/example_branch_day_of_week_operator.py
[2026-05-20T14:40:31.123+0000] {processor.py:914} INFO - Processing file /usr/local/python/3.12.1/lib/python3.12/site-packages/airflow/example_dags/example_branch_day_of_week_operator.py for tasks to queue
[2026-05-20T14:40:31.125+0000] {logging_mixin.py:190} INFO - [2026-05-20T14:40:31.125+0000] {dagbag.py:588} INFO - Filling up the DagBag from /usr/local/python/3.12.1/lib/python3.12/site-packages/airflow/example_dags/example_branch_day_of_week_operator.py
[2026-05-20T14:40:31.136+0000] {processor.py:925} INFO - DAG(s) 'example_weekday_branch_operator' retrieved from /usr/local/python/3.12.1/lib/python3.12/site-packages/airflow/example_dags/example_branch_day_of_week_operator.py
[2026-05-20T14:40:31.153+0000] {logging_mixin.py:190} INFO - [2026-05-20T14:40:31.152+0000] {dag.py:3239} INFO - Sync 1 DAGs
[2026-05-20T14:40:31.176+0000] {logging_mixin.py:190} INFO - [2026-05-20T14:40:31.176+0000] {dag.py:4180} INFO - Setting next_dagrun for example_weekday_branch_operator to 2026-05-19 00:00:00+00:00, run_after=2026-05-20 00:00:00+00:00
[2026-05-20T14:40:31.200+0000] {processor.py:208} INFO - Processing /usr/local/python/3.12.1/lib/python3.12/site-packages/airflow/example_dags/example_branch_day_of_week_operator.py took 0.082 seconds
[2026-05-20T14:41:52.088+0000] {processor.py:186} INFO - Started process (PID=41628) to work on /usr/local/python/3.12.1/lib/python3.12/site-packages/airflow/example_dags/example_branch_day_of_week_operator.py
[2026-05-20T14:41:52.089+0000] {processor.py:914} INFO - Processing file /usr/local/python/3.12.1/lib/python3.12/site-packages/airflow/example_dags/example_branch_day_of_week_operator.py for tasks to queue
[2026-05-20T14:41:52.091+0000] {logging_mixin.py:190} INFO - [2026-05-20T14:41:52.090+0000] {dagbag.py:588} INFO - Filling up the DagBag from /usr/local/python/3.12.1/lib/python3.12/site-packages/airflow/example_dags/example_branch_day_of_week_operator.py
[2026-05-20T14:41:52.099+0000] {processor.py:925} INFO - DAG(s) 'example_weekday_branch_operator' retrieved from /usr/local/python/3.12.1/lib/python3.12/site-packages/airflow/example_dags/example_branch_day_of_week_operator.py
[2026-05-20T14:41:52.112+0000] {logging_mixin.py:190} INFO - [2026-05-20T14:41:52.112+0000] {dag.py:3239} INFO - Sync 1 DAGs
[2026-05-20T14:41:52.134+0000] {logging_mixin.py:190} INFO - [2026-05-20T14:41:52.131+0000] {dag.py:4180} INFO - Setting next_dagrun for example_weekday_branch_operator to 2026-05-19 00:00:00+00:00, run_after=2026-05-20 00:00:00+00:00
[2026-05-20T14:41:52.179+0000] {processor.py:208} INFO - Processing /usr/local/python/3.12.1/lib/python3.12/site-packages/airflow/example_dags/example_branch_day_of_week_operator.py took 0.096 seconds
[2026-05-20T14:43:10.440+0000] {processor.py:186} INFO - Started process (PID=42495) to work on /usr/local/python/3.12.1/lib/python3.12/site-packages/airflow/example_dags/example_branch_day_of_week_operator.py
[2026-05-20T14:43:10.441+0000] {processor.py:914} INFO - Processing file /usr/local/python/3.12.1/lib/python3.12/site-packages/airflow/example_dags/example_branch_day_of_week_operator.py for tasks to queue
[2026-05-20T14:43:10.443+0000] {logging_mixin.py:190} INFO - [2026-05-20T14:43:10.442+0000] {dagbag.py:588} INFO - Filling up the DagBag from /usr/local/python/3.12.1/lib/python3.12/site-packages/airflow/example_dags/example_branch_day_of_week_operator.py
[2026-05-20T14:43:10.453+0000] {processor.py:925} INFO - DAG(s) 'example_weekday_branch_operator' retrieved from /usr/local/python/3.12.1/lib/python3.12/site-packages/airflow/example_dags/example_branch_day_of_week_operator.py
[2026-05-20T14:43:10.470+0000] {logging_mixin.py:190} INFO - [2026-05-20T14:43:10.470+0000] {dag.py:3239} INFO - Sync 1 DAGs
[2026-05-20T14:43:10.488+0000] {logging_mixin.py:190} INFO - [2026-05-20T14:43:10.488+0000] {dag.py:4180} INFO - Setting next_dagrun for example_weekday_branch_operator to 2026-05-19 00:00:00+00:00, run_after=2026-05-20 00:00:00+00:00
[2026-05-20T14:43:10.505+0000] {processor.py:208} INFO - Processing /usr/local/python/3.12.1/lib/python3.12/site-packages/airflow/example_dags/example_branch_day_of_week_operator.py took 0.070 seconds
[2026-05-20T14:44:31.170+0000] {processor.py:186} INFO - Started process (PID=43453) to work on /usr/local/python/3.12.1/lib/python3.12/site-packages/airflow/example_dags/example_branch_day_of_week_operator.py
[2026-05-20T14:44:31.171+0000] {processor.py:914} INFO - Processing file /usr/local/python/3.12.1/lib/python3.12/site-packages/airflow/example_dags/example_branch_day_of_week_operator.py for tasks to queue
[2026-05-20T14:44:31.173+0000] {logging_mixin.py:190} INFO - [2026-05-20T14:44:31.172+0000] {dagbag.py:588} INFO - Filling up the DagBag from /usr/local/python/3.12.1/lib/python3.12/site-packages/airflow/example_dags/example_branch_day_of_week_operator.py
[2026-05-20T14:44:31.181+0000] {processor.py:925} INFO - DAG(s) 'example_weekday_branch_operator' retrieved from /usr/local/python/3.12.1/lib/python3.12/site-packages/airflow/example_dags/example_branch_day_of_week_operator.py
[2026-05-20T14:44:31.196+0000] {logging_mixin.py:190} INFO - [2026-05-20T14:44:31.195+0000] {dag.py:3239} INFO - Sync 1 DAGs
[2026-05-20T14:44:31.213+0000] {logging_mixin.py:190} INFO - [2026-05-20T14:44:31.213+0000] {dag.py:4180} INFO - Setting next_dagrun for example_weekday_branch_operator to 2026-05-19 00:00:00+00:00, run_after=2026-05-20 00:00:00+00:00
[2026-05-20T14:44:31.231+0000] {processor.py:208} INFO - Processing /usr/local/python/3.12.1/lib/python3.12/site-packages/airflow/example_dags/example_branch_day_of_week_operator.py took 0.068 seconds
[2026-05-20T14:46:05.255+0000] {processor.py:186} INFO - Started process (PID=45588) to work on /usr/local/python/3.12.1/lib/python3.12/site-packages/airflow/example_dags/example_branch_day_of_week_operator.py
[2026-05-20T14:46:05.256+0000] {processor.py:914} INFO - Processing file /usr/local/python/3.12.1/lib/python3.12/site-packages/airflow/example_dags/example_branch_day_of_week_operator.py for tasks to queue
[2026-05-20T14:46:05.258+0000] {logging_mixin.py:190} INFO - [2026-05-20T14:46:05.258+0000] {dagbag.py:588} INFO - Filling up the DagBag from /usr/local/python/3.12.1/lib/python3.12/site-packages/airflow/example_dags/example_branch_day_of_week_operator.py
[2026-05-20T14:46:05.266+0000] {processor.py:925} INFO - DAG(s) 'example_weekday_branch_operator' retrieved from /usr/local/python/3.12.1/lib/python3.12/site-packages/airflow/example_dags/example_branch_day_of_week_operator.py
[2026-05-20T14:46:05.281+0000] {logging_mixin.py:190} INFO - [2026-05-20T14:46:05.281+0000] {dag.py:3239} INFO - Sync 1 DAGs
[2026-05-20T14:46:05.297+0000] {logging_mixin.py:190} INFO - [2026-05-20T14:46:05.297+0000] {dag.py:4180} INFO - Setting next_dagrun for example_weekday_branch_operator to 2026-05-19 00:00:00+00:00, run_after=2026-05-20 00:00:00+00:00
[2026-05-20T14:46:05.314+0000] {processor.py:208} INFO - Processing /usr/local/python/3.12.1/lib/python3.12/site-packages/airflow/example_dags/example_branch_day_of_week_operator.py took 0.065 seconds
[2026-05-20T14:47:04.638+0000] {processor.py:186} INFO - Started process (PID=46367) to work on /usr/local/python/3.12.1/lib/python3.12/site-packages/airflow/example_dags/example_branch_day_of_week_operator.py
[2026-05-20T14:47:04.639+0000] {processor.py:914} INFO - Processing file /usr/local/python/3.12.1/lib/python3.12/site-packages/airflow/example_dags/example_branch_day_of_week_operator.py for tasks to queue
[2026-05-20T14:47:04.641+0000] {logging_mixin.py:190} INFO - [2026-05-20T14:47:04.641+0000] {dagbag.py:588} INFO - Filling up the DagBag from /usr/local/python/3.12.1/lib/python3.12/site-packages/airflow/example_dags/example_branch_day_of_week_operator.py
[2026-05-20T14:47:04.650+0000] {processor.py:925} INFO - DAG(s) 'example_weekday_branch_operator' retrieved from /usr/local/python/3.12.1/lib/python3.12/site-packages/airflow/example_dags/example_branch_day_of_week_operator.py
[2026-05-20T14:47:04.664+0000] {logging_mixin.py:190} INFO - [2026-05-20T14:47:04.664+0000] {dag.py:3239} INFO - Sync 1 DAGs
[2026-05-20T14:47:04.681+0000] {logging_mixin.py:190} INFO - [2026-05-20T14:47:04.681+0000] {dag.py:4180} INFO - Setting next_dagrun for example_weekday_branch_operator to 2026-05-19 00:00:00+00:00, run_after=2026-05-20 00:00:00+00:00
[2026-05-20T14:47:04.702+0000] {processor.py:208} INFO - Processing /usr/local/python/3.12.1/lib/python3.12/site-packages/airflow/example_dags/example_branch_day_of_week_operator.py took 0.074 seconds
[2026-05-20T14:52:48.675+0000] {processor.py:186} INFO - Started process (PID=50497) to work on /usr/local/python/3.12.1/lib/python3.12/site-packages/airflow/example_dags/example_branch_day_of_week_operator.py
[2026-05-20T14:52:48.676+0000] {processor.py:914} INFO - Processing file /usr/local/python/3.12.1/lib/python3.12/site-packages/airflow/example_dags/example_branch_day_of_week_operator.py for tasks to queue
[2026-05-20T14:52:48.679+0000] {logging_mixin.py:190} INFO - [2026-05-20T14:52:48.679+0000] {dagbag.py:588} INFO - Filling up the DagBag from /usr/local/python/3.12.1/lib/python3.12/site-packages/airflow/example_dags/example_branch_day_of_week_operator.py
[2026-05-20T14:52:48.694+0000] {processor.py:925} INFO - DAG(s) 'example_weekday_branch_operator' retrieved from /usr/local/python/3.12.1/lib/python3.12/site-packages/airflow/example_dags/example_branch_day_of_week_operator.py
[2026-05-20T14:52:48.811+0000] {logging_mixin.py:190} INFO - [2026-05-20T14:52:48.810+0000] {dag.py:3239} INFO - Sync 1 DAGs
[2026-05-20T14:52:48.830+0000] {logging_mixin.py:190} INFO - [2026-05-20T14:52:48.829+0000] {dag.py:4180} INFO - Setting next_dagrun for example_weekday_branch_operator to 2026-05-19 00:00:00+00:00, run_after=2026-05-20 00:00:00+00:00
[2026-05-20T14:52:48.851+0000] {processor.py:208} INFO - Processing /usr/local/python/3.12.1/lib/python3.12/site-packages/airflow/example_dags/example_branch_day_of_week_operator.py took 0.182 seconds
[2026-05-20T14:53:44.141+0000] {processor.py:186} INFO - Started process (PID=51388) to work on /usr/local/python/3.12.1/lib/python3.12/site-packages/airflow/example_dags/example_branch_day_of_week_operator.py
[2026-05-20T14:53:44.142+0000] {processor.py:914} INFO - Processing file /usr/local/python/3.12.1/lib/python3.12/site-packages/airflow/example_dags/example_branch_day_of_week_operator.py for tasks to queue
[2026-05-20T14:53:44.144+0000] {logging_mixin.py:190} INFO - [2026-05-20T14:53:44.143+0000] {dagbag.py:588} INFO - Filling up the DagBag from /usr/local/python/3.12.1/lib/python3.12/site-packages/airflow/example_dags/example_branch_day_of_week_operator.py
[2026-05-20T14:53:44.154+0000] {processor.py:925} INFO - DAG(s) 'example_weekday_branch_operator' retrieved from /usr/local/python/3.12.1/lib/python3.12/site-packages/airflow/example_dags/example_branch_day_of_week_operator.py
[2026-05-20T14:53:44.169+0000] {logging_mixin.py:190} INFO - [2026-05-20T14:53:44.169+0000] {dag.py:3239} INFO - Sync 1 DAGs
[2026-05-20T14:53:44.186+0000] {logging_mixin.py:190} INFO - [2026-05-20T14:53:44.186+0000] {dag.py:4180} INFO - Setting next_dagrun for example_weekday_branch_operator to 2026-05-19 00:00:00+00:00, run_after=2026-05-20 00:00:00+00:00
[2026-05-20T14:53:44.205+0000] {processor.py:208} INFO - Processing /usr/local/python/3.12.1/lib/python3.12/site-packages/airflow/example_dags/example_branch_day_of_week_operator.py took 0.070 seconds
