[2026-05-20T14:37:35.416+0000] {processor.py:186} INFO - Started process (PID=38140) to work on /usr/local/python/3.12.1/lib/python3.12/site-packages/airflow/example_dags/example_inlet_event_extra.py
[2026-05-20T14:37:35.418+0000] {processor.py:914} INFO - Processing file /usr/local/python/3.12.1/lib/python3.12/site-packages/airflow/example_dags/example_inlet_event_extra.py for tasks to queue
[2026-05-20T14:37:35.420+0000] {logging_mixin.py:190} INFO - [2026-05-20T14:37:35.420+0000] {dagbag.py:588} INFO - Filling up the DagBag from /usr/local/python/3.12.1/lib/python3.12/site-packages/airflow/example_dags/example_inlet_event_extra.py
[2026-05-20T14:37:35.438+0000] {processor.py:925} INFO - DAG(s) 'read_dataset_event', 'read_dataset_event_from_classic' retrieved from /usr/local/python/3.12.1/lib/python3.12/site-packages/airflow/example_dags/example_inlet_event_extra.py
[2026-05-20T14:37:35.471+0000] {logging_mixin.py:190} INFO - [2026-05-20T14:37:35.471+0000] {dag.py:3239} INFO - Sync 2 DAGs
[2026-05-20T14:37:35.493+0000] {logging_mixin.py:190} INFO - [2026-05-20T14:37:35.493+0000] {dag.py:4180} INFO - Setting next_dagrun for read_dataset_event to 2026-05-19 00:00:00+00:00, run_after=2026-05-20 00:00:00+00:00
[2026-05-20T14:37:35.497+0000] {logging_mixin.py:190} INFO - [2026-05-20T14:37:35.496+0000] {dag.py:4180} INFO - Setting next_dagrun for read_dataset_event_from_classic to 2026-05-19 00:00:00+00:00, run_after=2026-05-20 00:00:00+00:00
[2026-05-20T14:37:35.513+0000] {processor.py:208} INFO - Processing /usr/local/python/3.12.1/lib/python3.12/site-packages/airflow/example_dags/example_inlet_event_extra.py took 0.120 seconds
[2026-05-20T14:38:30.102+0000] {processor.py:186} INFO - Started process (PID=38690) to work on /usr/local/python/3.12.1/lib/python3.12/site-packages/airflow/example_dags/example_inlet_event_extra.py
[2026-05-20T14:38:30.103+0000] {processor.py:914} INFO - Processing file /usr/local/python/3.12.1/lib/python3.12/site-packages/airflow/example_dags/example_inlet_event_extra.py for tasks to queue
[2026-05-20T14:38:30.105+0000] {logging_mixin.py:190} INFO - [2026-05-20T14:38:30.104+0000] {dagbag.py:588} INFO - Filling up the DagBag from /usr/local/python/3.12.1/lib/python3.12/site-packages/airflow/example_dags/example_inlet_event_extra.py
[2026-05-20T14:38:30.115+0000] {processor.py:925} INFO - DAG(s) 'read_dataset_event', 'read_dataset_event_from_classic' retrieved from /usr/local/python/3.12.1/lib/python3.12/site-packages/airflow/example_dags/example_inlet_event_extra.py
[2026-05-20T14:38:30.131+0000] {logging_mixin.py:190} INFO - [2026-05-20T14:38:30.130+0000] {dag.py:3239} INFO - Sync 2 DAGs
[2026-05-20T14:38:30.152+0000] {logging_mixin.py:190} INFO - [2026-05-20T14:38:30.152+0000] {dag.py:4180} INFO - Setting next_dagrun for read_dataset_event to 2026-05-19 00:00:00+00:00, run_after=2026-05-20 00:00:00+00:00
[2026-05-20T14:38:30.156+0000] {logging_mixin.py:190} INFO - [2026-05-20T14:38:30.156+0000] {dag.py:4180} INFO - Setting next_dagrun for read_dataset_event_from_classic to 2026-05-19 00:00:00+00:00, run_after=2026-05-20 00:00:00+00:00
[2026-05-20T14:38:30.171+0000] {processor.py:208} INFO - Processing /usr/local/python/3.12.1/lib/python3.12/site-packages/airflow/example_dags/example_inlet_event_extra.py took 0.074 seconds
[2026-05-20T14:39:25.374+0000] {processor.py:186} INFO - Started process (PID=39428) to work on /usr/local/python/3.12.1/lib/python3.12/site-packages/airflow/example_dags/example_inlet_event_extra.py
[2026-05-20T14:39:25.375+0000] {processor.py:914} INFO - Processing file /usr/local/python/3.12.1/lib/python3.12/site-packages/airflow/example_dags/example_inlet_event_extra.py for tasks to queue
[2026-05-20T14:39:25.377+0000] {logging_mixin.py:190} INFO - [2026-05-20T14:39:25.376+0000] {dagbag.py:588} INFO - Filling up the DagBag from /usr/local/python/3.12.1/lib/python3.12/site-packages/airflow/example_dags/example_inlet_event_extra.py
[2026-05-20T14:39:25.389+0000] {processor.py:925} INFO - DAG(s) 'read_dataset_event_from_classic', 'read_dataset_event' retrieved from /usr/local/python/3.12.1/lib/python3.12/site-packages/airflow/example_dags/example_inlet_event_extra.py
[2026-05-20T14:39:25.404+0000] {logging_mixin.py:190} INFO - [2026-05-20T14:39:25.403+0000] {dag.py:3239} INFO - Sync 2 DAGs
[2026-05-20T14:39:25.421+0000] {logging_mixin.py:190} INFO - [2026-05-20T14:39:25.420+0000] {dag.py:4180} INFO - Setting next_dagrun for read_dataset_event to 2026-05-19 00:00:00+00:00, run_after=2026-05-20 00:00:00+00:00
[2026-05-20T14:39:25.424+0000] {logging_mixin.py:190} INFO - [2026-05-20T14:39:25.424+0000] {dag.py:4180} INFO - Setting next_dagrun for read_dataset_event_from_classic to 2026-05-19 00:00:00+00:00, run_after=2026-05-20 00:00:00+00:00
[2026-05-20T14:39:25.443+0000] {processor.py:208} INFO - Processing /usr/local/python/3.12.1/lib/python3.12/site-packages/airflow/example_dags/example_inlet_event_extra.py took 0.075 seconds
[2026-05-20T14:40:17.503+0000] {processor.py:186} INFO - Started process (PID=39903) to work on /usr/local/python/3.12.1/lib/python3.12/site-packages/airflow/example_dags/example_inlet_event_extra.py
[2026-05-20T14:40:17.504+0000] {processor.py:914} INFO - Processing file /usr/local/python/3.12.1/lib/python3.12/site-packages/airflow/example_dags/example_inlet_event_extra.py for tasks to queue
[2026-05-20T14:40:17.506+0000] {logging_mixin.py:190} INFO - [2026-05-20T14:40:17.506+0000] {dagbag.py:588} INFO - Filling up the DagBag from /usr/local/python/3.12.1/lib/python3.12/site-packages/airflow/example_dags/example_inlet_event_extra.py
[2026-05-20T14:40:17.517+0000] {processor.py:925} INFO - DAG(s) 'read_dataset_event_from_classic', 'read_dataset_event' retrieved from /usr/local/python/3.12.1/lib/python3.12/site-packages/airflow/example_dags/example_inlet_event_extra.py
[2026-05-20T14:40:17.537+0000] {logging_mixin.py:190} INFO - [2026-05-20T14:40:17.537+0000] {dag.py:3239} INFO - Sync 2 DAGs
[2026-05-20T14:40:17.567+0000] {logging_mixin.py:190} INFO - [2026-05-20T14:40:17.567+0000] {dag.py:4180} INFO - Setting next_dagrun for read_dataset_event to 2026-05-19 00:00:00+00:00, run_after=2026-05-20 00:00:00+00:00
[2026-05-20T14:40:17.574+0000] {logging_mixin.py:190} INFO - [2026-05-20T14:40:17.573+0000] {dag.py:4180} INFO - Setting next_dagrun for read_dataset_event_from_classic to 2026-05-19 00:00:00+00:00, run_after=2026-05-20 00:00:00+00:00
[2026-05-20T14:40:17.604+0000] {processor.py:208} INFO - Processing /usr/local/python/3.12.1/lib/python3.12/site-packages/airflow/example_dags/example_inlet_event_extra.py took 0.105 seconds
[2026-05-20T14:41:12.553+0000] {processor.py:186} INFO - Started process (PID=41109) to work on /usr/local/python/3.12.1/lib/python3.12/site-packages/airflow/example_dags/example_inlet_event_extra.py
[2026-05-20T14:41:12.559+0000] {processor.py:914} INFO - Processing file /usr/local/python/3.12.1/lib/python3.12/site-packages/airflow/example_dags/example_inlet_event_extra.py for tasks to queue
[2026-05-20T14:41:12.561+0000] {logging_mixin.py:190} INFO - [2026-05-20T14:41:12.561+0000] {dagbag.py:588} INFO - Filling up the DagBag from /usr/local/python/3.12.1/lib/python3.12/site-packages/airflow/example_dags/example_inlet_event_extra.py
[2026-05-20T14:41:12.575+0000] {processor.py:925} INFO - DAG(s) 'read_dataset_event_from_classic', 'read_dataset_event' retrieved from /usr/local/python/3.12.1/lib/python3.12/site-packages/airflow/example_dags/example_inlet_event_extra.py
[2026-05-20T14:41:12.601+0000] {logging_mixin.py:190} INFO - [2026-05-20T14:41:12.600+0000] {dag.py:3239} INFO - Sync 2 DAGs
[2026-05-20T14:41:12.637+0000] {logging_mixin.py:190} INFO - [2026-05-20T14:41:12.636+0000] {dag.py:4180} INFO - Setting next_dagrun for read_dataset_event to 2026-05-19 00:00:00+00:00, run_after=2026-05-20 00:00:00+00:00
[2026-05-20T14:41:12.645+0000] {logging_mixin.py:190} INFO - [2026-05-20T14:41:12.645+0000] {dag.py:4180} INFO - Setting next_dagrun for read_dataset_event_from_classic to 2026-05-19 00:00:00+00:00, run_after=2026-05-20 00:00:00+00:00
[2026-05-20T14:41:12.843+0000] {processor.py:208} INFO - Processing /usr/local/python/3.12.1/lib/python3.12/site-packages/airflow/example_dags/example_inlet_event_extra.py took 0.295 seconds
[2026-05-20T14:42:06.456+0000] {processor.py:186} INFO - Started process (PID=41857) to work on /usr/local/python/3.12.1/lib/python3.12/site-packages/airflow/example_dags/example_inlet_event_extra.py
[2026-05-20T14:42:06.457+0000] {processor.py:914} INFO - Processing file /usr/local/python/3.12.1/lib/python3.12/site-packages/airflow/example_dags/example_inlet_event_extra.py for tasks to queue
[2026-05-20T14:42:06.459+0000] {logging_mixin.py:190} INFO - [2026-05-20T14:42:06.458+0000] {dagbag.py:588} INFO - Filling up the DagBag from /usr/local/python/3.12.1/lib/python3.12/site-packages/airflow/example_dags/example_inlet_event_extra.py
[2026-05-20T14:42:06.469+0000] {processor.py:925} INFO - DAG(s) 'read_dataset_event', 'read_dataset_event_from_classic' retrieved from /usr/local/python/3.12.1/lib/python3.12/site-packages/airflow/example_dags/example_inlet_event_extra.py
[2026-05-20T14:42:06.484+0000] {logging_mixin.py:190} INFO - [2026-05-20T14:42:06.484+0000] {dag.py:3239} INFO - Sync 2 DAGs
[2026-05-20T14:42:06.514+0000] {logging_mixin.py:190} INFO - [2026-05-20T14:42:06.514+0000] {dag.py:4180} INFO - Setting next_dagrun for read_dataset_event to 2026-05-19 00:00:00+00:00, run_after=2026-05-20 00:00:00+00:00
[2026-05-20T14:42:06.522+0000] {logging_mixin.py:190} INFO - [2026-05-20T14:42:06.522+0000] {dag.py:4180} INFO - Setting next_dagrun for read_dataset_event_from_classic to 2026-05-19 00:00:00+00:00, run_after=2026-05-20 00:00:00+00:00
[2026-05-20T14:42:06.561+0000] {processor.py:208} INFO - Processing /usr/local/python/3.12.1/lib/python3.12/site-packages/airflow/example_dags/example_inlet_event_extra.py took 0.110 seconds
[2026-05-20T14:42:59.549+0000] {processor.py:186} INFO - Started process (PID=42293) to work on /usr/local/python/3.12.1/lib/python3.12/site-packages/airflow/example_dags/example_inlet_event_extra.py
[2026-05-20T14:42:59.550+0000] {processor.py:914} INFO - Processing file /usr/local/python/3.12.1/lib/python3.12/site-packages/airflow/example_dags/example_inlet_event_extra.py for tasks to queue
[2026-05-20T14:42:59.551+0000] {logging_mixin.py:190} INFO - [2026-05-20T14:42:59.551+0000] {dagbag.py:588} INFO - Filling up the DagBag from /usr/local/python/3.12.1/lib/python3.12/site-packages/airflow/example_dags/example_inlet_event_extra.py
[2026-05-20T14:42:59.564+0000] {processor.py:925} INFO - DAG(s) 'read_dataset_event', 'read_dataset_event_from_classic' retrieved from /usr/local/python/3.12.1/lib/python3.12/site-packages/airflow/example_dags/example_inlet_event_extra.py
[2026-05-20T14:42:59.582+0000] {logging_mixin.py:190} INFO - [2026-05-20T14:42:59.582+0000] {dag.py:3239} INFO - Sync 2 DAGs
[2026-05-20T14:42:59.600+0000] {logging_mixin.py:190} INFO - [2026-05-20T14:42:59.600+0000] {dag.py:4180} INFO - Setting next_dagrun for read_dataset_event to 2026-05-19 00:00:00+00:00, run_after=2026-05-20 00:00:00+00:00
[2026-05-20T14:42:59.606+0000] {logging_mixin.py:190} INFO - [2026-05-20T14:42:59.606+0000] {dag.py:4180} INFO - Setting next_dagrun for read_dataset_event_from_classic to 2026-05-19 00:00:00+00:00, run_after=2026-05-20 00:00:00+00:00
[2026-05-20T14:42:59.627+0000] {processor.py:208} INFO - Processing /usr/local/python/3.12.1/lib/python3.12/site-packages/airflow/example_dags/example_inlet_event_extra.py took 0.085 seconds
[2026-05-20T14:43:51.181+0000] {processor.py:186} INFO - Started process (PID=43070) to work on /usr/local/python/3.12.1/lib/python3.12/site-packages/airflow/example_dags/example_inlet_event_extra.py
[2026-05-20T14:43:51.182+0000] {processor.py:914} INFO - Processing file /usr/local/python/3.12.1/lib/python3.12/site-packages/airflow/example_dags/example_inlet_event_extra.py for tasks to queue
[2026-05-20T14:43:51.184+0000] {logging_mixin.py:190} INFO - [2026-05-20T14:43:51.183+0000] {dagbag.py:588} INFO - Filling up the DagBag from /usr/local/python/3.12.1/lib/python3.12/site-packages/airflow/example_dags/example_inlet_event_extra.py
[2026-05-20T14:43:51.194+0000] {processor.py:925} INFO - DAG(s) 'read_dataset_event_from_classic', 'read_dataset_event' retrieved from /usr/local/python/3.12.1/lib/python3.12/site-packages/airflow/example_dags/example_inlet_event_extra.py
[2026-05-20T14:43:51.209+0000] {logging_mixin.py:190} INFO - [2026-05-20T14:43:51.208+0000] {dag.py:3239} INFO - Sync 2 DAGs
[2026-05-20T14:43:51.226+0000] {logging_mixin.py:190} INFO - [2026-05-20T14:43:51.226+0000] {dag.py:4180} INFO - Setting next_dagrun for read_dataset_event to 2026-05-19 00:00:00+00:00, run_after=2026-05-20 00:00:00+00:00
[2026-05-20T14:43:51.231+0000] {logging_mixin.py:190} INFO - [2026-05-20T14:43:51.230+0000] {dag.py:4180} INFO - Setting next_dagrun for read_dataset_event_from_classic to 2026-05-19 00:00:00+00:00, run_after=2026-05-20 00:00:00+00:00
[2026-05-20T14:43:51.249+0000] {processor.py:208} INFO - Processing /usr/local/python/3.12.1/lib/python3.12/site-packages/airflow/example_dags/example_inlet_event_extra.py took 0.073 seconds
[2026-05-20T14:44:45.507+0000] {processor.py:186} INFO - Started process (PID=43553) to work on /usr/local/python/3.12.1/lib/python3.12/site-packages/airflow/example_dags/example_inlet_event_extra.py
[2026-05-20T14:44:45.508+0000] {processor.py:914} INFO - Processing file /usr/local/python/3.12.1/lib/python3.12/site-packages/airflow/example_dags/example_inlet_event_extra.py for tasks to queue
[2026-05-20T14:44:45.510+0000] {logging_mixin.py:190} INFO - [2026-05-20T14:44:45.509+0000] {dagbag.py:588} INFO - Filling up the DagBag from /usr/local/python/3.12.1/lib/python3.12/site-packages/airflow/example_dags/example_inlet_event_extra.py
[2026-05-20T14:44:45.520+0000] {processor.py:925} INFO - DAG(s) 'read_dataset_event_from_classic', 'read_dataset_event' retrieved from /usr/local/python/3.12.1/lib/python3.12/site-packages/airflow/example_dags/example_inlet_event_extra.py
[2026-05-20T14:44:45.538+0000] {logging_mixin.py:190} INFO - [2026-05-20T14:44:45.538+0000] {dag.py:3239} INFO - Sync 2 DAGs
[2026-05-20T14:44:45.558+0000] {logging_mixin.py:190} INFO - [2026-05-20T14:44:45.558+0000] {dag.py:4180} INFO - Setting next_dagrun for read_dataset_event to 2026-05-19 00:00:00+00:00, run_after=2026-05-20 00:00:00+00:00
[2026-05-20T14:44:45.562+0000] {logging_mixin.py:190} INFO - [2026-05-20T14:44:45.562+0000] {dag.py:4180} INFO - Setting next_dagrun for read_dataset_event_from_classic to 2026-05-19 00:00:00+00:00, run_after=2026-05-20 00:00:00+00:00
[2026-05-20T14:44:45.579+0000] {processor.py:208} INFO - Processing /usr/local/python/3.12.1/lib/python3.12/site-packages/airflow/example_dags/example_inlet_event_extra.py took 0.076 seconds
[2026-05-20T14:45:48.098+0000] {processor.py:186} INFO - Started process (PID=45361) to work on /usr/local/python/3.12.1/lib/python3.12/site-packages/airflow/example_dags/example_inlet_event_extra.py
[2026-05-20T14:45:48.099+0000] {processor.py:914} INFO - Processing file /usr/local/python/3.12.1/lib/python3.12/site-packages/airflow/example_dags/example_inlet_event_extra.py for tasks to queue
[2026-05-20T14:45:48.101+0000] {logging_mixin.py:190} INFO - [2026-05-20T14:45:48.101+0000] {dagbag.py:588} INFO - Filling up the DagBag from /usr/local/python/3.12.1/lib/python3.12/site-packages/airflow/example_dags/example_inlet_event_extra.py
[2026-05-20T14:45:48.112+0000] {processor.py:925} INFO - DAG(s) 'read_dataset_event', 'read_dataset_event_from_classic' retrieved from /usr/local/python/3.12.1/lib/python3.12/site-packages/airflow/example_dags/example_inlet_event_extra.py
[2026-05-20T14:45:48.129+0000] {logging_mixin.py:190} INFO - [2026-05-20T14:45:48.129+0000] {dag.py:3239} INFO - Sync 2 DAGs
[2026-05-20T14:45:48.149+0000] {logging_mixin.py:190} INFO - [2026-05-20T14:45:48.149+0000] {dag.py:4180} INFO - Setting next_dagrun for read_dataset_event to 2026-05-19 00:00:00+00:00, run_after=2026-05-20 00:00:00+00:00
[2026-05-20T14:45:48.153+0000] {logging_mixin.py:190} INFO - [2026-05-20T14:45:48.153+0000] {dag.py:4180} INFO - Setting next_dagrun for read_dataset_event_from_classic to 2026-05-19 00:00:00+00:00, run_after=2026-05-20 00:00:00+00:00
[2026-05-20T14:45:48.169+0000] {processor.py:208} INFO - Processing /usr/local/python/3.12.1/lib/python3.12/site-packages/airflow/example_dags/example_inlet_event_extra.py took 0.077 seconds
[2026-05-20T14:46:48.928+0000] {processor.py:186} INFO - Started process (PID=46091) to work on /usr/local/python/3.12.1/lib/python3.12/site-packages/airflow/example_dags/example_inlet_event_extra.py
[2026-05-20T14:46:48.929+0000] {processor.py:914} INFO - Processing file /usr/local/python/3.12.1/lib/python3.12/site-packages/airflow/example_dags/example_inlet_event_extra.py for tasks to queue
[2026-05-20T14:46:48.931+0000] {logging_mixin.py:190} INFO - [2026-05-20T14:46:48.931+0000] {dagbag.py:588} INFO - Filling up the DagBag from /usr/local/python/3.12.1/lib/python3.12/site-packages/airflow/example_dags/example_inlet_event_extra.py
[2026-05-20T14:46:48.944+0000] {processor.py:925} INFO - DAG(s) 'read_dataset_event_from_classic', 'read_dataset_event' retrieved from /usr/local/python/3.12.1/lib/python3.12/site-packages/airflow/example_dags/example_inlet_event_extra.py
[2026-05-20T14:46:48.959+0000] {logging_mixin.py:190} INFO - [2026-05-20T14:46:48.959+0000] {dag.py:3239} INFO - Sync 2 DAGs
[2026-05-20T14:46:48.980+0000] {logging_mixin.py:190} INFO - [2026-05-20T14:46:48.980+0000] {dag.py:4180} INFO - Setting next_dagrun for read_dataset_event to 2026-05-19 00:00:00+00:00, run_after=2026-05-20 00:00:00+00:00
[2026-05-20T14:46:48.984+0000] {logging_mixin.py:190} INFO - [2026-05-20T14:46:48.984+0000] {dag.py:4180} INFO - Setting next_dagrun for read_dataset_event_from_classic to 2026-05-19 00:00:00+00:00, run_after=2026-05-20 00:00:00+00:00
[2026-05-20T14:46:48.999+0000] {processor.py:208} INFO - Processing /usr/local/python/3.12.1/lib/python3.12/site-packages/airflow/example_dags/example_inlet_event_extra.py took 0.077 seconds
[2026-05-20T14:52:25.555+0000] {processor.py:186} INFO - Started process (PID=50131) to work on /usr/local/python/3.12.1/lib/python3.12/site-packages/airflow/example_dags/example_inlet_event_extra.py
[2026-05-20T14:52:25.556+0000] {processor.py:914} INFO - Processing file /usr/local/python/3.12.1/lib/python3.12/site-packages/airflow/example_dags/example_inlet_event_extra.py for tasks to queue
[2026-05-20T14:52:25.558+0000] {logging_mixin.py:190} INFO - [2026-05-20T14:52:25.558+0000] {dagbag.py:588} INFO - Filling up the DagBag from /usr/local/python/3.12.1/lib/python3.12/site-packages/airflow/example_dags/example_inlet_event_extra.py
[2026-05-20T14:52:25.569+0000] {processor.py:925} INFO - DAG(s) 'read_dataset_event_from_classic', 'read_dataset_event' retrieved from /usr/local/python/3.12.1/lib/python3.12/site-packages/airflow/example_dags/example_inlet_event_extra.py
[2026-05-20T14:52:25.674+0000] {logging_mixin.py:190} INFO - [2026-05-20T14:52:25.673+0000] {dag.py:3239} INFO - Sync 2 DAGs
[2026-05-20T14:52:25.698+0000] {logging_mixin.py:190} INFO - [2026-05-20T14:52:25.698+0000] {dag.py:4180} INFO - Setting next_dagrun for read_dataset_event to 2026-05-19 00:00:00+00:00, run_after=2026-05-20 00:00:00+00:00
[2026-05-20T14:52:25.703+0000] {logging_mixin.py:190} INFO - [2026-05-20T14:52:25.702+0000] {dag.py:4180} INFO - Setting next_dagrun for read_dataset_event_from_classic to 2026-05-19 00:00:00+00:00, run_after=2026-05-20 00:00:00+00:00
[2026-05-20T14:52:25.736+0000] {processor.py:208} INFO - Processing /usr/local/python/3.12.1/lib/python3.12/site-packages/airflow/example_dags/example_inlet_event_extra.py took 0.185 seconds
[2026-05-20T14:53:23.050+0000] {processor.py:186} INFO - Started process (PID=51089) to work on /usr/local/python/3.12.1/lib/python3.12/site-packages/airflow/example_dags/example_inlet_event_extra.py
[2026-05-20T14:53:23.052+0000] {processor.py:914} INFO - Processing file /usr/local/python/3.12.1/lib/python3.12/site-packages/airflow/example_dags/example_inlet_event_extra.py for tasks to queue
[2026-05-20T14:53:23.053+0000] {logging_mixin.py:190} INFO - [2026-05-20T14:53:23.053+0000] {dagbag.py:588} INFO - Filling up the DagBag from /usr/local/python/3.12.1/lib/python3.12/site-packages/airflow/example_dags/example_inlet_event_extra.py
[2026-05-20T14:53:23.064+0000] {processor.py:925} INFO - DAG(s) 'read_dataset_event_from_classic', 'read_dataset_event' retrieved from /usr/local/python/3.12.1/lib/python3.12/site-packages/airflow/example_dags/example_inlet_event_extra.py
[2026-05-20T14:53:23.083+0000] {logging_mixin.py:190} INFO - [2026-05-20T14:53:23.083+0000] {dag.py:3239} INFO - Sync 2 DAGs
[2026-05-20T14:53:23.131+0000] {logging_mixin.py:190} INFO - [2026-05-20T14:53:23.127+0000] {dag.py:4180} INFO - Setting next_dagrun for read_dataset_event to 2026-05-19 00:00:00+00:00, run_after=2026-05-20 00:00:00+00:00
[2026-05-20T14:53:23.139+0000] {logging_mixin.py:190} INFO - [2026-05-20T14:53:23.138+0000] {dag.py:4180} INFO - Setting next_dagrun for read_dataset_event_from_classic to 2026-05-19 00:00:00+00:00, run_after=2026-05-20 00:00:00+00:00
[2026-05-20T14:53:23.179+0000] {processor.py:208} INFO - Processing /usr/local/python/3.12.1/lib/python3.12/site-packages/airflow/example_dags/example_inlet_event_extra.py took 0.133 seconds
[2026-05-20T14:54:18.945+0000] {processor.py:186} INFO - Started process (PID=52068) to work on /usr/local/python/3.12.1/lib/python3.12/site-packages/airflow/example_dags/example_inlet_event_extra.py
[2026-05-20T14:54:18.946+0000] {processor.py:914} INFO - Processing file /usr/local/python/3.12.1/lib/python3.12/site-packages/airflow/example_dags/example_inlet_event_extra.py for tasks to queue
[2026-05-20T14:54:18.948+0000] {logging_mixin.py:190} INFO - [2026-05-20T14:54:18.948+0000] {dagbag.py:588} INFO - Filling up the DagBag from /usr/local/python/3.12.1/lib/python3.12/site-packages/airflow/example_dags/example_inlet_event_extra.py
[2026-05-20T14:54:18.958+0000] {processor.py:925} INFO - DAG(s) 'read_dataset_event', 'read_dataset_event_from_classic' retrieved from /usr/local/python/3.12.1/lib/python3.12/site-packages/airflow/example_dags/example_inlet_event_extra.py
[2026-05-20T14:54:18.973+0000] {logging_mixin.py:190} INFO - [2026-05-20T14:54:18.973+0000] {dag.py:3239} INFO - Sync 2 DAGs
[2026-05-20T14:54:18.991+0000] {logging_mixin.py:190} INFO - [2026-05-20T14:54:18.990+0000] {dag.py:4180} INFO - Setting next_dagrun for read_dataset_event to 2026-05-19 00:00:00+00:00, run_after=2026-05-20 00:00:00+00:00
[2026-05-20T14:54:18.994+0000] {logging_mixin.py:190} INFO - [2026-05-20T14:54:18.994+0000] {dag.py:4180} INFO - Setting next_dagrun for read_dataset_event_from_classic to 2026-05-19 00:00:00+00:00, run_after=2026-05-20 00:00:00+00:00
[2026-05-20T14:54:19.011+0000] {processor.py:208} INFO - Processing /usr/local/python/3.12.1/lib/python3.12/site-packages/airflow/example_dags/example_inlet_event_extra.py took 0.072 seconds
