[2026-05-20T14:37:53.365+0000] {processor.py:186} INFO - Started process (PID=38345) to work on /usr/local/python/3.12.1/lib/python3.12/site-packages/airflow/example_dags/example_branch_python_dop_operator_3.py
[2026-05-20T14:37:53.366+0000] {processor.py:914} INFO - Processing file /usr/local/python/3.12.1/lib/python3.12/site-packages/airflow/example_dags/example_branch_python_dop_operator_3.py for tasks to queue
[2026-05-20T14:37:53.368+0000] {logging_mixin.py:190} INFO - [2026-05-20T14:37:53.367+0000] {dagbag.py:588} INFO - Filling up the DagBag from /usr/local/python/3.12.1/lib/python3.12/site-packages/airflow/example_dags/example_branch_python_dop_operator_3.py
[2026-05-20T14:37:53.377+0000] {processor.py:925} INFO - DAG(s) 'example_branch_dop_operator_v3' retrieved from /usr/local/python/3.12.1/lib/python3.12/site-packages/airflow/example_dags/example_branch_python_dop_operator_3.py
[2026-05-20T14:37:53.393+0000] {logging_mixin.py:190} INFO - [2026-05-20T14:37:53.393+0000] {dag.py:3239} INFO - Sync 1 DAGs
[2026-05-20T14:37:53.412+0000] {logging_mixin.py:190} INFO - [2026-05-20T14:37:53.412+0000] {dag.py:4180} INFO - Setting next_dagrun for example_branch_dop_operator_v3 to 2026-05-20 14:36:00+00:00, run_after=2026-05-20 14:37:00+00:00
[2026-05-20T14:37:53.434+0000] {processor.py:208} INFO - Processing /usr/local/python/3.12.1/lib/python3.12/site-packages/airflow/example_dags/example_branch_python_dop_operator_3.py took 0.073 seconds
[2026-05-20T14:38:47.726+0000] {processor.py:186} INFO - Started process (PID=39010) to work on /usr/local/python/3.12.1/lib/python3.12/site-packages/airflow/example_dags/example_branch_python_dop_operator_3.py
[2026-05-20T14:38:47.727+0000] {processor.py:914} INFO - Processing file /usr/local/python/3.12.1/lib/python3.12/site-packages/airflow/example_dags/example_branch_python_dop_operator_3.py for tasks to queue
[2026-05-20T14:38:47.729+0000] {logging_mixin.py:190} INFO - [2026-05-20T14:38:47.729+0000] {dagbag.py:588} INFO - Filling up the DagBag from /usr/local/python/3.12.1/lib/python3.12/site-packages/airflow/example_dags/example_branch_python_dop_operator_3.py
[2026-05-20T14:38:47.740+0000] {processor.py:925} INFO - DAG(s) 'example_branch_dop_operator_v3' retrieved from /usr/local/python/3.12.1/lib/python3.12/site-packages/airflow/example_dags/example_branch_python_dop_operator_3.py
[2026-05-20T14:38:47.756+0000] {logging_mixin.py:190} INFO - [2026-05-20T14:38:47.755+0000] {dag.py:3239} INFO - Sync 1 DAGs
[2026-05-20T14:38:47.780+0000] {logging_mixin.py:190} INFO - [2026-05-20T14:38:47.780+0000] {dag.py:4180} INFO - Setting next_dagrun for example_branch_dop_operator_v3 to 2026-05-20 14:37:00+00:00, run_after=2026-05-20 14:38:00+00:00
[2026-05-20T14:38:47.798+0000] {processor.py:208} INFO - Processing /usr/local/python/3.12.1/lib/python3.12/site-packages/airflow/example_dags/example_branch_python_dop_operator_3.py took 0.077 seconds
[2026-05-20T14:40:03.321+0000] {processor.py:186} INFO - Started process (PID=39776) to work on /usr/local/python/3.12.1/lib/python3.12/site-packages/airflow/example_dags/example_branch_python_dop_operator_3.py
[2026-05-20T14:40:03.321+0000] {processor.py:914} INFO - Processing file /usr/local/python/3.12.1/lib/python3.12/site-packages/airflow/example_dags/example_branch_python_dop_operator_3.py for tasks to queue
[2026-05-20T14:40:03.323+0000] {logging_mixin.py:190} INFO - [2026-05-20T14:40:03.323+0000] {dagbag.py:588} INFO - Filling up the DagBag from /usr/local/python/3.12.1/lib/python3.12/site-packages/airflow/example_dags/example_branch_python_dop_operator_3.py
[2026-05-20T14:40:03.334+0000] {processor.py:925} INFO - DAG(s) 'example_branch_dop_operator_v3' retrieved from /usr/local/python/3.12.1/lib/python3.12/site-packages/airflow/example_dags/example_branch_python_dop_operator_3.py
[2026-05-20T14:40:03.351+0000] {logging_mixin.py:190} INFO - [2026-05-20T14:40:03.351+0000] {dag.py:3239} INFO - Sync 1 DAGs
[2026-05-20T14:40:03.370+0000] {logging_mixin.py:190} INFO - [2026-05-20T14:40:03.370+0000] {dag.py:4180} INFO - Setting next_dagrun for example_branch_dop_operator_v3 to 2026-05-20 14:39:00+00:00, run_after=2026-05-20 14:40:00+00:00
[2026-05-20T14:40:03.388+0000] {processor.py:208} INFO - Processing /usr/local/python/3.12.1/lib/python3.12/site-packages/airflow/example_dags/example_branch_python_dop_operator_3.py took 0.072 seconds
[2026-05-20T14:41:24.726+0000] {processor.py:186} INFO - Started process (PID=41253) to work on /usr/local/python/3.12.1/lib/python3.12/site-packages/airflow/example_dags/example_branch_python_dop_operator_3.py
[2026-05-20T14:41:24.727+0000] {processor.py:914} INFO - Processing file /usr/local/python/3.12.1/lib/python3.12/site-packages/airflow/example_dags/example_branch_python_dop_operator_3.py for tasks to queue
[2026-05-20T14:41:24.729+0000] {logging_mixin.py:190} INFO - [2026-05-20T14:41:24.729+0000] {dagbag.py:588} INFO - Filling up the DagBag from /usr/local/python/3.12.1/lib/python3.12/site-packages/airflow/example_dags/example_branch_python_dop_operator_3.py
[2026-05-20T14:41:24.741+0000] {processor.py:925} INFO - DAG(s) 'example_branch_dop_operator_v3' retrieved from /usr/local/python/3.12.1/lib/python3.12/site-packages/airflow/example_dags/example_branch_python_dop_operator_3.py
[2026-05-20T14:41:24.756+0000] {logging_mixin.py:190} INFO - [2026-05-20T14:41:24.756+0000] {dag.py:3239} INFO - Sync 1 DAGs
[2026-05-20T14:41:24.775+0000] {logging_mixin.py:190} INFO - [2026-05-20T14:41:24.775+0000] {dag.py:4180} INFO - Setting next_dagrun for example_branch_dop_operator_v3 to 2026-05-20 14:40:00+00:00, run_after=2026-05-20 14:41:00+00:00
[2026-05-20T14:41:24.795+0000] {processor.py:208} INFO - Processing /usr/local/python/3.12.1/lib/python3.12/site-packages/airflow/example_dags/example_branch_python_dop_operator_3.py took 0.073 seconds
[2026-05-20T14:42:44.754+0000] {processor.py:186} INFO - Started process (PID=42170) to work on /usr/local/python/3.12.1/lib/python3.12/site-packages/airflow/example_dags/example_branch_python_dop_operator_3.py
[2026-05-20T14:42:44.755+0000] {processor.py:914} INFO - Processing file /usr/local/python/3.12.1/lib/python3.12/site-packages/airflow/example_dags/example_branch_python_dop_operator_3.py for tasks to queue
[2026-05-20T14:42:44.757+0000] {logging_mixin.py:190} INFO - [2026-05-20T14:42:44.757+0000] {dagbag.py:588} INFO - Filling up the DagBag from /usr/local/python/3.12.1/lib/python3.12/site-packages/airflow/example_dags/example_branch_python_dop_operator_3.py
[2026-05-20T14:42:44.768+0000] {processor.py:925} INFO - DAG(s) 'example_branch_dop_operator_v3' retrieved from /usr/local/python/3.12.1/lib/python3.12/site-packages/airflow/example_dags/example_branch_python_dop_operator_3.py
[2026-05-20T14:42:44.782+0000] {logging_mixin.py:190} INFO - [2026-05-20T14:42:44.782+0000] {dag.py:3239} INFO - Sync 1 DAGs
[2026-05-20T14:42:44.802+0000] {logging_mixin.py:190} INFO - [2026-05-20T14:42:44.801+0000] {dag.py:4180} INFO - Setting next_dagrun for example_branch_dop_operator_v3 to 2026-05-20 14:41:00+00:00, run_after=2026-05-20 14:42:00+00:00
[2026-05-20T14:42:44.819+0000] {processor.py:208} INFO - Processing /usr/local/python/3.12.1/lib/python3.12/site-packages/airflow/example_dags/example_branch_python_dop_operator_3.py took 0.071 seconds
[2026-05-20T14:44:03.780+0000] {processor.py:186} INFO - Started process (PID=43236) to work on /usr/local/python/3.12.1/lib/python3.12/site-packages/airflow/example_dags/example_branch_python_dop_operator_3.py
[2026-05-20T14:44:03.781+0000] {processor.py:914} INFO - Processing file /usr/local/python/3.12.1/lib/python3.12/site-packages/airflow/example_dags/example_branch_python_dop_operator_3.py for tasks to queue
[2026-05-20T14:44:03.783+0000] {logging_mixin.py:190} INFO - [2026-05-20T14:44:03.783+0000] {dagbag.py:588} INFO - Filling up the DagBag from /usr/local/python/3.12.1/lib/python3.12/site-packages/airflow/example_dags/example_branch_python_dop_operator_3.py
[2026-05-20T14:44:03.792+0000] {processor.py:925} INFO - DAG(s) 'example_branch_dop_operator_v3' retrieved from /usr/local/python/3.12.1/lib/python3.12/site-packages/airflow/example_dags/example_branch_python_dop_operator_3.py
[2026-05-20T14:44:03.809+0000] {logging_mixin.py:190} INFO - [2026-05-20T14:44:03.808+0000] {dag.py:3239} INFO - Sync 1 DAGs
[2026-05-20T14:44:03.833+0000] {logging_mixin.py:190} INFO - [2026-05-20T14:44:03.833+0000] {dag.py:4180} INFO - Setting next_dagrun for example_branch_dop_operator_v3 to 2026-05-20 14:43:00+00:00, run_after=2026-05-20 14:44:00+00:00
[2026-05-20T14:44:03.854+0000] {processor.py:208} INFO - Processing /usr/local/python/3.12.1/lib/python3.12/site-packages/airflow/example_dags/example_branch_python_dop_operator_3.py took 0.078 seconds
[2026-05-20T14:45:26.080+0000] {processor.py:186} INFO - Started process (PID=44255) to work on /usr/local/python/3.12.1/lib/python3.12/site-packages/airflow/example_dags/example_branch_python_dop_operator_3.py
[2026-05-20T14:45:26.100+0000] {processor.py:914} INFO - Processing file /usr/local/python/3.12.1/lib/python3.12/site-packages/airflow/example_dags/example_branch_python_dop_operator_3.py for tasks to queue
[2026-05-20T14:45:26.103+0000] {logging_mixin.py:190} INFO - [2026-05-20T14:45:26.102+0000] {dagbag.py:588} INFO - Filling up the DagBag from /usr/local/python/3.12.1/lib/python3.12/site-packages/airflow/example_dags/example_branch_python_dop_operator_3.py
[2026-05-20T14:45:26.141+0000] {processor.py:925} INFO - DAG(s) 'example_branch_dop_operator_v3' retrieved from /usr/local/python/3.12.1/lib/python3.12/site-packages/airflow/example_dags/example_branch_python_dop_operator_3.py
[2026-05-20T14:45:26.163+0000] {logging_mixin.py:190} INFO - [2026-05-20T14:45:26.162+0000] {dag.py:3239} INFO - Sync 1 DAGs
[2026-05-20T14:45:26.187+0000] {logging_mixin.py:190} INFO - [2026-05-20T14:45:26.187+0000] {dag.py:4180} INFO - Setting next_dagrun for example_branch_dop_operator_v3 to 2026-05-20 14:44:00+00:00, run_after=2026-05-20 14:45:00+00:00
[2026-05-20T14:45:26.638+0000] {processor.py:208} INFO - Processing /usr/local/python/3.12.1/lib/python3.12/site-packages/airflow/example_dags/example_branch_python_dop_operator_3.py took 0.564 seconds
[2026-05-20T14:46:36.069+0000] {processor.py:186} INFO - Started process (PID=45915) to work on /usr/local/python/3.12.1/lib/python3.12/site-packages/airflow/example_dags/example_branch_python_dop_operator_3.py
[2026-05-20T14:46:36.071+0000] {processor.py:914} INFO - Processing file /usr/local/python/3.12.1/lib/python3.12/site-packages/airflow/example_dags/example_branch_python_dop_operator_3.py for tasks to queue
[2026-05-20T14:46:36.073+0000] {logging_mixin.py:190} INFO - [2026-05-20T14:46:36.073+0000] {dagbag.py:588} INFO - Filling up the DagBag from /usr/local/python/3.12.1/lib/python3.12/site-packages/airflow/example_dags/example_branch_python_dop_operator_3.py
[2026-05-20T14:46:36.087+0000] {processor.py:925} INFO - DAG(s) 'example_branch_dop_operator_v3' retrieved from /usr/local/python/3.12.1/lib/python3.12/site-packages/airflow/example_dags/example_branch_python_dop_operator_3.py
[2026-05-20T14:46:36.113+0000] {logging_mixin.py:190} INFO - [2026-05-20T14:46:36.112+0000] {dag.py:3239} INFO - Sync 1 DAGs
[2026-05-20T14:46:36.150+0000] {logging_mixin.py:190} INFO - [2026-05-20T14:46:36.149+0000] {dag.py:4180} INFO - Setting next_dagrun for example_branch_dop_operator_v3 to 2026-05-20 14:45:00+00:00, run_after=2026-05-20 14:46:00+00:00
[2026-05-20T14:46:36.198+0000] {processor.py:208} INFO - Processing /usr/local/python/3.12.1/lib/python3.12/site-packages/airflow/example_dags/example_branch_python_dop_operator_3.py took 0.138 seconds
[2026-05-20T14:47:34.460+0000] {processor.py:186} INFO - Started process (PID=46661) to work on /usr/local/python/3.12.1/lib/python3.12/site-packages/airflow/example_dags/example_branch_python_dop_operator_3.py
[2026-05-20T14:47:34.461+0000] {processor.py:914} INFO - Processing file /usr/local/python/3.12.1/lib/python3.12/site-packages/airflow/example_dags/example_branch_python_dop_operator_3.py for tasks to queue
[2026-05-20T14:47:34.463+0000] {logging_mixin.py:190} INFO - [2026-05-20T14:47:34.462+0000] {dagbag.py:588} INFO - Filling up the DagBag from /usr/local/python/3.12.1/lib/python3.12/site-packages/airflow/example_dags/example_branch_python_dop_operator_3.py
[2026-05-20T14:47:34.471+0000] {processor.py:925} INFO - DAG(s) 'example_branch_dop_operator_v3' retrieved from /usr/local/python/3.12.1/lib/python3.12/site-packages/airflow/example_dags/example_branch_python_dop_operator_3.py
[2026-05-20T14:47:34.485+0000] {logging_mixin.py:190} INFO - [2026-05-20T14:47:34.485+0000] {dag.py:3239} INFO - Sync 1 DAGs
[2026-05-20T14:47:34.506+0000] {logging_mixin.py:190} INFO - [2026-05-20T14:47:34.505+0000] {dag.py:4180} INFO - Setting next_dagrun for example_branch_dop_operator_v3 to 2026-05-20 14:46:00+00:00, run_after=2026-05-20 14:47:00+00:00
[2026-05-20T14:47:34.526+0000] {processor.py:208} INFO - Processing /usr/local/python/3.12.1/lib/python3.12/site-packages/airflow/example_dags/example_branch_python_dop_operator_3.py took 0.072 seconds
[2026-05-20T14:52:45.200+0000] {processor.py:186} INFO - Started process (PID=50438) to work on /usr/local/python/3.12.1/lib/python3.12/site-packages/airflow/example_dags/example_branch_python_dop_operator_3.py
[2026-05-20T14:52:45.201+0000] {processor.py:914} INFO - Processing file /usr/local/python/3.12.1/lib/python3.12/site-packages/airflow/example_dags/example_branch_python_dop_operator_3.py for tasks to queue
[2026-05-20T14:52:45.203+0000] {logging_mixin.py:190} INFO - [2026-05-20T14:52:45.203+0000] {dagbag.py:588} INFO - Filling up the DagBag from /usr/local/python/3.12.1/lib/python3.12/site-packages/airflow/example_dags/example_branch_python_dop_operator_3.py
[2026-05-20T14:52:45.222+0000] {processor.py:925} INFO - DAG(s) 'example_branch_dop_operator_v3' retrieved from /usr/local/python/3.12.1/lib/python3.12/site-packages/airflow/example_dags/example_branch_python_dop_operator_3.py
[2026-05-20T14:52:45.345+0000] {logging_mixin.py:190} INFO - [2026-05-20T14:52:45.345+0000] {dag.py:3239} INFO - Sync 1 DAGs
[2026-05-20T14:52:45.366+0000] {logging_mixin.py:190} INFO - [2026-05-20T14:52:45.366+0000] {dag.py:4180} INFO - Setting next_dagrun for example_branch_dop_operator_v3 to 2026-05-20 14:51:00+00:00, run_after=2026-05-20 14:52:00+00:00
[2026-05-20T14:52:45.386+0000] {processor.py:208} INFO - Processing /usr/local/python/3.12.1/lib/python3.12/site-packages/airflow/example_dags/example_branch_python_dop_operator_3.py took 0.194 seconds
[2026-05-20T14:53:40.142+0000] {processor.py:186} INFO - Started process (PID=51344) to work on /usr/local/python/3.12.1/lib/python3.12/site-packages/airflow/example_dags/example_branch_python_dop_operator_3.py
[2026-05-20T14:53:40.143+0000] {processor.py:914} INFO - Processing file /usr/local/python/3.12.1/lib/python3.12/site-packages/airflow/example_dags/example_branch_python_dop_operator_3.py for tasks to queue
[2026-05-20T14:53:40.145+0000] {logging_mixin.py:190} INFO - [2026-05-20T14:53:40.145+0000] {dagbag.py:588} INFO - Filling up the DagBag from /usr/local/python/3.12.1/lib/python3.12/site-packages/airflow/example_dags/example_branch_python_dop_operator_3.py
[2026-05-20T14:53:40.154+0000] {processor.py:925} INFO - DAG(s) 'example_branch_dop_operator_v3' retrieved from /usr/local/python/3.12.1/lib/python3.12/site-packages/airflow/example_dags/example_branch_python_dop_operator_3.py
[2026-05-20T14:53:40.168+0000] {logging_mixin.py:190} INFO - [2026-05-20T14:53:40.167+0000] {dag.py:3239} INFO - Sync 1 DAGs
[2026-05-20T14:53:40.187+0000] {logging_mixin.py:190} INFO - [2026-05-20T14:53:40.187+0000] {dag.py:4180} INFO - Setting next_dagrun for example_branch_dop_operator_v3 to 2026-05-20 14:52:00+00:00, run_after=2026-05-20 14:53:00+00:00
[2026-05-20T14:53:40.205+0000] {processor.py:208} INFO - Processing /usr/local/python/3.12.1/lib/python3.12/site-packages/airflow/example_dags/example_branch_python_dop_operator_3.py took 0.068 seconds
