[2026-05-20T14:37:58.517+0000] {processor.py:186} INFO - Started process (PID=38378) to work on /usr/local/python/3.12.1/lib/python3.12/site-packages/airflow/example_dags/example_bash_decorator.py
[2026-05-20T14:37:58.518+0000] {processor.py:914} INFO - Processing file /usr/local/python/3.12.1/lib/python3.12/site-packages/airflow/example_dags/example_bash_decorator.py for tasks to queue
[2026-05-20T14:37:58.519+0000] {logging_mixin.py:190} INFO - [2026-05-20T14:37:58.519+0000] {dagbag.py:588} INFO - Filling up the DagBag from /usr/local/python/3.12.1/lib/python3.12/site-packages/airflow/example_dags/example_bash_decorator.py
[2026-05-20T14:37:58.536+0000] {processor.py:925} INFO - DAG(s) 'example_bash_decorator' retrieved from /usr/local/python/3.12.1/lib/python3.12/site-packages/airflow/example_dags/example_bash_decorator.py
[2026-05-20T14:37:58.630+0000] {logging_mixin.py:190} INFO - [2026-05-20T14:37:58.630+0000] {dag.py:3239} INFO - Sync 1 DAGs
[2026-05-20T14:37:58.641+0000] {logging_mixin.py:190} INFO - [2026-05-20T14:37:58.641+0000] {dag.py:4180} INFO - Setting next_dagrun for example_bash_decorator to None, run_after=None
[2026-05-20T14:37:58.660+0000] {processor.py:208} INFO - Processing /usr/local/python/3.12.1/lib/python3.12/site-packages/airflow/example_dags/example_bash_decorator.py took 0.147 seconds
[2026-05-20T14:39:12.529+0000] {processor.py:186} INFO - Started process (PID=39319) to work on /usr/local/python/3.12.1/lib/python3.12/site-packages/airflow/example_dags/example_bash_decorator.py
[2026-05-20T14:39:12.530+0000] {processor.py:914} INFO - Processing file /usr/local/python/3.12.1/lib/python3.12/site-packages/airflow/example_dags/example_bash_decorator.py for tasks to queue
[2026-05-20T14:39:12.532+0000] {logging_mixin.py:190} INFO - [2026-05-20T14:39:12.532+0000] {dagbag.py:588} INFO - Filling up the DagBag from /usr/local/python/3.12.1/lib/python3.12/site-packages/airflow/example_dags/example_bash_decorator.py
[2026-05-20T14:39:12.548+0000] {processor.py:925} INFO - DAG(s) 'example_bash_decorator' retrieved from /usr/local/python/3.12.1/lib/python3.12/site-packages/airflow/example_dags/example_bash_decorator.py
[2026-05-20T14:39:12.565+0000] {logging_mixin.py:190} INFO - [2026-05-20T14:39:12.565+0000] {dag.py:3239} INFO - Sync 1 DAGs
[2026-05-20T14:39:12.575+0000] {logging_mixin.py:190} INFO - [2026-05-20T14:39:12.575+0000] {dag.py:4180} INFO - Setting next_dagrun for example_bash_decorator to None, run_after=None
[2026-05-20T14:39:12.594+0000] {processor.py:208} INFO - Processing /usr/local/python/3.12.1/lib/python3.12/site-packages/airflow/example_dags/example_bash_decorator.py took 0.070 seconds
[2026-05-20T14:40:31.503+0000] {processor.py:186} INFO - Started process (PID=40082) to work on /usr/local/python/3.12.1/lib/python3.12/site-packages/airflow/example_dags/example_bash_decorator.py
[2026-05-20T14:40:31.504+0000] {processor.py:914} INFO - Processing file /usr/local/python/3.12.1/lib/python3.12/site-packages/airflow/example_dags/example_bash_decorator.py for tasks to queue
[2026-05-20T14:40:31.506+0000] {logging_mixin.py:190} INFO - [2026-05-20T14:40:31.506+0000] {dagbag.py:588} INFO - Filling up the DagBag from /usr/local/python/3.12.1/lib/python3.12/site-packages/airflow/example_dags/example_bash_decorator.py
[2026-05-20T14:40:31.523+0000] {processor.py:925} INFO - DAG(s) 'example_bash_decorator' retrieved from /usr/local/python/3.12.1/lib/python3.12/site-packages/airflow/example_dags/example_bash_decorator.py
[2026-05-20T14:40:31.544+0000] {logging_mixin.py:190} INFO - [2026-05-20T14:40:31.544+0000] {dag.py:3239} INFO - Sync 1 DAGs
[2026-05-20T14:40:31.557+0000] {logging_mixin.py:190} INFO - [2026-05-20T14:40:31.556+0000] {dag.py:4180} INFO - Setting next_dagrun for example_bash_decorator to None, run_after=None
[2026-05-20T14:40:31.580+0000] {processor.py:208} INFO - Processing /usr/local/python/3.12.1/lib/python3.12/site-packages/airflow/example_dags/example_bash_decorator.py took 0.081 seconds
[2026-05-20T14:41:53.230+0000] {processor.py:186} INFO - Started process (PID=41636) to work on /usr/local/python/3.12.1/lib/python3.12/site-packages/airflow/example_dags/example_bash_decorator.py
[2026-05-20T14:41:53.233+0000] {processor.py:914} INFO - Processing file /usr/local/python/3.12.1/lib/python3.12/site-packages/airflow/example_dags/example_bash_decorator.py for tasks to queue
[2026-05-20T14:41:53.235+0000] {logging_mixin.py:190} INFO - [2026-05-20T14:41:53.234+0000] {dagbag.py:588} INFO - Filling up the DagBag from /usr/local/python/3.12.1/lib/python3.12/site-packages/airflow/example_dags/example_bash_decorator.py
[2026-05-20T14:41:53.249+0000] {processor.py:925} INFO - DAG(s) 'example_bash_decorator' retrieved from /usr/local/python/3.12.1/lib/python3.12/site-packages/airflow/example_dags/example_bash_decorator.py
[2026-05-20T14:41:53.265+0000] {logging_mixin.py:190} INFO - [2026-05-20T14:41:53.265+0000] {dag.py:3239} INFO - Sync 1 DAGs
[2026-05-20T14:41:53.275+0000] {logging_mixin.py:190} INFO - [2026-05-20T14:41:53.275+0000] {dag.py:4180} INFO - Setting next_dagrun for example_bash_decorator to None, run_after=None
[2026-05-20T14:41:53.292+0000] {processor.py:208} INFO - Processing /usr/local/python/3.12.1/lib/python3.12/site-packages/airflow/example_dags/example_bash_decorator.py took 0.067 seconds
[2026-05-20T14:43:11.578+0000] {processor.py:186} INFO - Started process (PID=42501) to work on /usr/local/python/3.12.1/lib/python3.12/site-packages/airflow/example_dags/example_bash_decorator.py
[2026-05-20T14:43:11.579+0000] {processor.py:914} INFO - Processing file /usr/local/python/3.12.1/lib/python3.12/site-packages/airflow/example_dags/example_bash_decorator.py for tasks to queue
[2026-05-20T14:43:11.581+0000] {logging_mixin.py:190} INFO - [2026-05-20T14:43:11.581+0000] {dagbag.py:588} INFO - Filling up the DagBag from /usr/local/python/3.12.1/lib/python3.12/site-packages/airflow/example_dags/example_bash_decorator.py
[2026-05-20T14:43:11.594+0000] {processor.py:925} INFO - DAG(s) 'example_bash_decorator' retrieved from /usr/local/python/3.12.1/lib/python3.12/site-packages/airflow/example_dags/example_bash_decorator.py
[2026-05-20T14:43:11.614+0000] {logging_mixin.py:190} INFO - [2026-05-20T14:43:11.613+0000] {dag.py:3239} INFO - Sync 1 DAGs
[2026-05-20T14:43:11.625+0000] {logging_mixin.py:190} INFO - [2026-05-20T14:43:11.625+0000] {dag.py:4180} INFO - Setting next_dagrun for example_bash_decorator to None, run_after=None
[2026-05-20T14:43:11.645+0000] {processor.py:208} INFO - Processing /usr/local/python/3.12.1/lib/python3.12/site-packages/airflow/example_dags/example_bash_decorator.py took 0.072 seconds
[2026-05-20T14:44:32.310+0000] {processor.py:186} INFO - Started process (PID=43461) to work on /usr/local/python/3.12.1/lib/python3.12/site-packages/airflow/example_dags/example_bash_decorator.py
[2026-05-20T14:44:32.311+0000] {processor.py:914} INFO - Processing file /usr/local/python/3.12.1/lib/python3.12/site-packages/airflow/example_dags/example_bash_decorator.py for tasks to queue
[2026-05-20T14:44:32.312+0000] {logging_mixin.py:190} INFO - [2026-05-20T14:44:32.312+0000] {dagbag.py:588} INFO - Filling up the DagBag from /usr/local/python/3.12.1/lib/python3.12/site-packages/airflow/example_dags/example_bash_decorator.py
[2026-05-20T14:44:32.324+0000] {processor.py:925} INFO - DAG(s) 'example_bash_decorator' retrieved from /usr/local/python/3.12.1/lib/python3.12/site-packages/airflow/example_dags/example_bash_decorator.py
[2026-05-20T14:44:32.345+0000] {logging_mixin.py:190} INFO - [2026-05-20T14:44:32.345+0000] {dag.py:3239} INFO - Sync 1 DAGs
[2026-05-20T14:44:32.356+0000] {logging_mixin.py:190} INFO - [2026-05-20T14:44:32.356+0000] {dag.py:4180} INFO - Setting next_dagrun for example_bash_decorator to None, run_after=None
[2026-05-20T14:44:32.373+0000] {processor.py:208} INFO - Processing /usr/local/python/3.12.1/lib/python3.12/site-packages/airflow/example_dags/example_bash_decorator.py took 0.068 seconds
[2026-05-20T14:46:05.574+0000] {processor.py:186} INFO - Started process (PID=45606) to work on /usr/local/python/3.12.1/lib/python3.12/site-packages/airflow/example_dags/example_bash_decorator.py
[2026-05-20T14:46:05.582+0000] {processor.py:914} INFO - Processing file /usr/local/python/3.12.1/lib/python3.12/site-packages/airflow/example_dags/example_bash_decorator.py for tasks to queue
[2026-05-20T14:46:05.594+0000] {logging_mixin.py:190} INFO - [2026-05-20T14:46:05.593+0000] {dagbag.py:588} INFO - Filling up the DagBag from /usr/local/python/3.12.1/lib/python3.12/site-packages/airflow/example_dags/example_bash_decorator.py
[2026-05-20T14:46:05.629+0000] {processor.py:925} INFO - DAG(s) 'example_bash_decorator' retrieved from /usr/local/python/3.12.1/lib/python3.12/site-packages/airflow/example_dags/example_bash_decorator.py
[2026-05-20T14:46:05.652+0000] {logging_mixin.py:190} INFO - [2026-05-20T14:46:05.651+0000] {dag.py:3239} INFO - Sync 1 DAGs
[2026-05-20T14:46:05.661+0000] {logging_mixin.py:190} INFO - [2026-05-20T14:46:05.661+0000] {dag.py:4180} INFO - Setting next_dagrun for example_bash_decorator to None, run_after=None
[2026-05-20T14:46:05.679+0000] {processor.py:208} INFO - Processing /usr/local/python/3.12.1/lib/python3.12/site-packages/airflow/example_dags/example_bash_decorator.py took 0.141 seconds
[2026-05-20T14:47:05.772+0000] {processor.py:186} INFO - Started process (PID=46400) to work on /usr/local/python/3.12.1/lib/python3.12/site-packages/airflow/example_dags/example_bash_decorator.py
[2026-05-20T14:47:05.773+0000] {processor.py:914} INFO - Processing file /usr/local/python/3.12.1/lib/python3.12/site-packages/airflow/example_dags/example_bash_decorator.py for tasks to queue
[2026-05-20T14:47:05.775+0000] {logging_mixin.py:190} INFO - [2026-05-20T14:47:05.775+0000] {dagbag.py:588} INFO - Filling up the DagBag from /usr/local/python/3.12.1/lib/python3.12/site-packages/airflow/example_dags/example_bash_decorator.py
[2026-05-20T14:47:05.787+0000] {processor.py:925} INFO - DAG(s) 'example_bash_decorator' retrieved from /usr/local/python/3.12.1/lib/python3.12/site-packages/airflow/example_dags/example_bash_decorator.py
[2026-05-20T14:47:05.803+0000] {logging_mixin.py:190} INFO - [2026-05-20T14:47:05.803+0000] {dag.py:3239} INFO - Sync 1 DAGs
[2026-05-20T14:47:05.813+0000] {logging_mixin.py:190} INFO - [2026-05-20T14:47:05.813+0000] {dag.py:4180} INFO - Setting next_dagrun for example_bash_decorator to None, run_after=None
[2026-05-20T14:47:05.831+0000] {processor.py:208} INFO - Processing /usr/local/python/3.12.1/lib/python3.12/site-packages/airflow/example_dags/example_bash_decorator.py took 0.065 seconds
[2026-05-20T14:52:49.919+0000] {processor.py:186} INFO - Started process (PID=50506) to work on /usr/local/python/3.12.1/lib/python3.12/site-packages/airflow/example_dags/example_bash_decorator.py
[2026-05-20T14:52:49.921+0000] {processor.py:914} INFO - Processing file /usr/local/python/3.12.1/lib/python3.12/site-packages/airflow/example_dags/example_bash_decorator.py for tasks to queue
[2026-05-20T14:52:49.923+0000] {logging_mixin.py:190} INFO - [2026-05-20T14:52:49.923+0000] {dagbag.py:588} INFO - Filling up the DagBag from /usr/local/python/3.12.1/lib/python3.12/site-packages/airflow/example_dags/example_bash_decorator.py
[2026-05-20T14:52:49.947+0000] {processor.py:925} INFO - DAG(s) 'example_bash_decorator' retrieved from /usr/local/python/3.12.1/lib/python3.12/site-packages/airflow/example_dags/example_bash_decorator.py
[2026-05-20T14:52:50.078+0000] {logging_mixin.py:190} INFO - [2026-05-20T14:52:50.077+0000] {dag.py:3239} INFO - Sync 1 DAGs
[2026-05-20T14:52:50.093+0000] {logging_mixin.py:190} INFO - [2026-05-20T14:52:50.093+0000] {dag.py:4180} INFO - Setting next_dagrun for example_bash_decorator to None, run_after=None
[2026-05-20T14:52:50.136+0000] {processor.py:208} INFO - Processing /usr/local/python/3.12.1/lib/python3.12/site-packages/airflow/example_dags/example_bash_decorator.py took 0.221 seconds
[2026-05-20T14:54:09.940+0000] {processor.py:186} INFO - Started process (PID=51872) to work on /usr/local/python/3.12.1/lib/python3.12/site-packages/airflow/example_dags/example_bash_decorator.py
[2026-05-20T14:54:09.941+0000] {processor.py:914} INFO - Processing file /usr/local/python/3.12.1/lib/python3.12/site-packages/airflow/example_dags/example_bash_decorator.py for tasks to queue
[2026-05-20T14:54:09.943+0000] {logging_mixin.py:190} INFO - [2026-05-20T14:54:09.943+0000] {dagbag.py:588} INFO - Filling up the DagBag from /usr/local/python/3.12.1/lib/python3.12/site-packages/airflow/example_dags/example_bash_decorator.py
[2026-05-20T14:54:09.957+0000] {processor.py:925} INFO - DAG(s) 'example_bash_decorator' retrieved from /usr/local/python/3.12.1/lib/python3.12/site-packages/airflow/example_dags/example_bash_decorator.py
[2026-05-20T14:54:09.973+0000] {logging_mixin.py:190} INFO - [2026-05-20T14:54:09.973+0000] {dag.py:3239} INFO - Sync 1 DAGs
[2026-05-20T14:54:09.983+0000] {logging_mixin.py:190} INFO - [2026-05-20T14:54:09.983+0000] {dag.py:4180} INFO - Setting next_dagrun for example_bash_decorator to None, run_after=None
[2026-05-20T14:54:10.000+0000] {processor.py:208} INFO - Processing /usr/local/python/3.12.1/lib/python3.12/site-packages/airflow/example_dags/example_bash_decorator.py took 0.065 seconds
