[2026-05-20T14:37:49.804+0000] {processor.py:186} INFO - Started process (PID=38311) to work on /usr/local/python/3.12.1/lib/python3.12/site-packages/airflow/example_dags/example_dag_decorator.py
[2026-05-20T14:37:49.805+0000] {processor.py:914} INFO - Processing file /usr/local/python/3.12.1/lib/python3.12/site-packages/airflow/example_dags/example_dag_decorator.py for tasks to queue
[2026-05-20T14:37:49.807+0000] {logging_mixin.py:190} INFO - [2026-05-20T14:37:49.806+0000] {dagbag.py:588} INFO - Filling up the DagBag from /usr/local/python/3.12.1/lib/python3.12/site-packages/airflow/example_dags/example_dag_decorator.py
[2026-05-20T14:37:49.818+0000] {processor.py:925} INFO - DAG(s) 'example_dag_decorator' retrieved from /usr/local/python/3.12.1/lib/python3.12/site-packages/airflow/example_dags/example_dag_decorator.py
[2026-05-20T14:37:49.918+0000] {logging_mixin.py:190} INFO - [2026-05-20T14:37:49.918+0000] {dag.py:3239} INFO - Sync 1 DAGs
[2026-05-20T14:37:49.930+0000] {logging_mixin.py:190} INFO - [2026-05-20T14:37:49.930+0000] {dag.py:4180} INFO - Setting next_dagrun for example_dag_decorator to None, run_after=None
[2026-05-20T14:37:49.954+0000] {processor.py:208} INFO - Processing /usr/local/python/3.12.1/lib/python3.12/site-packages/airflow/example_dags/example_dag_decorator.py took 0.155 seconds
[2026-05-20T14:38:44.301+0000] {processor.py:186} INFO - Started process (PID=38957) to work on /usr/local/python/3.12.1/lib/python3.12/site-packages/airflow/example_dags/example_dag_decorator.py
[2026-05-20T14:38:44.302+0000] {processor.py:914} INFO - Processing file /usr/local/python/3.12.1/lib/python3.12/site-packages/airflow/example_dags/example_dag_decorator.py for tasks to queue
[2026-05-20T14:38:44.304+0000] {logging_mixin.py:190} INFO - [2026-05-20T14:38:44.303+0000] {dagbag.py:588} INFO - Filling up the DagBag from /usr/local/python/3.12.1/lib/python3.12/site-packages/airflow/example_dags/example_dag_decorator.py
[2026-05-20T14:38:44.314+0000] {processor.py:925} INFO - DAG(s) 'example_dag_decorator' retrieved from /usr/local/python/3.12.1/lib/python3.12/site-packages/airflow/example_dags/example_dag_decorator.py
[2026-05-20T14:38:44.331+0000] {logging_mixin.py:190} INFO - [2026-05-20T14:38:44.331+0000] {dag.py:3239} INFO - Sync 1 DAGs
[2026-05-20T14:38:44.344+0000] {logging_mixin.py:190} INFO - [2026-05-20T14:38:44.344+0000] {dag.py:4180} INFO - Setting next_dagrun for example_dag_decorator to None, run_after=None
[2026-05-20T14:38:44.374+0000] {processor.py:208} INFO - Processing /usr/local/python/3.12.1/lib/python3.12/site-packages/airflow/example_dags/example_dag_decorator.py took 0.078 seconds
[2026-05-20T14:40:00.301+0000] {processor.py:186} INFO - Started process (PID=39720) to work on /usr/local/python/3.12.1/lib/python3.12/site-packages/airflow/example_dags/example_dag_decorator.py
[2026-05-20T14:40:00.304+0000] {processor.py:914} INFO - Processing file /usr/local/python/3.12.1/lib/python3.12/site-packages/airflow/example_dags/example_dag_decorator.py for tasks to queue
[2026-05-20T14:40:00.307+0000] {logging_mixin.py:190} INFO - [2026-05-20T14:40:00.306+0000] {dagbag.py:588} INFO - Filling up the DagBag from /usr/local/python/3.12.1/lib/python3.12/site-packages/airflow/example_dags/example_dag_decorator.py
[2026-05-20T14:40:00.318+0000] {processor.py:925} INFO - DAG(s) 'example_dag_decorator' retrieved from /usr/local/python/3.12.1/lib/python3.12/site-packages/airflow/example_dags/example_dag_decorator.py
[2026-05-20T14:40:00.412+0000] {logging_mixin.py:190} INFO - [2026-05-20T14:40:00.412+0000] {dag.py:3239} INFO - Sync 1 DAGs
[2026-05-20T14:40:00.421+0000] {logging_mixin.py:190} INFO - [2026-05-20T14:40:00.421+0000] {dag.py:4180} INFO - Setting next_dagrun for example_dag_decorator to None, run_after=None
[2026-05-20T14:40:00.443+0000] {processor.py:208} INFO - Processing /usr/local/python/3.12.1/lib/python3.12/site-packages/airflow/example_dags/example_dag_decorator.py took 0.173 seconds
[2026-05-20T14:40:56.752+0000] {processor.py:186} INFO - Started process (PID=40800) to work on /usr/local/python/3.12.1/lib/python3.12/site-packages/airflow/example_dags/example_dag_decorator.py
[2026-05-20T14:40:56.753+0000] {processor.py:914} INFO - Processing file /usr/local/python/3.12.1/lib/python3.12/site-packages/airflow/example_dags/example_dag_decorator.py for tasks to queue
[2026-05-20T14:40:56.754+0000] {logging_mixin.py:190} INFO - [2026-05-20T14:40:56.754+0000] {dagbag.py:588} INFO - Filling up the DagBag from /usr/local/python/3.12.1/lib/python3.12/site-packages/airflow/example_dags/example_dag_decorator.py
[2026-05-20T14:40:56.765+0000] {processor.py:925} INFO - DAG(s) 'example_dag_decorator' retrieved from /usr/local/python/3.12.1/lib/python3.12/site-packages/airflow/example_dags/example_dag_decorator.py
[2026-05-20T14:40:56.978+0000] {logging_mixin.py:190} INFO - [2026-05-20T14:40:56.978+0000] {dag.py:3239} INFO - Sync 1 DAGs
[2026-05-20T14:40:56.988+0000] {logging_mixin.py:190} INFO - [2026-05-20T14:40:56.988+0000] {dag.py:4180} INFO - Setting next_dagrun for example_dag_decorator to None, run_after=None
[2026-05-20T14:40:57.007+0000] {processor.py:208} INFO - Processing /usr/local/python/3.12.1/lib/python3.12/site-packages/airflow/example_dags/example_dag_decorator.py took 0.260 seconds
[2026-05-20T14:42:17.547+0000] {processor.py:186} INFO - Started process (PID=41972) to work on /usr/local/python/3.12.1/lib/python3.12/site-packages/airflow/example_dags/example_dag_decorator.py
[2026-05-20T14:42:17.548+0000] {processor.py:914} INFO - Processing file /usr/local/python/3.12.1/lib/python3.12/site-packages/airflow/example_dags/example_dag_decorator.py for tasks to queue
[2026-05-20T14:42:17.550+0000] {logging_mixin.py:190} INFO - [2026-05-20T14:42:17.550+0000] {dagbag.py:588} INFO - Filling up the DagBag from /usr/local/python/3.12.1/lib/python3.12/site-packages/airflow/example_dags/example_dag_decorator.py
[2026-05-20T14:42:17.562+0000] {processor.py:925} INFO - DAG(s) 'example_dag_decorator' retrieved from /usr/local/python/3.12.1/lib/python3.12/site-packages/airflow/example_dags/example_dag_decorator.py
[2026-05-20T14:42:17.667+0000] {logging_mixin.py:190} INFO - [2026-05-20T14:42:17.666+0000] {dag.py:3239} INFO - Sync 1 DAGs
[2026-05-20T14:42:17.675+0000] {logging_mixin.py:190} INFO - [2026-05-20T14:42:17.675+0000] {dag.py:4180} INFO - Setting next_dagrun for example_dag_decorator to None, run_after=None
[2026-05-20T14:42:17.693+0000] {processor.py:208} INFO - Processing /usr/local/python/3.12.1/lib/python3.12/site-packages/airflow/example_dags/example_dag_decorator.py took 0.151 seconds
[2026-05-20T14:43:35.443+0000] {processor.py:186} INFO - Started process (PID=42787) to work on /usr/local/python/3.12.1/lib/python3.12/site-packages/airflow/example_dags/example_dag_decorator.py
[2026-05-20T14:43:35.445+0000] {processor.py:914} INFO - Processing file /usr/local/python/3.12.1/lib/python3.12/site-packages/airflow/example_dags/example_dag_decorator.py for tasks to queue
[2026-05-20T14:43:35.447+0000] {logging_mixin.py:190} INFO - [2026-05-20T14:43:35.447+0000] {dagbag.py:588} INFO - Filling up the DagBag from /usr/local/python/3.12.1/lib/python3.12/site-packages/airflow/example_dags/example_dag_decorator.py
[2026-05-20T14:43:35.459+0000] {processor.py:925} INFO - DAG(s) 'example_dag_decorator' retrieved from /usr/local/python/3.12.1/lib/python3.12/site-packages/airflow/example_dags/example_dag_decorator.py
[2026-05-20T14:43:35.554+0000] {logging_mixin.py:190} INFO - [2026-05-20T14:43:35.553+0000] {dag.py:3239} INFO - Sync 1 DAGs
[2026-05-20T14:43:35.562+0000] {logging_mixin.py:190} INFO - [2026-05-20T14:43:35.562+0000] {dag.py:4180} INFO - Setting next_dagrun for example_dag_decorator to None, run_after=None
[2026-05-20T14:43:35.580+0000] {processor.py:208} INFO - Processing /usr/local/python/3.12.1/lib/python3.12/site-packages/airflow/example_dags/example_dag_decorator.py took 0.143 seconds
[2026-05-20T14:44:28.651+0000] {processor.py:186} INFO - Started process (PID=43418) to work on /usr/local/python/3.12.1/lib/python3.12/site-packages/airflow/example_dags/example_dag_decorator.py
[2026-05-20T14:44:28.652+0000] {processor.py:914} INFO - Processing file /usr/local/python/3.12.1/lib/python3.12/site-packages/airflow/example_dags/example_dag_decorator.py for tasks to queue
[2026-05-20T14:44:28.653+0000] {logging_mixin.py:190} INFO - [2026-05-20T14:44:28.653+0000] {dagbag.py:588} INFO - Filling up the DagBag from /usr/local/python/3.12.1/lib/python3.12/site-packages/airflow/example_dags/example_dag_decorator.py
[2026-05-20T14:44:28.663+0000] {processor.py:925} INFO - DAG(s) 'example_dag_decorator' retrieved from /usr/local/python/3.12.1/lib/python3.12/site-packages/airflow/example_dags/example_dag_decorator.py
[2026-05-20T14:44:28.757+0000] {logging_mixin.py:190} INFO - [2026-05-20T14:44:28.757+0000] {dag.py:3239} INFO - Sync 1 DAGs
[2026-05-20T14:44:28.767+0000] {logging_mixin.py:190} INFO - [2026-05-20T14:44:28.766+0000] {dag.py:4180} INFO - Setting next_dagrun for example_dag_decorator to None, run_after=None
[2026-05-20T14:44:28.783+0000] {processor.py:208} INFO - Processing /usr/local/python/3.12.1/lib/python3.12/site-packages/airflow/example_dags/example_dag_decorator.py took 0.138 seconds
[2026-05-20T14:45:24.801+0000] {processor.py:186} INFO - Started process (PID=44225) to work on /usr/local/python/3.12.1/lib/python3.12/site-packages/airflow/example_dags/example_dag_decorator.py
[2026-05-20T14:45:24.804+0000] {processor.py:914} INFO - Processing file /usr/local/python/3.12.1/lib/python3.12/site-packages/airflow/example_dags/example_dag_decorator.py for tasks to queue
[2026-05-20T14:45:24.806+0000] {logging_mixin.py:190} INFO - [2026-05-20T14:45:24.806+0000] {dagbag.py:588} INFO - Filling up the DagBag from /usr/local/python/3.12.1/lib/python3.12/site-packages/airflow/example_dags/example_dag_decorator.py
[2026-05-20T14:45:24.820+0000] {processor.py:925} INFO - DAG(s) 'example_dag_decorator' retrieved from /usr/local/python/3.12.1/lib/python3.12/site-packages/airflow/example_dags/example_dag_decorator.py
[2026-05-20T14:45:24.945+0000] {logging_mixin.py:190} INFO - [2026-05-20T14:45:24.945+0000] {dag.py:3239} INFO - Sync 1 DAGs
[2026-05-20T14:45:24.957+0000] {logging_mixin.py:190} INFO - [2026-05-20T14:45:24.957+0000] {dag.py:4180} INFO - Setting next_dagrun for example_dag_decorator to None, run_after=None
[2026-05-20T14:45:24.979+0000] {processor.py:208} INFO - Processing /usr/local/python/3.12.1/lib/python3.12/site-packages/airflow/example_dags/example_dag_decorator.py took 0.184 seconds
[2026-05-20T14:46:34.754+0000] {processor.py:186} INFO - Started process (PID=45906) to work on /usr/local/python/3.12.1/lib/python3.12/site-packages/airflow/example_dags/example_dag_decorator.py
[2026-05-20T14:46:34.756+0000] {processor.py:914} INFO - Processing file /usr/local/python/3.12.1/lib/python3.12/site-packages/airflow/example_dags/example_dag_decorator.py for tasks to queue
[2026-05-20T14:46:34.769+0000] {logging_mixin.py:190} INFO - [2026-05-20T14:46:34.766+0000] {dagbag.py:588} INFO - Filling up the DagBag from /usr/local/python/3.12.1/lib/python3.12/site-packages/airflow/example_dags/example_dag_decorator.py
[2026-05-20T14:46:34.817+0000] {processor.py:925} INFO - DAG(s) 'example_dag_decorator' retrieved from /usr/local/python/3.12.1/lib/python3.12/site-packages/airflow/example_dags/example_dag_decorator.py
[2026-05-20T14:46:35.272+0000] {logging_mixin.py:190} INFO - [2026-05-20T14:46:35.271+0000] {dag.py:3239} INFO - Sync 1 DAGs
[2026-05-20T14:46:35.308+0000] {logging_mixin.py:190} INFO - [2026-05-20T14:46:35.308+0000] {dag.py:4180} INFO - Setting next_dagrun for example_dag_decorator to None, run_after=None
[2026-05-20T14:46:35.389+0000] {processor.py:208} INFO - Processing /usr/local/python/3.12.1/lib/python3.12/site-packages/airflow/example_dags/example_dag_decorator.py took 0.652 seconds
[2026-05-20T14:47:33.313+0000] {processor.py:186} INFO - Started process (PID=46653) to work on /usr/local/python/3.12.1/lib/python3.12/site-packages/airflow/example_dags/example_dag_decorator.py
[2026-05-20T14:47:33.314+0000] {processor.py:914} INFO - Processing file /usr/local/python/3.12.1/lib/python3.12/site-packages/airflow/example_dags/example_dag_decorator.py for tasks to queue
[2026-05-20T14:47:33.316+0000] {logging_mixin.py:190} INFO - [2026-05-20T14:47:33.315+0000] {dagbag.py:588} INFO - Filling up the DagBag from /usr/local/python/3.12.1/lib/python3.12/site-packages/airflow/example_dags/example_dag_decorator.py
[2026-05-20T14:47:33.327+0000] {processor.py:925} INFO - DAG(s) 'example_dag_decorator' retrieved from /usr/local/python/3.12.1/lib/python3.12/site-packages/airflow/example_dags/example_dag_decorator.py
[2026-05-20T14:47:33.348+0000] {logging_mixin.py:190} INFO - [2026-05-20T14:47:33.348+0000] {dag.py:3239} INFO - Sync 1 DAGs
[2026-05-20T14:47:33.362+0000] {logging_mixin.py:190} INFO - [2026-05-20T14:47:33.361+0000] {dag.py:4180} INFO - Setting next_dagrun for example_dag_decorator to None, run_after=None
[2026-05-20T14:47:33.378+0000] {processor.py:208} INFO - Processing /usr/local/python/3.12.1/lib/python3.12/site-packages/airflow/example_dags/example_dag_decorator.py took 0.071 seconds
[2026-05-20T14:52:42.152+0000] {processor.py:186} INFO - Started process (PID=50390) to work on /usr/local/python/3.12.1/lib/python3.12/site-packages/airflow/example_dags/example_dag_decorator.py
[2026-05-20T14:52:42.153+0000] {processor.py:914} INFO - Processing file /usr/local/python/3.12.1/lib/python3.12/site-packages/airflow/example_dags/example_dag_decorator.py for tasks to queue
[2026-05-20T14:52:42.155+0000] {logging_mixin.py:190} INFO - [2026-05-20T14:52:42.155+0000] {dagbag.py:588} INFO - Filling up the DagBag from /usr/local/python/3.12.1/lib/python3.12/site-packages/airflow/example_dags/example_dag_decorator.py
[2026-05-20T14:52:42.165+0000] {processor.py:925} INFO - DAG(s) 'example_dag_decorator' retrieved from /usr/local/python/3.12.1/lib/python3.12/site-packages/airflow/example_dags/example_dag_decorator.py
[2026-05-20T14:52:42.261+0000] {logging_mixin.py:190} INFO - [2026-05-20T14:52:42.260+0000] {dag.py:3239} INFO - Sync 1 DAGs
[2026-05-20T14:52:42.270+0000] {logging_mixin.py:190} INFO - [2026-05-20T14:52:42.269+0000] {dag.py:4180} INFO - Setting next_dagrun for example_dag_decorator to None, run_after=None
[2026-05-20T14:52:42.289+0000] {processor.py:208} INFO - Processing /usr/local/python/3.12.1/lib/python3.12/site-packages/airflow/example_dags/example_dag_decorator.py took 0.141 seconds
[2026-05-20T14:53:37.105+0000] {processor.py:186} INFO - Started process (PID=51315) to work on /usr/local/python/3.12.1/lib/python3.12/site-packages/airflow/example_dags/example_dag_decorator.py
[2026-05-20T14:53:37.106+0000] {processor.py:914} INFO - Processing file /usr/local/python/3.12.1/lib/python3.12/site-packages/airflow/example_dags/example_dag_decorator.py for tasks to queue
[2026-05-20T14:53:37.107+0000] {logging_mixin.py:190} INFO - [2026-05-20T14:53:37.107+0000] {dagbag.py:588} INFO - Filling up the DagBag from /usr/local/python/3.12.1/lib/python3.12/site-packages/airflow/example_dags/example_dag_decorator.py
[2026-05-20T14:53:37.117+0000] {processor.py:925} INFO - DAG(s) 'example_dag_decorator' retrieved from /usr/local/python/3.12.1/lib/python3.12/site-packages/airflow/example_dags/example_dag_decorator.py
[2026-05-20T14:53:37.210+0000] {logging_mixin.py:190} INFO - [2026-05-20T14:53:37.210+0000] {dag.py:3239} INFO - Sync 1 DAGs
[2026-05-20T14:53:37.220+0000] {logging_mixin.py:190} INFO - [2026-05-20T14:53:37.220+0000] {dag.py:4180} INFO - Setting next_dagrun for example_dag_decorator to None, run_after=None
[2026-05-20T14:53:37.239+0000] {processor.py:208} INFO - Processing /usr/local/python/3.12.1/lib/python3.12/site-packages/airflow/example_dags/example_dag_decorator.py took 0.139 seconds
