[2026-05-20T14:37:19.613+0000] {processor.py:186} INFO - Started process (PID=37829) to work on /usr/local/python/3.12.1/lib/python3.12/site-packages/airflow/example_dags/example_task_group_decorator.py
[2026-05-20T14:37:19.615+0000] {processor.py:914} INFO - Processing file /usr/local/python/3.12.1/lib/python3.12/site-packages/airflow/example_dags/example_task_group_decorator.py for tasks to queue
[2026-05-20T14:37:19.617+0000] {logging_mixin.py:190} INFO - [2026-05-20T14:37:19.617+0000] {dagbag.py:588} INFO - Filling up the DagBag from /usr/local/python/3.12.1/lib/python3.12/site-packages/airflow/example_dags/example_task_group_decorator.py
[2026-05-20T14:37:19.639+0000] {processor.py:925} INFO - DAG(s) 'example_task_group_decorator' retrieved from /usr/local/python/3.12.1/lib/python3.12/site-packages/airflow/example_dags/example_task_group_decorator.py
[2026-05-20T14:37:19.673+0000] {logging_mixin.py:190} INFO - [2026-05-20T14:37:19.673+0000] {dag.py:3239} INFO - Sync 1 DAGs
[2026-05-20T14:37:19.692+0000] {logging_mixin.py:190} INFO - [2026-05-20T14:37:19.692+0000] {dag.py:4180} INFO - Setting next_dagrun for example_task_group_decorator to None, run_after=None
[2026-05-20T14:37:19.737+0000] {processor.py:208} INFO - Processing /usr/local/python/3.12.1/lib/python3.12/site-packages/airflow/example_dags/example_task_group_decorator.py took 0.132 seconds
[2026-05-20T14:38:16.959+0000] {processor.py:186} INFO - Started process (PID=38589) to work on /usr/local/python/3.12.1/lib/python3.12/site-packages/airflow/example_dags/example_task_group_decorator.py
[2026-05-20T14:38:16.960+0000] {processor.py:914} INFO - Processing file /usr/local/python/3.12.1/lib/python3.12/site-packages/airflow/example_dags/example_task_group_decorator.py for tasks to queue
[2026-05-20T14:38:16.962+0000] {logging_mixin.py:190} INFO - [2026-05-20T14:38:16.961+0000] {dagbag.py:588} INFO - Filling up the DagBag from /usr/local/python/3.12.1/lib/python3.12/site-packages/airflow/example_dags/example_task_group_decorator.py
[2026-05-20T14:38:16.974+0000] {processor.py:925} INFO - DAG(s) 'example_task_group_decorator' retrieved from /usr/local/python/3.12.1/lib/python3.12/site-packages/airflow/example_dags/example_task_group_decorator.py
[2026-05-20T14:38:16.992+0000] {logging_mixin.py:190} INFO - [2026-05-20T14:38:16.992+0000] {dag.py:3239} INFO - Sync 1 DAGs
[2026-05-20T14:38:17.002+0000] {logging_mixin.py:190} INFO - [2026-05-20T14:38:17.002+0000] {dag.py:4180} INFO - Setting next_dagrun for example_task_group_decorator to None, run_after=None
[2026-05-20T14:38:17.037+0000] {processor.py:208} INFO - Processing /usr/local/python/3.12.1/lib/python3.12/site-packages/airflow/example_dags/example_task_group_decorator.py took 0.083 seconds
[2026-05-20T14:39:07.057+0000] {processor.py:186} INFO - Started process (PID=39284) to work on /usr/local/python/3.12.1/lib/python3.12/site-packages/airflow/example_dags/example_task_group_decorator.py
[2026-05-20T14:39:07.058+0000] {processor.py:914} INFO - Processing file /usr/local/python/3.12.1/lib/python3.12/site-packages/airflow/example_dags/example_task_group_decorator.py for tasks to queue
[2026-05-20T14:39:07.060+0000] {logging_mixin.py:190} INFO - [2026-05-20T14:39:07.060+0000] {dagbag.py:588} INFO - Filling up the DagBag from /usr/local/python/3.12.1/lib/python3.12/site-packages/airflow/example_dags/example_task_group_decorator.py
[2026-05-20T14:39:07.074+0000] {processor.py:925} INFO - DAG(s) 'example_task_group_decorator' retrieved from /usr/local/python/3.12.1/lib/python3.12/site-packages/airflow/example_dags/example_task_group_decorator.py
[2026-05-20T14:39:07.093+0000] {logging_mixin.py:190} INFO - [2026-05-20T14:39:07.093+0000] {dag.py:3239} INFO - Sync 1 DAGs
[2026-05-20T14:39:07.104+0000] {logging_mixin.py:190} INFO - [2026-05-20T14:39:07.104+0000] {dag.py:4180} INFO - Setting next_dagrun for example_task_group_decorator to None, run_after=None
[2026-05-20T14:39:07.125+0000] {processor.py:208} INFO - Processing /usr/local/python/3.12.1/lib/python3.12/site-packages/airflow/example_dags/example_task_group_decorator.py took 0.074 seconds
[2026-05-20T14:39:58.538+0000] {processor.py:186} INFO - Started process (PID=39688) to work on /usr/local/python/3.12.1/lib/python3.12/site-packages/airflow/example_dags/example_task_group_decorator.py
[2026-05-20T14:39:58.539+0000] {processor.py:914} INFO - Processing file /usr/local/python/3.12.1/lib/python3.12/site-packages/airflow/example_dags/example_task_group_decorator.py for tasks to queue
[2026-05-20T14:39:58.541+0000] {logging_mixin.py:190} INFO - [2026-05-20T14:39:58.541+0000] {dagbag.py:588} INFO - Filling up the DagBag from /usr/local/python/3.12.1/lib/python3.12/site-packages/airflow/example_dags/example_task_group_decorator.py
[2026-05-20T14:39:58.554+0000] {processor.py:925} INFO - DAG(s) 'example_task_group_decorator' retrieved from /usr/local/python/3.12.1/lib/python3.12/site-packages/airflow/example_dags/example_task_group_decorator.py
[2026-05-20T14:39:58.571+0000] {logging_mixin.py:190} INFO - [2026-05-20T14:39:58.570+0000] {dag.py:3239} INFO - Sync 1 DAGs
[2026-05-20T14:39:58.581+0000] {logging_mixin.py:190} INFO - [2026-05-20T14:39:58.581+0000] {dag.py:4180} INFO - Setting next_dagrun for example_task_group_decorator to None, run_after=None
[2026-05-20T14:39:58.598+0000] {processor.py:208} INFO - Processing /usr/local/python/3.12.1/lib/python3.12/site-packages/airflow/example_dags/example_task_group_decorator.py took 0.066 seconds
[2026-05-20T14:40:51.161+0000] {processor.py:186} INFO - Started process (PID=40279) to work on /usr/local/python/3.12.1/lib/python3.12/site-packages/airflow/example_dags/example_task_group_decorator.py
[2026-05-20T14:40:51.162+0000] {processor.py:914} INFO - Processing file /usr/local/python/3.12.1/lib/python3.12/site-packages/airflow/example_dags/example_task_group_decorator.py for tasks to queue
[2026-05-20T14:40:51.164+0000] {logging_mixin.py:190} INFO - [2026-05-20T14:40:51.164+0000] {dagbag.py:588} INFO - Filling up the DagBag from /usr/local/python/3.12.1/lib/python3.12/site-packages/airflow/example_dags/example_task_group_decorator.py
[2026-05-20T14:40:51.178+0000] {processor.py:925} INFO - DAG(s) 'example_task_group_decorator' retrieved from /usr/local/python/3.12.1/lib/python3.12/site-packages/airflow/example_dags/example_task_group_decorator.py
[2026-05-20T14:40:51.197+0000] {logging_mixin.py:190} INFO - [2026-05-20T14:40:51.197+0000] {dag.py:3239} INFO - Sync 1 DAGs
[2026-05-20T14:40:51.209+0000] {logging_mixin.py:190} INFO - [2026-05-20T14:40:51.209+0000] {dag.py:4180} INFO - Setting next_dagrun for example_task_group_decorator to None, run_after=None
[2026-05-20T14:40:51.239+0000] {processor.py:208} INFO - Processing /usr/local/python/3.12.1/lib/python3.12/site-packages/airflow/example_dags/example_task_group_decorator.py took 0.083 seconds
[2026-05-20T14:41:45.805+0000] {processor.py:186} INFO - Started process (PID=41567) to work on /usr/local/python/3.12.1/lib/python3.12/site-packages/airflow/example_dags/example_task_group_decorator.py
[2026-05-20T14:41:45.806+0000] {processor.py:914} INFO - Processing file /usr/local/python/3.12.1/lib/python3.12/site-packages/airflow/example_dags/example_task_group_decorator.py for tasks to queue
[2026-05-20T14:41:45.808+0000] {logging_mixin.py:190} INFO - [2026-05-20T14:41:45.808+0000] {dagbag.py:588} INFO - Filling up the DagBag from /usr/local/python/3.12.1/lib/python3.12/site-packages/airflow/example_dags/example_task_group_decorator.py
[2026-05-20T14:41:45.820+0000] {processor.py:925} INFO - DAG(s) 'example_task_group_decorator' retrieved from /usr/local/python/3.12.1/lib/python3.12/site-packages/airflow/example_dags/example_task_group_decorator.py
[2026-05-20T14:41:45.839+0000] {logging_mixin.py:190} INFO - [2026-05-20T14:41:45.839+0000] {dag.py:3239} INFO - Sync 1 DAGs
[2026-05-20T14:41:45.851+0000] {logging_mixin.py:190} INFO - [2026-05-20T14:41:45.851+0000] {dag.py:4180} INFO - Setting next_dagrun for example_task_group_decorator to None, run_after=None
[2026-05-20T14:41:45.871+0000] {processor.py:208} INFO - Processing /usr/local/python/3.12.1/lib/python3.12/site-packages/airflow/example_dags/example_task_group_decorator.py took 0.070 seconds
[2026-05-20T14:42:39.602+0000] {processor.py:186} INFO - Started process (PID=42136) to work on /usr/local/python/3.12.1/lib/python3.12/site-packages/airflow/example_dags/example_task_group_decorator.py
[2026-05-20T14:42:39.603+0000] {processor.py:914} INFO - Processing file /usr/local/python/3.12.1/lib/python3.12/site-packages/airflow/example_dags/example_task_group_decorator.py for tasks to queue
[2026-05-20T14:42:39.605+0000] {logging_mixin.py:190} INFO - [2026-05-20T14:42:39.605+0000] {dagbag.py:588} INFO - Filling up the DagBag from /usr/local/python/3.12.1/lib/python3.12/site-packages/airflow/example_dags/example_task_group_decorator.py
[2026-05-20T14:42:39.617+0000] {processor.py:925} INFO - DAG(s) 'example_task_group_decorator' retrieved from /usr/local/python/3.12.1/lib/python3.12/site-packages/airflow/example_dags/example_task_group_decorator.py
[2026-05-20T14:42:39.638+0000] {logging_mixin.py:190} INFO - [2026-05-20T14:42:39.637+0000] {dag.py:3239} INFO - Sync 1 DAGs
[2026-05-20T14:42:39.650+0000] {logging_mixin.py:190} INFO - [2026-05-20T14:42:39.649+0000] {dag.py:4180} INFO - Setting next_dagrun for example_task_group_decorator to None, run_after=None
[2026-05-20T14:42:39.667+0000] {processor.py:208} INFO - Processing /usr/local/python/3.12.1/lib/python3.12/site-packages/airflow/example_dags/example_task_group_decorator.py took 0.070 seconds
[2026-05-20T14:43:32.902+0000] {processor.py:186} INFO - Started process (PID=42750) to work on /usr/local/python/3.12.1/lib/python3.12/site-packages/airflow/example_dags/example_task_group_decorator.py
[2026-05-20T14:43:32.903+0000] {processor.py:914} INFO - Processing file /usr/local/python/3.12.1/lib/python3.12/site-packages/airflow/example_dags/example_task_group_decorator.py for tasks to queue
[2026-05-20T14:43:32.907+0000] {logging_mixin.py:190} INFO - [2026-05-20T14:43:32.906+0000] {dagbag.py:588} INFO - Filling up the DagBag from /usr/local/python/3.12.1/lib/python3.12/site-packages/airflow/example_dags/example_task_group_decorator.py
[2026-05-20T14:43:32.949+0000] {processor.py:925} INFO - DAG(s) 'example_task_group_decorator' retrieved from /usr/local/python/3.12.1/lib/python3.12/site-packages/airflow/example_dags/example_task_group_decorator.py
[2026-05-20T14:43:33.033+0000] {logging_mixin.py:190} INFO - [2026-05-20T14:43:33.033+0000] {dag.py:3239} INFO - Sync 1 DAGs
[2026-05-20T14:43:33.053+0000] {logging_mixin.py:190} INFO - [2026-05-20T14:43:33.053+0000] {dag.py:4180} INFO - Setting next_dagrun for example_task_group_decorator to None, run_after=None
[2026-05-20T14:43:33.108+0000] {processor.py:208} INFO - Processing /usr/local/python/3.12.1/lib/python3.12/site-packages/airflow/example_dags/example_task_group_decorator.py took 0.213 seconds
[2026-05-20T14:44:24.948+0000] {processor.py:186} INFO - Started process (PID=43393) to work on /usr/local/python/3.12.1/lib/python3.12/site-packages/airflow/example_dags/example_task_group_decorator.py
[2026-05-20T14:44:24.949+0000] {processor.py:914} INFO - Processing file /usr/local/python/3.12.1/lib/python3.12/site-packages/airflow/example_dags/example_task_group_decorator.py for tasks to queue
[2026-05-20T14:44:24.951+0000] {logging_mixin.py:190} INFO - [2026-05-20T14:44:24.950+0000] {dagbag.py:588} INFO - Filling up the DagBag from /usr/local/python/3.12.1/lib/python3.12/site-packages/airflow/example_dags/example_task_group_decorator.py
[2026-05-20T14:44:24.963+0000] {processor.py:925} INFO - DAG(s) 'example_task_group_decorator' retrieved from /usr/local/python/3.12.1/lib/python3.12/site-packages/airflow/example_dags/example_task_group_decorator.py
[2026-05-20T14:44:24.980+0000] {logging_mixin.py:190} INFO - [2026-05-20T14:44:24.980+0000] {dag.py:3239} INFO - Sync 1 DAGs
[2026-05-20T14:44:24.990+0000] {logging_mixin.py:190} INFO - [2026-05-20T14:44:24.990+0000] {dag.py:4180} INFO - Setting next_dagrun for example_task_group_decorator to None, run_after=None
[2026-05-20T14:44:25.007+0000] {processor.py:208} INFO - Processing /usr/local/python/3.12.1/lib/python3.12/site-packages/airflow/example_dags/example_task_group_decorator.py took 0.065 seconds
[2026-05-20T14:45:19.524+0000] {processor.py:186} INFO - Started process (PID=44130) to work on /usr/local/python/3.12.1/lib/python3.12/site-packages/airflow/example_dags/example_task_group_decorator.py
[2026-05-20T14:45:19.527+0000] {processor.py:914} INFO - Processing file /usr/local/python/3.12.1/lib/python3.12/site-packages/airflow/example_dags/example_task_group_decorator.py for tasks to queue
[2026-05-20T14:45:19.532+0000] {logging_mixin.py:190} INFO - [2026-05-20T14:45:19.531+0000] {dagbag.py:588} INFO - Filling up the DagBag from /usr/local/python/3.12.1/lib/python3.12/site-packages/airflow/example_dags/example_task_group_decorator.py
[2026-05-20T14:45:19.561+0000] {processor.py:925} INFO - DAG(s) 'example_task_group_decorator' retrieved from /usr/local/python/3.12.1/lib/python3.12/site-packages/airflow/example_dags/example_task_group_decorator.py
[2026-05-20T14:45:19.675+0000] {logging_mixin.py:190} INFO - [2026-05-20T14:45:19.675+0000] {dag.py:3239} INFO - Sync 1 DAGs
[2026-05-20T14:45:19.697+0000] {logging_mixin.py:190} INFO - [2026-05-20T14:45:19.696+0000] {dag.py:4180} INFO - Setting next_dagrun for example_task_group_decorator to None, run_after=None
[2026-05-20T14:45:19.722+0000] {processor.py:208} INFO - Processing /usr/local/python/3.12.1/lib/python3.12/site-packages/airflow/example_dags/example_task_group_decorator.py took 0.209 seconds
[2026-05-20T14:46:26.034+0000] {processor.py:186} INFO - Started process (PID=45828) to work on /usr/local/python/3.12.1/lib/python3.12/site-packages/airflow/example_dags/example_task_group_decorator.py
[2026-05-20T14:46:26.035+0000] {processor.py:914} INFO - Processing file /usr/local/python/3.12.1/lib/python3.12/site-packages/airflow/example_dags/example_task_group_decorator.py for tasks to queue
[2026-05-20T14:46:26.037+0000] {logging_mixin.py:190} INFO - [2026-05-20T14:46:26.037+0000] {dagbag.py:588} INFO - Filling up the DagBag from /usr/local/python/3.12.1/lib/python3.12/site-packages/airflow/example_dags/example_task_group_decorator.py
[2026-05-20T14:46:26.051+0000] {processor.py:925} INFO - DAG(s) 'example_task_group_decorator' retrieved from /usr/local/python/3.12.1/lib/python3.12/site-packages/airflow/example_dags/example_task_group_decorator.py
[2026-05-20T14:46:26.070+0000] {logging_mixin.py:190} INFO - [2026-05-20T14:46:26.070+0000] {dag.py:3239} INFO - Sync 1 DAGs
[2026-05-20T14:46:26.081+0000] {logging_mixin.py:190} INFO - [2026-05-20T14:46:26.080+0000] {dag.py:4180} INFO - Setting next_dagrun for example_task_group_decorator to None, run_after=None
[2026-05-20T14:46:26.098+0000] {processor.py:208} INFO - Processing /usr/local/python/3.12.1/lib/python3.12/site-packages/airflow/example_dags/example_task_group_decorator.py took 0.070 seconds
[2026-05-20T14:47:25.198+0000] {processor.py:186} INFO - Started process (PID=46603) to work on /usr/local/python/3.12.1/lib/python3.12/site-packages/airflow/example_dags/example_task_group_decorator.py
[2026-05-20T14:47:25.199+0000] {processor.py:914} INFO - Processing file /usr/local/python/3.12.1/lib/python3.12/site-packages/airflow/example_dags/example_task_group_decorator.py for tasks to queue
[2026-05-20T14:47:25.201+0000] {logging_mixin.py:190} INFO - [2026-05-20T14:47:25.201+0000] {dagbag.py:588} INFO - Filling up the DagBag from /usr/local/python/3.12.1/lib/python3.12/site-packages/airflow/example_dags/example_task_group_decorator.py
[2026-05-20T14:47:25.213+0000] {processor.py:925} INFO - DAG(s) 'example_task_group_decorator' retrieved from /usr/local/python/3.12.1/lib/python3.12/site-packages/airflow/example_dags/example_task_group_decorator.py
[2026-05-20T14:47:25.231+0000] {logging_mixin.py:190} INFO - [2026-05-20T14:47:25.231+0000] {dag.py:3239} INFO - Sync 1 DAGs
[2026-05-20T14:47:25.243+0000] {logging_mixin.py:190} INFO - [2026-05-20T14:47:25.242+0000] {dag.py:4180} INFO - Setting next_dagrun for example_task_group_decorator to None, run_after=None
[2026-05-20T14:47:25.262+0000] {processor.py:208} INFO - Processing /usr/local/python/3.12.1/lib/python3.12/site-packages/airflow/example_dags/example_task_group_decorator.py took 0.070 seconds
[2026-05-20T14:52:09.057+0000] {processor.py:186} INFO - Started process (PID=49934) to work on /usr/local/python/3.12.1/lib/python3.12/site-packages/airflow/example_dags/example_task_group_decorator.py
[2026-05-20T14:52:09.059+0000] {processor.py:914} INFO - Processing file /usr/local/python/3.12.1/lib/python3.12/site-packages/airflow/example_dags/example_task_group_decorator.py for tasks to queue
[2026-05-20T14:52:09.061+0000] {logging_mixin.py:190} INFO - [2026-05-20T14:52:09.061+0000] {dagbag.py:588} INFO - Filling up the DagBag from /usr/local/python/3.12.1/lib/python3.12/site-packages/airflow/example_dags/example_task_group_decorator.py
[2026-05-20T14:52:09.074+0000] {processor.py:925} INFO - DAG(s) 'example_task_group_decorator' retrieved from /usr/local/python/3.12.1/lib/python3.12/site-packages/airflow/example_dags/example_task_group_decorator.py
[2026-05-20T14:52:09.185+0000] {logging_mixin.py:190} INFO - [2026-05-20T14:52:09.185+0000] {dag.py:3239} INFO - Sync 1 DAGs
[2026-05-20T14:52:09.200+0000] {logging_mixin.py:190} INFO - [2026-05-20T14:52:09.200+0000] {dag.py:4180} INFO - Setting next_dagrun for example_task_group_decorator to None, run_after=None
[2026-05-20T14:52:09.236+0000] {processor.py:208} INFO - Processing /usr/local/python/3.12.1/lib/python3.12/site-packages/airflow/example_dags/example_task_group_decorator.py took 0.183 seconds
[2026-05-20T14:53:09.191+0000] {processor.py:186} INFO - Started process (PID=50840) to work on /usr/local/python/3.12.1/lib/python3.12/site-packages/airflow/example_dags/example_task_group_decorator.py
[2026-05-20T14:53:09.192+0000] {processor.py:914} INFO - Processing file /usr/local/python/3.12.1/lib/python3.12/site-packages/airflow/example_dags/example_task_group_decorator.py for tasks to queue
[2026-05-20T14:53:09.194+0000] {logging_mixin.py:190} INFO - [2026-05-20T14:53:09.193+0000] {dagbag.py:588} INFO - Filling up the DagBag from /usr/local/python/3.12.1/lib/python3.12/site-packages/airflow/example_dags/example_task_group_decorator.py
[2026-05-20T14:53:09.206+0000] {processor.py:925} INFO - DAG(s) 'example_task_group_decorator' retrieved from /usr/local/python/3.12.1/lib/python3.12/site-packages/airflow/example_dags/example_task_group_decorator.py
[2026-05-20T14:53:09.230+0000] {logging_mixin.py:190} INFO - [2026-05-20T14:53:09.230+0000] {dag.py:3239} INFO - Sync 1 DAGs
[2026-05-20T14:53:09.248+0000] {logging_mixin.py:190} INFO - [2026-05-20T14:53:09.247+0000] {dag.py:4180} INFO - Setting next_dagrun for example_task_group_decorator to None, run_after=None
[2026-05-20T14:53:09.284+0000] {processor.py:208} INFO - Processing /usr/local/python/3.12.1/lib/python3.12/site-packages/airflow/example_dags/example_task_group_decorator.py took 0.098 seconds
[2026-05-20T14:54:04.154+0000] {processor.py:186} INFO - Started process (PID=51776) to work on /usr/local/python/3.12.1/lib/python3.12/site-packages/airflow/example_dags/example_task_group_decorator.py
[2026-05-20T14:54:04.155+0000] {processor.py:914} INFO - Processing file /usr/local/python/3.12.1/lib/python3.12/site-packages/airflow/example_dags/example_task_group_decorator.py for tasks to queue
[2026-05-20T14:54:04.157+0000] {logging_mixin.py:190} INFO - [2026-05-20T14:54:04.157+0000] {dagbag.py:588} INFO - Filling up the DagBag from /usr/local/python/3.12.1/lib/python3.12/site-packages/airflow/example_dags/example_task_group_decorator.py
[2026-05-20T14:54:04.172+0000] {processor.py:925} INFO - DAG(s) 'example_task_group_decorator' retrieved from /usr/local/python/3.12.1/lib/python3.12/site-packages/airflow/example_dags/example_task_group_decorator.py
[2026-05-20T14:54:04.189+0000] {logging_mixin.py:190} INFO - [2026-05-20T14:54:04.188+0000] {dag.py:3239} INFO - Sync 1 DAGs
[2026-05-20T14:54:04.200+0000] {logging_mixin.py:190} INFO - [2026-05-20T14:54:04.199+0000] {dag.py:4180} INFO - Setting next_dagrun for example_task_group_decorator to None, run_after=None
[2026-05-20T14:54:04.218+0000] {processor.py:208} INFO - Processing /usr/local/python/3.12.1/lib/python3.12/site-packages/airflow/example_dags/example_task_group_decorator.py took 0.071 seconds
