[2026-05-20T14:37:40.643+0000] {processor.py:186} INFO - Started process (PID=38238) to work on /usr/local/python/3.12.1/lib/python3.12/site-packages/airflow/example_dags/example_external_task_marker_dag.py
[2026-05-20T14:37:40.644+0000] {processor.py:914} INFO - Processing file /usr/local/python/3.12.1/lib/python3.12/site-packages/airflow/example_dags/example_external_task_marker_dag.py for tasks to queue
[2026-05-20T14:37:40.647+0000] {logging_mixin.py:190} INFO - [2026-05-20T14:37:40.646+0000] {dagbag.py:588} INFO - Filling up the DagBag from /usr/local/python/3.12.1/lib/python3.12/site-packages/airflow/example_dags/example_external_task_marker_dag.py
[2026-05-20T14:37:40.654+0000] {processor.py:925} INFO - DAG(s) 'example_external_task_marker_child', 'example_external_task_marker_parent' retrieved from /usr/local/python/3.12.1/lib/python3.12/site-packages/airflow/example_dags/example_external_task_marker_dag.py
[2026-05-20T14:37:40.671+0000] {logging_mixin.py:190} INFO - [2026-05-20T14:37:40.670+0000] {dag.py:3239} INFO - Sync 2 DAGs
[2026-05-20T14:37:40.683+0000] {logging_mixin.py:190} INFO - [2026-05-20T14:37:40.683+0000] {dag.py:4180} INFO - Setting next_dagrun for example_external_task_marker_child to None, run_after=None
[2026-05-20T14:37:40.686+0000] {logging_mixin.py:190} INFO - [2026-05-20T14:37:40.686+0000] {dag.py:4180} INFO - Setting next_dagrun for example_external_task_marker_parent to None, run_after=None
[2026-05-20T14:37:40.703+0000] {processor.py:208} INFO - Processing /usr/local/python/3.12.1/lib/python3.12/site-packages/airflow/example_dags/example_external_task_marker_dag.py took 0.066 seconds
[2026-05-20T14:38:34.949+0000] {processor.py:186} INFO - Started process (PID=38761) to work on /usr/local/python/3.12.1/lib/python3.12/site-packages/airflow/example_dags/example_external_task_marker_dag.py
[2026-05-20T14:38:34.950+0000] {processor.py:914} INFO - Processing file /usr/local/python/3.12.1/lib/python3.12/site-packages/airflow/example_dags/example_external_task_marker_dag.py for tasks to queue
[2026-05-20T14:38:34.951+0000] {logging_mixin.py:190} INFO - [2026-05-20T14:38:34.951+0000] {dagbag.py:588} INFO - Filling up the DagBag from /usr/local/python/3.12.1/lib/python3.12/site-packages/airflow/example_dags/example_external_task_marker_dag.py
[2026-05-20T14:38:34.960+0000] {processor.py:925} INFO - DAG(s) 'example_external_task_marker_child', 'example_external_task_marker_parent' retrieved from /usr/local/python/3.12.1/lib/python3.12/site-packages/airflow/example_dags/example_external_task_marker_dag.py
[2026-05-20T14:38:34.975+0000] {logging_mixin.py:190} INFO - [2026-05-20T14:38:34.975+0000] {dag.py:3239} INFO - Sync 2 DAGs
[2026-05-20T14:38:34.986+0000] {logging_mixin.py:190} INFO - [2026-05-20T14:38:34.986+0000] {dag.py:4180} INFO - Setting next_dagrun for example_external_task_marker_child to None, run_after=None
[2026-05-20T14:38:34.989+0000] {logging_mixin.py:190} INFO - [2026-05-20T14:38:34.989+0000] {dag.py:4180} INFO - Setting next_dagrun for example_external_task_marker_parent to None, run_after=None
[2026-05-20T14:38:35.004+0000] {processor.py:208} INFO - Processing /usr/local/python/3.12.1/lib/python3.12/site-packages/airflow/example_dags/example_external_task_marker_dag.py took 0.061 seconds
[2026-05-20T14:39:30.515+0000] {processor.py:186} INFO - Started process (PID=39456) to work on /usr/local/python/3.12.1/lib/python3.12/site-packages/airflow/example_dags/example_external_task_marker_dag.py
[2026-05-20T14:39:30.516+0000] {processor.py:914} INFO - Processing file /usr/local/python/3.12.1/lib/python3.12/site-packages/airflow/example_dags/example_external_task_marker_dag.py for tasks to queue
[2026-05-20T14:39:30.518+0000] {logging_mixin.py:190} INFO - [2026-05-20T14:39:30.518+0000] {dagbag.py:588} INFO - Filling up the DagBag from /usr/local/python/3.12.1/lib/python3.12/site-packages/airflow/example_dags/example_external_task_marker_dag.py
[2026-05-20T14:39:30.525+0000] {processor.py:925} INFO - DAG(s) 'example_external_task_marker_parent', 'example_external_task_marker_child' retrieved from /usr/local/python/3.12.1/lib/python3.12/site-packages/airflow/example_dags/example_external_task_marker_dag.py
[2026-05-20T14:39:30.545+0000] {logging_mixin.py:190} INFO - [2026-05-20T14:39:30.544+0000] {dag.py:3239} INFO - Sync 2 DAGs
[2026-05-20T14:39:30.556+0000] {logging_mixin.py:190} INFO - [2026-05-20T14:39:30.556+0000] {dag.py:4180} INFO - Setting next_dagrun for example_external_task_marker_child to None, run_after=None
[2026-05-20T14:39:30.559+0000] {logging_mixin.py:190} INFO - [2026-05-20T14:39:30.559+0000] {dag.py:4180} INFO - Setting next_dagrun for example_external_task_marker_parent to None, run_after=None
[2026-05-20T14:39:30.576+0000] {processor.py:208} INFO - Processing /usr/local/python/3.12.1/lib/python3.12/site-packages/airflow/example_dags/example_external_task_marker_dag.py took 0.065 seconds
[2026-05-20T14:40:22.463+0000] {processor.py:186} INFO - Started process (PID=39925) to work on /usr/local/python/3.12.1/lib/python3.12/site-packages/airflow/example_dags/example_external_task_marker_dag.py
[2026-05-20T14:40:22.464+0000] {processor.py:914} INFO - Processing file /usr/local/python/3.12.1/lib/python3.12/site-packages/airflow/example_dags/example_external_task_marker_dag.py for tasks to queue
[2026-05-20T14:40:22.466+0000] {logging_mixin.py:190} INFO - [2026-05-20T14:40:22.466+0000] {dagbag.py:588} INFO - Filling up the DagBag from /usr/local/python/3.12.1/lib/python3.12/site-packages/airflow/example_dags/example_external_task_marker_dag.py
[2026-05-20T14:40:22.473+0000] {processor.py:925} INFO - DAG(s) 'example_external_task_marker_child', 'example_external_task_marker_parent' retrieved from /usr/local/python/3.12.1/lib/python3.12/site-packages/airflow/example_dags/example_external_task_marker_dag.py
[2026-05-20T14:40:22.489+0000] {logging_mixin.py:190} INFO - [2026-05-20T14:40:22.489+0000] {dag.py:3239} INFO - Sync 2 DAGs
[2026-05-20T14:40:22.499+0000] {logging_mixin.py:190} INFO - [2026-05-20T14:40:22.499+0000] {dag.py:4180} INFO - Setting next_dagrun for example_external_task_marker_child to None, run_after=None
[2026-05-20T14:40:22.502+0000] {logging_mixin.py:190} INFO - [2026-05-20T14:40:22.502+0000] {dag.py:4180} INFO - Setting next_dagrun for example_external_task_marker_parent to None, run_after=None
[2026-05-20T14:40:22.519+0000] {processor.py:208} INFO - Processing /usr/local/python/3.12.1/lib/python3.12/site-packages/airflow/example_dags/example_external_task_marker_dag.py took 0.060 seconds
[2026-05-20T14:41:18.098+0000] {processor.py:186} INFO - Started process (PID=41169) to work on /usr/local/python/3.12.1/lib/python3.12/site-packages/airflow/example_dags/example_external_task_marker_dag.py
[2026-05-20T14:41:18.101+0000] {processor.py:914} INFO - Processing file /usr/local/python/3.12.1/lib/python3.12/site-packages/airflow/example_dags/example_external_task_marker_dag.py for tasks to queue
[2026-05-20T14:41:18.106+0000] {logging_mixin.py:190} INFO - [2026-05-20T14:41:18.106+0000] {dagbag.py:588} INFO - Filling up the DagBag from /usr/local/python/3.12.1/lib/python3.12/site-packages/airflow/example_dags/example_external_task_marker_dag.py
[2026-05-20T14:41:18.117+0000] {processor.py:925} INFO - DAG(s) 'example_external_task_marker_parent', 'example_external_task_marker_child' retrieved from /usr/local/python/3.12.1/lib/python3.12/site-packages/airflow/example_dags/example_external_task_marker_dag.py
[2026-05-20T14:41:18.154+0000] {logging_mixin.py:190} INFO - [2026-05-20T14:41:18.153+0000] {dag.py:3239} INFO - Sync 2 DAGs
[2026-05-20T14:41:18.237+0000] {logging_mixin.py:190} INFO - [2026-05-20T14:41:18.232+0000] {dag.py:4180} INFO - Setting next_dagrun for example_external_task_marker_child to None, run_after=None
[2026-05-20T14:41:18.256+0000] {logging_mixin.py:190} INFO - [2026-05-20T14:41:18.253+0000] {dag.py:4180} INFO - Setting next_dagrun for example_external_task_marker_parent to None, run_after=None
[2026-05-20T14:41:18.340+0000] {processor.py:208} INFO - Processing /usr/local/python/3.12.1/lib/python3.12/site-packages/airflow/example_dags/example_external_task_marker_dag.py took 0.257 seconds
[2026-05-20T14:42:11.599+0000] {processor.py:186} INFO - Started process (PID=41913) to work on /usr/local/python/3.12.1/lib/python3.12/site-packages/airflow/example_dags/example_external_task_marker_dag.py
[2026-05-20T14:42:11.600+0000] {processor.py:914} INFO - Processing file /usr/local/python/3.12.1/lib/python3.12/site-packages/airflow/example_dags/example_external_task_marker_dag.py for tasks to queue
[2026-05-20T14:42:11.601+0000] {logging_mixin.py:190} INFO - [2026-05-20T14:42:11.601+0000] {dagbag.py:588} INFO - Filling up the DagBag from /usr/local/python/3.12.1/lib/python3.12/site-packages/airflow/example_dags/example_external_task_marker_dag.py
[2026-05-20T14:42:11.608+0000] {processor.py:925} INFO - DAG(s) 'example_external_task_marker_parent', 'example_external_task_marker_child' retrieved from /usr/local/python/3.12.1/lib/python3.12/site-packages/airflow/example_dags/example_external_task_marker_dag.py
[2026-05-20T14:42:11.623+0000] {logging_mixin.py:190} INFO - [2026-05-20T14:42:11.623+0000] {dag.py:3239} INFO - Sync 2 DAGs
[2026-05-20T14:42:11.637+0000] {logging_mixin.py:190} INFO - [2026-05-20T14:42:11.637+0000] {dag.py:4180} INFO - Setting next_dagrun for example_external_task_marker_child to None, run_after=None
[2026-05-20T14:42:11.641+0000] {logging_mixin.py:190} INFO - [2026-05-20T14:42:11.641+0000] {dag.py:4180} INFO - Setting next_dagrun for example_external_task_marker_parent to None, run_after=None
[2026-05-20T14:42:11.656+0000] {processor.py:208} INFO - Processing /usr/local/python/3.12.1/lib/python3.12/site-packages/airflow/example_dags/example_external_task_marker_dag.py took 0.061 seconds
[2026-05-20T14:43:03.183+0000] {processor.py:186} INFO - Started process (PID=42374) to work on /usr/local/python/3.12.1/lib/python3.12/site-packages/airflow/example_dags/example_external_task_marker_dag.py
[2026-05-20T14:43:03.184+0000] {processor.py:914} INFO - Processing file /usr/local/python/3.12.1/lib/python3.12/site-packages/airflow/example_dags/example_external_task_marker_dag.py for tasks to queue
[2026-05-20T14:43:03.187+0000] {logging_mixin.py:190} INFO - [2026-05-20T14:43:03.186+0000] {dagbag.py:588} INFO - Filling up the DagBag from /usr/local/python/3.12.1/lib/python3.12/site-packages/airflow/example_dags/example_external_task_marker_dag.py
[2026-05-20T14:43:03.197+0000] {processor.py:925} INFO - DAG(s) 'example_external_task_marker_parent', 'example_external_task_marker_child' retrieved from /usr/local/python/3.12.1/lib/python3.12/site-packages/airflow/example_dags/example_external_task_marker_dag.py
[2026-05-20T14:43:03.218+0000] {logging_mixin.py:190} INFO - [2026-05-20T14:43:03.218+0000] {dag.py:3239} INFO - Sync 2 DAGs
[2026-05-20T14:43:03.230+0000] {logging_mixin.py:190} INFO - [2026-05-20T14:43:03.230+0000] {dag.py:4180} INFO - Setting next_dagrun for example_external_task_marker_child to None, run_after=None
[2026-05-20T14:43:03.234+0000] {logging_mixin.py:190} INFO - [2026-05-20T14:43:03.234+0000] {dag.py:4180} INFO - Setting next_dagrun for example_external_task_marker_parent to None, run_after=None
[2026-05-20T14:43:03.254+0000] {processor.py:208} INFO - Processing /usr/local/python/3.12.1/lib/python3.12/site-packages/airflow/example_dags/example_external_task_marker_dag.py took 0.078 seconds
[2026-05-20T14:43:55.957+0000] {processor.py:186} INFO - Started process (PID=43102) to work on /usr/local/python/3.12.1/lib/python3.12/site-packages/airflow/example_dags/example_external_task_marker_dag.py
[2026-05-20T14:43:55.957+0000] {processor.py:914} INFO - Processing file /usr/local/python/3.12.1/lib/python3.12/site-packages/airflow/example_dags/example_external_task_marker_dag.py for tasks to queue
[2026-05-20T14:43:55.959+0000] {logging_mixin.py:190} INFO - [2026-05-20T14:43:55.959+0000] {dagbag.py:588} INFO - Filling up the DagBag from /usr/local/python/3.12.1/lib/python3.12/site-packages/airflow/example_dags/example_external_task_marker_dag.py
[2026-05-20T14:43:55.966+0000] {processor.py:925} INFO - DAG(s) 'example_external_task_marker_parent', 'example_external_task_marker_child' retrieved from /usr/local/python/3.12.1/lib/python3.12/site-packages/airflow/example_dags/example_external_task_marker_dag.py
[2026-05-20T14:43:55.982+0000] {logging_mixin.py:190} INFO - [2026-05-20T14:43:55.982+0000] {dag.py:3239} INFO - Sync 2 DAGs
[2026-05-20T14:43:55.992+0000] {logging_mixin.py:190} INFO - [2026-05-20T14:43:55.992+0000] {dag.py:4180} INFO - Setting next_dagrun for example_external_task_marker_child to None, run_after=None
[2026-05-20T14:43:55.995+0000] {logging_mixin.py:190} INFO - [2026-05-20T14:43:55.995+0000] {dag.py:4180} INFO - Setting next_dagrun for example_external_task_marker_parent to None, run_after=None
[2026-05-20T14:43:56.012+0000] {processor.py:208} INFO - Processing /usr/local/python/3.12.1/lib/python3.12/site-packages/airflow/example_dags/example_external_task_marker_dag.py took 0.060 seconds
[2026-05-20T14:44:50.348+0000] {processor.py:186} INFO - Started process (PID=43581) to work on /usr/local/python/3.12.1/lib/python3.12/site-packages/airflow/example_dags/example_external_task_marker_dag.py
[2026-05-20T14:44:50.351+0000] {processor.py:914} INFO - Processing file /usr/local/python/3.12.1/lib/python3.12/site-packages/airflow/example_dags/example_external_task_marker_dag.py for tasks to queue
[2026-05-20T14:44:50.354+0000] {logging_mixin.py:190} INFO - [2026-05-20T14:44:50.353+0000] {dagbag.py:588} INFO - Filling up the DagBag from /usr/local/python/3.12.1/lib/python3.12/site-packages/airflow/example_dags/example_external_task_marker_dag.py
[2026-05-20T14:44:50.363+0000] {processor.py:925} INFO - DAG(s) 'example_external_task_marker_parent', 'example_external_task_marker_child' retrieved from /usr/local/python/3.12.1/lib/python3.12/site-packages/airflow/example_dags/example_external_task_marker_dag.py
[2026-05-20T14:44:50.392+0000] {logging_mixin.py:190} INFO - [2026-05-20T14:44:50.391+0000] {dag.py:3239} INFO - Sync 2 DAGs
[2026-05-20T14:44:50.414+0000] {logging_mixin.py:190} INFO - [2026-05-20T14:44:50.413+0000] {dag.py:4180} INFO - Setting next_dagrun for example_external_task_marker_child to None, run_after=None
[2026-05-20T14:44:50.429+0000] {logging_mixin.py:190} INFO - [2026-05-20T14:44:50.426+0000] {dag.py:4180} INFO - Setting next_dagrun for example_external_task_marker_parent to None, run_after=None
[2026-05-20T14:44:50.504+0000] {processor.py:208} INFO - Processing /usr/local/python/3.12.1/lib/python3.12/site-packages/airflow/example_dags/example_external_task_marker_dag.py took 0.163 seconds
[2026-05-20T14:45:52.786+0000] {processor.py:186} INFO - Started process (PID=45425) to work on /usr/local/python/3.12.1/lib/python3.12/site-packages/airflow/example_dags/example_external_task_marker_dag.py
[2026-05-20T14:45:52.789+0000] {processor.py:914} INFO - Processing file /usr/local/python/3.12.1/lib/python3.12/site-packages/airflow/example_dags/example_external_task_marker_dag.py for tasks to queue
[2026-05-20T14:45:52.802+0000] {logging_mixin.py:190} INFO - [2026-05-20T14:45:52.798+0000] {dagbag.py:588} INFO - Filling up the DagBag from /usr/local/python/3.12.1/lib/python3.12/site-packages/airflow/example_dags/example_external_task_marker_dag.py
[2026-05-20T14:45:52.831+0000] {processor.py:925} INFO - DAG(s) 'example_external_task_marker_parent', 'example_external_task_marker_child' retrieved from /usr/local/python/3.12.1/lib/python3.12/site-packages/airflow/example_dags/example_external_task_marker_dag.py
[2026-05-20T14:45:52.936+0000] {logging_mixin.py:190} INFO - [2026-05-20T14:45:52.933+0000] {dag.py:3239} INFO - Sync 2 DAGs
[2026-05-20T14:45:52.976+0000] {logging_mixin.py:190} INFO - [2026-05-20T14:45:52.975+0000] {dag.py:4180} INFO - Setting next_dagrun for example_external_task_marker_child to None, run_after=None
[2026-05-20T14:45:52.984+0000] {logging_mixin.py:190} INFO - [2026-05-20T14:45:52.984+0000] {dag.py:4180} INFO - Setting next_dagrun for example_external_task_marker_parent to None, run_after=None
[2026-05-20T14:45:53.039+0000] {processor.py:208} INFO - Processing /usr/local/python/3.12.1/lib/python3.12/site-packages/airflow/example_dags/example_external_task_marker_dag.py took 0.281 seconds
[2026-05-20T14:46:52.940+0000] {processor.py:186} INFO - Started process (PID=46195) to work on /usr/local/python/3.12.1/lib/python3.12/site-packages/airflow/example_dags/example_external_task_marker_dag.py
[2026-05-20T14:46:52.941+0000] {processor.py:914} INFO - Processing file /usr/local/python/3.12.1/lib/python3.12/site-packages/airflow/example_dags/example_external_task_marker_dag.py for tasks to queue
[2026-05-20T14:46:52.944+0000] {logging_mixin.py:190} INFO - [2026-05-20T14:46:52.943+0000] {dagbag.py:588} INFO - Filling up the DagBag from /usr/local/python/3.12.1/lib/python3.12/site-packages/airflow/example_dags/example_external_task_marker_dag.py
[2026-05-20T14:46:52.952+0000] {processor.py:925} INFO - DAG(s) 'example_external_task_marker_parent', 'example_external_task_marker_child' retrieved from /usr/local/python/3.12.1/lib/python3.12/site-packages/airflow/example_dags/example_external_task_marker_dag.py
[2026-05-20T14:46:52.967+0000] {logging_mixin.py:190} INFO - [2026-05-20T14:46:52.967+0000] {dag.py:3239} INFO - Sync 2 DAGs
[2026-05-20T14:46:52.980+0000] {logging_mixin.py:190} INFO - [2026-05-20T14:46:52.979+0000] {dag.py:4180} INFO - Setting next_dagrun for example_external_task_marker_child to None, run_after=None
[2026-05-20T14:46:52.984+0000] {logging_mixin.py:190} INFO - [2026-05-20T14:46:52.984+0000] {dag.py:4180} INFO - Setting next_dagrun for example_external_task_marker_parent to None, run_after=None
[2026-05-20T14:46:53.000+0000] {processor.py:208} INFO - Processing /usr/local/python/3.12.1/lib/python3.12/site-packages/airflow/example_dags/example_external_task_marker_dag.py took 0.067 seconds
[2026-05-20T14:52:30.555+0000] {processor.py:186} INFO - Started process (PID=50226) to work on /usr/local/python/3.12.1/lib/python3.12/site-packages/airflow/example_dags/example_external_task_marker_dag.py
[2026-05-20T14:52:30.556+0000] {processor.py:914} INFO - Processing file /usr/local/python/3.12.1/lib/python3.12/site-packages/airflow/example_dags/example_external_task_marker_dag.py for tasks to queue
[2026-05-20T14:52:30.558+0000] {logging_mixin.py:190} INFO - [2026-05-20T14:52:30.558+0000] {dagbag.py:588} INFO - Filling up the DagBag from /usr/local/python/3.12.1/lib/python3.12/site-packages/airflow/example_dags/example_external_task_marker_dag.py
[2026-05-20T14:52:30.566+0000] {processor.py:925} INFO - DAG(s) 'example_external_task_marker_parent', 'example_external_task_marker_child' retrieved from /usr/local/python/3.12.1/lib/python3.12/site-packages/airflow/example_dags/example_external_task_marker_dag.py
[2026-05-20T14:52:30.669+0000] {logging_mixin.py:190} INFO - [2026-05-20T14:52:30.668+0000] {dag.py:3239} INFO - Sync 2 DAGs
[2026-05-20T14:52:30.681+0000] {logging_mixin.py:190} INFO - [2026-05-20T14:52:30.680+0000] {dag.py:4180} INFO - Setting next_dagrun for example_external_task_marker_child to None, run_after=None
[2026-05-20T14:52:30.683+0000] {logging_mixin.py:190} INFO - [2026-05-20T14:52:30.683+0000] {dag.py:4180} INFO - Setting next_dagrun for example_external_task_marker_parent to None, run_after=None
[2026-05-20T14:52:30.701+0000] {processor.py:208} INFO - Processing /usr/local/python/3.12.1/lib/python3.12/site-packages/airflow/example_dags/example_external_task_marker_dag.py took 0.150 seconds
[2026-05-20T14:53:28.104+0000] {processor.py:186} INFO - Started process (PID=51123) to work on /usr/local/python/3.12.1/lib/python3.12/site-packages/airflow/example_dags/example_external_task_marker_dag.py
[2026-05-20T14:53:28.105+0000] {processor.py:914} INFO - Processing file /usr/local/python/3.12.1/lib/python3.12/site-packages/airflow/example_dags/example_external_task_marker_dag.py for tasks to queue
[2026-05-20T14:53:28.107+0000] {logging_mixin.py:190} INFO - [2026-05-20T14:53:28.107+0000] {dagbag.py:588} INFO - Filling up the DagBag from /usr/local/python/3.12.1/lib/python3.12/site-packages/airflow/example_dags/example_external_task_marker_dag.py
[2026-05-20T14:53:28.114+0000] {processor.py:925} INFO - DAG(s) 'example_external_task_marker_parent', 'example_external_task_marker_child' retrieved from /usr/local/python/3.12.1/lib/python3.12/site-packages/airflow/example_dags/example_external_task_marker_dag.py
[2026-05-20T14:53:28.130+0000] {logging_mixin.py:190} INFO - [2026-05-20T14:53:28.130+0000] {dag.py:3239} INFO - Sync 2 DAGs
[2026-05-20T14:53:28.143+0000] {logging_mixin.py:190} INFO - [2026-05-20T14:53:28.142+0000] {dag.py:4180} INFO - Setting next_dagrun for example_external_task_marker_child to None, run_after=None
[2026-05-20T14:53:28.146+0000] {logging_mixin.py:190} INFO - [2026-05-20T14:53:28.146+0000] {dag.py:4180} INFO - Setting next_dagrun for example_external_task_marker_parent to None, run_after=None
[2026-05-20T14:53:28.163+0000] {processor.py:208} INFO - Processing /usr/local/python/3.12.1/lib/python3.12/site-packages/airflow/example_dags/example_external_task_marker_dag.py took 0.063 seconds
