[2026-05-20T14:37:32.526+0000] {processor.py:186} INFO - Started process (PID=38121) to work on /usr/local/python/3.12.1/lib/python3.12/site-packages/airflow/example_dags/example_params_trigger_ui.py
[2026-05-20T14:37:32.527+0000] {processor.py:914} INFO - Processing file /usr/local/python/3.12.1/lib/python3.12/site-packages/airflow/example_dags/example_params_trigger_ui.py for tasks to queue
[2026-05-20T14:37:32.529+0000] {logging_mixin.py:190} INFO - [2026-05-20T14:37:32.529+0000] {dagbag.py:588} INFO - Filling up the DagBag from /usr/local/python/3.12.1/lib/python3.12/site-packages/airflow/example_dags/example_params_trigger_ui.py
[2026-05-20T14:37:32.542+0000] {processor.py:925} INFO - DAG(s) 'example_params_trigger_ui' retrieved from /usr/local/python/3.12.1/lib/python3.12/site-packages/airflow/example_dags/example_params_trigger_ui.py
[2026-05-20T14:37:32.580+0000] {logging_mixin.py:190} INFO - [2026-05-20T14:37:32.580+0000] {dag.py:3239} INFO - Sync 1 DAGs
[2026-05-20T14:37:32.595+0000] {logging_mixin.py:190} INFO - [2026-05-20T14:37:32.595+0000] {dag.py:4180} INFO - Setting next_dagrun for example_params_trigger_ui to None, run_after=None
[2026-05-20T14:37:32.614+0000] {processor.py:208} INFO - Processing /usr/local/python/3.12.1/lib/python3.12/site-packages/airflow/example_dags/example_params_trigger_ui.py took 0.092 seconds
[2026-05-20T14:38:27.436+0000] {processor.py:186} INFO - Started process (PID=38666) to work on /usr/local/python/3.12.1/lib/python3.12/site-packages/airflow/example_dags/example_params_trigger_ui.py
[2026-05-20T14:38:27.440+0000] {processor.py:914} INFO - Processing file /usr/local/python/3.12.1/lib/python3.12/site-packages/airflow/example_dags/example_params_trigger_ui.py for tasks to queue
[2026-05-20T14:38:27.445+0000] {logging_mixin.py:190} INFO - [2026-05-20T14:38:27.444+0000] {dagbag.py:588} INFO - Filling up the DagBag from /usr/local/python/3.12.1/lib/python3.12/site-packages/airflow/example_dags/example_params_trigger_ui.py
[2026-05-20T14:38:27.471+0000] {processor.py:925} INFO - DAG(s) 'example_params_trigger_ui' retrieved from /usr/local/python/3.12.1/lib/python3.12/site-packages/airflow/example_dags/example_params_trigger_ui.py
[2026-05-20T14:38:27.529+0000] {logging_mixin.py:190} INFO - [2026-05-20T14:38:27.528+0000] {dag.py:3239} INFO - Sync 1 DAGs
[2026-05-20T14:38:27.544+0000] {logging_mixin.py:190} INFO - [2026-05-20T14:38:27.544+0000] {dag.py:4180} INFO - Setting next_dagrun for example_params_trigger_ui to None, run_after=None
[2026-05-20T14:38:27.575+0000] {processor.py:208} INFO - Processing /usr/local/python/3.12.1/lib/python3.12/site-packages/airflow/example_dags/example_params_trigger_ui.py took 0.158 seconds
[2026-05-20T14:39:22.628+0000] {processor.py:186} INFO - Started process (PID=39399) to work on /usr/local/python/3.12.1/lib/python3.12/site-packages/airflow/example_dags/example_params_trigger_ui.py
[2026-05-20T14:39:22.629+0000] {processor.py:914} INFO - Processing file /usr/local/python/3.12.1/lib/python3.12/site-packages/airflow/example_dags/example_params_trigger_ui.py for tasks to queue
[2026-05-20T14:39:22.631+0000] {logging_mixin.py:190} INFO - [2026-05-20T14:39:22.631+0000] {dagbag.py:588} INFO - Filling up the DagBag from /usr/local/python/3.12.1/lib/python3.12/site-packages/airflow/example_dags/example_params_trigger_ui.py
[2026-05-20T14:39:22.643+0000] {processor.py:925} INFO - DAG(s) 'example_params_trigger_ui' retrieved from /usr/local/python/3.12.1/lib/python3.12/site-packages/airflow/example_dags/example_params_trigger_ui.py
[2026-05-20T14:39:22.674+0000] {logging_mixin.py:190} INFO - [2026-05-20T14:39:22.674+0000] {dag.py:3239} INFO - Sync 1 DAGs
[2026-05-20T14:39:22.685+0000] {logging_mixin.py:190} INFO - [2026-05-20T14:39:22.685+0000] {dag.py:4180} INFO - Setting next_dagrun for example_params_trigger_ui to None, run_after=None
[2026-05-20T14:39:22.702+0000] {processor.py:208} INFO - Processing /usr/local/python/3.12.1/lib/python3.12/site-packages/airflow/example_dags/example_params_trigger_ui.py took 0.078 seconds
[2026-05-20T14:40:14.598+0000] {processor.py:186} INFO - Started process (PID=39875) to work on /usr/local/python/3.12.1/lib/python3.12/site-packages/airflow/example_dags/example_params_trigger_ui.py
[2026-05-20T14:40:14.599+0000] {processor.py:914} INFO - Processing file /usr/local/python/3.12.1/lib/python3.12/site-packages/airflow/example_dags/example_params_trigger_ui.py for tasks to queue
[2026-05-20T14:40:14.600+0000] {logging_mixin.py:190} INFO - [2026-05-20T14:40:14.600+0000] {dagbag.py:588} INFO - Filling up the DagBag from /usr/local/python/3.12.1/lib/python3.12/site-packages/airflow/example_dags/example_params_trigger_ui.py
[2026-05-20T14:40:14.610+0000] {processor.py:925} INFO - DAG(s) 'example_params_trigger_ui' retrieved from /usr/local/python/3.12.1/lib/python3.12/site-packages/airflow/example_dags/example_params_trigger_ui.py
[2026-05-20T14:40:14.645+0000] {logging_mixin.py:190} INFO - [2026-05-20T14:40:14.645+0000] {dag.py:3239} INFO - Sync 1 DAGs
[2026-05-20T14:40:14.655+0000] {logging_mixin.py:190} INFO - [2026-05-20T14:40:14.655+0000] {dag.py:4180} INFO - Setting next_dagrun for example_params_trigger_ui to None, run_after=None
[2026-05-20T14:40:14.673+0000] {processor.py:208} INFO - Processing /usr/local/python/3.12.1/lib/python3.12/site-packages/airflow/example_dags/example_params_trigger_ui.py took 0.080 seconds
[2026-05-20T14:41:08.567+0000] {processor.py:186} INFO - Started process (PID=41079) to work on /usr/local/python/3.12.1/lib/python3.12/site-packages/airflow/example_dags/example_params_trigger_ui.py
[2026-05-20T14:41:08.594+0000] {processor.py:914} INFO - Processing file /usr/local/python/3.12.1/lib/python3.12/site-packages/airflow/example_dags/example_params_trigger_ui.py for tasks to queue
[2026-05-20T14:41:08.597+0000] {logging_mixin.py:190} INFO - [2026-05-20T14:41:08.597+0000] {dagbag.py:588} INFO - Filling up the DagBag from /usr/local/python/3.12.1/lib/python3.12/site-packages/airflow/example_dags/example_params_trigger_ui.py
[2026-05-20T14:41:08.611+0000] {processor.py:925} INFO - DAG(s) 'example_params_trigger_ui' retrieved from /usr/local/python/3.12.1/lib/python3.12/site-packages/airflow/example_dags/example_params_trigger_ui.py
[2026-05-20T14:41:08.650+0000] {logging_mixin.py:190} INFO - [2026-05-20T14:41:08.650+0000] {dag.py:3239} INFO - Sync 1 DAGs
[2026-05-20T14:41:08.660+0000] {logging_mixin.py:190} INFO - [2026-05-20T14:41:08.660+0000] {dag.py:4180} INFO - Setting next_dagrun for example_params_trigger_ui to None, run_after=None
[2026-05-20T14:41:08.702+0000] {processor.py:208} INFO - Processing /usr/local/python/3.12.1/lib/python3.12/site-packages/airflow/example_dags/example_params_trigger_ui.py took 0.147 seconds
[2026-05-20T14:42:03.549+0000] {processor.py:186} INFO - Started process (PID=41781) to work on /usr/local/python/3.12.1/lib/python3.12/site-packages/airflow/example_dags/example_params_trigger_ui.py
[2026-05-20T14:42:03.549+0000] {processor.py:914} INFO - Processing file /usr/local/python/3.12.1/lib/python3.12/site-packages/airflow/example_dags/example_params_trigger_ui.py for tasks to queue
[2026-05-20T14:42:03.551+0000] {logging_mixin.py:190} INFO - [2026-05-20T14:42:03.551+0000] {dagbag.py:588} INFO - Filling up the DagBag from /usr/local/python/3.12.1/lib/python3.12/site-packages/airflow/example_dags/example_params_trigger_ui.py
[2026-05-20T14:42:03.562+0000] {processor.py:925} INFO - DAG(s) 'example_params_trigger_ui' retrieved from /usr/local/python/3.12.1/lib/python3.12/site-packages/airflow/example_dags/example_params_trigger_ui.py
[2026-05-20T14:42:03.591+0000] {logging_mixin.py:190} INFO - [2026-05-20T14:42:03.591+0000] {dag.py:3239} INFO - Sync 1 DAGs
[2026-05-20T14:42:03.603+0000] {logging_mixin.py:190} INFO - [2026-05-20T14:42:03.603+0000] {dag.py:4180} INFO - Setting next_dagrun for example_params_trigger_ui to None, run_after=None
[2026-05-20T14:42:03.620+0000] {processor.py:208} INFO - Processing /usr/local/python/3.12.1/lib/python3.12/site-packages/airflow/example_dags/example_params_trigger_ui.py took 0.076 seconds
[2026-05-20T14:42:56.602+0000] {processor.py:186} INFO - Started process (PID=42253) to work on /usr/local/python/3.12.1/lib/python3.12/site-packages/airflow/example_dags/example_params_trigger_ui.py
[2026-05-20T14:42:56.603+0000] {processor.py:914} INFO - Processing file /usr/local/python/3.12.1/lib/python3.12/site-packages/airflow/example_dags/example_params_trigger_ui.py for tasks to queue
[2026-05-20T14:42:56.606+0000] {logging_mixin.py:190} INFO - [2026-05-20T14:42:56.605+0000] {dagbag.py:588} INFO - Filling up the DagBag from /usr/local/python/3.12.1/lib/python3.12/site-packages/airflow/example_dags/example_params_trigger_ui.py
[2026-05-20T14:42:56.617+0000] {processor.py:925} INFO - DAG(s) 'example_params_trigger_ui' retrieved from /usr/local/python/3.12.1/lib/python3.12/site-packages/airflow/example_dags/example_params_trigger_ui.py
[2026-05-20T14:42:56.654+0000] {logging_mixin.py:190} INFO - [2026-05-20T14:42:56.653+0000] {dag.py:3239} INFO - Sync 1 DAGs
[2026-05-20T14:42:56.664+0000] {logging_mixin.py:190} INFO - [2026-05-20T14:42:56.664+0000] {dag.py:4180} INFO - Setting next_dagrun for example_params_trigger_ui to None, run_after=None
[2026-05-20T14:42:56.683+0000] {processor.py:208} INFO - Processing /usr/local/python/3.12.1/lib/python3.12/site-packages/airflow/example_dags/example_params_trigger_ui.py took 0.086 seconds
[2026-05-20T14:43:48.107+0000] {processor.py:186} INFO - Started process (PID=43036) to work on /usr/local/python/3.12.1/lib/python3.12/site-packages/airflow/example_dags/example_params_trigger_ui.py
[2026-05-20T14:43:48.108+0000] {processor.py:914} INFO - Processing file /usr/local/python/3.12.1/lib/python3.12/site-packages/airflow/example_dags/example_params_trigger_ui.py for tasks to queue
[2026-05-20T14:43:48.110+0000] {logging_mixin.py:190} INFO - [2026-05-20T14:43:48.110+0000] {dagbag.py:588} INFO - Filling up the DagBag from /usr/local/python/3.12.1/lib/python3.12/site-packages/airflow/example_dags/example_params_trigger_ui.py
[2026-05-20T14:43:48.120+0000] {processor.py:925} INFO - DAG(s) 'example_params_trigger_ui' retrieved from /usr/local/python/3.12.1/lib/python3.12/site-packages/airflow/example_dags/example_params_trigger_ui.py
[2026-05-20T14:43:48.155+0000] {logging_mixin.py:190} INFO - [2026-05-20T14:43:48.154+0000] {dag.py:3239} INFO - Sync 1 DAGs
[2026-05-20T14:43:48.165+0000] {logging_mixin.py:190} INFO - [2026-05-20T14:43:48.165+0000] {dag.py:4180} INFO - Setting next_dagrun for example_params_trigger_ui to None, run_after=None
[2026-05-20T14:43:48.183+0000] {processor.py:208} INFO - Processing /usr/local/python/3.12.1/lib/python3.12/site-packages/airflow/example_dags/example_params_trigger_ui.py took 0.080 seconds
[2026-05-20T14:44:42.653+0000] {processor.py:186} INFO - Started process (PID=43541) to work on /usr/local/python/3.12.1/lib/python3.12/site-packages/airflow/example_dags/example_params_trigger_ui.py
[2026-05-20T14:44:42.654+0000] {processor.py:914} INFO - Processing file /usr/local/python/3.12.1/lib/python3.12/site-packages/airflow/example_dags/example_params_trigger_ui.py for tasks to queue
[2026-05-20T14:44:42.656+0000] {logging_mixin.py:190} INFO - [2026-05-20T14:44:42.656+0000] {dagbag.py:588} INFO - Filling up the DagBag from /usr/local/python/3.12.1/lib/python3.12/site-packages/airflow/example_dags/example_params_trigger_ui.py
[2026-05-20T14:44:42.665+0000] {processor.py:925} INFO - DAG(s) 'example_params_trigger_ui' retrieved from /usr/local/python/3.12.1/lib/python3.12/site-packages/airflow/example_dags/example_params_trigger_ui.py
[2026-05-20T14:44:42.696+0000] {logging_mixin.py:190} INFO - [2026-05-20T14:44:42.696+0000] {dag.py:3239} INFO - Sync 1 DAGs
[2026-05-20T14:44:42.707+0000] {logging_mixin.py:190} INFO - [2026-05-20T14:44:42.707+0000] {dag.py:4180} INFO - Setting next_dagrun for example_params_trigger_ui to None, run_after=None
[2026-05-20T14:44:42.725+0000] {processor.py:208} INFO - Processing /usr/local/python/3.12.1/lib/python3.12/site-packages/airflow/example_dags/example_params_trigger_ui.py took 0.076 seconds
[2026-05-20T14:45:44.435+0000] {processor.py:186} INFO - Started process (PID=45265) to work on /usr/local/python/3.12.1/lib/python3.12/site-packages/airflow/example_dags/example_params_trigger_ui.py
[2026-05-20T14:45:44.438+0000] {processor.py:914} INFO - Processing file /usr/local/python/3.12.1/lib/python3.12/site-packages/airflow/example_dags/example_params_trigger_ui.py for tasks to queue
[2026-05-20T14:45:44.441+0000] {logging_mixin.py:190} INFO - [2026-05-20T14:45:44.440+0000] {dagbag.py:588} INFO - Filling up the DagBag from /usr/local/python/3.12.1/lib/python3.12/site-packages/airflow/example_dags/example_params_trigger_ui.py
[2026-05-20T14:45:44.462+0000] {processor.py:925} INFO - DAG(s) 'example_params_trigger_ui' retrieved from /usr/local/python/3.12.1/lib/python3.12/site-packages/airflow/example_dags/example_params_trigger_ui.py
[2026-05-20T14:45:44.543+0000] {logging_mixin.py:190} INFO - [2026-05-20T14:45:44.543+0000] {dag.py:3239} INFO - Sync 1 DAGs
[2026-05-20T14:45:44.578+0000] {logging_mixin.py:190} INFO - [2026-05-20T14:45:44.578+0000] {dag.py:4180} INFO - Setting next_dagrun for example_params_trigger_ui to None, run_after=None
[2026-05-20T14:45:44.660+0000] {processor.py:208} INFO - Processing /usr/local/python/3.12.1/lib/python3.12/site-packages/airflow/example_dags/example_params_trigger_ui.py took 0.236 seconds
[2026-05-20T14:46:46.415+0000] {processor.py:186} INFO - Started process (PID=46036) to work on /usr/local/python/3.12.1/lib/python3.12/site-packages/airflow/example_dags/example_params_trigger_ui.py
[2026-05-20T14:46:46.416+0000] {processor.py:914} INFO - Processing file /usr/local/python/3.12.1/lib/python3.12/site-packages/airflow/example_dags/example_params_trigger_ui.py for tasks to queue
[2026-05-20T14:46:46.417+0000] {logging_mixin.py:190} INFO - [2026-05-20T14:46:46.417+0000] {dagbag.py:588} INFO - Filling up the DagBag from /usr/local/python/3.12.1/lib/python3.12/site-packages/airflow/example_dags/example_params_trigger_ui.py
[2026-05-20T14:46:46.428+0000] {processor.py:925} INFO - DAG(s) 'example_params_trigger_ui' retrieved from /usr/local/python/3.12.1/lib/python3.12/site-packages/airflow/example_dags/example_params_trigger_ui.py
[2026-05-20T14:46:46.463+0000] {logging_mixin.py:190} INFO - [2026-05-20T14:46:46.463+0000] {dag.py:3239} INFO - Sync 1 DAGs
[2026-05-20T14:46:46.473+0000] {logging_mixin.py:190} INFO - [2026-05-20T14:46:46.473+0000] {dag.py:4180} INFO - Setting next_dagrun for example_params_trigger_ui to None, run_after=None
[2026-05-20T14:46:46.493+0000] {processor.py:208} INFO - Processing /usr/local/python/3.12.1/lib/python3.12/site-packages/airflow/example_dags/example_params_trigger_ui.py took 0.084 seconds
[2026-05-20T14:52:22.095+0000] {processor.py:186} INFO - Started process (PID=50083) to work on /usr/local/python/3.12.1/lib/python3.12/site-packages/airflow/example_dags/example_params_trigger_ui.py
[2026-05-20T14:52:22.097+0000] {processor.py:914} INFO - Processing file /usr/local/python/3.12.1/lib/python3.12/site-packages/airflow/example_dags/example_params_trigger_ui.py for tasks to queue
[2026-05-20T14:52:22.099+0000] {logging_mixin.py:190} INFO - [2026-05-20T14:52:22.098+0000] {dagbag.py:588} INFO - Filling up the DagBag from /usr/local/python/3.12.1/lib/python3.12/site-packages/airflow/example_dags/example_params_trigger_ui.py
[2026-05-20T14:52:22.108+0000] {processor.py:925} INFO - DAG(s) 'example_params_trigger_ui' retrieved from /usr/local/python/3.12.1/lib/python3.12/site-packages/airflow/example_dags/example_params_trigger_ui.py
[2026-05-20T14:52:22.220+0000] {logging_mixin.py:190} INFO - [2026-05-20T14:52:22.220+0000] {dag.py:3239} INFO - Sync 1 DAGs
[2026-05-20T14:52:22.232+0000] {logging_mixin.py:190} INFO - [2026-05-20T14:52:22.232+0000] {dag.py:4180} INFO - Setting next_dagrun for example_params_trigger_ui to None, run_after=None
[2026-05-20T14:52:22.253+0000] {processor.py:208} INFO - Processing /usr/local/python/3.12.1/lib/python3.12/site-packages/airflow/example_dags/example_params_trigger_ui.py took 0.162 seconds
[2026-05-20T14:53:19.506+0000] {processor.py:186} INFO - Started process (PID=51048) to work on /usr/local/python/3.12.1/lib/python3.12/site-packages/airflow/example_dags/example_params_trigger_ui.py
[2026-05-20T14:53:19.508+0000] {processor.py:914} INFO - Processing file /usr/local/python/3.12.1/lib/python3.12/site-packages/airflow/example_dags/example_params_trigger_ui.py for tasks to queue
[2026-05-20T14:53:19.510+0000] {logging_mixin.py:190} INFO - [2026-05-20T14:53:19.509+0000] {dagbag.py:588} INFO - Filling up the DagBag from /usr/local/python/3.12.1/lib/python3.12/site-packages/airflow/example_dags/example_params_trigger_ui.py
[2026-05-20T14:53:19.520+0000] {processor.py:925} INFO - DAG(s) 'example_params_trigger_ui' retrieved from /usr/local/python/3.12.1/lib/python3.12/site-packages/airflow/example_dags/example_params_trigger_ui.py
[2026-05-20T14:53:19.558+0000] {logging_mixin.py:190} INFO - [2026-05-20T14:53:19.558+0000] {dag.py:3239} INFO - Sync 1 DAGs
[2026-05-20T14:53:19.569+0000] {logging_mixin.py:190} INFO - [2026-05-20T14:53:19.569+0000] {dag.py:4180} INFO - Setting next_dagrun for example_params_trigger_ui to None, run_after=None
[2026-05-20T14:53:19.586+0000] {processor.py:208} INFO - Processing /usr/local/python/3.12.1/lib/python3.12/site-packages/airflow/example_dags/example_params_trigger_ui.py took 0.084 seconds
[2026-05-20T14:54:15.520+0000] {processor.py:186} INFO - Started process (PID=51981) to work on /usr/local/python/3.12.1/lib/python3.12/site-packages/airflow/example_dags/example_params_trigger_ui.py
[2026-05-20T14:54:15.522+0000] {processor.py:914} INFO - Processing file /usr/local/python/3.12.1/lib/python3.12/site-packages/airflow/example_dags/example_params_trigger_ui.py for tasks to queue
[2026-05-20T14:54:15.528+0000] {logging_mixin.py:190} INFO - [2026-05-20T14:54:15.524+0000] {dagbag.py:588} INFO - Filling up the DagBag from /usr/local/python/3.12.1/lib/python3.12/site-packages/airflow/example_dags/example_params_trigger_ui.py
[2026-05-20T14:54:15.555+0000] {processor.py:925} INFO - DAG(s) 'example_params_trigger_ui' retrieved from /usr/local/python/3.12.1/lib/python3.12/site-packages/airflow/example_dags/example_params_trigger_ui.py
[2026-05-20T14:54:15.684+0000] {logging_mixin.py:190} INFO - [2026-05-20T14:54:15.682+0000] {dag.py:3239} INFO - Sync 1 DAGs
[2026-05-20T14:54:15.710+0000] {logging_mixin.py:190} INFO - [2026-05-20T14:54:15.709+0000] {dag.py:4180} INFO - Setting next_dagrun for example_params_trigger_ui to None, run_after=None
[2026-05-20T14:54:15.760+0000] {processor.py:208} INFO - Processing /usr/local/python/3.12.1/lib/python3.12/site-packages/airflow/example_dags/example_params_trigger_ui.py took 0.248 seconds
