[2026-05-20T14:37:29.308+0000] {processor.py:186} INFO - Started process (PID=38028) to work on /usr/local/python/3.12.1/lib/python3.12/site-packages/airflow/example_dags/example_python_decorator.py
[2026-05-20T14:37:29.309+0000] {processor.py:914} INFO - Processing file /usr/local/python/3.12.1/lib/python3.12/site-packages/airflow/example_dags/example_python_decorator.py for tasks to queue
[2026-05-20T14:37:29.310+0000] {logging_mixin.py:190} INFO - [2026-05-20T14:37:29.310+0000] {dagbag.py:588} INFO - Filling up the DagBag from /usr/local/python/3.12.1/lib/python3.12/site-packages/airflow/example_dags/example_python_decorator.py
[2026-05-20T14:37:29.326+0000] {processor.py:925} INFO - DAG(s) 'example_python_decorator' retrieved from /usr/local/python/3.12.1/lib/python3.12/site-packages/airflow/example_dags/example_python_decorator.py
[2026-05-20T14:37:29.449+0000] {logging_mixin.py:190} INFO - [2026-05-20T14:37:29.449+0000] {dag.py:3239} INFO - Sync 1 DAGs
[2026-05-20T14:37:29.458+0000] {logging_mixin.py:190} INFO - [2026-05-20T14:37:29.458+0000] {dag.py:4180} INFO - Setting next_dagrun for example_python_decorator to None, run_after=None
[2026-05-20T14:37:29.477+0000] {processor.py:208} INFO - Processing /usr/local/python/3.12.1/lib/python3.12/site-packages/airflow/example_dags/example_python_decorator.py took 0.173 seconds
[2026-05-20T14:38:24.526+0000] {processor.py:186} INFO - Started process (PID=38650) to work on /usr/local/python/3.12.1/lib/python3.12/site-packages/airflow/example_dags/example_python_decorator.py
[2026-05-20T14:38:24.527+0000] {processor.py:914} INFO - Processing file /usr/local/python/3.12.1/lib/python3.12/site-packages/airflow/example_dags/example_python_decorator.py for tasks to queue
[2026-05-20T14:38:24.529+0000] {logging_mixin.py:190} INFO - [2026-05-20T14:38:24.529+0000] {dagbag.py:588} INFO - Filling up the DagBag from /usr/local/python/3.12.1/lib/python3.12/site-packages/airflow/example_dags/example_python_decorator.py
[2026-05-20T14:38:24.545+0000] {processor.py:925} INFO - DAG(s) 'example_python_decorator' retrieved from /usr/local/python/3.12.1/lib/python3.12/site-packages/airflow/example_dags/example_python_decorator.py
[2026-05-20T14:38:24.560+0000] {logging_mixin.py:190} INFO - [2026-05-20T14:38:24.560+0000] {dag.py:3239} INFO - Sync 1 DAGs
[2026-05-20T14:38:24.570+0000] {logging_mixin.py:190} INFO - [2026-05-20T14:38:24.570+0000] {dag.py:4180} INFO - Setting next_dagrun for example_python_decorator to None, run_after=None
[2026-05-20T14:38:24.589+0000] {processor.py:208} INFO - Processing /usr/local/python/3.12.1/lib/python3.12/site-packages/airflow/example_dags/example_python_decorator.py took 0.067 seconds
[2026-05-20T14:39:19.084+0000] {processor.py:186} INFO - Started process (PID=39375) to work on /usr/local/python/3.12.1/lib/python3.12/site-packages/airflow/example_dags/example_python_decorator.py
[2026-05-20T14:39:19.084+0000] {processor.py:914} INFO - Processing file /usr/local/python/3.12.1/lib/python3.12/site-packages/airflow/example_dags/example_python_decorator.py for tasks to queue
[2026-05-20T14:39:19.086+0000] {logging_mixin.py:190} INFO - [2026-05-20T14:39:19.086+0000] {dagbag.py:588} INFO - Filling up the DagBag from /usr/local/python/3.12.1/lib/python3.12/site-packages/airflow/example_dags/example_python_decorator.py
[2026-05-20T14:39:19.098+0000] {processor.py:925} INFO - DAG(s) 'example_python_decorator' retrieved from /usr/local/python/3.12.1/lib/python3.12/site-packages/airflow/example_dags/example_python_decorator.py
[2026-05-20T14:39:19.114+0000] {logging_mixin.py:190} INFO - [2026-05-20T14:39:19.114+0000] {dag.py:3239} INFO - Sync 1 DAGs
[2026-05-20T14:39:19.124+0000] {logging_mixin.py:190} INFO - [2026-05-20T14:39:19.124+0000] {dag.py:4180} INFO - Setting next_dagrun for example_python_decorator to None, run_after=None
[2026-05-20T14:39:19.144+0000] {processor.py:208} INFO - Processing /usr/local/python/3.12.1/lib/python3.12/site-packages/airflow/example_dags/example_python_decorator.py took 0.065 seconds
[2026-05-20T14:40:11.841+0000] {processor.py:186} INFO - Started process (PID=39841) to work on /usr/local/python/3.12.1/lib/python3.12/site-packages/airflow/example_dags/example_python_decorator.py
[2026-05-20T14:40:11.843+0000] {processor.py:914} INFO - Processing file /usr/local/python/3.12.1/lib/python3.12/site-packages/airflow/example_dags/example_python_decorator.py for tasks to queue
[2026-05-20T14:40:11.845+0000] {logging_mixin.py:190} INFO - [2026-05-20T14:40:11.845+0000] {dagbag.py:588} INFO - Filling up the DagBag from /usr/local/python/3.12.1/lib/python3.12/site-packages/airflow/example_dags/example_python_decorator.py
[2026-05-20T14:40:11.868+0000] {processor.py:925} INFO - DAG(s) 'example_python_decorator' retrieved from /usr/local/python/3.12.1/lib/python3.12/site-packages/airflow/example_dags/example_python_decorator.py
[2026-05-20T14:40:11.918+0000] {logging_mixin.py:190} INFO - [2026-05-20T14:40:11.918+0000] {dag.py:3239} INFO - Sync 1 DAGs
[2026-05-20T14:40:11.939+0000] {logging_mixin.py:190} INFO - [2026-05-20T14:40:11.939+0000] {dag.py:4180} INFO - Setting next_dagrun for example_python_decorator to None, run_after=None
[2026-05-20T14:40:11.968+0000] {processor.py:208} INFO - Processing /usr/local/python/3.12.1/lib/python3.12/site-packages/airflow/example_dags/example_python_decorator.py took 0.134 seconds
[2026-05-20T14:41:05.354+0000] {processor.py:186} INFO - Started process (PID=41029) to work on /usr/local/python/3.12.1/lib/python3.12/site-packages/airflow/example_dags/example_python_decorator.py
[2026-05-20T14:41:05.355+0000] {processor.py:914} INFO - Processing file /usr/local/python/3.12.1/lib/python3.12/site-packages/airflow/example_dags/example_python_decorator.py for tasks to queue
[2026-05-20T14:41:05.358+0000] {logging_mixin.py:190} INFO - [2026-05-20T14:41:05.357+0000] {dagbag.py:588} INFO - Filling up the DagBag from /usr/local/python/3.12.1/lib/python3.12/site-packages/airflow/example_dags/example_python_decorator.py
[2026-05-20T14:41:05.384+0000] {processor.py:925} INFO - DAG(s) 'example_python_decorator' retrieved from /usr/local/python/3.12.1/lib/python3.12/site-packages/airflow/example_dags/example_python_decorator.py
[2026-05-20T14:41:05.407+0000] {logging_mixin.py:190} INFO - [2026-05-20T14:41:05.406+0000] {dag.py:3239} INFO - Sync 1 DAGs
[2026-05-20T14:41:05.424+0000] {logging_mixin.py:190} INFO - [2026-05-20T14:41:05.423+0000] {dag.py:4180} INFO - Setting next_dagrun for example_python_decorator to None, run_after=None
[2026-05-20T14:41:05.453+0000] {processor.py:208} INFO - Processing /usr/local/python/3.12.1/lib/python3.12/site-packages/airflow/example_dags/example_python_decorator.py took 0.107 seconds
[2026-05-20T14:42:00.086+0000] {processor.py:186} INFO - Started process (PID=41692) to work on /usr/local/python/3.12.1/lib/python3.12/site-packages/airflow/example_dags/example_python_decorator.py
[2026-05-20T14:42:00.087+0000] {processor.py:914} INFO - Processing file /usr/local/python/3.12.1/lib/python3.12/site-packages/airflow/example_dags/example_python_decorator.py for tasks to queue
[2026-05-20T14:42:00.088+0000] {logging_mixin.py:190} INFO - [2026-05-20T14:42:00.088+0000] {dagbag.py:588} INFO - Filling up the DagBag from /usr/local/python/3.12.1/lib/python3.12/site-packages/airflow/example_dags/example_python_decorator.py
[2026-05-20T14:42:00.101+0000] {processor.py:925} INFO - DAG(s) 'example_python_decorator' retrieved from /usr/local/python/3.12.1/lib/python3.12/site-packages/airflow/example_dags/example_python_decorator.py
[2026-05-20T14:42:00.119+0000] {logging_mixin.py:190} INFO - [2026-05-20T14:42:00.118+0000] {dag.py:3239} INFO - Sync 1 DAGs
[2026-05-20T14:42:00.133+0000] {logging_mixin.py:190} INFO - [2026-05-20T14:42:00.132+0000] {dag.py:4180} INFO - Setting next_dagrun for example_python_decorator to None, run_after=None
[2026-05-20T14:42:00.153+0000] {processor.py:208} INFO - Processing /usr/local/python/3.12.1/lib/python3.12/site-packages/airflow/example_dags/example_python_decorator.py took 0.072 seconds
[2026-05-20T14:42:53.744+0000] {processor.py:186} INFO - Started process (PID=42241) to work on /usr/local/python/3.12.1/lib/python3.12/site-packages/airflow/example_dags/example_python_decorator.py
[2026-05-20T14:42:53.745+0000] {processor.py:914} INFO - Processing file /usr/local/python/3.12.1/lib/python3.12/site-packages/airflow/example_dags/example_python_decorator.py for tasks to queue
[2026-05-20T14:42:53.747+0000] {logging_mixin.py:190} INFO - [2026-05-20T14:42:53.746+0000] {dagbag.py:588} INFO - Filling up the DagBag from /usr/local/python/3.12.1/lib/python3.12/site-packages/airflow/example_dags/example_python_decorator.py
[2026-05-20T14:42:53.760+0000] {processor.py:925} INFO - DAG(s) 'example_python_decorator' retrieved from /usr/local/python/3.12.1/lib/python3.12/site-packages/airflow/example_dags/example_python_decorator.py
[2026-05-20T14:42:53.776+0000] {logging_mixin.py:190} INFO - [2026-05-20T14:42:53.775+0000] {dag.py:3239} INFO - Sync 1 DAGs
[2026-05-20T14:42:53.786+0000] {logging_mixin.py:190} INFO - [2026-05-20T14:42:53.786+0000] {dag.py:4180} INFO - Setting next_dagrun for example_python_decorator to None, run_after=None
[2026-05-20T14:42:53.805+0000] {processor.py:208} INFO - Processing /usr/local/python/3.12.1/lib/python3.12/site-packages/airflow/example_dags/example_python_decorator.py took 0.067 seconds
[2026-05-20T14:43:44.710+0000] {processor.py:186} INFO - Started process (PID=42974) to work on /usr/local/python/3.12.1/lib/python3.12/site-packages/airflow/example_dags/example_python_decorator.py
[2026-05-20T14:43:44.713+0000] {processor.py:914} INFO - Processing file /usr/local/python/3.12.1/lib/python3.12/site-packages/airflow/example_dags/example_python_decorator.py for tasks to queue
[2026-05-20T14:43:44.718+0000] {logging_mixin.py:190} INFO - [2026-05-20T14:43:44.717+0000] {dagbag.py:588} INFO - Filling up the DagBag from /usr/local/python/3.12.1/lib/python3.12/site-packages/airflow/example_dags/example_python_decorator.py
[2026-05-20T14:43:44.743+0000] {processor.py:925} INFO - DAG(s) 'example_python_decorator' retrieved from /usr/local/python/3.12.1/lib/python3.12/site-packages/airflow/example_dags/example_python_decorator.py
[2026-05-20T14:43:44.776+0000] {logging_mixin.py:190} INFO - [2026-05-20T14:43:44.775+0000] {dag.py:3239} INFO - Sync 1 DAGs
[2026-05-20T14:43:44.793+0000] {logging_mixin.py:190} INFO - [2026-05-20T14:43:44.792+0000] {dag.py:4180} INFO - Setting next_dagrun for example_python_decorator to None, run_after=None
[2026-05-20T14:43:44.825+0000] {processor.py:208} INFO - Processing /usr/local/python/3.12.1/lib/python3.12/site-packages/airflow/example_dags/example_python_decorator.py took 0.128 seconds
[2026-05-20T14:44:39.827+0000] {processor.py:186} INFO - Started process (PID=43499) to work on /usr/local/python/3.12.1/lib/python3.12/site-packages/airflow/example_dags/example_python_decorator.py
[2026-05-20T14:44:39.828+0000] {processor.py:914} INFO - Processing file /usr/local/python/3.12.1/lib/python3.12/site-packages/airflow/example_dags/example_python_decorator.py for tasks to queue
[2026-05-20T14:44:39.830+0000] {logging_mixin.py:190} INFO - [2026-05-20T14:44:39.830+0000] {dagbag.py:588} INFO - Filling up the DagBag from /usr/local/python/3.12.1/lib/python3.12/site-packages/airflow/example_dags/example_python_decorator.py
[2026-05-20T14:44:39.847+0000] {processor.py:925} INFO - DAG(s) 'example_python_decorator' retrieved from /usr/local/python/3.12.1/lib/python3.12/site-packages/airflow/example_dags/example_python_decorator.py
[2026-05-20T14:44:39.863+0000] {logging_mixin.py:190} INFO - [2026-05-20T14:44:39.863+0000] {dag.py:3239} INFO - Sync 1 DAGs
[2026-05-20T14:44:39.875+0000] {logging_mixin.py:190} INFO - [2026-05-20T14:44:39.874+0000] {dag.py:4180} INFO - Setting next_dagrun for example_python_decorator to None, run_after=None
[2026-05-20T14:44:39.893+0000] {processor.py:208} INFO - Processing /usr/local/python/3.12.1/lib/python3.12/site-packages/airflow/example_dags/example_python_decorator.py took 0.071 seconds
[2026-05-20T14:45:40.555+0000] {processor.py:186} INFO - Started process (PID=45025) to work on /usr/local/python/3.12.1/lib/python3.12/site-packages/airflow/example_dags/example_python_decorator.py
[2026-05-20T14:45:40.558+0000] {processor.py:914} INFO - Processing file /usr/local/python/3.12.1/lib/python3.12/site-packages/airflow/example_dags/example_python_decorator.py for tasks to queue
[2026-05-20T14:45:40.560+0000] {logging_mixin.py:190} INFO - [2026-05-20T14:45:40.560+0000] {dagbag.py:588} INFO - Filling up the DagBag from /usr/local/python/3.12.1/lib/python3.12/site-packages/airflow/example_dags/example_python_decorator.py
[2026-05-20T14:45:40.599+0000] {processor.py:925} INFO - DAG(s) 'example_python_decorator' retrieved from /usr/local/python/3.12.1/lib/python3.12/site-packages/airflow/example_dags/example_python_decorator.py
[2026-05-20T14:45:40.623+0000] {logging_mixin.py:190} INFO - [2026-05-20T14:45:40.623+0000] {dag.py:3239} INFO - Sync 1 DAGs
[2026-05-20T14:45:40.640+0000] {logging_mixin.py:190} INFO - [2026-05-20T14:45:40.640+0000] {dag.py:4180} INFO - Setting next_dagrun for example_python_decorator to None, run_after=None
[2026-05-20T14:45:40.674+0000] {processor.py:208} INFO - Processing /usr/local/python/3.12.1/lib/python3.12/site-packages/airflow/example_dags/example_python_decorator.py took 0.128 seconds
[2026-05-20T14:46:42.643+0000] {processor.py:186} INFO - Started process (PID=45960) to work on /usr/local/python/3.12.1/lib/python3.12/site-packages/airflow/example_dags/example_python_decorator.py
[2026-05-20T14:46:42.644+0000] {processor.py:914} INFO - Processing file /usr/local/python/3.12.1/lib/python3.12/site-packages/airflow/example_dags/example_python_decorator.py for tasks to queue
[2026-05-20T14:46:42.646+0000] {logging_mixin.py:190} INFO - [2026-05-20T14:46:42.646+0000] {dagbag.py:588} INFO - Filling up the DagBag from /usr/local/python/3.12.1/lib/python3.12/site-packages/airflow/example_dags/example_python_decorator.py
[2026-05-20T14:46:42.659+0000] {processor.py:925} INFO - DAG(s) 'example_python_decorator' retrieved from /usr/local/python/3.12.1/lib/python3.12/site-packages/airflow/example_dags/example_python_decorator.py
[2026-05-20T14:46:42.675+0000] {logging_mixin.py:190} INFO - [2026-05-20T14:46:42.675+0000] {dag.py:3239} INFO - Sync 1 DAGs
[2026-05-20T14:46:42.685+0000] {logging_mixin.py:190} INFO - [2026-05-20T14:46:42.685+0000] {dag.py:4180} INFO - Setting next_dagrun for example_python_decorator to None, run_after=None
[2026-05-20T14:46:42.702+0000] {processor.py:208} INFO - Processing /usr/local/python/3.12.1/lib/python3.12/site-packages/airflow/example_dags/example_python_decorator.py took 0.065 seconds
[2026-05-20T14:52:18.171+0000] {processor.py:186} INFO - Started process (PID=50015) to work on /usr/local/python/3.12.1/lib/python3.12/site-packages/airflow/example_dags/example_python_decorator.py
[2026-05-20T14:52:18.172+0000] {processor.py:914} INFO - Processing file /usr/local/python/3.12.1/lib/python3.12/site-packages/airflow/example_dags/example_python_decorator.py for tasks to queue
[2026-05-20T14:52:18.174+0000] {logging_mixin.py:190} INFO - [2026-05-20T14:52:18.173+0000] {dagbag.py:588} INFO - Filling up the DagBag from /usr/local/python/3.12.1/lib/python3.12/site-packages/airflow/example_dags/example_python_decorator.py
[2026-05-20T14:52:18.186+0000] {processor.py:925} INFO - DAG(s) 'example_python_decorator' retrieved from /usr/local/python/3.12.1/lib/python3.12/site-packages/airflow/example_dags/example_python_decorator.py
[2026-05-20T14:52:18.279+0000] {logging_mixin.py:190} INFO - [2026-05-20T14:52:18.279+0000] {dag.py:3239} INFO - Sync 1 DAGs
[2026-05-20T14:52:18.288+0000] {logging_mixin.py:190} INFO - [2026-05-20T14:52:18.287+0000] {dag.py:4180} INFO - Setting next_dagrun for example_python_decorator to None, run_after=None
[2026-05-20T14:52:18.318+0000] {processor.py:208} INFO - Processing /usr/local/python/3.12.1/lib/python3.12/site-packages/airflow/example_dags/example_python_decorator.py took 0.153 seconds
[2026-05-20T14:53:16.836+0000] {processor.py:186} INFO - Started process (PID=50976) to work on /usr/local/python/3.12.1/lib/python3.12/site-packages/airflow/example_dags/example_python_decorator.py
[2026-05-20T14:53:16.837+0000] {processor.py:914} INFO - Processing file /usr/local/python/3.12.1/lib/python3.12/site-packages/airflow/example_dags/example_python_decorator.py for tasks to queue
[2026-05-20T14:53:16.840+0000] {logging_mixin.py:190} INFO - [2026-05-20T14:53:16.839+0000] {dagbag.py:588} INFO - Filling up the DagBag from /usr/local/python/3.12.1/lib/python3.12/site-packages/airflow/example_dags/example_python_decorator.py
[2026-05-20T14:53:16.853+0000] {processor.py:925} INFO - DAG(s) 'example_python_decorator' retrieved from /usr/local/python/3.12.1/lib/python3.12/site-packages/airflow/example_dags/example_python_decorator.py
[2026-05-20T14:53:16.869+0000] {logging_mixin.py:190} INFO - [2026-05-20T14:53:16.869+0000] {dag.py:3239} INFO - Sync 1 DAGs
[2026-05-20T14:53:16.879+0000] {logging_mixin.py:190} INFO - [2026-05-20T14:53:16.879+0000] {dag.py:4180} INFO - Setting next_dagrun for example_python_decorator to None, run_after=None
[2026-05-20T14:53:16.896+0000] {processor.py:208} INFO - Processing /usr/local/python/3.12.1/lib/python3.12/site-packages/airflow/example_dags/example_python_decorator.py took 0.066 seconds
[2026-05-20T14:54:12.668+0000] {processor.py:186} INFO - Started process (PID=51948) to work on /usr/local/python/3.12.1/lib/python3.12/site-packages/airflow/example_dags/example_python_decorator.py
[2026-05-20T14:54:12.669+0000] {processor.py:914} INFO - Processing file /usr/local/python/3.12.1/lib/python3.12/site-packages/airflow/example_dags/example_python_decorator.py for tasks to queue
[2026-05-20T14:54:12.671+0000] {logging_mixin.py:190} INFO - [2026-05-20T14:54:12.670+0000] {dagbag.py:588} INFO - Filling up the DagBag from /usr/local/python/3.12.1/lib/python3.12/site-packages/airflow/example_dags/example_python_decorator.py
[2026-05-20T14:54:12.683+0000] {processor.py:925} INFO - DAG(s) 'example_python_decorator' retrieved from /usr/local/python/3.12.1/lib/python3.12/site-packages/airflow/example_dags/example_python_decorator.py
[2026-05-20T14:54:12.697+0000] {logging_mixin.py:190} INFO - [2026-05-20T14:54:12.697+0000] {dag.py:3239} INFO - Sync 1 DAGs
[2026-05-20T14:54:12.708+0000] {logging_mixin.py:190} INFO - [2026-05-20T14:54:12.707+0000] {dag.py:4180} INFO - Setting next_dagrun for example_python_decorator to None, run_after=None
[2026-05-20T14:54:12.729+0000] {processor.py:208} INFO - Processing /usr/local/python/3.12.1/lib/python3.12/site-packages/airflow/example_dags/example_python_decorator.py took 0.066 seconds
