[2026-05-20T14:37:52.223+0000] {processor.py:186} INFO - Started process (PID=38340) to work on /usr/local/python/3.12.1/lib/python3.12/site-packages/airflow/example_dags/example_branch_labels.py
[2026-05-20T14:37:52.224+0000] {processor.py:914} INFO - Processing file /usr/local/python/3.12.1/lib/python3.12/site-packages/airflow/example_dags/example_branch_labels.py for tasks to queue
[2026-05-20T14:37:52.229+0000] {logging_mixin.py:190} INFO - [2026-05-20T14:37:52.228+0000] {dagbag.py:588} INFO - Filling up the DagBag from /usr/local/python/3.12.1/lib/python3.12/site-packages/airflow/example_dags/example_branch_labels.py
[2026-05-20T14:37:52.242+0000] {processor.py:925} INFO - DAG(s) 'example_branch_labels' retrieved from /usr/local/python/3.12.1/lib/python3.12/site-packages/airflow/example_dags/example_branch_labels.py
[2026-05-20T14:37:52.265+0000] {logging_mixin.py:190} INFO - [2026-05-20T14:37:52.264+0000] {dag.py:3239} INFO - Sync 1 DAGs
[2026-05-20T14:37:52.288+0000] {logging_mixin.py:190} INFO - [2026-05-20T14:37:52.288+0000] {dag.py:4180} INFO - Setting next_dagrun for example_branch_labels to 2026-05-19 00:00:00+00:00, run_after=2026-05-20 00:00:00+00:00
[2026-05-20T14:37:52.310+0000] {processor.py:208} INFO - Processing /usr/local/python/3.12.1/lib/python3.12/site-packages/airflow/example_dags/example_branch_labels.py took 0.093 seconds
[2026-05-20T14:38:46.590+0000] {processor.py:186} INFO - Started process (PID=39002) to work on /usr/local/python/3.12.1/lib/python3.12/site-packages/airflow/example_dags/example_branch_labels.py
[2026-05-20T14:38:46.591+0000] {processor.py:914} INFO - Processing file /usr/local/python/3.12.1/lib/python3.12/site-packages/airflow/example_dags/example_branch_labels.py for tasks to queue
[2026-05-20T14:38:46.593+0000] {logging_mixin.py:190} INFO - [2026-05-20T14:38:46.592+0000] {dagbag.py:588} INFO - Filling up the DagBag from /usr/local/python/3.12.1/lib/python3.12/site-packages/airflow/example_dags/example_branch_labels.py
[2026-05-20T14:38:46.601+0000] {processor.py:925} INFO - DAG(s) 'example_branch_labels' retrieved from /usr/local/python/3.12.1/lib/python3.12/site-packages/airflow/example_dags/example_branch_labels.py
[2026-05-20T14:38:46.616+0000] {logging_mixin.py:190} INFO - [2026-05-20T14:38:46.616+0000] {dag.py:3239} INFO - Sync 1 DAGs
[2026-05-20T14:38:46.636+0000] {logging_mixin.py:190} INFO - [2026-05-20T14:38:46.636+0000] {dag.py:4180} INFO - Setting next_dagrun for example_branch_labels to 2026-05-19 00:00:00+00:00, run_after=2026-05-20 00:00:00+00:00
[2026-05-20T14:38:46.657+0000] {processor.py:208} INFO - Processing /usr/local/python/3.12.1/lib/python3.12/site-packages/airflow/example_dags/example_branch_labels.py took 0.072 seconds
[2026-05-20T14:40:02.184+0000] {processor.py:186} INFO - Started process (PID=39768) to work on /usr/local/python/3.12.1/lib/python3.12/site-packages/airflow/example_dags/example_branch_labels.py
[2026-05-20T14:40:02.185+0000] {processor.py:914} INFO - Processing file /usr/local/python/3.12.1/lib/python3.12/site-packages/airflow/example_dags/example_branch_labels.py for tasks to queue
[2026-05-20T14:40:02.186+0000] {logging_mixin.py:190} INFO - [2026-05-20T14:40:02.186+0000] {dagbag.py:588} INFO - Filling up the DagBag from /usr/local/python/3.12.1/lib/python3.12/site-packages/airflow/example_dags/example_branch_labels.py
[2026-05-20T14:40:02.195+0000] {processor.py:925} INFO - DAG(s) 'example_branch_labels' retrieved from /usr/local/python/3.12.1/lib/python3.12/site-packages/airflow/example_dags/example_branch_labels.py
[2026-05-20T14:40:02.209+0000] {logging_mixin.py:190} INFO - [2026-05-20T14:40:02.209+0000] {dag.py:3239} INFO - Sync 1 DAGs
[2026-05-20T14:40:02.228+0000] {logging_mixin.py:190} INFO - [2026-05-20T14:40:02.227+0000] {dag.py:4180} INFO - Setting next_dagrun for example_branch_labels to 2026-05-19 00:00:00+00:00, run_after=2026-05-20 00:00:00+00:00
[2026-05-20T14:40:02.249+0000] {processor.py:208} INFO - Processing /usr/local/python/3.12.1/lib/python3.12/site-packages/airflow/example_dags/example_branch_labels.py took 0.070 seconds
[2026-05-20T14:40:59.240+0000] {processor.py:186} INFO - Started process (PID=40854) to work on /usr/local/python/3.12.1/lib/python3.12/site-packages/airflow/example_dags/example_branch_labels.py
[2026-05-20T14:40:59.241+0000] {processor.py:914} INFO - Processing file /usr/local/python/3.12.1/lib/python3.12/site-packages/airflow/example_dags/example_branch_labels.py for tasks to queue
[2026-05-20T14:40:59.243+0000] {logging_mixin.py:190} INFO - [2026-05-20T14:40:59.242+0000] {dagbag.py:588} INFO - Filling up the DagBag from /usr/local/python/3.12.1/lib/python3.12/site-packages/airflow/example_dags/example_branch_labels.py
[2026-05-20T14:40:59.252+0000] {processor.py:925} INFO - DAG(s) 'example_branch_labels' retrieved from /usr/local/python/3.12.1/lib/python3.12/site-packages/airflow/example_dags/example_branch_labels.py
[2026-05-20T14:40:59.266+0000] {logging_mixin.py:190} INFO - [2026-05-20T14:40:59.265+0000] {dag.py:3239} INFO - Sync 1 DAGs
[2026-05-20T14:40:59.282+0000] {logging_mixin.py:190} INFO - [2026-05-20T14:40:59.282+0000] {dag.py:4180} INFO - Setting next_dagrun for example_branch_labels to 2026-05-19 00:00:00+00:00, run_after=2026-05-20 00:00:00+00:00
[2026-05-20T14:40:59.301+0000] {processor.py:208} INFO - Processing /usr/local/python/3.12.1/lib/python3.12/site-packages/airflow/example_dags/example_branch_labels.py took 0.067 seconds
[2026-05-20T14:42:20.028+0000] {processor.py:186} INFO - Started process (PID=41988) to work on /usr/local/python/3.12.1/lib/python3.12/site-packages/airflow/example_dags/example_branch_labels.py
[2026-05-20T14:42:20.029+0000] {processor.py:914} INFO - Processing file /usr/local/python/3.12.1/lib/python3.12/site-packages/airflow/example_dags/example_branch_labels.py for tasks to queue
[2026-05-20T14:42:20.031+0000] {logging_mixin.py:190} INFO - [2026-05-20T14:42:20.031+0000] {dagbag.py:588} INFO - Filling up the DagBag from /usr/local/python/3.12.1/lib/python3.12/site-packages/airflow/example_dags/example_branch_labels.py
[2026-05-20T14:42:20.042+0000] {processor.py:925} INFO - DAG(s) 'example_branch_labels' retrieved from /usr/local/python/3.12.1/lib/python3.12/site-packages/airflow/example_dags/example_branch_labels.py
[2026-05-20T14:42:20.057+0000] {logging_mixin.py:190} INFO - [2026-05-20T14:42:20.057+0000] {dag.py:3239} INFO - Sync 1 DAGs
[2026-05-20T14:42:20.076+0000] {logging_mixin.py:190} INFO - [2026-05-20T14:42:20.076+0000] {dag.py:4180} INFO - Setting next_dagrun for example_branch_labels to 2026-05-19 00:00:00+00:00, run_after=2026-05-20 00:00:00+00:00
[2026-05-20T14:42:20.097+0000] {processor.py:208} INFO - Processing /usr/local/python/3.12.1/lib/python3.12/site-packages/airflow/example_dags/example_branch_labels.py took 0.074 seconds
[2026-05-20T14:43:37.833+0000] {processor.py:186} INFO - Started process (PID=42813) to work on /usr/local/python/3.12.1/lib/python3.12/site-packages/airflow/example_dags/example_branch_labels.py
[2026-05-20T14:43:37.834+0000] {processor.py:914} INFO - Processing file /usr/local/python/3.12.1/lib/python3.12/site-packages/airflow/example_dags/example_branch_labels.py for tasks to queue
[2026-05-20T14:43:37.836+0000] {logging_mixin.py:190} INFO - [2026-05-20T14:43:37.836+0000] {dagbag.py:588} INFO - Filling up the DagBag from /usr/local/python/3.12.1/lib/python3.12/site-packages/airflow/example_dags/example_branch_labels.py
[2026-05-20T14:43:37.847+0000] {processor.py:925} INFO - DAG(s) 'example_branch_labels' retrieved from /usr/local/python/3.12.1/lib/python3.12/site-packages/airflow/example_dags/example_branch_labels.py
[2026-05-20T14:43:37.861+0000] {logging_mixin.py:190} INFO - [2026-05-20T14:43:37.861+0000] {dag.py:3239} INFO - Sync 1 DAGs
[2026-05-20T14:43:37.879+0000] {logging_mixin.py:190} INFO - [2026-05-20T14:43:37.879+0000] {dag.py:4180} INFO - Setting next_dagrun for example_branch_labels to 2026-05-19 00:00:00+00:00, run_after=2026-05-20 00:00:00+00:00
[2026-05-20T14:43:37.897+0000] {processor.py:208} INFO - Processing /usr/local/python/3.12.1/lib/python3.12/site-packages/airflow/example_dags/example_branch_labels.py took 0.071 seconds
[2026-05-20T14:44:57.858+0000] {processor.py:186} INFO - Started process (PID=43644) to work on /usr/local/python/3.12.1/lib/python3.12/site-packages/airflow/example_dags/example_branch_labels.py
[2026-05-20T14:44:57.859+0000] {processor.py:914} INFO - Processing file /usr/local/python/3.12.1/lib/python3.12/site-packages/airflow/example_dags/example_branch_labels.py for tasks to queue
[2026-05-20T14:44:57.861+0000] {logging_mixin.py:190} INFO - [2026-05-20T14:44:57.860+0000] {dagbag.py:588} INFO - Filling up the DagBag from /usr/local/python/3.12.1/lib/python3.12/site-packages/airflow/example_dags/example_branch_labels.py
[2026-05-20T14:44:57.872+0000] {processor.py:925} INFO - DAG(s) 'example_branch_labels' retrieved from /usr/local/python/3.12.1/lib/python3.12/site-packages/airflow/example_dags/example_branch_labels.py
[2026-05-20T14:44:57.888+0000] {logging_mixin.py:190} INFO - [2026-05-20T14:44:57.888+0000] {dag.py:3239} INFO - Sync 1 DAGs
[2026-05-20T14:44:57.905+0000] {logging_mixin.py:190} INFO - [2026-05-20T14:44:57.905+0000] {dag.py:4180} INFO - Setting next_dagrun for example_branch_labels to 2026-05-19 00:00:00+00:00, run_after=2026-05-20 00:00:00+00:00
[2026-05-20T14:44:57.927+0000] {processor.py:208} INFO - Processing /usr/local/python/3.12.1/lib/python3.12/site-packages/airflow/example_dags/example_branch_labels.py took 0.074 seconds
[2026-05-20T14:46:03.506+0000] {processor.py:186} INFO - Started process (PID=45574) to work on /usr/local/python/3.12.1/lib/python3.12/site-packages/airflow/example_dags/example_branch_labels.py
[2026-05-20T14:46:03.508+0000] {processor.py:914} INFO - Processing file /usr/local/python/3.12.1/lib/python3.12/site-packages/airflow/example_dags/example_branch_labels.py for tasks to queue
[2026-05-20T14:46:03.510+0000] {logging_mixin.py:190} INFO - [2026-05-20T14:46:03.510+0000] {dagbag.py:588} INFO - Filling up the DagBag from /usr/local/python/3.12.1/lib/python3.12/site-packages/airflow/example_dags/example_branch_labels.py
[2026-05-20T14:46:03.518+0000] {processor.py:925} INFO - DAG(s) 'example_branch_labels' retrieved from /usr/local/python/3.12.1/lib/python3.12/site-packages/airflow/example_dags/example_branch_labels.py
[2026-05-20T14:46:03.536+0000] {logging_mixin.py:190} INFO - [2026-05-20T14:46:03.535+0000] {dag.py:3239} INFO - Sync 1 DAGs
[2026-05-20T14:46:03.555+0000] {logging_mixin.py:190} INFO - [2026-05-20T14:46:03.555+0000] {dag.py:4180} INFO - Setting next_dagrun for example_branch_labels to 2026-05-19 00:00:00+00:00, run_after=2026-05-20 00:00:00+00:00
[2026-05-20T14:46:03.581+0000] {processor.py:208} INFO - Processing /usr/local/python/3.12.1/lib/python3.12/site-packages/airflow/example_dags/example_branch_labels.py took 0.082 seconds
[2026-05-20T14:47:02.243+0000] {processor.py:186} INFO - Started process (PID=46339) to work on /usr/local/python/3.12.1/lib/python3.12/site-packages/airflow/example_dags/example_branch_labels.py
[2026-05-20T14:47:02.244+0000] {processor.py:914} INFO - Processing file /usr/local/python/3.12.1/lib/python3.12/site-packages/airflow/example_dags/example_branch_labels.py for tasks to queue
[2026-05-20T14:47:02.246+0000] {logging_mixin.py:190} INFO - [2026-05-20T14:47:02.246+0000] {dagbag.py:588} INFO - Filling up the DagBag from /usr/local/python/3.12.1/lib/python3.12/site-packages/airflow/example_dags/example_branch_labels.py
[2026-05-20T14:47:02.254+0000] {processor.py:925} INFO - DAG(s) 'example_branch_labels' retrieved from /usr/local/python/3.12.1/lib/python3.12/site-packages/airflow/example_dags/example_branch_labels.py
[2026-05-20T14:47:02.269+0000] {logging_mixin.py:190} INFO - [2026-05-20T14:47:02.269+0000] {dag.py:3239} INFO - Sync 1 DAGs
[2026-05-20T14:47:02.285+0000] {logging_mixin.py:190} INFO - [2026-05-20T14:47:02.285+0000] {dag.py:4180} INFO - Setting next_dagrun for example_branch_labels to 2026-05-19 00:00:00+00:00, run_after=2026-05-20 00:00:00+00:00
[2026-05-20T14:47:02.302+0000] {processor.py:208} INFO - Processing /usr/local/python/3.12.1/lib/python3.12/site-packages/airflow/example_dags/example_branch_labels.py took 0.065 seconds
[2026-05-20T14:52:44.651+0000] {processor.py:186} INFO - Started process (PID=50406) to work on /usr/local/python/3.12.1/lib/python3.12/site-packages/airflow/example_dags/example_branch_labels.py
[2026-05-20T14:52:44.653+0000] {processor.py:914} INFO - Processing file /usr/local/python/3.12.1/lib/python3.12/site-packages/airflow/example_dags/example_branch_labels.py for tasks to queue
[2026-05-20T14:52:44.655+0000] {logging_mixin.py:190} INFO - [2026-05-20T14:52:44.655+0000] {dagbag.py:588} INFO - Filling up the DagBag from /usr/local/python/3.12.1/lib/python3.12/site-packages/airflow/example_dags/example_branch_labels.py
[2026-05-20T14:52:44.664+0000] {processor.py:925} INFO - DAG(s) 'example_branch_labels' retrieved from /usr/local/python/3.12.1/lib/python3.12/site-packages/airflow/example_dags/example_branch_labels.py
[2026-05-20T14:52:44.757+0000] {logging_mixin.py:190} INFO - [2026-05-20T14:52:44.757+0000] {dag.py:3239} INFO - Sync 1 DAGs
[2026-05-20T14:52:44.775+0000] {logging_mixin.py:190} INFO - [2026-05-20T14:52:44.775+0000] {dag.py:4180} INFO - Setting next_dagrun for example_branch_labels to 2026-05-19 00:00:00+00:00, run_after=2026-05-20 00:00:00+00:00
[2026-05-20T14:52:44.793+0000] {processor.py:208} INFO - Processing /usr/local/python/3.12.1/lib/python3.12/site-packages/airflow/example_dags/example_branch_labels.py took 0.146 seconds
[2026-05-20T14:53:38.975+0000] {processor.py:186} INFO - Started process (PID=51335) to work on /usr/local/python/3.12.1/lib/python3.12/site-packages/airflow/example_dags/example_branch_labels.py
[2026-05-20T14:53:38.976+0000] {processor.py:914} INFO - Processing file /usr/local/python/3.12.1/lib/python3.12/site-packages/airflow/example_dags/example_branch_labels.py for tasks to queue
[2026-05-20T14:53:38.978+0000] {logging_mixin.py:190} INFO - [2026-05-20T14:53:38.978+0000] {dagbag.py:588} INFO - Filling up the DagBag from /usr/local/python/3.12.1/lib/python3.12/site-packages/airflow/example_dags/example_branch_labels.py
[2026-05-20T14:53:38.989+0000] {processor.py:925} INFO - DAG(s) 'example_branch_labels' retrieved from /usr/local/python/3.12.1/lib/python3.12/site-packages/airflow/example_dags/example_branch_labels.py
[2026-05-20T14:53:39.003+0000] {logging_mixin.py:190} INFO - [2026-05-20T14:53:39.003+0000] {dag.py:3239} INFO - Sync 1 DAGs
[2026-05-20T14:53:39.021+0000] {logging_mixin.py:190} INFO - [2026-05-20T14:53:39.020+0000] {dag.py:4180} INFO - Setting next_dagrun for example_branch_labels to 2026-05-19 00:00:00+00:00, run_after=2026-05-20 00:00:00+00:00
[2026-05-20T14:53:39.037+0000] {processor.py:208} INFO - Processing /usr/local/python/3.12.1/lib/python3.12/site-packages/airflow/example_dags/example_branch_labels.py took 0.067 seconds
