[2026-05-20T14:37:48.036+0000] {processor.py:186} INFO - Started process (PID=38298) to work on /usr/local/python/3.12.1/lib/python3.12/site-packages/airflow/example_dags/example_dataset_alias.py
[2026-05-20T14:37:48.037+0000] {processor.py:914} INFO - Processing file /usr/local/python/3.12.1/lib/python3.12/site-packages/airflow/example_dags/example_dataset_alias.py for tasks to queue
[2026-05-20T14:37:48.040+0000] {logging_mixin.py:190} INFO - [2026-05-20T14:37:48.039+0000] {dagbag.py:588} INFO - Filling up the DagBag from /usr/local/python/3.12.1/lib/python3.12/site-packages/airflow/example_dags/example_dataset_alias.py
[2026-05-20T14:37:48.079+0000] {processor.py:925} INFO - DAG(s) 'dataset_alias_example_alias_producer', 'dataset_s3_bucket_producer', 'dataset_s3_bucket_consumer', 'dataset_alias_example_alias_consumer' retrieved from /usr/local/python/3.12.1/lib/python3.12/site-packages/airflow/example_dags/example_dataset_alias.py
[2026-05-20T14:37:48.099+0000] {logging_mixin.py:190} INFO - [2026-05-20T14:37:48.099+0000] {dag.py:3239} INFO - Sync 4 DAGs
[2026-05-20T14:37:48.116+0000] {logging_mixin.py:190} INFO - [2026-05-20T14:37:48.116+0000] {dag.py:4180} INFO - Setting next_dagrun for dataset_alias_example_alias_consumer to None, run_after=None
[2026-05-20T14:37:48.118+0000] {logging_mixin.py:190} INFO - [2026-05-20T14:37:48.118+0000] {dag.py:4180} INFO - Setting next_dagrun for dataset_alias_example_alias_producer to None, run_after=None
[2026-05-20T14:37:48.119+0000] {logging_mixin.py:190} INFO - [2026-05-20T14:37:48.119+0000] {dag.py:4180} INFO - Setting next_dagrun for dataset_s3_bucket_consumer to None, run_after=None
[2026-05-20T14:37:48.120+0000] {logging_mixin.py:190} INFO - [2026-05-20T14:37:48.119+0000] {dag.py:4180} INFO - Setting next_dagrun for dataset_s3_bucket_producer to None, run_after=None
[2026-05-20T14:37:48.138+0000] {processor.py:208} INFO - Processing /usr/local/python/3.12.1/lib/python3.12/site-packages/airflow/example_dags/example_dataset_alias.py took 0.108 seconds
[2026-05-20T14:38:42.016+0000] {processor.py:186} INFO - Started process (PID=38896) to work on /usr/local/python/3.12.1/lib/python3.12/site-packages/airflow/example_dags/example_dataset_alias.py
[2026-05-20T14:38:42.017+0000] {processor.py:914} INFO - Processing file /usr/local/python/3.12.1/lib/python3.12/site-packages/airflow/example_dags/example_dataset_alias.py for tasks to queue
[2026-05-20T14:38:42.018+0000] {logging_mixin.py:190} INFO - [2026-05-20T14:38:42.018+0000] {dagbag.py:588} INFO - Filling up the DagBag from /usr/local/python/3.12.1/lib/python3.12/site-packages/airflow/example_dags/example_dataset_alias.py
[2026-05-20T14:38:42.043+0000] {processor.py:925} INFO - DAG(s) 'dataset_alias_example_alias_producer', 'dataset_alias_example_alias_consumer', 'dataset_s3_bucket_consumer', 'dataset_s3_bucket_producer' retrieved from /usr/local/python/3.12.1/lib/python3.12/site-packages/airflow/example_dags/example_dataset_alias.py
[2026-05-20T14:38:42.065+0000] {logging_mixin.py:190} INFO - [2026-05-20T14:38:42.064+0000] {dag.py:3239} INFO - Sync 4 DAGs
[2026-05-20T14:38:42.081+0000] {logging_mixin.py:190} INFO - [2026-05-20T14:38:42.081+0000] {dag.py:4180} INFO - Setting next_dagrun for dataset_alias_example_alias_consumer to None, run_after=None
[2026-05-20T14:38:42.083+0000] {logging_mixin.py:190} INFO - [2026-05-20T14:38:42.083+0000] {dag.py:4180} INFO - Setting next_dagrun for dataset_alias_example_alias_producer to None, run_after=None
[2026-05-20T14:38:42.084+0000] {logging_mixin.py:190} INFO - [2026-05-20T14:38:42.084+0000] {dag.py:4180} INFO - Setting next_dagrun for dataset_s3_bucket_consumer to None, run_after=None
[2026-05-20T14:38:42.085+0000] {logging_mixin.py:190} INFO - [2026-05-20T14:38:42.085+0000] {dag.py:4180} INFO - Setting next_dagrun for dataset_s3_bucket_producer to None, run_after=None
[2026-05-20T14:38:42.104+0000] {processor.py:208} INFO - Processing /usr/local/python/3.12.1/lib/python3.12/site-packages/airflow/example_dags/example_dataset_alias.py took 0.092 seconds
[2026-05-20T14:39:36.797+0000] {processor.py:186} INFO - Started process (PID=39511) to work on /usr/local/python/3.12.1/lib/python3.12/site-packages/airflow/example_dags/example_dataset_alias.py
[2026-05-20T14:39:36.798+0000] {processor.py:914} INFO - Processing file /usr/local/python/3.12.1/lib/python3.12/site-packages/airflow/example_dags/example_dataset_alias.py for tasks to queue
[2026-05-20T14:39:36.800+0000] {logging_mixin.py:190} INFO - [2026-05-20T14:39:36.799+0000] {dagbag.py:588} INFO - Filling up the DagBag from /usr/local/python/3.12.1/lib/python3.12/site-packages/airflow/example_dags/example_dataset_alias.py
[2026-05-20T14:39:36.819+0000] {processor.py:925} INFO - DAG(s) 'dataset_alias_example_alias_consumer', 'dataset_s3_bucket_producer', 'dataset_s3_bucket_consumer', 'dataset_alias_example_alias_producer' retrieved from /usr/local/python/3.12.1/lib/python3.12/site-packages/airflow/example_dags/example_dataset_alias.py
[2026-05-20T14:39:36.836+0000] {logging_mixin.py:190} INFO - [2026-05-20T14:39:36.835+0000] {dag.py:3239} INFO - Sync 4 DAGs
[2026-05-20T14:39:36.853+0000] {logging_mixin.py:190} INFO - [2026-05-20T14:39:36.852+0000] {dag.py:4180} INFO - Setting next_dagrun for dataset_alias_example_alias_consumer to None, run_after=None
[2026-05-20T14:39:36.855+0000] {logging_mixin.py:190} INFO - [2026-05-20T14:39:36.854+0000] {dag.py:4180} INFO - Setting next_dagrun for dataset_alias_example_alias_producer to None, run_after=None
[2026-05-20T14:39:36.855+0000] {logging_mixin.py:190} INFO - [2026-05-20T14:39:36.855+0000] {dag.py:4180} INFO - Setting next_dagrun for dataset_s3_bucket_consumer to None, run_after=None
[2026-05-20T14:39:36.856+0000] {logging_mixin.py:190} INFO - [2026-05-20T14:39:36.856+0000] {dag.py:4180} INFO - Setting next_dagrun for dataset_s3_bucket_producer to None, run_after=None
[2026-05-20T14:39:36.876+0000] {processor.py:208} INFO - Processing /usr/local/python/3.12.1/lib/python3.12/site-packages/airflow/example_dags/example_dataset_alias.py took 0.084 seconds
[2026-05-20T14:40:54.042+0000] {processor.py:186} INFO - Started process (PID=40320) to work on /usr/local/python/3.12.1/lib/python3.12/site-packages/airflow/example_dags/example_dataset_alias.py
[2026-05-20T14:40:54.044+0000] {processor.py:914} INFO - Processing file /usr/local/python/3.12.1/lib/python3.12/site-packages/airflow/example_dags/example_dataset_alias.py for tasks to queue
[2026-05-20T14:40:54.047+0000] {logging_mixin.py:190} INFO - [2026-05-20T14:40:54.047+0000] {dagbag.py:588} INFO - Filling up the DagBag from /usr/local/python/3.12.1/lib/python3.12/site-packages/airflow/example_dags/example_dataset_alias.py
[2026-05-20T14:40:54.080+0000] {processor.py:925} INFO - DAG(s) 'dataset_s3_bucket_producer', 'dataset_alias_example_alias_consumer', 'dataset_s3_bucket_consumer', 'dataset_alias_example_alias_producer' retrieved from /usr/local/python/3.12.1/lib/python3.12/site-packages/airflow/example_dags/example_dataset_alias.py
[2026-05-20T14:40:54.151+0000] {logging_mixin.py:190} INFO - [2026-05-20T14:40:54.147+0000] {dag.py:3239} INFO - Sync 4 DAGs
[2026-05-20T14:40:54.215+0000] {logging_mixin.py:190} INFO - [2026-05-20T14:40:54.214+0000] {dag.py:4180} INFO - Setting next_dagrun for dataset_alias_example_alias_consumer to None, run_after=None
[2026-05-20T14:40:54.218+0000] {logging_mixin.py:190} INFO - [2026-05-20T14:40:54.218+0000] {dag.py:4180} INFO - Setting next_dagrun for dataset_alias_example_alias_producer to None, run_after=None
[2026-05-20T14:40:54.219+0000] {logging_mixin.py:190} INFO - [2026-05-20T14:40:54.219+0000] {dag.py:4180} INFO - Setting next_dagrun for dataset_s3_bucket_consumer to None, run_after=None
[2026-05-20T14:40:54.221+0000] {logging_mixin.py:190} INFO - [2026-05-20T14:40:54.220+0000] {dag.py:4180} INFO - Setting next_dagrun for dataset_s3_bucket_producer to None, run_after=None
[2026-05-20T14:40:54.288+0000] {processor.py:208} INFO - Processing /usr/local/python/3.12.1/lib/python3.12/site-packages/airflow/example_dags/example_dataset_alias.py took 0.259 seconds
[2026-05-20T14:41:48.305+0000] {processor.py:186} INFO - Started process (PID=41608) to work on /usr/local/python/3.12.1/lib/python3.12/site-packages/airflow/example_dags/example_dataset_alias.py
[2026-05-20T14:41:48.306+0000] {processor.py:914} INFO - Processing file /usr/local/python/3.12.1/lib/python3.12/site-packages/airflow/example_dags/example_dataset_alias.py for tasks to queue
[2026-05-20T14:41:48.308+0000] {logging_mixin.py:190} INFO - [2026-05-20T14:41:48.307+0000] {dagbag.py:588} INFO - Filling up the DagBag from /usr/local/python/3.12.1/lib/python3.12/site-packages/airflow/example_dags/example_dataset_alias.py
[2026-05-20T14:41:48.328+0000] {processor.py:925} INFO - DAG(s) 'dataset_s3_bucket_consumer', 'dataset_s3_bucket_producer', 'dataset_alias_example_alias_producer', 'dataset_alias_example_alias_consumer' retrieved from /usr/local/python/3.12.1/lib/python3.12/site-packages/airflow/example_dags/example_dataset_alias.py
[2026-05-20T14:41:48.349+0000] {logging_mixin.py:190} INFO - [2026-05-20T14:41:48.349+0000] {dag.py:3239} INFO - Sync 4 DAGs
[2026-05-20T14:41:48.366+0000] {logging_mixin.py:190} INFO - [2026-05-20T14:41:48.366+0000] {dag.py:4180} INFO - Setting next_dagrun for dataset_alias_example_alias_consumer to None, run_after=None
[2026-05-20T14:41:48.369+0000] {logging_mixin.py:190} INFO - [2026-05-20T14:41:48.368+0000] {dag.py:4180} INFO - Setting next_dagrun for dataset_alias_example_alias_producer to None, run_after=None
[2026-05-20T14:41:48.370+0000] {logging_mixin.py:190} INFO - [2026-05-20T14:41:48.369+0000] {dag.py:4180} INFO - Setting next_dagrun for dataset_s3_bucket_consumer to None, run_after=None
[2026-05-20T14:41:48.372+0000] {logging_mixin.py:190} INFO - [2026-05-20T14:41:48.372+0000] {dag.py:4180} INFO - Setting next_dagrun for dataset_s3_bucket_producer to None, run_after=None
[2026-05-20T14:41:48.392+0000] {processor.py:208} INFO - Processing /usr/local/python/3.12.1/lib/python3.12/site-packages/airflow/example_dags/example_dataset_alias.py took 0.091 seconds
[2026-05-20T14:42:42.364+0000] {processor.py:186} INFO - Started process (PID=42153) to work on /usr/local/python/3.12.1/lib/python3.12/site-packages/airflow/example_dags/example_dataset_alias.py
[2026-05-20T14:42:42.367+0000] {processor.py:914} INFO - Processing file /usr/local/python/3.12.1/lib/python3.12/site-packages/airflow/example_dags/example_dataset_alias.py for tasks to queue
[2026-05-20T14:42:42.370+0000] {logging_mixin.py:190} INFO - [2026-05-20T14:42:42.369+0000] {dagbag.py:588} INFO - Filling up the DagBag from /usr/local/python/3.12.1/lib/python3.12/site-packages/airflow/example_dags/example_dataset_alias.py
[2026-05-20T14:42:42.397+0000] {processor.py:925} INFO - DAG(s) 'dataset_s3_bucket_consumer', 'dataset_alias_example_alias_consumer', 'dataset_alias_example_alias_producer', 'dataset_s3_bucket_producer' retrieved from /usr/local/python/3.12.1/lib/python3.12/site-packages/airflow/example_dags/example_dataset_alias.py
[2026-05-20T14:42:42.414+0000] {logging_mixin.py:190} INFO - [2026-05-20T14:42:42.414+0000] {dag.py:3239} INFO - Sync 4 DAGs
[2026-05-20T14:42:42.433+0000] {logging_mixin.py:190} INFO - [2026-05-20T14:42:42.433+0000] {dag.py:4180} INFO - Setting next_dagrun for dataset_alias_example_alias_consumer to None, run_after=None
[2026-05-20T14:42:42.436+0000] {logging_mixin.py:190} INFO - [2026-05-20T14:42:42.436+0000] {dag.py:4180} INFO - Setting next_dagrun for dataset_alias_example_alias_producer to None, run_after=None
[2026-05-20T14:42:42.437+0000] {logging_mixin.py:190} INFO - [2026-05-20T14:42:42.437+0000] {dag.py:4180} INFO - Setting next_dagrun for dataset_s3_bucket_consumer to None, run_after=None
[2026-05-20T14:42:42.438+0000] {logging_mixin.py:190} INFO - [2026-05-20T14:42:42.438+0000] {dag.py:4180} INFO - Setting next_dagrun for dataset_s3_bucket_producer to None, run_after=None
[2026-05-20T14:42:42.462+0000] {processor.py:208} INFO - Processing /usr/local/python/3.12.1/lib/python3.12/site-packages/airflow/example_dags/example_dataset_alias.py took 0.105 seconds
[2026-05-20T14:44:01.679+0000] {processor.py:186} INFO - Started process (PID=43221) to work on /usr/local/python/3.12.1/lib/python3.12/site-packages/airflow/example_dags/example_dataset_alias.py
[2026-05-20T14:44:01.680+0000] {processor.py:914} INFO - Processing file /usr/local/python/3.12.1/lib/python3.12/site-packages/airflow/example_dags/example_dataset_alias.py for tasks to queue
[2026-05-20T14:44:01.682+0000] {logging_mixin.py:190} INFO - [2026-05-20T14:44:01.682+0000] {dagbag.py:588} INFO - Filling up the DagBag from /usr/local/python/3.12.1/lib/python3.12/site-packages/airflow/example_dags/example_dataset_alias.py
[2026-05-20T14:44:01.704+0000] {processor.py:925} INFO - DAG(s) 'dataset_s3_bucket_producer', 'dataset_alias_example_alias_producer', 'dataset_s3_bucket_consumer', 'dataset_alias_example_alias_consumer' retrieved from /usr/local/python/3.12.1/lib/python3.12/site-packages/airflow/example_dags/example_dataset_alias.py
[2026-05-20T14:44:01.728+0000] {logging_mixin.py:190} INFO - [2026-05-20T14:44:01.728+0000] {dag.py:3239} INFO - Sync 4 DAGs
[2026-05-20T14:44:01.749+0000] {logging_mixin.py:190} INFO - [2026-05-20T14:44:01.749+0000] {dag.py:4180} INFO - Setting next_dagrun for dataset_alias_example_alias_consumer to None, run_after=None
[2026-05-20T14:44:01.752+0000] {logging_mixin.py:190} INFO - [2026-05-20T14:44:01.751+0000] {dag.py:4180} INFO - Setting next_dagrun for dataset_alias_example_alias_producer to None, run_after=None
[2026-05-20T14:44:01.753+0000] {logging_mixin.py:190} INFO - [2026-05-20T14:44:01.753+0000] {dag.py:4180} INFO - Setting next_dagrun for dataset_s3_bucket_consumer to None, run_after=None
[2026-05-20T14:44:01.754+0000] {logging_mixin.py:190} INFO - [2026-05-20T14:44:01.754+0000] {dag.py:4180} INFO - Setting next_dagrun for dataset_s3_bucket_producer to None, run_after=None
[2026-05-20T14:44:01.780+0000] {processor.py:208} INFO - Processing /usr/local/python/3.12.1/lib/python3.12/site-packages/airflow/example_dags/example_dataset_alias.py took 0.107 seconds
[2026-05-20T14:44:55.353+0000] {processor.py:186} INFO - Started process (PID=43633) to work on /usr/local/python/3.12.1/lib/python3.12/site-packages/airflow/example_dags/example_dataset_alias.py
[2026-05-20T14:44:55.354+0000] {processor.py:914} INFO - Processing file /usr/local/python/3.12.1/lib/python3.12/site-packages/airflow/example_dags/example_dataset_alias.py for tasks to queue
[2026-05-20T14:44:55.355+0000] {logging_mixin.py:190} INFO - [2026-05-20T14:44:55.355+0000] {dagbag.py:588} INFO - Filling up the DagBag from /usr/local/python/3.12.1/lib/python3.12/site-packages/airflow/example_dags/example_dataset_alias.py
[2026-05-20T14:44:55.376+0000] {processor.py:925} INFO - DAG(s) 'dataset_alias_example_alias_consumer', 'dataset_s3_bucket_consumer', 'dataset_s3_bucket_producer', 'dataset_alias_example_alias_producer' retrieved from /usr/local/python/3.12.1/lib/python3.12/site-packages/airflow/example_dags/example_dataset_alias.py
[2026-05-20T14:44:55.394+0000] {logging_mixin.py:190} INFO - [2026-05-20T14:44:55.394+0000] {dag.py:3239} INFO - Sync 4 DAGs
[2026-05-20T14:44:55.410+0000] {logging_mixin.py:190} INFO - [2026-05-20T14:44:55.410+0000] {dag.py:4180} INFO - Setting next_dagrun for dataset_alias_example_alias_consumer to None, run_after=None
[2026-05-20T14:44:55.412+0000] {logging_mixin.py:190} INFO - [2026-05-20T14:44:55.412+0000] {dag.py:4180} INFO - Setting next_dagrun for dataset_alias_example_alias_producer to None, run_after=None
[2026-05-20T14:44:55.413+0000] {logging_mixin.py:190} INFO - [2026-05-20T14:44:55.413+0000] {dag.py:4180} INFO - Setting next_dagrun for dataset_s3_bucket_consumer to None, run_after=None
[2026-05-20T14:44:55.414+0000] {logging_mixin.py:190} INFO - [2026-05-20T14:44:55.414+0000] {dag.py:4180} INFO - Setting next_dagrun for dataset_s3_bucket_producer to None, run_after=None
[2026-05-20T14:44:55.442+0000] {processor.py:208} INFO - Processing /usr/local/python/3.12.1/lib/python3.12/site-packages/airflow/example_dags/example_dataset_alias.py took 0.094 seconds
[2026-05-20T14:45:59.748+0000] {processor.py:186} INFO - Started process (PID=45471) to work on /usr/local/python/3.12.1/lib/python3.12/site-packages/airflow/example_dags/example_dataset_alias.py
[2026-05-20T14:45:59.753+0000] {processor.py:914} INFO - Processing file /usr/local/python/3.12.1/lib/python3.12/site-packages/airflow/example_dags/example_dataset_alias.py for tasks to queue
[2026-05-20T14:45:59.765+0000] {logging_mixin.py:190} INFO - [2026-05-20T14:45:59.764+0000] {dagbag.py:588} INFO - Filling up the DagBag from /usr/local/python/3.12.1/lib/python3.12/site-packages/airflow/example_dags/example_dataset_alias.py
[2026-05-20T14:45:59.826+0000] {processor.py:925} INFO - DAG(s) 'dataset_alias_example_alias_consumer', 'dataset_s3_bucket_producer', 'dataset_alias_example_alias_producer', 'dataset_s3_bucket_consumer' retrieved from /usr/local/python/3.12.1/lib/python3.12/site-packages/airflow/example_dags/example_dataset_alias.py
[2026-05-20T14:45:59.943+0000] {logging_mixin.py:190} INFO - [2026-05-20T14:45:59.943+0000] {dag.py:3239} INFO - Sync 4 DAGs
[2026-05-20T14:45:59.994+0000] {logging_mixin.py:190} INFO - [2026-05-20T14:45:59.994+0000] {dag.py:4180} INFO - Setting next_dagrun for dataset_alias_example_alias_consumer to None, run_after=None
[2026-05-20T14:45:59.998+0000] {logging_mixin.py:190} INFO - [2026-05-20T14:45:59.998+0000] {dag.py:4180} INFO - Setting next_dagrun for dataset_alias_example_alias_producer to None, run_after=None
[2026-05-20T14:45:59.999+0000] {logging_mixin.py:190} INFO - [2026-05-20T14:45:59.999+0000] {dag.py:4180} INFO - Setting next_dagrun for dataset_s3_bucket_consumer to None, run_after=None
[2026-05-20T14:46:00.000+0000] {logging_mixin.py:190} INFO - [2026-05-20T14:46:00.000+0000] {dag.py:4180} INFO - Setting next_dagrun for dataset_s3_bucket_producer to None, run_after=None
[2026-05-20T14:46:00.030+0000] {processor.py:208} INFO - Processing /usr/local/python/3.12.1/lib/python3.12/site-packages/airflow/example_dags/example_dataset_alias.py took 0.310 seconds
[2026-05-20T14:46:59.408+0000] {processor.py:186} INFO - Started process (PID=46256) to work on /usr/local/python/3.12.1/lib/python3.12/site-packages/airflow/example_dags/example_dataset_alias.py
[2026-05-20T14:46:59.415+0000] {processor.py:914} INFO - Processing file /usr/local/python/3.12.1/lib/python3.12/site-packages/airflow/example_dags/example_dataset_alias.py for tasks to queue
[2026-05-20T14:46:59.417+0000] {logging_mixin.py:190} INFO - [2026-05-20T14:46:59.417+0000] {dagbag.py:588} INFO - Filling up the DagBag from /usr/local/python/3.12.1/lib/python3.12/site-packages/airflow/example_dags/example_dataset_alias.py
[2026-05-20T14:46:59.458+0000] {processor.py:925} INFO - DAG(s) 'dataset_s3_bucket_producer', 'dataset_alias_example_alias_producer', 'dataset_s3_bucket_consumer', 'dataset_alias_example_alias_consumer' retrieved from /usr/local/python/3.12.1/lib/python3.12/site-packages/airflow/example_dags/example_dataset_alias.py
[2026-05-20T14:46:59.485+0000] {logging_mixin.py:190} INFO - [2026-05-20T14:46:59.485+0000] {dag.py:3239} INFO - Sync 4 DAGs
[2026-05-20T14:46:59.510+0000] {logging_mixin.py:190} INFO - [2026-05-20T14:46:59.510+0000] {dag.py:4180} INFO - Setting next_dagrun for dataset_alias_example_alias_consumer to None, run_after=None
[2026-05-20T14:46:59.513+0000] {logging_mixin.py:190} INFO - [2026-05-20T14:46:59.512+0000] {dag.py:4180} INFO - Setting next_dagrun for dataset_alias_example_alias_producer to None, run_after=None
[2026-05-20T14:46:59.514+0000] {logging_mixin.py:190} INFO - [2026-05-20T14:46:59.514+0000] {dag.py:4180} INFO - Setting next_dagrun for dataset_s3_bucket_consumer to None, run_after=None
[2026-05-20T14:46:59.515+0000] {logging_mixin.py:190} INFO - [2026-05-20T14:46:59.514+0000] {dag.py:4180} INFO - Setting next_dagrun for dataset_s3_bucket_producer to None, run_after=None
[2026-05-20T14:46:59.580+0000] {processor.py:208} INFO - Processing /usr/local/python/3.12.1/lib/python3.12/site-packages/airflow/example_dags/example_dataset_alias.py took 0.181 seconds
[2026-05-20T14:52:39.617+0000] {processor.py:186} INFO - Started process (PID=50362) to work on /usr/local/python/3.12.1/lib/python3.12/site-packages/airflow/example_dags/example_dataset_alias.py
[2026-05-20T14:52:39.620+0000] {processor.py:914} INFO - Processing file /usr/local/python/3.12.1/lib/python3.12/site-packages/airflow/example_dags/example_dataset_alias.py for tasks to queue
[2026-05-20T14:52:39.622+0000] {logging_mixin.py:190} INFO - [2026-05-20T14:52:39.622+0000] {dagbag.py:588} INFO - Filling up the DagBag from /usr/local/python/3.12.1/lib/python3.12/site-packages/airflow/example_dags/example_dataset_alias.py
[2026-05-20T14:52:39.647+0000] {processor.py:925} INFO - DAG(s) 'dataset_alias_example_alias_producer', 'dataset_s3_bucket_consumer', 'dataset_s3_bucket_producer', 'dataset_alias_example_alias_consumer' retrieved from /usr/local/python/3.12.1/lib/python3.12/site-packages/airflow/example_dags/example_dataset_alias.py
[2026-05-20T14:52:39.762+0000] {logging_mixin.py:190} INFO - [2026-05-20T14:52:39.762+0000] {dag.py:3239} INFO - Sync 4 DAGs
[2026-05-20T14:52:39.779+0000] {logging_mixin.py:190} INFO - [2026-05-20T14:52:39.778+0000] {dag.py:4180} INFO - Setting next_dagrun for dataset_alias_example_alias_consumer to None, run_after=None
[2026-05-20T14:52:39.781+0000] {logging_mixin.py:190} INFO - [2026-05-20T14:52:39.780+0000] {dag.py:4180} INFO - Setting next_dagrun for dataset_alias_example_alias_producer to None, run_after=None
[2026-05-20T14:52:39.781+0000] {logging_mixin.py:190} INFO - [2026-05-20T14:52:39.781+0000] {dag.py:4180} INFO - Setting next_dagrun for dataset_s3_bucket_consumer to None, run_after=None
[2026-05-20T14:52:39.782+0000] {logging_mixin.py:190} INFO - [2026-05-20T14:52:39.782+0000] {dag.py:4180} INFO - Setting next_dagrun for dataset_s3_bucket_producer to None, run_after=None
[2026-05-20T14:52:39.808+0000] {processor.py:208} INFO - Processing /usr/local/python/3.12.1/lib/python3.12/site-packages/airflow/example_dags/example_dataset_alias.py took 0.197 seconds
[2026-05-20T14:53:34.972+0000] {processor.py:186} INFO - Started process (PID=51245) to work on /usr/local/python/3.12.1/lib/python3.12/site-packages/airflow/example_dags/example_dataset_alias.py
[2026-05-20T14:53:34.973+0000] {processor.py:914} INFO - Processing file /usr/local/python/3.12.1/lib/python3.12/site-packages/airflow/example_dags/example_dataset_alias.py for tasks to queue
[2026-05-20T14:53:34.974+0000] {logging_mixin.py:190} INFO - [2026-05-20T14:53:34.974+0000] {dagbag.py:588} INFO - Filling up the DagBag from /usr/local/python/3.12.1/lib/python3.12/site-packages/airflow/example_dags/example_dataset_alias.py
[2026-05-20T14:53:34.995+0000] {processor.py:925} INFO - DAG(s) 'dataset_s3_bucket_producer', 'dataset_alias_example_alias_producer', 'dataset_alias_example_alias_consumer', 'dataset_s3_bucket_consumer' retrieved from /usr/local/python/3.12.1/lib/python3.12/site-packages/airflow/example_dags/example_dataset_alias.py
[2026-05-20T14:53:35.012+0000] {logging_mixin.py:190} INFO - [2026-05-20T14:53:35.012+0000] {dag.py:3239} INFO - Sync 4 DAGs
[2026-05-20T14:53:35.030+0000] {logging_mixin.py:190} INFO - [2026-05-20T14:53:35.029+0000] {dag.py:4180} INFO - Setting next_dagrun for dataset_alias_example_alias_consumer to None, run_after=None
[2026-05-20T14:53:35.032+0000] {logging_mixin.py:190} INFO - [2026-05-20T14:53:35.032+0000] {dag.py:4180} INFO - Setting next_dagrun for dataset_alias_example_alias_producer to None, run_after=None
[2026-05-20T14:53:35.033+0000] {logging_mixin.py:190} INFO - [2026-05-20T14:53:35.033+0000] {dag.py:4180} INFO - Setting next_dagrun for dataset_s3_bucket_consumer to None, run_after=None
[2026-05-20T14:53:35.034+0000] {logging_mixin.py:190} INFO - [2026-05-20T14:53:35.034+0000] {dag.py:4180} INFO - Setting next_dagrun for dataset_s3_bucket_producer to None, run_after=None
[2026-05-20T14:53:35.057+0000] {processor.py:208} INFO - Processing /usr/local/python/3.12.1/lib/python3.12/site-packages/airflow/example_dags/example_dataset_alias.py took 0.090 seconds
