[2026-05-20T14:37:09.313+0000] {processor.py:186} INFO - Started process (PID=37679) to work on /usr/local/python/3.12.1/lib/python3.12/site-packages/airflow/example_dags/example_trigger_controller_dag.py
[2026-05-20T14:37:09.314+0000] {processor.py:914} INFO - Processing file /usr/local/python/3.12.1/lib/python3.12/site-packages/airflow/example_dags/example_trigger_controller_dag.py for tasks to queue
[2026-05-20T14:37:09.316+0000] {logging_mixin.py:190} INFO - [2026-05-20T14:37:09.316+0000] {dagbag.py:588} INFO - Filling up the DagBag from /usr/local/python/3.12.1/lib/python3.12/site-packages/airflow/example_dags/example_trigger_controller_dag.py
[2026-05-20T14:37:09.322+0000] {processor.py:925} INFO - DAG(s) 'example_trigger_controller_dag' retrieved from /usr/local/python/3.12.1/lib/python3.12/site-packages/airflow/example_dags/example_trigger_controller_dag.py
[2026-05-20T14:37:09.341+0000] {logging_mixin.py:190} INFO - [2026-05-20T14:37:09.341+0000] {dag.py:3239} INFO - Sync 1 DAGs
[2026-05-20T14:37:09.360+0000] {logging_mixin.py:190} INFO - [2026-05-20T14:37:09.360+0000] {dag.py:4180} INFO - Setting next_dagrun for example_trigger_controller_dag to 2021-01-01 00:00:00+00:00, run_after=2021-01-01 00:00:00+00:00
[2026-05-20T14:37:09.383+0000] {processor.py:208} INFO - Processing /usr/local/python/3.12.1/lib/python3.12/site-packages/airflow/example_dags/example_trigger_controller_dag.py took 0.074 seconds
[2026-05-20T14:38:07.801+0000] {processor.py:186} INFO - Started process (PID=38512) to work on /usr/local/python/3.12.1/lib/python3.12/site-packages/airflow/example_dags/example_trigger_controller_dag.py
[2026-05-20T14:38:07.802+0000] {processor.py:914} INFO - Processing file /usr/local/python/3.12.1/lib/python3.12/site-packages/airflow/example_dags/example_trigger_controller_dag.py for tasks to queue
[2026-05-20T14:38:07.803+0000] {logging_mixin.py:190} INFO - [2026-05-20T14:38:07.803+0000] {dagbag.py:588} INFO - Filling up the DagBag from /usr/local/python/3.12.1/lib/python3.12/site-packages/airflow/example_dags/example_trigger_controller_dag.py
[2026-05-20T14:38:07.809+0000] {processor.py:925} INFO - DAG(s) 'example_trigger_controller_dag' retrieved from /usr/local/python/3.12.1/lib/python3.12/site-packages/airflow/example_dags/example_trigger_controller_dag.py
[2026-05-20T14:38:07.822+0000] {logging_mixin.py:190} INFO - [2026-05-20T14:38:07.822+0000] {dag.py:3239} INFO - Sync 1 DAGs
[2026-05-20T14:38:07.842+0000] {logging_mixin.py:190} INFO - [2026-05-20T14:38:07.841+0000] {dag.py:4180} INFO - Setting next_dagrun for example_trigger_controller_dag to 2021-01-01 00:00:00+00:00, run_after=2021-01-01 00:00:00+00:00
[2026-05-20T14:38:07.860+0000] {processor.py:208} INFO - Processing /usr/local/python/3.12.1/lib/python3.12/site-packages/airflow/example_dags/example_trigger_controller_dag.py took 0.064 seconds
[2026-05-20T14:38:57.897+0000] {processor.py:186} INFO - Started process (PID=39151) to work on /usr/local/python/3.12.1/lib/python3.12/site-packages/airflow/example_dags/example_trigger_controller_dag.py
[2026-05-20T14:38:57.898+0000] {processor.py:914} INFO - Processing file /usr/local/python/3.12.1/lib/python3.12/site-packages/airflow/example_dags/example_trigger_controller_dag.py for tasks to queue
[2026-05-20T14:38:57.901+0000] {logging_mixin.py:190} INFO - [2026-05-20T14:38:57.900+0000] {dagbag.py:588} INFO - Filling up the DagBag from /usr/local/python/3.12.1/lib/python3.12/site-packages/airflow/example_dags/example_trigger_controller_dag.py
[2026-05-20T14:38:57.908+0000] {processor.py:925} INFO - DAG(s) 'example_trigger_controller_dag' retrieved from /usr/local/python/3.12.1/lib/python3.12/site-packages/airflow/example_dags/example_trigger_controller_dag.py
[2026-05-20T14:38:57.921+0000] {logging_mixin.py:190} INFO - [2026-05-20T14:38:57.921+0000] {dag.py:3239} INFO - Sync 1 DAGs
[2026-05-20T14:38:57.946+0000] {logging_mixin.py:190} INFO - [2026-05-20T14:38:57.946+0000] {dag.py:4180} INFO - Setting next_dagrun for example_trigger_controller_dag to 2021-01-01 00:00:00+00:00, run_after=2021-01-01 00:00:00+00:00
[2026-05-20T14:38:57.965+0000] {processor.py:208} INFO - Processing /usr/local/python/3.12.1/lib/python3.12/site-packages/airflow/example_dags/example_trigger_controller_dag.py took 0.074 seconds
[2026-05-20T14:39:48.252+0000] {processor.py:186} INFO - Started process (PID=39600) to work on /usr/local/python/3.12.1/lib/python3.12/site-packages/airflow/example_dags/example_trigger_controller_dag.py
[2026-05-20T14:39:48.253+0000] {processor.py:914} INFO - Processing file /usr/local/python/3.12.1/lib/python3.12/site-packages/airflow/example_dags/example_trigger_controller_dag.py for tasks to queue
[2026-05-20T14:39:48.255+0000] {logging_mixin.py:190} INFO - [2026-05-20T14:39:48.254+0000] {dagbag.py:588} INFO - Filling up the DagBag from /usr/local/python/3.12.1/lib/python3.12/site-packages/airflow/example_dags/example_trigger_controller_dag.py
[2026-05-20T14:39:48.261+0000] {processor.py:925} INFO - DAG(s) 'example_trigger_controller_dag' retrieved from /usr/local/python/3.12.1/lib/python3.12/site-packages/airflow/example_dags/example_trigger_controller_dag.py
[2026-05-20T14:39:48.274+0000] {logging_mixin.py:190} INFO - [2026-05-20T14:39:48.273+0000] {dag.py:3239} INFO - Sync 1 DAGs
[2026-05-20T14:39:48.290+0000] {logging_mixin.py:190} INFO - [2026-05-20T14:39:48.289+0000] {dag.py:4180} INFO - Setting next_dagrun for example_trigger_controller_dag to 2021-01-01 00:00:00+00:00, run_after=2021-01-01 00:00:00+00:00
[2026-05-20T14:39:48.307+0000] {processor.py:208} INFO - Processing /usr/local/python/3.12.1/lib/python3.12/site-packages/airflow/example_dags/example_trigger_controller_dag.py took 0.060 seconds
[2026-05-20T14:40:41.445+0000] {processor.py:186} INFO - Started process (PID=40195) to work on /usr/local/python/3.12.1/lib/python3.12/site-packages/airflow/example_dags/example_trigger_controller_dag.py
[2026-05-20T14:40:41.446+0000] {processor.py:914} INFO - Processing file /usr/local/python/3.12.1/lib/python3.12/site-packages/airflow/example_dags/example_trigger_controller_dag.py for tasks to queue
[2026-05-20T14:40:41.448+0000] {logging_mixin.py:190} INFO - [2026-05-20T14:40:41.447+0000] {dagbag.py:588} INFO - Filling up the DagBag from /usr/local/python/3.12.1/lib/python3.12/site-packages/airflow/example_dags/example_trigger_controller_dag.py
[2026-05-20T14:40:41.454+0000] {processor.py:925} INFO - DAG(s) 'example_trigger_controller_dag' retrieved from /usr/local/python/3.12.1/lib/python3.12/site-packages/airflow/example_dags/example_trigger_controller_dag.py
[2026-05-20T14:40:41.466+0000] {logging_mixin.py:190} INFO - [2026-05-20T14:40:41.466+0000] {dag.py:3239} INFO - Sync 1 DAGs
[2026-05-20T14:40:41.482+0000] {logging_mixin.py:190} INFO - [2026-05-20T14:40:41.481+0000] {dag.py:4180} INFO - Setting next_dagrun for example_trigger_controller_dag to 2021-01-01 00:00:00+00:00, run_after=2021-01-01 00:00:00+00:00
[2026-05-20T14:40:41.499+0000] {processor.py:208} INFO - Processing /usr/local/python/3.12.1/lib/python3.12/site-packages/airflow/example_dags/example_trigger_controller_dag.py took 0.060 seconds
[2026-05-20T14:41:35.161+0000] {processor.py:186} INFO - Started process (PID=41377) to work on /usr/local/python/3.12.1/lib/python3.12/site-packages/airflow/example_dags/example_trigger_controller_dag.py
[2026-05-20T14:41:35.162+0000] {processor.py:914} INFO - Processing file /usr/local/python/3.12.1/lib/python3.12/site-packages/airflow/example_dags/example_trigger_controller_dag.py for tasks to queue
[2026-05-20T14:41:35.165+0000] {logging_mixin.py:190} INFO - [2026-05-20T14:41:35.164+0000] {dagbag.py:588} INFO - Filling up the DagBag from /usr/local/python/3.12.1/lib/python3.12/site-packages/airflow/example_dags/example_trigger_controller_dag.py
[2026-05-20T14:41:35.176+0000] {processor.py:925} INFO - DAG(s) 'example_trigger_controller_dag' retrieved from /usr/local/python/3.12.1/lib/python3.12/site-packages/airflow/example_dags/example_trigger_controller_dag.py
[2026-05-20T14:41:35.219+0000] {logging_mixin.py:190} INFO - [2026-05-20T14:41:35.218+0000] {dag.py:3239} INFO - Sync 1 DAGs
[2026-05-20T14:41:35.281+0000] {logging_mixin.py:190} INFO - [2026-05-20T14:41:35.280+0000] {dag.py:4180} INFO - Setting next_dagrun for example_trigger_controller_dag to 2021-01-01 00:00:00+00:00, run_after=2021-01-01 00:00:00+00:00
[2026-05-20T14:41:35.318+0000] {processor.py:208} INFO - Processing /usr/local/python/3.12.1/lib/python3.12/site-packages/airflow/example_dags/example_trigger_controller_dag.py took 0.162 seconds
[2026-05-20T14:42:30.344+0000] {processor.py:186} INFO - Started process (PID=42068) to work on /usr/local/python/3.12.1/lib/python3.12/site-packages/airflow/example_dags/example_trigger_controller_dag.py
[2026-05-20T14:42:30.345+0000] {processor.py:914} INFO - Processing file /usr/local/python/3.12.1/lib/python3.12/site-packages/airflow/example_dags/example_trigger_controller_dag.py for tasks to queue
[2026-05-20T14:42:30.347+0000] {logging_mixin.py:190} INFO - [2026-05-20T14:42:30.347+0000] {dagbag.py:588} INFO - Filling up the DagBag from /usr/local/python/3.12.1/lib/python3.12/site-packages/airflow/example_dags/example_trigger_controller_dag.py
[2026-05-20T14:42:30.353+0000] {processor.py:925} INFO - DAG(s) 'example_trigger_controller_dag' retrieved from /usr/local/python/3.12.1/lib/python3.12/site-packages/airflow/example_dags/example_trigger_controller_dag.py
[2026-05-20T14:42:30.366+0000] {logging_mixin.py:190} INFO - [2026-05-20T14:42:30.366+0000] {dag.py:3239} INFO - Sync 1 DAGs
[2026-05-20T14:42:30.382+0000] {logging_mixin.py:190} INFO - [2026-05-20T14:42:30.382+0000] {dag.py:4180} INFO - Setting next_dagrun for example_trigger_controller_dag to 2021-01-01 00:00:00+00:00, run_after=2021-01-01 00:00:00+00:00
[2026-05-20T14:42:30.400+0000] {processor.py:208} INFO - Processing /usr/local/python/3.12.1/lib/python3.12/site-packages/airflow/example_dags/example_trigger_controller_dag.py took 0.061 seconds
[2026-05-20T14:43:21.752+0000] {processor.py:186} INFO - Started process (PID=42633) to work on /usr/local/python/3.12.1/lib/python3.12/site-packages/airflow/example_dags/example_trigger_controller_dag.py
[2026-05-20T14:43:21.753+0000] {processor.py:914} INFO - Processing file /usr/local/python/3.12.1/lib/python3.12/site-packages/airflow/example_dags/example_trigger_controller_dag.py for tasks to queue
[2026-05-20T14:43:21.755+0000] {logging_mixin.py:190} INFO - [2026-05-20T14:43:21.754+0000] {dagbag.py:588} INFO - Filling up the DagBag from /usr/local/python/3.12.1/lib/python3.12/site-packages/airflow/example_dags/example_trigger_controller_dag.py
[2026-05-20T14:43:21.761+0000] {processor.py:925} INFO - DAG(s) 'example_trigger_controller_dag' retrieved from /usr/local/python/3.12.1/lib/python3.12/site-packages/airflow/example_dags/example_trigger_controller_dag.py
[2026-05-20T14:43:21.774+0000] {logging_mixin.py:190} INFO - [2026-05-20T14:43:21.774+0000] {dag.py:3239} INFO - Sync 1 DAGs
[2026-05-20T14:43:21.791+0000] {logging_mixin.py:190} INFO - [2026-05-20T14:43:21.790+0000] {dag.py:4180} INFO - Setting next_dagrun for example_trigger_controller_dag to 2021-01-01 00:00:00+00:00, run_after=2021-01-01 00:00:00+00:00
[2026-05-20T14:43:21.808+0000] {processor.py:208} INFO - Processing /usr/local/python/3.12.1/lib/python3.12/site-packages/airflow/example_dags/example_trigger_controller_dag.py took 0.061 seconds
[2026-05-20T14:44:15.685+0000] {processor.py:186} INFO - Started process (PID=43326) to work on /usr/local/python/3.12.1/lib/python3.12/site-packages/airflow/example_dags/example_trigger_controller_dag.py
[2026-05-20T14:44:15.686+0000] {processor.py:914} INFO - Processing file /usr/local/python/3.12.1/lib/python3.12/site-packages/airflow/example_dags/example_trigger_controller_dag.py for tasks to queue
[2026-05-20T14:44:15.688+0000] {logging_mixin.py:190} INFO - [2026-05-20T14:44:15.687+0000] {dagbag.py:588} INFO - Filling up the DagBag from /usr/local/python/3.12.1/lib/python3.12/site-packages/airflow/example_dags/example_trigger_controller_dag.py
[2026-05-20T14:44:15.694+0000] {processor.py:925} INFO - DAG(s) 'example_trigger_controller_dag' retrieved from /usr/local/python/3.12.1/lib/python3.12/site-packages/airflow/example_dags/example_trigger_controller_dag.py
[2026-05-20T14:44:15.706+0000] {logging_mixin.py:190} INFO - [2026-05-20T14:44:15.706+0000] {dag.py:3239} INFO - Sync 1 DAGs
[2026-05-20T14:44:15.727+0000] {logging_mixin.py:190} INFO - [2026-05-20T14:44:15.727+0000] {dag.py:4180} INFO - Setting next_dagrun for example_trigger_controller_dag to 2021-01-01 00:00:00+00:00, run_after=2021-01-01 00:00:00+00:00
[2026-05-20T14:44:15.749+0000] {processor.py:208} INFO - Processing /usr/local/python/3.12.1/lib/python3.12/site-packages/airflow/example_dags/example_trigger_controller_dag.py took 0.068 seconds
[2026-05-20T14:45:06.857+0000] {processor.py:186} INFO - Started process (PID=43777) to work on /usr/local/python/3.12.1/lib/python3.12/site-packages/airflow/example_dags/example_trigger_controller_dag.py
[2026-05-20T14:45:06.858+0000] {processor.py:914} INFO - Processing file /usr/local/python/3.12.1/lib/python3.12/site-packages/airflow/example_dags/example_trigger_controller_dag.py for tasks to queue
[2026-05-20T14:45:06.860+0000] {logging_mixin.py:190} INFO - [2026-05-20T14:45:06.860+0000] {dagbag.py:588} INFO - Filling up the DagBag from /usr/local/python/3.12.1/lib/python3.12/site-packages/airflow/example_dags/example_trigger_controller_dag.py
[2026-05-20T14:45:06.866+0000] {processor.py:925} INFO - DAG(s) 'example_trigger_controller_dag' retrieved from /usr/local/python/3.12.1/lib/python3.12/site-packages/airflow/example_dags/example_trigger_controller_dag.py
[2026-05-20T14:45:06.882+0000] {logging_mixin.py:190} INFO - [2026-05-20T14:45:06.881+0000] {dag.py:3239} INFO - Sync 1 DAGs
[2026-05-20T14:45:06.897+0000] {logging_mixin.py:190} INFO - [2026-05-20T14:45:06.897+0000] {dag.py:4180} INFO - Setting next_dagrun for example_trigger_controller_dag to 2021-01-01 00:00:00+00:00, run_after=2021-01-01 00:00:00+00:00
[2026-05-20T14:45:06.914+0000] {processor.py:208} INFO - Processing /usr/local/python/3.12.1/lib/python3.12/site-packages/airflow/example_dags/example_trigger_controller_dag.py took 0.062 seconds
[2026-05-20T14:46:15.653+0000] {processor.py:186} INFO - Started process (PID=45741) to work on /usr/local/python/3.12.1/lib/python3.12/site-packages/airflow/example_dags/example_trigger_controller_dag.py
[2026-05-20T14:46:15.654+0000] {processor.py:914} INFO - Processing file /usr/local/python/3.12.1/lib/python3.12/site-packages/airflow/example_dags/example_trigger_controller_dag.py for tasks to queue
[2026-05-20T14:46:15.656+0000] {logging_mixin.py:190} INFO - [2026-05-20T14:46:15.656+0000] {dagbag.py:588} INFO - Filling up the DagBag from /usr/local/python/3.12.1/lib/python3.12/site-packages/airflow/example_dags/example_trigger_controller_dag.py
[2026-05-20T14:46:15.662+0000] {processor.py:925} INFO - DAG(s) 'example_trigger_controller_dag' retrieved from /usr/local/python/3.12.1/lib/python3.12/site-packages/airflow/example_dags/example_trigger_controller_dag.py
[2026-05-20T14:46:15.675+0000] {logging_mixin.py:190} INFO - [2026-05-20T14:46:15.675+0000] {dag.py:3239} INFO - Sync 1 DAGs
[2026-05-20T14:46:15.690+0000] {logging_mixin.py:190} INFO - [2026-05-20T14:46:15.690+0000] {dag.py:4180} INFO - Setting next_dagrun for example_trigger_controller_dag to 2021-01-01 00:00:00+00:00, run_after=2021-01-01 00:00:00+00:00
[2026-05-20T14:46:15.707+0000] {processor.py:208} INFO - Processing /usr/local/python/3.12.1/lib/python3.12/site-packages/airflow/example_dags/example_trigger_controller_dag.py took 0.060 seconds
[2026-05-20T14:47:13.704+0000] {processor.py:186} INFO - Started process (PID=46493) to work on /usr/local/python/3.12.1/lib/python3.12/site-packages/airflow/example_dags/example_trigger_controller_dag.py
[2026-05-20T14:47:13.719+0000] {processor.py:914} INFO - Processing file /usr/local/python/3.12.1/lib/python3.12/site-packages/airflow/example_dags/example_trigger_controller_dag.py for tasks to queue
[2026-05-20T14:47:13.721+0000] {logging_mixin.py:190} INFO - [2026-05-20T14:47:13.721+0000] {dagbag.py:588} INFO - Filling up the DagBag from /usr/local/python/3.12.1/lib/python3.12/site-packages/airflow/example_dags/example_trigger_controller_dag.py
[2026-05-20T14:47:13.730+0000] {processor.py:925} INFO - DAG(s) 'example_trigger_controller_dag' retrieved from /usr/local/python/3.12.1/lib/python3.12/site-packages/airflow/example_dags/example_trigger_controller_dag.py
[2026-05-20T14:47:13.750+0000] {logging_mixin.py:190} INFO - [2026-05-20T14:47:13.749+0000] {dag.py:3239} INFO - Sync 1 DAGs
[2026-05-20T14:47:13.785+0000] {logging_mixin.py:190} INFO - [2026-05-20T14:47:13.784+0000] {dag.py:4180} INFO - Setting next_dagrun for example_trigger_controller_dag to 2021-01-01 00:00:00+00:00, run_after=2021-01-01 00:00:00+00:00
[2026-05-20T14:47:13.837+0000] {processor.py:208} INFO - Processing /usr/local/python/3.12.1/lib/python3.12/site-packages/airflow/example_dags/example_trigger_controller_dag.py took 0.150 seconds
[2026-05-20T14:51:56.385+0000] {processor.py:186} INFO - Started process (PID=49682) to work on /usr/local/python/3.12.1/lib/python3.12/site-packages/airflow/example_dags/example_trigger_controller_dag.py
[2026-05-20T14:51:56.387+0000] {processor.py:914} INFO - Processing file /usr/local/python/3.12.1/lib/python3.12/site-packages/airflow/example_dags/example_trigger_controller_dag.py for tasks to queue
[2026-05-20T14:51:56.389+0000] {logging_mixin.py:190} INFO - [2026-05-20T14:51:56.388+0000] {dagbag.py:588} INFO - Filling up the DagBag from /usr/local/python/3.12.1/lib/python3.12/site-packages/airflow/example_dags/example_trigger_controller_dag.py
[2026-05-20T14:51:56.394+0000] {processor.py:925} INFO - DAG(s) 'example_trigger_controller_dag' retrieved from /usr/local/python/3.12.1/lib/python3.12/site-packages/airflow/example_dags/example_trigger_controller_dag.py
[2026-05-20T14:51:56.493+0000] {logging_mixin.py:190} INFO - [2026-05-20T14:51:56.493+0000] {dag.py:3239} INFO - Sync 1 DAGs
[2026-05-20T14:51:56.507+0000] {logging_mixin.py:190} INFO - [2026-05-20T14:51:56.507+0000] {dag.py:4180} INFO - Setting next_dagrun for example_trigger_controller_dag to 2021-01-01 00:00:00+00:00, run_after=2021-01-01 00:00:00+00:00
[2026-05-20T14:51:56.526+0000] {processor.py:208} INFO - Processing /usr/local/python/3.12.1/lib/python3.12/site-packages/airflow/example_dags/example_trigger_controller_dag.py took 0.145 seconds
[2026-05-20T14:53:00.021+0000] {processor.py:186} INFO - Started process (PID=50653) to work on /usr/local/python/3.12.1/lib/python3.12/site-packages/airflow/example_dags/example_trigger_controller_dag.py
[2026-05-20T14:53:00.021+0000] {processor.py:914} INFO - Processing file /usr/local/python/3.12.1/lib/python3.12/site-packages/airflow/example_dags/example_trigger_controller_dag.py for tasks to queue
[2026-05-20T14:53:00.024+0000] {logging_mixin.py:190} INFO - [2026-05-20T14:53:00.023+0000] {dagbag.py:588} INFO - Filling up the DagBag from /usr/local/python/3.12.1/lib/python3.12/site-packages/airflow/example_dags/example_trigger_controller_dag.py
[2026-05-20T14:53:00.031+0000] {processor.py:925} INFO - DAG(s) 'example_trigger_controller_dag' retrieved from /usr/local/python/3.12.1/lib/python3.12/site-packages/airflow/example_dags/example_trigger_controller_dag.py
[2026-05-20T14:53:00.045+0000] {logging_mixin.py:190} INFO - [2026-05-20T14:53:00.044+0000] {dag.py:3239} INFO - Sync 1 DAGs
[2026-05-20T14:53:00.071+0000] {logging_mixin.py:190} INFO - [2026-05-20T14:53:00.071+0000] {dag.py:4180} INFO - Setting next_dagrun for example_trigger_controller_dag to 2021-01-01 00:00:00+00:00, run_after=2021-01-01 00:00:00+00:00
[2026-05-20T14:53:00.108+0000] {processor.py:208} INFO - Processing /usr/local/python/3.12.1/lib/python3.12/site-packages/airflow/example_dags/example_trigger_controller_dag.py took 0.092 seconds
[2026-05-20T14:53:53.930+0000] {processor.py:186} INFO - Started process (PID=51576) to work on /usr/local/python/3.12.1/lib/python3.12/site-packages/airflow/example_dags/example_trigger_controller_dag.py
[2026-05-20T14:53:53.931+0000] {processor.py:914} INFO - Processing file /usr/local/python/3.12.1/lib/python3.12/site-packages/airflow/example_dags/example_trigger_controller_dag.py for tasks to queue
[2026-05-20T14:53:53.933+0000] {logging_mixin.py:190} INFO - [2026-05-20T14:53:53.932+0000] {dagbag.py:588} INFO - Filling up the DagBag from /usr/local/python/3.12.1/lib/python3.12/site-packages/airflow/example_dags/example_trigger_controller_dag.py
[2026-05-20T14:53:53.940+0000] {processor.py:925} INFO - DAG(s) 'example_trigger_controller_dag' retrieved from /usr/local/python/3.12.1/lib/python3.12/site-packages/airflow/example_dags/example_trigger_controller_dag.py
[2026-05-20T14:53:53.957+0000] {logging_mixin.py:190} INFO - [2026-05-20T14:53:53.956+0000] {dag.py:3239} INFO - Sync 1 DAGs
[2026-05-20T14:53:53.973+0000] {logging_mixin.py:190} INFO - [2026-05-20T14:53:53.973+0000] {dag.py:4180} INFO - Setting next_dagrun for example_trigger_controller_dag to 2021-01-01 00:00:00+00:00, run_after=2021-01-01 00:00:00+00:00
[2026-05-20T14:53:54.000+0000] {processor.py:208} INFO - Processing /usr/local/python/3.12.1/lib/python3.12/site-packages/airflow/example_dags/example_trigger_controller_dag.py took 0.077 seconds
