[2026-05-20T14:37:54.502+0000] {processor.py:186} INFO - Started process (PID=38353) to work on /usr/local/python/3.12.1/lib/python3.12/site-packages/airflow/example_dags/example_complex.py
[2026-05-20T14:37:54.503+0000] {processor.py:914} INFO - Processing file /usr/local/python/3.12.1/lib/python3.12/site-packages/airflow/example_dags/example_complex.py for tasks to queue
[2026-05-20T14:37:54.505+0000] {logging_mixin.py:190} INFO - [2026-05-20T14:37:54.505+0000] {dagbag.py:588} INFO - Filling up the DagBag from /usr/local/python/3.12.1/lib/python3.12/site-packages/airflow/example_dags/example_complex.py
[2026-05-20T14:37:54.516+0000] {processor.py:925} INFO - DAG(s) 'example_complex' retrieved from /usr/local/python/3.12.1/lib/python3.12/site-packages/airflow/example_dags/example_complex.py
[2026-05-20T14:37:54.545+0000] {logging_mixin.py:190} INFO - [2026-05-20T14:37:54.544+0000] {dag.py:3239} INFO - Sync 1 DAGs
[2026-05-20T14:37:54.556+0000] {logging_mixin.py:190} INFO - [2026-05-20T14:37:54.556+0000] {dag.py:4180} INFO - Setting next_dagrun for example_complex to None, run_after=None
[2026-05-20T14:37:54.576+0000] {processor.py:208} INFO - Processing /usr/local/python/3.12.1/lib/python3.12/site-packages/airflow/example_dags/example_complex.py took 0.079 seconds
[2026-05-20T14:39:08.766+0000] {processor.py:186} INFO - Started process (PID=39293) to work on /usr/local/python/3.12.1/lib/python3.12/site-packages/airflow/example_dags/example_complex.py
[2026-05-20T14:39:08.767+0000] {processor.py:914} INFO - Processing file /usr/local/python/3.12.1/lib/python3.12/site-packages/airflow/example_dags/example_complex.py for tasks to queue
[2026-05-20T14:39:08.769+0000] {logging_mixin.py:190} INFO - [2026-05-20T14:39:08.769+0000] {dagbag.py:588} INFO - Filling up the DagBag from /usr/local/python/3.12.1/lib/python3.12/site-packages/airflow/example_dags/example_complex.py
[2026-05-20T14:39:08.779+0000] {processor.py:925} INFO - DAG(s) 'example_complex' retrieved from /usr/local/python/3.12.1/lib/python3.12/site-packages/airflow/example_dags/example_complex.py
[2026-05-20T14:39:08.801+0000] {logging_mixin.py:190} INFO - [2026-05-20T14:39:08.801+0000] {dag.py:3239} INFO - Sync 1 DAGs
[2026-05-20T14:39:08.811+0000] {logging_mixin.py:190} INFO - [2026-05-20T14:39:08.811+0000] {dag.py:4180} INFO - Setting next_dagrun for example_complex to None, run_after=None
[2026-05-20T14:39:08.835+0000] {processor.py:208} INFO - Processing /usr/local/python/3.12.1/lib/python3.12/site-packages/airflow/example_dags/example_complex.py took 0.073 seconds
[2026-05-20T14:40:04.473+0000] {processor.py:186} INFO - Started process (PID=39802) to work on /usr/local/python/3.12.1/lib/python3.12/site-packages/airflow/example_dags/example_complex.py
[2026-05-20T14:40:04.474+0000] {processor.py:914} INFO - Processing file /usr/local/python/3.12.1/lib/python3.12/site-packages/airflow/example_dags/example_complex.py for tasks to queue
[2026-05-20T14:40:04.476+0000] {logging_mixin.py:190} INFO - [2026-05-20T14:40:04.475+0000] {dagbag.py:588} INFO - Filling up the DagBag from /usr/local/python/3.12.1/lib/python3.12/site-packages/airflow/example_dags/example_complex.py
[2026-05-20T14:40:04.486+0000] {processor.py:925} INFO - DAG(s) 'example_complex' retrieved from /usr/local/python/3.12.1/lib/python3.12/site-packages/airflow/example_dags/example_complex.py
[2026-05-20T14:40:04.508+0000] {logging_mixin.py:190} INFO - [2026-05-20T14:40:04.508+0000] {dag.py:3239} INFO - Sync 1 DAGs
[2026-05-20T14:40:04.519+0000] {logging_mixin.py:190} INFO - [2026-05-20T14:40:04.519+0000] {dag.py:4180} INFO - Setting next_dagrun for example_complex to None, run_after=None
[2026-05-20T14:40:04.540+0000] {processor.py:208} INFO - Processing /usr/local/python/3.12.1/lib/python3.12/site-packages/airflow/example_dags/example_complex.py took 0.071 seconds
[2026-05-20T14:41:25.892+0000] {processor.py:186} INFO - Started process (PID=41278) to work on /usr/local/python/3.12.1/lib/python3.12/site-packages/airflow/example_dags/example_complex.py
[2026-05-20T14:41:25.894+0000] {processor.py:914} INFO - Processing file /usr/local/python/3.12.1/lib/python3.12/site-packages/airflow/example_dags/example_complex.py for tasks to queue
[2026-05-20T14:41:25.895+0000] {logging_mixin.py:190} INFO - [2026-05-20T14:41:25.895+0000] {dagbag.py:588} INFO - Filling up the DagBag from /usr/local/python/3.12.1/lib/python3.12/site-packages/airflow/example_dags/example_complex.py
[2026-05-20T14:41:25.905+0000] {processor.py:925} INFO - DAG(s) 'example_complex' retrieved from /usr/local/python/3.12.1/lib/python3.12/site-packages/airflow/example_dags/example_complex.py
[2026-05-20T14:41:25.927+0000] {logging_mixin.py:190} INFO - [2026-05-20T14:41:25.927+0000] {dag.py:3239} INFO - Sync 1 DAGs
[2026-05-20T14:41:25.940+0000] {logging_mixin.py:190} INFO - [2026-05-20T14:41:25.940+0000] {dag.py:4180} INFO - Setting next_dagrun for example_complex to None, run_after=None
[2026-05-20T14:41:25.959+0000] {processor.py:208} INFO - Processing /usr/local/python/3.12.1/lib/python3.12/site-packages/airflow/example_dags/example_complex.py took 0.072 seconds
[2026-05-20T14:42:45.892+0000] {processor.py:186} INFO - Started process (PID=42172) to work on /usr/local/python/3.12.1/lib/python3.12/site-packages/airflow/example_dags/example_complex.py
[2026-05-20T14:42:45.893+0000] {processor.py:914} INFO - Processing file /usr/local/python/3.12.1/lib/python3.12/site-packages/airflow/example_dags/example_complex.py for tasks to queue
[2026-05-20T14:42:45.895+0000] {logging_mixin.py:190} INFO - [2026-05-20T14:42:45.895+0000] {dagbag.py:588} INFO - Filling up the DagBag from /usr/local/python/3.12.1/lib/python3.12/site-packages/airflow/example_dags/example_complex.py
[2026-05-20T14:42:45.905+0000] {processor.py:925} INFO - DAG(s) 'example_complex' retrieved from /usr/local/python/3.12.1/lib/python3.12/site-packages/airflow/example_dags/example_complex.py
[2026-05-20T14:42:45.928+0000] {logging_mixin.py:190} INFO - [2026-05-20T14:42:45.927+0000] {dag.py:3239} INFO - Sync 1 DAGs
[2026-05-20T14:42:45.941+0000] {logging_mixin.py:190} INFO - [2026-05-20T14:42:45.941+0000] {dag.py:4180} INFO - Setting next_dagrun for example_complex to None, run_after=None
[2026-05-20T14:42:45.962+0000] {processor.py:208} INFO - Processing /usr/local/python/3.12.1/lib/python3.12/site-packages/airflow/example_dags/example_complex.py took 0.074 seconds
[2026-05-20T14:44:04.194+0000] {processor.py:186} INFO - Started process (PID=43238) to work on /usr/local/python/3.12.1/lib/python3.12/site-packages/airflow/example_dags/example_complex.py
[2026-05-20T14:44:04.195+0000] {processor.py:914} INFO - Processing file /usr/local/python/3.12.1/lib/python3.12/site-packages/airflow/example_dags/example_complex.py for tasks to queue
[2026-05-20T14:44:04.197+0000] {logging_mixin.py:190} INFO - [2026-05-20T14:44:04.196+0000] {dagbag.py:588} INFO - Filling up the DagBag from /usr/local/python/3.12.1/lib/python3.12/site-packages/airflow/example_dags/example_complex.py
[2026-05-20T14:44:04.207+0000] {processor.py:925} INFO - DAG(s) 'example_complex' retrieved from /usr/local/python/3.12.1/lib/python3.12/site-packages/airflow/example_dags/example_complex.py
[2026-05-20T14:44:04.230+0000] {logging_mixin.py:190} INFO - [2026-05-20T14:44:04.229+0000] {dag.py:3239} INFO - Sync 1 DAGs
[2026-05-20T14:44:04.243+0000] {logging_mixin.py:190} INFO - [2026-05-20T14:44:04.243+0000] {dag.py:4180} INFO - Setting next_dagrun for example_complex to None, run_after=None
[2026-05-20T14:44:04.261+0000] {processor.py:208} INFO - Processing /usr/local/python/3.12.1/lib/python3.12/site-packages/airflow/example_dags/example_complex.py took 0.074 seconds
[2026-05-20T14:45:27.284+0000] {processor.py:186} INFO - Started process (PID=44321) to work on /usr/local/python/3.12.1/lib/python3.12/site-packages/airflow/example_dags/example_complex.py
[2026-05-20T14:45:27.286+0000] {processor.py:914} INFO - Processing file /usr/local/python/3.12.1/lib/python3.12/site-packages/airflow/example_dags/example_complex.py for tasks to queue
[2026-05-20T14:45:27.289+0000] {logging_mixin.py:190} INFO - [2026-05-20T14:45:27.288+0000] {dagbag.py:588} INFO - Filling up the DagBag from /usr/local/python/3.12.1/lib/python3.12/site-packages/airflow/example_dags/example_complex.py
[2026-05-20T14:45:27.305+0000] {processor.py:925} INFO - DAG(s) 'example_complex' retrieved from /usr/local/python/3.12.1/lib/python3.12/site-packages/airflow/example_dags/example_complex.py
[2026-05-20T14:45:27.356+0000] {logging_mixin.py:190} INFO - [2026-05-20T14:45:27.355+0000] {dag.py:3239} INFO - Sync 1 DAGs
[2026-05-20T14:45:27.385+0000] {logging_mixin.py:190} INFO - [2026-05-20T14:45:27.384+0000] {dag.py:4180} INFO - Setting next_dagrun for example_complex to None, run_after=None
[2026-05-20T14:45:27.417+0000] {processor.py:208} INFO - Processing /usr/local/python/3.12.1/lib/python3.12/site-packages/airflow/example_dags/example_complex.py took 0.140 seconds
[2026-05-20T14:46:36.331+0000] {processor.py:186} INFO - Started process (PID=45919) to work on /usr/local/python/3.12.1/lib/python3.12/site-packages/airflow/example_dags/example_complex.py
[2026-05-20T14:46:36.333+0000] {processor.py:914} INFO - Processing file /usr/local/python/3.12.1/lib/python3.12/site-packages/airflow/example_dags/example_complex.py for tasks to queue
[2026-05-20T14:46:36.336+0000] {logging_mixin.py:190} INFO - [2026-05-20T14:46:36.335+0000] {dagbag.py:588} INFO - Filling up the DagBag from /usr/local/python/3.12.1/lib/python3.12/site-packages/airflow/example_dags/example_complex.py
[2026-05-20T14:46:36.350+0000] {processor.py:925} INFO - DAG(s) 'example_complex' retrieved from /usr/local/python/3.12.1/lib/python3.12/site-packages/airflow/example_dags/example_complex.py
[2026-05-20T14:46:36.372+0000] {logging_mixin.py:190} INFO - [2026-05-20T14:46:36.372+0000] {dag.py:3239} INFO - Sync 1 DAGs
[2026-05-20T14:46:36.384+0000] {logging_mixin.py:190} INFO - [2026-05-20T14:46:36.383+0000] {dag.py:4180} INFO - Setting next_dagrun for example_complex to None, run_after=None
[2026-05-20T14:46:36.404+0000] {processor.py:208} INFO - Processing /usr/local/python/3.12.1/lib/python3.12/site-packages/airflow/example_dags/example_complex.py took 0.081 seconds
[2026-05-20T14:47:35.597+0000] {processor.py:186} INFO - Started process (PID=46690) to work on /usr/local/python/3.12.1/lib/python3.12/site-packages/airflow/example_dags/example_complex.py
[2026-05-20T14:47:35.598+0000] {processor.py:914} INFO - Processing file /usr/local/python/3.12.1/lib/python3.12/site-packages/airflow/example_dags/example_complex.py for tasks to queue
[2026-05-20T14:47:35.600+0000] {logging_mixin.py:190} INFO - [2026-05-20T14:47:35.600+0000] {dagbag.py:588} INFO - Filling up the DagBag from /usr/local/python/3.12.1/lib/python3.12/site-packages/airflow/example_dags/example_complex.py
[2026-05-20T14:47:35.610+0000] {processor.py:925} INFO - DAG(s) 'example_complex' retrieved from /usr/local/python/3.12.1/lib/python3.12/site-packages/airflow/example_dags/example_complex.py
[2026-05-20T14:47:35.640+0000] {logging_mixin.py:190} INFO - [2026-05-20T14:47:35.640+0000] {dag.py:3239} INFO - Sync 1 DAGs
[2026-05-20T14:47:35.652+0000] {logging_mixin.py:190} INFO - [2026-05-20T14:47:35.652+0000] {dag.py:4180} INFO - Setting next_dagrun for example_complex to None, run_after=None
[2026-05-20T14:47:35.671+0000] {processor.py:208} INFO - Processing /usr/local/python/3.12.1/lib/python3.12/site-packages/airflow/example_dags/example_complex.py took 0.080 seconds
[2026-05-20T14:52:45.805+0000] {processor.py:186} INFO - Started process (PID=50441) to work on /usr/local/python/3.12.1/lib/python3.12/site-packages/airflow/example_dags/example_complex.py
[2026-05-20T14:52:45.807+0000] {processor.py:914} INFO - Processing file /usr/local/python/3.12.1/lib/python3.12/site-packages/airflow/example_dags/example_complex.py for tasks to queue
[2026-05-20T14:52:45.809+0000] {logging_mixin.py:190} INFO - [2026-05-20T14:52:45.809+0000] {dagbag.py:588} INFO - Filling up the DagBag from /usr/local/python/3.12.1/lib/python3.12/site-packages/airflow/example_dags/example_complex.py
[2026-05-20T14:52:45.822+0000] {processor.py:925} INFO - DAG(s) 'example_complex' retrieved from /usr/local/python/3.12.1/lib/python3.12/site-packages/airflow/example_dags/example_complex.py
[2026-05-20T14:52:45.935+0000] {logging_mixin.py:190} INFO - [2026-05-20T14:52:45.935+0000] {dag.py:3239} INFO - Sync 1 DAGs
[2026-05-20T14:52:45.952+0000] {logging_mixin.py:190} INFO - [2026-05-20T14:52:45.951+0000] {dag.py:4180} INFO - Setting next_dagrun for example_complex to None, run_after=None
[2026-05-20T14:52:45.981+0000] {processor.py:208} INFO - Processing /usr/local/python/3.12.1/lib/python3.12/site-packages/airflow/example_dags/example_complex.py took 0.180 seconds
[2026-05-20T14:53:41.288+0000] {processor.py:186} INFO - Started process (PID=51346) to work on /usr/local/python/3.12.1/lib/python3.12/site-packages/airflow/example_dags/example_complex.py
[2026-05-20T14:53:41.289+0000] {processor.py:914} INFO - Processing file /usr/local/python/3.12.1/lib/python3.12/site-packages/airflow/example_dags/example_complex.py for tasks to queue
[2026-05-20T14:53:41.291+0000] {logging_mixin.py:190} INFO - [2026-05-20T14:53:41.290+0000] {dagbag.py:588} INFO - Filling up the DagBag from /usr/local/python/3.12.1/lib/python3.12/site-packages/airflow/example_dags/example_complex.py
[2026-05-20T14:53:41.301+0000] {processor.py:925} INFO - DAG(s) 'example_complex' retrieved from /usr/local/python/3.12.1/lib/python3.12/site-packages/airflow/example_dags/example_complex.py
[2026-05-20T14:53:41.362+0000] {logging_mixin.py:190} INFO - [2026-05-20T14:53:41.361+0000] {dag.py:3239} INFO - Sync 1 DAGs
[2026-05-20T14:53:41.374+0000] {logging_mixin.py:190} INFO - [2026-05-20T14:53:41.373+0000] {dag.py:4180} INFO - Setting next_dagrun for example_complex to None, run_after=None
[2026-05-20T14:53:41.393+0000] {processor.py:208} INFO - Processing /usr/local/python/3.12.1/lib/python3.12/site-packages/airflow/example_dags/example_complex.py took 0.109 seconds
