[2026-05-20T14:37:55.647+0000] {processor.py:186} INFO - Started process (PID=38361) to work on /usr/local/python/3.12.1/lib/python3.12/site-packages/airflow/example_dags/example_bash_operator.py
[2026-05-20T14:37:55.648+0000] {processor.py:914} INFO - Processing file /usr/local/python/3.12.1/lib/python3.12/site-packages/airflow/example_dags/example_bash_operator.py for tasks to queue
[2026-05-20T14:37:55.650+0000] {logging_mixin.py:190} INFO - [2026-05-20T14:37:55.649+0000] {dagbag.py:588} INFO - Filling up the DagBag from /usr/local/python/3.12.1/lib/python3.12/site-packages/airflow/example_dags/example_bash_operator.py
[2026-05-20T14:37:55.662+0000] {processor.py:925} INFO - DAG(s) 'example_bash_operator' retrieved from /usr/local/python/3.12.1/lib/python3.12/site-packages/airflow/example_dags/example_bash_operator.py
[2026-05-20T14:37:55.681+0000] {logging_mixin.py:190} INFO - [2026-05-20T14:37:55.681+0000] {dag.py:3239} INFO - Sync 1 DAGs
[2026-05-20T14:37:55.698+0000] {logging_mixin.py:190} INFO - [2026-05-20T14:37:55.698+0000] {dag.py:4180} INFO - Setting next_dagrun for example_bash_operator to 2026-05-19 00:00:00+00:00, run_after=2026-05-20 00:00:00+00:00
[2026-05-20T14:37:55.717+0000] {processor.py:208} INFO - Processing /usr/local/python/3.12.1/lib/python3.12/site-packages/airflow/example_dags/example_bash_operator.py took 0.076 seconds
[2026-05-20T14:39:09.924+0000] {processor.py:186} INFO - Started process (PID=39302) to work on /usr/local/python/3.12.1/lib/python3.12/site-packages/airflow/example_dags/example_bash_operator.py
[2026-05-20T14:39:09.925+0000] {processor.py:914} INFO - Processing file /usr/local/python/3.12.1/lib/python3.12/site-packages/airflow/example_dags/example_bash_operator.py for tasks to queue
[2026-05-20T14:39:09.927+0000] {logging_mixin.py:190} INFO - [2026-05-20T14:39:09.926+0000] {dagbag.py:588} INFO - Filling up the DagBag from /usr/local/python/3.12.1/lib/python3.12/site-packages/airflow/example_dags/example_bash_operator.py
[2026-05-20T14:39:09.941+0000] {processor.py:925} INFO - DAG(s) 'example_bash_operator' retrieved from /usr/local/python/3.12.1/lib/python3.12/site-packages/airflow/example_dags/example_bash_operator.py
[2026-05-20T14:39:09.961+0000] {logging_mixin.py:190} INFO - [2026-05-20T14:39:09.960+0000] {dag.py:3239} INFO - Sync 1 DAGs
[2026-05-20T14:39:09.978+0000] {logging_mixin.py:190} INFO - [2026-05-20T14:39:09.978+0000] {dag.py:4180} INFO - Setting next_dagrun for example_bash_operator to 2026-05-19 00:00:00+00:00, run_after=2026-05-20 00:00:00+00:00
[2026-05-20T14:39:09.996+0000] {processor.py:208} INFO - Processing /usr/local/python/3.12.1/lib/python3.12/site-packages/airflow/example_dags/example_bash_operator.py took 0.076 seconds
[2026-05-20T14:40:29.529+0000] {processor.py:186} INFO - Started process (PID=40049) to work on /usr/local/python/3.12.1/lib/python3.12/site-packages/airflow/example_dags/example_bash_operator.py
[2026-05-20T14:40:29.531+0000] {processor.py:914} INFO - Processing file /usr/local/python/3.12.1/lib/python3.12/site-packages/airflow/example_dags/example_bash_operator.py for tasks to queue
[2026-05-20T14:40:29.534+0000] {logging_mixin.py:190} INFO - [2026-05-20T14:40:29.533+0000] {dagbag.py:588} INFO - Filling up the DagBag from /usr/local/python/3.12.1/lib/python3.12/site-packages/airflow/example_dags/example_bash_operator.py
[2026-05-20T14:40:29.560+0000] {processor.py:925} INFO - DAG(s) 'example_bash_operator' retrieved from /usr/local/python/3.12.1/lib/python3.12/site-packages/airflow/example_dags/example_bash_operator.py
[2026-05-20T14:40:29.580+0000] {logging_mixin.py:190} INFO - [2026-05-20T14:40:29.579+0000] {dag.py:3239} INFO - Sync 1 DAGs
[2026-05-20T14:40:29.599+0000] {logging_mixin.py:190} INFO - [2026-05-20T14:40:29.598+0000] {dag.py:4180} INFO - Setting next_dagrun for example_bash_operator to 2026-05-19 00:00:00+00:00, run_after=2026-05-20 00:00:00+00:00
[2026-05-20T14:40:29.619+0000] {processor.py:208} INFO - Processing /usr/local/python/3.12.1/lib/python3.12/site-packages/airflow/example_dags/example_bash_operator.py took 0.097 seconds
[2026-05-20T14:41:49.805+0000] {processor.py:186} INFO - Started process (PID=41612) to work on /usr/local/python/3.12.1/lib/python3.12/site-packages/airflow/example_dags/example_bash_operator.py
[2026-05-20T14:41:49.806+0000] {processor.py:914} INFO - Processing file /usr/local/python/3.12.1/lib/python3.12/site-packages/airflow/example_dags/example_bash_operator.py for tasks to queue
[2026-05-20T14:41:49.808+0000] {logging_mixin.py:190} INFO - [2026-05-20T14:41:49.807+0000] {dagbag.py:588} INFO - Filling up the DagBag from /usr/local/python/3.12.1/lib/python3.12/site-packages/airflow/example_dags/example_bash_operator.py
[2026-05-20T14:41:49.818+0000] {processor.py:925} INFO - DAG(s) 'example_bash_operator' retrieved from /usr/local/python/3.12.1/lib/python3.12/site-packages/airflow/example_dags/example_bash_operator.py
[2026-05-20T14:41:49.840+0000] {logging_mixin.py:190} INFO - [2026-05-20T14:41:49.840+0000] {dag.py:3239} INFO - Sync 1 DAGs
[2026-05-20T14:41:49.857+0000] {logging_mixin.py:190} INFO - [2026-05-20T14:41:49.857+0000] {dag.py:4180} INFO - Setting next_dagrun for example_bash_operator to 2026-05-19 00:00:00+00:00, run_after=2026-05-20 00:00:00+00:00
[2026-05-20T14:41:49.879+0000] {processor.py:208} INFO - Processing /usr/local/python/3.12.1/lib/python3.12/site-packages/airflow/example_dags/example_bash_operator.py took 0.078 seconds
[2026-05-20T14:42:46.357+0000] {processor.py:186} INFO - Started process (PID=42179) to work on /usr/local/python/3.12.1/lib/python3.12/site-packages/airflow/example_dags/example_bash_operator.py
[2026-05-20T14:42:46.358+0000] {processor.py:914} INFO - Processing file /usr/local/python/3.12.1/lib/python3.12/site-packages/airflow/example_dags/example_bash_operator.py for tasks to queue
[2026-05-20T14:42:46.360+0000] {logging_mixin.py:190} INFO - [2026-05-20T14:42:46.360+0000] {dagbag.py:588} INFO - Filling up the DagBag from /usr/local/python/3.12.1/lib/python3.12/site-packages/airflow/example_dags/example_bash_operator.py
[2026-05-20T14:42:46.371+0000] {processor.py:925} INFO - DAG(s) 'example_bash_operator' retrieved from /usr/local/python/3.12.1/lib/python3.12/site-packages/airflow/example_dags/example_bash_operator.py
[2026-05-20T14:42:46.390+0000] {logging_mixin.py:190} INFO - [2026-05-20T14:42:46.390+0000] {dag.py:3239} INFO - Sync 1 DAGs
[2026-05-20T14:42:46.411+0000] {logging_mixin.py:190} INFO - [2026-05-20T14:42:46.411+0000] {dag.py:4180} INFO - Setting next_dagrun for example_bash_operator to 2026-05-19 00:00:00+00:00, run_after=2026-05-20 00:00:00+00:00
[2026-05-20T14:42:46.436+0000] {processor.py:208} INFO - Processing /usr/local/python/3.12.1/lib/python3.12/site-packages/airflow/example_dags/example_bash_operator.py took 0.084 seconds
[2026-05-20T14:44:05.335+0000] {processor.py:186} INFO - Started process (PID=43246) to work on /usr/local/python/3.12.1/lib/python3.12/site-packages/airflow/example_dags/example_bash_operator.py
[2026-05-20T14:44:05.336+0000] {processor.py:914} INFO - Processing file /usr/local/python/3.12.1/lib/python3.12/site-packages/airflow/example_dags/example_bash_operator.py for tasks to queue
[2026-05-20T14:44:05.337+0000] {logging_mixin.py:190} INFO - [2026-05-20T14:44:05.337+0000] {dagbag.py:588} INFO - Filling up the DagBag from /usr/local/python/3.12.1/lib/python3.12/site-packages/airflow/example_dags/example_bash_operator.py
[2026-05-20T14:44:05.349+0000] {processor.py:925} INFO - DAG(s) 'example_bash_operator' retrieved from /usr/local/python/3.12.1/lib/python3.12/site-packages/airflow/example_dags/example_bash_operator.py
[2026-05-20T14:44:05.367+0000] {logging_mixin.py:190} INFO - [2026-05-20T14:44:05.366+0000] {dag.py:3239} INFO - Sync 1 DAGs
[2026-05-20T14:44:05.383+0000] {logging_mixin.py:190} INFO - [2026-05-20T14:44:05.383+0000] {dag.py:4180} INFO - Setting next_dagrun for example_bash_operator to 2026-05-19 00:00:00+00:00, run_after=2026-05-20 00:00:00+00:00
[2026-05-20T14:44:05.401+0000] {processor.py:208} INFO - Processing /usr/local/python/3.12.1/lib/python3.12/site-packages/airflow/example_dags/example_bash_operator.py took 0.071 seconds
[2026-05-20T14:45:28.564+0000] {processor.py:186} INFO - Started process (PID=44478) to work on /usr/local/python/3.12.1/lib/python3.12/site-packages/airflow/example_dags/example_bash_operator.py
[2026-05-20T14:45:28.565+0000] {processor.py:914} INFO - Processing file /usr/local/python/3.12.1/lib/python3.12/site-packages/airflow/example_dags/example_bash_operator.py for tasks to queue
[2026-05-20T14:45:28.567+0000] {logging_mixin.py:190} INFO - [2026-05-20T14:45:28.567+0000] {dagbag.py:588} INFO - Filling up the DagBag from /usr/local/python/3.12.1/lib/python3.12/site-packages/airflow/example_dags/example_bash_operator.py
[2026-05-20T14:45:28.589+0000] {processor.py:925} INFO - DAG(s) 'example_bash_operator' retrieved from /usr/local/python/3.12.1/lib/python3.12/site-packages/airflow/example_dags/example_bash_operator.py
[2026-05-20T14:45:28.622+0000] {logging_mixin.py:190} INFO - [2026-05-20T14:45:28.622+0000] {dag.py:3239} INFO - Sync 1 DAGs
[2026-05-20T14:45:28.644+0000] {logging_mixin.py:190} INFO - [2026-05-20T14:45:28.643+0000] {dag.py:4180} INFO - Setting next_dagrun for example_bash_operator to 2026-05-19 00:00:00+00:00, run_after=2026-05-20 00:00:00+00:00
[2026-05-20T14:45:28.698+0000] {processor.py:208} INFO - Processing /usr/local/python/3.12.1/lib/python3.12/site-packages/airflow/example_dags/example_bash_operator.py took 0.142 seconds
[2026-05-20T14:46:37.482+0000] {processor.py:186} INFO - Started process (PID=45921) to work on /usr/local/python/3.12.1/lib/python3.12/site-packages/airflow/example_dags/example_bash_operator.py
[2026-05-20T14:46:37.482+0000] {processor.py:914} INFO - Processing file /usr/local/python/3.12.1/lib/python3.12/site-packages/airflow/example_dags/example_bash_operator.py for tasks to queue
[2026-05-20T14:46:37.484+0000] {logging_mixin.py:190} INFO - [2026-05-20T14:46:37.484+0000] {dagbag.py:588} INFO - Filling up the DagBag from /usr/local/python/3.12.1/lib/python3.12/site-packages/airflow/example_dags/example_bash_operator.py
[2026-05-20T14:46:37.495+0000] {processor.py:925} INFO - DAG(s) 'example_bash_operator' retrieved from /usr/local/python/3.12.1/lib/python3.12/site-packages/airflow/example_dags/example_bash_operator.py
[2026-05-20T14:46:37.513+0000] {logging_mixin.py:190} INFO - [2026-05-20T14:46:37.512+0000] {dag.py:3239} INFO - Sync 1 DAGs
[2026-05-20T14:46:37.530+0000] {logging_mixin.py:190} INFO - [2026-05-20T14:46:37.530+0000] {dag.py:4180} INFO - Setting next_dagrun for example_bash_operator to 2026-05-19 00:00:00+00:00, run_after=2026-05-20 00:00:00+00:00
[2026-05-20T14:46:37.550+0000] {processor.py:208} INFO - Processing /usr/local/python/3.12.1/lib/python3.12/site-packages/airflow/example_dags/example_bash_operator.py took 0.074 seconds
[2026-05-20T14:52:46.195+0000] {processor.py:186} INFO - Started process (PID=50452) to work on /usr/local/python/3.12.1/lib/python3.12/site-packages/airflow/example_dags/example_bash_operator.py
[2026-05-20T14:52:46.198+0000] {processor.py:914} INFO - Processing file /usr/local/python/3.12.1/lib/python3.12/site-packages/airflow/example_dags/example_bash_operator.py for tasks to queue
[2026-05-20T14:52:46.201+0000] {logging_mixin.py:190} INFO - [2026-05-20T14:52:46.200+0000] {dagbag.py:588} INFO - Filling up the DagBag from /usr/local/python/3.12.1/lib/python3.12/site-packages/airflow/example_dags/example_bash_operator.py
[2026-05-20T14:52:46.221+0000] {processor.py:925} INFO - DAG(s) 'example_bash_operator' retrieved from /usr/local/python/3.12.1/lib/python3.12/site-packages/airflow/example_dags/example_bash_operator.py
[2026-05-20T14:52:46.348+0000] {logging_mixin.py:190} INFO - [2026-05-20T14:52:46.347+0000] {dag.py:3239} INFO - Sync 1 DAGs
[2026-05-20T14:52:46.366+0000] {logging_mixin.py:190} INFO - [2026-05-20T14:52:46.366+0000] {dag.py:4180} INFO - Setting next_dagrun for example_bash_operator to 2026-05-19 00:00:00+00:00, run_after=2026-05-20 00:00:00+00:00
[2026-05-20T14:52:46.387+0000] {processor.py:208} INFO - Processing /usr/local/python/3.12.1/lib/python3.12/site-packages/airflow/example_dags/example_bash_operator.py took 0.204 seconds
[2026-05-20T14:53:42.533+0000] {processor.py:186} INFO - Started process (PID=51354) to work on /usr/local/python/3.12.1/lib/python3.12/site-packages/airflow/example_dags/example_bash_operator.py
[2026-05-20T14:53:42.534+0000] {processor.py:914} INFO - Processing file /usr/local/python/3.12.1/lib/python3.12/site-packages/airflow/example_dags/example_bash_operator.py for tasks to queue
[2026-05-20T14:53:42.536+0000] {logging_mixin.py:190} INFO - [2026-05-20T14:53:42.536+0000] {dagbag.py:588} INFO - Filling up the DagBag from /usr/local/python/3.12.1/lib/python3.12/site-packages/airflow/example_dags/example_bash_operator.py
[2026-05-20T14:53:42.549+0000] {processor.py:925} INFO - DAG(s) 'example_bash_operator' retrieved from /usr/local/python/3.12.1/lib/python3.12/site-packages/airflow/example_dags/example_bash_operator.py
[2026-05-20T14:53:42.570+0000] {logging_mixin.py:190} INFO - [2026-05-20T14:53:42.570+0000] {dag.py:3239} INFO - Sync 1 DAGs
[2026-05-20T14:53:42.589+0000] {logging_mixin.py:190} INFO - [2026-05-20T14:53:42.589+0000] {dag.py:4180} INFO - Setting next_dagrun for example_bash_operator to 2026-05-19 00:00:00+00:00, run_after=2026-05-20 00:00:00+00:00
[2026-05-20T14:53:42.609+0000] {processor.py:208} INFO - Processing /usr/local/python/3.12.1/lib/python3.12/site-packages/airflow/example_dags/example_bash_operator.py took 0.081 seconds
