[2026-05-20T14:37:23.559+0000] {processor.py:186} INFO - Started process (PID=37934) to work on /usr/local/python/3.12.1/lib/python3.12/site-packages/airflow/example_dags/example_short_circuit_decorator.py
[2026-05-20T14:37:23.560+0000] {processor.py:914} INFO - Processing file /usr/local/python/3.12.1/lib/python3.12/site-packages/airflow/example_dags/example_short_circuit_decorator.py for tasks to queue
[2026-05-20T14:37:23.563+0000] {logging_mixin.py:190} INFO - [2026-05-20T14:37:23.562+0000] {dagbag.py:588} INFO - Filling up the DagBag from /usr/local/python/3.12.1/lib/python3.12/site-packages/airflow/example_dags/example_short_circuit_decorator.py
[2026-05-20T14:37:23.580+0000] {processor.py:925} INFO - DAG(s) 'example_short_circuit_decorator' retrieved from /usr/local/python/3.12.1/lib/python3.12/site-packages/airflow/example_dags/example_short_circuit_decorator.py
[2026-05-20T14:37:23.612+0000] {logging_mixin.py:190} INFO - [2026-05-20T14:37:23.612+0000] {dag.py:3239} INFO - Sync 1 DAGs
[2026-05-20T14:37:23.639+0000] {logging_mixin.py:190} INFO - [2026-05-20T14:37:23.638+0000] {dag.py:4180} INFO - Setting next_dagrun for example_short_circuit_decorator to None, run_after=None
[2026-05-20T14:37:23.696+0000] {processor.py:208} INFO - Processing /usr/local/python/3.12.1/lib/python3.12/site-packages/airflow/example_dags/example_short_circuit_decorator.py took 0.146 seconds
[2026-05-20T14:38:20.381+0000] {processor.py:186} INFO - Started process (PID=38607) to work on /usr/local/python/3.12.1/lib/python3.12/site-packages/airflow/example_dags/example_short_circuit_decorator.py
[2026-05-20T14:38:20.382+0000] {processor.py:914} INFO - Processing file /usr/local/python/3.12.1/lib/python3.12/site-packages/airflow/example_dags/example_short_circuit_decorator.py for tasks to queue
[2026-05-20T14:38:20.384+0000] {logging_mixin.py:190} INFO - [2026-05-20T14:38:20.383+0000] {dagbag.py:588} INFO - Filling up the DagBag from /usr/local/python/3.12.1/lib/python3.12/site-packages/airflow/example_dags/example_short_circuit_decorator.py
[2026-05-20T14:38:20.392+0000] {processor.py:925} INFO - DAG(s) 'example_short_circuit_decorator' retrieved from /usr/local/python/3.12.1/lib/python3.12/site-packages/airflow/example_dags/example_short_circuit_decorator.py
[2026-05-20T14:38:20.408+0000] {logging_mixin.py:190} INFO - [2026-05-20T14:38:20.408+0000] {dag.py:3239} INFO - Sync 1 DAGs
[2026-05-20T14:38:20.418+0000] {logging_mixin.py:190} INFO - [2026-05-20T14:38:20.418+0000] {dag.py:4180} INFO - Setting next_dagrun for example_short_circuit_decorator to None, run_after=None
[2026-05-20T14:38:20.439+0000] {processor.py:208} INFO - Processing /usr/local/python/3.12.1/lib/python3.12/site-packages/airflow/example_dags/example_short_circuit_decorator.py took 0.063 seconds
[2026-05-20T14:39:13.910+0000] {processor.py:186} INFO - Started process (PID=39341) to work on /usr/local/python/3.12.1/lib/python3.12/site-packages/airflow/example_dags/example_short_circuit_decorator.py
[2026-05-20T14:39:13.911+0000] {processor.py:914} INFO - Processing file /usr/local/python/3.12.1/lib/python3.12/site-packages/airflow/example_dags/example_short_circuit_decorator.py for tasks to queue
[2026-05-20T14:39:13.912+0000] {logging_mixin.py:190} INFO - [2026-05-20T14:39:13.912+0000] {dagbag.py:588} INFO - Filling up the DagBag from /usr/local/python/3.12.1/lib/python3.12/site-packages/airflow/example_dags/example_short_circuit_decorator.py
[2026-05-20T14:39:13.920+0000] {processor.py:925} INFO - DAG(s) 'example_short_circuit_decorator' retrieved from /usr/local/python/3.12.1/lib/python3.12/site-packages/airflow/example_dags/example_short_circuit_decorator.py
[2026-05-20T14:39:13.940+0000] {logging_mixin.py:190} INFO - [2026-05-20T14:39:13.940+0000] {dag.py:3239} INFO - Sync 1 DAGs
[2026-05-20T14:39:13.952+0000] {logging_mixin.py:190} INFO - [2026-05-20T14:39:13.952+0000] {dag.py:4180} INFO - Setting next_dagrun for example_short_circuit_decorator to None, run_after=None
[2026-05-20T14:39:13.969+0000] {processor.py:208} INFO - Processing /usr/local/python/3.12.1/lib/python3.12/site-packages/airflow/example_dags/example_short_circuit_decorator.py took 0.063 seconds
[2026-05-20T14:40:06.666+0000] {processor.py:186} INFO - Started process (PID=39818) to work on /usr/local/python/3.12.1/lib/python3.12/site-packages/airflow/example_dags/example_short_circuit_decorator.py
[2026-05-20T14:40:06.667+0000] {processor.py:914} INFO - Processing file /usr/local/python/3.12.1/lib/python3.12/site-packages/airflow/example_dags/example_short_circuit_decorator.py for tasks to queue
[2026-05-20T14:40:06.669+0000] {logging_mixin.py:190} INFO - [2026-05-20T14:40:06.668+0000] {dagbag.py:588} INFO - Filling up the DagBag from /usr/local/python/3.12.1/lib/python3.12/site-packages/airflow/example_dags/example_short_circuit_decorator.py
[2026-05-20T14:40:06.677+0000] {processor.py:925} INFO - DAG(s) 'example_short_circuit_decorator' retrieved from /usr/local/python/3.12.1/lib/python3.12/site-packages/airflow/example_dags/example_short_circuit_decorator.py
[2026-05-20T14:40:06.693+0000] {logging_mixin.py:190} INFO - [2026-05-20T14:40:06.693+0000] {dag.py:3239} INFO - Sync 1 DAGs
[2026-05-20T14:40:06.703+0000] {logging_mixin.py:190} INFO - [2026-05-20T14:40:06.703+0000] {dag.py:4180} INFO - Setting next_dagrun for example_short_circuit_decorator to None, run_after=None
[2026-05-20T14:40:06.720+0000] {processor.py:208} INFO - Processing /usr/local/python/3.12.1/lib/python3.12/site-packages/airflow/example_dags/example_short_circuit_decorator.py took 0.058 seconds
[2026-05-20T14:40:59.796+0000] {processor.py:186} INFO - Started process (PID=40893) to work on /usr/local/python/3.12.1/lib/python3.12/site-packages/airflow/example_dags/example_short_circuit_decorator.py
[2026-05-20T14:40:59.797+0000] {processor.py:914} INFO - Processing file /usr/local/python/3.12.1/lib/python3.12/site-packages/airflow/example_dags/example_short_circuit_decorator.py for tasks to queue
[2026-05-20T14:40:59.799+0000] {logging_mixin.py:190} INFO - [2026-05-20T14:40:59.799+0000] {dagbag.py:588} INFO - Filling up the DagBag from /usr/local/python/3.12.1/lib/python3.12/site-packages/airflow/example_dags/example_short_circuit_decorator.py
[2026-05-20T14:40:59.816+0000] {processor.py:925} INFO - DAG(s) 'example_short_circuit_decorator' retrieved from /usr/local/python/3.12.1/lib/python3.12/site-packages/airflow/example_dags/example_short_circuit_decorator.py
[2026-05-20T14:40:59.845+0000] {logging_mixin.py:190} INFO - [2026-05-20T14:40:59.844+0000] {dag.py:3239} INFO - Sync 1 DAGs
[2026-05-20T14:40:59.861+0000] {logging_mixin.py:190} INFO - [2026-05-20T14:40:59.861+0000] {dag.py:4180} INFO - Setting next_dagrun for example_short_circuit_decorator to None, run_after=None
[2026-05-20T14:40:59.898+0000] {processor.py:208} INFO - Processing /usr/local/python/3.12.1/lib/python3.12/site-packages/airflow/example_dags/example_short_circuit_decorator.py took 0.108 seconds
[2026-05-20T14:41:54.952+0000] {processor.py:186} INFO - Started process (PID=41646) to work on /usr/local/python/3.12.1/lib/python3.12/site-packages/airflow/example_dags/example_short_circuit_decorator.py
[2026-05-20T14:41:54.953+0000] {processor.py:914} INFO - Processing file /usr/local/python/3.12.1/lib/python3.12/site-packages/airflow/example_dags/example_short_circuit_decorator.py for tasks to queue
[2026-05-20T14:41:54.954+0000] {logging_mixin.py:190} INFO - [2026-05-20T14:41:54.954+0000] {dagbag.py:588} INFO - Filling up the DagBag from /usr/local/python/3.12.1/lib/python3.12/site-packages/airflow/example_dags/example_short_circuit_decorator.py
[2026-05-20T14:41:54.962+0000] {processor.py:925} INFO - DAG(s) 'example_short_circuit_decorator' retrieved from /usr/local/python/3.12.1/lib/python3.12/site-packages/airflow/example_dags/example_short_circuit_decorator.py
[2026-05-20T14:41:54.977+0000] {logging_mixin.py:190} INFO - [2026-05-20T14:41:54.977+0000] {dag.py:3239} INFO - Sync 1 DAGs
[2026-05-20T14:41:54.987+0000] {logging_mixin.py:190} INFO - [2026-05-20T14:41:54.987+0000] {dag.py:4180} INFO - Setting next_dagrun for example_short_circuit_decorator to None, run_after=None
[2026-05-20T14:41:55.004+0000] {processor.py:208} INFO - Processing /usr/local/python/3.12.1/lib/python3.12/site-packages/airflow/example_dags/example_short_circuit_decorator.py took 0.056 seconds
[2026-05-20T14:42:48.033+0000] {processor.py:186} INFO - Started process (PID=42206) to work on /usr/local/python/3.12.1/lib/python3.12/site-packages/airflow/example_dags/example_short_circuit_decorator.py
[2026-05-20T14:42:48.034+0000] {processor.py:914} INFO - Processing file /usr/local/python/3.12.1/lib/python3.12/site-packages/airflow/example_dags/example_short_circuit_decorator.py for tasks to queue
[2026-05-20T14:42:48.036+0000] {logging_mixin.py:190} INFO - [2026-05-20T14:42:48.036+0000] {dagbag.py:588} INFO - Filling up the DagBag from /usr/local/python/3.12.1/lib/python3.12/site-packages/airflow/example_dags/example_short_circuit_decorator.py
[2026-05-20T14:42:48.047+0000] {processor.py:925} INFO - DAG(s) 'example_short_circuit_decorator' retrieved from /usr/local/python/3.12.1/lib/python3.12/site-packages/airflow/example_dags/example_short_circuit_decorator.py
[2026-05-20T14:42:48.064+0000] {logging_mixin.py:190} INFO - [2026-05-20T14:42:48.064+0000] {dag.py:3239} INFO - Sync 1 DAGs
[2026-05-20T14:42:48.075+0000] {logging_mixin.py:190} INFO - [2026-05-20T14:42:48.075+0000] {dag.py:4180} INFO - Setting next_dagrun for example_short_circuit_decorator to None, run_after=None
[2026-05-20T14:42:48.096+0000] {processor.py:208} INFO - Processing /usr/local/python/3.12.1/lib/python3.12/site-packages/airflow/example_dags/example_short_circuit_decorator.py took 0.070 seconds
[2026-05-20T14:43:39.597+0000] {processor.py:186} INFO - Started process (PID=42868) to work on /usr/local/python/3.12.1/lib/python3.12/site-packages/airflow/example_dags/example_short_circuit_decorator.py
[2026-05-20T14:43:39.600+0000] {processor.py:914} INFO - Processing file /usr/local/python/3.12.1/lib/python3.12/site-packages/airflow/example_dags/example_short_circuit_decorator.py for tasks to queue
[2026-05-20T14:43:39.616+0000] {logging_mixin.py:190} INFO - [2026-05-20T14:43:39.614+0000] {dagbag.py:588} INFO - Filling up the DagBag from /usr/local/python/3.12.1/lib/python3.12/site-packages/airflow/example_dags/example_short_circuit_decorator.py
[2026-05-20T14:43:39.655+0000] {processor.py:925} INFO - DAG(s) 'example_short_circuit_decorator' retrieved from /usr/local/python/3.12.1/lib/python3.12/site-packages/airflow/example_dags/example_short_circuit_decorator.py
[2026-05-20T14:43:39.702+0000] {logging_mixin.py:190} INFO - [2026-05-20T14:43:39.702+0000] {dag.py:3239} INFO - Sync 1 DAGs
[2026-05-20T14:43:39.726+0000] {logging_mixin.py:190} INFO - [2026-05-20T14:43:39.726+0000] {dag.py:4180} INFO - Setting next_dagrun for example_short_circuit_decorator to None, run_after=None
[2026-05-20T14:43:39.783+0000] {processor.py:208} INFO - Processing /usr/local/python/3.12.1/lib/python3.12/site-packages/airflow/example_dags/example_short_circuit_decorator.py took 0.203 seconds
[2026-05-20T14:44:34.062+0000] {processor.py:186} INFO - Started process (PID=43471) to work on /usr/local/python/3.12.1/lib/python3.12/site-packages/airflow/example_dags/example_short_circuit_decorator.py
[2026-05-20T14:44:34.063+0000] {processor.py:914} INFO - Processing file /usr/local/python/3.12.1/lib/python3.12/site-packages/airflow/example_dags/example_short_circuit_decorator.py for tasks to queue
[2026-05-20T14:44:34.065+0000] {logging_mixin.py:190} INFO - [2026-05-20T14:44:34.064+0000] {dagbag.py:588} INFO - Filling up the DagBag from /usr/local/python/3.12.1/lib/python3.12/site-packages/airflow/example_dags/example_short_circuit_decorator.py
[2026-05-20T14:44:34.074+0000] {processor.py:925} INFO - DAG(s) 'example_short_circuit_decorator' retrieved from /usr/local/python/3.12.1/lib/python3.12/site-packages/airflow/example_dags/example_short_circuit_decorator.py
[2026-05-20T14:44:34.090+0000] {logging_mixin.py:190} INFO - [2026-05-20T14:44:34.090+0000] {dag.py:3239} INFO - Sync 1 DAGs
[2026-05-20T14:44:34.100+0000] {logging_mixin.py:190} INFO - [2026-05-20T14:44:34.100+0000] {dag.py:4180} INFO - Setting next_dagrun for example_short_circuit_decorator to None, run_after=None
[2026-05-20T14:44:34.118+0000] {processor.py:208} INFO - Processing /usr/local/python/3.12.1/lib/python3.12/site-packages/airflow/example_dags/example_short_circuit_decorator.py took 0.061 seconds
[2026-05-20T14:45:33.777+0000] {processor.py:186} INFO - Started process (PID=44561) to work on /usr/local/python/3.12.1/lib/python3.12/site-packages/airflow/example_dags/example_short_circuit_decorator.py
[2026-05-20T14:45:33.832+0000] {processor.py:914} INFO - Processing file /usr/local/python/3.12.1/lib/python3.12/site-packages/airflow/example_dags/example_short_circuit_decorator.py for tasks to queue
[2026-05-20T14:45:33.835+0000] {logging_mixin.py:190} INFO - [2026-05-20T14:45:33.835+0000] {dagbag.py:588} INFO - Filling up the DagBag from /usr/local/python/3.12.1/lib/python3.12/site-packages/airflow/example_dags/example_short_circuit_decorator.py
[2026-05-20T14:45:33.856+0000] {processor.py:925} INFO - DAG(s) 'example_short_circuit_decorator' retrieved from /usr/local/python/3.12.1/lib/python3.12/site-packages/airflow/example_dags/example_short_circuit_decorator.py
[2026-05-20T14:45:33.922+0000] {logging_mixin.py:190} INFO - [2026-05-20T14:45:33.922+0000] {dag.py:3239} INFO - Sync 1 DAGs
[2026-05-20T14:45:33.942+0000] {logging_mixin.py:190} INFO - [2026-05-20T14:45:33.942+0000] {dag.py:4180} INFO - Setting next_dagrun for example_short_circuit_decorator to None, run_after=None
[2026-05-20T14:45:33.977+0000] {processor.py:208} INFO - Processing /usr/local/python/3.12.1/lib/python3.12/site-packages/airflow/example_dags/example_short_circuit_decorator.py took 0.206 seconds
[2026-05-20T14:46:29.063+0000] {processor.py:186} INFO - Started process (PID=45845) to work on /usr/local/python/3.12.1/lib/python3.12/site-packages/airflow/example_dags/example_short_circuit_decorator.py
[2026-05-20T14:46:29.064+0000] {processor.py:914} INFO - Processing file /usr/local/python/3.12.1/lib/python3.12/site-packages/airflow/example_dags/example_short_circuit_decorator.py for tasks to queue
[2026-05-20T14:46:29.066+0000] {logging_mixin.py:190} INFO - [2026-05-20T14:46:29.065+0000] {dagbag.py:588} INFO - Filling up the DagBag from /usr/local/python/3.12.1/lib/python3.12/site-packages/airflow/example_dags/example_short_circuit_decorator.py
[2026-05-20T14:46:29.074+0000] {processor.py:925} INFO - DAG(s) 'example_short_circuit_decorator' retrieved from /usr/local/python/3.12.1/lib/python3.12/site-packages/airflow/example_dags/example_short_circuit_decorator.py
[2026-05-20T14:46:29.096+0000] {logging_mixin.py:190} INFO - [2026-05-20T14:46:29.096+0000] {dag.py:3239} INFO - Sync 1 DAGs
[2026-05-20T14:46:29.106+0000] {logging_mixin.py:190} INFO - [2026-05-20T14:46:29.105+0000] {dag.py:4180} INFO - Setting next_dagrun for example_short_circuit_decorator to None, run_after=None
[2026-05-20T14:46:29.122+0000] {processor.py:208} INFO - Processing /usr/local/python/3.12.1/lib/python3.12/site-packages/airflow/example_dags/example_short_circuit_decorator.py took 0.066 seconds
[2026-05-20T14:47:28.068+0000] {processor.py:186} INFO - Started process (PID=46614) to work on /usr/local/python/3.12.1/lib/python3.12/site-packages/airflow/example_dags/example_short_circuit_decorator.py
[2026-05-20T14:47:28.069+0000] {processor.py:914} INFO - Processing file /usr/local/python/3.12.1/lib/python3.12/site-packages/airflow/example_dags/example_short_circuit_decorator.py for tasks to queue
[2026-05-20T14:47:28.071+0000] {logging_mixin.py:190} INFO - [2026-05-20T14:47:28.071+0000] {dagbag.py:588} INFO - Filling up the DagBag from /usr/local/python/3.12.1/lib/python3.12/site-packages/airflow/example_dags/example_short_circuit_decorator.py
[2026-05-20T14:47:28.080+0000] {processor.py:925} INFO - DAG(s) 'example_short_circuit_decorator' retrieved from /usr/local/python/3.12.1/lib/python3.12/site-packages/airflow/example_dags/example_short_circuit_decorator.py
[2026-05-20T14:47:28.107+0000] {logging_mixin.py:190} INFO - [2026-05-20T14:47:28.107+0000] {dag.py:3239} INFO - Sync 1 DAGs
[2026-05-20T14:47:28.127+0000] {logging_mixin.py:190} INFO - [2026-05-20T14:47:28.126+0000] {dag.py:4180} INFO - Setting next_dagrun for example_short_circuit_decorator to None, run_after=None
[2026-05-20T14:47:28.167+0000] {processor.py:208} INFO - Processing /usr/local/python/3.12.1/lib/python3.12/site-packages/airflow/example_dags/example_short_circuit_decorator.py took 0.106 seconds
[2026-05-20T14:52:12.800+0000] {processor.py:186} INFO - Started process (PID=49981) to work on /usr/local/python/3.12.1/lib/python3.12/site-packages/airflow/example_dags/example_short_circuit_decorator.py
[2026-05-20T14:52:12.802+0000] {processor.py:914} INFO - Processing file /usr/local/python/3.12.1/lib/python3.12/site-packages/airflow/example_dags/example_short_circuit_decorator.py for tasks to queue
[2026-05-20T14:52:12.804+0000] {logging_mixin.py:190} INFO - [2026-05-20T14:52:12.804+0000] {dagbag.py:588} INFO - Filling up the DagBag from /usr/local/python/3.12.1/lib/python3.12/site-packages/airflow/example_dags/example_short_circuit_decorator.py
[2026-05-20T14:52:12.813+0000] {processor.py:925} INFO - DAG(s) 'example_short_circuit_decorator' retrieved from /usr/local/python/3.12.1/lib/python3.12/site-packages/airflow/example_dags/example_short_circuit_decorator.py
[2026-05-20T14:52:12.910+0000] {logging_mixin.py:190} INFO - [2026-05-20T14:52:12.910+0000] {dag.py:3239} INFO - Sync 1 DAGs
[2026-05-20T14:52:12.919+0000] {logging_mixin.py:190} INFO - [2026-05-20T14:52:12.919+0000] {dag.py:4180} INFO - Setting next_dagrun for example_short_circuit_decorator to None, run_after=None
[2026-05-20T14:52:12.941+0000] {processor.py:208} INFO - Processing /usr/local/python/3.12.1/lib/python3.12/site-packages/airflow/example_dags/example_short_circuit_decorator.py took 0.146 seconds
[2026-05-20T14:53:12.789+0000] {processor.py:186} INFO - Started process (PID=50897) to work on /usr/local/python/3.12.1/lib/python3.12/site-packages/airflow/example_dags/example_short_circuit_decorator.py
[2026-05-20T14:53:12.790+0000] {processor.py:914} INFO - Processing file /usr/local/python/3.12.1/lib/python3.12/site-packages/airflow/example_dags/example_short_circuit_decorator.py for tasks to queue
[2026-05-20T14:53:12.793+0000] {logging_mixin.py:190} INFO - [2026-05-20T14:53:12.792+0000] {dagbag.py:588} INFO - Filling up the DagBag from /usr/local/python/3.12.1/lib/python3.12/site-packages/airflow/example_dags/example_short_circuit_decorator.py
[2026-05-20T14:53:12.805+0000] {processor.py:925} INFO - DAG(s) 'example_short_circuit_decorator' retrieved from /usr/local/python/3.12.1/lib/python3.12/site-packages/airflow/example_dags/example_short_circuit_decorator.py
[2026-05-20T14:53:12.827+0000] {logging_mixin.py:190} INFO - [2026-05-20T14:53:12.827+0000] {dag.py:3239} INFO - Sync 1 DAGs
[2026-05-20T14:53:12.848+0000] {logging_mixin.py:190} INFO - [2026-05-20T14:53:12.848+0000] {dag.py:4180} INFO - Setting next_dagrun for example_short_circuit_decorator to None, run_after=None
[2026-05-20T14:53:12.872+0000] {processor.py:208} INFO - Processing /usr/local/python/3.12.1/lib/python3.12/site-packages/airflow/example_dags/example_short_circuit_decorator.py took 0.105 seconds
[2026-05-20T14:54:07.497+0000] {processor.py:186} INFO - Started process (PID=51860) to work on /usr/local/python/3.12.1/lib/python3.12/site-packages/airflow/example_dags/example_short_circuit_decorator.py
[2026-05-20T14:54:07.498+0000] {processor.py:914} INFO - Processing file /usr/local/python/3.12.1/lib/python3.12/site-packages/airflow/example_dags/example_short_circuit_decorator.py for tasks to queue
[2026-05-20T14:54:07.500+0000] {logging_mixin.py:190} INFO - [2026-05-20T14:54:07.499+0000] {dagbag.py:588} INFO - Filling up the DagBag from /usr/local/python/3.12.1/lib/python3.12/site-packages/airflow/example_dags/example_short_circuit_decorator.py
[2026-05-20T14:54:07.509+0000] {processor.py:925} INFO - DAG(s) 'example_short_circuit_decorator' retrieved from /usr/local/python/3.12.1/lib/python3.12/site-packages/airflow/example_dags/example_short_circuit_decorator.py
[2026-05-20T14:54:07.526+0000] {logging_mixin.py:190} INFO - [2026-05-20T14:54:07.525+0000] {dag.py:3239} INFO - Sync 1 DAGs
[2026-05-20T14:54:07.538+0000] {logging_mixin.py:190} INFO - [2026-05-20T14:54:07.538+0000] {dag.py:4180} INFO - Setting next_dagrun for example_short_circuit_decorator to None, run_after=None
[2026-05-20T14:54:07.555+0000] {processor.py:208} INFO - Processing /usr/local/python/3.12.1/lib/python3.12/site-packages/airflow/example_dags/example_short_circuit_decorator.py took 0.063 seconds
