[2026-05-20T14:37:50.867+0000] {processor.py:186} INFO - Started process (PID=38319) to work on /usr/local/python/3.12.1/lib/python3.12/site-packages/airflow/example_dags/example_branch_operator_decorator.py
[2026-05-20T14:37:50.868+0000] {processor.py:914} INFO - Processing file /usr/local/python/3.12.1/lib/python3.12/site-packages/airflow/example_dags/example_branch_operator_decorator.py for tasks to queue
[2026-05-20T14:37:50.870+0000] {logging_mixin.py:190} INFO - [2026-05-20T14:37:50.870+0000] {dagbag.py:588} INFO - Filling up the DagBag from /usr/local/python/3.12.1/lib/python3.12/site-packages/airflow/example_dags/example_branch_operator_decorator.py
[2026-05-20T14:37:50.890+0000] {processor.py:925} INFO - DAG(s) 'example_branch_python_operator_decorator' retrieved from /usr/local/python/3.12.1/lib/python3.12/site-packages/airflow/example_dags/example_branch_operator_decorator.py
[2026-05-20T14:37:51.009+0000] {logging_mixin.py:190} INFO - [2026-05-20T14:37:51.008+0000] {dag.py:3239} INFO - Sync 1 DAGs
[2026-05-20T14:37:51.036+0000] {logging_mixin.py:190} INFO - [2026-05-20T14:37:51.036+0000] {dag.py:4180} INFO - Setting next_dagrun for example_branch_python_operator_decorator to 2026-05-19 00:00:00+00:00, run_after=2026-05-20 00:00:00+00:00
[2026-05-20T14:37:51.108+0000] {processor.py:208} INFO - Processing /usr/local/python/3.12.1/lib/python3.12/site-packages/airflow/example_dags/example_branch_operator_decorator.py took 0.246 seconds
[2026-05-20T14:38:45.262+0000] {processor.py:186} INFO - Started process (PID=39000) to work on /usr/local/python/3.12.1/lib/python3.12/site-packages/airflow/example_dags/example_branch_operator_decorator.py
[2026-05-20T14:38:45.264+0000] {processor.py:914} INFO - Processing file /usr/local/python/3.12.1/lib/python3.12/site-packages/airflow/example_dags/example_branch_operator_decorator.py for tasks to queue
[2026-05-20T14:38:45.270+0000] {logging_mixin.py:190} INFO - [2026-05-20T14:38:45.269+0000] {dagbag.py:588} INFO - Filling up the DagBag from /usr/local/python/3.12.1/lib/python3.12/site-packages/airflow/example_dags/example_branch_operator_decorator.py
[2026-05-20T14:38:45.343+0000] {processor.py:925} INFO - DAG(s) 'example_branch_python_operator_decorator' retrieved from /usr/local/python/3.12.1/lib/python3.12/site-packages/airflow/example_dags/example_branch_operator_decorator.py
[2026-05-20T14:38:45.399+0000] {logging_mixin.py:190} INFO - [2026-05-20T14:38:45.396+0000] {dag.py:3239} INFO - Sync 1 DAGs
[2026-05-20T14:38:45.482+0000] {logging_mixin.py:190} INFO - [2026-05-20T14:38:45.480+0000] {dag.py:4180} INFO - Setting next_dagrun for example_branch_python_operator_decorator to 2026-05-19 00:00:00+00:00, run_after=2026-05-20 00:00:00+00:00
[2026-05-20T14:38:45.511+0000] {processor.py:208} INFO - Processing /usr/local/python/3.12.1/lib/python3.12/site-packages/airflow/example_dags/example_branch_operator_decorator.py took 0.264 seconds
[2026-05-20T14:40:01.122+0000] {processor.py:186} INFO - Started process (PID=39731) to work on /usr/local/python/3.12.1/lib/python3.12/site-packages/airflow/example_dags/example_branch_operator_decorator.py
[2026-05-20T14:40:01.123+0000] {processor.py:914} INFO - Processing file /usr/local/python/3.12.1/lib/python3.12/site-packages/airflow/example_dags/example_branch_operator_decorator.py for tasks to queue
[2026-05-20T14:40:01.125+0000] {logging_mixin.py:190} INFO - [2026-05-20T14:40:01.124+0000] {dagbag.py:588} INFO - Filling up the DagBag from /usr/local/python/3.12.1/lib/python3.12/site-packages/airflow/example_dags/example_branch_operator_decorator.py
[2026-05-20T14:40:01.165+0000] {processor.py:925} INFO - DAG(s) 'example_branch_python_operator_decorator' retrieved from /usr/local/python/3.12.1/lib/python3.12/site-packages/airflow/example_dags/example_branch_operator_decorator.py
[2026-05-20T14:40:01.230+0000] {logging_mixin.py:190} INFO - [2026-05-20T14:40:01.230+0000] {dag.py:3239} INFO - Sync 1 DAGs
[2026-05-20T14:40:01.248+0000] {logging_mixin.py:190} INFO - [2026-05-20T14:40:01.247+0000] {dag.py:4180} INFO - Setting next_dagrun for example_branch_python_operator_decorator to 2026-05-19 00:00:00+00:00, run_after=2026-05-20 00:00:00+00:00
[2026-05-20T14:40:01.270+0000] {processor.py:208} INFO - Processing /usr/local/python/3.12.1/lib/python3.12/site-packages/airflow/example_dags/example_branch_operator_decorator.py took 0.152 seconds
[2026-05-20T14:40:58.100+0000] {processor.py:186} INFO - Started process (PID=40820) to work on /usr/local/python/3.12.1/lib/python3.12/site-packages/airflow/example_dags/example_branch_operator_decorator.py
[2026-05-20T14:40:58.101+0000] {processor.py:914} INFO - Processing file /usr/local/python/3.12.1/lib/python3.12/site-packages/airflow/example_dags/example_branch_operator_decorator.py for tasks to queue
[2026-05-20T14:40:58.102+0000] {logging_mixin.py:190} INFO - [2026-05-20T14:40:58.102+0000] {dagbag.py:588} INFO - Filling up the DagBag from /usr/local/python/3.12.1/lib/python3.12/site-packages/airflow/example_dags/example_branch_operator_decorator.py
[2026-05-20T14:40:58.121+0000] {processor.py:925} INFO - DAG(s) 'example_branch_python_operator_decorator' retrieved from /usr/local/python/3.12.1/lib/python3.12/site-packages/airflow/example_dags/example_branch_operator_decorator.py
[2026-05-20T14:40:58.146+0000] {logging_mixin.py:190} INFO - [2026-05-20T14:40:58.146+0000] {dag.py:3239} INFO - Sync 1 DAGs
[2026-05-20T14:40:58.167+0000] {logging_mixin.py:190} INFO - [2026-05-20T14:40:58.167+0000] {dag.py:4180} INFO - Setting next_dagrun for example_branch_python_operator_decorator to 2026-05-19 00:00:00+00:00, run_after=2026-05-20 00:00:00+00:00
[2026-05-20T14:40:58.187+0000] {processor.py:208} INFO - Processing /usr/local/python/3.12.1/lib/python3.12/site-packages/airflow/example_dags/example_branch_operator_decorator.py took 0.092 seconds
[2026-05-20T14:42:18.795+0000] {processor.py:186} INFO - Started process (PID=41974) to work on /usr/local/python/3.12.1/lib/python3.12/site-packages/airflow/example_dags/example_branch_operator_decorator.py
[2026-05-20T14:42:18.796+0000] {processor.py:914} INFO - Processing file /usr/local/python/3.12.1/lib/python3.12/site-packages/airflow/example_dags/example_branch_operator_decorator.py for tasks to queue
[2026-05-20T14:42:18.799+0000] {logging_mixin.py:190} INFO - [2026-05-20T14:42:18.799+0000] {dagbag.py:588} INFO - Filling up the DagBag from /usr/local/python/3.12.1/lib/python3.12/site-packages/airflow/example_dags/example_branch_operator_decorator.py
[2026-05-20T14:42:18.840+0000] {processor.py:925} INFO - DAG(s) 'example_branch_python_operator_decorator' retrieved from /usr/local/python/3.12.1/lib/python3.12/site-packages/airflow/example_dags/example_branch_operator_decorator.py
[2026-05-20T14:42:18.874+0000] {logging_mixin.py:190} INFO - [2026-05-20T14:42:18.873+0000] {dag.py:3239} INFO - Sync 1 DAGs
[2026-05-20T14:42:18.893+0000] {logging_mixin.py:190} INFO - [2026-05-20T14:42:18.893+0000] {dag.py:4180} INFO - Setting next_dagrun for example_branch_python_operator_decorator to 2026-05-19 00:00:00+00:00, run_after=2026-05-20 00:00:00+00:00
[2026-05-20T14:42:18.911+0000] {processor.py:208} INFO - Processing /usr/local/python/3.12.1/lib/python3.12/site-packages/airflow/example_dags/example_branch_operator_decorator.py took 0.122 seconds
[2026-05-20T14:43:36.692+0000] {processor.py:186} INFO - Started process (PID=42795) to work on /usr/local/python/3.12.1/lib/python3.12/site-packages/airflow/example_dags/example_branch_operator_decorator.py
[2026-05-20T14:43:36.693+0000] {processor.py:914} INFO - Processing file /usr/local/python/3.12.1/lib/python3.12/site-packages/airflow/example_dags/example_branch_operator_decorator.py for tasks to queue
[2026-05-20T14:43:36.695+0000] {logging_mixin.py:190} INFO - [2026-05-20T14:43:36.695+0000] {dagbag.py:588} INFO - Filling up the DagBag from /usr/local/python/3.12.1/lib/python3.12/site-packages/airflow/example_dags/example_branch_operator_decorator.py
[2026-05-20T14:43:36.714+0000] {processor.py:925} INFO - DAG(s) 'example_branch_python_operator_decorator' retrieved from /usr/local/python/3.12.1/lib/python3.12/site-packages/airflow/example_dags/example_branch_operator_decorator.py
[2026-05-20T14:43:36.740+0000] {logging_mixin.py:190} INFO - [2026-05-20T14:43:36.739+0000] {dag.py:3239} INFO - Sync 1 DAGs
[2026-05-20T14:43:36.757+0000] {logging_mixin.py:190} INFO - [2026-05-20T14:43:36.757+0000] {dag.py:4180} INFO - Setting next_dagrun for example_branch_python_operator_decorator to 2026-05-19 00:00:00+00:00, run_after=2026-05-20 00:00:00+00:00
[2026-05-20T14:43:36.775+0000] {processor.py:208} INFO - Processing /usr/local/python/3.12.1/lib/python3.12/site-packages/airflow/example_dags/example_branch_operator_decorator.py took 0.087 seconds
[2026-05-20T14:44:56.717+0000] {processor.py:186} INFO - Started process (PID=43636) to work on /usr/local/python/3.12.1/lib/python3.12/site-packages/airflow/example_dags/example_branch_operator_decorator.py
[2026-05-20T14:44:56.718+0000] {processor.py:914} INFO - Processing file /usr/local/python/3.12.1/lib/python3.12/site-packages/airflow/example_dags/example_branch_operator_decorator.py for tasks to queue
[2026-05-20T14:44:56.719+0000] {logging_mixin.py:190} INFO - [2026-05-20T14:44:56.719+0000] {dagbag.py:588} INFO - Filling up the DagBag from /usr/local/python/3.12.1/lib/python3.12/site-packages/airflow/example_dags/example_branch_operator_decorator.py
[2026-05-20T14:44:56.743+0000] {processor.py:925} INFO - DAG(s) 'example_branch_python_operator_decorator' retrieved from /usr/local/python/3.12.1/lib/python3.12/site-packages/airflow/example_dags/example_branch_operator_decorator.py
[2026-05-20T14:44:56.764+0000] {logging_mixin.py:190} INFO - [2026-05-20T14:44:56.764+0000] {dag.py:3239} INFO - Sync 1 DAGs
[2026-05-20T14:44:56.781+0000] {logging_mixin.py:190} INFO - [2026-05-20T14:44:56.780+0000] {dag.py:4180} INFO - Setting next_dagrun for example_branch_python_operator_decorator to 2026-05-19 00:00:00+00:00, run_after=2026-05-20 00:00:00+00:00
[2026-05-20T14:44:56.800+0000] {processor.py:208} INFO - Processing /usr/local/python/3.12.1/lib/python3.12/site-packages/airflow/example_dags/example_branch_operator_decorator.py took 0.088 seconds
[2026-05-20T14:46:02.245+0000] {processor.py:186} INFO - Started process (PID=45551) to work on /usr/local/python/3.12.1/lib/python3.12/site-packages/airflow/example_dags/example_branch_operator_decorator.py
[2026-05-20T14:46:02.247+0000] {processor.py:914} INFO - Processing file /usr/local/python/3.12.1/lib/python3.12/site-packages/airflow/example_dags/example_branch_operator_decorator.py for tasks to queue
[2026-05-20T14:46:02.250+0000] {logging_mixin.py:190} INFO - [2026-05-20T14:46:02.250+0000] {dagbag.py:588} INFO - Filling up the DagBag from /usr/local/python/3.12.1/lib/python3.12/site-packages/airflow/example_dags/example_branch_operator_decorator.py
[2026-05-20T14:46:02.310+0000] {processor.py:925} INFO - DAG(s) 'example_branch_python_operator_decorator' retrieved from /usr/local/python/3.12.1/lib/python3.12/site-packages/airflow/example_dags/example_branch_operator_decorator.py
[2026-05-20T14:46:02.345+0000] {logging_mixin.py:190} INFO - [2026-05-20T14:46:02.345+0000] {dag.py:3239} INFO - Sync 1 DAGs
[2026-05-20T14:46:02.382+0000] {logging_mixin.py:190} INFO - [2026-05-20T14:46:02.382+0000] {dag.py:4180} INFO - Setting next_dagrun for example_branch_python_operator_decorator to 2026-05-19 00:00:00+00:00, run_after=2026-05-20 00:00:00+00:00
[2026-05-20T14:46:02.432+0000] {processor.py:208} INFO - Processing /usr/local/python/3.12.1/lib/python3.12/site-packages/airflow/example_dags/example_branch_operator_decorator.py took 0.197 seconds
[2026-05-20T14:47:01.704+0000] {processor.py:186} INFO - Started process (PID=46302) to work on /usr/local/python/3.12.1/lib/python3.12/site-packages/airflow/example_dags/example_branch_operator_decorator.py
[2026-05-20T14:47:01.706+0000] {processor.py:914} INFO - Processing file /usr/local/python/3.12.1/lib/python3.12/site-packages/airflow/example_dags/example_branch_operator_decorator.py for tasks to queue
[2026-05-20T14:47:01.712+0000] {logging_mixin.py:190} INFO - [2026-05-20T14:47:01.711+0000] {dagbag.py:588} INFO - Filling up the DagBag from /usr/local/python/3.12.1/lib/python3.12/site-packages/airflow/example_dags/example_branch_operator_decorator.py
[2026-05-20T14:47:01.752+0000] {processor.py:925} INFO - DAG(s) 'example_branch_python_operator_decorator' retrieved from /usr/local/python/3.12.1/lib/python3.12/site-packages/airflow/example_dags/example_branch_operator_decorator.py
[2026-05-20T14:47:01.861+0000] {logging_mixin.py:190} INFO - [2026-05-20T14:47:01.861+0000] {dag.py:3239} INFO - Sync 1 DAGs
[2026-05-20T14:47:01.944+0000] {logging_mixin.py:190} INFO - [2026-05-20T14:47:01.943+0000] {dag.py:4180} INFO - Setting next_dagrun for example_branch_python_operator_decorator to 2026-05-19 00:00:00+00:00, run_after=2026-05-20 00:00:00+00:00
[2026-05-20T14:47:01.994+0000] {processor.py:208} INFO - Processing /usr/local/python/3.12.1/lib/python3.12/site-packages/airflow/example_dags/example_branch_operator_decorator.py took 0.299 seconds
[2026-05-20T14:52:43.409+0000] {processor.py:186} INFO - Started process (PID=50403) to work on /usr/local/python/3.12.1/lib/python3.12/site-packages/airflow/example_dags/example_branch_operator_decorator.py
[2026-05-20T14:52:43.410+0000] {processor.py:914} INFO - Processing file /usr/local/python/3.12.1/lib/python3.12/site-packages/airflow/example_dags/example_branch_operator_decorator.py for tasks to queue
[2026-05-20T14:52:43.412+0000] {logging_mixin.py:190} INFO - [2026-05-20T14:52:43.412+0000] {dagbag.py:588} INFO - Filling up the DagBag from /usr/local/python/3.12.1/lib/python3.12/site-packages/airflow/example_dags/example_branch_operator_decorator.py
[2026-05-20T14:52:43.432+0000] {processor.py:925} INFO - DAG(s) 'example_branch_python_operator_decorator' retrieved from /usr/local/python/3.12.1/lib/python3.12/site-packages/airflow/example_dags/example_branch_operator_decorator.py
[2026-05-20T14:52:43.532+0000] {logging_mixin.py:190} INFO - [2026-05-20T14:52:43.532+0000] {dag.py:3239} INFO - Sync 1 DAGs
[2026-05-20T14:52:43.552+0000] {logging_mixin.py:190} INFO - [2026-05-20T14:52:43.551+0000] {dag.py:4180} INFO - Setting next_dagrun for example_branch_python_operator_decorator to 2026-05-19 00:00:00+00:00, run_after=2026-05-20 00:00:00+00:00
[2026-05-20T14:52:43.573+0000] {processor.py:208} INFO - Processing /usr/local/python/3.12.1/lib/python3.12/site-packages/airflow/example_dags/example_branch_operator_decorator.py took 0.170 seconds
[2026-05-20T14:53:38.372+0000] {processor.py:186} INFO - Started process (PID=51333) to work on /usr/local/python/3.12.1/lib/python3.12/site-packages/airflow/example_dags/example_branch_operator_decorator.py
[2026-05-20T14:53:38.373+0000] {processor.py:914} INFO - Processing file /usr/local/python/3.12.1/lib/python3.12/site-packages/airflow/example_dags/example_branch_operator_decorator.py for tasks to queue
[2026-05-20T14:53:38.375+0000] {logging_mixin.py:190} INFO - [2026-05-20T14:53:38.375+0000] {dagbag.py:588} INFO - Filling up the DagBag from /usr/local/python/3.12.1/lib/python3.12/site-packages/airflow/example_dags/example_branch_operator_decorator.py
[2026-05-20T14:53:38.403+0000] {processor.py:925} INFO - DAG(s) 'example_branch_python_operator_decorator' retrieved from /usr/local/python/3.12.1/lib/python3.12/site-packages/airflow/example_dags/example_branch_operator_decorator.py
[2026-05-20T14:53:38.435+0000] {logging_mixin.py:190} INFO - [2026-05-20T14:53:38.435+0000] {dag.py:3239} INFO - Sync 1 DAGs
[2026-05-20T14:53:38.508+0000] {logging_mixin.py:190} INFO - [2026-05-20T14:53:38.505+0000] {dag.py:4180} INFO - Setting next_dagrun for example_branch_python_operator_decorator to 2026-05-19 00:00:00+00:00, run_after=2026-05-20 00:00:00+00:00
[2026-05-20T14:53:38.569+0000] {processor.py:208} INFO - Processing /usr/local/python/3.12.1/lib/python3.12/site-packages/airflow/example_dags/example_branch_operator_decorator.py took 0.204 seconds
