[2026-05-20T14:37:56.217+0000] {processor.py:186} INFO - Started process (PID=38362) to work on /usr/local/python/3.12.1/lib/python3.12/site-packages/airflow/example_dags/example_branch_datetime_operator.py
[2026-05-20T14:37:56.218+0000] {processor.py:914} INFO - Processing file /usr/local/python/3.12.1/lib/python3.12/site-packages/airflow/example_dags/example_branch_datetime_operator.py for tasks to queue
[2026-05-20T14:37:56.219+0000] {logging_mixin.py:190} INFO - [2026-05-20T14:37:56.219+0000] {dagbag.py:588} INFO - Filling up the DagBag from /usr/local/python/3.12.1/lib/python3.12/site-packages/airflow/example_dags/example_branch_datetime_operator.py
[2026-05-20T14:37:56.232+0000] {processor.py:925} INFO - DAG(s) 'example_branch_datetime_operator_2', 'example_branch_datetime_operator', 'example_branch_datetime_operator_3' retrieved from /usr/local/python/3.12.1/lib/python3.12/site-packages/airflow/example_dags/example_branch_datetime_operator.py
[2026-05-20T14:37:56.253+0000] {logging_mixin.py:190} INFO - [2026-05-20T14:37:56.253+0000] {dag.py:3239} INFO - Sync 3 DAGs
[2026-05-20T14:37:56.272+0000] {logging_mixin.py:190} INFO - [2026-05-20T14:37:56.271+0000] {dag.py:4180} INFO - Setting next_dagrun for example_branch_datetime_operator to 2026-05-19 00:00:00+00:00, run_after=2026-05-20 00:00:00+00:00
[2026-05-20T14:37:56.276+0000] {logging_mixin.py:190} INFO - [2026-05-20T14:37:56.275+0000] {dag.py:4180} INFO - Setting next_dagrun for example_branch_datetime_operator_2 to 2026-05-19 00:00:00+00:00, run_after=2026-05-20 00:00:00+00:00
[2026-05-20T14:37:56.277+0000] {logging_mixin.py:190} INFO - [2026-05-20T14:37:56.277+0000] {dag.py:4180} INFO - Setting next_dagrun for example_branch_datetime_operator_3 to 2026-05-19 00:00:00+00:00, run_after=2026-05-20 00:00:00+00:00
[2026-05-20T14:37:56.294+0000] {processor.py:208} INFO - Processing /usr/local/python/3.12.1/lib/python3.12/site-packages/airflow/example_dags/example_branch_datetime_operator.py took 0.082 seconds
[2026-05-20T14:39:11.061+0000] {processor.py:186} INFO - Started process (PID=39304) to work on /usr/local/python/3.12.1/lib/python3.12/site-packages/airflow/example_dags/example_branch_datetime_operator.py
[2026-05-20T14:39:11.061+0000] {processor.py:914} INFO - Processing file /usr/local/python/3.12.1/lib/python3.12/site-packages/airflow/example_dags/example_branch_datetime_operator.py for tasks to queue
[2026-05-20T14:39:11.063+0000] {logging_mixin.py:190} INFO - [2026-05-20T14:39:11.063+0000] {dagbag.py:588} INFO - Filling up the DagBag from /usr/local/python/3.12.1/lib/python3.12/site-packages/airflow/example_dags/example_branch_datetime_operator.py
[2026-05-20T14:39:11.082+0000] {processor.py:925} INFO - DAG(s) 'example_branch_datetime_operator_2', 'example_branch_datetime_operator_3', 'example_branch_datetime_operator' retrieved from /usr/local/python/3.12.1/lib/python3.12/site-packages/airflow/example_dags/example_branch_datetime_operator.py
[2026-05-20T14:39:11.100+0000] {logging_mixin.py:190} INFO - [2026-05-20T14:39:11.100+0000] {dag.py:3239} INFO - Sync 3 DAGs
[2026-05-20T14:39:11.118+0000] {logging_mixin.py:190} INFO - [2026-05-20T14:39:11.117+0000] {dag.py:4180} INFO - Setting next_dagrun for example_branch_datetime_operator to 2026-05-19 00:00:00+00:00, run_after=2026-05-20 00:00:00+00:00
[2026-05-20T14:39:11.122+0000] {logging_mixin.py:190} INFO - [2026-05-20T14:39:11.121+0000] {dag.py:4180} INFO - Setting next_dagrun for example_branch_datetime_operator_2 to 2026-05-19 00:00:00+00:00, run_after=2026-05-20 00:00:00+00:00
[2026-05-20T14:39:11.123+0000] {logging_mixin.py:190} INFO - [2026-05-20T14:39:11.123+0000] {dag.py:4180} INFO - Setting next_dagrun for example_branch_datetime_operator_3 to 2026-05-19 00:00:00+00:00, run_after=2026-05-20 00:00:00+00:00
[2026-05-20T14:39:11.142+0000] {processor.py:208} INFO - Processing /usr/local/python/3.12.1/lib/python3.12/site-packages/airflow/example_dags/example_branch_datetime_operator.py took 0.086 seconds
[2026-05-20T14:40:30.676+0000] {processor.py:186} INFO - Started process (PID=40054) to work on /usr/local/python/3.12.1/lib/python3.12/site-packages/airflow/example_dags/example_branch_datetime_operator.py
[2026-05-20T14:40:30.676+0000] {processor.py:914} INFO - Processing file /usr/local/python/3.12.1/lib/python3.12/site-packages/airflow/example_dags/example_branch_datetime_operator.py for tasks to queue
[2026-05-20T14:40:30.678+0000] {logging_mixin.py:190} INFO - [2026-05-20T14:40:30.678+0000] {dagbag.py:588} INFO - Filling up the DagBag from /usr/local/python/3.12.1/lib/python3.12/site-packages/airflow/example_dags/example_branch_datetime_operator.py
[2026-05-20T14:40:30.689+0000] {processor.py:925} INFO - DAG(s) 'example_branch_datetime_operator', 'example_branch_datetime_operator_3', 'example_branch_datetime_operator_2' retrieved from /usr/local/python/3.12.1/lib/python3.12/site-packages/airflow/example_dags/example_branch_datetime_operator.py
[2026-05-20T14:40:30.708+0000] {logging_mixin.py:190} INFO - [2026-05-20T14:40:30.708+0000] {dag.py:3239} INFO - Sync 3 DAGs
[2026-05-20T14:40:30.725+0000] {logging_mixin.py:190} INFO - [2026-05-20T14:40:30.725+0000] {dag.py:4180} INFO - Setting next_dagrun for example_branch_datetime_operator to 2026-05-19 00:00:00+00:00, run_after=2026-05-20 00:00:00+00:00
[2026-05-20T14:40:30.730+0000] {logging_mixin.py:190} INFO - [2026-05-20T14:40:30.730+0000] {dag.py:4180} INFO - Setting next_dagrun for example_branch_datetime_operator_2 to 2026-05-19 00:00:00+00:00, run_after=2026-05-20 00:00:00+00:00
[2026-05-20T14:40:30.733+0000] {logging_mixin.py:190} INFO - [2026-05-20T14:40:30.733+0000] {dag.py:4180} INFO - Setting next_dagrun for example_branch_datetime_operator_3 to 2026-05-19 00:00:00+00:00, run_after=2026-05-20 00:00:00+00:00
[2026-05-20T14:40:30.752+0000] {processor.py:208} INFO - Processing /usr/local/python/3.12.1/lib/python3.12/site-packages/airflow/example_dags/example_branch_datetime_operator.py took 0.080 seconds
[2026-05-20T14:41:50.953+0000] {processor.py:186} INFO - Started process (PID=41620) to work on /usr/local/python/3.12.1/lib/python3.12/site-packages/airflow/example_dags/example_branch_datetime_operator.py
[2026-05-20T14:41:50.954+0000] {processor.py:914} INFO - Processing file /usr/local/python/3.12.1/lib/python3.12/site-packages/airflow/example_dags/example_branch_datetime_operator.py for tasks to queue
[2026-05-20T14:41:50.956+0000] {logging_mixin.py:190} INFO - [2026-05-20T14:41:50.956+0000] {dagbag.py:588} INFO - Filling up the DagBag from /usr/local/python/3.12.1/lib/python3.12/site-packages/airflow/example_dags/example_branch_datetime_operator.py
[2026-05-20T14:41:50.966+0000] {processor.py:925} INFO - DAG(s) 'example_branch_datetime_operator_2', 'example_branch_datetime_operator_3', 'example_branch_datetime_operator' retrieved from /usr/local/python/3.12.1/lib/python3.12/site-packages/airflow/example_dags/example_branch_datetime_operator.py
[2026-05-20T14:41:50.984+0000] {logging_mixin.py:190} INFO - [2026-05-20T14:41:50.983+0000] {dag.py:3239} INFO - Sync 3 DAGs
[2026-05-20T14:41:51.001+0000] {logging_mixin.py:190} INFO - [2026-05-20T14:41:51.000+0000] {dag.py:4180} INFO - Setting next_dagrun for example_branch_datetime_operator to 2026-05-19 00:00:00+00:00, run_after=2026-05-20 00:00:00+00:00
[2026-05-20T14:41:51.004+0000] {logging_mixin.py:190} INFO - [2026-05-20T14:41:51.004+0000] {dag.py:4180} INFO - Setting next_dagrun for example_branch_datetime_operator_2 to 2026-05-19 00:00:00+00:00, run_after=2026-05-20 00:00:00+00:00
[2026-05-20T14:41:51.006+0000] {logging_mixin.py:190} INFO - [2026-05-20T14:41:51.006+0000] {dag.py:4180} INFO - Setting next_dagrun for example_branch_datetime_operator_3 to 2026-05-19 00:00:00+00:00, run_after=2026-05-20 00:00:00+00:00
[2026-05-20T14:41:51.022+0000] {processor.py:208} INFO - Processing /usr/local/python/3.12.1/lib/python3.12/site-packages/airflow/example_dags/example_branch_datetime_operator.py took 0.073 seconds
[2026-05-20T14:43:09.302+0000] {processor.py:186} INFO - Started process (PID=42487) to work on /usr/local/python/3.12.1/lib/python3.12/site-packages/airflow/example_dags/example_branch_datetime_operator.py
[2026-05-20T14:43:09.303+0000] {processor.py:914} INFO - Processing file /usr/local/python/3.12.1/lib/python3.12/site-packages/airflow/example_dags/example_branch_datetime_operator.py for tasks to queue
[2026-05-20T14:43:09.305+0000] {logging_mixin.py:190} INFO - [2026-05-20T14:43:09.305+0000] {dagbag.py:588} INFO - Filling up the DagBag from /usr/local/python/3.12.1/lib/python3.12/site-packages/airflow/example_dags/example_branch_datetime_operator.py
[2026-05-20T14:43:09.316+0000] {processor.py:925} INFO - DAG(s) 'example_branch_datetime_operator_3', 'example_branch_datetime_operator_2', 'example_branch_datetime_operator' retrieved from /usr/local/python/3.12.1/lib/python3.12/site-packages/airflow/example_dags/example_branch_datetime_operator.py
[2026-05-20T14:43:09.338+0000] {logging_mixin.py:190} INFO - [2026-05-20T14:43:09.338+0000] {dag.py:3239} INFO - Sync 3 DAGs
[2026-05-20T14:43:09.360+0000] {logging_mixin.py:190} INFO - [2026-05-20T14:43:09.360+0000] {dag.py:4180} INFO - Setting next_dagrun for example_branch_datetime_operator to 2026-05-19 00:00:00+00:00, run_after=2026-05-20 00:00:00+00:00
[2026-05-20T14:43:09.364+0000] {logging_mixin.py:190} INFO - [2026-05-20T14:43:09.364+0000] {dag.py:4180} INFO - Setting next_dagrun for example_branch_datetime_operator_2 to 2026-05-19 00:00:00+00:00, run_after=2026-05-20 00:00:00+00:00
[2026-05-20T14:43:09.365+0000] {logging_mixin.py:190} INFO - [2026-05-20T14:43:09.365+0000] {dag.py:4180} INFO - Setting next_dagrun for example_branch_datetime_operator_3 to 2026-05-19 00:00:00+00:00, run_after=2026-05-20 00:00:00+00:00
[2026-05-20T14:43:09.382+0000] {processor.py:208} INFO - Processing /usr/local/python/3.12.1/lib/python3.12/site-packages/airflow/example_dags/example_branch_datetime_operator.py took 0.085 seconds
[2026-05-20T14:44:29.927+0000] {processor.py:186} INFO - Started process (PID=43433) to work on /usr/local/python/3.12.1/lib/python3.12/site-packages/airflow/example_dags/example_branch_datetime_operator.py
[2026-05-20T14:44:29.928+0000] {processor.py:914} INFO - Processing file /usr/local/python/3.12.1/lib/python3.12/site-packages/airflow/example_dags/example_branch_datetime_operator.py for tasks to queue
[2026-05-20T14:44:29.931+0000] {logging_mixin.py:190} INFO - [2026-05-20T14:44:29.930+0000] {dagbag.py:588} INFO - Filling up the DagBag from /usr/local/python/3.12.1/lib/python3.12/site-packages/airflow/example_dags/example_branch_datetime_operator.py
[2026-05-20T14:44:29.948+0000] {processor.py:925} INFO - DAG(s) 'example_branch_datetime_operator_3', 'example_branch_datetime_operator', 'example_branch_datetime_operator_2' retrieved from /usr/local/python/3.12.1/lib/python3.12/site-packages/airflow/example_dags/example_branch_datetime_operator.py
[2026-05-20T14:44:29.983+0000] {logging_mixin.py:190} INFO - [2026-05-20T14:44:29.982+0000] {dag.py:3239} INFO - Sync 3 DAGs
[2026-05-20T14:44:30.019+0000] {logging_mixin.py:190} INFO - [2026-05-20T14:44:30.018+0000] {dag.py:4180} INFO - Setting next_dagrun for example_branch_datetime_operator to 2026-05-19 00:00:00+00:00, run_after=2026-05-20 00:00:00+00:00
[2026-05-20T14:44:30.025+0000] {logging_mixin.py:190} INFO - [2026-05-20T14:44:30.025+0000] {dag.py:4180} INFO - Setting next_dagrun for example_branch_datetime_operator_2 to 2026-05-19 00:00:00+00:00, run_after=2026-05-20 00:00:00+00:00
[2026-05-20T14:44:30.034+0000] {logging_mixin.py:190} INFO - [2026-05-20T14:44:30.034+0000] {dag.py:4180} INFO - Setting next_dagrun for example_branch_datetime_operator_3 to 2026-05-19 00:00:00+00:00, run_after=2026-05-20 00:00:00+00:00
[2026-05-20T14:44:30.066+0000] {processor.py:208} INFO - Processing /usr/local/python/3.12.1/lib/python3.12/site-packages/airflow/example_dags/example_branch_datetime_operator.py took 0.153 seconds
[2026-05-20T14:46:04.683+0000] {processor.py:186} INFO - Started process (PID=45586) to work on /usr/local/python/3.12.1/lib/python3.12/site-packages/airflow/example_dags/example_branch_datetime_operator.py
[2026-05-20T14:46:04.685+0000] {processor.py:914} INFO - Processing file /usr/local/python/3.12.1/lib/python3.12/site-packages/airflow/example_dags/example_branch_datetime_operator.py for tasks to queue
[2026-05-20T14:46:04.687+0000] {logging_mixin.py:190} INFO - [2026-05-20T14:46:04.687+0000] {dagbag.py:588} INFO - Filling up the DagBag from /usr/local/python/3.12.1/lib/python3.12/site-packages/airflow/example_dags/example_branch_datetime_operator.py
[2026-05-20T14:46:04.714+0000] {processor.py:925} INFO - DAG(s) 'example_branch_datetime_operator_2', 'example_branch_datetime_operator_3', 'example_branch_datetime_operator' retrieved from /usr/local/python/3.12.1/lib/python3.12/site-packages/airflow/example_dags/example_branch_datetime_operator.py
[2026-05-20T14:46:04.743+0000] {logging_mixin.py:190} INFO - [2026-05-20T14:46:04.743+0000] {dag.py:3239} INFO - Sync 3 DAGs
[2026-05-20T14:46:04.783+0000] {logging_mixin.py:190} INFO - [2026-05-20T14:46:04.783+0000] {dag.py:4180} INFO - Setting next_dagrun for example_branch_datetime_operator to 2026-05-19 00:00:00+00:00, run_after=2026-05-20 00:00:00+00:00
[2026-05-20T14:46:04.790+0000] {logging_mixin.py:190} INFO - [2026-05-20T14:46:04.790+0000] {dag.py:4180} INFO - Setting next_dagrun for example_branch_datetime_operator_2 to 2026-05-19 00:00:00+00:00, run_after=2026-05-20 00:00:00+00:00
[2026-05-20T14:46:04.795+0000] {logging_mixin.py:190} INFO - [2026-05-20T14:46:04.794+0000] {dag.py:4180} INFO - Setting next_dagrun for example_branch_datetime_operator_3 to 2026-05-19 00:00:00+00:00, run_after=2026-05-20 00:00:00+00:00
[2026-05-20T14:46:04.831+0000] {processor.py:208} INFO - Processing /usr/local/python/3.12.1/lib/python3.12/site-packages/airflow/example_dags/example_branch_datetime_operator.py took 0.171 seconds
[2026-05-20T14:47:03.396+0000] {processor.py:186} INFO - Started process (PID=46345) to work on /usr/local/python/3.12.1/lib/python3.12/site-packages/airflow/example_dags/example_branch_datetime_operator.py
[2026-05-20T14:47:03.399+0000] {processor.py:914} INFO - Processing file /usr/local/python/3.12.1/lib/python3.12/site-packages/airflow/example_dags/example_branch_datetime_operator.py for tasks to queue
[2026-05-20T14:47:03.402+0000] {logging_mixin.py:190} INFO - [2026-05-20T14:47:03.401+0000] {dagbag.py:588} INFO - Filling up the DagBag from /usr/local/python/3.12.1/lib/python3.12/site-packages/airflow/example_dags/example_branch_datetime_operator.py
[2026-05-20T14:47:03.427+0000] {processor.py:925} INFO - DAG(s) 'example_branch_datetime_operator', 'example_branch_datetime_operator_2', 'example_branch_datetime_operator_3' retrieved from /usr/local/python/3.12.1/lib/python3.12/site-packages/airflow/example_dags/example_branch_datetime_operator.py
[2026-05-20T14:47:03.450+0000] {logging_mixin.py:190} INFO - [2026-05-20T14:47:03.450+0000] {dag.py:3239} INFO - Sync 3 DAGs
[2026-05-20T14:47:03.467+0000] {logging_mixin.py:190} INFO - [2026-05-20T14:47:03.467+0000] {dag.py:4180} INFO - Setting next_dagrun for example_branch_datetime_operator to 2026-05-19 00:00:00+00:00, run_after=2026-05-20 00:00:00+00:00
[2026-05-20T14:47:03.471+0000] {logging_mixin.py:190} INFO - [2026-05-20T14:47:03.471+0000] {dag.py:4180} INFO - Setting next_dagrun for example_branch_datetime_operator_2 to 2026-05-19 00:00:00+00:00, run_after=2026-05-20 00:00:00+00:00
[2026-05-20T14:47:03.472+0000] {logging_mixin.py:190} INFO - [2026-05-20T14:47:03.472+0000] {dag.py:4180} INFO - Setting next_dagrun for example_branch_datetime_operator_3 to 2026-05-19 00:00:00+00:00, run_after=2026-05-20 00:00:00+00:00
[2026-05-20T14:47:03.491+0000] {processor.py:208} INFO - Processing /usr/local/python/3.12.1/lib/python3.12/site-packages/airflow/example_dags/example_branch_datetime_operator.py took 0.102 seconds
[2026-05-20T14:52:47.409+0000] {processor.py:186} INFO - Started process (PID=50485) to work on /usr/local/python/3.12.1/lib/python3.12/site-packages/airflow/example_dags/example_branch_datetime_operator.py
[2026-05-20T14:52:47.410+0000] {processor.py:914} INFO - Processing file /usr/local/python/3.12.1/lib/python3.12/site-packages/airflow/example_dags/example_branch_datetime_operator.py for tasks to queue
[2026-05-20T14:52:47.412+0000] {logging_mixin.py:190} INFO - [2026-05-20T14:52:47.412+0000] {dagbag.py:588} INFO - Filling up the DagBag from /usr/local/python/3.12.1/lib/python3.12/site-packages/airflow/example_dags/example_branch_datetime_operator.py
[2026-05-20T14:52:47.425+0000] {processor.py:925} INFO - DAG(s) 'example_branch_datetime_operator_2', 'example_branch_datetime_operator', 'example_branch_datetime_operator_3' retrieved from /usr/local/python/3.12.1/lib/python3.12/site-packages/airflow/example_dags/example_branch_datetime_operator.py
[2026-05-20T14:52:47.534+0000] {logging_mixin.py:190} INFO - [2026-05-20T14:52:47.534+0000] {dag.py:3239} INFO - Sync 3 DAGs
[2026-05-20T14:52:47.553+0000] {logging_mixin.py:190} INFO - [2026-05-20T14:52:47.552+0000] {dag.py:4180} INFO - Setting next_dagrun for example_branch_datetime_operator to 2026-05-19 00:00:00+00:00, run_after=2026-05-20 00:00:00+00:00
[2026-05-20T14:52:47.556+0000] {logging_mixin.py:190} INFO - [2026-05-20T14:52:47.556+0000] {dag.py:4180} INFO - Setting next_dagrun for example_branch_datetime_operator_2 to 2026-05-19 00:00:00+00:00, run_after=2026-05-20 00:00:00+00:00
[2026-05-20T14:52:47.557+0000] {logging_mixin.py:190} INFO - [2026-05-20T14:52:47.557+0000] {dag.py:4180} INFO - Setting next_dagrun for example_branch_datetime_operator_3 to 2026-05-19 00:00:00+00:00, run_after=2026-05-20 00:00:00+00:00
[2026-05-20T14:52:47.576+0000] {processor.py:208} INFO - Processing /usr/local/python/3.12.1/lib/python3.12/site-packages/airflow/example_dags/example_branch_datetime_operator.py took 0.172 seconds
[2026-05-20T14:53:43.681+0000] {processor.py:186} INFO - Started process (PID=51381) to work on /usr/local/python/3.12.1/lib/python3.12/site-packages/airflow/example_dags/example_branch_datetime_operator.py
[2026-05-20T14:53:43.681+0000] {processor.py:914} INFO - Processing file /usr/local/python/3.12.1/lib/python3.12/site-packages/airflow/example_dags/example_branch_datetime_operator.py for tasks to queue
[2026-05-20T14:53:43.683+0000] {logging_mixin.py:190} INFO - [2026-05-20T14:53:43.683+0000] {dagbag.py:588} INFO - Filling up the DagBag from /usr/local/python/3.12.1/lib/python3.12/site-packages/airflow/example_dags/example_branch_datetime_operator.py
[2026-05-20T14:53:43.694+0000] {processor.py:925} INFO - DAG(s) 'example_branch_datetime_operator', 'example_branch_datetime_operator_3', 'example_branch_datetime_operator_2' retrieved from /usr/local/python/3.12.1/lib/python3.12/site-packages/airflow/example_dags/example_branch_datetime_operator.py
[2026-05-20T14:53:43.713+0000] {logging_mixin.py:190} INFO - [2026-05-20T14:53:43.713+0000] {dag.py:3239} INFO - Sync 3 DAGs
[2026-05-20T14:53:43.734+0000] {logging_mixin.py:190} INFO - [2026-05-20T14:53:43.733+0000] {dag.py:4180} INFO - Setting next_dagrun for example_branch_datetime_operator to 2026-05-19 00:00:00+00:00, run_after=2026-05-20 00:00:00+00:00
[2026-05-20T14:53:43.739+0000] {logging_mixin.py:190} INFO - [2026-05-20T14:53:43.738+0000] {dag.py:4180} INFO - Setting next_dagrun for example_branch_datetime_operator_2 to 2026-05-19 00:00:00+00:00, run_after=2026-05-20 00:00:00+00:00
[2026-05-20T14:53:43.741+0000] {logging_mixin.py:190} INFO - [2026-05-20T14:53:43.741+0000] {dag.py:4180} INFO - Setting next_dagrun for example_branch_datetime_operator_3 to 2026-05-19 00:00:00+00:00, run_after=2026-05-20 00:00:00+00:00
[2026-05-20T14:53:43.758+0000] {processor.py:208} INFO - Processing /usr/local/python/3.12.1/lib/python3.12/site-packages/airflow/example_dags/example_branch_datetime_operator.py took 0.083 seconds
