[2026-05-20T14:37:44.080+0000] {processor.py:186} INFO - Started process (PID=38281) to work on /usr/local/python/3.12.1/lib/python3.12/site-packages/airflow/example_dags/example_datasets.py
[2026-05-20T14:37:44.081+0000] {processor.py:914} INFO - Processing file /usr/local/python/3.12.1/lib/python3.12/site-packages/airflow/example_dags/example_datasets.py for tasks to queue
[2026-05-20T14:37:44.082+0000] {logging_mixin.py:190} INFO - [2026-05-20T14:37:44.082+0000] {dagbag.py:588} INFO - Filling up the DagBag from /usr/local/python/3.12.1/lib/python3.12/site-packages/airflow/example_dags/example_datasets.py
[2026-05-20T14:37:44.096+0000] {processor.py:925} INFO - DAG(s) 'consume_1_or_both_2_and_3_with_dataset_expressions', 'conditional_dataset_and_time_based_timetable', 'dataset_consumes_1_never_scheduled', 'dataset_consumes_unknown_never_scheduled', 'consume_1_or_2_with_dataset_expressions', 'consume_1_and_2_with_dataset_expressions', 'dataset_produces_1', 'dataset_consumes_1_and_2', 'dataset_produces_2', 'dataset_consumes_1' retrieved from /usr/local/python/3.12.1/lib/python3.12/site-packages/airflow/example_dags/example_datasets.py
[2026-05-20T14:37:44.124+0000] {logging_mixin.py:190} INFO - [2026-05-20T14:37:44.124+0000] {dag.py:3239} INFO - Sync 10 DAGs
[2026-05-20T14:37:44.148+0000] {logging_mixin.py:190} INFO - [2026-05-20T14:37:44.148+0000] {dag.py:4180} INFO - Setting next_dagrun for conditional_dataset_and_time_based_timetable to 2026-05-20 01:00:00+00:00, run_after=2026-05-20 01:00:00+00:00
[2026-05-20T14:37:44.151+0000] {logging_mixin.py:190} INFO - [2026-05-20T14:37:44.151+0000] {dag.py:4180} INFO - Setting next_dagrun for consume_1_and_2_with_dataset_expressions to None, run_after=None
[2026-05-20T14:37:44.152+0000] {logging_mixin.py:190} INFO - [2026-05-20T14:37:44.151+0000] {dag.py:4180} INFO - Setting next_dagrun for consume_1_or_2_with_dataset_expressions to None, run_after=None
[2026-05-20T14:37:44.152+0000] {logging_mixin.py:190} INFO - [2026-05-20T14:37:44.152+0000] {dag.py:4180} INFO - Setting next_dagrun for consume_1_or_both_2_and_3_with_dataset_expressions to None, run_after=None
[2026-05-20T14:37:44.153+0000] {logging_mixin.py:190} INFO - [2026-05-20T14:37:44.153+0000] {dag.py:4180} INFO - Setting next_dagrun for dataset_consumes_1 to None, run_after=None
[2026-05-20T14:37:44.154+0000] {logging_mixin.py:190} INFO - [2026-05-20T14:37:44.154+0000] {dag.py:4180} INFO - Setting next_dagrun for dataset_consumes_1_and_2 to None, run_after=None
[2026-05-20T14:37:44.154+0000] {logging_mixin.py:190} INFO - [2026-05-20T14:37:44.154+0000] {dag.py:4180} INFO - Setting next_dagrun for dataset_consumes_1_never_scheduled to None, run_after=None
[2026-05-20T14:37:44.155+0000] {logging_mixin.py:190} INFO - [2026-05-20T14:37:44.155+0000] {dag.py:4180} INFO - Setting next_dagrun for dataset_consumes_unknown_never_scheduled to None, run_after=None
[2026-05-20T14:37:44.157+0000] {logging_mixin.py:190} INFO - [2026-05-20T14:37:44.157+0000] {dag.py:4180} INFO - Setting next_dagrun for dataset_produces_1 to 2026-05-19 00:00:00+00:00, run_after=2026-05-20 00:00:00+00:00
[2026-05-20T14:37:44.158+0000] {logging_mixin.py:190} INFO - [2026-05-20T14:37:44.158+0000] {dag.py:4180} INFO - Setting next_dagrun for dataset_produces_2 to None, run_after=None
[2026-05-20T14:37:44.188+0000] {processor.py:208} INFO - Processing /usr/local/python/3.12.1/lib/python3.12/site-packages/airflow/example_dags/example_datasets.py took 0.112 seconds
[2026-05-20T14:38:37.806+0000] {processor.py:186} INFO - Started process (PID=38808) to work on /usr/local/python/3.12.1/lib/python3.12/site-packages/airflow/example_dags/example_datasets.py
[2026-05-20T14:38:37.807+0000] {processor.py:914} INFO - Processing file /usr/local/python/3.12.1/lib/python3.12/site-packages/airflow/example_dags/example_datasets.py for tasks to queue
[2026-05-20T14:38:37.808+0000] {logging_mixin.py:190} INFO - [2026-05-20T14:38:37.808+0000] {dagbag.py:588} INFO - Filling up the DagBag from /usr/local/python/3.12.1/lib/python3.12/site-packages/airflow/example_dags/example_datasets.py
[2026-05-20T14:38:37.821+0000] {processor.py:925} INFO - DAG(s) 'dataset_produces_1', 'consume_1_and_2_with_dataset_expressions', 'dataset_consumes_1_and_2', 'dataset_consumes_1_never_scheduled', 'dataset_consumes_1', 'conditional_dataset_and_time_based_timetable', 'dataset_produces_2', 'consume_1_or_both_2_and_3_with_dataset_expressions', 'consume_1_or_2_with_dataset_expressions', 'dataset_consumes_unknown_never_scheduled' retrieved from /usr/local/python/3.12.1/lib/python3.12/site-packages/airflow/example_dags/example_datasets.py
[2026-05-20T14:38:37.854+0000] {logging_mixin.py:190} INFO - [2026-05-20T14:38:37.853+0000] {dag.py:3239} INFO - Sync 10 DAGs
[2026-05-20T14:38:37.873+0000] {logging_mixin.py:190} INFO - [2026-05-20T14:38:37.873+0000] {dag.py:4180} INFO - Setting next_dagrun for conditional_dataset_and_time_based_timetable to 2026-05-20 01:00:00+00:00, run_after=2026-05-20 01:00:00+00:00
[2026-05-20T14:38:37.876+0000] {logging_mixin.py:190} INFO - [2026-05-20T14:38:37.876+0000] {dag.py:4180} INFO - Setting next_dagrun for consume_1_and_2_with_dataset_expressions to None, run_after=None
[2026-05-20T14:38:37.877+0000] {logging_mixin.py:190} INFO - [2026-05-20T14:38:37.877+0000] {dag.py:4180} INFO - Setting next_dagrun for consume_1_or_2_with_dataset_expressions to None, run_after=None
[2026-05-20T14:38:37.878+0000] {logging_mixin.py:190} INFO - [2026-05-20T14:38:37.878+0000] {dag.py:4180} INFO - Setting next_dagrun for consume_1_or_both_2_and_3_with_dataset_expressions to None, run_after=None
[2026-05-20T14:38:37.879+0000] {logging_mixin.py:190} INFO - [2026-05-20T14:38:37.879+0000] {dag.py:4180} INFO - Setting next_dagrun for dataset_consumes_1 to None, run_after=None
[2026-05-20T14:38:37.879+0000] {logging_mixin.py:190} INFO - [2026-05-20T14:38:37.879+0000] {dag.py:4180} INFO - Setting next_dagrun for dataset_consumes_1_and_2 to None, run_after=None
[2026-05-20T14:38:37.880+0000] {logging_mixin.py:190} INFO - [2026-05-20T14:38:37.880+0000] {dag.py:4180} INFO - Setting next_dagrun for dataset_consumes_1_never_scheduled to None, run_after=None
[2026-05-20T14:38:37.881+0000] {logging_mixin.py:190} INFO - [2026-05-20T14:38:37.880+0000] {dag.py:4180} INFO - Setting next_dagrun for dataset_consumes_unknown_never_scheduled to None, run_after=None
[2026-05-20T14:38:37.882+0000] {logging_mixin.py:190} INFO - [2026-05-20T14:38:37.882+0000] {dag.py:4180} INFO - Setting next_dagrun for dataset_produces_1 to 2026-05-19 00:00:00+00:00, run_after=2026-05-20 00:00:00+00:00
[2026-05-20T14:38:37.883+0000] {logging_mixin.py:190} INFO - [2026-05-20T14:38:37.883+0000] {dag.py:4180} INFO - Setting next_dagrun for dataset_produces_2 to None, run_after=None
[2026-05-20T14:38:37.909+0000] {processor.py:208} INFO - Processing /usr/local/python/3.12.1/lib/python3.12/site-packages/airflow/example_dags/example_datasets.py took 0.108 seconds
[2026-05-20T14:39:32.769+0000] {processor.py:186} INFO - Started process (PID=39467) to work on /usr/local/python/3.12.1/lib/python3.12/site-packages/airflow/example_dags/example_datasets.py
[2026-05-20T14:39:32.770+0000] {processor.py:914} INFO - Processing file /usr/local/python/3.12.1/lib/python3.12/site-packages/airflow/example_dags/example_datasets.py for tasks to queue
[2026-05-20T14:39:32.771+0000] {logging_mixin.py:190} INFO - [2026-05-20T14:39:32.771+0000] {dagbag.py:588} INFO - Filling up the DagBag from /usr/local/python/3.12.1/lib/python3.12/site-packages/airflow/example_dags/example_datasets.py
[2026-05-20T14:39:32.784+0000] {processor.py:925} INFO - DAG(s) 'consume_1_or_both_2_and_3_with_dataset_expressions', 'dataset_produces_1', 'dataset_produces_2', 'dataset_consumes_1_and_2', 'consume_1_and_2_with_dataset_expressions', 'dataset_consumes_1', 'consume_1_or_2_with_dataset_expressions', 'dataset_consumes_unknown_never_scheduled', 'conditional_dataset_and_time_based_timetable', 'dataset_consumes_1_never_scheduled' retrieved from /usr/local/python/3.12.1/lib/python3.12/site-packages/airflow/example_dags/example_datasets.py
[2026-05-20T14:39:32.810+0000] {logging_mixin.py:190} INFO - [2026-05-20T14:39:32.810+0000] {dag.py:3239} INFO - Sync 10 DAGs
[2026-05-20T14:39:32.833+0000] {logging_mixin.py:190} INFO - [2026-05-20T14:39:32.833+0000] {dag.py:4180} INFO - Setting next_dagrun for conditional_dataset_and_time_based_timetable to 2026-05-20 01:00:00+00:00, run_after=2026-05-20 01:00:00+00:00
[2026-05-20T14:39:32.839+0000] {logging_mixin.py:190} INFO - [2026-05-20T14:39:32.839+0000] {dag.py:4180} INFO - Setting next_dagrun for consume_1_and_2_with_dataset_expressions to None, run_after=None
[2026-05-20T14:39:32.845+0000] {logging_mixin.py:190} INFO - [2026-05-20T14:39:32.844+0000] {dag.py:4180} INFO - Setting next_dagrun for consume_1_or_2_with_dataset_expressions to None, run_after=None
[2026-05-20T14:39:32.847+0000] {logging_mixin.py:190} INFO - [2026-05-20T14:39:32.846+0000] {dag.py:4180} INFO - Setting next_dagrun for consume_1_or_both_2_and_3_with_dataset_expressions to None, run_after=None
[2026-05-20T14:39:32.852+0000] {logging_mixin.py:190} INFO - [2026-05-20T14:39:32.852+0000] {dag.py:4180} INFO - Setting next_dagrun for dataset_consumes_1 to None, run_after=None
[2026-05-20T14:39:32.862+0000] {logging_mixin.py:190} INFO - [2026-05-20T14:39:32.862+0000] {dag.py:4180} INFO - Setting next_dagrun for dataset_consumes_1_and_2 to None, run_after=None
[2026-05-20T14:39:32.863+0000] {logging_mixin.py:190} INFO - [2026-05-20T14:39:32.863+0000] {dag.py:4180} INFO - Setting next_dagrun for dataset_consumes_1_never_scheduled to None, run_after=None
[2026-05-20T14:39:32.864+0000] {logging_mixin.py:190} INFO - [2026-05-20T14:39:32.864+0000] {dag.py:4180} INFO - Setting next_dagrun for dataset_consumes_unknown_never_scheduled to None, run_after=None
[2026-05-20T14:39:32.871+0000] {logging_mixin.py:190} INFO - [2026-05-20T14:39:32.870+0000] {dag.py:4180} INFO - Setting next_dagrun for dataset_produces_1 to 2026-05-19 00:00:00+00:00, run_after=2026-05-20 00:00:00+00:00
[2026-05-20T14:39:32.872+0000] {logging_mixin.py:190} INFO - [2026-05-20T14:39:32.872+0000] {dag.py:4180} INFO - Setting next_dagrun for dataset_produces_2 to None, run_after=None
[2026-05-20T14:39:32.909+0000] {processor.py:208} INFO - Processing /usr/local/python/3.12.1/lib/python3.12/site-packages/airflow/example_dags/example_datasets.py took 0.145 seconds
[2026-05-20T14:40:25.881+0000] {processor.py:186} INFO - Started process (PID=39967) to work on /usr/local/python/3.12.1/lib/python3.12/site-packages/airflow/example_dags/example_datasets.py
[2026-05-20T14:40:25.882+0000] {processor.py:914} INFO - Processing file /usr/local/python/3.12.1/lib/python3.12/site-packages/airflow/example_dags/example_datasets.py for tasks to queue
[2026-05-20T14:40:25.884+0000] {logging_mixin.py:190} INFO - [2026-05-20T14:40:25.884+0000] {dagbag.py:588} INFO - Filling up the DagBag from /usr/local/python/3.12.1/lib/python3.12/site-packages/airflow/example_dags/example_datasets.py
[2026-05-20T14:40:25.897+0000] {processor.py:925} INFO - DAG(s) 'consume_1_or_both_2_and_3_with_dataset_expressions', 'conditional_dataset_and_time_based_timetable', 'dataset_produces_1', 'dataset_consumes_unknown_never_scheduled', 'consume_1_and_2_with_dataset_expressions', 'dataset_consumes_1_never_scheduled', 'dataset_produces_2', 'dataset_consumes_1', 'consume_1_or_2_with_dataset_expressions', 'dataset_consumes_1_and_2' retrieved from /usr/local/python/3.12.1/lib/python3.12/site-packages/airflow/example_dags/example_datasets.py
[2026-05-20T14:40:25.924+0000] {logging_mixin.py:190} INFO - [2026-05-20T14:40:25.924+0000] {dag.py:3239} INFO - Sync 10 DAGs
[2026-05-20T14:40:25.950+0000] {logging_mixin.py:190} INFO - [2026-05-20T14:40:25.949+0000] {dag.py:4180} INFO - Setting next_dagrun for conditional_dataset_and_time_based_timetable to 2026-05-20 01:00:00+00:00, run_after=2026-05-20 01:00:00+00:00
[2026-05-20T14:40:25.954+0000] {logging_mixin.py:190} INFO - [2026-05-20T14:40:25.953+0000] {dag.py:4180} INFO - Setting next_dagrun for consume_1_and_2_with_dataset_expressions to None, run_after=None
[2026-05-20T14:40:25.954+0000] {logging_mixin.py:190} INFO - [2026-05-20T14:40:25.954+0000] {dag.py:4180} INFO - Setting next_dagrun for consume_1_or_2_with_dataset_expressions to None, run_after=None
[2026-05-20T14:40:25.955+0000] {logging_mixin.py:190} INFO - [2026-05-20T14:40:25.955+0000] {dag.py:4180} INFO - Setting next_dagrun for consume_1_or_both_2_and_3_with_dataset_expressions to None, run_after=None
[2026-05-20T14:40:25.956+0000] {logging_mixin.py:190} INFO - [2026-05-20T14:40:25.956+0000] {dag.py:4180} INFO - Setting next_dagrun for dataset_consumes_1 to None, run_after=None
[2026-05-20T14:40:25.956+0000] {logging_mixin.py:190} INFO - [2026-05-20T14:40:25.956+0000] {dag.py:4180} INFO - Setting next_dagrun for dataset_consumes_1_and_2 to None, run_after=None
[2026-05-20T14:40:25.957+0000] {logging_mixin.py:190} INFO - [2026-05-20T14:40:25.957+0000] {dag.py:4180} INFO - Setting next_dagrun for dataset_consumes_1_never_scheduled to None, run_after=None
[2026-05-20T14:40:25.958+0000] {logging_mixin.py:190} INFO - [2026-05-20T14:40:25.958+0000] {dag.py:4180} INFO - Setting next_dagrun for dataset_consumes_unknown_never_scheduled to None, run_after=None
[2026-05-20T14:40:25.959+0000] {logging_mixin.py:190} INFO - [2026-05-20T14:40:25.959+0000] {dag.py:4180} INFO - Setting next_dagrun for dataset_produces_1 to 2026-05-19 00:00:00+00:00, run_after=2026-05-20 00:00:00+00:00
[2026-05-20T14:40:25.960+0000] {logging_mixin.py:190} INFO - [2026-05-20T14:40:25.960+0000] {dag.py:4180} INFO - Setting next_dagrun for dataset_produces_2 to None, run_after=None
[2026-05-20T14:40:25.986+0000] {processor.py:208} INFO - Processing /usr/local/python/3.12.1/lib/python3.12/site-packages/airflow/example_dags/example_datasets.py took 0.112 seconds
[2026-05-20T14:41:22.029+0000] {processor.py:186} INFO - Started process (PID=41219) to work on /usr/local/python/3.12.1/lib/python3.12/site-packages/airflow/example_dags/example_datasets.py
[2026-05-20T14:41:22.033+0000] {processor.py:914} INFO - Processing file /usr/local/python/3.12.1/lib/python3.12/site-packages/airflow/example_dags/example_datasets.py for tasks to queue
[2026-05-20T14:41:22.035+0000] {logging_mixin.py:190} INFO - [2026-05-20T14:41:22.035+0000] {dagbag.py:588} INFO - Filling up the DagBag from /usr/local/python/3.12.1/lib/python3.12/site-packages/airflow/example_dags/example_datasets.py
[2026-05-20T14:41:22.051+0000] {processor.py:925} INFO - DAG(s) 'dataset_produces_1', 'dataset_produces_2', 'dataset_consumes_1_never_scheduled', 'dataset_consumes_1', 'consume_1_and_2_with_dataset_expressions', 'conditional_dataset_and_time_based_timetable', 'consume_1_or_2_with_dataset_expressions', 'dataset_consumes_unknown_never_scheduled', 'consume_1_or_both_2_and_3_with_dataset_expressions', 'dataset_consumes_1_and_2' retrieved from /usr/local/python/3.12.1/lib/python3.12/site-packages/airflow/example_dags/example_datasets.py
[2026-05-20T14:41:22.079+0000] {logging_mixin.py:190} INFO - [2026-05-20T14:41:22.079+0000] {dag.py:3239} INFO - Sync 10 DAGs
[2026-05-20T14:41:22.098+0000] {logging_mixin.py:190} INFO - [2026-05-20T14:41:22.098+0000] {dag.py:4180} INFO - Setting next_dagrun for conditional_dataset_and_time_based_timetable to 2026-05-20 01:00:00+00:00, run_after=2026-05-20 01:00:00+00:00
[2026-05-20T14:41:22.101+0000] {logging_mixin.py:190} INFO - [2026-05-20T14:41:22.101+0000] {dag.py:4180} INFO - Setting next_dagrun for consume_1_and_2_with_dataset_expressions to None, run_after=None
[2026-05-20T14:41:22.102+0000] {logging_mixin.py:190} INFO - [2026-05-20T14:41:22.101+0000] {dag.py:4180} INFO - Setting next_dagrun for consume_1_or_2_with_dataset_expressions to None, run_after=None
[2026-05-20T14:41:22.102+0000] {logging_mixin.py:190} INFO - [2026-05-20T14:41:22.102+0000] {dag.py:4180} INFO - Setting next_dagrun for consume_1_or_both_2_and_3_with_dataset_expressions to None, run_after=None
[2026-05-20T14:41:22.103+0000] {logging_mixin.py:190} INFO - [2026-05-20T14:41:22.103+0000] {dag.py:4180} INFO - Setting next_dagrun for dataset_consumes_1 to None, run_after=None
[2026-05-20T14:41:22.104+0000] {logging_mixin.py:190} INFO - [2026-05-20T14:41:22.103+0000] {dag.py:4180} INFO - Setting next_dagrun for dataset_consumes_1_and_2 to None, run_after=None
[2026-05-20T14:41:22.104+0000] {logging_mixin.py:190} INFO - [2026-05-20T14:41:22.104+0000] {dag.py:4180} INFO - Setting next_dagrun for dataset_consumes_1_never_scheduled to None, run_after=None
[2026-05-20T14:41:22.105+0000] {logging_mixin.py:190} INFO - [2026-05-20T14:41:22.105+0000] {dag.py:4180} INFO - Setting next_dagrun for dataset_consumes_unknown_never_scheduled to None, run_after=None
[2026-05-20T14:41:22.106+0000] {logging_mixin.py:190} INFO - [2026-05-20T14:41:22.106+0000] {dag.py:4180} INFO - Setting next_dagrun for dataset_produces_1 to 2026-05-19 00:00:00+00:00, run_after=2026-05-20 00:00:00+00:00
[2026-05-20T14:41:22.107+0000] {logging_mixin.py:190} INFO - [2026-05-20T14:41:22.107+0000] {dag.py:4180} INFO - Setting next_dagrun for dataset_produces_2 to None, run_after=None
[2026-05-20T14:41:22.136+0000] {processor.py:208} INFO - Processing /usr/local/python/3.12.1/lib/python3.12/site-packages/airflow/example_dags/example_datasets.py took 0.113 seconds
[2026-05-20T14:42:14.312+0000] {processor.py:186} INFO - Started process (PID=41930) to work on /usr/local/python/3.12.1/lib/python3.12/site-packages/airflow/example_dags/example_datasets.py
[2026-05-20T14:42:14.312+0000] {processor.py:914} INFO - Processing file /usr/local/python/3.12.1/lib/python3.12/site-packages/airflow/example_dags/example_datasets.py for tasks to queue
[2026-05-20T14:42:14.314+0000] {logging_mixin.py:190} INFO - [2026-05-20T14:42:14.314+0000] {dagbag.py:588} INFO - Filling up the DagBag from /usr/local/python/3.12.1/lib/python3.12/site-packages/airflow/example_dags/example_datasets.py
[2026-05-20T14:42:14.329+0000] {processor.py:925} INFO - DAG(s) 'consume_1_and_2_with_dataset_expressions', 'consume_1_or_both_2_and_3_with_dataset_expressions', 'conditional_dataset_and_time_based_timetable', 'dataset_consumes_1_never_scheduled', 'dataset_produces_2', 'dataset_consumes_unknown_never_scheduled', 'consume_1_or_2_with_dataset_expressions', 'dataset_produces_1', 'dataset_consumes_1_and_2', 'dataset_consumes_1' retrieved from /usr/local/python/3.12.1/lib/python3.12/site-packages/airflow/example_dags/example_datasets.py
[2026-05-20T14:42:14.365+0000] {logging_mixin.py:190} INFO - [2026-05-20T14:42:14.365+0000] {dag.py:3239} INFO - Sync 10 DAGs
[2026-05-20T14:42:14.384+0000] {logging_mixin.py:190} INFO - [2026-05-20T14:42:14.383+0000] {dag.py:4180} INFO - Setting next_dagrun for conditional_dataset_and_time_based_timetable to 2026-05-20 01:00:00+00:00, run_after=2026-05-20 01:00:00+00:00
[2026-05-20T14:42:14.387+0000] {logging_mixin.py:190} INFO - [2026-05-20T14:42:14.387+0000] {dag.py:4180} INFO - Setting next_dagrun for consume_1_and_2_with_dataset_expressions to None, run_after=None
[2026-05-20T14:42:14.388+0000] {logging_mixin.py:190} INFO - [2026-05-20T14:42:14.388+0000] {dag.py:4180} INFO - Setting next_dagrun for consume_1_or_2_with_dataset_expressions to None, run_after=None
[2026-05-20T14:42:14.388+0000] {logging_mixin.py:190} INFO - [2026-05-20T14:42:14.388+0000] {dag.py:4180} INFO - Setting next_dagrun for consume_1_or_both_2_and_3_with_dataset_expressions to None, run_after=None
[2026-05-20T14:42:14.389+0000] {logging_mixin.py:190} INFO - [2026-05-20T14:42:14.389+0000] {dag.py:4180} INFO - Setting next_dagrun for dataset_consumes_1 to None, run_after=None
[2026-05-20T14:42:14.390+0000] {logging_mixin.py:190} INFO - [2026-05-20T14:42:14.390+0000] {dag.py:4180} INFO - Setting next_dagrun for dataset_consumes_1_and_2 to None, run_after=None
[2026-05-20T14:42:14.390+0000] {logging_mixin.py:190} INFO - [2026-05-20T14:42:14.390+0000] {dag.py:4180} INFO - Setting next_dagrun for dataset_consumes_1_never_scheduled to None, run_after=None
[2026-05-20T14:42:14.391+0000] {logging_mixin.py:190} INFO - [2026-05-20T14:42:14.391+0000] {dag.py:4180} INFO - Setting next_dagrun for dataset_consumes_unknown_never_scheduled to None, run_after=None
[2026-05-20T14:42:14.393+0000] {logging_mixin.py:190} INFO - [2026-05-20T14:42:14.392+0000] {dag.py:4180} INFO - Setting next_dagrun for dataset_produces_1 to 2026-05-19 00:00:00+00:00, run_after=2026-05-20 00:00:00+00:00
[2026-05-20T14:42:14.393+0000] {logging_mixin.py:190} INFO - [2026-05-20T14:42:14.393+0000] {dag.py:4180} INFO - Setting next_dagrun for dataset_produces_2 to None, run_after=None
[2026-05-20T14:42:14.418+0000] {processor.py:208} INFO - Processing /usr/local/python/3.12.1/lib/python3.12/site-packages/airflow/example_dags/example_datasets.py took 0.111 seconds
[2026-05-20T14:43:06.161+0000] {processor.py:186} INFO - Started process (PID=42417) to work on /usr/local/python/3.12.1/lib/python3.12/site-packages/airflow/example_dags/example_datasets.py
[2026-05-20T14:43:06.161+0000] {processor.py:914} INFO - Processing file /usr/local/python/3.12.1/lib/python3.12/site-packages/airflow/example_dags/example_datasets.py for tasks to queue
[2026-05-20T14:43:06.163+0000] {logging_mixin.py:190} INFO - [2026-05-20T14:43:06.163+0000] {dagbag.py:588} INFO - Filling up the DagBag from /usr/local/python/3.12.1/lib/python3.12/site-packages/airflow/example_dags/example_datasets.py
[2026-05-20T14:43:06.176+0000] {processor.py:925} INFO - DAG(s) 'dataset_consumes_1_never_scheduled', 'dataset_consumes_unknown_never_scheduled', 'conditional_dataset_and_time_based_timetable', 'dataset_produces_1', 'consume_1_and_2_with_dataset_expressions', 'consume_1_or_both_2_and_3_with_dataset_expressions', 'dataset_produces_2', 'consume_1_or_2_with_dataset_expressions', 'dataset_consumes_1', 'dataset_consumes_1_and_2' retrieved from /usr/local/python/3.12.1/lib/python3.12/site-packages/airflow/example_dags/example_datasets.py
[2026-05-20T14:43:06.205+0000] {logging_mixin.py:190} INFO - [2026-05-20T14:43:06.204+0000] {dag.py:3239} INFO - Sync 10 DAGs
[2026-05-20T14:43:06.225+0000] {logging_mixin.py:190} INFO - [2026-05-20T14:43:06.224+0000] {dag.py:4180} INFO - Setting next_dagrun for conditional_dataset_and_time_based_timetable to 2026-05-20 01:00:00+00:00, run_after=2026-05-20 01:00:00+00:00
[2026-05-20T14:43:06.228+0000] {logging_mixin.py:190} INFO - [2026-05-20T14:43:06.228+0000] {dag.py:4180} INFO - Setting next_dagrun for consume_1_and_2_with_dataset_expressions to None, run_after=None
[2026-05-20T14:43:06.230+0000] {logging_mixin.py:190} INFO - [2026-05-20T14:43:06.229+0000] {dag.py:4180} INFO - Setting next_dagrun for consume_1_or_2_with_dataset_expressions to None, run_after=None
[2026-05-20T14:43:06.230+0000] {logging_mixin.py:190} INFO - [2026-05-20T14:43:06.230+0000] {dag.py:4180} INFO - Setting next_dagrun for consume_1_or_both_2_and_3_with_dataset_expressions to None, run_after=None
[2026-05-20T14:43:06.231+0000] {logging_mixin.py:190} INFO - [2026-05-20T14:43:06.231+0000] {dag.py:4180} INFO - Setting next_dagrun for dataset_consumes_1 to None, run_after=None
[2026-05-20T14:43:06.232+0000] {logging_mixin.py:190} INFO - [2026-05-20T14:43:06.232+0000] {dag.py:4180} INFO - Setting next_dagrun for dataset_consumes_1_and_2 to None, run_after=None
[2026-05-20T14:43:06.233+0000] {logging_mixin.py:190} INFO - [2026-05-20T14:43:06.233+0000] {dag.py:4180} INFO - Setting next_dagrun for dataset_consumes_1_never_scheduled to None, run_after=None
[2026-05-20T14:43:06.234+0000] {logging_mixin.py:190} INFO - [2026-05-20T14:43:06.233+0000] {dag.py:4180} INFO - Setting next_dagrun for dataset_consumes_unknown_never_scheduled to None, run_after=None
[2026-05-20T14:43:06.235+0000] {logging_mixin.py:190} INFO - [2026-05-20T14:43:06.235+0000] {dag.py:4180} INFO - Setting next_dagrun for dataset_produces_1 to 2026-05-19 00:00:00+00:00, run_after=2026-05-20 00:00:00+00:00
[2026-05-20T14:43:06.236+0000] {logging_mixin.py:190} INFO - [2026-05-20T14:43:06.236+0000] {dag.py:4180} INFO - Setting next_dagrun for dataset_produces_2 to None, run_after=None
[2026-05-20T14:43:06.264+0000] {processor.py:208} INFO - Processing /usr/local/python/3.12.1/lib/python3.12/site-packages/airflow/example_dags/example_datasets.py took 0.108 seconds
[2026-05-20T14:43:58.933+0000] {processor.py:186} INFO - Started process (PID=43126) to work on /usr/local/python/3.12.1/lib/python3.12/site-packages/airflow/example_dags/example_datasets.py
[2026-05-20T14:43:58.934+0000] {processor.py:914} INFO - Processing file /usr/local/python/3.12.1/lib/python3.12/site-packages/airflow/example_dags/example_datasets.py for tasks to queue
[2026-05-20T14:43:58.936+0000] {logging_mixin.py:190} INFO - [2026-05-20T14:43:58.936+0000] {dagbag.py:588} INFO - Filling up the DagBag from /usr/local/python/3.12.1/lib/python3.12/site-packages/airflow/example_dags/example_datasets.py
[2026-05-20T14:43:58.951+0000] {processor.py:925} INFO - DAG(s) 'dataset_consumes_1', 'conditional_dataset_and_time_based_timetable', 'dataset_consumes_unknown_never_scheduled', 'consume_1_or_both_2_and_3_with_dataset_expressions', 'dataset_produces_1', 'consume_1_and_2_with_dataset_expressions', 'dataset_consumes_1_never_scheduled', 'dataset_produces_2', 'dataset_consumes_1_and_2', 'consume_1_or_2_with_dataset_expressions' retrieved from /usr/local/python/3.12.1/lib/python3.12/site-packages/airflow/example_dags/example_datasets.py
[2026-05-20T14:43:58.978+0000] {logging_mixin.py:190} INFO - [2026-05-20T14:43:58.978+0000] {dag.py:3239} INFO - Sync 10 DAGs
[2026-05-20T14:43:58.998+0000] {logging_mixin.py:190} INFO - [2026-05-20T14:43:58.998+0000] {dag.py:4180} INFO - Setting next_dagrun for conditional_dataset_and_time_based_timetable to 2026-05-20 01:00:00+00:00, run_after=2026-05-20 01:00:00+00:00
[2026-05-20T14:43:59.001+0000] {logging_mixin.py:190} INFO - [2026-05-20T14:43:59.001+0000] {dag.py:4180} INFO - Setting next_dagrun for consume_1_and_2_with_dataset_expressions to None, run_after=None
[2026-05-20T14:43:59.002+0000] {logging_mixin.py:190} INFO - [2026-05-20T14:43:59.002+0000] {dag.py:4180} INFO - Setting next_dagrun for consume_1_or_2_with_dataset_expressions to None, run_after=None
[2026-05-20T14:43:59.002+0000] {logging_mixin.py:190} INFO - [2026-05-20T14:43:59.002+0000] {dag.py:4180} INFO - Setting next_dagrun for consume_1_or_both_2_and_3_with_dataset_expressions to None, run_after=None
[2026-05-20T14:43:59.003+0000] {logging_mixin.py:190} INFO - [2026-05-20T14:43:59.003+0000] {dag.py:4180} INFO - Setting next_dagrun for dataset_consumes_1 to None, run_after=None
[2026-05-20T14:43:59.004+0000] {logging_mixin.py:190} INFO - [2026-05-20T14:43:59.004+0000] {dag.py:4180} INFO - Setting next_dagrun for dataset_consumes_1_and_2 to None, run_after=None
[2026-05-20T14:43:59.004+0000] {logging_mixin.py:190} INFO - [2026-05-20T14:43:59.004+0000] {dag.py:4180} INFO - Setting next_dagrun for dataset_consumes_1_never_scheduled to None, run_after=None
[2026-05-20T14:43:59.005+0000] {logging_mixin.py:190} INFO - [2026-05-20T14:43:59.005+0000] {dag.py:4180} INFO - Setting next_dagrun for dataset_consumes_unknown_never_scheduled to None, run_after=None
[2026-05-20T14:43:59.007+0000] {logging_mixin.py:190} INFO - [2026-05-20T14:43:59.006+0000] {dag.py:4180} INFO - Setting next_dagrun for dataset_produces_1 to 2026-05-19 00:00:00+00:00, run_after=2026-05-20 00:00:00+00:00
[2026-05-20T14:43:59.007+0000] {logging_mixin.py:190} INFO - [2026-05-20T14:43:59.007+0000] {dag.py:4180} INFO - Setting next_dagrun for dataset_produces_2 to None, run_after=None
[2026-05-20T14:43:59.041+0000] {processor.py:208} INFO - Processing /usr/local/python/3.12.1/lib/python3.12/site-packages/airflow/example_dags/example_datasets.py took 0.114 seconds
[2026-05-20T14:44:52.980+0000] {processor.py:186} INFO - Started process (PID=43623) to work on /usr/local/python/3.12.1/lib/python3.12/site-packages/airflow/example_dags/example_datasets.py
[2026-05-20T14:44:52.982+0000] {processor.py:914} INFO - Processing file /usr/local/python/3.12.1/lib/python3.12/site-packages/airflow/example_dags/example_datasets.py for tasks to queue
[2026-05-20T14:44:52.984+0000] {logging_mixin.py:190} INFO - [2026-05-20T14:44:52.984+0000] {dagbag.py:588} INFO - Filling up the DagBag from /usr/local/python/3.12.1/lib/python3.12/site-packages/airflow/example_dags/example_datasets.py
[2026-05-20T14:44:52.998+0000] {processor.py:925} INFO - DAG(s) 'dataset_consumes_1_and_2', 'dataset_consumes_1_never_scheduled', 'consume_1_and_2_with_dataset_expressions', 'dataset_produces_2', 'consume_1_or_2_with_dataset_expressions', 'dataset_consumes_unknown_never_scheduled', 'conditional_dataset_and_time_based_timetable', 'consume_1_or_both_2_and_3_with_dataset_expressions', 'dataset_consumes_1', 'dataset_produces_1' retrieved from /usr/local/python/3.12.1/lib/python3.12/site-packages/airflow/example_dags/example_datasets.py
[2026-05-20T14:44:53.030+0000] {logging_mixin.py:190} INFO - [2026-05-20T14:44:53.030+0000] {dag.py:3239} INFO - Sync 10 DAGs
[2026-05-20T14:44:53.055+0000] {logging_mixin.py:190} INFO - [2026-05-20T14:44:53.054+0000] {dag.py:4180} INFO - Setting next_dagrun for conditional_dataset_and_time_based_timetable to 2026-05-20 01:00:00+00:00, run_after=2026-05-20 01:00:00+00:00
[2026-05-20T14:44:53.059+0000] {logging_mixin.py:190} INFO - [2026-05-20T14:44:53.058+0000] {dag.py:4180} INFO - Setting next_dagrun for consume_1_and_2_with_dataset_expressions to None, run_after=None
[2026-05-20T14:44:53.060+0000] {logging_mixin.py:190} INFO - [2026-05-20T14:44:53.060+0000] {dag.py:4180} INFO - Setting next_dagrun for consume_1_or_2_with_dataset_expressions to None, run_after=None
[2026-05-20T14:44:53.061+0000] {logging_mixin.py:190} INFO - [2026-05-20T14:44:53.061+0000] {dag.py:4180} INFO - Setting next_dagrun for consume_1_or_both_2_and_3_with_dataset_expressions to None, run_after=None
[2026-05-20T14:44:53.062+0000] {logging_mixin.py:190} INFO - [2026-05-20T14:44:53.062+0000] {dag.py:4180} INFO - Setting next_dagrun for dataset_consumes_1 to None, run_after=None
[2026-05-20T14:44:53.063+0000] {logging_mixin.py:190} INFO - [2026-05-20T14:44:53.063+0000] {dag.py:4180} INFO - Setting next_dagrun for dataset_consumes_1_and_2 to None, run_after=None
[2026-05-20T14:44:53.064+0000] {logging_mixin.py:190} INFO - [2026-05-20T14:44:53.064+0000] {dag.py:4180} INFO - Setting next_dagrun for dataset_consumes_1_never_scheduled to None, run_after=None
[2026-05-20T14:44:53.064+0000] {logging_mixin.py:190} INFO - [2026-05-20T14:44:53.064+0000] {dag.py:4180} INFO - Setting next_dagrun for dataset_consumes_unknown_never_scheduled to None, run_after=None
[2026-05-20T14:44:53.066+0000] {logging_mixin.py:190} INFO - [2026-05-20T14:44:53.066+0000] {dag.py:4180} INFO - Setting next_dagrun for dataset_produces_1 to 2026-05-19 00:00:00+00:00, run_after=2026-05-20 00:00:00+00:00
[2026-05-20T14:44:53.067+0000] {logging_mixin.py:190} INFO - [2026-05-20T14:44:53.067+0000] {dag.py:4180} INFO - Setting next_dagrun for dataset_produces_2 to None, run_after=None
[2026-05-20T14:44:53.094+0000] {processor.py:208} INFO - Processing /usr/local/python/3.12.1/lib/python3.12/site-packages/airflow/example_dags/example_datasets.py took 0.120 seconds
[2026-05-20T14:45:57.113+0000] {processor.py:186} INFO - Started process (PID=45457) to work on /usr/local/python/3.12.1/lib/python3.12/site-packages/airflow/example_dags/example_datasets.py
[2026-05-20T14:45:57.116+0000] {processor.py:914} INFO - Processing file /usr/local/python/3.12.1/lib/python3.12/site-packages/airflow/example_dags/example_datasets.py for tasks to queue
[2026-05-20T14:45:57.125+0000] {logging_mixin.py:190} INFO - [2026-05-20T14:45:57.125+0000] {dagbag.py:588} INFO - Filling up the DagBag from /usr/local/python/3.12.1/lib/python3.12/site-packages/airflow/example_dags/example_datasets.py
[2026-05-20T14:45:57.166+0000] {processor.py:925} INFO - DAG(s) 'dataset_consumes_1_and_2', 'dataset_consumes_1', 'conditional_dataset_and_time_based_timetable', 'consume_1_or_both_2_and_3_with_dataset_expressions', 'dataset_consumes_1_never_scheduled', 'consume_1_and_2_with_dataset_expressions', 'dataset_consumes_unknown_never_scheduled', 'dataset_produces_1', 'consume_1_or_2_with_dataset_expressions', 'dataset_produces_2' retrieved from /usr/local/python/3.12.1/lib/python3.12/site-packages/airflow/example_dags/example_datasets.py
[2026-05-20T14:45:57.224+0000] {logging_mixin.py:190} INFO - [2026-05-20T14:45:57.223+0000] {dag.py:3239} INFO - Sync 10 DAGs
[2026-05-20T14:45:57.253+0000] {logging_mixin.py:190} INFO - [2026-05-20T14:45:57.253+0000] {dag.py:4180} INFO - Setting next_dagrun for conditional_dataset_and_time_based_timetable to 2026-05-20 01:00:00+00:00, run_after=2026-05-20 01:00:00+00:00
[2026-05-20T14:45:57.257+0000] {logging_mixin.py:190} INFO - [2026-05-20T14:45:57.257+0000] {dag.py:4180} INFO - Setting next_dagrun for consume_1_and_2_with_dataset_expressions to None, run_after=None
[2026-05-20T14:45:57.260+0000] {logging_mixin.py:190} INFO - [2026-05-20T14:45:57.259+0000] {dag.py:4180} INFO - Setting next_dagrun for consume_1_or_2_with_dataset_expressions to None, run_after=None
[2026-05-20T14:45:57.262+0000] {logging_mixin.py:190} INFO - [2026-05-20T14:45:57.262+0000] {dag.py:4180} INFO - Setting next_dagrun for consume_1_or_both_2_and_3_with_dataset_expressions to None, run_after=None
[2026-05-20T14:45:57.266+0000] {logging_mixin.py:190} INFO - [2026-05-20T14:45:57.265+0000] {dag.py:4180} INFO - Setting next_dagrun for dataset_consumes_1 to None, run_after=None
[2026-05-20T14:45:57.268+0000] {logging_mixin.py:190} INFO - [2026-05-20T14:45:57.267+0000] {dag.py:4180} INFO - Setting next_dagrun for dataset_consumes_1_and_2 to None, run_after=None
[2026-05-20T14:45:57.270+0000] {logging_mixin.py:190} INFO - [2026-05-20T14:45:57.270+0000] {dag.py:4180} INFO - Setting next_dagrun for dataset_consumes_1_never_scheduled to None, run_after=None
[2026-05-20T14:45:57.273+0000] {logging_mixin.py:190} INFO - [2026-05-20T14:45:57.272+0000] {dag.py:4180} INFO - Setting next_dagrun for dataset_consumes_unknown_never_scheduled to None, run_after=None
[2026-05-20T14:45:57.280+0000] {logging_mixin.py:190} INFO - [2026-05-20T14:45:57.280+0000] {dag.py:4180} INFO - Setting next_dagrun for dataset_produces_1 to 2026-05-19 00:00:00+00:00, run_after=2026-05-20 00:00:00+00:00
[2026-05-20T14:45:57.284+0000] {logging_mixin.py:190} INFO - [2026-05-20T14:45:57.284+0000] {dag.py:4180} INFO - Setting next_dagrun for dataset_produces_2 to None, run_after=None
[2026-05-20T14:45:57.373+0000] {processor.py:208} INFO - Processing /usr/local/python/3.12.1/lib/python3.12/site-packages/airflow/example_dags/example_datasets.py took 0.281 seconds
[2026-05-20T14:46:56.709+0000] {processor.py:186} INFO - Started process (PID=46239) to work on /usr/local/python/3.12.1/lib/python3.12/site-packages/airflow/example_dags/example_datasets.py
[2026-05-20T14:46:56.724+0000] {processor.py:914} INFO - Processing file /usr/local/python/3.12.1/lib/python3.12/site-packages/airflow/example_dags/example_datasets.py for tasks to queue
[2026-05-20T14:46:56.727+0000] {logging_mixin.py:190} INFO - [2026-05-20T14:46:56.727+0000] {dagbag.py:588} INFO - Filling up the DagBag from /usr/local/python/3.12.1/lib/python3.12/site-packages/airflow/example_dags/example_datasets.py
[2026-05-20T14:46:56.812+0000] {processor.py:925} INFO - DAG(s) 'conditional_dataset_and_time_based_timetable', 'consume_1_and_2_with_dataset_expressions', 'dataset_consumes_1_never_scheduled', 'dataset_consumes_1_and_2', 'dataset_produces_1', 'consume_1_or_both_2_and_3_with_dataset_expressions', 'dataset_consumes_unknown_never_scheduled', 'consume_1_or_2_with_dataset_expressions', 'dataset_produces_2', 'dataset_consumes_1' retrieved from /usr/local/python/3.12.1/lib/python3.12/site-packages/airflow/example_dags/example_datasets.py
[2026-05-20T14:46:56.858+0000] {logging_mixin.py:190} INFO - [2026-05-20T14:46:56.857+0000] {dag.py:3239} INFO - Sync 10 DAGs
[2026-05-20T14:46:56.889+0000] {logging_mixin.py:190} INFO - [2026-05-20T14:46:56.888+0000] {dag.py:4180} INFO - Setting next_dagrun for conditional_dataset_and_time_based_timetable to 2026-05-20 01:00:00+00:00, run_after=2026-05-20 01:00:00+00:00
[2026-05-20T14:46:56.897+0000] {logging_mixin.py:190} INFO - [2026-05-20T14:46:56.897+0000] {dag.py:4180} INFO - Setting next_dagrun for consume_1_and_2_with_dataset_expressions to None, run_after=None
[2026-05-20T14:46:56.898+0000] {logging_mixin.py:190} INFO - [2026-05-20T14:46:56.898+0000] {dag.py:4180} INFO - Setting next_dagrun for consume_1_or_2_with_dataset_expressions to None, run_after=None
[2026-05-20T14:46:56.899+0000] {logging_mixin.py:190} INFO - [2026-05-20T14:46:56.899+0000] {dag.py:4180} INFO - Setting next_dagrun for consume_1_or_both_2_and_3_with_dataset_expressions to None, run_after=None
[2026-05-20T14:46:56.900+0000] {logging_mixin.py:190} INFO - [2026-05-20T14:46:56.900+0000] {dag.py:4180} INFO - Setting next_dagrun for dataset_consumes_1 to None, run_after=None
[2026-05-20T14:46:56.901+0000] {logging_mixin.py:190} INFO - [2026-05-20T14:46:56.901+0000] {dag.py:4180} INFO - Setting next_dagrun for dataset_consumes_1_and_2 to None, run_after=None
[2026-05-20T14:46:56.902+0000] {logging_mixin.py:190} INFO - [2026-05-20T14:46:56.902+0000] {dag.py:4180} INFO - Setting next_dagrun for dataset_consumes_1_never_scheduled to None, run_after=None
[2026-05-20T14:46:56.903+0000] {logging_mixin.py:190} INFO - [2026-05-20T14:46:56.903+0000] {dag.py:4180} INFO - Setting next_dagrun for dataset_consumes_unknown_never_scheduled to None, run_after=None
[2026-05-20T14:46:56.905+0000] {logging_mixin.py:190} INFO - [2026-05-20T14:46:56.905+0000] {dag.py:4180} INFO - Setting next_dagrun for dataset_produces_1 to 2026-05-19 00:00:00+00:00, run_after=2026-05-20 00:00:00+00:00
[2026-05-20T14:46:56.906+0000] {logging_mixin.py:190} INFO - [2026-05-20T14:46:56.906+0000] {dag.py:4180} INFO - Setting next_dagrun for dataset_produces_2 to None, run_after=None
[2026-05-20T14:46:57.061+0000] {processor.py:208} INFO - Processing /usr/local/python/3.12.1/lib/python3.12/site-packages/airflow/example_dags/example_datasets.py took 0.362 seconds
[2026-05-20T14:52:34.361+0000] {processor.py:186} INFO - Started process (PID=50326) to work on /usr/local/python/3.12.1/lib/python3.12/site-packages/airflow/example_dags/example_datasets.py
[2026-05-20T14:52:34.363+0000] {processor.py:914} INFO - Processing file /usr/local/python/3.12.1/lib/python3.12/site-packages/airflow/example_dags/example_datasets.py for tasks to queue
[2026-05-20T14:52:34.367+0000] {logging_mixin.py:190} INFO - [2026-05-20T14:52:34.366+0000] {dagbag.py:588} INFO - Filling up the DagBag from /usr/local/python/3.12.1/lib/python3.12/site-packages/airflow/example_dags/example_datasets.py
[2026-05-20T14:52:34.384+0000] {processor.py:925} INFO - DAG(s) 'dataset_produces_1', 'dataset_consumes_1_and_2', 'consume_1_and_2_with_dataset_expressions', 'conditional_dataset_and_time_based_timetable', 'dataset_consumes_unknown_never_scheduled', 'dataset_consumes_1_never_scheduled', 'consume_1_or_2_with_dataset_expressions', 'dataset_produces_2', 'dataset_consumes_1', 'consume_1_or_both_2_and_3_with_dataset_expressions' retrieved from /usr/local/python/3.12.1/lib/python3.12/site-packages/airflow/example_dags/example_datasets.py
[2026-05-20T14:52:34.636+0000] {logging_mixin.py:190} INFO - [2026-05-20T14:52:34.635+0000] {dag.py:3239} INFO - Sync 10 DAGs
[2026-05-20T14:52:34.655+0000] {logging_mixin.py:190} INFO - [2026-05-20T14:52:34.655+0000] {dag.py:4180} INFO - Setting next_dagrun for conditional_dataset_and_time_based_timetable to 2026-05-20 01:00:00+00:00, run_after=2026-05-20 01:00:00+00:00
[2026-05-20T14:52:34.658+0000] {logging_mixin.py:190} INFO - [2026-05-20T14:52:34.658+0000] {dag.py:4180} INFO - Setting next_dagrun for consume_1_and_2_with_dataset_expressions to None, run_after=None
[2026-05-20T14:52:34.659+0000] {logging_mixin.py:190} INFO - [2026-05-20T14:52:34.659+0000] {dag.py:4180} INFO - Setting next_dagrun for consume_1_or_2_with_dataset_expressions to None, run_after=None
[2026-05-20T14:52:34.659+0000] {logging_mixin.py:190} INFO - [2026-05-20T14:52:34.659+0000] {dag.py:4180} INFO - Setting next_dagrun for consume_1_or_both_2_and_3_with_dataset_expressions to None, run_after=None
[2026-05-20T14:52:34.660+0000] {logging_mixin.py:190} INFO - [2026-05-20T14:52:34.660+0000] {dag.py:4180} INFO - Setting next_dagrun for dataset_consumes_1 to None, run_after=None
[2026-05-20T14:52:34.661+0000] {logging_mixin.py:190} INFO - [2026-05-20T14:52:34.661+0000] {dag.py:4180} INFO - Setting next_dagrun for dataset_consumes_1_and_2 to None, run_after=None
[2026-05-20T14:52:34.661+0000] {logging_mixin.py:190} INFO - [2026-05-20T14:52:34.661+0000] {dag.py:4180} INFO - Setting next_dagrun for dataset_consumes_1_never_scheduled to None, run_after=None
[2026-05-20T14:52:34.662+0000] {logging_mixin.py:190} INFO - [2026-05-20T14:52:34.662+0000] {dag.py:4180} INFO - Setting next_dagrun for dataset_consumes_unknown_never_scheduled to None, run_after=None
[2026-05-20T14:52:34.664+0000] {logging_mixin.py:190} INFO - [2026-05-20T14:52:34.664+0000] {dag.py:4180} INFO - Setting next_dagrun for dataset_produces_1 to 2026-05-19 00:00:00+00:00, run_after=2026-05-20 00:00:00+00:00
[2026-05-20T14:52:34.664+0000] {logging_mixin.py:190} INFO - [2026-05-20T14:52:34.664+0000] {dag.py:4180} INFO - Setting next_dagrun for dataset_produces_2 to None, run_after=None
[2026-05-20T14:52:34.695+0000] {processor.py:208} INFO - Processing /usr/local/python/3.12.1/lib/python3.12/site-packages/airflow/example_dags/example_datasets.py took 0.339 seconds
[2026-05-20T14:53:30.966+0000] {processor.py:186} INFO - Started process (PID=51161) to work on /usr/local/python/3.12.1/lib/python3.12/site-packages/airflow/example_dags/example_datasets.py
[2026-05-20T14:53:30.967+0000] {processor.py:914} INFO - Processing file /usr/local/python/3.12.1/lib/python3.12/site-packages/airflow/example_dags/example_datasets.py for tasks to queue
[2026-05-20T14:53:30.968+0000] {logging_mixin.py:190} INFO - [2026-05-20T14:53:30.968+0000] {dagbag.py:588} INFO - Filling up the DagBag from /usr/local/python/3.12.1/lib/python3.12/site-packages/airflow/example_dags/example_datasets.py
[2026-05-20T14:53:30.981+0000] {processor.py:925} INFO - DAG(s) 'dataset_consumes_unknown_never_scheduled', 'conditional_dataset_and_time_based_timetable', 'consume_1_or_both_2_and_3_with_dataset_expressions', 'dataset_produces_2', 'dataset_consumes_1', 'dataset_consumes_1_never_scheduled', 'consume_1_or_2_with_dataset_expressions', 'dataset_produces_1', 'consume_1_and_2_with_dataset_expressions', 'dataset_consumes_1_and_2' retrieved from /usr/local/python/3.12.1/lib/python3.12/site-packages/airflow/example_dags/example_datasets.py
[2026-05-20T14:53:31.007+0000] {logging_mixin.py:190} INFO - [2026-05-20T14:53:31.007+0000] {dag.py:3239} INFO - Sync 10 DAGs
[2026-05-20T14:53:31.027+0000] {logging_mixin.py:190} INFO - [2026-05-20T14:53:31.027+0000] {dag.py:4180} INFO - Setting next_dagrun for conditional_dataset_and_time_based_timetable to 2026-05-20 01:00:00+00:00, run_after=2026-05-20 01:00:00+00:00
[2026-05-20T14:53:31.030+0000] {logging_mixin.py:190} INFO - [2026-05-20T14:53:31.030+0000] {dag.py:4180} INFO - Setting next_dagrun for consume_1_and_2_with_dataset_expressions to None, run_after=None
[2026-05-20T14:53:31.031+0000] {logging_mixin.py:190} INFO - [2026-05-20T14:53:31.031+0000] {dag.py:4180} INFO - Setting next_dagrun for consume_1_or_2_with_dataset_expressions to None, run_after=None
[2026-05-20T14:53:31.032+0000] {logging_mixin.py:190} INFO - [2026-05-20T14:53:31.032+0000] {dag.py:4180} INFO - Setting next_dagrun for consume_1_or_both_2_and_3_with_dataset_expressions to None, run_after=None
[2026-05-20T14:53:31.033+0000] {logging_mixin.py:190} INFO - [2026-05-20T14:53:31.033+0000] {dag.py:4180} INFO - Setting next_dagrun for dataset_consumes_1 to None, run_after=None
[2026-05-20T14:53:31.034+0000] {logging_mixin.py:190} INFO - [2026-05-20T14:53:31.034+0000] {dag.py:4180} INFO - Setting next_dagrun for dataset_consumes_1_and_2 to None, run_after=None
[2026-05-20T14:53:31.035+0000] {logging_mixin.py:190} INFO - [2026-05-20T14:53:31.035+0000] {dag.py:4180} INFO - Setting next_dagrun for dataset_consumes_1_never_scheduled to None, run_after=None
[2026-05-20T14:53:31.035+0000] {logging_mixin.py:190} INFO - [2026-05-20T14:53:31.035+0000] {dag.py:4180} INFO - Setting next_dagrun for dataset_consumes_unknown_never_scheduled to None, run_after=None
[2026-05-20T14:53:31.037+0000] {logging_mixin.py:190} INFO - [2026-05-20T14:53:31.037+0000] {dag.py:4180} INFO - Setting next_dagrun for dataset_produces_1 to 2026-05-19 00:00:00+00:00, run_after=2026-05-20 00:00:00+00:00
[2026-05-20T14:53:31.038+0000] {logging_mixin.py:190} INFO - [2026-05-20T14:53:31.038+0000] {dag.py:4180} INFO - Setting next_dagrun for dataset_produces_2 to None, run_after=None
[2026-05-20T14:53:31.066+0000] {processor.py:208} INFO - Processing /usr/local/python/3.12.1/lib/python3.12/site-packages/airflow/example_dags/example_datasets.py took 0.105 seconds
