[2026-05-20T14:37:28.275+0000] {processor.py:186} INFO - Started process (PID=38020) to work on /usr/local/python/3.12.1/lib/python3.12/site-packages/airflow/example_dags/example_sensor_decorator.py
[2026-05-20T14:37:28.276+0000] {processor.py:914} INFO - Processing file /usr/local/python/3.12.1/lib/python3.12/site-packages/airflow/example_dags/example_sensor_decorator.py for tasks to queue
[2026-05-20T14:37:28.277+0000] {logging_mixin.py:190} INFO - [2026-05-20T14:37:28.277+0000] {dagbag.py:588} INFO - Filling up the DagBag from /usr/local/python/3.12.1/lib/python3.12/site-packages/airflow/example_dags/example_sensor_decorator.py
[2026-05-20T14:37:28.285+0000] {processor.py:925} INFO - DAG(s) 'example_sensor_decorator' retrieved from /usr/local/python/3.12.1/lib/python3.12/site-packages/airflow/example_dags/example_sensor_decorator.py
[2026-05-20T14:37:28.300+0000] {logging_mixin.py:190} INFO - [2026-05-20T14:37:28.300+0000] {dag.py:3239} INFO - Sync 1 DAGs
[2026-05-20T14:37:28.310+0000] {logging_mixin.py:190} INFO - [2026-05-20T14:37:28.310+0000] {dag.py:4180} INFO - Setting next_dagrun for example_sensor_decorator to None, run_after=None
[2026-05-20T14:37:28.328+0000] {processor.py:208} INFO - Processing /usr/local/python/3.12.1/lib/python3.12/site-packages/airflow/example_dags/example_sensor_decorator.py took 0.057 seconds
[2026-05-20T14:38:23.392+0000] {processor.py:186} INFO - Started process (PID=38642) to work on /usr/local/python/3.12.1/lib/python3.12/site-packages/airflow/example_dags/example_sensor_decorator.py
[2026-05-20T14:38:23.393+0000] {processor.py:914} INFO - Processing file /usr/local/python/3.12.1/lib/python3.12/site-packages/airflow/example_dags/example_sensor_decorator.py for tasks to queue
[2026-05-20T14:38:23.395+0000] {logging_mixin.py:190} INFO - [2026-05-20T14:38:23.394+0000] {dagbag.py:588} INFO - Filling up the DagBag from /usr/local/python/3.12.1/lib/python3.12/site-packages/airflow/example_dags/example_sensor_decorator.py
[2026-05-20T14:38:23.402+0000] {processor.py:925} INFO - DAG(s) 'example_sensor_decorator' retrieved from /usr/local/python/3.12.1/lib/python3.12/site-packages/airflow/example_dags/example_sensor_decorator.py
[2026-05-20T14:38:23.414+0000] {logging_mixin.py:190} INFO - [2026-05-20T14:38:23.414+0000] {dag.py:3239} INFO - Sync 1 DAGs
[2026-05-20T14:38:23.424+0000] {logging_mixin.py:190} INFO - [2026-05-20T14:38:23.424+0000] {dag.py:4180} INFO - Setting next_dagrun for example_sensor_decorator to None, run_after=None
[2026-05-20T14:38:23.448+0000] {processor.py:208} INFO - Processing /usr/local/python/3.12.1/lib/python3.12/site-packages/airflow/example_dags/example_sensor_decorator.py took 0.061 seconds
[2026-05-20T14:39:18.030+0000] {processor.py:186} INFO - Started process (PID=39367) to work on /usr/local/python/3.12.1/lib/python3.12/site-packages/airflow/example_dags/example_sensor_decorator.py
[2026-05-20T14:39:18.031+0000] {processor.py:914} INFO - Processing file /usr/local/python/3.12.1/lib/python3.12/site-packages/airflow/example_dags/example_sensor_decorator.py for tasks to queue
[2026-05-20T14:39:18.033+0000] {logging_mixin.py:190} INFO - [2026-05-20T14:39:18.033+0000] {dagbag.py:588} INFO - Filling up the DagBag from /usr/local/python/3.12.1/lib/python3.12/site-packages/airflow/example_dags/example_sensor_decorator.py
[2026-05-20T14:39:18.042+0000] {processor.py:925} INFO - DAG(s) 'example_sensor_decorator' retrieved from /usr/local/python/3.12.1/lib/python3.12/site-packages/airflow/example_dags/example_sensor_decorator.py
[2026-05-20T14:39:18.057+0000] {logging_mixin.py:190} INFO - [2026-05-20T14:39:18.056+0000] {dag.py:3239} INFO - Sync 1 DAGs
[2026-05-20T14:39:18.067+0000] {logging_mixin.py:190} INFO - [2026-05-20T14:39:18.067+0000] {dag.py:4180} INFO - Setting next_dagrun for example_sensor_decorator to None, run_after=None
[2026-05-20T14:39:18.087+0000] {processor.py:208} INFO - Processing /usr/local/python/3.12.1/lib/python3.12/site-packages/airflow/example_dags/example_sensor_decorator.py took 0.062 seconds
[2026-05-20T14:40:10.688+0000] {processor.py:186} INFO - Started process (PID=39835) to work on /usr/local/python/3.12.1/lib/python3.12/site-packages/airflow/example_dags/example_sensor_decorator.py
[2026-05-20T14:40:10.692+0000] {processor.py:914} INFO - Processing file /usr/local/python/3.12.1/lib/python3.12/site-packages/airflow/example_dags/example_sensor_decorator.py for tasks to queue
[2026-05-20T14:40:10.695+0000] {logging_mixin.py:190} INFO - [2026-05-20T14:40:10.695+0000] {dagbag.py:588} INFO - Filling up the DagBag from /usr/local/python/3.12.1/lib/python3.12/site-packages/airflow/example_dags/example_sensor_decorator.py
[2026-05-20T14:40:10.710+0000] {processor.py:925} INFO - DAG(s) 'example_sensor_decorator' retrieved from /usr/local/python/3.12.1/lib/python3.12/site-packages/airflow/example_dags/example_sensor_decorator.py
[2026-05-20T14:40:10.724+0000] {logging_mixin.py:190} INFO - [2026-05-20T14:40:10.723+0000] {dag.py:3239} INFO - Sync 1 DAGs
[2026-05-20T14:40:10.737+0000] {logging_mixin.py:190} INFO - [2026-05-20T14:40:10.737+0000] {dag.py:4180} INFO - Setting next_dagrun for example_sensor_decorator to None, run_after=None
[2026-05-20T14:40:10.757+0000] {processor.py:208} INFO - Processing /usr/local/python/3.12.1/lib/python3.12/site-packages/airflow/example_dags/example_sensor_decorator.py took 0.076 seconds
[2026-05-20T14:41:04.204+0000] {processor.py:186} INFO - Started process (PID=40979) to work on /usr/local/python/3.12.1/lib/python3.12/site-packages/airflow/example_dags/example_sensor_decorator.py
[2026-05-20T14:41:04.205+0000] {processor.py:914} INFO - Processing file /usr/local/python/3.12.1/lib/python3.12/site-packages/airflow/example_dags/example_sensor_decorator.py for tasks to queue
[2026-05-20T14:41:04.206+0000] {logging_mixin.py:190} INFO - [2026-05-20T14:41:04.206+0000] {dagbag.py:588} INFO - Filling up the DagBag from /usr/local/python/3.12.1/lib/python3.12/site-packages/airflow/example_dags/example_sensor_decorator.py
[2026-05-20T14:41:04.213+0000] {processor.py:925} INFO - DAG(s) 'example_sensor_decorator' retrieved from /usr/local/python/3.12.1/lib/python3.12/site-packages/airflow/example_dags/example_sensor_decorator.py
[2026-05-20T14:41:04.228+0000] {logging_mixin.py:190} INFO - [2026-05-20T14:41:04.228+0000] {dag.py:3239} INFO - Sync 1 DAGs
[2026-05-20T14:41:04.242+0000] {logging_mixin.py:190} INFO - [2026-05-20T14:41:04.242+0000] {dag.py:4180} INFO - Setting next_dagrun for example_sensor_decorator to None, run_after=None
[2026-05-20T14:41:04.262+0000] {processor.py:208} INFO - Processing /usr/local/python/3.12.1/lib/python3.12/site-packages/airflow/example_dags/example_sensor_decorator.py took 0.063 seconds
[2026-05-20T14:41:59.249+0000] {processor.py:186} INFO - Started process (PID=41690) to work on /usr/local/python/3.12.1/lib/python3.12/site-packages/airflow/example_dags/example_sensor_decorator.py
[2026-05-20T14:41:59.250+0000] {processor.py:914} INFO - Processing file /usr/local/python/3.12.1/lib/python3.12/site-packages/airflow/example_dags/example_sensor_decorator.py for tasks to queue
[2026-05-20T14:41:59.252+0000] {logging_mixin.py:190} INFO - [2026-05-20T14:41:59.251+0000] {dagbag.py:588} INFO - Filling up the DagBag from /usr/local/python/3.12.1/lib/python3.12/site-packages/airflow/example_dags/example_sensor_decorator.py
[2026-05-20T14:41:59.259+0000] {processor.py:925} INFO - DAG(s) 'example_sensor_decorator' retrieved from /usr/local/python/3.12.1/lib/python3.12/site-packages/airflow/example_dags/example_sensor_decorator.py
[2026-05-20T14:41:59.271+0000] {logging_mixin.py:190} INFO - [2026-05-20T14:41:59.271+0000] {dag.py:3239} INFO - Sync 1 DAGs
[2026-05-20T14:41:59.281+0000] {logging_mixin.py:190} INFO - [2026-05-20T14:41:59.281+0000] {dag.py:4180} INFO - Setting next_dagrun for example_sensor_decorator to None, run_after=None
[2026-05-20T14:41:59.302+0000] {processor.py:208} INFO - Processing /usr/local/python/3.12.1/lib/python3.12/site-packages/airflow/example_dags/example_sensor_decorator.py took 0.057 seconds
[2026-05-20T14:42:52.602+0000] {processor.py:186} INFO - Started process (PID=42233) to work on /usr/local/python/3.12.1/lib/python3.12/site-packages/airflow/example_dags/example_sensor_decorator.py
[2026-05-20T14:42:52.603+0000] {processor.py:914} INFO - Processing file /usr/local/python/3.12.1/lib/python3.12/site-packages/airflow/example_dags/example_sensor_decorator.py for tasks to queue
[2026-05-20T14:42:52.605+0000] {logging_mixin.py:190} INFO - [2026-05-20T14:42:52.605+0000] {dagbag.py:588} INFO - Filling up the DagBag from /usr/local/python/3.12.1/lib/python3.12/site-packages/airflow/example_dags/example_sensor_decorator.py
[2026-05-20T14:42:52.613+0000] {processor.py:925} INFO - DAG(s) 'example_sensor_decorator' retrieved from /usr/local/python/3.12.1/lib/python3.12/site-packages/airflow/example_dags/example_sensor_decorator.py
[2026-05-20T14:42:52.628+0000] {logging_mixin.py:190} INFO - [2026-05-20T14:42:52.628+0000] {dag.py:3239} INFO - Sync 1 DAGs
[2026-05-20T14:42:52.642+0000] {logging_mixin.py:190} INFO - [2026-05-20T14:42:52.642+0000] {dag.py:4180} INFO - Setting next_dagrun for example_sensor_decorator to None, run_after=None
[2026-05-20T14:42:52.663+0000] {processor.py:208} INFO - Processing /usr/local/python/3.12.1/lib/python3.12/site-packages/airflow/example_dags/example_sensor_decorator.py took 0.066 seconds
[2026-05-20T14:43:43.519+0000] {processor.py:186} INFO - Started process (PID=42939) to work on /usr/local/python/3.12.1/lib/python3.12/site-packages/airflow/example_dags/example_sensor_decorator.py
[2026-05-20T14:43:43.520+0000] {processor.py:914} INFO - Processing file /usr/local/python/3.12.1/lib/python3.12/site-packages/airflow/example_dags/example_sensor_decorator.py for tasks to queue
[2026-05-20T14:43:43.521+0000] {logging_mixin.py:190} INFO - [2026-05-20T14:43:43.521+0000] {dagbag.py:588} INFO - Filling up the DagBag from /usr/local/python/3.12.1/lib/python3.12/site-packages/airflow/example_dags/example_sensor_decorator.py
[2026-05-20T14:43:43.529+0000] {processor.py:925} INFO - DAG(s) 'example_sensor_decorator' retrieved from /usr/local/python/3.12.1/lib/python3.12/site-packages/airflow/example_dags/example_sensor_decorator.py
[2026-05-20T14:43:43.545+0000] {logging_mixin.py:190} INFO - [2026-05-20T14:43:43.545+0000] {dag.py:3239} INFO - Sync 1 DAGs
[2026-05-20T14:43:43.555+0000] {logging_mixin.py:190} INFO - [2026-05-20T14:43:43.555+0000] {dag.py:4180} INFO - Setting next_dagrun for example_sensor_decorator to None, run_after=None
[2026-05-20T14:43:43.574+0000] {processor.py:208} INFO - Processing /usr/local/python/3.12.1/lib/python3.12/site-packages/airflow/example_dags/example_sensor_decorator.py took 0.060 seconds
[2026-05-20T14:44:38.690+0000] {processor.py:186} INFO - Started process (PID=43497) to work on /usr/local/python/3.12.1/lib/python3.12/site-packages/airflow/example_dags/example_sensor_decorator.py
[2026-05-20T14:44:38.691+0000] {processor.py:914} INFO - Processing file /usr/local/python/3.12.1/lib/python3.12/site-packages/airflow/example_dags/example_sensor_decorator.py for tasks to queue
[2026-05-20T14:44:38.692+0000] {logging_mixin.py:190} INFO - [2026-05-20T14:44:38.692+0000] {dagbag.py:588} INFO - Filling up the DagBag from /usr/local/python/3.12.1/lib/python3.12/site-packages/airflow/example_dags/example_sensor_decorator.py
[2026-05-20T14:44:38.700+0000] {processor.py:925} INFO - DAG(s) 'example_sensor_decorator' retrieved from /usr/local/python/3.12.1/lib/python3.12/site-packages/airflow/example_dags/example_sensor_decorator.py
[2026-05-20T14:44:38.713+0000] {logging_mixin.py:190} INFO - [2026-05-20T14:44:38.713+0000] {dag.py:3239} INFO - Sync 1 DAGs
[2026-05-20T14:44:38.723+0000] {logging_mixin.py:190} INFO - [2026-05-20T14:44:38.723+0000] {dag.py:4180} INFO - Setting next_dagrun for example_sensor_decorator to None, run_after=None
[2026-05-20T14:44:38.746+0000] {processor.py:208} INFO - Processing /usr/local/python/3.12.1/lib/python3.12/site-packages/airflow/example_dags/example_sensor_decorator.py took 0.060 seconds
[2026-05-20T14:45:39.164+0000] {processor.py:186} INFO - Started process (PID=44646) to work on /usr/local/python/3.12.1/lib/python3.12/site-packages/airflow/example_dags/example_sensor_decorator.py
[2026-05-20T14:45:39.173+0000] {processor.py:914} INFO - Processing file /usr/local/python/3.12.1/lib/python3.12/site-packages/airflow/example_dags/example_sensor_decorator.py for tasks to queue
[2026-05-20T14:45:39.187+0000] {logging_mixin.py:190} INFO - [2026-05-20T14:45:39.185+0000] {dagbag.py:588} INFO - Filling up the DagBag from /usr/local/python/3.12.1/lib/python3.12/site-packages/airflow/example_dags/example_sensor_decorator.py
[2026-05-20T14:45:39.216+0000] {processor.py:925} INFO - DAG(s) 'example_sensor_decorator' retrieved from /usr/local/python/3.12.1/lib/python3.12/site-packages/airflow/example_dags/example_sensor_decorator.py
[2026-05-20T14:45:39.246+0000] {logging_mixin.py:190} INFO - [2026-05-20T14:45:39.246+0000] {dag.py:3239} INFO - Sync 1 DAGs
[2026-05-20T14:45:39.284+0000] {logging_mixin.py:190} INFO - [2026-05-20T14:45:39.284+0000] {dag.py:4180} INFO - Setting next_dagrun for example_sensor_decorator to None, run_after=None
[2026-05-20T14:45:39.331+0000] {processor.py:208} INFO - Processing /usr/local/python/3.12.1/lib/python3.12/site-packages/airflow/example_dags/example_sensor_decorator.py took 0.183 seconds
[2026-05-20T14:46:41.494+0000] {processor.py:186} INFO - Started process (PID=45952) to work on /usr/local/python/3.12.1/lib/python3.12/site-packages/airflow/example_dags/example_sensor_decorator.py
[2026-05-20T14:46:41.495+0000] {processor.py:914} INFO - Processing file /usr/local/python/3.12.1/lib/python3.12/site-packages/airflow/example_dags/example_sensor_decorator.py for tasks to queue
[2026-05-20T14:46:41.497+0000] {logging_mixin.py:190} INFO - [2026-05-20T14:46:41.496+0000] {dagbag.py:588} INFO - Filling up the DagBag from /usr/local/python/3.12.1/lib/python3.12/site-packages/airflow/example_dags/example_sensor_decorator.py
[2026-05-20T14:46:41.504+0000] {processor.py:925} INFO - DAG(s) 'example_sensor_decorator' retrieved from /usr/local/python/3.12.1/lib/python3.12/site-packages/airflow/example_dags/example_sensor_decorator.py
[2026-05-20T14:46:41.522+0000] {logging_mixin.py:190} INFO - [2026-05-20T14:46:41.522+0000] {dag.py:3239} INFO - Sync 1 DAGs
[2026-05-20T14:46:41.537+0000] {logging_mixin.py:190} INFO - [2026-05-20T14:46:41.537+0000] {dag.py:4180} INFO - Setting next_dagrun for example_sensor_decorator to None, run_after=None
[2026-05-20T14:46:41.573+0000] {processor.py:208} INFO - Processing /usr/local/python/3.12.1/lib/python3.12/site-packages/airflow/example_dags/example_sensor_decorator.py took 0.086 seconds
[2026-05-20T14:52:16.919+0000] {processor.py:186} INFO - Started process (PID=50007) to work on /usr/local/python/3.12.1/lib/python3.12/site-packages/airflow/example_dags/example_sensor_decorator.py
[2026-05-20T14:52:16.921+0000] {processor.py:914} INFO - Processing file /usr/local/python/3.12.1/lib/python3.12/site-packages/airflow/example_dags/example_sensor_decorator.py for tasks to queue
[2026-05-20T14:52:16.922+0000] {logging_mixin.py:190} INFO - [2026-05-20T14:52:16.922+0000] {dagbag.py:588} INFO - Filling up the DagBag from /usr/local/python/3.12.1/lib/python3.12/site-packages/airflow/example_dags/example_sensor_decorator.py
[2026-05-20T14:52:16.930+0000] {processor.py:925} INFO - DAG(s) 'example_sensor_decorator' retrieved from /usr/local/python/3.12.1/lib/python3.12/site-packages/airflow/example_dags/example_sensor_decorator.py
[2026-05-20T14:52:17.025+0000] {logging_mixin.py:190} INFO - [2026-05-20T14:52:17.024+0000] {dag.py:3239} INFO - Sync 1 DAGs
[2026-05-20T14:52:17.034+0000] {logging_mixin.py:190} INFO - [2026-05-20T14:52:17.034+0000] {dag.py:4180} INFO - Setting next_dagrun for example_sensor_decorator to None, run_after=None
[2026-05-20T14:52:17.056+0000] {processor.py:208} INFO - Processing /usr/local/python/3.12.1/lib/python3.12/site-packages/airflow/example_dags/example_sensor_decorator.py took 0.141 seconds
[2026-05-20T14:53:16.209+0000] {processor.py:186} INFO - Started process (PID=50968) to work on /usr/local/python/3.12.1/lib/python3.12/site-packages/airflow/example_dags/example_sensor_decorator.py
[2026-05-20T14:53:16.210+0000] {processor.py:914} INFO - Processing file /usr/local/python/3.12.1/lib/python3.12/site-packages/airflow/example_dags/example_sensor_decorator.py for tasks to queue
[2026-05-20T14:53:16.212+0000] {logging_mixin.py:190} INFO - [2026-05-20T14:53:16.212+0000] {dagbag.py:588} INFO - Filling up the DagBag from /usr/local/python/3.12.1/lib/python3.12/site-packages/airflow/example_dags/example_sensor_decorator.py
[2026-05-20T14:53:16.220+0000] {processor.py:925} INFO - DAG(s) 'example_sensor_decorator' retrieved from /usr/local/python/3.12.1/lib/python3.12/site-packages/airflow/example_dags/example_sensor_decorator.py
[2026-05-20T14:53:16.236+0000] {logging_mixin.py:190} INFO - [2026-05-20T14:53:16.235+0000] {dag.py:3239} INFO - Sync 1 DAGs
[2026-05-20T14:53:16.248+0000] {logging_mixin.py:190} INFO - [2026-05-20T14:53:16.248+0000] {dag.py:4180} INFO - Setting next_dagrun for example_sensor_decorator to None, run_after=None
[2026-05-20T14:53:16.267+0000] {processor.py:208} INFO - Processing /usr/local/python/3.12.1/lib/python3.12/site-packages/airflow/example_dags/example_sensor_decorator.py took 0.063 seconds
[2026-05-20T14:54:11.508+0000] {processor.py:186} INFO - Started process (PID=51911) to work on /usr/local/python/3.12.1/lib/python3.12/site-packages/airflow/example_dags/example_sensor_decorator.py
[2026-05-20T14:54:11.508+0000] {processor.py:914} INFO - Processing file /usr/local/python/3.12.1/lib/python3.12/site-packages/airflow/example_dags/example_sensor_decorator.py for tasks to queue
[2026-05-20T14:54:11.510+0000] {logging_mixin.py:190} INFO - [2026-05-20T14:54:11.510+0000] {dagbag.py:588} INFO - Filling up the DagBag from /usr/local/python/3.12.1/lib/python3.12/site-packages/airflow/example_dags/example_sensor_decorator.py
[2026-05-20T14:54:11.517+0000] {processor.py:925} INFO - DAG(s) 'example_sensor_decorator' retrieved from /usr/local/python/3.12.1/lib/python3.12/site-packages/airflow/example_dags/example_sensor_decorator.py
[2026-05-20T14:54:11.532+0000] {logging_mixin.py:190} INFO - [2026-05-20T14:54:11.531+0000] {dag.py:3239} INFO - Sync 1 DAGs
[2026-05-20T14:54:11.543+0000] {logging_mixin.py:190} INFO - [2026-05-20T14:54:11.543+0000] {dag.py:4180} INFO - Setting next_dagrun for example_sensor_decorator to None, run_after=None
[2026-05-20T14:54:11.561+0000] {processor.py:208} INFO - Processing /usr/local/python/3.12.1/lib/python3.12/site-packages/airflow/example_dags/example_sensor_decorator.py took 0.058 seconds
