[2026-05-20T14:37:20.929+0000] {processor.py:186} INFO - Started process (PID=37857) to work on /usr/local/python/3.12.1/lib/python3.12/site-packages/airflow/example_dags/example_task_group.py
[2026-05-20T14:37:20.930+0000] {processor.py:914} INFO - Processing file /usr/local/python/3.12.1/lib/python3.12/site-packages/airflow/example_dags/example_task_group.py for tasks to queue
[2026-05-20T14:37:20.937+0000] {logging_mixin.py:190} INFO - [2026-05-20T14:37:20.937+0000] {dagbag.py:588} INFO - Filling up the DagBag from /usr/local/python/3.12.1/lib/python3.12/site-packages/airflow/example_dags/example_task_group.py
[2026-05-20T14:37:20.967+0000] {processor.py:925} INFO - DAG(s) 'example_task_group' retrieved from /usr/local/python/3.12.1/lib/python3.12/site-packages/airflow/example_dags/example_task_group.py
[2026-05-20T14:37:21.027+0000] {logging_mixin.py:190} INFO - [2026-05-20T14:37:21.026+0000] {dag.py:3239} INFO - Sync 1 DAGs
[2026-05-20T14:37:21.055+0000] {logging_mixin.py:190} INFO - [2026-05-20T14:37:21.054+0000] {dag.py:4180} INFO - Setting next_dagrun for example_task_group to None, run_after=None
[2026-05-20T14:37:21.114+0000] {processor.py:208} INFO - Processing /usr/local/python/3.12.1/lib/python3.12/site-packages/airflow/example_dags/example_task_group.py took 0.210 seconds
[2026-05-20T14:38:18.105+0000] {processor.py:186} INFO - Started process (PID=38597) to work on /usr/local/python/3.12.1/lib/python3.12/site-packages/airflow/example_dags/example_task_group.py
[2026-05-20T14:38:18.105+0000] {processor.py:914} INFO - Processing file /usr/local/python/3.12.1/lib/python3.12/site-packages/airflow/example_dags/example_task_group.py for tasks to queue
[2026-05-20T14:38:18.107+0000] {logging_mixin.py:190} INFO - [2026-05-20T14:38:18.107+0000] {dagbag.py:588} INFO - Filling up the DagBag from /usr/local/python/3.12.1/lib/python3.12/site-packages/airflow/example_dags/example_task_group.py
[2026-05-20T14:38:18.114+0000] {processor.py:925} INFO - DAG(s) 'example_task_group' retrieved from /usr/local/python/3.12.1/lib/python3.12/site-packages/airflow/example_dags/example_task_group.py
[2026-05-20T14:38:18.130+0000] {logging_mixin.py:190} INFO - [2026-05-20T14:38:18.129+0000] {dag.py:3239} INFO - Sync 1 DAGs
[2026-05-20T14:38:18.145+0000] {logging_mixin.py:190} INFO - [2026-05-20T14:38:18.144+0000] {dag.py:4180} INFO - Setting next_dagrun for example_task_group to None, run_after=None
[2026-05-20T14:38:18.163+0000] {processor.py:208} INFO - Processing /usr/local/python/3.12.1/lib/python3.12/site-packages/airflow/example_dags/example_task_group.py took 0.063 seconds
[2026-05-20T14:39:08.193+0000] {processor.py:186} INFO - Started process (PID=39292) to work on /usr/local/python/3.12.1/lib/python3.12/site-packages/airflow/example_dags/example_task_group.py
[2026-05-20T14:39:08.194+0000] {processor.py:914} INFO - Processing file /usr/local/python/3.12.1/lib/python3.12/site-packages/airflow/example_dags/example_task_group.py for tasks to queue
[2026-05-20T14:39:08.196+0000] {logging_mixin.py:190} INFO - [2026-05-20T14:39:08.196+0000] {dagbag.py:588} INFO - Filling up the DagBag from /usr/local/python/3.12.1/lib/python3.12/site-packages/airflow/example_dags/example_task_group.py
[2026-05-20T14:39:08.204+0000] {processor.py:925} INFO - DAG(s) 'example_task_group' retrieved from /usr/local/python/3.12.1/lib/python3.12/site-packages/airflow/example_dags/example_task_group.py
[2026-05-20T14:39:08.218+0000] {logging_mixin.py:190} INFO - [2026-05-20T14:39:08.218+0000] {dag.py:3239} INFO - Sync 1 DAGs
[2026-05-20T14:39:08.229+0000] {logging_mixin.py:190} INFO - [2026-05-20T14:39:08.229+0000] {dag.py:4180} INFO - Setting next_dagrun for example_task_group to None, run_after=None
[2026-05-20T14:39:08.251+0000] {processor.py:208} INFO - Processing /usr/local/python/3.12.1/lib/python3.12/site-packages/airflow/example_dags/example_task_group.py took 0.063 seconds
[2026-05-20T14:39:59.650+0000] {processor.py:186} INFO - Started process (PID=39690) to work on /usr/local/python/3.12.1/lib/python3.12/site-packages/airflow/example_dags/example_task_group.py
[2026-05-20T14:39:59.651+0000] {processor.py:914} INFO - Processing file /usr/local/python/3.12.1/lib/python3.12/site-packages/airflow/example_dags/example_task_group.py for tasks to queue
[2026-05-20T14:39:59.652+0000] {logging_mixin.py:190} INFO - [2026-05-20T14:39:59.652+0000] {dagbag.py:588} INFO - Filling up the DagBag from /usr/local/python/3.12.1/lib/python3.12/site-packages/airflow/example_dags/example_task_group.py
[2026-05-20T14:39:59.660+0000] {processor.py:925} INFO - DAG(s) 'example_task_group' retrieved from /usr/local/python/3.12.1/lib/python3.12/site-packages/airflow/example_dags/example_task_group.py
[2026-05-20T14:39:59.675+0000] {logging_mixin.py:190} INFO - [2026-05-20T14:39:59.675+0000] {dag.py:3239} INFO - Sync 1 DAGs
[2026-05-20T14:39:59.686+0000] {logging_mixin.py:190} INFO - [2026-05-20T14:39:59.686+0000] {dag.py:4180} INFO - Setting next_dagrun for example_task_group to None, run_after=None
[2026-05-20T14:39:59.704+0000] {processor.py:208} INFO - Processing /usr/local/python/3.12.1/lib/python3.12/site-packages/airflow/example_dags/example_task_group.py took 0.059 seconds
[2026-05-20T14:40:51.744+0000] {processor.py:186} INFO - Started process (PID=40280) to work on /usr/local/python/3.12.1/lib/python3.12/site-packages/airflow/example_dags/example_task_group.py
[2026-05-20T14:40:51.745+0000] {processor.py:914} INFO - Processing file /usr/local/python/3.12.1/lib/python3.12/site-packages/airflow/example_dags/example_task_group.py for tasks to queue
[2026-05-20T14:40:51.747+0000] {logging_mixin.py:190} INFO - [2026-05-20T14:40:51.747+0000] {dagbag.py:588} INFO - Filling up the DagBag from /usr/local/python/3.12.1/lib/python3.12/site-packages/airflow/example_dags/example_task_group.py
[2026-05-20T14:40:51.755+0000] {processor.py:925} INFO - DAG(s) 'example_task_group' retrieved from /usr/local/python/3.12.1/lib/python3.12/site-packages/airflow/example_dags/example_task_group.py
[2026-05-20T14:40:51.770+0000] {logging_mixin.py:190} INFO - [2026-05-20T14:40:51.770+0000] {dag.py:3239} INFO - Sync 1 DAGs
[2026-05-20T14:40:51.783+0000] {logging_mixin.py:190} INFO - [2026-05-20T14:40:51.783+0000] {dag.py:4180} INFO - Setting next_dagrun for example_task_group to None, run_after=None
[2026-05-20T14:40:51.807+0000] {processor.py:208} INFO - Processing /usr/local/python/3.12.1/lib/python3.12/site-packages/airflow/example_dags/example_task_group.py took 0.069 seconds
[2026-05-20T14:41:46.957+0000] {processor.py:186} INFO - Started process (PID=41599) to work on /usr/local/python/3.12.1/lib/python3.12/site-packages/airflow/example_dags/example_task_group.py
[2026-05-20T14:41:46.957+0000] {processor.py:914} INFO - Processing file /usr/local/python/3.12.1/lib/python3.12/site-packages/airflow/example_dags/example_task_group.py for tasks to queue
[2026-05-20T14:41:46.959+0000] {logging_mixin.py:190} INFO - [2026-05-20T14:41:46.959+0000] {dagbag.py:588} INFO - Filling up the DagBag from /usr/local/python/3.12.1/lib/python3.12/site-packages/airflow/example_dags/example_task_group.py
[2026-05-20T14:41:46.966+0000] {processor.py:925} INFO - DAG(s) 'example_task_group' retrieved from /usr/local/python/3.12.1/lib/python3.12/site-packages/airflow/example_dags/example_task_group.py
[2026-05-20T14:41:46.981+0000] {logging_mixin.py:190} INFO - [2026-05-20T14:41:46.981+0000] {dag.py:3239} INFO - Sync 1 DAGs
[2026-05-20T14:41:46.992+0000] {logging_mixin.py:190} INFO - [2026-05-20T14:41:46.991+0000] {dag.py:4180} INFO - Setting next_dagrun for example_task_group to None, run_after=None
[2026-05-20T14:41:47.010+0000] {processor.py:208} INFO - Processing /usr/local/python/3.12.1/lib/python3.12/site-packages/airflow/example_dags/example_task_group.py took 0.059 seconds
[2026-05-20T14:42:40.744+0000] {processor.py:186} INFO - Started process (PID=42144) to work on /usr/local/python/3.12.1/lib/python3.12/site-packages/airflow/example_dags/example_task_group.py
[2026-05-20T14:42:40.746+0000] {processor.py:914} INFO - Processing file /usr/local/python/3.12.1/lib/python3.12/site-packages/airflow/example_dags/example_task_group.py for tasks to queue
[2026-05-20T14:42:40.749+0000] {logging_mixin.py:190} INFO - [2026-05-20T14:42:40.749+0000] {dagbag.py:588} INFO - Filling up the DagBag from /usr/local/python/3.12.1/lib/python3.12/site-packages/airflow/example_dags/example_task_group.py
[2026-05-20T14:42:40.767+0000] {processor.py:925} INFO - DAG(s) 'example_task_group' retrieved from /usr/local/python/3.12.1/lib/python3.12/site-packages/airflow/example_dags/example_task_group.py
[2026-05-20T14:42:40.791+0000] {logging_mixin.py:190} INFO - [2026-05-20T14:42:40.791+0000] {dag.py:3239} INFO - Sync 1 DAGs
[2026-05-20T14:42:40.811+0000] {logging_mixin.py:190} INFO - [2026-05-20T14:42:40.811+0000] {dag.py:4180} INFO - Setting next_dagrun for example_task_group to None, run_after=None
[2026-05-20T14:42:40.834+0000] {processor.py:208} INFO - Processing /usr/local/python/3.12.1/lib/python3.12/site-packages/airflow/example_dags/example_task_group.py took 0.096 seconds
[2026-05-20T14:43:33.488+0000] {processor.py:186} INFO - Started process (PID=42762) to work on /usr/local/python/3.12.1/lib/python3.12/site-packages/airflow/example_dags/example_task_group.py
[2026-05-20T14:43:33.490+0000] {processor.py:914} INFO - Processing file /usr/local/python/3.12.1/lib/python3.12/site-packages/airflow/example_dags/example_task_group.py for tasks to queue
[2026-05-20T14:43:33.493+0000] {logging_mixin.py:190} INFO - [2026-05-20T14:43:33.493+0000] {dagbag.py:588} INFO - Filling up the DagBag from /usr/local/python/3.12.1/lib/python3.12/site-packages/airflow/example_dags/example_task_group.py
[2026-05-20T14:43:33.502+0000] {processor.py:925} INFO - DAG(s) 'example_task_group' retrieved from /usr/local/python/3.12.1/lib/python3.12/site-packages/airflow/example_dags/example_task_group.py
[2026-05-20T14:43:33.521+0000] {logging_mixin.py:190} INFO - [2026-05-20T14:43:33.521+0000] {dag.py:3239} INFO - Sync 1 DAGs
[2026-05-20T14:43:33.538+0000] {logging_mixin.py:190} INFO - [2026-05-20T14:43:33.537+0000] {dag.py:4180} INFO - Setting next_dagrun for example_task_group to None, run_after=None
[2026-05-20T14:43:33.563+0000] {processor.py:208} INFO - Processing /usr/local/python/3.12.1/lib/python3.12/site-packages/airflow/example_dags/example_task_group.py took 0.084 seconds
[2026-05-20T14:44:26.124+0000] {processor.py:186} INFO - Started process (PID=43407) to work on /usr/local/python/3.12.1/lib/python3.12/site-packages/airflow/example_dags/example_task_group.py
[2026-05-20T14:44:26.125+0000] {processor.py:914} INFO - Processing file /usr/local/python/3.12.1/lib/python3.12/site-packages/airflow/example_dags/example_task_group.py for tasks to queue
[2026-05-20T14:44:26.127+0000] {logging_mixin.py:190} INFO - [2026-05-20T14:44:26.127+0000] {dagbag.py:588} INFO - Filling up the DagBag from /usr/local/python/3.12.1/lib/python3.12/site-packages/airflow/example_dags/example_task_group.py
[2026-05-20T14:44:26.136+0000] {processor.py:925} INFO - DAG(s) 'example_task_group' retrieved from /usr/local/python/3.12.1/lib/python3.12/site-packages/airflow/example_dags/example_task_group.py
[2026-05-20T14:44:26.153+0000] {logging_mixin.py:190} INFO - [2026-05-20T14:44:26.152+0000] {dag.py:3239} INFO - Sync 1 DAGs
[2026-05-20T14:44:26.162+0000] {logging_mixin.py:190} INFO - [2026-05-20T14:44:26.162+0000] {dag.py:4180} INFO - Setting next_dagrun for example_task_group to None, run_after=None
[2026-05-20T14:44:26.180+0000] {processor.py:208} INFO - Processing /usr/local/python/3.12.1/lib/python3.12/site-packages/airflow/example_dags/example_task_group.py took 0.060 seconds
[2026-05-20T14:45:20.932+0000] {processor.py:186} INFO - Started process (PID=44157) to work on /usr/local/python/3.12.1/lib/python3.12/site-packages/airflow/example_dags/example_task_group.py
[2026-05-20T14:45:20.933+0000] {processor.py:914} INFO - Processing file /usr/local/python/3.12.1/lib/python3.12/site-packages/airflow/example_dags/example_task_group.py for tasks to queue
[2026-05-20T14:45:20.936+0000] {logging_mixin.py:190} INFO - [2026-05-20T14:45:20.936+0000] {dagbag.py:588} INFO - Filling up the DagBag from /usr/local/python/3.12.1/lib/python3.12/site-packages/airflow/example_dags/example_task_group.py
[2026-05-20T14:45:20.946+0000] {processor.py:925} INFO - DAG(s) 'example_task_group' retrieved from /usr/local/python/3.12.1/lib/python3.12/site-packages/airflow/example_dags/example_task_group.py
[2026-05-20T14:45:20.966+0000] {logging_mixin.py:190} INFO - [2026-05-20T14:45:20.966+0000] {dag.py:3239} INFO - Sync 1 DAGs
[2026-05-20T14:45:21.004+0000] {logging_mixin.py:190} INFO - [2026-05-20T14:45:21.003+0000] {dag.py:4180} INFO - Setting next_dagrun for example_task_group to None, run_after=None
[2026-05-20T14:45:21.592+0000] {processor.py:208} INFO - Processing /usr/local/python/3.12.1/lib/python3.12/site-packages/airflow/example_dags/example_task_group.py took 0.668 seconds
[2026-05-20T14:46:27.176+0000] {processor.py:186} INFO - Started process (PID=45830) to work on /usr/local/python/3.12.1/lib/python3.12/site-packages/airflow/example_dags/example_task_group.py
[2026-05-20T14:46:27.178+0000] {processor.py:914} INFO - Processing file /usr/local/python/3.12.1/lib/python3.12/site-packages/airflow/example_dags/example_task_group.py for tasks to queue
[2026-05-20T14:46:27.180+0000] {logging_mixin.py:190} INFO - [2026-05-20T14:46:27.179+0000] {dagbag.py:588} INFO - Filling up the DagBag from /usr/local/python/3.12.1/lib/python3.12/site-packages/airflow/example_dags/example_task_group.py
[2026-05-20T14:46:27.187+0000] {processor.py:925} INFO - DAG(s) 'example_task_group' retrieved from /usr/local/python/3.12.1/lib/python3.12/site-packages/airflow/example_dags/example_task_group.py
[2026-05-20T14:46:27.201+0000] {logging_mixin.py:190} INFO - [2026-05-20T14:46:27.201+0000] {dag.py:3239} INFO - Sync 1 DAGs
[2026-05-20T14:46:27.212+0000] {logging_mixin.py:190} INFO - [2026-05-20T14:46:27.211+0000] {dag.py:4180} INFO - Setting next_dagrun for example_task_group to None, run_after=None
[2026-05-20T14:46:27.232+0000] {processor.py:208} INFO - Processing /usr/local/python/3.12.1/lib/python3.12/site-packages/airflow/example_dags/example_task_group.py took 0.062 seconds
[2026-05-20T14:47:26.337+0000] {processor.py:186} INFO - Started process (PID=46605) to work on /usr/local/python/3.12.1/lib/python3.12/site-packages/airflow/example_dags/example_task_group.py
[2026-05-20T14:47:26.338+0000] {processor.py:914} INFO - Processing file /usr/local/python/3.12.1/lib/python3.12/site-packages/airflow/example_dags/example_task_group.py for tasks to queue
[2026-05-20T14:47:26.340+0000] {logging_mixin.py:190} INFO - [2026-05-20T14:47:26.339+0000] {dagbag.py:588} INFO - Filling up the DagBag from /usr/local/python/3.12.1/lib/python3.12/site-packages/airflow/example_dags/example_task_group.py
[2026-05-20T14:47:26.349+0000] {processor.py:925} INFO - DAG(s) 'example_task_group' retrieved from /usr/local/python/3.12.1/lib/python3.12/site-packages/airflow/example_dags/example_task_group.py
[2026-05-20T14:47:26.365+0000] {logging_mixin.py:190} INFO - [2026-05-20T14:47:26.364+0000] {dag.py:3239} INFO - Sync 1 DAGs
[2026-05-20T14:47:26.375+0000] {logging_mixin.py:190} INFO - [2026-05-20T14:47:26.375+0000] {dag.py:4180} INFO - Setting next_dagrun for example_task_group to None, run_after=None
[2026-05-20T14:47:26.395+0000] {processor.py:208} INFO - Processing /usr/local/python/3.12.1/lib/python3.12/site-packages/airflow/example_dags/example_task_group.py took 0.066 seconds
[2026-05-20T14:52:10.300+0000] {processor.py:186} INFO - Started process (PID=49949) to work on /usr/local/python/3.12.1/lib/python3.12/site-packages/airflow/example_dags/example_task_group.py
[2026-05-20T14:52:10.303+0000] {processor.py:914} INFO - Processing file /usr/local/python/3.12.1/lib/python3.12/site-packages/airflow/example_dags/example_task_group.py for tasks to queue
[2026-05-20T14:52:10.304+0000] {logging_mixin.py:190} INFO - [2026-05-20T14:52:10.304+0000] {dagbag.py:588} INFO - Filling up the DagBag from /usr/local/python/3.12.1/lib/python3.12/site-packages/airflow/example_dags/example_task_group.py
[2026-05-20T14:52:10.312+0000] {processor.py:925} INFO - DAG(s) 'example_task_group' retrieved from /usr/local/python/3.12.1/lib/python3.12/site-packages/airflow/example_dags/example_task_group.py
[2026-05-20T14:52:10.406+0000] {logging_mixin.py:190} INFO - [2026-05-20T14:52:10.406+0000] {dag.py:3239} INFO - Sync 1 DAGs
[2026-05-20T14:52:10.414+0000] {logging_mixin.py:190} INFO - [2026-05-20T14:52:10.414+0000] {dag.py:4180} INFO - Setting next_dagrun for example_task_group to None, run_after=None
[2026-05-20T14:52:10.433+0000] {processor.py:208} INFO - Processing /usr/local/python/3.12.1/lib/python3.12/site-packages/airflow/example_dags/example_task_group.py took 0.138 seconds
[2026-05-20T14:53:10.358+0000] {processor.py:186} INFO - Started process (PID=50848) to work on /usr/local/python/3.12.1/lib/python3.12/site-packages/airflow/example_dags/example_task_group.py
[2026-05-20T14:53:10.359+0000] {processor.py:914} INFO - Processing file /usr/local/python/3.12.1/lib/python3.12/site-packages/airflow/example_dags/example_task_group.py for tasks to queue
[2026-05-20T14:53:10.361+0000] {logging_mixin.py:190} INFO - [2026-05-20T14:53:10.361+0000] {dagbag.py:588} INFO - Filling up the DagBag from /usr/local/python/3.12.1/lib/python3.12/site-packages/airflow/example_dags/example_task_group.py
[2026-05-20T14:53:10.370+0000] {processor.py:925} INFO - DAG(s) 'example_task_group' retrieved from /usr/local/python/3.12.1/lib/python3.12/site-packages/airflow/example_dags/example_task_group.py
[2026-05-20T14:53:10.390+0000] {logging_mixin.py:190} INFO - [2026-05-20T14:53:10.390+0000] {dag.py:3239} INFO - Sync 1 DAGs
[2026-05-20T14:53:10.415+0000] {logging_mixin.py:190} INFO - [2026-05-20T14:53:10.414+0000] {dag.py:4180} INFO - Setting next_dagrun for example_task_group to None, run_after=None
[2026-05-20T14:53:10.458+0000] {processor.py:208} INFO - Processing /usr/local/python/3.12.1/lib/python3.12/site-packages/airflow/example_dags/example_task_group.py took 0.105 seconds
[2026-05-20T14:54:05.103+0000] {processor.py:186} INFO - Started process (PID=51781) to work on /usr/local/python/3.12.1/lib/python3.12/site-packages/airflow/example_dags/example_task_group.py
[2026-05-20T14:54:05.112+0000] {processor.py:914} INFO - Processing file /usr/local/python/3.12.1/lib/python3.12/site-packages/airflow/example_dags/example_task_group.py for tasks to queue
[2026-05-20T14:54:05.117+0000] {logging_mixin.py:190} INFO - [2026-05-20T14:54:05.116+0000] {dagbag.py:588} INFO - Filling up the DagBag from /usr/local/python/3.12.1/lib/python3.12/site-packages/airflow/example_dags/example_task_group.py
[2026-05-20T14:54:05.155+0000] {processor.py:925} INFO - DAG(s) 'example_task_group' retrieved from /usr/local/python/3.12.1/lib/python3.12/site-packages/airflow/example_dags/example_task_group.py
[2026-05-20T14:54:05.195+0000] {logging_mixin.py:190} INFO - [2026-05-20T14:54:05.195+0000] {dag.py:3239} INFO - Sync 1 DAGs
[2026-05-20T14:54:05.210+0000] {logging_mixin.py:190} INFO - [2026-05-20T14:54:05.209+0000] {dag.py:4180} INFO - Setting next_dagrun for example_task_group to None, run_after=None
[2026-05-20T14:54:05.229+0000] {processor.py:208} INFO - Processing /usr/local/python/3.12.1/lib/python3.12/site-packages/airflow/example_dags/example_task_group.py took 0.142 seconds
