[2026-05-20T14:37:44.562+0000] {processor.py:186} INFO - Started process (PID=38282) to work on /usr/local/python/3.12.1/lib/python3.12/site-packages/airflow/example_dags/example_dataset_alias_with_no_taskflow.py
[2026-05-20T14:37:44.563+0000] {processor.py:914} INFO - Processing file /usr/local/python/3.12.1/lib/python3.12/site-packages/airflow/example_dags/example_dataset_alias_with_no_taskflow.py for tasks to queue
[2026-05-20T14:37:44.564+0000] {logging_mixin.py:190} INFO - [2026-05-20T14:37:44.564+0000] {dagbag.py:588} INFO - Filling up the DagBag from /usr/local/python/3.12.1/lib/python3.12/site-packages/airflow/example_dags/example_dataset_alias_with_no_taskflow.py
[2026-05-20T14:37:44.587+0000] {processor.py:925} INFO - DAG(s) 'dataset_s3_bucket_producer_with_no_taskflow', 'dataset_alias_example_alias_consumer_with_no_taskflow', 'dataset_alias_example_alias_producer_with_no_taskflow', 'dataset_s3_bucket_consumer_with_no_taskflow' retrieved from /usr/local/python/3.12.1/lib/python3.12/site-packages/airflow/example_dags/example_dataset_alias_with_no_taskflow.py
[2026-05-20T14:37:44.604+0000] {logging_mixin.py:190} INFO - [2026-05-20T14:37:44.604+0000] {dag.py:3239} INFO - Sync 4 DAGs
[2026-05-20T14:37:44.620+0000] {logging_mixin.py:190} INFO - [2026-05-20T14:37:44.620+0000] {dag.py:4180} INFO - Setting next_dagrun for dataset_alias_example_alias_consumer_with_no_taskflow to None, run_after=None
[2026-05-20T14:37:44.622+0000] {logging_mixin.py:190} INFO - [2026-05-20T14:37:44.621+0000] {dag.py:4180} INFO - Setting next_dagrun for dataset_alias_example_alias_producer_with_no_taskflow to None, run_after=None
[2026-05-20T14:37:44.622+0000] {logging_mixin.py:190} INFO - [2026-05-20T14:37:44.622+0000] {dag.py:4180} INFO - Setting next_dagrun for dataset_s3_bucket_consumer_with_no_taskflow to None, run_after=None
[2026-05-20T14:37:44.623+0000] {logging_mixin.py:190} INFO - [2026-05-20T14:37:44.623+0000] {dag.py:4180} INFO - Setting next_dagrun for dataset_s3_bucket_producer_with_no_taskflow to None, run_after=None
[2026-05-20T14:37:44.651+0000] {processor.py:208} INFO - Processing /usr/local/python/3.12.1/lib/python3.12/site-packages/airflow/example_dags/example_dataset_alias_with_no_taskflow.py took 0.094 seconds
[2026-05-20T14:38:39.054+0000] {processor.py:186} INFO - Started process (PID=38822) to work on /usr/local/python/3.12.1/lib/python3.12/site-packages/airflow/example_dags/example_dataset_alias_with_no_taskflow.py
[2026-05-20T14:38:39.055+0000] {processor.py:914} INFO - Processing file /usr/local/python/3.12.1/lib/python3.12/site-packages/airflow/example_dags/example_dataset_alias_with_no_taskflow.py for tasks to queue
[2026-05-20T14:38:39.057+0000] {logging_mixin.py:190} INFO - [2026-05-20T14:38:39.057+0000] {dagbag.py:588} INFO - Filling up the DagBag from /usr/local/python/3.12.1/lib/python3.12/site-packages/airflow/example_dags/example_dataset_alias_with_no_taskflow.py
[2026-05-20T14:38:39.079+0000] {processor.py:925} INFO - DAG(s) 'dataset_alias_example_alias_consumer_with_no_taskflow', 'dataset_alias_example_alias_producer_with_no_taskflow', 'dataset_s3_bucket_producer_with_no_taskflow', 'dataset_s3_bucket_consumer_with_no_taskflow' retrieved from /usr/local/python/3.12.1/lib/python3.12/site-packages/airflow/example_dags/example_dataset_alias_with_no_taskflow.py
[2026-05-20T14:38:39.148+0000] {logging_mixin.py:190} INFO - [2026-05-20T14:38:39.143+0000] {dag.py:3239} INFO - Sync 4 DAGs
[2026-05-20T14:38:39.227+0000] {logging_mixin.py:190} INFO - [2026-05-20T14:38:39.226+0000] {dag.py:4180} INFO - Setting next_dagrun for dataset_alias_example_alias_consumer_with_no_taskflow to None, run_after=None
[2026-05-20T14:38:39.239+0000] {logging_mixin.py:190} INFO - [2026-05-20T14:38:39.238+0000] {dag.py:4180} INFO - Setting next_dagrun for dataset_alias_example_alias_producer_with_no_taskflow to None, run_after=None
[2026-05-20T14:38:39.246+0000] {logging_mixin.py:190} INFO - [2026-05-20T14:38:39.245+0000] {dag.py:4180} INFO - Setting next_dagrun for dataset_s3_bucket_consumer_with_no_taskflow to None, run_after=None
[2026-05-20T14:38:39.248+0000] {logging_mixin.py:190} INFO - [2026-05-20T14:38:39.248+0000] {dag.py:4180} INFO - Setting next_dagrun for dataset_s3_bucket_producer_with_no_taskflow to None, run_after=None
[2026-05-20T14:38:39.275+0000] {processor.py:208} INFO - Processing /usr/local/python/3.12.1/lib/python3.12/site-packages/airflow/example_dags/example_dataset_alias_with_no_taskflow.py took 0.225 seconds
[2026-05-20T14:39:34.010+0000] {processor.py:186} INFO - Started process (PID=39500) to work on /usr/local/python/3.12.1/lib/python3.12/site-packages/airflow/example_dags/example_dataset_alias_with_no_taskflow.py
[2026-05-20T14:39:34.011+0000] {processor.py:914} INFO - Processing file /usr/local/python/3.12.1/lib/python3.12/site-packages/airflow/example_dags/example_dataset_alias_with_no_taskflow.py for tasks to queue
[2026-05-20T14:39:34.013+0000] {logging_mixin.py:190} INFO - [2026-05-20T14:39:34.012+0000] {dagbag.py:588} INFO - Filling up the DagBag from /usr/local/python/3.12.1/lib/python3.12/site-packages/airflow/example_dags/example_dataset_alias_with_no_taskflow.py
[2026-05-20T14:39:34.034+0000] {processor.py:925} INFO - DAG(s) 'dataset_alias_example_alias_consumer_with_no_taskflow', 'dataset_s3_bucket_producer_with_no_taskflow', 'dataset_s3_bucket_consumer_with_no_taskflow', 'dataset_alias_example_alias_producer_with_no_taskflow' retrieved from /usr/local/python/3.12.1/lib/python3.12/site-packages/airflow/example_dags/example_dataset_alias_with_no_taskflow.py
[2026-05-20T14:39:34.053+0000] {logging_mixin.py:190} INFO - [2026-05-20T14:39:34.053+0000] {dag.py:3239} INFO - Sync 4 DAGs
[2026-05-20T14:39:34.070+0000] {logging_mixin.py:190} INFO - [2026-05-20T14:39:34.070+0000] {dag.py:4180} INFO - Setting next_dagrun for dataset_alias_example_alias_consumer_with_no_taskflow to None, run_after=None
[2026-05-20T14:39:34.072+0000] {logging_mixin.py:190} INFO - [2026-05-20T14:39:34.072+0000] {dag.py:4180} INFO - Setting next_dagrun for dataset_alias_example_alias_producer_with_no_taskflow to None, run_after=None
[2026-05-20T14:39:34.072+0000] {logging_mixin.py:190} INFO - [2026-05-20T14:39:34.072+0000] {dag.py:4180} INFO - Setting next_dagrun for dataset_s3_bucket_consumer_with_no_taskflow to None, run_after=None
[2026-05-20T14:39:34.073+0000] {logging_mixin.py:190} INFO - [2026-05-20T14:39:34.073+0000] {dag.py:4180} INFO - Setting next_dagrun for dataset_s3_bucket_producer_with_no_taskflow to None, run_after=None
[2026-05-20T14:39:34.092+0000] {processor.py:208} INFO - Processing /usr/local/python/3.12.1/lib/python3.12/site-packages/airflow/example_dags/example_dataset_alias_with_no_taskflow.py took 0.087 seconds
[2026-05-20T14:40:27.122+0000] {processor.py:186} INFO - Started process (PID=39995) to work on /usr/local/python/3.12.1/lib/python3.12/site-packages/airflow/example_dags/example_dataset_alias_with_no_taskflow.py
[2026-05-20T14:40:27.123+0000] {processor.py:914} INFO - Processing file /usr/local/python/3.12.1/lib/python3.12/site-packages/airflow/example_dags/example_dataset_alias_with_no_taskflow.py for tasks to queue
[2026-05-20T14:40:27.125+0000] {logging_mixin.py:190} INFO - [2026-05-20T14:40:27.125+0000] {dagbag.py:588} INFO - Filling up the DagBag from /usr/local/python/3.12.1/lib/python3.12/site-packages/airflow/example_dags/example_dataset_alias_with_no_taskflow.py
[2026-05-20T14:40:27.148+0000] {processor.py:925} INFO - DAG(s) 'dataset_alias_example_alias_producer_with_no_taskflow', 'dataset_s3_bucket_producer_with_no_taskflow', 'dataset_alias_example_alias_consumer_with_no_taskflow', 'dataset_s3_bucket_consumer_with_no_taskflow' retrieved from /usr/local/python/3.12.1/lib/python3.12/site-packages/airflow/example_dags/example_dataset_alias_with_no_taskflow.py
[2026-05-20T14:40:27.173+0000] {logging_mixin.py:190} INFO - [2026-05-20T14:40:27.173+0000] {dag.py:3239} INFO - Sync 4 DAGs
[2026-05-20T14:40:27.202+0000] {logging_mixin.py:190} INFO - [2026-05-20T14:40:27.202+0000] {dag.py:4180} INFO - Setting next_dagrun for dataset_alias_example_alias_consumer_with_no_taskflow to None, run_after=None
[2026-05-20T14:40:27.205+0000] {logging_mixin.py:190} INFO - [2026-05-20T14:40:27.205+0000] {dag.py:4180} INFO - Setting next_dagrun for dataset_alias_example_alias_producer_with_no_taskflow to None, run_after=None
[2026-05-20T14:40:27.209+0000] {logging_mixin.py:190} INFO - [2026-05-20T14:40:27.208+0000] {dag.py:4180} INFO - Setting next_dagrun for dataset_s3_bucket_consumer_with_no_taskflow to None, run_after=None
[2026-05-20T14:40:27.211+0000] {logging_mixin.py:190} INFO - [2026-05-20T14:40:27.211+0000] {dag.py:4180} INFO - Setting next_dagrun for dataset_s3_bucket_producer_with_no_taskflow to None, run_after=None
[2026-05-20T14:40:27.260+0000] {processor.py:208} INFO - Processing /usr/local/python/3.12.1/lib/python3.12/site-packages/airflow/example_dags/example_dataset_alias_with_no_taskflow.py took 0.143 seconds
[2026-05-20T14:41:23.278+0000] {processor.py:186} INFO - Started process (PID=41231) to work on /usr/local/python/3.12.1/lib/python3.12/site-packages/airflow/example_dags/example_dataset_alias_with_no_taskflow.py
[2026-05-20T14:41:23.280+0000] {processor.py:914} INFO - Processing file /usr/local/python/3.12.1/lib/python3.12/site-packages/airflow/example_dags/example_dataset_alias_with_no_taskflow.py for tasks to queue
[2026-05-20T14:41:23.286+0000] {logging_mixin.py:190} INFO - [2026-05-20T14:41:23.285+0000] {dagbag.py:588} INFO - Filling up the DagBag from /usr/local/python/3.12.1/lib/python3.12/site-packages/airflow/example_dags/example_dataset_alias_with_no_taskflow.py
[2026-05-20T14:41:23.315+0000] {processor.py:925} INFO - DAG(s) 'dataset_s3_bucket_consumer_with_no_taskflow', 'dataset_s3_bucket_producer_with_no_taskflow', 'dataset_alias_example_alias_consumer_with_no_taskflow', 'dataset_alias_example_alias_producer_with_no_taskflow' retrieved from /usr/local/python/3.12.1/lib/python3.12/site-packages/airflow/example_dags/example_dataset_alias_with_no_taskflow.py
[2026-05-20T14:41:23.362+0000] {logging_mixin.py:190} INFO - [2026-05-20T14:41:23.361+0000] {dag.py:3239} INFO - Sync 4 DAGs
[2026-05-20T14:41:23.389+0000] {logging_mixin.py:190} INFO - [2026-05-20T14:41:23.389+0000] {dag.py:4180} INFO - Setting next_dagrun for dataset_alias_example_alias_consumer_with_no_taskflow to None, run_after=None
[2026-05-20T14:41:23.392+0000] {logging_mixin.py:190} INFO - [2026-05-20T14:41:23.392+0000] {dag.py:4180} INFO - Setting next_dagrun for dataset_alias_example_alias_producer_with_no_taskflow to None, run_after=None
[2026-05-20T14:41:23.394+0000] {logging_mixin.py:190} INFO - [2026-05-20T14:41:23.393+0000] {dag.py:4180} INFO - Setting next_dagrun for dataset_s3_bucket_consumer_with_no_taskflow to None, run_after=None
[2026-05-20T14:41:23.395+0000] {logging_mixin.py:190} INFO - [2026-05-20T14:41:23.395+0000] {dag.py:4180} INFO - Setting next_dagrun for dataset_s3_bucket_producer_with_no_taskflow to None, run_after=None
[2026-05-20T14:41:23.428+0000] {processor.py:208} INFO - Processing /usr/local/python/3.12.1/lib/python3.12/site-packages/airflow/example_dags/example_dataset_alias_with_no_taskflow.py took 0.158 seconds
[2026-05-20T14:42:15.571+0000] {processor.py:186} INFO - Started process (PID=41939) to work on /usr/local/python/3.12.1/lib/python3.12/site-packages/airflow/example_dags/example_dataset_alias_with_no_taskflow.py
[2026-05-20T14:42:15.572+0000] {processor.py:914} INFO - Processing file /usr/local/python/3.12.1/lib/python3.12/site-packages/airflow/example_dags/example_dataset_alias_with_no_taskflow.py for tasks to queue
[2026-05-20T14:42:15.573+0000] {logging_mixin.py:190} INFO - [2026-05-20T14:42:15.573+0000] {dagbag.py:588} INFO - Filling up the DagBag from /usr/local/python/3.12.1/lib/python3.12/site-packages/airflow/example_dags/example_dataset_alias_with_no_taskflow.py
[2026-05-20T14:42:15.593+0000] {processor.py:925} INFO - DAG(s) 'dataset_alias_example_alias_consumer_with_no_taskflow', 'dataset_s3_bucket_producer_with_no_taskflow', 'dataset_s3_bucket_consumer_with_no_taskflow', 'dataset_alias_example_alias_producer_with_no_taskflow' retrieved from /usr/local/python/3.12.1/lib/python3.12/site-packages/airflow/example_dags/example_dataset_alias_with_no_taskflow.py
[2026-05-20T14:42:15.611+0000] {logging_mixin.py:190} INFO - [2026-05-20T14:42:15.610+0000] {dag.py:3239} INFO - Sync 4 DAGs
[2026-05-20T14:42:15.627+0000] {logging_mixin.py:190} INFO - [2026-05-20T14:42:15.627+0000] {dag.py:4180} INFO - Setting next_dagrun for dataset_alias_example_alias_consumer_with_no_taskflow to None, run_after=None
[2026-05-20T14:42:15.630+0000] {logging_mixin.py:190} INFO - [2026-05-20T14:42:15.630+0000] {dag.py:4180} INFO - Setting next_dagrun for dataset_alias_example_alias_producer_with_no_taskflow to None, run_after=None
[2026-05-20T14:42:15.631+0000] {logging_mixin.py:190} INFO - [2026-05-20T14:42:15.631+0000] {dag.py:4180} INFO - Setting next_dagrun for dataset_s3_bucket_consumer_with_no_taskflow to None, run_after=None
[2026-05-20T14:42:15.632+0000] {logging_mixin.py:190} INFO - [2026-05-20T14:42:15.632+0000] {dag.py:4180} INFO - Setting next_dagrun for dataset_s3_bucket_producer_with_no_taskflow to None, run_after=None
[2026-05-20T14:42:15.658+0000] {processor.py:208} INFO - Processing /usr/local/python/3.12.1/lib/python3.12/site-packages/airflow/example_dags/example_dataset_alias_with_no_taskflow.py took 0.092 seconds
[2026-05-20T14:43:06.900+0000] {processor.py:186} INFO - Started process (PID=42454) to work on /usr/local/python/3.12.1/lib/python3.12/site-packages/airflow/example_dags/example_dataset_alias_with_no_taskflow.py
[2026-05-20T14:43:06.901+0000] {processor.py:914} INFO - Processing file /usr/local/python/3.12.1/lib/python3.12/site-packages/airflow/example_dags/example_dataset_alias_with_no_taskflow.py for tasks to queue
[2026-05-20T14:43:06.903+0000] {logging_mixin.py:190} INFO - [2026-05-20T14:43:06.902+0000] {dagbag.py:588} INFO - Filling up the DagBag from /usr/local/python/3.12.1/lib/python3.12/site-packages/airflow/example_dags/example_dataset_alias_with_no_taskflow.py
[2026-05-20T14:43:06.923+0000] {processor.py:925} INFO - DAG(s) 'dataset_s3_bucket_consumer_with_no_taskflow', 'dataset_s3_bucket_producer_with_no_taskflow', 'dataset_alias_example_alias_producer_with_no_taskflow', 'dataset_alias_example_alias_consumer_with_no_taskflow' retrieved from /usr/local/python/3.12.1/lib/python3.12/site-packages/airflow/example_dags/example_dataset_alias_with_no_taskflow.py
[2026-05-20T14:43:06.947+0000] {logging_mixin.py:190} INFO - [2026-05-20T14:43:06.947+0000] {dag.py:3239} INFO - Sync 4 DAGs
[2026-05-20T14:43:06.964+0000] {logging_mixin.py:190} INFO - [2026-05-20T14:43:06.964+0000] {dag.py:4180} INFO - Setting next_dagrun for dataset_alias_example_alias_consumer_with_no_taskflow to None, run_after=None
[2026-05-20T14:43:06.966+0000] {logging_mixin.py:190} INFO - [2026-05-20T14:43:06.966+0000] {dag.py:4180} INFO - Setting next_dagrun for dataset_alias_example_alias_producer_with_no_taskflow to None, run_after=None
[2026-05-20T14:43:06.967+0000] {logging_mixin.py:190} INFO - [2026-05-20T14:43:06.966+0000] {dag.py:4180} INFO - Setting next_dagrun for dataset_s3_bucket_consumer_with_no_taskflow to None, run_after=None
[2026-05-20T14:43:06.967+0000] {logging_mixin.py:190} INFO - [2026-05-20T14:43:06.967+0000] {dag.py:4180} INFO - Setting next_dagrun for dataset_s3_bucket_producer_with_no_taskflow to None, run_after=None
[2026-05-20T14:43:06.988+0000] {processor.py:208} INFO - Processing /usr/local/python/3.12.1/lib/python3.12/site-packages/airflow/example_dags/example_dataset_alias_with_no_taskflow.py took 0.093 seconds
[2026-05-20T14:44:00.262+0000] {processor.py:186} INFO - Started process (PID=43151) to work on /usr/local/python/3.12.1/lib/python3.12/site-packages/airflow/example_dags/example_dataset_alias_with_no_taskflow.py
[2026-05-20T14:44:00.263+0000] {processor.py:914} INFO - Processing file /usr/local/python/3.12.1/lib/python3.12/site-packages/airflow/example_dags/example_dataset_alias_with_no_taskflow.py for tasks to queue
[2026-05-20T14:44:00.266+0000] {logging_mixin.py:190} INFO - [2026-05-20T14:44:00.265+0000] {dagbag.py:588} INFO - Filling up the DagBag from /usr/local/python/3.12.1/lib/python3.12/site-packages/airflow/example_dags/example_dataset_alias_with_no_taskflow.py
[2026-05-20T14:44:00.302+0000] {processor.py:925} INFO - DAG(s) 'dataset_s3_bucket_producer_with_no_taskflow', 'dataset_s3_bucket_consumer_with_no_taskflow', 'dataset_alias_example_alias_producer_with_no_taskflow', 'dataset_alias_example_alias_consumer_with_no_taskflow' retrieved from /usr/local/python/3.12.1/lib/python3.12/site-packages/airflow/example_dags/example_dataset_alias_with_no_taskflow.py
[2026-05-20T14:44:00.401+0000] {logging_mixin.py:190} INFO - [2026-05-20T14:44:00.401+0000] {dag.py:3239} INFO - Sync 4 DAGs
[2026-05-20T14:44:00.444+0000] {logging_mixin.py:190} INFO - [2026-05-20T14:44:00.443+0000] {dag.py:4180} INFO - Setting next_dagrun for dataset_alias_example_alias_consumer_with_no_taskflow to None, run_after=None
[2026-05-20T14:44:00.448+0000] {logging_mixin.py:190} INFO - [2026-05-20T14:44:00.448+0000] {dag.py:4180} INFO - Setting next_dagrun for dataset_alias_example_alias_producer_with_no_taskflow to None, run_after=None
[2026-05-20T14:44:00.451+0000] {logging_mixin.py:190} INFO - [2026-05-20T14:44:00.451+0000] {dag.py:4180} INFO - Setting next_dagrun for dataset_s3_bucket_consumer_with_no_taskflow to None, run_after=None
[2026-05-20T14:44:00.453+0000] {logging_mixin.py:190} INFO - [2026-05-20T14:44:00.453+0000] {dag.py:4180} INFO - Setting next_dagrun for dataset_s3_bucket_producer_with_no_taskflow to None, run_after=None
[2026-05-20T14:44:00.531+0000] {processor.py:208} INFO - Processing /usr/local/python/3.12.1/lib/python3.12/site-packages/airflow/example_dags/example_dataset_alias_with_no_taskflow.py took 0.286 seconds
[2026-05-20T14:44:54.214+0000] {processor.py:186} INFO - Started process (PID=43625) to work on /usr/local/python/3.12.1/lib/python3.12/site-packages/airflow/example_dags/example_dataset_alias_with_no_taskflow.py
[2026-05-20T14:44:54.215+0000] {processor.py:914} INFO - Processing file /usr/local/python/3.12.1/lib/python3.12/site-packages/airflow/example_dags/example_dataset_alias_with_no_taskflow.py for tasks to queue
[2026-05-20T14:44:54.217+0000] {logging_mixin.py:190} INFO - [2026-05-20T14:44:54.217+0000] {dagbag.py:588} INFO - Filling up the DagBag from /usr/local/python/3.12.1/lib/python3.12/site-packages/airflow/example_dags/example_dataset_alias_with_no_taskflow.py
[2026-05-20T14:44:54.240+0000] {processor.py:925} INFO - DAG(s) 'dataset_alias_example_alias_producer_with_no_taskflow', 'dataset_alias_example_alias_consumer_with_no_taskflow', 'dataset_s3_bucket_consumer_with_no_taskflow', 'dataset_s3_bucket_producer_with_no_taskflow' retrieved from /usr/local/python/3.12.1/lib/python3.12/site-packages/airflow/example_dags/example_dataset_alias_with_no_taskflow.py
[2026-05-20T14:44:54.255+0000] {logging_mixin.py:190} INFO - [2026-05-20T14:44:54.255+0000] {dag.py:3239} INFO - Sync 4 DAGs
[2026-05-20T14:44:54.275+0000] {logging_mixin.py:190} INFO - [2026-05-20T14:44:54.275+0000] {dag.py:4180} INFO - Setting next_dagrun for dataset_alias_example_alias_consumer_with_no_taskflow to None, run_after=None
[2026-05-20T14:44:54.277+0000] {logging_mixin.py:190} INFO - [2026-05-20T14:44:54.277+0000] {dag.py:4180} INFO - Setting next_dagrun for dataset_alias_example_alias_producer_with_no_taskflow to None, run_after=None
[2026-05-20T14:44:54.278+0000] {logging_mixin.py:190} INFO - [2026-05-20T14:44:54.278+0000] {dag.py:4180} INFO - Setting next_dagrun for dataset_s3_bucket_consumer_with_no_taskflow to None, run_after=None
[2026-05-20T14:44:54.279+0000] {logging_mixin.py:190} INFO - [2026-05-20T14:44:54.278+0000] {dag.py:4180} INFO - Setting next_dagrun for dataset_s3_bucket_producer_with_no_taskflow to None, run_after=None
[2026-05-20T14:44:54.298+0000] {processor.py:208} INFO - Processing /usr/local/python/3.12.1/lib/python3.12/site-packages/airflow/example_dags/example_dataset_alias_with_no_taskflow.py took 0.089 seconds
[2026-05-20T14:45:58.297+0000] {processor.py:186} INFO - Started process (PID=45465) to work on /usr/local/python/3.12.1/lib/python3.12/site-packages/airflow/example_dags/example_dataset_alias_with_no_taskflow.py
[2026-05-20T14:45:58.306+0000] {processor.py:914} INFO - Processing file /usr/local/python/3.12.1/lib/python3.12/site-packages/airflow/example_dags/example_dataset_alias_with_no_taskflow.py for tasks to queue
[2026-05-20T14:45:58.315+0000] {logging_mixin.py:190} INFO - [2026-05-20T14:45:58.315+0000] {dagbag.py:588} INFO - Filling up the DagBag from /usr/local/python/3.12.1/lib/python3.12/site-packages/airflow/example_dags/example_dataset_alias_with_no_taskflow.py
[2026-05-20T14:45:58.407+0000] {processor.py:925} INFO - DAG(s) 'dataset_s3_bucket_consumer_with_no_taskflow', 'dataset_s3_bucket_producer_with_no_taskflow', 'dataset_alias_example_alias_consumer_with_no_taskflow', 'dataset_alias_example_alias_producer_with_no_taskflow' retrieved from /usr/local/python/3.12.1/lib/python3.12/site-packages/airflow/example_dags/example_dataset_alias_with_no_taskflow.py
[2026-05-20T14:45:58.438+0000] {logging_mixin.py:190} INFO - [2026-05-20T14:45:58.438+0000] {dag.py:3239} INFO - Sync 4 DAGs
[2026-05-20T14:45:58.489+0000] {logging_mixin.py:190} INFO - [2026-05-20T14:45:58.488+0000] {dag.py:4180} INFO - Setting next_dagrun for dataset_alias_example_alias_consumer_with_no_taskflow to None, run_after=None
[2026-05-20T14:45:58.497+0000] {logging_mixin.py:190} INFO - [2026-05-20T14:45:58.496+0000] {dag.py:4180} INFO - Setting next_dagrun for dataset_alias_example_alias_producer_with_no_taskflow to None, run_after=None
[2026-05-20T14:45:58.499+0000] {logging_mixin.py:190} INFO - [2026-05-20T14:45:58.498+0000] {dag.py:4180} INFO - Setting next_dagrun for dataset_s3_bucket_consumer_with_no_taskflow to None, run_after=None
[2026-05-20T14:45:58.501+0000] {logging_mixin.py:190} INFO - [2026-05-20T14:45:58.501+0000] {dag.py:4180} INFO - Setting next_dagrun for dataset_s3_bucket_producer_with_no_taskflow to None, run_after=None
[2026-05-20T14:45:58.561+0000] {processor.py:208} INFO - Processing /usr/local/python/3.12.1/lib/python3.12/site-packages/airflow/example_dags/example_dataset_alias_with_no_taskflow.py took 0.289 seconds
[2026-05-20T14:46:58.254+0000] {processor.py:186} INFO - Started process (PID=46248) to work on /usr/local/python/3.12.1/lib/python3.12/site-packages/airflow/example_dags/example_dataset_alias_with_no_taskflow.py
[2026-05-20T14:46:58.270+0000] {processor.py:914} INFO - Processing file /usr/local/python/3.12.1/lib/python3.12/site-packages/airflow/example_dags/example_dataset_alias_with_no_taskflow.py for tasks to queue
[2026-05-20T14:46:58.273+0000] {logging_mixin.py:190} INFO - [2026-05-20T14:46:58.273+0000] {dagbag.py:588} INFO - Filling up the DagBag from /usr/local/python/3.12.1/lib/python3.12/site-packages/airflow/example_dags/example_dataset_alias_with_no_taskflow.py
[2026-05-20T14:46:58.307+0000] {processor.py:925} INFO - DAG(s) 'dataset_s3_bucket_consumer_with_no_taskflow', 'dataset_alias_example_alias_producer_with_no_taskflow', 'dataset_alias_example_alias_consumer_with_no_taskflow', 'dataset_s3_bucket_producer_with_no_taskflow' retrieved from /usr/local/python/3.12.1/lib/python3.12/site-packages/airflow/example_dags/example_dataset_alias_with_no_taskflow.py
[2026-05-20T14:46:58.338+0000] {logging_mixin.py:190} INFO - [2026-05-20T14:46:58.338+0000] {dag.py:3239} INFO - Sync 4 DAGs
[2026-05-20T14:46:58.368+0000] {logging_mixin.py:190} INFO - [2026-05-20T14:46:58.368+0000] {dag.py:4180} INFO - Setting next_dagrun for dataset_alias_example_alias_consumer_with_no_taskflow to None, run_after=None
[2026-05-20T14:46:58.372+0000] {logging_mixin.py:190} INFO - [2026-05-20T14:46:58.371+0000] {dag.py:4180} INFO - Setting next_dagrun for dataset_alias_example_alias_producer_with_no_taskflow to None, run_after=None
[2026-05-20T14:46:58.373+0000] {logging_mixin.py:190} INFO - [2026-05-20T14:46:58.373+0000] {dag.py:4180} INFO - Setting next_dagrun for dataset_s3_bucket_consumer_with_no_taskflow to None, run_after=None
[2026-05-20T14:46:58.374+0000] {logging_mixin.py:190} INFO - [2026-05-20T14:46:58.374+0000] {dag.py:4180} INFO - Setting next_dagrun for dataset_s3_bucket_producer_with_no_taskflow to None, run_after=None
[2026-05-20T14:46:58.426+0000] {processor.py:208} INFO - Processing /usr/local/python/3.12.1/lib/python3.12/site-packages/airflow/example_dags/example_dataset_alias_with_no_taskflow.py took 0.187 seconds
[2026-05-20T14:52:35.812+0000] {processor.py:186} INFO - Started process (PID=50335) to work on /usr/local/python/3.12.1/lib/python3.12/site-packages/airflow/example_dags/example_dataset_alias_with_no_taskflow.py
[2026-05-20T14:52:35.813+0000] {processor.py:914} INFO - Processing file /usr/local/python/3.12.1/lib/python3.12/site-packages/airflow/example_dags/example_dataset_alias_with_no_taskflow.py for tasks to queue
[2026-05-20T14:52:35.815+0000] {logging_mixin.py:190} INFO - [2026-05-20T14:52:35.814+0000] {dagbag.py:588} INFO - Filling up the DagBag from /usr/local/python/3.12.1/lib/python3.12/site-packages/airflow/example_dags/example_dataset_alias_with_no_taskflow.py
[2026-05-20T14:52:35.836+0000] {processor.py:925} INFO - DAG(s) 'dataset_s3_bucket_consumer_with_no_taskflow', 'dataset_alias_example_alias_consumer_with_no_taskflow', 'dataset_alias_example_alias_producer_with_no_taskflow', 'dataset_s3_bucket_producer_with_no_taskflow' retrieved from /usr/local/python/3.12.1/lib/python3.12/site-packages/airflow/example_dags/example_dataset_alias_with_no_taskflow.py
[2026-05-20T14:52:35.971+0000] {logging_mixin.py:190} INFO - [2026-05-20T14:52:35.970+0000] {dag.py:3239} INFO - Sync 4 DAGs
[2026-05-20T14:52:35.986+0000] {logging_mixin.py:190} INFO - [2026-05-20T14:52:35.986+0000] {dag.py:4180} INFO - Setting next_dagrun for dataset_alias_example_alias_consumer_with_no_taskflow to None, run_after=None
[2026-05-20T14:52:35.988+0000] {logging_mixin.py:190} INFO - [2026-05-20T14:52:35.988+0000] {dag.py:4180} INFO - Setting next_dagrun for dataset_alias_example_alias_producer_with_no_taskflow to None, run_after=None
[2026-05-20T14:52:35.989+0000] {logging_mixin.py:190} INFO - [2026-05-20T14:52:35.989+0000] {dag.py:4180} INFO - Setting next_dagrun for dataset_s3_bucket_consumer_with_no_taskflow to None, run_after=None
[2026-05-20T14:52:35.990+0000] {logging_mixin.py:190} INFO - [2026-05-20T14:52:35.989+0000] {dag.py:4180} INFO - Setting next_dagrun for dataset_s3_bucket_producer_with_no_taskflow to None, run_after=None
[2026-05-20T14:52:36.009+0000] {processor.py:208} INFO - Processing /usr/local/python/3.12.1/lib/python3.12/site-packages/airflow/example_dags/example_dataset_alias_with_no_taskflow.py took 0.201 seconds
[2026-05-20T14:53:31.362+0000] {processor.py:186} INFO - Started process (PID=51197) to work on /usr/local/python/3.12.1/lib/python3.12/site-packages/airflow/example_dags/example_dataset_alias_with_no_taskflow.py
[2026-05-20T14:53:31.363+0000] {processor.py:914} INFO - Processing file /usr/local/python/3.12.1/lib/python3.12/site-packages/airflow/example_dags/example_dataset_alias_with_no_taskflow.py for tasks to queue
[2026-05-20T14:53:31.365+0000] {logging_mixin.py:190} INFO - [2026-05-20T14:53:31.365+0000] {dagbag.py:588} INFO - Filling up the DagBag from /usr/local/python/3.12.1/lib/python3.12/site-packages/airflow/example_dags/example_dataset_alias_with_no_taskflow.py
[2026-05-20T14:53:31.387+0000] {processor.py:925} INFO - DAG(s) 'dataset_s3_bucket_producer_with_no_taskflow', 'dataset_alias_example_alias_producer_with_no_taskflow', 'dataset_s3_bucket_consumer_with_no_taskflow', 'dataset_alias_example_alias_consumer_with_no_taskflow' retrieved from /usr/local/python/3.12.1/lib/python3.12/site-packages/airflow/example_dags/example_dataset_alias_with_no_taskflow.py
[2026-05-20T14:53:31.403+0000] {logging_mixin.py:190} INFO - [2026-05-20T14:53:31.403+0000] {dag.py:3239} INFO - Sync 4 DAGs
[2026-05-20T14:53:31.420+0000] {logging_mixin.py:190} INFO - [2026-05-20T14:53:31.420+0000] {dag.py:4180} INFO - Setting next_dagrun for dataset_alias_example_alias_consumer_with_no_taskflow to None, run_after=None
[2026-05-20T14:53:31.422+0000] {logging_mixin.py:190} INFO - [2026-05-20T14:53:31.422+0000] {dag.py:4180} INFO - Setting next_dagrun for dataset_alias_example_alias_producer_with_no_taskflow to None, run_after=None
[2026-05-20T14:53:31.423+0000] {logging_mixin.py:190} INFO - [2026-05-20T14:53:31.423+0000] {dag.py:4180} INFO - Setting next_dagrun for dataset_s3_bucket_consumer_with_no_taskflow to None, run_after=None
[2026-05-20T14:53:31.424+0000] {logging_mixin.py:190} INFO - [2026-05-20T14:53:31.424+0000] {dag.py:4180} INFO - Setting next_dagrun for dataset_s3_bucket_producer_with_no_taskflow to None, run_after=None
[2026-05-20T14:53:31.462+0000] {processor.py:208} INFO - Processing /usr/local/python/3.12.1/lib/python3.12/site-packages/airflow/example_dags/example_dataset_alias_with_no_taskflow.py took 0.105 seconds
