[2026-05-20T14:37:11.594+0000] {processor.py:186} INFO - Started process (PID=37775) to work on /usr/local/python/3.12.1/lib/python3.12/site-packages/airflow/example_dags/example_trigger_target_dag.py
[2026-05-20T14:37:11.595+0000] {processor.py:914} INFO - Processing file /usr/local/python/3.12.1/lib/python3.12/site-packages/airflow/example_dags/example_trigger_target_dag.py for tasks to queue
[2026-05-20T14:37:11.597+0000] {logging_mixin.py:190} INFO - [2026-05-20T14:37:11.597+0000] {dagbag.py:588} INFO - Filling up the DagBag from /usr/local/python/3.12.1/lib/python3.12/site-packages/airflow/example_dags/example_trigger_target_dag.py
[2026-05-20T14:37:11.605+0000] {processor.py:925} INFO - DAG(s) 'example_trigger_target_dag' retrieved from /usr/local/python/3.12.1/lib/python3.12/site-packages/airflow/example_dags/example_trigger_target_dag.py
[2026-05-20T14:37:11.621+0000] {logging_mixin.py:190} INFO - [2026-05-20T14:37:11.621+0000] {dag.py:3239} INFO - Sync 1 DAGs
[2026-05-20T14:37:11.633+0000] {logging_mixin.py:190} INFO - [2026-05-20T14:37:11.632+0000] {dag.py:4180} INFO - Setting next_dagrun for example_trigger_target_dag to None, run_after=None
[2026-05-20T14:37:11.654+0000] {processor.py:208} INFO - Processing /usr/local/python/3.12.1/lib/python3.12/site-packages/airflow/example_dags/example_trigger_target_dag.py took 0.066 seconds
[2026-05-20T14:38:10.184+0000] {processor.py:186} INFO - Started process (PID=38522) to work on /usr/local/python/3.12.1/lib/python3.12/site-packages/airflow/example_dags/example_trigger_target_dag.py
[2026-05-20T14:38:10.185+0000] {processor.py:914} INFO - Processing file /usr/local/python/3.12.1/lib/python3.12/site-packages/airflow/example_dags/example_trigger_target_dag.py for tasks to queue
[2026-05-20T14:38:10.187+0000] {logging_mixin.py:190} INFO - [2026-05-20T14:38:10.187+0000] {dagbag.py:588} INFO - Filling up the DagBag from /usr/local/python/3.12.1/lib/python3.12/site-packages/airflow/example_dags/example_trigger_target_dag.py
[2026-05-20T14:38:10.197+0000] {processor.py:925} INFO - DAG(s) 'example_trigger_target_dag' retrieved from /usr/local/python/3.12.1/lib/python3.12/site-packages/airflow/example_dags/example_trigger_target_dag.py
[2026-05-20T14:38:10.211+0000] {logging_mixin.py:190} INFO - [2026-05-20T14:38:10.211+0000] {dag.py:3239} INFO - Sync 1 DAGs
[2026-05-20T14:38:10.221+0000] {logging_mixin.py:190} INFO - [2026-05-20T14:38:10.221+0000] {dag.py:4180} INFO - Setting next_dagrun for example_trigger_target_dag to None, run_after=None
[2026-05-20T14:38:10.243+0000] {processor.py:208} INFO - Processing /usr/local/python/3.12.1/lib/python3.12/site-packages/airflow/example_dags/example_trigger_target_dag.py took 0.063 seconds
[2026-05-20T14:38:59.253+0000] {processor.py:186} INFO - Started process (PID=39154) to work on /usr/local/python/3.12.1/lib/python3.12/site-packages/airflow/example_dags/example_trigger_target_dag.py
[2026-05-20T14:38:59.254+0000] {processor.py:914} INFO - Processing file /usr/local/python/3.12.1/lib/python3.12/site-packages/airflow/example_dags/example_trigger_target_dag.py for tasks to queue
[2026-05-20T14:38:59.256+0000] {logging_mixin.py:190} INFO - [2026-05-20T14:38:59.256+0000] {dagbag.py:588} INFO - Filling up the DagBag from /usr/local/python/3.12.1/lib/python3.12/site-packages/airflow/example_dags/example_trigger_target_dag.py
[2026-05-20T14:38:59.264+0000] {processor.py:925} INFO - DAG(s) 'example_trigger_target_dag' retrieved from /usr/local/python/3.12.1/lib/python3.12/site-packages/airflow/example_dags/example_trigger_target_dag.py
[2026-05-20T14:38:59.279+0000] {logging_mixin.py:190} INFO - [2026-05-20T14:38:59.278+0000] {dag.py:3239} INFO - Sync 1 DAGs
[2026-05-20T14:38:59.291+0000] {logging_mixin.py:190} INFO - [2026-05-20T14:38:59.291+0000] {dag.py:4180} INFO - Setting next_dagrun for example_trigger_target_dag to None, run_after=None
[2026-05-20T14:38:59.309+0000] {processor.py:208} INFO - Processing /usr/local/python/3.12.1/lib/python3.12/site-packages/airflow/example_dags/example_trigger_target_dag.py took 0.062 seconds
[2026-05-20T14:39:49.973+0000] {processor.py:186} INFO - Started process (PID=39616) to work on /usr/local/python/3.12.1/lib/python3.12/site-packages/airflow/example_dags/example_trigger_target_dag.py
[2026-05-20T14:39:49.974+0000] {processor.py:914} INFO - Processing file /usr/local/python/3.12.1/lib/python3.12/site-packages/airflow/example_dags/example_trigger_target_dag.py for tasks to queue
[2026-05-20T14:39:49.975+0000] {logging_mixin.py:190} INFO - [2026-05-20T14:39:49.975+0000] {dagbag.py:588} INFO - Filling up the DagBag from /usr/local/python/3.12.1/lib/python3.12/site-packages/airflow/example_dags/example_trigger_target_dag.py
[2026-05-20T14:39:49.983+0000] {processor.py:925} INFO - DAG(s) 'example_trigger_target_dag' retrieved from /usr/local/python/3.12.1/lib/python3.12/site-packages/airflow/example_dags/example_trigger_target_dag.py
[2026-05-20T14:39:49.996+0000] {logging_mixin.py:190} INFO - [2026-05-20T14:39:49.996+0000] {dag.py:3239} INFO - Sync 1 DAGs
[2026-05-20T14:39:50.007+0000] {logging_mixin.py:190} INFO - [2026-05-20T14:39:50.006+0000] {dag.py:4180} INFO - Setting next_dagrun for example_trigger_target_dag to None, run_after=None
[2026-05-20T14:39:50.024+0000] {processor.py:208} INFO - Processing /usr/local/python/3.12.1/lib/python3.12/site-packages/airflow/example_dags/example_trigger_target_dag.py took 0.056 seconds
[2026-05-20T14:40:42.745+0000] {processor.py:186} INFO - Started process (PID=40204) to work on /usr/local/python/3.12.1/lib/python3.12/site-packages/airflow/example_dags/example_trigger_target_dag.py
[2026-05-20T14:40:42.746+0000] {processor.py:914} INFO - Processing file /usr/local/python/3.12.1/lib/python3.12/site-packages/airflow/example_dags/example_trigger_target_dag.py for tasks to queue
[2026-05-20T14:40:42.748+0000] {logging_mixin.py:190} INFO - [2026-05-20T14:40:42.748+0000] {dagbag.py:588} INFO - Filling up the DagBag from /usr/local/python/3.12.1/lib/python3.12/site-packages/airflow/example_dags/example_trigger_target_dag.py
[2026-05-20T14:40:42.755+0000] {processor.py:925} INFO - DAG(s) 'example_trigger_target_dag' retrieved from /usr/local/python/3.12.1/lib/python3.12/site-packages/airflow/example_dags/example_trigger_target_dag.py
[2026-05-20T14:40:42.768+0000] {logging_mixin.py:190} INFO - [2026-05-20T14:40:42.768+0000] {dag.py:3239} INFO - Sync 1 DAGs
[2026-05-20T14:40:42.778+0000] {logging_mixin.py:190} INFO - [2026-05-20T14:40:42.778+0000] {dag.py:4180} INFO - Setting next_dagrun for example_trigger_target_dag to None, run_after=None
[2026-05-20T14:40:42.798+0000] {processor.py:208} INFO - Processing /usr/local/python/3.12.1/lib/python3.12/site-packages/airflow/example_dags/example_trigger_target_dag.py took 0.059 seconds
[2026-05-20T14:41:37.549+0000] {processor.py:186} INFO - Started process (PID=41441) to work on /usr/local/python/3.12.1/lib/python3.12/site-packages/airflow/example_dags/example_trigger_target_dag.py
[2026-05-20T14:41:37.550+0000] {processor.py:914} INFO - Processing file /usr/local/python/3.12.1/lib/python3.12/site-packages/airflow/example_dags/example_trigger_target_dag.py for tasks to queue
[2026-05-20T14:41:37.552+0000] {logging_mixin.py:190} INFO - [2026-05-20T14:41:37.552+0000] {dagbag.py:588} INFO - Filling up the DagBag from /usr/local/python/3.12.1/lib/python3.12/site-packages/airflow/example_dags/example_trigger_target_dag.py
[2026-05-20T14:41:37.561+0000] {processor.py:925} INFO - DAG(s) 'example_trigger_target_dag' retrieved from /usr/local/python/3.12.1/lib/python3.12/site-packages/airflow/example_dags/example_trigger_target_dag.py
[2026-05-20T14:41:37.584+0000] {logging_mixin.py:190} INFO - [2026-05-20T14:41:37.584+0000] {dag.py:3239} INFO - Sync 1 DAGs
[2026-05-20T14:41:37.595+0000] {logging_mixin.py:190} INFO - [2026-05-20T14:41:37.594+0000] {dag.py:4180} INFO - Setting next_dagrun for example_trigger_target_dag to None, run_after=None
[2026-05-20T14:41:37.612+0000] {processor.py:208} INFO - Processing /usr/local/python/3.12.1/lib/python3.12/site-packages/airflow/example_dags/example_trigger_target_dag.py took 0.069 seconds
[2026-05-20T14:42:32.060+0000] {processor.py:186} INFO - Started process (PID=42072) to work on /usr/local/python/3.12.1/lib/python3.12/site-packages/airflow/example_dags/example_trigger_target_dag.py
[2026-05-20T14:42:32.061+0000] {processor.py:914} INFO - Processing file /usr/local/python/3.12.1/lib/python3.12/site-packages/airflow/example_dags/example_trigger_target_dag.py for tasks to queue
[2026-05-20T14:42:32.063+0000] {logging_mixin.py:190} INFO - [2026-05-20T14:42:32.063+0000] {dagbag.py:588} INFO - Filling up the DagBag from /usr/local/python/3.12.1/lib/python3.12/site-packages/airflow/example_dags/example_trigger_target_dag.py
[2026-05-20T14:42:32.075+0000] {processor.py:925} INFO - DAG(s) 'example_trigger_target_dag' retrieved from /usr/local/python/3.12.1/lib/python3.12/site-packages/airflow/example_dags/example_trigger_target_dag.py
[2026-05-20T14:42:32.118+0000] {logging_mixin.py:190} INFO - [2026-05-20T14:42:32.117+0000] {dag.py:3239} INFO - Sync 1 DAGs
[2026-05-20T14:42:32.134+0000] {logging_mixin.py:190} INFO - [2026-05-20T14:42:32.134+0000] {dag.py:4180} INFO - Setting next_dagrun for example_trigger_target_dag to None, run_after=None
[2026-05-20T14:42:32.176+0000] {processor.py:208} INFO - Processing /usr/local/python/3.12.1/lib/python3.12/site-packages/airflow/example_dags/example_trigger_target_dag.py took 0.124 seconds
[2026-05-20T14:43:23.512+0000] {processor.py:186} INFO - Started process (PID=42642) to work on /usr/local/python/3.12.1/lib/python3.12/site-packages/airflow/example_dags/example_trigger_target_dag.py
[2026-05-20T14:43:23.513+0000] {processor.py:914} INFO - Processing file /usr/local/python/3.12.1/lib/python3.12/site-packages/airflow/example_dags/example_trigger_target_dag.py for tasks to queue
[2026-05-20T14:43:23.514+0000] {logging_mixin.py:190} INFO - [2026-05-20T14:43:23.514+0000] {dagbag.py:588} INFO - Filling up the DagBag from /usr/local/python/3.12.1/lib/python3.12/site-packages/airflow/example_dags/example_trigger_target_dag.py
[2026-05-20T14:43:23.522+0000] {processor.py:925} INFO - DAG(s) 'example_trigger_target_dag' retrieved from /usr/local/python/3.12.1/lib/python3.12/site-packages/airflow/example_dags/example_trigger_target_dag.py
[2026-05-20T14:43:23.539+0000] {logging_mixin.py:190} INFO - [2026-05-20T14:43:23.539+0000] {dag.py:3239} INFO - Sync 1 DAGs
[2026-05-20T14:43:23.551+0000] {logging_mixin.py:190} INFO - [2026-05-20T14:43:23.551+0000] {dag.py:4180} INFO - Setting next_dagrun for example_trigger_target_dag to None, run_after=None
[2026-05-20T14:43:23.569+0000] {processor.py:208} INFO - Processing /usr/local/python/3.12.1/lib/python3.12/site-packages/airflow/example_dags/example_trigger_target_dag.py took 0.062 seconds
[2026-05-20T14:44:17.385+0000] {processor.py:186} INFO - Started process (PID=43334) to work on /usr/local/python/3.12.1/lib/python3.12/site-packages/airflow/example_dags/example_trigger_target_dag.py
[2026-05-20T14:44:17.386+0000] {processor.py:914} INFO - Processing file /usr/local/python/3.12.1/lib/python3.12/site-packages/airflow/example_dags/example_trigger_target_dag.py for tasks to queue
[2026-05-20T14:44:17.388+0000] {logging_mixin.py:190} INFO - [2026-05-20T14:44:17.388+0000] {dagbag.py:588} INFO - Filling up the DagBag from /usr/local/python/3.12.1/lib/python3.12/site-packages/airflow/example_dags/example_trigger_target_dag.py
[2026-05-20T14:44:17.397+0000] {processor.py:925} INFO - DAG(s) 'example_trigger_target_dag' retrieved from /usr/local/python/3.12.1/lib/python3.12/site-packages/airflow/example_dags/example_trigger_target_dag.py
[2026-05-20T14:44:17.412+0000] {logging_mixin.py:190} INFO - [2026-05-20T14:44:17.412+0000] {dag.py:3239} INFO - Sync 1 DAGs
[2026-05-20T14:44:17.423+0000] {logging_mixin.py:190} INFO - [2026-05-20T14:44:17.422+0000] {dag.py:4180} INFO - Setting next_dagrun for example_trigger_target_dag to None, run_after=None
[2026-05-20T14:44:17.445+0000] {processor.py:208} INFO - Processing /usr/local/python/3.12.1/lib/python3.12/site-packages/airflow/example_dags/example_trigger_target_dag.py took 0.069 seconds
[2026-05-20T14:45:09.228+0000] {processor.py:186} INFO - Started process (PID=43798) to work on /usr/local/python/3.12.1/lib/python3.12/site-packages/airflow/example_dags/example_trigger_target_dag.py
[2026-05-20T14:45:09.231+0000] {processor.py:914} INFO - Processing file /usr/local/python/3.12.1/lib/python3.12/site-packages/airflow/example_dags/example_trigger_target_dag.py for tasks to queue
[2026-05-20T14:45:09.236+0000] {logging_mixin.py:190} INFO - [2026-05-20T14:45:09.235+0000] {dagbag.py:588} INFO - Filling up the DagBag from /usr/local/python/3.12.1/lib/python3.12/site-packages/airflow/example_dags/example_trigger_target_dag.py
[2026-05-20T14:45:09.250+0000] {processor.py:925} INFO - DAG(s) 'example_trigger_target_dag' retrieved from /usr/local/python/3.12.1/lib/python3.12/site-packages/airflow/example_dags/example_trigger_target_dag.py
[2026-05-20T14:45:09.272+0000] {logging_mixin.py:190} INFO - [2026-05-20T14:45:09.272+0000] {dag.py:3239} INFO - Sync 1 DAGs
[2026-05-20T14:45:09.289+0000] {logging_mixin.py:190} INFO - [2026-05-20T14:45:09.289+0000] {dag.py:4180} INFO - Setting next_dagrun for example_trigger_target_dag to None, run_after=None
[2026-05-20T14:45:09.384+0000] {processor.py:208} INFO - Processing /usr/local/python/3.12.1/lib/python3.12/site-packages/airflow/example_dags/example_trigger_target_dag.py took 0.178 seconds
[2026-05-20T14:46:17.939+0000] {processor.py:186} INFO - Started process (PID=45759) to work on /usr/local/python/3.12.1/lib/python3.12/site-packages/airflow/example_dags/example_trigger_target_dag.py
[2026-05-20T14:46:17.940+0000] {processor.py:914} INFO - Processing file /usr/local/python/3.12.1/lib/python3.12/site-packages/airflow/example_dags/example_trigger_target_dag.py for tasks to queue
[2026-05-20T14:46:17.942+0000] {logging_mixin.py:190} INFO - [2026-05-20T14:46:17.942+0000] {dagbag.py:588} INFO - Filling up the DagBag from /usr/local/python/3.12.1/lib/python3.12/site-packages/airflow/example_dags/example_trigger_target_dag.py
[2026-05-20T14:46:17.952+0000] {processor.py:925} INFO - DAG(s) 'example_trigger_target_dag' retrieved from /usr/local/python/3.12.1/lib/python3.12/site-packages/airflow/example_dags/example_trigger_target_dag.py
[2026-05-20T14:46:17.974+0000] {logging_mixin.py:190} INFO - [2026-05-20T14:46:17.974+0000] {dag.py:3239} INFO - Sync 1 DAGs
[2026-05-20T14:46:17.993+0000] {logging_mixin.py:190} INFO - [2026-05-20T14:46:17.993+0000] {dag.py:4180} INFO - Setting next_dagrun for example_trigger_target_dag to None, run_after=None
[2026-05-20T14:46:18.039+0000] {processor.py:208} INFO - Processing /usr/local/python/3.12.1/lib/python3.12/site-packages/airflow/example_dags/example_trigger_target_dag.py took 0.110 seconds
[2026-05-20T14:47:16.145+0000] {processor.py:186} INFO - Started process (PID=46522) to work on /usr/local/python/3.12.1/lib/python3.12/site-packages/airflow/example_dags/example_trigger_target_dag.py
[2026-05-20T14:47:16.150+0000] {processor.py:914} INFO - Processing file /usr/local/python/3.12.1/lib/python3.12/site-packages/airflow/example_dags/example_trigger_target_dag.py for tasks to queue
[2026-05-20T14:47:16.159+0000] {logging_mixin.py:190} INFO - [2026-05-20T14:47:16.158+0000] {dagbag.py:588} INFO - Filling up the DagBag from /usr/local/python/3.12.1/lib/python3.12/site-packages/airflow/example_dags/example_trigger_target_dag.py
[2026-05-20T14:47:16.206+0000] {processor.py:925} INFO - DAG(s) 'example_trigger_target_dag' retrieved from /usr/local/python/3.12.1/lib/python3.12/site-packages/airflow/example_dags/example_trigger_target_dag.py
[2026-05-20T14:47:16.326+0000] {logging_mixin.py:190} INFO - [2026-05-20T14:47:16.326+0000] {dag.py:3239} INFO - Sync 1 DAGs
[2026-05-20T14:47:16.341+0000] {logging_mixin.py:190} INFO - [2026-05-20T14:47:16.341+0000] {dag.py:4180} INFO - Setting next_dagrun for example_trigger_target_dag to None, run_after=None
[2026-05-20T14:47:16.373+0000] {processor.py:208} INFO - Processing /usr/local/python/3.12.1/lib/python3.12/site-packages/airflow/example_dags/example_trigger_target_dag.py took 0.263 seconds
[2026-05-20T14:51:58.903+0000] {processor.py:186} INFO - Started process (PID=49738) to work on /usr/local/python/3.12.1/lib/python3.12/site-packages/airflow/example_dags/example_trigger_target_dag.py
[2026-05-20T14:51:58.904+0000] {processor.py:914} INFO - Processing file /usr/local/python/3.12.1/lib/python3.12/site-packages/airflow/example_dags/example_trigger_target_dag.py for tasks to queue
[2026-05-20T14:51:58.906+0000] {logging_mixin.py:190} INFO - [2026-05-20T14:51:58.905+0000] {dagbag.py:588} INFO - Filling up the DagBag from /usr/local/python/3.12.1/lib/python3.12/site-packages/airflow/example_dags/example_trigger_target_dag.py
[2026-05-20T14:51:58.913+0000] {processor.py:925} INFO - DAG(s) 'example_trigger_target_dag' retrieved from /usr/local/python/3.12.1/lib/python3.12/site-packages/airflow/example_dags/example_trigger_target_dag.py
[2026-05-20T14:51:59.006+0000] {logging_mixin.py:190} INFO - [2026-05-20T14:51:59.006+0000] {dag.py:3239} INFO - Sync 1 DAGs
[2026-05-20T14:51:59.016+0000] {logging_mixin.py:190} INFO - [2026-05-20T14:51:59.015+0000] {dag.py:4180} INFO - Setting next_dagrun for example_trigger_target_dag to None, run_after=None
[2026-05-20T14:51:59.036+0000] {processor.py:208} INFO - Processing /usr/local/python/3.12.1/lib/python3.12/site-packages/airflow/example_dags/example_trigger_target_dag.py took 0.142 seconds
[2026-05-20T14:53:02.217+0000] {processor.py:186} INFO - Started process (PID=50681) to work on /usr/local/python/3.12.1/lib/python3.12/site-packages/airflow/example_dags/example_trigger_target_dag.py
[2026-05-20T14:53:02.218+0000] {processor.py:914} INFO - Processing file /usr/local/python/3.12.1/lib/python3.12/site-packages/airflow/example_dags/example_trigger_target_dag.py for tasks to queue
[2026-05-20T14:53:02.224+0000] {logging_mixin.py:190} INFO - [2026-05-20T14:53:02.223+0000] {dagbag.py:588} INFO - Filling up the DagBag from /usr/local/python/3.12.1/lib/python3.12/site-packages/airflow/example_dags/example_trigger_target_dag.py
[2026-05-20T14:53:02.236+0000] {processor.py:925} INFO - DAG(s) 'example_trigger_target_dag' retrieved from /usr/local/python/3.12.1/lib/python3.12/site-packages/airflow/example_dags/example_trigger_target_dag.py
[2026-05-20T14:53:02.253+0000] {logging_mixin.py:190} INFO - [2026-05-20T14:53:02.253+0000] {dag.py:3239} INFO - Sync 1 DAGs
[2026-05-20T14:53:02.269+0000] {logging_mixin.py:190} INFO - [2026-05-20T14:53:02.269+0000] {dag.py:4180} INFO - Setting next_dagrun for example_trigger_target_dag to None, run_after=None
[2026-05-20T14:53:02.288+0000] {processor.py:208} INFO - Processing /usr/local/python/3.12.1/lib/python3.12/site-packages/airflow/example_dags/example_trigger_target_dag.py took 0.078 seconds
[2026-05-20T14:53:55.769+0000] {processor.py:186} INFO - Started process (PID=51617) to work on /usr/local/python/3.12.1/lib/python3.12/site-packages/airflow/example_dags/example_trigger_target_dag.py
[2026-05-20T14:53:55.770+0000] {processor.py:914} INFO - Processing file /usr/local/python/3.12.1/lib/python3.12/site-packages/airflow/example_dags/example_trigger_target_dag.py for tasks to queue
[2026-05-20T14:53:55.772+0000] {logging_mixin.py:190} INFO - [2026-05-20T14:53:55.771+0000] {dagbag.py:588} INFO - Filling up the DagBag from /usr/local/python/3.12.1/lib/python3.12/site-packages/airflow/example_dags/example_trigger_target_dag.py
[2026-05-20T14:53:55.780+0000] {processor.py:925} INFO - DAG(s) 'example_trigger_target_dag' retrieved from /usr/local/python/3.12.1/lib/python3.12/site-packages/airflow/example_dags/example_trigger_target_dag.py
[2026-05-20T14:53:55.796+0000] {logging_mixin.py:190} INFO - [2026-05-20T14:53:55.795+0000] {dag.py:3239} INFO - Sync 1 DAGs
[2026-05-20T14:53:55.807+0000] {logging_mixin.py:190} INFO - [2026-05-20T14:53:55.806+0000] {dag.py:4180} INFO - Setting next_dagrun for example_trigger_target_dag to None, run_after=None
[2026-05-20T14:53:55.823+0000] {processor.py:208} INFO - Processing /usr/local/python/3.12.1/lib/python3.12/site-packages/airflow/example_dags/example_trigger_target_dag.py took 0.059 seconds
