[2026-05-20T14:37:12.731+0000] {processor.py:186} INFO - Started process (PID=37783) to work on /usr/local/python/3.12.1/lib/python3.12/site-packages/airflow/example_dags/example_workday_timetable.py
[2026-05-20T14:37:12.731+0000] {processor.py:914} INFO - Processing file /usr/local/python/3.12.1/lib/python3.12/site-packages/airflow/example_dags/example_workday_timetable.py for tasks to queue
[2026-05-20T14:37:12.734+0000] {logging_mixin.py:190} INFO - [2026-05-20T14:37:12.734+0000] {dagbag.py:588} INFO - Filling up the DagBag from /usr/local/python/3.12.1/lib/python3.12/site-packages/airflow/example_dags/example_workday_timetable.py
[2026-05-20T14:37:12.740+0000] {processor.py:925} INFO - DAG(s) 'example_workday_timetable' retrieved from /usr/local/python/3.12.1/lib/python3.12/site-packages/airflow/example_dags/example_workday_timetable.py
[2026-05-20T14:37:12.758+0000] {logging_mixin.py:190} INFO - [2026-05-20T14:37:12.757+0000] {dag.py:3239} INFO - Sync 1 DAGs
[2026-05-20T14:37:12.882+0000] {logging_mixin.py:190} INFO - [2026-05-20T14:37:12.882+0000] {dag.py:4180} INFO - Setting next_dagrun for example_workday_timetable to 2021-01-04 00:00:00+00:00, run_after=2021-01-05 00:00:00+00:00
[2026-05-20T14:37:12.905+0000] {processor.py:208} INFO - Processing /usr/local/python/3.12.1/lib/python3.12/site-packages/airflow/example_dags/example_workday_timetable.py took 0.180 seconds
[2026-05-20T14:38:10.424+0000] {processor.py:186} INFO - Started process (PID=38523) to work on /usr/local/python/3.12.1/lib/python3.12/site-packages/airflow/example_dags/example_workday_timetable.py
[2026-05-20T14:38:10.425+0000] {processor.py:914} INFO - Processing file /usr/local/python/3.12.1/lib/python3.12/site-packages/airflow/example_dags/example_workday_timetable.py for tasks to queue
[2026-05-20T14:38:10.427+0000] {logging_mixin.py:190} INFO - [2026-05-20T14:38:10.427+0000] {dagbag.py:588} INFO - Filling up the DagBag from /usr/local/python/3.12.1/lib/python3.12/site-packages/airflow/example_dags/example_workday_timetable.py
[2026-05-20T14:38:10.434+0000] {processor.py:925} INFO - DAG(s) 'example_workday_timetable' retrieved from /usr/local/python/3.12.1/lib/python3.12/site-packages/airflow/example_dags/example_workday_timetable.py
[2026-05-20T14:38:10.450+0000] {logging_mixin.py:190} INFO - [2026-05-20T14:38:10.450+0000] {dag.py:3239} INFO - Sync 1 DAGs
[2026-05-20T14:38:10.494+0000] {logging_mixin.py:190} INFO - [2026-05-20T14:38:10.493+0000] {dag.py:4180} INFO - Setting next_dagrun for example_workday_timetable to 2021-01-04 00:00:00+00:00, run_after=2021-01-05 00:00:00+00:00
[2026-05-20T14:38:10.511+0000] {processor.py:208} INFO - Processing /usr/local/python/3.12.1/lib/python3.12/site-packages/airflow/example_dags/example_workday_timetable.py took 0.091 seconds
[2026-05-20T14:38:59.415+0000] {processor.py:186} INFO - Started process (PID=39157) to work on /usr/local/python/3.12.1/lib/python3.12/site-packages/airflow/example_dags/example_workday_timetable.py
[2026-05-20T14:38:59.418+0000] {processor.py:914} INFO - Processing file /usr/local/python/3.12.1/lib/python3.12/site-packages/airflow/example_dags/example_workday_timetable.py for tasks to queue
[2026-05-20T14:38:59.425+0000] {logging_mixin.py:190} INFO - [2026-05-20T14:38:59.424+0000] {dagbag.py:588} INFO - Filling up the DagBag from /usr/local/python/3.12.1/lib/python3.12/site-packages/airflow/example_dags/example_workday_timetable.py
[2026-05-20T14:38:59.445+0000] {processor.py:925} INFO - DAG(s) 'example_workday_timetable' retrieved from /usr/local/python/3.12.1/lib/python3.12/site-packages/airflow/example_dags/example_workday_timetable.py
[2026-05-20T14:38:59.466+0000] {logging_mixin.py:190} INFO - [2026-05-20T14:38:59.466+0000] {dag.py:3239} INFO - Sync 1 DAGs
[2026-05-20T14:38:59.529+0000] {logging_mixin.py:190} INFO - [2026-05-20T14:38:59.528+0000] {dag.py:4180} INFO - Setting next_dagrun for example_workday_timetable to 2021-01-04 00:00:00+00:00, run_after=2021-01-05 00:00:00+00:00
[2026-05-20T14:38:59.554+0000] {processor.py:208} INFO - Processing /usr/local/python/3.12.1/lib/python3.12/site-packages/airflow/example_dags/example_workday_timetable.py took 0.146 seconds
[2026-05-20T14:39:51.119+0000] {processor.py:186} INFO - Started process (PID=39618) to work on /usr/local/python/3.12.1/lib/python3.12/site-packages/airflow/example_dags/example_workday_timetable.py
[2026-05-20T14:39:51.120+0000] {processor.py:914} INFO - Processing file /usr/local/python/3.12.1/lib/python3.12/site-packages/airflow/example_dags/example_workday_timetable.py for tasks to queue
[2026-05-20T14:39:51.122+0000] {logging_mixin.py:190} INFO - [2026-05-20T14:39:51.122+0000] {dagbag.py:588} INFO - Filling up the DagBag from /usr/local/python/3.12.1/lib/python3.12/site-packages/airflow/example_dags/example_workday_timetable.py
[2026-05-20T14:39:51.129+0000] {processor.py:925} INFO - DAG(s) 'example_workday_timetable' retrieved from /usr/local/python/3.12.1/lib/python3.12/site-packages/airflow/example_dags/example_workday_timetable.py
[2026-05-20T14:39:51.146+0000] {logging_mixin.py:190} INFO - [2026-05-20T14:39:51.146+0000] {dag.py:3239} INFO - Sync 1 DAGs
[2026-05-20T14:39:51.189+0000] {logging_mixin.py:190} INFO - [2026-05-20T14:39:51.189+0000] {dag.py:4180} INFO - Setting next_dagrun for example_workday_timetable to 2021-01-04 00:00:00+00:00, run_after=2021-01-05 00:00:00+00:00
[2026-05-20T14:39:51.210+0000] {processor.py:208} INFO - Processing /usr/local/python/3.12.1/lib/python3.12/site-packages/airflow/example_dags/example_workday_timetable.py took 0.096 seconds
[2026-05-20T14:40:43.885+0000] {processor.py:186} INFO - Started process (PID=40206) to work on /usr/local/python/3.12.1/lib/python3.12/site-packages/airflow/example_dags/example_workday_timetable.py
[2026-05-20T14:40:43.886+0000] {processor.py:914} INFO - Processing file /usr/local/python/3.12.1/lib/python3.12/site-packages/airflow/example_dags/example_workday_timetable.py for tasks to queue
[2026-05-20T14:40:43.887+0000] {logging_mixin.py:190} INFO - [2026-05-20T14:40:43.887+0000] {dagbag.py:588} INFO - Filling up the DagBag from /usr/local/python/3.12.1/lib/python3.12/site-packages/airflow/example_dags/example_workday_timetable.py
[2026-05-20T14:40:43.893+0000] {processor.py:925} INFO - DAG(s) 'example_workday_timetable' retrieved from /usr/local/python/3.12.1/lib/python3.12/site-packages/airflow/example_dags/example_workday_timetable.py
[2026-05-20T14:40:43.906+0000] {logging_mixin.py:190} INFO - [2026-05-20T14:40:43.906+0000] {dag.py:3239} INFO - Sync 1 DAGs
[2026-05-20T14:40:43.959+0000] {logging_mixin.py:190} INFO - [2026-05-20T14:40:43.959+0000] {dag.py:4180} INFO - Setting next_dagrun for example_workday_timetable to 2021-01-04 00:00:00+00:00, run_after=2021-01-05 00:00:00+00:00
[2026-05-20T14:40:43.980+0000] {processor.py:208} INFO - Processing /usr/local/python/3.12.1/lib/python3.12/site-packages/airflow/example_dags/example_workday_timetable.py took 0.100 seconds
[2026-05-20T14:41:38.682+0000] {processor.py:186} INFO - Started process (PID=41449) to work on /usr/local/python/3.12.1/lib/python3.12/site-packages/airflow/example_dags/example_workday_timetable.py
[2026-05-20T14:41:38.682+0000] {processor.py:914} INFO - Processing file /usr/local/python/3.12.1/lib/python3.12/site-packages/airflow/example_dags/example_workday_timetable.py for tasks to queue
[2026-05-20T14:41:38.684+0000] {logging_mixin.py:190} INFO - [2026-05-20T14:41:38.684+0000] {dagbag.py:588} INFO - Filling up the DagBag from /usr/local/python/3.12.1/lib/python3.12/site-packages/airflow/example_dags/example_workday_timetable.py
[2026-05-20T14:41:38.689+0000] {processor.py:925} INFO - DAG(s) 'example_workday_timetable' retrieved from /usr/local/python/3.12.1/lib/python3.12/site-packages/airflow/example_dags/example_workday_timetable.py
[2026-05-20T14:41:38.702+0000] {logging_mixin.py:190} INFO - [2026-05-20T14:41:38.701+0000] {dag.py:3239} INFO - Sync 1 DAGs
[2026-05-20T14:41:38.749+0000] {logging_mixin.py:190} INFO - [2026-05-20T14:41:38.748+0000] {dag.py:4180} INFO - Setting next_dagrun for example_workday_timetable to 2021-01-04 00:00:00+00:00, run_after=2021-01-05 00:00:00+00:00
[2026-05-20T14:41:38.767+0000] {processor.py:208} INFO - Processing /usr/local/python/3.12.1/lib/python3.12/site-packages/airflow/example_dags/example_workday_timetable.py took 0.090 seconds
[2026-05-20T14:42:32.785+0000] {processor.py:186} INFO - Started process (PID=42080) to work on /usr/local/python/3.12.1/lib/python3.12/site-packages/airflow/example_dags/example_workday_timetable.py
[2026-05-20T14:42:32.786+0000] {processor.py:914} INFO - Processing file /usr/local/python/3.12.1/lib/python3.12/site-packages/airflow/example_dags/example_workday_timetable.py for tasks to queue
[2026-05-20T14:42:32.788+0000] {logging_mixin.py:190} INFO - [2026-05-20T14:42:32.788+0000] {dagbag.py:588} INFO - Filling up the DagBag from /usr/local/python/3.12.1/lib/python3.12/site-packages/airflow/example_dags/example_workday_timetable.py
[2026-05-20T14:42:32.794+0000] {processor.py:925} INFO - DAG(s) 'example_workday_timetable' retrieved from /usr/local/python/3.12.1/lib/python3.12/site-packages/airflow/example_dags/example_workday_timetable.py
[2026-05-20T14:42:32.807+0000] {logging_mixin.py:190} INFO - [2026-05-20T14:42:32.807+0000] {dag.py:3239} INFO - Sync 1 DAGs
[2026-05-20T14:42:32.857+0000] {logging_mixin.py:190} INFO - [2026-05-20T14:42:32.856+0000] {dag.py:4180} INFO - Setting next_dagrun for example_workday_timetable to 2021-01-04 00:00:00+00:00, run_after=2021-01-05 00:00:00+00:00
[2026-05-20T14:42:32.880+0000] {processor.py:208} INFO - Processing /usr/local/python/3.12.1/lib/python3.12/site-packages/airflow/example_dags/example_workday_timetable.py took 0.099 seconds
[2026-05-20T14:43:24.653+0000] {processor.py:186} INFO - Started process (PID=42654) to work on /usr/local/python/3.12.1/lib/python3.12/site-packages/airflow/example_dags/example_workday_timetable.py
[2026-05-20T14:43:24.654+0000] {processor.py:914} INFO - Processing file /usr/local/python/3.12.1/lib/python3.12/site-packages/airflow/example_dags/example_workday_timetable.py for tasks to queue
[2026-05-20T14:43:24.657+0000] {logging_mixin.py:190} INFO - [2026-05-20T14:43:24.656+0000] {dagbag.py:588} INFO - Filling up the DagBag from /usr/local/python/3.12.1/lib/python3.12/site-packages/airflow/example_dags/example_workday_timetable.py
[2026-05-20T14:43:24.667+0000] {processor.py:925} INFO - DAG(s) 'example_workday_timetable' retrieved from /usr/local/python/3.12.1/lib/python3.12/site-packages/airflow/example_dags/example_workday_timetable.py
[2026-05-20T14:43:24.691+0000] {logging_mixin.py:190} INFO - [2026-05-20T14:43:24.690+0000] {dag.py:3239} INFO - Sync 1 DAGs
[2026-05-20T14:43:24.763+0000] {logging_mixin.py:190} INFO - [2026-05-20T14:43:24.762+0000] {dag.py:4180} INFO - Setting next_dagrun for example_workday_timetable to 2021-01-04 00:00:00+00:00, run_after=2021-01-05 00:00:00+00:00
[2026-05-20T14:43:24.783+0000] {processor.py:208} INFO - Processing /usr/local/python/3.12.1/lib/python3.12/site-packages/airflow/example_dags/example_workday_timetable.py took 0.136 seconds
[2026-05-20T14:44:18.517+0000] {processor.py:186} INFO - Started process (PID=43338) to work on /usr/local/python/3.12.1/lib/python3.12/site-packages/airflow/example_dags/example_workday_timetable.py
[2026-05-20T14:44:18.518+0000] {processor.py:914} INFO - Processing file /usr/local/python/3.12.1/lib/python3.12/site-packages/airflow/example_dags/example_workday_timetable.py for tasks to queue
[2026-05-20T14:44:18.519+0000] {logging_mixin.py:190} INFO - [2026-05-20T14:44:18.519+0000] {dagbag.py:588} INFO - Filling up the DagBag from /usr/local/python/3.12.1/lib/python3.12/site-packages/airflow/example_dags/example_workday_timetable.py
[2026-05-20T14:44:18.525+0000] {processor.py:925} INFO - DAG(s) 'example_workday_timetable' retrieved from /usr/local/python/3.12.1/lib/python3.12/site-packages/airflow/example_dags/example_workday_timetable.py
[2026-05-20T14:44:18.541+0000] {logging_mixin.py:190} INFO - [2026-05-20T14:44:18.541+0000] {dag.py:3239} INFO - Sync 1 DAGs
[2026-05-20T14:44:18.587+0000] {logging_mixin.py:190} INFO - [2026-05-20T14:44:18.587+0000] {dag.py:4180} INFO - Setting next_dagrun for example_workday_timetable to 2021-01-04 00:00:00+00:00, run_after=2021-01-05 00:00:00+00:00
[2026-05-20T14:44:18.606+0000] {processor.py:208} INFO - Processing /usr/local/python/3.12.1/lib/python3.12/site-packages/airflow/example_dags/example_workday_timetable.py took 0.094 seconds
[2026-05-20T14:45:10.519+0000] {processor.py:186} INFO - Started process (PID=43806) to work on /usr/local/python/3.12.1/lib/python3.12/site-packages/airflow/example_dags/example_workday_timetable.py
[2026-05-20T14:45:10.520+0000] {processor.py:914} INFO - Processing file /usr/local/python/3.12.1/lib/python3.12/site-packages/airflow/example_dags/example_workday_timetable.py for tasks to queue
[2026-05-20T14:45:10.522+0000] {logging_mixin.py:190} INFO - [2026-05-20T14:45:10.521+0000] {dagbag.py:588} INFO - Filling up the DagBag from /usr/local/python/3.12.1/lib/python3.12/site-packages/airflow/example_dags/example_workday_timetable.py
[2026-05-20T14:45:10.529+0000] {processor.py:925} INFO - DAG(s) 'example_workday_timetable' retrieved from /usr/local/python/3.12.1/lib/python3.12/site-packages/airflow/example_dags/example_workday_timetable.py
[2026-05-20T14:45:10.545+0000] {logging_mixin.py:190} INFO - [2026-05-20T14:45:10.545+0000] {dag.py:3239} INFO - Sync 1 DAGs
[2026-05-20T14:45:10.589+0000] {logging_mixin.py:190} INFO - [2026-05-20T14:45:10.589+0000] {dag.py:4180} INFO - Setting next_dagrun for example_workday_timetable to 2021-01-04 00:00:00+00:00, run_after=2021-01-05 00:00:00+00:00
[2026-05-20T14:45:10.608+0000] {processor.py:208} INFO - Processing /usr/local/python/3.12.1/lib/python3.12/site-packages/airflow/example_dags/example_workday_timetable.py took 0.094 seconds
[2026-05-20T14:46:18.817+0000] {processor.py:186} INFO - Started process (PID=45760) to work on /usr/local/python/3.12.1/lib/python3.12/site-packages/airflow/example_dags/example_workday_timetable.py
[2026-05-20T14:46:18.818+0000] {processor.py:914} INFO - Processing file /usr/local/python/3.12.1/lib/python3.12/site-packages/airflow/example_dags/example_workday_timetable.py for tasks to queue
[2026-05-20T14:46:18.820+0000] {logging_mixin.py:190} INFO - [2026-05-20T14:46:18.820+0000] {dagbag.py:588} INFO - Filling up the DagBag from /usr/local/python/3.12.1/lib/python3.12/site-packages/airflow/example_dags/example_workday_timetable.py
[2026-05-20T14:46:18.829+0000] {processor.py:925} INFO - DAG(s) 'example_workday_timetable' retrieved from /usr/local/python/3.12.1/lib/python3.12/site-packages/airflow/example_dags/example_workday_timetable.py
[2026-05-20T14:46:18.845+0000] {logging_mixin.py:190} INFO - [2026-05-20T14:46:18.845+0000] {dag.py:3239} INFO - Sync 1 DAGs
[2026-05-20T14:46:18.892+0000] {logging_mixin.py:190} INFO - [2026-05-20T14:46:18.892+0000] {dag.py:4180} INFO - Setting next_dagrun for example_workday_timetable to 2021-01-04 00:00:00+00:00, run_after=2021-01-05 00:00:00+00:00
[2026-05-20T14:46:18.912+0000] {processor.py:208} INFO - Processing /usr/local/python/3.12.1/lib/python3.12/site-packages/airflow/example_dags/example_workday_timetable.py took 0.101 seconds
[2026-05-20T14:47:17.469+0000] {processor.py:186} INFO - Started process (PID=46536) to work on /usr/local/python/3.12.1/lib/python3.12/site-packages/airflow/example_dags/example_workday_timetable.py
[2026-05-20T14:47:17.470+0000] {processor.py:914} INFO - Processing file /usr/local/python/3.12.1/lib/python3.12/site-packages/airflow/example_dags/example_workday_timetable.py for tasks to queue
[2026-05-20T14:47:17.472+0000] {logging_mixin.py:190} INFO - [2026-05-20T14:47:17.472+0000] {dagbag.py:588} INFO - Filling up the DagBag from /usr/local/python/3.12.1/lib/python3.12/site-packages/airflow/example_dags/example_workday_timetable.py
[2026-05-20T14:47:17.480+0000] {processor.py:925} INFO - DAG(s) 'example_workday_timetable' retrieved from /usr/local/python/3.12.1/lib/python3.12/site-packages/airflow/example_dags/example_workday_timetable.py
[2026-05-20T14:47:17.494+0000] {logging_mixin.py:190} INFO - [2026-05-20T14:47:17.493+0000] {dag.py:3239} INFO - Sync 1 DAGs
[2026-05-20T14:47:17.769+0000] {logging_mixin.py:190} INFO - [2026-05-20T14:47:17.769+0000] {dag.py:4180} INFO - Setting next_dagrun for example_workday_timetable to 2021-01-04 00:00:00+00:00, run_after=2021-01-05 00:00:00+00:00
[2026-05-20T14:47:17.787+0000] {processor.py:208} INFO - Processing /usr/local/python/3.12.1/lib/python3.12/site-packages/airflow/example_dags/example_workday_timetable.py took 0.324 seconds
[2026-05-20T14:52:00.145+0000] {processor.py:186} INFO - Started process (PID=49744) to work on /usr/local/python/3.12.1/lib/python3.12/site-packages/airflow/example_dags/example_workday_timetable.py
[2026-05-20T14:52:00.147+0000] {processor.py:914} INFO - Processing file /usr/local/python/3.12.1/lib/python3.12/site-packages/airflow/example_dags/example_workday_timetable.py for tasks to queue
[2026-05-20T14:52:00.149+0000] {logging_mixin.py:190} INFO - [2026-05-20T14:52:00.149+0000] {dagbag.py:588} INFO - Filling up the DagBag from /usr/local/python/3.12.1/lib/python3.12/site-packages/airflow/example_dags/example_workday_timetable.py
[2026-05-20T14:52:00.154+0000] {processor.py:925} INFO - DAG(s) 'example_workday_timetable' retrieved from /usr/local/python/3.12.1/lib/python3.12/site-packages/airflow/example_dags/example_workday_timetable.py
[2026-05-20T14:52:00.252+0000] {logging_mixin.py:190} INFO - [2026-05-20T14:52:00.252+0000] {dag.py:3239} INFO - Sync 1 DAGs
[2026-05-20T14:52:00.295+0000] {logging_mixin.py:190} INFO - [2026-05-20T14:52:00.295+0000] {dag.py:4180} INFO - Setting next_dagrun for example_workday_timetable to 2021-01-04 00:00:00+00:00, run_after=2021-01-05 00:00:00+00:00
[2026-05-20T14:52:00.314+0000] {processor.py:208} INFO - Processing /usr/local/python/3.12.1/lib/python3.12/site-packages/airflow/example_dags/example_workday_timetable.py took 0.175 seconds
[2026-05-20T14:53:02.878+0000] {processor.py:186} INFO - Started process (PID=50708) to work on /usr/local/python/3.12.1/lib/python3.12/site-packages/airflow/example_dags/example_workday_timetable.py
[2026-05-20T14:53:02.879+0000] {processor.py:914} INFO - Processing file /usr/local/python/3.12.1/lib/python3.12/site-packages/airflow/example_dags/example_workday_timetable.py for tasks to queue
[2026-05-20T14:53:02.881+0000] {logging_mixin.py:190} INFO - [2026-05-20T14:53:02.881+0000] {dagbag.py:588} INFO - Filling up the DagBag from /usr/local/python/3.12.1/lib/python3.12/site-packages/airflow/example_dags/example_workday_timetable.py
[2026-05-20T14:53:02.886+0000] {processor.py:925} INFO - DAG(s) 'example_workday_timetable' retrieved from /usr/local/python/3.12.1/lib/python3.12/site-packages/airflow/example_dags/example_workday_timetable.py
[2026-05-20T14:53:02.899+0000] {logging_mixin.py:190} INFO - [2026-05-20T14:53:02.899+0000] {dag.py:3239} INFO - Sync 1 DAGs
[2026-05-20T14:53:02.947+0000] {logging_mixin.py:190} INFO - [2026-05-20T14:53:02.947+0000] {dag.py:4180} INFO - Setting next_dagrun for example_workday_timetable to 2021-01-04 00:00:00+00:00, run_after=2021-01-05 00:00:00+00:00
[2026-05-20T14:53:02.966+0000] {processor.py:208} INFO - Processing /usr/local/python/3.12.1/lib/python3.12/site-packages/airflow/example_dags/example_workday_timetable.py took 0.092 seconds
[2026-05-20T14:53:56.911+0000] {processor.py:186} INFO - Started process (PID=51660) to work on /usr/local/python/3.12.1/lib/python3.12/site-packages/airflow/example_dags/example_workday_timetable.py
[2026-05-20T14:53:56.912+0000] {processor.py:914} INFO - Processing file /usr/local/python/3.12.1/lib/python3.12/site-packages/airflow/example_dags/example_workday_timetable.py for tasks to queue
[2026-05-20T14:53:56.914+0000] {logging_mixin.py:190} INFO - [2026-05-20T14:53:56.914+0000] {dagbag.py:588} INFO - Filling up the DagBag from /usr/local/python/3.12.1/lib/python3.12/site-packages/airflow/example_dags/example_workday_timetable.py
[2026-05-20T14:53:56.920+0000] {processor.py:925} INFO - DAG(s) 'example_workday_timetable' retrieved from /usr/local/python/3.12.1/lib/python3.12/site-packages/airflow/example_dags/example_workday_timetable.py
[2026-05-20T14:53:56.935+0000] {logging_mixin.py:190} INFO - [2026-05-20T14:53:56.935+0000] {dag.py:3239} INFO - Sync 1 DAGs
[2026-05-20T14:53:56.981+0000] {logging_mixin.py:190} INFO - [2026-05-20T14:53:56.981+0000] {dag.py:4180} INFO - Setting next_dagrun for example_workday_timetable to 2021-01-04 00:00:00+00:00, run_after=2021-01-05 00:00:00+00:00
[2026-05-20T14:53:56.999+0000] {processor.py:208} INFO - Processing /usr/local/python/3.12.1/lib/python3.12/site-packages/airflow/example_dags/example_workday_timetable.py took 0.093 seconds
