[2026-05-20T14:37:27.136+0000] {processor.py:186} INFO - Started process (PID=38012) to work on /usr/local/python/3.12.1/lib/python3.12/site-packages/airflow/example_dags/example_sensors.py
[2026-05-20T14:37:27.136+0000] {processor.py:914} INFO - Processing file /usr/local/python/3.12.1/lib/python3.12/site-packages/airflow/example_dags/example_sensors.py for tasks to queue
[2026-05-20T14:37:27.138+0000] {logging_mixin.py:190} INFO - [2026-05-20T14:37:27.138+0000] {dagbag.py:588} INFO - Filling up the DagBag from /usr/local/python/3.12.1/lib/python3.12/site-packages/airflow/example_dags/example_sensors.py
[2026-05-20T14:37:27.151+0000] {processor.py:925} INFO - DAG(s) 'example_sensors' retrieved from /usr/local/python/3.12.1/lib/python3.12/site-packages/airflow/example_dags/example_sensors.py
[2026-05-20T14:37:27.172+0000] {logging_mixin.py:190} INFO - [2026-05-20T14:37:27.172+0000] {dag.py:3239} INFO - Sync 1 DAGs
[2026-05-20T14:37:27.183+0000] {logging_mixin.py:190} INFO - [2026-05-20T14:37:27.182+0000] {dag.py:4180} INFO - Setting next_dagrun for example_sensors to None, run_after=None
[2026-05-20T14:37:27.202+0000] {processor.py:208} INFO - Processing /usr/local/python/3.12.1/lib/python3.12/site-packages/airflow/example_dags/example_sensors.py took 0.071 seconds
[2026-05-20T14:38:22.110+0000] {processor.py:186} INFO - Started process (PID=38618) to work on /usr/local/python/3.12.1/lib/python3.12/site-packages/airflow/example_dags/example_sensors.py
[2026-05-20T14:38:22.111+0000] {processor.py:914} INFO - Processing file /usr/local/python/3.12.1/lib/python3.12/site-packages/airflow/example_dags/example_sensors.py for tasks to queue
[2026-05-20T14:38:22.113+0000] {logging_mixin.py:190} INFO - [2026-05-20T14:38:22.113+0000] {dagbag.py:588} INFO - Filling up the DagBag from /usr/local/python/3.12.1/lib/python3.12/site-packages/airflow/example_dags/example_sensors.py
[2026-05-20T14:38:22.131+0000] {processor.py:925} INFO - DAG(s) 'example_sensors' retrieved from /usr/local/python/3.12.1/lib/python3.12/site-packages/airflow/example_dags/example_sensors.py
[2026-05-20T14:38:22.167+0000] {logging_mixin.py:190} INFO - [2026-05-20T14:38:22.166+0000] {dag.py:3239} INFO - Sync 1 DAGs
[2026-05-20T14:38:22.187+0000] {logging_mixin.py:190} INFO - [2026-05-20T14:38:22.187+0000] {dag.py:4180} INFO - Setting next_dagrun for example_sensors to None, run_after=None
[2026-05-20T14:38:22.219+0000] {processor.py:208} INFO - Processing /usr/local/python/3.12.1/lib/python3.12/site-packages/airflow/example_dags/example_sensors.py took 0.117 seconds
[2026-05-20T14:39:16.894+0000] {processor.py:186} INFO - Started process (PID=39359) to work on /usr/local/python/3.12.1/lib/python3.12/site-packages/airflow/example_dags/example_sensors.py
[2026-05-20T14:39:16.895+0000] {processor.py:914} INFO - Processing file /usr/local/python/3.12.1/lib/python3.12/site-packages/airflow/example_dags/example_sensors.py for tasks to queue
[2026-05-20T14:39:16.897+0000] {logging_mixin.py:190} INFO - [2026-05-20T14:39:16.896+0000] {dagbag.py:588} INFO - Filling up the DagBag from /usr/local/python/3.12.1/lib/python3.12/site-packages/airflow/example_dags/example_sensors.py
[2026-05-20T14:39:16.906+0000] {processor.py:925} INFO - DAG(s) 'example_sensors' retrieved from /usr/local/python/3.12.1/lib/python3.12/site-packages/airflow/example_dags/example_sensors.py
[2026-05-20T14:39:16.927+0000] {logging_mixin.py:190} INFO - [2026-05-20T14:39:16.927+0000] {dag.py:3239} INFO - Sync 1 DAGs
[2026-05-20T14:39:16.940+0000] {logging_mixin.py:190} INFO - [2026-05-20T14:39:16.940+0000] {dag.py:4180} INFO - Setting next_dagrun for example_sensors to None, run_after=None
[2026-05-20T14:39:16.959+0000] {processor.py:208} INFO - Processing /usr/local/python/3.12.1/lib/python3.12/site-packages/airflow/example_dags/example_sensors.py took 0.069 seconds
[2026-05-20T14:40:10.109+0000] {processor.py:186} INFO - Started process (PID=39831) to work on /usr/local/python/3.12.1/lib/python3.12/site-packages/airflow/example_dags/example_sensors.py
[2026-05-20T14:40:10.110+0000] {processor.py:914} INFO - Processing file /usr/local/python/3.12.1/lib/python3.12/site-packages/airflow/example_dags/example_sensors.py for tasks to queue
[2026-05-20T14:40:10.112+0000] {logging_mixin.py:190} INFO - [2026-05-20T14:40:10.111+0000] {dagbag.py:588} INFO - Filling up the DagBag from /usr/local/python/3.12.1/lib/python3.12/site-packages/airflow/example_dags/example_sensors.py
[2026-05-20T14:40:10.121+0000] {processor.py:925} INFO - DAG(s) 'example_sensors' retrieved from /usr/local/python/3.12.1/lib/python3.12/site-packages/airflow/example_dags/example_sensors.py
[2026-05-20T14:40:10.144+0000] {logging_mixin.py:190} INFO - [2026-05-20T14:40:10.143+0000] {dag.py:3239} INFO - Sync 1 DAGs
[2026-05-20T14:40:10.156+0000] {logging_mixin.py:190} INFO - [2026-05-20T14:40:10.155+0000] {dag.py:4180} INFO - Setting next_dagrun for example_sensors to None, run_after=None
[2026-05-20T14:40:10.174+0000] {processor.py:208} INFO - Processing /usr/local/python/3.12.1/lib/python3.12/site-packages/airflow/example_dags/example_sensors.py took 0.069 seconds
[2026-05-20T14:41:03.036+0000] {processor.py:186} INFO - Started process (PID=40945) to work on /usr/local/python/3.12.1/lib/python3.12/site-packages/airflow/example_dags/example_sensors.py
[2026-05-20T14:41:03.037+0000] {processor.py:914} INFO - Processing file /usr/local/python/3.12.1/lib/python3.12/site-packages/airflow/example_dags/example_sensors.py for tasks to queue
[2026-05-20T14:41:03.040+0000] {logging_mixin.py:190} INFO - [2026-05-20T14:41:03.040+0000] {dagbag.py:588} INFO - Filling up the DagBag from /usr/local/python/3.12.1/lib/python3.12/site-packages/airflow/example_dags/example_sensors.py
[2026-05-20T14:41:03.055+0000] {processor.py:925} INFO - DAG(s) 'example_sensors' retrieved from /usr/local/python/3.12.1/lib/python3.12/site-packages/airflow/example_dags/example_sensors.py
[2026-05-20T14:41:03.082+0000] {logging_mixin.py:190} INFO - [2026-05-20T14:41:03.081+0000] {dag.py:3239} INFO - Sync 1 DAGs
[2026-05-20T14:41:03.097+0000] {logging_mixin.py:190} INFO - [2026-05-20T14:41:03.096+0000] {dag.py:4180} INFO - Setting next_dagrun for example_sensors to None, run_after=None
[2026-05-20T14:41:03.123+0000] {processor.py:208} INFO - Processing /usr/local/python/3.12.1/lib/python3.12/site-packages/airflow/example_dags/example_sensors.py took 0.094 seconds
[2026-05-20T14:41:58.368+0000] {processor.py:186} INFO - Started process (PID=41682) to work on /usr/local/python/3.12.1/lib/python3.12/site-packages/airflow/example_dags/example_sensors.py
[2026-05-20T14:41:58.369+0000] {processor.py:914} INFO - Processing file /usr/local/python/3.12.1/lib/python3.12/site-packages/airflow/example_dags/example_sensors.py for tasks to queue
[2026-05-20T14:41:58.371+0000] {logging_mixin.py:190} INFO - [2026-05-20T14:41:58.371+0000] {dagbag.py:588} INFO - Filling up the DagBag from /usr/local/python/3.12.1/lib/python3.12/site-packages/airflow/example_dags/example_sensors.py
[2026-05-20T14:41:58.380+0000] {processor.py:925} INFO - DAG(s) 'example_sensors' retrieved from /usr/local/python/3.12.1/lib/python3.12/site-packages/airflow/example_dags/example_sensors.py
[2026-05-20T14:41:58.401+0000] {logging_mixin.py:190} INFO - [2026-05-20T14:41:58.401+0000] {dag.py:3239} INFO - Sync 1 DAGs
[2026-05-20T14:41:58.412+0000] {logging_mixin.py:190} INFO - [2026-05-20T14:41:58.411+0000] {dag.py:4180} INFO - Setting next_dagrun for example_sensors to None, run_after=None
[2026-05-20T14:41:58.431+0000] {processor.py:208} INFO - Processing /usr/local/python/3.12.1/lib/python3.12/site-packages/airflow/example_dags/example_sensors.py took 0.067 seconds
[2026-05-20T14:42:51.451+0000] {processor.py:186} INFO - Started process (PID=42224) to work on /usr/local/python/3.12.1/lib/python3.12/site-packages/airflow/example_dags/example_sensors.py
[2026-05-20T14:42:51.452+0000] {processor.py:914} INFO - Processing file /usr/local/python/3.12.1/lib/python3.12/site-packages/airflow/example_dags/example_sensors.py for tasks to queue
[2026-05-20T14:42:51.454+0000] {logging_mixin.py:190} INFO - [2026-05-20T14:42:51.453+0000] {dagbag.py:588} INFO - Filling up the DagBag from /usr/local/python/3.12.1/lib/python3.12/site-packages/airflow/example_dags/example_sensors.py
[2026-05-20T14:42:51.464+0000] {processor.py:925} INFO - DAG(s) 'example_sensors' retrieved from /usr/local/python/3.12.1/lib/python3.12/site-packages/airflow/example_dags/example_sensors.py
[2026-05-20T14:42:51.483+0000] {logging_mixin.py:190} INFO - [2026-05-20T14:42:51.483+0000] {dag.py:3239} INFO - Sync 1 DAGs
[2026-05-20T14:42:51.494+0000] {logging_mixin.py:190} INFO - [2026-05-20T14:42:51.493+0000] {dag.py:4180} INFO - Setting next_dagrun for example_sensors to None, run_after=None
[2026-05-20T14:42:51.520+0000] {processor.py:208} INFO - Processing /usr/local/python/3.12.1/lib/python3.12/site-packages/airflow/example_dags/example_sensors.py took 0.074 seconds
[2026-05-20T14:43:43.201+0000] {processor.py:186} INFO - Started process (PID=42938) to work on /usr/local/python/3.12.1/lib/python3.12/site-packages/airflow/example_dags/example_sensors.py
[2026-05-20T14:43:43.202+0000] {processor.py:914} INFO - Processing file /usr/local/python/3.12.1/lib/python3.12/site-packages/airflow/example_dags/example_sensors.py for tasks to queue
[2026-05-20T14:43:43.203+0000] {logging_mixin.py:190} INFO - [2026-05-20T14:43:43.203+0000] {dagbag.py:588} INFO - Filling up the DagBag from /usr/local/python/3.12.1/lib/python3.12/site-packages/airflow/example_dags/example_sensors.py
[2026-05-20T14:43:43.212+0000] {processor.py:925} INFO - DAG(s) 'example_sensors' retrieved from /usr/local/python/3.12.1/lib/python3.12/site-packages/airflow/example_dags/example_sensors.py
[2026-05-20T14:43:43.232+0000] {logging_mixin.py:190} INFO - [2026-05-20T14:43:43.232+0000] {dag.py:3239} INFO - Sync 1 DAGs
[2026-05-20T14:43:43.244+0000] {logging_mixin.py:190} INFO - [2026-05-20T14:43:43.244+0000] {dag.py:4180} INFO - Setting next_dagrun for example_sensors to None, run_after=None
[2026-05-20T14:43:43.263+0000] {processor.py:208} INFO - Processing /usr/local/python/3.12.1/lib/python3.12/site-packages/airflow/example_dags/example_sensors.py took 0.067 seconds
[2026-05-20T14:44:37.552+0000] {processor.py:186} INFO - Started process (PID=43489) to work on /usr/local/python/3.12.1/lib/python3.12/site-packages/airflow/example_dags/example_sensors.py
[2026-05-20T14:44:37.553+0000] {processor.py:914} INFO - Processing file /usr/local/python/3.12.1/lib/python3.12/site-packages/airflow/example_dags/example_sensors.py for tasks to queue
[2026-05-20T14:44:37.555+0000] {logging_mixin.py:190} INFO - [2026-05-20T14:44:37.554+0000] {dagbag.py:588} INFO - Filling up the DagBag from /usr/local/python/3.12.1/lib/python3.12/site-packages/airflow/example_dags/example_sensors.py
[2026-05-20T14:44:37.563+0000] {processor.py:925} INFO - DAG(s) 'example_sensors' retrieved from /usr/local/python/3.12.1/lib/python3.12/site-packages/airflow/example_dags/example_sensors.py
[2026-05-20T14:44:37.582+0000] {logging_mixin.py:190} INFO - [2026-05-20T14:44:37.581+0000] {dag.py:3239} INFO - Sync 1 DAGs
[2026-05-20T14:44:37.592+0000] {logging_mixin.py:190} INFO - [2026-05-20T14:44:37.591+0000] {dag.py:4180} INFO - Setting next_dagrun for example_sensors to None, run_after=None
[2026-05-20T14:44:37.608+0000] {processor.py:208} INFO - Processing /usr/local/python/3.12.1/lib/python3.12/site-packages/airflow/example_dags/example_sensors.py took 0.061 seconds
[2026-05-20T14:45:37.594+0000] {processor.py:186} INFO - Started process (PID=44627) to work on /usr/local/python/3.12.1/lib/python3.12/site-packages/airflow/example_dags/example_sensors.py
[2026-05-20T14:45:37.644+0000] {processor.py:914} INFO - Processing file /usr/local/python/3.12.1/lib/python3.12/site-packages/airflow/example_dags/example_sensors.py for tasks to queue
[2026-05-20T14:45:37.647+0000] {logging_mixin.py:190} INFO - [2026-05-20T14:45:37.646+0000] {dagbag.py:588} INFO - Filling up the DagBag from /usr/local/python/3.12.1/lib/python3.12/site-packages/airflow/example_dags/example_sensors.py
[2026-05-20T14:45:37.684+0000] {processor.py:925} INFO - DAG(s) 'example_sensors' retrieved from /usr/local/python/3.12.1/lib/python3.12/site-packages/airflow/example_dags/example_sensors.py
[2026-05-20T14:45:37.771+0000] {logging_mixin.py:190} INFO - [2026-05-20T14:45:37.770+0000] {dag.py:3239} INFO - Sync 1 DAGs
[2026-05-20T14:45:37.806+0000] {logging_mixin.py:190} INFO - [2026-05-20T14:45:37.805+0000] {dag.py:4180} INFO - Setting next_dagrun for example_sensors to None, run_after=None
[2026-05-20T14:45:37.924+0000] {processor.py:208} INFO - Processing /usr/local/python/3.12.1/lib/python3.12/site-packages/airflow/example_dags/example_sensors.py took 0.348 seconds
[2026-05-20T14:46:40.360+0000] {processor.py:186} INFO - Started process (PID=45949) to work on /usr/local/python/3.12.1/lib/python3.12/site-packages/airflow/example_dags/example_sensors.py
[2026-05-20T14:46:40.361+0000] {processor.py:914} INFO - Processing file /usr/local/python/3.12.1/lib/python3.12/site-packages/airflow/example_dags/example_sensors.py for tasks to queue
[2026-05-20T14:46:40.363+0000] {logging_mixin.py:190} INFO - [2026-05-20T14:46:40.363+0000] {dagbag.py:588} INFO - Filling up the DagBag from /usr/local/python/3.12.1/lib/python3.12/site-packages/airflow/example_dags/example_sensors.py
[2026-05-20T14:46:40.373+0000] {processor.py:925} INFO - DAG(s) 'example_sensors' retrieved from /usr/local/python/3.12.1/lib/python3.12/site-packages/airflow/example_dags/example_sensors.py
[2026-05-20T14:46:40.392+0000] {logging_mixin.py:190} INFO - [2026-05-20T14:46:40.392+0000] {dag.py:3239} INFO - Sync 1 DAGs
[2026-05-20T14:46:40.403+0000] {logging_mixin.py:190} INFO - [2026-05-20T14:46:40.403+0000] {dag.py:4180} INFO - Setting next_dagrun for example_sensors to None, run_after=None
[2026-05-20T14:46:40.423+0000] {processor.py:208} INFO - Processing /usr/local/python/3.12.1/lib/python3.12/site-packages/airflow/example_dags/example_sensors.py took 0.074 seconds
[2026-05-20T14:52:15.556+0000] {processor.py:186} INFO - Started process (PID=49999) to work on /usr/local/python/3.12.1/lib/python3.12/site-packages/airflow/example_dags/example_sensors.py
[2026-05-20T14:52:15.558+0000] {processor.py:914} INFO - Processing file /usr/local/python/3.12.1/lib/python3.12/site-packages/airflow/example_dags/example_sensors.py for tasks to queue
[2026-05-20T14:52:15.560+0000] {logging_mixin.py:190} INFO - [2026-05-20T14:52:15.560+0000] {dagbag.py:588} INFO - Filling up the DagBag from /usr/local/python/3.12.1/lib/python3.12/site-packages/airflow/example_dags/example_sensors.py
[2026-05-20T14:52:15.573+0000] {processor.py:925} INFO - DAG(s) 'example_sensors' retrieved from /usr/local/python/3.12.1/lib/python3.12/site-packages/airflow/example_dags/example_sensors.py
[2026-05-20T14:52:15.741+0000] {logging_mixin.py:190} INFO - [2026-05-20T14:52:15.740+0000] {dag.py:3239} INFO - Sync 1 DAGs
[2026-05-20T14:52:15.754+0000] {logging_mixin.py:190} INFO - [2026-05-20T14:52:15.753+0000] {dag.py:4180} INFO - Setting next_dagrun for example_sensors to None, run_after=None
[2026-05-20T14:52:15.781+0000] {processor.py:208} INFO - Processing /usr/local/python/3.12.1/lib/python3.12/site-packages/airflow/example_dags/example_sensors.py took 0.230 seconds
[2026-05-20T14:53:15.502+0000] {processor.py:186} INFO - Started process (PID=50955) to work on /usr/local/python/3.12.1/lib/python3.12/site-packages/airflow/example_dags/example_sensors.py
[2026-05-20T14:53:15.503+0000] {processor.py:914} INFO - Processing file /usr/local/python/3.12.1/lib/python3.12/site-packages/airflow/example_dags/example_sensors.py for tasks to queue
[2026-05-20T14:53:15.505+0000] {logging_mixin.py:190} INFO - [2026-05-20T14:53:15.505+0000] {dagbag.py:588} INFO - Filling up the DagBag from /usr/local/python/3.12.1/lib/python3.12/site-packages/airflow/example_dags/example_sensors.py
[2026-05-20T14:53:15.521+0000] {processor.py:925} INFO - DAG(s) 'example_sensors' retrieved from /usr/local/python/3.12.1/lib/python3.12/site-packages/airflow/example_dags/example_sensors.py
[2026-05-20T14:53:15.558+0000] {logging_mixin.py:190} INFO - [2026-05-20T14:53:15.558+0000] {dag.py:3239} INFO - Sync 1 DAGs
[2026-05-20T14:53:15.592+0000] {logging_mixin.py:190} INFO - [2026-05-20T14:53:15.591+0000] {dag.py:4180} INFO - Setting next_dagrun for example_sensors to None, run_after=None
[2026-05-20T14:53:15.619+0000] {processor.py:208} INFO - Processing /usr/local/python/3.12.1/lib/python3.12/site-packages/airflow/example_dags/example_sensors.py took 0.121 seconds
[2026-05-20T14:54:10.359+0000] {processor.py:186} INFO - Started process (PID=51873) to work on /usr/local/python/3.12.1/lib/python3.12/site-packages/airflow/example_dags/example_sensors.py
[2026-05-20T14:54:10.360+0000] {processor.py:914} INFO - Processing file /usr/local/python/3.12.1/lib/python3.12/site-packages/airflow/example_dags/example_sensors.py for tasks to queue
[2026-05-20T14:54:10.362+0000] {logging_mixin.py:190} INFO - [2026-05-20T14:54:10.361+0000] {dagbag.py:588} INFO - Filling up the DagBag from /usr/local/python/3.12.1/lib/python3.12/site-packages/airflow/example_dags/example_sensors.py
[2026-05-20T14:54:10.372+0000] {processor.py:925} INFO - DAG(s) 'example_sensors' retrieved from /usr/local/python/3.12.1/lib/python3.12/site-packages/airflow/example_dags/example_sensors.py
[2026-05-20T14:54:10.391+0000] {logging_mixin.py:190} INFO - [2026-05-20T14:54:10.391+0000] {dag.py:3239} INFO - Sync 1 DAGs
[2026-05-20T14:54:10.401+0000] {logging_mixin.py:190} INFO - [2026-05-20T14:54:10.401+0000] {dag.py:4180} INFO - Setting next_dagrun for example_sensors to None, run_after=None
[2026-05-20T14:54:10.418+0000] {processor.py:208} INFO - Processing /usr/local/python/3.12.1/lib/python3.12/site-packages/airflow/example_dags/example_sensors.py took 0.066 seconds
