[2026-05-20T14:37:09.107+0000] {processor.py:186} INFO - Started process (PID=37678) to work on /usr/local/python/3.12.1/lib/python3.12/site-packages/airflow/example_dags/example_xcomargs.py
[2026-05-20T14:37:09.108+0000] {processor.py:914} INFO - Processing file /usr/local/python/3.12.1/lib/python3.12/site-packages/airflow/example_dags/example_xcomargs.py for tasks to queue
[2026-05-20T14:37:09.110+0000] {logging_mixin.py:190} INFO - [2026-05-20T14:37:09.110+0000] {dagbag.py:588} INFO - Filling up the DagBag from /usr/local/python/3.12.1/lib/python3.12/site-packages/airflow/example_dags/example_xcomargs.py
[2026-05-20T14:37:09.121+0000] {processor.py:925} INFO - DAG(s) 'example_xcom_args_with_operators', 'example_xcom_args' retrieved from /usr/local/python/3.12.1/lib/python3.12/site-packages/airflow/example_dags/example_xcomargs.py
[2026-05-20T14:37:09.150+0000] {logging_mixin.py:190} INFO - [2026-05-20T14:37:09.150+0000] {dag.py:3239} INFO - Sync 2 DAGs
[2026-05-20T14:37:09.161+0000] {logging_mixin.py:190} INFO - [2026-05-20T14:37:09.160+0000] {dag.py:4180} INFO - Setting next_dagrun for example_xcom_args to None, run_after=None
[2026-05-20T14:37:09.165+0000] {logging_mixin.py:190} INFO - [2026-05-20T14:37:09.165+0000] {dag.py:4180} INFO - Setting next_dagrun for example_xcom_args_with_operators to None, run_after=None
[2026-05-20T14:37:09.183+0000] {processor.py:208} INFO - Processing /usr/local/python/3.12.1/lib/python3.12/site-packages/airflow/example_dags/example_xcomargs.py took 0.080 seconds
[2026-05-20T14:38:06.655+0000] {processor.py:186} INFO - Started process (PID=38503) to work on /usr/local/python/3.12.1/lib/python3.12/site-packages/airflow/example_dags/example_xcomargs.py
[2026-05-20T14:38:06.656+0000] {processor.py:914} INFO - Processing file /usr/local/python/3.12.1/lib/python3.12/site-packages/airflow/example_dags/example_xcomargs.py for tasks to queue
[2026-05-20T14:38:06.658+0000] {logging_mixin.py:190} INFO - [2026-05-20T14:38:06.657+0000] {dagbag.py:588} INFO - Filling up the DagBag from /usr/local/python/3.12.1/lib/python3.12/site-packages/airflow/example_dags/example_xcomargs.py
[2026-05-20T14:38:06.669+0000] {processor.py:925} INFO - DAG(s) 'example_xcom_args_with_operators', 'example_xcom_args' retrieved from /usr/local/python/3.12.1/lib/python3.12/site-packages/airflow/example_dags/example_xcomargs.py
[2026-05-20T14:38:06.685+0000] {logging_mixin.py:190} INFO - [2026-05-20T14:38:06.685+0000] {dag.py:3239} INFO - Sync 2 DAGs
[2026-05-20T14:38:06.695+0000] {logging_mixin.py:190} INFO - [2026-05-20T14:38:06.695+0000] {dag.py:4180} INFO - Setting next_dagrun for example_xcom_args to None, run_after=None
[2026-05-20T14:38:06.698+0000] {logging_mixin.py:190} INFO - [2026-05-20T14:38:06.698+0000] {dag.py:4180} INFO - Setting next_dagrun for example_xcom_args_with_operators to None, run_after=None
[2026-05-20T14:38:06.713+0000] {processor.py:208} INFO - Processing /usr/local/python/3.12.1/lib/python3.12/site-packages/airflow/example_dags/example_xcomargs.py took 0.063 seconds
[2026-05-20T14:38:56.749+0000] {processor.py:186} INFO - Started process (PID=39142) to work on /usr/local/python/3.12.1/lib/python3.12/site-packages/airflow/example_dags/example_xcomargs.py
[2026-05-20T14:38:56.750+0000] {processor.py:914} INFO - Processing file /usr/local/python/3.12.1/lib/python3.12/site-packages/airflow/example_dags/example_xcomargs.py for tasks to queue
[2026-05-20T14:38:56.752+0000] {logging_mixin.py:190} INFO - [2026-05-20T14:38:56.751+0000] {dagbag.py:588} INFO - Filling up the DagBag from /usr/local/python/3.12.1/lib/python3.12/site-packages/airflow/example_dags/example_xcomargs.py
[2026-05-20T14:38:56.761+0000] {processor.py:925} INFO - DAG(s) 'example_xcom_args_with_operators', 'example_xcom_args' retrieved from /usr/local/python/3.12.1/lib/python3.12/site-packages/airflow/example_dags/example_xcomargs.py
[2026-05-20T14:38:56.777+0000] {logging_mixin.py:190} INFO - [2026-05-20T14:38:56.777+0000] {dag.py:3239} INFO - Sync 2 DAGs
[2026-05-20T14:38:56.787+0000] {logging_mixin.py:190} INFO - [2026-05-20T14:38:56.787+0000] {dag.py:4180} INFO - Setting next_dagrun for example_xcom_args to None, run_after=None
[2026-05-20T14:38:56.791+0000] {logging_mixin.py:190} INFO - [2026-05-20T14:38:56.790+0000] {dag.py:4180} INFO - Setting next_dagrun for example_xcom_args_with_operators to None, run_after=None
[2026-05-20T14:38:56.809+0000] {processor.py:208} INFO - Processing /usr/local/python/3.12.1/lib/python3.12/site-packages/airflow/example_dags/example_xcomargs.py took 0.065 seconds
[2026-05-20T14:39:47.112+0000] {processor.py:186} INFO - Started process (PID=39592) to work on /usr/local/python/3.12.1/lib/python3.12/site-packages/airflow/example_dags/example_xcomargs.py
[2026-05-20T14:39:47.113+0000] {processor.py:914} INFO - Processing file /usr/local/python/3.12.1/lib/python3.12/site-packages/airflow/example_dags/example_xcomargs.py for tasks to queue
[2026-05-20T14:39:47.114+0000] {logging_mixin.py:190} INFO - [2026-05-20T14:39:47.114+0000] {dagbag.py:588} INFO - Filling up the DagBag from /usr/local/python/3.12.1/lib/python3.12/site-packages/airflow/example_dags/example_xcomargs.py
[2026-05-20T14:39:47.123+0000] {processor.py:925} INFO - DAG(s) 'example_xcom_args', 'example_xcom_args_with_operators' retrieved from /usr/local/python/3.12.1/lib/python3.12/site-packages/airflow/example_dags/example_xcomargs.py
[2026-05-20T14:39:47.141+0000] {logging_mixin.py:190} INFO - [2026-05-20T14:39:47.141+0000] {dag.py:3239} INFO - Sync 2 DAGs
[2026-05-20T14:39:47.152+0000] {logging_mixin.py:190} INFO - [2026-05-20T14:39:47.152+0000] {dag.py:4180} INFO - Setting next_dagrun for example_xcom_args to None, run_after=None
[2026-05-20T14:39:47.155+0000] {logging_mixin.py:190} INFO - [2026-05-20T14:39:47.155+0000] {dag.py:4180} INFO - Setting next_dagrun for example_xcom_args_with_operators to None, run_after=None
[2026-05-20T14:39:47.171+0000] {processor.py:208} INFO - Processing /usr/local/python/3.12.1/lib/python3.12/site-packages/airflow/example_dags/example_xcomargs.py took 0.064 seconds
[2026-05-20T14:40:40.859+0000] {processor.py:186} INFO - Started process (PID=40193) to work on /usr/local/python/3.12.1/lib/python3.12/site-packages/airflow/example_dags/example_xcomargs.py
[2026-05-20T14:40:40.860+0000] {processor.py:914} INFO - Processing file /usr/local/python/3.12.1/lib/python3.12/site-packages/airflow/example_dags/example_xcomargs.py for tasks to queue
[2026-05-20T14:40:40.861+0000] {logging_mixin.py:190} INFO - [2026-05-20T14:40:40.861+0000] {dagbag.py:588} INFO - Filling up the DagBag from /usr/local/python/3.12.1/lib/python3.12/site-packages/airflow/example_dags/example_xcomargs.py
[2026-05-20T14:40:40.870+0000] {processor.py:925} INFO - DAG(s) 'example_xcom_args_with_operators', 'example_xcom_args' retrieved from /usr/local/python/3.12.1/lib/python3.12/site-packages/airflow/example_dags/example_xcomargs.py
[2026-05-20T14:40:40.887+0000] {logging_mixin.py:190} INFO - [2026-05-20T14:40:40.887+0000] {dag.py:3239} INFO - Sync 2 DAGs
[2026-05-20T14:40:40.897+0000] {logging_mixin.py:190} INFO - [2026-05-20T14:40:40.897+0000] {dag.py:4180} INFO - Setting next_dagrun for example_xcom_args to None, run_after=None
[2026-05-20T14:40:40.900+0000] {logging_mixin.py:190} INFO - [2026-05-20T14:40:40.900+0000] {dag.py:4180} INFO - Setting next_dagrun for example_xcom_args_with_operators to None, run_after=None
[2026-05-20T14:40:40.916+0000] {processor.py:208} INFO - Processing /usr/local/python/3.12.1/lib/python3.12/site-packages/airflow/example_dags/example_xcomargs.py took 0.062 seconds
[2026-05-20T14:41:33.911+0000] {processor.py:186} INFO - Started process (PID=41332) to work on /usr/local/python/3.12.1/lib/python3.12/site-packages/airflow/example_dags/example_xcomargs.py
[2026-05-20T14:41:33.912+0000] {processor.py:914} INFO - Processing file /usr/local/python/3.12.1/lib/python3.12/site-packages/airflow/example_dags/example_xcomargs.py for tasks to queue
[2026-05-20T14:41:33.914+0000] {logging_mixin.py:190} INFO - [2026-05-20T14:41:33.914+0000] {dagbag.py:588} INFO - Filling up the DagBag from /usr/local/python/3.12.1/lib/python3.12/site-packages/airflow/example_dags/example_xcomargs.py
[2026-05-20T14:41:33.926+0000] {processor.py:925} INFO - DAG(s) 'example_xcom_args_with_operators', 'example_xcom_args' retrieved from /usr/local/python/3.12.1/lib/python3.12/site-packages/airflow/example_dags/example_xcomargs.py
[2026-05-20T14:41:33.951+0000] {logging_mixin.py:190} INFO - [2026-05-20T14:41:33.951+0000] {dag.py:3239} INFO - Sync 2 DAGs
[2026-05-20T14:41:33.968+0000] {logging_mixin.py:190} INFO - [2026-05-20T14:41:33.967+0000] {dag.py:4180} INFO - Setting next_dagrun for example_xcom_args to None, run_after=None
[2026-05-20T14:41:33.972+0000] {logging_mixin.py:190} INFO - [2026-05-20T14:41:33.972+0000] {dag.py:4180} INFO - Setting next_dagrun for example_xcom_args_with_operators to None, run_after=None
[2026-05-20T14:41:33.993+0000] {processor.py:208} INFO - Processing /usr/local/python/3.12.1/lib/python3.12/site-packages/airflow/example_dags/example_xcomargs.py took 0.090 seconds
[2026-05-20T14:42:29.206+0000] {processor.py:186} INFO - Started process (PID=42054) to work on /usr/local/python/3.12.1/lib/python3.12/site-packages/airflow/example_dags/example_xcomargs.py
[2026-05-20T14:42:29.207+0000] {processor.py:914} INFO - Processing file /usr/local/python/3.12.1/lib/python3.12/site-packages/airflow/example_dags/example_xcomargs.py for tasks to queue
[2026-05-20T14:42:29.209+0000] {logging_mixin.py:190} INFO - [2026-05-20T14:42:29.208+0000] {dagbag.py:588} INFO - Filling up the DagBag from /usr/local/python/3.12.1/lib/python3.12/site-packages/airflow/example_dags/example_xcomargs.py
[2026-05-20T14:42:29.219+0000] {processor.py:925} INFO - DAG(s) 'example_xcom_args_with_operators', 'example_xcom_args' retrieved from /usr/local/python/3.12.1/lib/python3.12/site-packages/airflow/example_dags/example_xcomargs.py
[2026-05-20T14:42:29.243+0000] {logging_mixin.py:190} INFO - [2026-05-20T14:42:29.242+0000] {dag.py:3239} INFO - Sync 2 DAGs
[2026-05-20T14:42:29.256+0000] {logging_mixin.py:190} INFO - [2026-05-20T14:42:29.256+0000] {dag.py:4180} INFO - Setting next_dagrun for example_xcom_args to None, run_after=None
[2026-05-20T14:42:29.260+0000] {logging_mixin.py:190} INFO - [2026-05-20T14:42:29.259+0000] {dag.py:4180} INFO - Setting next_dagrun for example_xcom_args_with_operators to None, run_after=None
[2026-05-20T14:42:29.275+0000] {processor.py:208} INFO - Processing /usr/local/python/3.12.1/lib/python3.12/site-packages/airflow/example_dags/example_xcomargs.py took 0.074 seconds
[2026-05-20T14:43:20.613+0000] {processor.py:186} INFO - Started process (PID=42630) to work on /usr/local/python/3.12.1/lib/python3.12/site-packages/airflow/example_dags/example_xcomargs.py
[2026-05-20T14:43:20.614+0000] {processor.py:914} INFO - Processing file /usr/local/python/3.12.1/lib/python3.12/site-packages/airflow/example_dags/example_xcomargs.py for tasks to queue
[2026-05-20T14:43:20.616+0000] {logging_mixin.py:190} INFO - [2026-05-20T14:43:20.615+0000] {dagbag.py:588} INFO - Filling up the DagBag from /usr/local/python/3.12.1/lib/python3.12/site-packages/airflow/example_dags/example_xcomargs.py
[2026-05-20T14:43:20.625+0000] {processor.py:925} INFO - DAG(s) 'example_xcom_args', 'example_xcom_args_with_operators' retrieved from /usr/local/python/3.12.1/lib/python3.12/site-packages/airflow/example_dags/example_xcomargs.py
[2026-05-20T14:43:20.650+0000] {logging_mixin.py:190} INFO - [2026-05-20T14:43:20.650+0000] {dag.py:3239} INFO - Sync 2 DAGs
[2026-05-20T14:43:20.661+0000] {logging_mixin.py:190} INFO - [2026-05-20T14:43:20.660+0000] {dag.py:4180} INFO - Setting next_dagrun for example_xcom_args to None, run_after=None
[2026-05-20T14:43:20.663+0000] {logging_mixin.py:190} INFO - [2026-05-20T14:43:20.663+0000] {dag.py:4180} INFO - Setting next_dagrun for example_xcom_args_with_operators to None, run_after=None
[2026-05-20T14:43:20.679+0000] {processor.py:208} INFO - Processing /usr/local/python/3.12.1/lib/python3.12/site-packages/airflow/example_dags/example_xcomargs.py took 0.071 seconds
[2026-05-20T14:44:14.539+0000] {processor.py:186} INFO - Started process (PID=43318) to work on /usr/local/python/3.12.1/lib/python3.12/site-packages/airflow/example_dags/example_xcomargs.py
[2026-05-20T14:44:14.540+0000] {processor.py:914} INFO - Processing file /usr/local/python/3.12.1/lib/python3.12/site-packages/airflow/example_dags/example_xcomargs.py for tasks to queue
[2026-05-20T14:44:14.542+0000] {logging_mixin.py:190} INFO - [2026-05-20T14:44:14.542+0000] {dagbag.py:588} INFO - Filling up the DagBag from /usr/local/python/3.12.1/lib/python3.12/site-packages/airflow/example_dags/example_xcomargs.py
[2026-05-20T14:44:14.553+0000] {processor.py:925} INFO - DAG(s) 'example_xcom_args_with_operators', 'example_xcom_args' retrieved from /usr/local/python/3.12.1/lib/python3.12/site-packages/airflow/example_dags/example_xcomargs.py
[2026-05-20T14:44:14.568+0000] {logging_mixin.py:190} INFO - [2026-05-20T14:44:14.568+0000] {dag.py:3239} INFO - Sync 2 DAGs
[2026-05-20T14:44:14.579+0000] {logging_mixin.py:190} INFO - [2026-05-20T14:44:14.579+0000] {dag.py:4180} INFO - Setting next_dagrun for example_xcom_args to None, run_after=None
[2026-05-20T14:44:14.582+0000] {logging_mixin.py:190} INFO - [2026-05-20T14:44:14.582+0000] {dag.py:4180} INFO - Setting next_dagrun for example_xcom_args_with_operators to None, run_after=None
[2026-05-20T14:44:14.599+0000] {processor.py:208} INFO - Processing /usr/local/python/3.12.1/lib/python3.12/site-packages/airflow/example_dags/example_xcomargs.py took 0.067 seconds
[2026-05-20T14:45:06.124+0000] {processor.py:186} INFO - Started process (PID=43776) to work on /usr/local/python/3.12.1/lib/python3.12/site-packages/airflow/example_dags/example_xcomargs.py
[2026-05-20T14:45:06.125+0000] {processor.py:914} INFO - Processing file /usr/local/python/3.12.1/lib/python3.12/site-packages/airflow/example_dags/example_xcomargs.py for tasks to queue
[2026-05-20T14:45:06.127+0000] {logging_mixin.py:190} INFO - [2026-05-20T14:45:06.127+0000] {dagbag.py:588} INFO - Filling up the DagBag from /usr/local/python/3.12.1/lib/python3.12/site-packages/airflow/example_dags/example_xcomargs.py
[2026-05-20T14:45:06.138+0000] {processor.py:925} INFO - DAG(s) 'example_xcom_args', 'example_xcom_args_with_operators' retrieved from /usr/local/python/3.12.1/lib/python3.12/site-packages/airflow/example_dags/example_xcomargs.py
[2026-05-20T14:45:06.155+0000] {logging_mixin.py:190} INFO - [2026-05-20T14:45:06.155+0000] {dag.py:3239} INFO - Sync 2 DAGs
[2026-05-20T14:45:06.165+0000] {logging_mixin.py:190} INFO - [2026-05-20T14:45:06.164+0000] {dag.py:4180} INFO - Setting next_dagrun for example_xcom_args to None, run_after=None
[2026-05-20T14:45:06.168+0000] {logging_mixin.py:190} INFO - [2026-05-20T14:45:06.168+0000] {dag.py:4180} INFO - Setting next_dagrun for example_xcom_args_with_operators to None, run_after=None
[2026-05-20T14:45:06.183+0000] {processor.py:208} INFO - Processing /usr/local/python/3.12.1/lib/python3.12/site-packages/airflow/example_dags/example_xcomargs.py took 0.063 seconds
[2026-05-20T14:46:15.095+0000] {processor.py:186} INFO - Started process (PID=45740) to work on /usr/local/python/3.12.1/lib/python3.12/site-packages/airflow/example_dags/example_xcomargs.py
[2026-05-20T14:46:15.097+0000] {processor.py:914} INFO - Processing file /usr/local/python/3.12.1/lib/python3.12/site-packages/airflow/example_dags/example_xcomargs.py for tasks to queue
[2026-05-20T14:46:15.099+0000] {logging_mixin.py:190} INFO - [2026-05-20T14:46:15.098+0000] {dagbag.py:588} INFO - Filling up the DagBag from /usr/local/python/3.12.1/lib/python3.12/site-packages/airflow/example_dags/example_xcomargs.py
[2026-05-20T14:46:15.108+0000] {processor.py:925} INFO - DAG(s) 'example_xcom_args', 'example_xcom_args_with_operators' retrieved from /usr/local/python/3.12.1/lib/python3.12/site-packages/airflow/example_dags/example_xcomargs.py
[2026-05-20T14:46:15.124+0000] {logging_mixin.py:190} INFO - [2026-05-20T14:46:15.124+0000] {dag.py:3239} INFO - Sync 2 DAGs
[2026-05-20T14:46:15.137+0000] {logging_mixin.py:190} INFO - [2026-05-20T14:46:15.137+0000] {dag.py:4180} INFO - Setting next_dagrun for example_xcom_args to None, run_after=None
[2026-05-20T14:46:15.141+0000] {logging_mixin.py:190} INFO - [2026-05-20T14:46:15.141+0000] {dag.py:4180} INFO - Setting next_dagrun for example_xcom_args_with_operators to None, run_after=None
[2026-05-20T14:46:15.158+0000] {processor.py:208} INFO - Processing /usr/local/python/3.12.1/lib/python3.12/site-packages/airflow/example_dags/example_xcomargs.py took 0.069 seconds
[2026-05-20T14:47:12.534+0000] {processor.py:186} INFO - Started process (PID=46484) to work on /usr/local/python/3.12.1/lib/python3.12/site-packages/airflow/example_dags/example_xcomargs.py
[2026-05-20T14:47:12.536+0000] {processor.py:914} INFO - Processing file /usr/local/python/3.12.1/lib/python3.12/site-packages/airflow/example_dags/example_xcomargs.py for tasks to queue
[2026-05-20T14:47:12.538+0000] {logging_mixin.py:190} INFO - [2026-05-20T14:47:12.537+0000] {dagbag.py:588} INFO - Filling up the DagBag from /usr/local/python/3.12.1/lib/python3.12/site-packages/airflow/example_dags/example_xcomargs.py
[2026-05-20T14:47:12.550+0000] {processor.py:925} INFO - DAG(s) 'example_xcom_args', 'example_xcom_args_with_operators' retrieved from /usr/local/python/3.12.1/lib/python3.12/site-packages/airflow/example_dags/example_xcomargs.py
[2026-05-20T14:47:12.566+0000] {logging_mixin.py:190} INFO - [2026-05-20T14:47:12.566+0000] {dag.py:3239} INFO - Sync 2 DAGs
[2026-05-20T14:47:12.577+0000] {logging_mixin.py:190} INFO - [2026-05-20T14:47:12.576+0000] {dag.py:4180} INFO - Setting next_dagrun for example_xcom_args to None, run_after=None
[2026-05-20T14:47:12.580+0000] {logging_mixin.py:190} INFO - [2026-05-20T14:47:12.580+0000] {dag.py:4180} INFO - Setting next_dagrun for example_xcom_args_with_operators to None, run_after=None
[2026-05-20T14:47:12.596+0000] {processor.py:208} INFO - Processing /usr/local/python/3.12.1/lib/python3.12/site-packages/airflow/example_dags/example_xcomargs.py took 0.069 seconds
[2026-05-20T14:51:55.120+0000] {processor.py:186} INFO - Started process (PID=49653) to work on /usr/local/python/3.12.1/lib/python3.12/site-packages/airflow/example_dags/example_xcomargs.py
[2026-05-20T14:51:55.122+0000] {processor.py:914} INFO - Processing file /usr/local/python/3.12.1/lib/python3.12/site-packages/airflow/example_dags/example_xcomargs.py for tasks to queue
[2026-05-20T14:51:55.123+0000] {logging_mixin.py:190} INFO - [2026-05-20T14:51:55.123+0000] {dagbag.py:588} INFO - Filling up the DagBag from /usr/local/python/3.12.1/lib/python3.12/site-packages/airflow/example_dags/example_xcomargs.py
[2026-05-20T14:51:55.138+0000] {processor.py:925} INFO - DAG(s) 'example_xcom_args', 'example_xcom_args_with_operators' retrieved from /usr/local/python/3.12.1/lib/python3.12/site-packages/airflow/example_dags/example_xcomargs.py
[2026-05-20T14:51:55.251+0000] {logging_mixin.py:190} INFO - [2026-05-20T14:51:55.251+0000] {dag.py:3239} INFO - Sync 2 DAGs
[2026-05-20T14:51:55.262+0000] {logging_mixin.py:190} INFO - [2026-05-20T14:51:55.262+0000] {dag.py:4180} INFO - Setting next_dagrun for example_xcom_args to None, run_after=None
[2026-05-20T14:51:55.265+0000] {logging_mixin.py:190} INFO - [2026-05-20T14:51:55.264+0000] {dag.py:4180} INFO - Setting next_dagrun for example_xcom_args_with_operators to None, run_after=None
[2026-05-20T14:51:55.282+0000] {processor.py:208} INFO - Processing /usr/local/python/3.12.1/lib/python3.12/site-packages/airflow/example_dags/example_xcomargs.py took 0.166 seconds
[2026-05-20T14:52:58.877+0000] {processor.py:186} INFO - Started process (PID=50639) to work on /usr/local/python/3.12.1/lib/python3.12/site-packages/airflow/example_dags/example_xcomargs.py
[2026-05-20T14:52:58.878+0000] {processor.py:914} INFO - Processing file /usr/local/python/3.12.1/lib/python3.12/site-packages/airflow/example_dags/example_xcomargs.py for tasks to queue
[2026-05-20T14:52:58.880+0000] {logging_mixin.py:190} INFO - [2026-05-20T14:52:58.879+0000] {dagbag.py:588} INFO - Filling up the DagBag from /usr/local/python/3.12.1/lib/python3.12/site-packages/airflow/example_dags/example_xcomargs.py
[2026-05-20T14:52:58.889+0000] {processor.py:925} INFO - DAG(s) 'example_xcom_args', 'example_xcom_args_with_operators' retrieved from /usr/local/python/3.12.1/lib/python3.12/site-packages/airflow/example_dags/example_xcomargs.py
[2026-05-20T14:52:58.907+0000] {logging_mixin.py:190} INFO - [2026-05-20T14:52:58.907+0000] {dag.py:3239} INFO - Sync 2 DAGs
[2026-05-20T14:52:58.918+0000] {logging_mixin.py:190} INFO - [2026-05-20T14:52:58.917+0000] {dag.py:4180} INFO - Setting next_dagrun for example_xcom_args to None, run_after=None
[2026-05-20T14:52:58.920+0000] {logging_mixin.py:190} INFO - [2026-05-20T14:52:58.920+0000] {dag.py:4180} INFO - Setting next_dagrun for example_xcom_args_with_operators to None, run_after=None
[2026-05-20T14:52:58.936+0000] {processor.py:208} INFO - Processing /usr/local/python/3.12.1/lib/python3.12/site-packages/airflow/example_dags/example_xcomargs.py took 0.063 seconds
[2026-05-20T14:53:52.740+0000] {processor.py:186} INFO - Started process (PID=51557) to work on /usr/local/python/3.12.1/lib/python3.12/site-packages/airflow/example_dags/example_xcomargs.py
[2026-05-20T14:53:52.741+0000] {processor.py:914} INFO - Processing file /usr/local/python/3.12.1/lib/python3.12/site-packages/airflow/example_dags/example_xcomargs.py for tasks to queue
[2026-05-20T14:53:52.743+0000] {logging_mixin.py:190} INFO - [2026-05-20T14:53:52.743+0000] {dagbag.py:588} INFO - Filling up the DagBag from /usr/local/python/3.12.1/lib/python3.12/site-packages/airflow/example_dags/example_xcomargs.py
[2026-05-20T14:53:52.752+0000] {processor.py:925} INFO - DAG(s) 'example_xcom_args_with_operators', 'example_xcom_args' retrieved from /usr/local/python/3.12.1/lib/python3.12/site-packages/airflow/example_dags/example_xcomargs.py
[2026-05-20T14:53:52.769+0000] {logging_mixin.py:190} INFO - [2026-05-20T14:53:52.769+0000] {dag.py:3239} INFO - Sync 2 DAGs
[2026-05-20T14:53:52.780+0000] {logging_mixin.py:190} INFO - [2026-05-20T14:53:52.779+0000] {dag.py:4180} INFO - Setting next_dagrun for example_xcom_args to None, run_after=None
[2026-05-20T14:53:52.782+0000] {logging_mixin.py:190} INFO - [2026-05-20T14:53:52.782+0000] {dag.py:4180} INFO - Setting next_dagrun for example_xcom_args_with_operators to None, run_after=None
[2026-05-20T14:53:52.799+0000] {processor.py:208} INFO - Processing /usr/local/python/3.12.1/lib/python3.12/site-packages/airflow/example_dags/example_xcomargs.py took 0.064 seconds
