[2026-05-20T14:37:45.712+0000] {processor.py:186} INFO - Started process (PID=38285) to work on /usr/local/python/3.12.1/lib/python3.12/site-packages/airflow/example_dags/example_display_name.py
[2026-05-20T14:37:45.713+0000] {processor.py:914} INFO - Processing file /usr/local/python/3.12.1/lib/python3.12/site-packages/airflow/example_dags/example_display_name.py for tasks to queue
[2026-05-20T14:37:45.715+0000] {logging_mixin.py:190} INFO - [2026-05-20T14:37:45.714+0000] {dagbag.py:588} INFO - Filling up the DagBag from /usr/local/python/3.12.1/lib/python3.12/site-packages/airflow/example_dags/example_display_name.py
[2026-05-20T14:37:45.721+0000] {processor.py:925} INFO - DAG(s) 'example_display_name' retrieved from /usr/local/python/3.12.1/lib/python3.12/site-packages/airflow/example_dags/example_display_name.py
[2026-05-20T14:37:45.738+0000] {logging_mixin.py:190} INFO - [2026-05-20T14:37:45.737+0000] {dag.py:3239} INFO - Sync 1 DAGs
[2026-05-20T14:37:45.750+0000] {logging_mixin.py:190} INFO - [2026-05-20T14:37:45.750+0000] {dag.py:4180} INFO - Setting next_dagrun for example_display_name to None, run_after=None
[2026-05-20T14:37:45.768+0000] {processor.py:208} INFO - Processing /usr/local/python/3.12.1/lib/python3.12/site-packages/airflow/example_dags/example_display_name.py took 0.060 seconds
[2026-05-20T14:38:40.402+0000] {processor.py:186} INFO - Started process (PID=38886) to work on /usr/local/python/3.12.1/lib/python3.12/site-packages/airflow/example_dags/example_display_name.py
[2026-05-20T14:38:40.405+0000] {processor.py:914} INFO - Processing file /usr/local/python/3.12.1/lib/python3.12/site-packages/airflow/example_dags/example_display_name.py for tasks to queue
[2026-05-20T14:38:40.407+0000] {logging_mixin.py:190} INFO - [2026-05-20T14:38:40.407+0000] {dagbag.py:588} INFO - Filling up the DagBag from /usr/local/python/3.12.1/lib/python3.12/site-packages/airflow/example_dags/example_display_name.py
[2026-05-20T14:38:40.425+0000] {processor.py:925} INFO - DAG(s) 'example_display_name' retrieved from /usr/local/python/3.12.1/lib/python3.12/site-packages/airflow/example_dags/example_display_name.py
[2026-05-20T14:38:40.484+0000] {logging_mixin.py:190} INFO - [2026-05-20T14:38:40.483+0000] {dag.py:3239} INFO - Sync 1 DAGs
[2026-05-20T14:38:40.501+0000] {logging_mixin.py:190} INFO - [2026-05-20T14:38:40.501+0000] {dag.py:4180} INFO - Setting next_dagrun for example_display_name to None, run_after=None
[2026-05-20T14:38:40.544+0000] {processor.py:208} INFO - Processing /usr/local/python/3.12.1/lib/python3.12/site-packages/airflow/example_dags/example_display_name.py took 0.148 seconds
[2026-05-20T14:39:34.516+0000] {processor.py:186} INFO - Started process (PID=39501) to work on /usr/local/python/3.12.1/lib/python3.12/site-packages/airflow/example_dags/example_display_name.py
[2026-05-20T14:39:34.517+0000] {processor.py:914} INFO - Processing file /usr/local/python/3.12.1/lib/python3.12/site-packages/airflow/example_dags/example_display_name.py for tasks to queue
[2026-05-20T14:39:34.519+0000] {logging_mixin.py:190} INFO - [2026-05-20T14:39:34.519+0000] {dagbag.py:588} INFO - Filling up the DagBag from /usr/local/python/3.12.1/lib/python3.12/site-packages/airflow/example_dags/example_display_name.py
[2026-05-20T14:39:34.529+0000] {processor.py:925} INFO - DAG(s) 'example_display_name' retrieved from /usr/local/python/3.12.1/lib/python3.12/site-packages/airflow/example_dags/example_display_name.py
[2026-05-20T14:39:34.545+0000] {logging_mixin.py:190} INFO - [2026-05-20T14:39:34.545+0000] {dag.py:3239} INFO - Sync 1 DAGs
[2026-05-20T14:39:34.555+0000] {logging_mixin.py:190} INFO - [2026-05-20T14:39:34.555+0000] {dag.py:4180} INFO - Setting next_dagrun for example_display_name to None, run_after=None
[2026-05-20T14:39:34.574+0000] {processor.py:208} INFO - Processing /usr/local/python/3.12.1/lib/python3.12/site-packages/airflow/example_dags/example_display_name.py took 0.063 seconds
[2026-05-20T14:40:28.387+0000] {processor.py:186} INFO - Started process (PID=40044) to work on /usr/local/python/3.12.1/lib/python3.12/site-packages/airflow/example_dags/example_display_name.py
[2026-05-20T14:40:28.388+0000] {processor.py:914} INFO - Processing file /usr/local/python/3.12.1/lib/python3.12/site-packages/airflow/example_dags/example_display_name.py for tasks to queue
[2026-05-20T14:40:28.390+0000] {logging_mixin.py:190} INFO - [2026-05-20T14:40:28.390+0000] {dagbag.py:588} INFO - Filling up the DagBag from /usr/local/python/3.12.1/lib/python3.12/site-packages/airflow/example_dags/example_display_name.py
[2026-05-20T14:40:28.398+0000] {processor.py:925} INFO - DAG(s) 'example_display_name' retrieved from /usr/local/python/3.12.1/lib/python3.12/site-packages/airflow/example_dags/example_display_name.py
[2026-05-20T14:40:28.411+0000] {logging_mixin.py:190} INFO - [2026-05-20T14:40:28.411+0000] {dag.py:3239} INFO - Sync 1 DAGs
[2026-05-20T14:40:28.422+0000] {logging_mixin.py:190} INFO - [2026-05-20T14:40:28.422+0000] {dag.py:4180} INFO - Setting next_dagrun for example_display_name to None, run_after=None
[2026-05-20T14:40:28.444+0000] {processor.py:208} INFO - Processing /usr/local/python/3.12.1/lib/python3.12/site-packages/airflow/example_dags/example_display_name.py took 0.062 seconds
[2026-05-20T14:41:23.593+0000] {processor.py:186} INFO - Started process (PID=41235) to work on /usr/local/python/3.12.1/lib/python3.12/site-packages/airflow/example_dags/example_display_name.py
[2026-05-20T14:41:23.595+0000] {processor.py:914} INFO - Processing file /usr/local/python/3.12.1/lib/python3.12/site-packages/airflow/example_dags/example_display_name.py for tasks to queue
[2026-05-20T14:41:23.600+0000] {logging_mixin.py:190} INFO - [2026-05-20T14:41:23.599+0000] {dagbag.py:588} INFO - Filling up the DagBag from /usr/local/python/3.12.1/lib/python3.12/site-packages/airflow/example_dags/example_display_name.py
[2026-05-20T14:41:23.614+0000] {processor.py:925} INFO - DAG(s) 'example_display_name' retrieved from /usr/local/python/3.12.1/lib/python3.12/site-packages/airflow/example_dags/example_display_name.py
[2026-05-20T14:41:23.631+0000] {logging_mixin.py:190} INFO - [2026-05-20T14:41:23.631+0000] {dag.py:3239} INFO - Sync 1 DAGs
[2026-05-20T14:41:23.646+0000] {logging_mixin.py:190} INFO - [2026-05-20T14:41:23.645+0000] {dag.py:4180} INFO - Setting next_dagrun for example_display_name to None, run_after=None
[2026-05-20T14:41:23.664+0000] {processor.py:208} INFO - Processing /usr/local/python/3.12.1/lib/python3.12/site-packages/airflow/example_dags/example_display_name.py took 0.084 seconds
[2026-05-20T14:42:16.735+0000] {processor.py:186} INFO - Started process (PID=41945) to work on /usr/local/python/3.12.1/lib/python3.12/site-packages/airflow/example_dags/example_display_name.py
[2026-05-20T14:42:16.737+0000] {processor.py:914} INFO - Processing file /usr/local/python/3.12.1/lib/python3.12/site-packages/airflow/example_dags/example_display_name.py for tasks to queue
[2026-05-20T14:42:16.739+0000] {logging_mixin.py:190} INFO - [2026-05-20T14:42:16.739+0000] {dagbag.py:588} INFO - Filling up the DagBag from /usr/local/python/3.12.1/lib/python3.12/site-packages/airflow/example_dags/example_display_name.py
[2026-05-20T14:42:16.751+0000] {processor.py:925} INFO - DAG(s) 'example_display_name' retrieved from /usr/local/python/3.12.1/lib/python3.12/site-packages/airflow/example_dags/example_display_name.py
[2026-05-20T14:42:16.784+0000] {logging_mixin.py:190} INFO - [2026-05-20T14:42:16.784+0000] {dag.py:3239} INFO - Sync 1 DAGs
[2026-05-20T14:42:16.800+0000] {logging_mixin.py:190} INFO - [2026-05-20T14:42:16.800+0000] {dag.py:4180} INFO - Setting next_dagrun for example_display_name to None, run_after=None
[2026-05-20T14:42:16.859+0000] {processor.py:208} INFO - Processing /usr/local/python/3.12.1/lib/python3.12/site-packages/airflow/example_dags/example_display_name.py took 0.135 seconds
[2026-05-20T14:43:08.064+0000] {processor.py:186} INFO - Started process (PID=42473) to work on /usr/local/python/3.12.1/lib/python3.12/site-packages/airflow/example_dags/example_display_name.py
[2026-05-20T14:43:08.065+0000] {processor.py:914} INFO - Processing file /usr/local/python/3.12.1/lib/python3.12/site-packages/airflow/example_dags/example_display_name.py for tasks to queue
[2026-05-20T14:43:08.067+0000] {logging_mixin.py:190} INFO - [2026-05-20T14:43:08.067+0000] {dagbag.py:588} INFO - Filling up the DagBag from /usr/local/python/3.12.1/lib/python3.12/site-packages/airflow/example_dags/example_display_name.py
[2026-05-20T14:43:08.080+0000] {processor.py:925} INFO - DAG(s) 'example_display_name' retrieved from /usr/local/python/3.12.1/lib/python3.12/site-packages/airflow/example_dags/example_display_name.py
[2026-05-20T14:43:08.105+0000] {logging_mixin.py:190} INFO - [2026-05-20T14:43:08.105+0000] {dag.py:3239} INFO - Sync 1 DAGs
[2026-05-20T14:43:08.128+0000] {logging_mixin.py:190} INFO - [2026-05-20T14:43:08.127+0000] {dag.py:4180} INFO - Setting next_dagrun for example_display_name to None, run_after=None
[2026-05-20T14:43:08.175+0000] {processor.py:208} INFO - Processing /usr/local/python/3.12.1/lib/python3.12/site-packages/airflow/example_dags/example_display_name.py took 0.120 seconds
[2026-05-20T14:44:26.375+0000] {processor.py:186} INFO - Started process (PID=43408) to work on /usr/local/python/3.12.1/lib/python3.12/site-packages/airflow/example_dags/example_display_name.py
[2026-05-20T14:44:26.376+0000] {processor.py:914} INFO - Processing file /usr/local/python/3.12.1/lib/python3.12/site-packages/airflow/example_dags/example_display_name.py for tasks to queue
[2026-05-20T14:44:26.377+0000] {logging_mixin.py:190} INFO - [2026-05-20T14:44:26.377+0000] {dagbag.py:588} INFO - Filling up the DagBag from /usr/local/python/3.12.1/lib/python3.12/site-packages/airflow/example_dags/example_display_name.py
[2026-05-20T14:44:26.384+0000] {processor.py:925} INFO - DAG(s) 'example_display_name' retrieved from /usr/local/python/3.12.1/lib/python3.12/site-packages/airflow/example_dags/example_display_name.py
[2026-05-20T14:44:26.397+0000] {logging_mixin.py:190} INFO - [2026-05-20T14:44:26.397+0000] {dag.py:3239} INFO - Sync 1 DAGs
[2026-05-20T14:44:26.407+0000] {logging_mixin.py:190} INFO - [2026-05-20T14:44:26.407+0000] {dag.py:4180} INFO - Setting next_dagrun for example_display_name to None, run_after=None
[2026-05-20T14:44:26.425+0000] {processor.py:208} INFO - Processing /usr/local/python/3.12.1/lib/python3.12/site-packages/airflow/example_dags/example_display_name.py took 0.055 seconds
[2026-05-20T14:45:22.280+0000] {processor.py:186} INFO - Started process (PID=44178) to work on /usr/local/python/3.12.1/lib/python3.12/site-packages/airflow/example_dags/example_display_name.py
[2026-05-20T14:45:22.282+0000] {processor.py:914} INFO - Processing file /usr/local/python/3.12.1/lib/python3.12/site-packages/airflow/example_dags/example_display_name.py for tasks to queue
[2026-05-20T14:45:22.284+0000] {logging_mixin.py:190} INFO - [2026-05-20T14:45:22.284+0000] {dagbag.py:588} INFO - Filling up the DagBag from /usr/local/python/3.12.1/lib/python3.12/site-packages/airflow/example_dags/example_display_name.py
[2026-05-20T14:45:22.292+0000] {processor.py:925} INFO - DAG(s) 'example_display_name' retrieved from /usr/local/python/3.12.1/lib/python3.12/site-packages/airflow/example_dags/example_display_name.py
[2026-05-20T14:45:22.332+0000] {logging_mixin.py:190} INFO - [2026-05-20T14:45:22.331+0000] {dag.py:3239} INFO - Sync 1 DAGs
[2026-05-20T14:45:22.352+0000] {logging_mixin.py:190} INFO - [2026-05-20T14:45:22.352+0000] {dag.py:4180} INFO - Setting next_dagrun for example_display_name to None, run_after=None
[2026-05-20T14:45:22.393+0000] {processor.py:208} INFO - Processing /usr/local/python/3.12.1/lib/python3.12/site-packages/airflow/example_dags/example_display_name.py took 0.120 seconds
[2026-05-20T14:46:32.332+0000] {processor.py:186} INFO - Started process (PID=45868) to work on /usr/local/python/3.12.1/lib/python3.12/site-packages/airflow/example_dags/example_display_name.py
[2026-05-20T14:46:32.334+0000] {processor.py:914} INFO - Processing file /usr/local/python/3.12.1/lib/python3.12/site-packages/airflow/example_dags/example_display_name.py for tasks to queue
[2026-05-20T14:46:32.336+0000] {logging_mixin.py:190} INFO - [2026-05-20T14:46:32.335+0000] {dagbag.py:588} INFO - Filling up the DagBag from /usr/local/python/3.12.1/lib/python3.12/site-packages/airflow/example_dags/example_display_name.py
[2026-05-20T14:46:32.344+0000] {processor.py:925} INFO - DAG(s) 'example_display_name' retrieved from /usr/local/python/3.12.1/lib/python3.12/site-packages/airflow/example_dags/example_display_name.py
[2026-05-20T14:46:32.358+0000] {logging_mixin.py:190} INFO - [2026-05-20T14:46:32.358+0000] {dag.py:3239} INFO - Sync 1 DAGs
[2026-05-20T14:46:32.370+0000] {logging_mixin.py:190} INFO - [2026-05-20T14:46:32.370+0000] {dag.py:4180} INFO - Setting next_dagrun for example_display_name to None, run_after=None
[2026-05-20T14:46:32.391+0000] {processor.py:208} INFO - Processing /usr/local/python/3.12.1/lib/python3.12/site-packages/airflow/example_dags/example_display_name.py took 0.067 seconds
[2026-05-20T14:47:31.298+0000] {processor.py:186} INFO - Started process (PID=46643) to work on /usr/local/python/3.12.1/lib/python3.12/site-packages/airflow/example_dags/example_display_name.py
[2026-05-20T14:47:31.299+0000] {processor.py:914} INFO - Processing file /usr/local/python/3.12.1/lib/python3.12/site-packages/airflow/example_dags/example_display_name.py for tasks to queue
[2026-05-20T14:47:31.301+0000] {logging_mixin.py:190} INFO - [2026-05-20T14:47:31.300+0000] {dagbag.py:588} INFO - Filling up the DagBag from /usr/local/python/3.12.1/lib/python3.12/site-packages/airflow/example_dags/example_display_name.py
[2026-05-20T14:47:31.308+0000] {processor.py:925} INFO - DAG(s) 'example_display_name' retrieved from /usr/local/python/3.12.1/lib/python3.12/site-packages/airflow/example_dags/example_display_name.py
[2026-05-20T14:47:31.322+0000] {logging_mixin.py:190} INFO - [2026-05-20T14:47:31.322+0000] {dag.py:3239} INFO - Sync 1 DAGs
[2026-05-20T14:47:31.335+0000] {logging_mixin.py:190} INFO - [2026-05-20T14:47:31.335+0000] {dag.py:4180} INFO - Setting next_dagrun for example_display_name to None, run_after=None
[2026-05-20T14:47:31.356+0000] {processor.py:208} INFO - Processing /usr/local/python/3.12.1/lib/python3.12/site-packages/airflow/example_dags/example_display_name.py took 0.063 seconds
[2026-05-20T14:52:37.112+0000] {processor.py:186} INFO - Started process (PID=50349) to work on /usr/local/python/3.12.1/lib/python3.12/site-packages/airflow/example_dags/example_display_name.py
[2026-05-20T14:52:37.113+0000] {processor.py:914} INFO - Processing file /usr/local/python/3.12.1/lib/python3.12/site-packages/airflow/example_dags/example_display_name.py for tasks to queue
[2026-05-20T14:52:37.115+0000] {logging_mixin.py:190} INFO - [2026-05-20T14:52:37.115+0000] {dagbag.py:588} INFO - Filling up the DagBag from /usr/local/python/3.12.1/lib/python3.12/site-packages/airflow/example_dags/example_display_name.py
[2026-05-20T14:52:37.123+0000] {processor.py:925} INFO - DAG(s) 'example_display_name' retrieved from /usr/local/python/3.12.1/lib/python3.12/site-packages/airflow/example_dags/example_display_name.py
[2026-05-20T14:52:37.216+0000] {logging_mixin.py:190} INFO - [2026-05-20T14:52:37.216+0000] {dag.py:3239} INFO - Sync 1 DAGs
[2026-05-20T14:52:37.227+0000] {logging_mixin.py:190} INFO - [2026-05-20T14:52:37.227+0000] {dag.py:4180} INFO - Setting next_dagrun for example_display_name to None, run_after=None
[2026-05-20T14:52:37.270+0000] {processor.py:208} INFO - Processing /usr/local/python/3.12.1/lib/python3.12/site-packages/airflow/example_dags/example_display_name.py took 0.163 seconds
[2026-05-20T14:53:32.625+0000] {processor.py:186} INFO - Started process (PID=51212) to work on /usr/local/python/3.12.1/lib/python3.12/site-packages/airflow/example_dags/example_display_name.py
[2026-05-20T14:53:32.630+0000] {processor.py:914} INFO - Processing file /usr/local/python/3.12.1/lib/python3.12/site-packages/airflow/example_dags/example_display_name.py for tasks to queue
[2026-05-20T14:53:32.641+0000] {logging_mixin.py:190} INFO - [2026-05-20T14:53:32.639+0000] {dagbag.py:588} INFO - Filling up the DagBag from /usr/local/python/3.12.1/lib/python3.12/site-packages/airflow/example_dags/example_display_name.py
[2026-05-20T14:53:32.661+0000] {processor.py:925} INFO - DAG(s) 'example_display_name' retrieved from /usr/local/python/3.12.1/lib/python3.12/site-packages/airflow/example_dags/example_display_name.py
[2026-05-20T14:53:32.682+0000] {logging_mixin.py:190} INFO - [2026-05-20T14:53:32.681+0000] {dag.py:3239} INFO - Sync 1 DAGs
[2026-05-20T14:53:32.710+0000] {logging_mixin.py:190} INFO - [2026-05-20T14:53:32.708+0000] {dag.py:4180} INFO - Setting next_dagrun for example_display_name to None, run_after=None
[2026-05-20T14:53:32.749+0000] {processor.py:208} INFO - Processing /usr/local/python/3.12.1/lib/python3.12/site-packages/airflow/example_dags/example_display_name.py took 0.134 seconds
