[2026-05-20T14:37:16.740+0000] {processor.py:186} INFO - Started process (PID=37813) to work on /usr/local/python/3.12.1/lib/python3.12/site-packages/airflow/example_dags/example_subdag_operator.py
[2026-05-20T14:37:16.742+0000] {processor.py:914} INFO - Processing file /usr/local/python/3.12.1/lib/python3.12/site-packages/airflow/example_dags/example_subdag_operator.py for tasks to queue
[2026-05-20T14:37:16.744+0000] {logging_mixin.py:190} INFO - [2026-05-20T14:37:16.744+0000] {dagbag.py:588} INFO - Filling up the DagBag from /usr/local/python/3.12.1/lib/python3.12/site-packages/airflow/example_dags/example_subdag_operator.py
[2026-05-20T14:37:16.767+0000] {processor.py:925} INFO - DAG(s) 'example_subdag_operator.section-1', 'example_subdag_operator.section-2', 'example_subdag_operator' retrieved from /usr/local/python/3.12.1/lib/python3.12/site-packages/airflow/example_dags/example_subdag_operator.py
[2026-05-20T14:37:16.782+0000] {logging_mixin.py:190} INFO - [2026-05-20T14:37:16.781+0000] {dag.py:3239} INFO - Sync 3 DAGs
[2026-05-20T14:37:16.799+0000] {logging_mixin.py:190} INFO - [2026-05-20T14:37:16.798+0000] {dag.py:4180} INFO - Setting next_dagrun for example_subdag_operator to 2022-01-01 00:00:00+00:00, run_after=2022-01-01 00:00:00+00:00
[2026-05-20T14:37:16.802+0000] {logging_mixin.py:190} INFO - [2026-05-20T14:37:16.801+0000] {dag.py:4180} INFO - Setting next_dagrun for example_subdag_operator.section-1 to None, run_after=None
[2026-05-20T14:37:16.802+0000] {logging_mixin.py:190} INFO - [2026-05-20T14:37:16.802+0000] {dag.py:4180} INFO - Setting next_dagrun for example_subdag_operator.section-2 to None, run_after=None
[2026-05-20T14:37:16.807+0000] {logging_mixin.py:190} INFO - [2026-05-20T14:37:16.807+0000] {dag.py:3239} INFO - Sync 2 DAGs
[2026-05-20T14:37:16.811+0000] {logging_mixin.py:190} INFO - [2026-05-20T14:37:16.811+0000] {dag.py:4180} INFO - Setting next_dagrun for example_subdag_operator.section-1 to None, run_after=None
[2026-05-20T14:37:16.811+0000] {logging_mixin.py:190} INFO - [2026-05-20T14:37:16.811+0000] {dag.py:4180} INFO - Setting next_dagrun for example_subdag_operator.section-2 to None, run_after=None
[2026-05-20T14:37:16.826+0000] {processor.py:208} INFO - Processing /usr/local/python/3.12.1/lib/python3.12/site-packages/airflow/example_dags/example_subdag_operator.py took 0.093 seconds
[2026-05-20T14:38:14.097+0000] {processor.py:186} INFO - Started process (PID=38567) to work on /usr/local/python/3.12.1/lib/python3.12/site-packages/airflow/example_dags/example_subdag_operator.py
[2026-05-20T14:38:14.098+0000] {processor.py:914} INFO - Processing file /usr/local/python/3.12.1/lib/python3.12/site-packages/airflow/example_dags/example_subdag_operator.py for tasks to queue
[2026-05-20T14:38:14.100+0000] {logging_mixin.py:190} INFO - [2026-05-20T14:38:14.099+0000] {dagbag.py:588} INFO - Filling up the DagBag from /usr/local/python/3.12.1/lib/python3.12/site-packages/airflow/example_dags/example_subdag_operator.py
[2026-05-20T14:38:14.120+0000] {processor.py:925} INFO - DAG(s) 'example_subdag_operator.section-1', 'example_subdag_operator.section-2', 'example_subdag_operator' retrieved from /usr/local/python/3.12.1/lib/python3.12/site-packages/airflow/example_dags/example_subdag_operator.py
[2026-05-20T14:38:14.136+0000] {logging_mixin.py:190} INFO - [2026-05-20T14:38:14.136+0000] {dag.py:3239} INFO - Sync 3 DAGs
[2026-05-20T14:38:14.158+0000] {logging_mixin.py:190} INFO - [2026-05-20T14:38:14.158+0000] {dag.py:4180} INFO - Setting next_dagrun for example_subdag_operator to 2022-01-01 00:00:00+00:00, run_after=2022-01-01 00:00:00+00:00
[2026-05-20T14:38:14.160+0000] {logging_mixin.py:190} INFO - [2026-05-20T14:38:14.160+0000] {dag.py:4180} INFO - Setting next_dagrun for example_subdag_operator.section-1 to None, run_after=None
[2026-05-20T14:38:14.161+0000] {logging_mixin.py:190} INFO - [2026-05-20T14:38:14.161+0000] {dag.py:4180} INFO - Setting next_dagrun for example_subdag_operator.section-2 to None, run_after=None
[2026-05-20T14:38:14.166+0000] {logging_mixin.py:190} INFO - [2026-05-20T14:38:14.166+0000] {dag.py:3239} INFO - Sync 2 DAGs
[2026-05-20T14:38:14.170+0000] {logging_mixin.py:190} INFO - [2026-05-20T14:38:14.170+0000] {dag.py:4180} INFO - Setting next_dagrun for example_subdag_operator.section-1 to None, run_after=None
[2026-05-20T14:38:14.171+0000] {logging_mixin.py:190} INFO - [2026-05-20T14:38:14.171+0000] {dag.py:4180} INFO - Setting next_dagrun for example_subdag_operator.section-2 to None, run_after=None
[2026-05-20T14:38:14.184+0000] {processor.py:208} INFO - Processing /usr/local/python/3.12.1/lib/python3.12/site-packages/airflow/example_dags/example_subdag_operator.py took 0.092 seconds
[2026-05-20T14:39:03.519+0000] {processor.py:186} INFO - Started process (PID=39259) to work on /usr/local/python/3.12.1/lib/python3.12/site-packages/airflow/example_dags/example_subdag_operator.py
[2026-05-20T14:39:03.520+0000] {processor.py:914} INFO - Processing file /usr/local/python/3.12.1/lib/python3.12/site-packages/airflow/example_dags/example_subdag_operator.py for tasks to queue
[2026-05-20T14:39:03.522+0000] {logging_mixin.py:190} INFO - [2026-05-20T14:39:03.521+0000] {dagbag.py:588} INFO - Filling up the DagBag from /usr/local/python/3.12.1/lib/python3.12/site-packages/airflow/example_dags/example_subdag_operator.py
[2026-05-20T14:39:03.545+0000] {processor.py:925} INFO - DAG(s) 'example_subdag_operator.section-1', 'example_subdag_operator.section-2', 'example_subdag_operator' retrieved from /usr/local/python/3.12.1/lib/python3.12/site-packages/airflow/example_dags/example_subdag_operator.py
[2026-05-20T14:39:03.558+0000] {logging_mixin.py:190} INFO - [2026-05-20T14:39:03.557+0000] {dag.py:3239} INFO - Sync 3 DAGs
[2026-05-20T14:39:03.575+0000] {logging_mixin.py:190} INFO - [2026-05-20T14:39:03.574+0000] {dag.py:4180} INFO - Setting next_dagrun for example_subdag_operator to 2022-01-01 00:00:00+00:00, run_after=2022-01-01 00:00:00+00:00
[2026-05-20T14:39:03.578+0000] {logging_mixin.py:190} INFO - [2026-05-20T14:39:03.578+0000] {dag.py:4180} INFO - Setting next_dagrun for example_subdag_operator.section-1 to None, run_after=None
[2026-05-20T14:39:03.579+0000] {logging_mixin.py:190} INFO - [2026-05-20T14:39:03.579+0000] {dag.py:4180} INFO - Setting next_dagrun for example_subdag_operator.section-2 to None, run_after=None
[2026-05-20T14:39:03.585+0000] {logging_mixin.py:190} INFO - [2026-05-20T14:39:03.585+0000] {dag.py:3239} INFO - Sync 2 DAGs
[2026-05-20T14:39:03.589+0000] {logging_mixin.py:190} INFO - [2026-05-20T14:39:03.589+0000] {dag.py:4180} INFO - Setting next_dagrun for example_subdag_operator.section-1 to None, run_after=None
[2026-05-20T14:39:03.591+0000] {logging_mixin.py:190} INFO - [2026-05-20T14:39:03.591+0000] {dag.py:4180} INFO - Setting next_dagrun for example_subdag_operator.section-2 to None, run_after=None
[2026-05-20T14:39:03.627+0000] {processor.py:208} INFO - Processing /usr/local/python/3.12.1/lib/python3.12/site-packages/airflow/example_dags/example_subdag_operator.py took 0.113 seconds
[2026-05-20T14:39:55.118+0000] {processor.py:186} INFO - Started process (PID=39660) to work on /usr/local/python/3.12.1/lib/python3.12/site-packages/airflow/example_dags/example_subdag_operator.py
[2026-05-20T14:39:55.119+0000] {processor.py:914} INFO - Processing file /usr/local/python/3.12.1/lib/python3.12/site-packages/airflow/example_dags/example_subdag_operator.py for tasks to queue
[2026-05-20T14:39:55.121+0000] {logging_mixin.py:190} INFO - [2026-05-20T14:39:55.121+0000] {dagbag.py:588} INFO - Filling up the DagBag from /usr/local/python/3.12.1/lib/python3.12/site-packages/airflow/example_dags/example_subdag_operator.py
[2026-05-20T14:39:55.145+0000] {processor.py:925} INFO - DAG(s) 'example_subdag_operator.section-1', 'example_subdag_operator.section-2', 'example_subdag_operator' retrieved from /usr/local/python/3.12.1/lib/python3.12/site-packages/airflow/example_dags/example_subdag_operator.py
[2026-05-20T14:39:55.158+0000] {logging_mixin.py:190} INFO - [2026-05-20T14:39:55.158+0000] {dag.py:3239} INFO - Sync 3 DAGs
[2026-05-20T14:39:55.174+0000] {logging_mixin.py:190} INFO - [2026-05-20T14:39:55.174+0000] {dag.py:4180} INFO - Setting next_dagrun for example_subdag_operator to 2022-01-01 00:00:00+00:00, run_after=2022-01-01 00:00:00+00:00
[2026-05-20T14:39:55.177+0000] {logging_mixin.py:190} INFO - [2026-05-20T14:39:55.176+0000] {dag.py:4180} INFO - Setting next_dagrun for example_subdag_operator.section-1 to None, run_after=None
[2026-05-20T14:39:55.177+0000] {logging_mixin.py:190} INFO - [2026-05-20T14:39:55.177+0000] {dag.py:4180} INFO - Setting next_dagrun for example_subdag_operator.section-2 to None, run_after=None
[2026-05-20T14:39:55.182+0000] {logging_mixin.py:190} INFO - [2026-05-20T14:39:55.182+0000] {dag.py:3239} INFO - Sync 2 DAGs
[2026-05-20T14:39:55.186+0000] {logging_mixin.py:190} INFO - [2026-05-20T14:39:55.186+0000] {dag.py:4180} INFO - Setting next_dagrun for example_subdag_operator.section-1 to None, run_after=None
[2026-05-20T14:39:55.186+0000] {logging_mixin.py:190} INFO - [2026-05-20T14:39:55.186+0000] {dag.py:4180} INFO - Setting next_dagrun for example_subdag_operator.section-2 to None, run_after=None
[2026-05-20T14:39:55.199+0000] {processor.py:208} INFO - Processing /usr/local/python/3.12.1/lib/python3.12/site-packages/airflow/example_dags/example_subdag_operator.py took 0.086 seconds
[2026-05-20T14:40:47.746+0000] {processor.py:186} INFO - Started process (PID=40250) to work on /usr/local/python/3.12.1/lib/python3.12/site-packages/airflow/example_dags/example_subdag_operator.py
[2026-05-20T14:40:47.747+0000] {processor.py:914} INFO - Processing file /usr/local/python/3.12.1/lib/python3.12/site-packages/airflow/example_dags/example_subdag_operator.py for tasks to queue
[2026-05-20T14:40:47.749+0000] {logging_mixin.py:190} INFO - [2026-05-20T14:40:47.749+0000] {dagbag.py:588} INFO - Filling up the DagBag from /usr/local/python/3.12.1/lib/python3.12/site-packages/airflow/example_dags/example_subdag_operator.py
[2026-05-20T14:40:47.770+0000] {processor.py:925} INFO - DAG(s) 'example_subdag_operator.section-1', 'example_subdag_operator.section-2', 'example_subdag_operator' retrieved from /usr/local/python/3.12.1/lib/python3.12/site-packages/airflow/example_dags/example_subdag_operator.py
[2026-05-20T14:40:47.783+0000] {logging_mixin.py:190} INFO - [2026-05-20T14:40:47.783+0000] {dag.py:3239} INFO - Sync 3 DAGs
[2026-05-20T14:40:47.801+0000] {logging_mixin.py:190} INFO - [2026-05-20T14:40:47.801+0000] {dag.py:4180} INFO - Setting next_dagrun for example_subdag_operator to 2022-01-01 00:00:00+00:00, run_after=2022-01-01 00:00:00+00:00
[2026-05-20T14:40:47.804+0000] {logging_mixin.py:190} INFO - [2026-05-20T14:40:47.804+0000] {dag.py:4180} INFO - Setting next_dagrun for example_subdag_operator.section-1 to None, run_after=None
[2026-05-20T14:40:47.805+0000] {logging_mixin.py:190} INFO - [2026-05-20T14:40:47.805+0000] {dag.py:4180} INFO - Setting next_dagrun for example_subdag_operator.section-2 to None, run_after=None
[2026-05-20T14:40:47.810+0000] {logging_mixin.py:190} INFO - [2026-05-20T14:40:47.809+0000] {dag.py:3239} INFO - Sync 2 DAGs
[2026-05-20T14:40:47.813+0000] {logging_mixin.py:190} INFO - [2026-05-20T14:40:47.813+0000] {dag.py:4180} INFO - Setting next_dagrun for example_subdag_operator.section-1 to None, run_after=None
[2026-05-20T14:40:47.813+0000] {logging_mixin.py:190} INFO - [2026-05-20T14:40:47.813+0000] {dag.py:4180} INFO - Setting next_dagrun for example_subdag_operator.section-2 to None, run_after=None
[2026-05-20T14:40:47.826+0000] {processor.py:208} INFO - Processing /usr/local/python/3.12.1/lib/python3.12/site-packages/airflow/example_dags/example_subdag_operator.py took 0.087 seconds
[2026-05-20T14:41:42.820+0000] {processor.py:186} INFO - Started process (PID=41551) to work on /usr/local/python/3.12.1/lib/python3.12/site-packages/airflow/example_dags/example_subdag_operator.py
[2026-05-20T14:41:42.821+0000] {processor.py:914} INFO - Processing file /usr/local/python/3.12.1/lib/python3.12/site-packages/airflow/example_dags/example_subdag_operator.py for tasks to queue
[2026-05-20T14:41:42.824+0000] {logging_mixin.py:190} INFO - [2026-05-20T14:41:42.823+0000] {dagbag.py:588} INFO - Filling up the DagBag from /usr/local/python/3.12.1/lib/python3.12/site-packages/airflow/example_dags/example_subdag_operator.py
[2026-05-20T14:41:42.847+0000] {processor.py:925} INFO - DAG(s) 'example_subdag_operator.section-1', 'example_subdag_operator.section-2', 'example_subdag_operator' retrieved from /usr/local/python/3.12.1/lib/python3.12/site-packages/airflow/example_dags/example_subdag_operator.py
[2026-05-20T14:41:42.860+0000] {logging_mixin.py:190} INFO - [2026-05-20T14:41:42.859+0000] {dag.py:3239} INFO - Sync 3 DAGs
[2026-05-20T14:41:42.876+0000] {logging_mixin.py:190} INFO - [2026-05-20T14:41:42.876+0000] {dag.py:4180} INFO - Setting next_dagrun for example_subdag_operator to 2022-01-01 00:00:00+00:00, run_after=2022-01-01 00:00:00+00:00
[2026-05-20T14:41:42.879+0000] {logging_mixin.py:190} INFO - [2026-05-20T14:41:42.879+0000] {dag.py:4180} INFO - Setting next_dagrun for example_subdag_operator.section-1 to None, run_after=None
[2026-05-20T14:41:42.880+0000] {logging_mixin.py:190} INFO - [2026-05-20T14:41:42.880+0000] {dag.py:4180} INFO - Setting next_dagrun for example_subdag_operator.section-2 to None, run_after=None
[2026-05-20T14:41:42.885+0000] {logging_mixin.py:190} INFO - [2026-05-20T14:41:42.885+0000] {dag.py:3239} INFO - Sync 2 DAGs
[2026-05-20T14:41:42.889+0000] {logging_mixin.py:190} INFO - [2026-05-20T14:41:42.889+0000] {dag.py:4180} INFO - Setting next_dagrun for example_subdag_operator.section-1 to None, run_after=None
[2026-05-20T14:41:42.889+0000] {logging_mixin.py:190} INFO - [2026-05-20T14:41:42.889+0000] {dag.py:4180} INFO - Setting next_dagrun for example_subdag_operator.section-2 to None, run_after=None
[2026-05-20T14:41:42.904+0000] {processor.py:208} INFO - Processing /usr/local/python/3.12.1/lib/python3.12/site-packages/airflow/example_dags/example_subdag_operator.py took 0.088 seconds
[2026-05-20T14:42:36.056+0000] {processor.py:186} INFO - Started process (PID=42101) to work on /usr/local/python/3.12.1/lib/python3.12/site-packages/airflow/example_dags/example_subdag_operator.py
[2026-05-20T14:42:36.057+0000] {processor.py:914} INFO - Processing file /usr/local/python/3.12.1/lib/python3.12/site-packages/airflow/example_dags/example_subdag_operator.py for tasks to queue
[2026-05-20T14:42:36.060+0000] {logging_mixin.py:190} INFO - [2026-05-20T14:42:36.059+0000] {dagbag.py:588} INFO - Filling up the DagBag from /usr/local/python/3.12.1/lib/python3.12/site-packages/airflow/example_dags/example_subdag_operator.py
[2026-05-20T14:42:36.083+0000] {processor.py:925} INFO - DAG(s) 'example_subdag_operator.section-1', 'example_subdag_operator.section-2', 'example_subdag_operator' retrieved from /usr/local/python/3.12.1/lib/python3.12/site-packages/airflow/example_dags/example_subdag_operator.py
[2026-05-20T14:42:36.097+0000] {logging_mixin.py:190} INFO - [2026-05-20T14:42:36.096+0000] {dag.py:3239} INFO - Sync 3 DAGs
[2026-05-20T14:42:36.114+0000] {logging_mixin.py:190} INFO - [2026-05-20T14:42:36.114+0000] {dag.py:4180} INFO - Setting next_dagrun for example_subdag_operator to 2022-01-01 00:00:00+00:00, run_after=2022-01-01 00:00:00+00:00
[2026-05-20T14:42:36.117+0000] {logging_mixin.py:190} INFO - [2026-05-20T14:42:36.117+0000] {dag.py:4180} INFO - Setting next_dagrun for example_subdag_operator.section-1 to None, run_after=None
[2026-05-20T14:42:36.118+0000] {logging_mixin.py:190} INFO - [2026-05-20T14:42:36.118+0000] {dag.py:4180} INFO - Setting next_dagrun for example_subdag_operator.section-2 to None, run_after=None
[2026-05-20T14:42:36.123+0000] {logging_mixin.py:190} INFO - [2026-05-20T14:42:36.123+0000] {dag.py:3239} INFO - Sync 2 DAGs
[2026-05-20T14:42:36.126+0000] {logging_mixin.py:190} INFO - [2026-05-20T14:42:36.126+0000] {dag.py:4180} INFO - Setting next_dagrun for example_subdag_operator.section-1 to None, run_after=None
[2026-05-20T14:42:36.127+0000] {logging_mixin.py:190} INFO - [2026-05-20T14:42:36.127+0000] {dag.py:4180} INFO - Setting next_dagrun for example_subdag_operator.section-2 to None, run_after=None
[2026-05-20T14:42:36.141+0000] {processor.py:208} INFO - Processing /usr/local/python/3.12.1/lib/python3.12/site-packages/airflow/example_dags/example_subdag_operator.py took 0.089 seconds
[2026-05-20T14:43:28.902+0000] {processor.py:186} INFO - Started process (PID=42710) to work on /usr/local/python/3.12.1/lib/python3.12/site-packages/airflow/example_dags/example_subdag_operator.py
[2026-05-20T14:43:28.903+0000] {processor.py:914} INFO - Processing file /usr/local/python/3.12.1/lib/python3.12/site-packages/airflow/example_dags/example_subdag_operator.py for tasks to queue
[2026-05-20T14:43:28.907+0000] {logging_mixin.py:190} INFO - [2026-05-20T14:43:28.906+0000] {dagbag.py:588} INFO - Filling up the DagBag from /usr/local/python/3.12.1/lib/python3.12/site-packages/airflow/example_dags/example_subdag_operator.py
[2026-05-20T14:43:29.065+0000] {processor.py:925} INFO - DAG(s) 'example_subdag_operator.section-1', 'example_subdag_operator.section-2', 'example_subdag_operator' retrieved from /usr/local/python/3.12.1/lib/python3.12/site-packages/airflow/example_dags/example_subdag_operator.py
[2026-05-20T14:43:29.231+0000] {logging_mixin.py:190} INFO - [2026-05-20T14:43:29.230+0000] {dag.py:3239} INFO - Sync 3 DAGs
[2026-05-20T14:43:29.312+0000] {logging_mixin.py:190} INFO - [2026-05-20T14:43:29.311+0000] {dag.py:4180} INFO - Setting next_dagrun for example_subdag_operator to 2022-01-01 00:00:00+00:00, run_after=2022-01-01 00:00:00+00:00
[2026-05-20T14:43:29.324+0000] {logging_mixin.py:190} INFO - [2026-05-20T14:43:29.324+0000] {dag.py:4180} INFO - Setting next_dagrun for example_subdag_operator.section-1 to None, run_after=None
[2026-05-20T14:43:29.329+0000] {logging_mixin.py:190} INFO - [2026-05-20T14:43:29.329+0000] {dag.py:4180} INFO - Setting next_dagrun for example_subdag_operator.section-2 to None, run_after=None
[2026-05-20T14:43:29.346+0000] {logging_mixin.py:190} INFO - [2026-05-20T14:43:29.346+0000] {dag.py:3239} INFO - Sync 2 DAGs
[2026-05-20T14:43:29.362+0000] {logging_mixin.py:190} INFO - [2026-05-20T14:43:29.361+0000] {dag.py:4180} INFO - Setting next_dagrun for example_subdag_operator.section-1 to None, run_after=None
[2026-05-20T14:43:29.362+0000] {logging_mixin.py:190} INFO - [2026-05-20T14:43:29.362+0000] {dag.py:4180} INFO - Setting next_dagrun for example_subdag_operator.section-2 to None, run_after=None
[2026-05-20T14:43:29.469+0000] {processor.py:208} INFO - Processing /usr/local/python/3.12.1/lib/python3.12/site-packages/airflow/example_dags/example_subdag_operator.py took 0.574 seconds
[2026-05-20T14:44:22.084+0000] {processor.py:186} INFO - Started process (PID=43381) to work on /usr/local/python/3.12.1/lib/python3.12/site-packages/airflow/example_dags/example_subdag_operator.py
[2026-05-20T14:44:22.085+0000] {processor.py:914} INFO - Processing file /usr/local/python/3.12.1/lib/python3.12/site-packages/airflow/example_dags/example_subdag_operator.py for tasks to queue
[2026-05-20T14:44:22.087+0000] {logging_mixin.py:190} INFO - [2026-05-20T14:44:22.087+0000] {dagbag.py:588} INFO - Filling up the DagBag from /usr/local/python/3.12.1/lib/python3.12/site-packages/airflow/example_dags/example_subdag_operator.py
[2026-05-20T14:44:22.107+0000] {processor.py:925} INFO - DAG(s) 'example_subdag_operator.section-1', 'example_subdag_operator.section-2', 'example_subdag_operator' retrieved from /usr/local/python/3.12.1/lib/python3.12/site-packages/airflow/example_dags/example_subdag_operator.py
[2026-05-20T14:44:22.121+0000] {logging_mixin.py:190} INFO - [2026-05-20T14:44:22.120+0000] {dag.py:3239} INFO - Sync 3 DAGs
[2026-05-20T14:44:22.143+0000] {logging_mixin.py:190} INFO - [2026-05-20T14:44:22.143+0000] {dag.py:4180} INFO - Setting next_dagrun for example_subdag_operator to 2022-01-01 00:00:00+00:00, run_after=2022-01-01 00:00:00+00:00
[2026-05-20T14:44:22.147+0000] {logging_mixin.py:190} INFO - [2026-05-20T14:44:22.147+0000] {dag.py:4180} INFO - Setting next_dagrun for example_subdag_operator.section-1 to None, run_after=None
[2026-05-20T14:44:22.148+0000] {logging_mixin.py:190} INFO - [2026-05-20T14:44:22.148+0000] {dag.py:4180} INFO - Setting next_dagrun for example_subdag_operator.section-2 to None, run_after=None
[2026-05-20T14:44:22.154+0000] {logging_mixin.py:190} INFO - [2026-05-20T14:44:22.154+0000] {dag.py:3239} INFO - Sync 2 DAGs
[2026-05-20T14:44:22.158+0000] {logging_mixin.py:190} INFO - [2026-05-20T14:44:22.158+0000] {dag.py:4180} INFO - Setting next_dagrun for example_subdag_operator.section-1 to None, run_after=None
[2026-05-20T14:44:22.158+0000] {logging_mixin.py:190} INFO - [2026-05-20T14:44:22.158+0000] {dag.py:4180} INFO - Setting next_dagrun for example_subdag_operator.section-2 to None, run_after=None
[2026-05-20T14:44:22.173+0000] {processor.py:208} INFO - Processing /usr/local/python/3.12.1/lib/python3.12/site-packages/airflow/example_dags/example_subdag_operator.py took 0.094 seconds
[2026-05-20T14:45:14.722+0000] {processor.py:186} INFO - Started process (PID=43867) to work on /usr/local/python/3.12.1/lib/python3.12/site-packages/airflow/example_dags/example_subdag_operator.py
[2026-05-20T14:45:14.756+0000] {processor.py:914} INFO - Processing file /usr/local/python/3.12.1/lib/python3.12/site-packages/airflow/example_dags/example_subdag_operator.py for tasks to queue
[2026-05-20T14:45:14.760+0000] {logging_mixin.py:190} INFO - [2026-05-20T14:45:14.759+0000] {dagbag.py:588} INFO - Filling up the DagBag from /usr/local/python/3.12.1/lib/python3.12/site-packages/airflow/example_dags/example_subdag_operator.py
[2026-05-20T14:45:14.786+0000] {processor.py:925} INFO - DAG(s) 'example_subdag_operator.section-1', 'example_subdag_operator.section-2', 'example_subdag_operator' retrieved from /usr/local/python/3.12.1/lib/python3.12/site-packages/airflow/example_dags/example_subdag_operator.py
[2026-05-20T14:45:14.803+0000] {logging_mixin.py:190} INFO - [2026-05-20T14:45:14.803+0000] {dag.py:3239} INFO - Sync 3 DAGs
[2026-05-20T14:45:14.832+0000] {logging_mixin.py:190} INFO - [2026-05-20T14:45:14.832+0000] {dag.py:4180} INFO - Setting next_dagrun for example_subdag_operator to 2022-01-01 00:00:00+00:00, run_after=2022-01-01 00:00:00+00:00
[2026-05-20T14:45:14.838+0000] {logging_mixin.py:190} INFO - [2026-05-20T14:45:14.838+0000] {dag.py:4180} INFO - Setting next_dagrun for example_subdag_operator.section-1 to None, run_after=None
[2026-05-20T14:45:14.839+0000] {logging_mixin.py:190} INFO - [2026-05-20T14:45:14.839+0000] {dag.py:4180} INFO - Setting next_dagrun for example_subdag_operator.section-2 to None, run_after=None
[2026-05-20T14:45:14.849+0000] {logging_mixin.py:190} INFO - [2026-05-20T14:45:14.849+0000] {dag.py:3239} INFO - Sync 2 DAGs
[2026-05-20T14:45:14.857+0000] {logging_mixin.py:190} INFO - [2026-05-20T14:45:14.857+0000] {dag.py:4180} INFO - Setting next_dagrun for example_subdag_operator.section-1 to None, run_after=None
[2026-05-20T14:45:14.858+0000] {logging_mixin.py:190} INFO - [2026-05-20T14:45:14.858+0000] {dag.py:4180} INFO - Setting next_dagrun for example_subdag_operator.section-2 to None, run_after=None
[2026-05-20T14:45:14.893+0000] {processor.py:208} INFO - Processing /usr/local/python/3.12.1/lib/python3.12/site-packages/airflow/example_dags/example_subdag_operator.py took 0.184 seconds
[2026-05-20T14:46:23.328+0000] {processor.py:186} INFO - Started process (PID=45807) to work on /usr/local/python/3.12.1/lib/python3.12/site-packages/airflow/example_dags/example_subdag_operator.py
[2026-05-20T14:46:23.334+0000] {processor.py:914} INFO - Processing file /usr/local/python/3.12.1/lib/python3.12/site-packages/airflow/example_dags/example_subdag_operator.py for tasks to queue
[2026-05-20T14:46:23.345+0000] {logging_mixin.py:190} INFO - [2026-05-20T14:46:23.344+0000] {dagbag.py:588} INFO - Filling up the DagBag from /usr/local/python/3.12.1/lib/python3.12/site-packages/airflow/example_dags/example_subdag_operator.py
[2026-05-20T14:46:23.414+0000] {processor.py:925} INFO - DAG(s) 'example_subdag_operator.section-1', 'example_subdag_operator.section-2', 'example_subdag_operator' retrieved from /usr/local/python/3.12.1/lib/python3.12/site-packages/airflow/example_dags/example_subdag_operator.py
[2026-05-20T14:46:23.448+0000] {logging_mixin.py:190} INFO - [2026-05-20T14:46:23.447+0000] {dag.py:3239} INFO - Sync 3 DAGs
[2026-05-20T14:46:23.511+0000] {logging_mixin.py:190} INFO - [2026-05-20T14:46:23.511+0000] {dag.py:4180} INFO - Setting next_dagrun for example_subdag_operator to 2022-01-01 00:00:00+00:00, run_after=2022-01-01 00:00:00+00:00
[2026-05-20T14:46:23.516+0000] {logging_mixin.py:190} INFO - [2026-05-20T14:46:23.515+0000] {dag.py:4180} INFO - Setting next_dagrun for example_subdag_operator.section-1 to None, run_after=None
[2026-05-20T14:46:23.517+0000] {logging_mixin.py:190} INFO - [2026-05-20T14:46:23.517+0000] {dag.py:4180} INFO - Setting next_dagrun for example_subdag_operator.section-2 to None, run_after=None
[2026-05-20T14:46:23.524+0000] {logging_mixin.py:190} INFO - [2026-05-20T14:46:23.523+0000] {dag.py:3239} INFO - Sync 2 DAGs
[2026-05-20T14:46:23.529+0000] {logging_mixin.py:190} INFO - [2026-05-20T14:46:23.529+0000] {dag.py:4180} INFO - Setting next_dagrun for example_subdag_operator.section-1 to None, run_after=None
[2026-05-20T14:46:23.530+0000] {logging_mixin.py:190} INFO - [2026-05-20T14:46:23.530+0000] {dag.py:4180} INFO - Setting next_dagrun for example_subdag_operator.section-2 to None, run_after=None
[2026-05-20T14:46:23.552+0000] {processor.py:208} INFO - Processing /usr/local/python/3.12.1/lib/python3.12/site-packages/airflow/example_dags/example_subdag_operator.py took 0.245 seconds
[2026-05-20T14:47:21.678+0000] {processor.py:186} INFO - Started process (PID=46560) to work on /usr/local/python/3.12.1/lib/python3.12/site-packages/airflow/example_dags/example_subdag_operator.py
[2026-05-20T14:47:21.680+0000] {processor.py:914} INFO - Processing file /usr/local/python/3.12.1/lib/python3.12/site-packages/airflow/example_dags/example_subdag_operator.py for tasks to queue
[2026-05-20T14:47:21.682+0000] {logging_mixin.py:190} INFO - [2026-05-20T14:47:21.681+0000] {dagbag.py:588} INFO - Filling up the DagBag from /usr/local/python/3.12.1/lib/python3.12/site-packages/airflow/example_dags/example_subdag_operator.py
[2026-05-20T14:47:21.705+0000] {processor.py:925} INFO - DAG(s) 'example_subdag_operator.section-1', 'example_subdag_operator.section-2', 'example_subdag_operator' retrieved from /usr/local/python/3.12.1/lib/python3.12/site-packages/airflow/example_dags/example_subdag_operator.py
[2026-05-20T14:47:21.721+0000] {logging_mixin.py:190} INFO - [2026-05-20T14:47:21.720+0000] {dag.py:3239} INFO - Sync 3 DAGs
[2026-05-20T14:47:21.743+0000] {logging_mixin.py:190} INFO - [2026-05-20T14:47:21.743+0000] {dag.py:4180} INFO - Setting next_dagrun for example_subdag_operator to 2022-01-01 00:00:00+00:00, run_after=2022-01-01 00:00:00+00:00
[2026-05-20T14:47:21.747+0000] {logging_mixin.py:190} INFO - [2026-05-20T14:47:21.747+0000] {dag.py:4180} INFO - Setting next_dagrun for example_subdag_operator.section-1 to None, run_after=None
[2026-05-20T14:47:21.749+0000] {logging_mixin.py:190} INFO - [2026-05-20T14:47:21.749+0000] {dag.py:4180} INFO - Setting next_dagrun for example_subdag_operator.section-2 to None, run_after=None
[2026-05-20T14:47:21.755+0000] {logging_mixin.py:190} INFO - [2026-05-20T14:47:21.755+0000] {dag.py:3239} INFO - Sync 2 DAGs
[2026-05-20T14:47:21.760+0000] {logging_mixin.py:190} INFO - [2026-05-20T14:47:21.759+0000] {dag.py:4180} INFO - Setting next_dagrun for example_subdag_operator.section-1 to None, run_after=None
[2026-05-20T14:47:21.760+0000] {logging_mixin.py:190} INFO - [2026-05-20T14:47:21.760+0000] {dag.py:4180} INFO - Setting next_dagrun for example_subdag_operator.section-2 to None, run_after=None
[2026-05-20T14:47:21.773+0000] {processor.py:208} INFO - Processing /usr/local/python/3.12.1/lib/python3.12/site-packages/airflow/example_dags/example_subdag_operator.py took 0.101 seconds
[2026-05-20T14:52:05.199+0000] {processor.py:186} INFO - Started process (PID=49856) to work on /usr/local/python/3.12.1/lib/python3.12/site-packages/airflow/example_dags/example_subdag_operator.py
[2026-05-20T14:52:05.200+0000] {processor.py:914} INFO - Processing file /usr/local/python/3.12.1/lib/python3.12/site-packages/airflow/example_dags/example_subdag_operator.py for tasks to queue
[2026-05-20T14:52:05.202+0000] {logging_mixin.py:190} INFO - [2026-05-20T14:52:05.202+0000] {dagbag.py:588} INFO - Filling up the DagBag from /usr/local/python/3.12.1/lib/python3.12/site-packages/airflow/example_dags/example_subdag_operator.py
[2026-05-20T14:52:05.221+0000] {processor.py:925} INFO - DAG(s) 'example_subdag_operator.section-1', 'example_subdag_operator.section-2', 'example_subdag_operator' retrieved from /usr/local/python/3.12.1/lib/python3.12/site-packages/airflow/example_dags/example_subdag_operator.py
[2026-05-20T14:52:05.321+0000] {logging_mixin.py:190} INFO - [2026-05-20T14:52:05.321+0000] {dag.py:3239} INFO - Sync 3 DAGs
[2026-05-20T14:52:05.340+0000] {logging_mixin.py:190} INFO - [2026-05-20T14:52:05.340+0000] {dag.py:4180} INFO - Setting next_dagrun for example_subdag_operator to 2022-01-01 00:00:00+00:00, run_after=2022-01-01 00:00:00+00:00
[2026-05-20T14:52:05.343+0000] {logging_mixin.py:190} INFO - [2026-05-20T14:52:05.343+0000] {dag.py:4180} INFO - Setting next_dagrun for example_subdag_operator.section-1 to None, run_after=None
[2026-05-20T14:52:05.344+0000] {logging_mixin.py:190} INFO - [2026-05-20T14:52:05.344+0000] {dag.py:4180} INFO - Setting next_dagrun for example_subdag_operator.section-2 to None, run_after=None
[2026-05-20T14:52:05.350+0000] {logging_mixin.py:190} INFO - [2026-05-20T14:52:05.350+0000] {dag.py:3239} INFO - Sync 2 DAGs
[2026-05-20T14:52:05.354+0000] {logging_mixin.py:190} INFO - [2026-05-20T14:52:05.353+0000] {dag.py:4180} INFO - Setting next_dagrun for example_subdag_operator.section-1 to None, run_after=None
[2026-05-20T14:52:05.354+0000] {logging_mixin.py:190} INFO - [2026-05-20T14:52:05.354+0000] {dag.py:4180} INFO - Setting next_dagrun for example_subdag_operator.section-2 to None, run_after=None
[2026-05-20T14:52:05.370+0000] {processor.py:208} INFO - Processing /usr/local/python/3.12.1/lib/python3.12/site-packages/airflow/example_dags/example_subdag_operator.py took 0.176 seconds
[2026-05-20T14:53:06.688+0000] {processor.py:186} INFO - Started process (PID=50769) to work on /usr/local/python/3.12.1/lib/python3.12/site-packages/airflow/example_dags/example_subdag_operator.py
[2026-05-20T14:53:06.689+0000] {processor.py:914} INFO - Processing file /usr/local/python/3.12.1/lib/python3.12/site-packages/airflow/example_dags/example_subdag_operator.py for tasks to queue
[2026-05-20T14:53:06.691+0000] {logging_mixin.py:190} INFO - [2026-05-20T14:53:06.690+0000] {dagbag.py:588} INFO - Filling up the DagBag from /usr/local/python/3.12.1/lib/python3.12/site-packages/airflow/example_dags/example_subdag_operator.py
[2026-05-20T14:53:06.713+0000] {processor.py:925} INFO - DAG(s) 'example_subdag_operator.section-1', 'example_subdag_operator.section-2', 'example_subdag_operator' retrieved from /usr/local/python/3.12.1/lib/python3.12/site-packages/airflow/example_dags/example_subdag_operator.py
[2026-05-20T14:53:06.727+0000] {logging_mixin.py:190} INFO - [2026-05-20T14:53:06.726+0000] {dag.py:3239} INFO - Sync 3 DAGs
[2026-05-20T14:53:06.747+0000] {logging_mixin.py:190} INFO - [2026-05-20T14:53:06.747+0000] {dag.py:4180} INFO - Setting next_dagrun for example_subdag_operator to 2022-01-01 00:00:00+00:00, run_after=2022-01-01 00:00:00+00:00
[2026-05-20T14:53:06.751+0000] {logging_mixin.py:190} INFO - [2026-05-20T14:53:06.751+0000] {dag.py:4180} INFO - Setting next_dagrun for example_subdag_operator.section-1 to None, run_after=None
[2026-05-20T14:53:06.752+0000] {logging_mixin.py:190} INFO - [2026-05-20T14:53:06.752+0000] {dag.py:4180} INFO - Setting next_dagrun for example_subdag_operator.section-2 to None, run_after=None
[2026-05-20T14:53:06.757+0000] {logging_mixin.py:190} INFO - [2026-05-20T14:53:06.757+0000] {dag.py:3239} INFO - Sync 2 DAGs
[2026-05-20T14:53:06.761+0000] {logging_mixin.py:190} INFO - [2026-05-20T14:53:06.760+0000] {dag.py:4180} INFO - Setting next_dagrun for example_subdag_operator.section-1 to None, run_after=None
[2026-05-20T14:53:06.761+0000] {logging_mixin.py:190} INFO - [2026-05-20T14:53:06.761+0000] {dag.py:4180} INFO - Setting next_dagrun for example_subdag_operator.section-2 to None, run_after=None
[2026-05-20T14:53:06.772+0000] {processor.py:208} INFO - Processing /usr/local/python/3.12.1/lib/python3.12/site-packages/airflow/example_dags/example_subdag_operator.py took 0.089 seconds
[2026-05-20T14:54:01.081+0000] {processor.py:186} INFO - Started process (PID=51711) to work on /usr/local/python/3.12.1/lib/python3.12/site-packages/airflow/example_dags/example_subdag_operator.py
[2026-05-20T14:54:01.082+0000] {processor.py:914} INFO - Processing file /usr/local/python/3.12.1/lib/python3.12/site-packages/airflow/example_dags/example_subdag_operator.py for tasks to queue
[2026-05-20T14:54:01.084+0000] {logging_mixin.py:190} INFO - [2026-05-20T14:54:01.083+0000] {dagbag.py:588} INFO - Filling up the DagBag from /usr/local/python/3.12.1/lib/python3.12/site-packages/airflow/example_dags/example_subdag_operator.py
[2026-05-20T14:54:01.103+0000] {processor.py:925} INFO - DAG(s) 'example_subdag_operator.section-1', 'example_subdag_operator.section-2', 'example_subdag_operator' retrieved from /usr/local/python/3.12.1/lib/python3.12/site-packages/airflow/example_dags/example_subdag_operator.py
[2026-05-20T14:54:01.115+0000] {logging_mixin.py:190} INFO - [2026-05-20T14:54:01.114+0000] {dag.py:3239} INFO - Sync 3 DAGs
[2026-05-20T14:54:01.131+0000] {logging_mixin.py:190} INFO - [2026-05-20T14:54:01.131+0000] {dag.py:4180} INFO - Setting next_dagrun for example_subdag_operator to 2022-01-01 00:00:00+00:00, run_after=2022-01-01 00:00:00+00:00
[2026-05-20T14:54:01.135+0000] {logging_mixin.py:190} INFO - [2026-05-20T14:54:01.134+0000] {dag.py:4180} INFO - Setting next_dagrun for example_subdag_operator.section-1 to None, run_after=None
[2026-05-20T14:54:01.135+0000] {logging_mixin.py:190} INFO - [2026-05-20T14:54:01.135+0000] {dag.py:4180} INFO - Setting next_dagrun for example_subdag_operator.section-2 to None, run_after=None
[2026-05-20T14:54:01.141+0000] {logging_mixin.py:190} INFO - [2026-05-20T14:54:01.141+0000] {dag.py:3239} INFO - Sync 2 DAGs
[2026-05-20T14:54:01.144+0000] {logging_mixin.py:190} INFO - [2026-05-20T14:54:01.144+0000] {dag.py:4180} INFO - Setting next_dagrun for example_subdag_operator.section-1 to None, run_after=None
[2026-05-20T14:54:01.144+0000] {logging_mixin.py:190} INFO - [2026-05-20T14:54:01.144+0000] {dag.py:4180} INFO - Setting next_dagrun for example_subdag_operator.section-2 to None, run_after=None
[2026-05-20T14:54:01.156+0000] {processor.py:208} INFO - Processing /usr/local/python/3.12.1/lib/python3.12/site-packages/airflow/example_dags/example_subdag_operator.py took 0.080 seconds
