[2026-05-20T14:37:35.021+0000] {processor.py:186} INFO - Started process (PID=38138) to work on /usr/local/python/3.12.1/lib/python3.12/site-packages/airflow/example_dags/example_outlet_event_extra.py
[2026-05-20T14:37:35.022+0000] {processor.py:914} INFO - Processing file /usr/local/python/3.12.1/lib/python3.12/site-packages/airflow/example_dags/example_outlet_event_extra.py for tasks to queue
[2026-05-20T14:37:35.024+0000] {logging_mixin.py:190} INFO - [2026-05-20T14:37:35.024+0000] {dagbag.py:588} INFO - Filling up the DagBag from /usr/local/python/3.12.1/lib/python3.12/site-packages/airflow/example_dags/example_outlet_event_extra.py
[2026-05-20T14:37:35.047+0000] {processor.py:925} INFO - DAG(s) 'dataset_with_extra_by_yield', 'dataset_with_extra_by_context', 'dataset_with_extra_from_classic_operator' retrieved from /usr/local/python/3.12.1/lib/python3.12/site-packages/airflow/example_dags/example_outlet_event_extra.py
[2026-05-20T14:37:35.067+0000] {logging_mixin.py:190} INFO - [2026-05-20T14:37:35.067+0000] {dag.py:3239} INFO - Sync 3 DAGs
[2026-05-20T14:37:35.086+0000] {logging_mixin.py:190} INFO - [2026-05-20T14:37:35.086+0000] {dag.py:4180} INFO - Setting next_dagrun for dataset_with_extra_by_context to 2026-05-19 00:00:00+00:00, run_after=2026-05-20 00:00:00+00:00
[2026-05-20T14:37:35.089+0000] {logging_mixin.py:190} INFO - [2026-05-20T14:37:35.089+0000] {dag.py:4180} INFO - Setting next_dagrun for dataset_with_extra_by_yield to 2026-05-19 00:00:00+00:00, run_after=2026-05-20 00:00:00+00:00
[2026-05-20T14:37:35.091+0000] {logging_mixin.py:190} INFO - [2026-05-20T14:37:35.091+0000] {dag.py:4180} INFO - Setting next_dagrun for dataset_with_extra_from_classic_operator to 2026-05-19 00:00:00+00:00, run_after=2026-05-20 00:00:00+00:00
[2026-05-20T14:37:35.113+0000] {processor.py:208} INFO - Processing /usr/local/python/3.12.1/lib/python3.12/site-packages/airflow/example_dags/example_outlet_event_extra.py took 0.098 seconds
[2026-05-20T14:38:29.798+0000] {processor.py:186} INFO - Started process (PID=38683) to work on /usr/local/python/3.12.1/lib/python3.12/site-packages/airflow/example_dags/example_outlet_event_extra.py
[2026-05-20T14:38:29.798+0000] {processor.py:914} INFO - Processing file /usr/local/python/3.12.1/lib/python3.12/site-packages/airflow/example_dags/example_outlet_event_extra.py for tasks to queue
[2026-05-20T14:38:29.800+0000] {logging_mixin.py:190} INFO - [2026-05-20T14:38:29.800+0000] {dagbag.py:588} INFO - Filling up the DagBag from /usr/local/python/3.12.1/lib/python3.12/site-packages/airflow/example_dags/example_outlet_event_extra.py
[2026-05-20T14:38:29.812+0000] {processor.py:925} INFO - DAG(s) 'dataset_with_extra_from_classic_operator', 'dataset_with_extra_by_yield', 'dataset_with_extra_by_context' retrieved from /usr/local/python/3.12.1/lib/python3.12/site-packages/airflow/example_dags/example_outlet_event_extra.py
[2026-05-20T14:38:29.830+0000] {logging_mixin.py:190} INFO - [2026-05-20T14:38:29.830+0000] {dag.py:3239} INFO - Sync 3 DAGs
[2026-05-20T14:38:29.855+0000] {logging_mixin.py:190} INFO - [2026-05-20T14:38:29.854+0000] {dag.py:4180} INFO - Setting next_dagrun for dataset_with_extra_by_context to 2026-05-19 00:00:00+00:00, run_after=2026-05-20 00:00:00+00:00
[2026-05-20T14:38:29.860+0000] {logging_mixin.py:190} INFO - [2026-05-20T14:38:29.860+0000] {dag.py:4180} INFO - Setting next_dagrun for dataset_with_extra_by_yield to 2026-05-19 00:00:00+00:00, run_after=2026-05-20 00:00:00+00:00
[2026-05-20T14:38:29.863+0000] {logging_mixin.py:190} INFO - [2026-05-20T14:38:29.863+0000] {dag.py:4180} INFO - Setting next_dagrun for dataset_with_extra_from_classic_operator to 2026-05-19 00:00:00+00:00, run_after=2026-05-20 00:00:00+00:00
[2026-05-20T14:38:29.891+0000] {processor.py:208} INFO - Processing /usr/local/python/3.12.1/lib/python3.12/site-packages/airflow/example_dags/example_outlet_event_extra.py took 0.098 seconds
[2026-05-20T14:39:24.230+0000] {processor.py:186} INFO - Started process (PID=39420) to work on /usr/local/python/3.12.1/lib/python3.12/site-packages/airflow/example_dags/example_outlet_event_extra.py
[2026-05-20T14:39:24.231+0000] {processor.py:914} INFO - Processing file /usr/local/python/3.12.1/lib/python3.12/site-packages/airflow/example_dags/example_outlet_event_extra.py for tasks to queue
[2026-05-20T14:39:24.233+0000] {logging_mixin.py:190} INFO - [2026-05-20T14:39:24.232+0000] {dagbag.py:588} INFO - Filling up the DagBag from /usr/local/python/3.12.1/lib/python3.12/site-packages/airflow/example_dags/example_outlet_event_extra.py
[2026-05-20T14:39:24.247+0000] {processor.py:925} INFO - DAG(s) 'dataset_with_extra_by_context', 'dataset_with_extra_from_classic_operator', 'dataset_with_extra_by_yield' retrieved from /usr/local/python/3.12.1/lib/python3.12/site-packages/airflow/example_dags/example_outlet_event_extra.py
[2026-05-20T14:39:24.264+0000] {logging_mixin.py:190} INFO - [2026-05-20T14:39:24.264+0000] {dag.py:3239} INFO - Sync 3 DAGs
[2026-05-20T14:39:24.285+0000] {logging_mixin.py:190} INFO - [2026-05-20T14:39:24.284+0000] {dag.py:4180} INFO - Setting next_dagrun for dataset_with_extra_by_context to 2026-05-19 00:00:00+00:00, run_after=2026-05-20 00:00:00+00:00
[2026-05-20T14:39:24.288+0000] {logging_mixin.py:190} INFO - [2026-05-20T14:39:24.288+0000] {dag.py:4180} INFO - Setting next_dagrun for dataset_with_extra_by_yield to 2026-05-19 00:00:00+00:00, run_after=2026-05-20 00:00:00+00:00
[2026-05-20T14:39:24.291+0000] {logging_mixin.py:190} INFO - [2026-05-20T14:39:24.291+0000] {dag.py:4180} INFO - Setting next_dagrun for dataset_with_extra_from_classic_operator to 2026-05-19 00:00:00+00:00, run_after=2026-05-20 00:00:00+00:00
[2026-05-20T14:39:24.309+0000] {processor.py:208} INFO - Processing /usr/local/python/3.12.1/lib/python3.12/site-packages/airflow/example_dags/example_outlet_event_extra.py took 0.086 seconds
[2026-05-20T14:40:16.366+0000] {processor.py:186} INFO - Started process (PID=39885) to work on /usr/local/python/3.12.1/lib/python3.12/site-packages/airflow/example_dags/example_outlet_event_extra.py
[2026-05-20T14:40:16.367+0000] {processor.py:914} INFO - Processing file /usr/local/python/3.12.1/lib/python3.12/site-packages/airflow/example_dags/example_outlet_event_extra.py for tasks to queue
[2026-05-20T14:40:16.369+0000] {logging_mixin.py:190} INFO - [2026-05-20T14:40:16.368+0000] {dagbag.py:588} INFO - Filling up the DagBag from /usr/local/python/3.12.1/lib/python3.12/site-packages/airflow/example_dags/example_outlet_event_extra.py
[2026-05-20T14:40:16.380+0000] {processor.py:925} INFO - DAG(s) 'dataset_with_extra_from_classic_operator', 'dataset_with_extra_by_yield', 'dataset_with_extra_by_context' retrieved from /usr/local/python/3.12.1/lib/python3.12/site-packages/airflow/example_dags/example_outlet_event_extra.py
[2026-05-20T14:40:16.397+0000] {logging_mixin.py:190} INFO - [2026-05-20T14:40:16.397+0000] {dag.py:3239} INFO - Sync 3 DAGs
[2026-05-20T14:40:16.415+0000] {logging_mixin.py:190} INFO - [2026-05-20T14:40:16.415+0000] {dag.py:4180} INFO - Setting next_dagrun for dataset_with_extra_by_context to 2026-05-19 00:00:00+00:00, run_after=2026-05-20 00:00:00+00:00
[2026-05-20T14:40:16.419+0000] {logging_mixin.py:190} INFO - [2026-05-20T14:40:16.419+0000] {dag.py:4180} INFO - Setting next_dagrun for dataset_with_extra_by_yield to 2026-05-19 00:00:00+00:00, run_after=2026-05-20 00:00:00+00:00
[2026-05-20T14:40:16.420+0000] {logging_mixin.py:190} INFO - [2026-05-20T14:40:16.420+0000] {dag.py:4180} INFO - Setting next_dagrun for dataset_with_extra_from_classic_operator to 2026-05-19 00:00:00+00:00, run_after=2026-05-20 00:00:00+00:00
[2026-05-20T14:40:16.442+0000] {processor.py:208} INFO - Processing /usr/local/python/3.12.1/lib/python3.12/site-packages/airflow/example_dags/example_outlet_event_extra.py took 0.080 seconds
[2026-05-20T14:41:11.253+0000] {processor.py:186} INFO - Started process (PID=41091) to work on /usr/local/python/3.12.1/lib/python3.12/site-packages/airflow/example_dags/example_outlet_event_extra.py
[2026-05-20T14:41:11.363+0000] {processor.py:914} INFO - Processing file /usr/local/python/3.12.1/lib/python3.12/site-packages/airflow/example_dags/example_outlet_event_extra.py for tasks to queue
[2026-05-20T14:41:11.366+0000] {logging_mixin.py:190} INFO - [2026-05-20T14:41:11.365+0000] {dagbag.py:588} INFO - Filling up the DagBag from /usr/local/python/3.12.1/lib/python3.12/site-packages/airflow/example_dags/example_outlet_event_extra.py
[2026-05-20T14:41:11.391+0000] {processor.py:925} INFO - DAG(s) 'dataset_with_extra_from_classic_operator', 'dataset_with_extra_by_context', 'dataset_with_extra_by_yield' retrieved from /usr/local/python/3.12.1/lib/python3.12/site-packages/airflow/example_dags/example_outlet_event_extra.py
[2026-05-20T14:41:11.416+0000] {logging_mixin.py:190} INFO - [2026-05-20T14:41:11.416+0000] {dag.py:3239} INFO - Sync 3 DAGs
[2026-05-20T14:41:11.446+0000] {logging_mixin.py:190} INFO - [2026-05-20T14:41:11.445+0000] {dag.py:4180} INFO - Setting next_dagrun for dataset_with_extra_by_context to 2026-05-19 00:00:00+00:00, run_after=2026-05-20 00:00:00+00:00
[2026-05-20T14:41:11.451+0000] {logging_mixin.py:190} INFO - [2026-05-20T14:41:11.451+0000] {dag.py:4180} INFO - Setting next_dagrun for dataset_with_extra_by_yield to 2026-05-19 00:00:00+00:00, run_after=2026-05-20 00:00:00+00:00
[2026-05-20T14:41:11.454+0000] {logging_mixin.py:190} INFO - [2026-05-20T14:41:11.454+0000] {dag.py:4180} INFO - Setting next_dagrun for dataset_with_extra_from_classic_operator to 2026-05-19 00:00:00+00:00, run_after=2026-05-20 00:00:00+00:00
[2026-05-20T14:41:11.516+0000] {processor.py:208} INFO - Processing /usr/local/python/3.12.1/lib/python3.12/site-packages/airflow/example_dags/example_outlet_event_extra.py took 0.269 seconds
[2026-05-20T14:42:05.301+0000] {processor.py:186} INFO - Started process (PID=41815) to work on /usr/local/python/3.12.1/lib/python3.12/site-packages/airflow/example_dags/example_outlet_event_extra.py
[2026-05-20T14:42:05.302+0000] {processor.py:914} INFO - Processing file /usr/local/python/3.12.1/lib/python3.12/site-packages/airflow/example_dags/example_outlet_event_extra.py for tasks to queue
[2026-05-20T14:42:05.304+0000] {logging_mixin.py:190} INFO - [2026-05-20T14:42:05.304+0000] {dagbag.py:588} INFO - Filling up the DagBag from /usr/local/python/3.12.1/lib/python3.12/site-packages/airflow/example_dags/example_outlet_event_extra.py
[2026-05-20T14:42:05.316+0000] {processor.py:925} INFO - DAG(s) 'dataset_with_extra_by_context', 'dataset_with_extra_by_yield', 'dataset_with_extra_from_classic_operator' retrieved from /usr/local/python/3.12.1/lib/python3.12/site-packages/airflow/example_dags/example_outlet_event_extra.py
[2026-05-20T14:42:05.336+0000] {logging_mixin.py:190} INFO - [2026-05-20T14:42:05.335+0000] {dag.py:3239} INFO - Sync 3 DAGs
[2026-05-20T14:42:05.356+0000] {logging_mixin.py:190} INFO - [2026-05-20T14:42:05.356+0000] {dag.py:4180} INFO - Setting next_dagrun for dataset_with_extra_by_context to 2026-05-19 00:00:00+00:00, run_after=2026-05-20 00:00:00+00:00
[2026-05-20T14:42:05.360+0000] {logging_mixin.py:190} INFO - [2026-05-20T14:42:05.360+0000] {dag.py:4180} INFO - Setting next_dagrun for dataset_with_extra_by_yield to 2026-05-19 00:00:00+00:00, run_after=2026-05-20 00:00:00+00:00
[2026-05-20T14:42:05.361+0000] {logging_mixin.py:190} INFO - [2026-05-20T14:42:05.361+0000] {dag.py:4180} INFO - Setting next_dagrun for dataset_with_extra_from_classic_operator to 2026-05-19 00:00:00+00:00, run_after=2026-05-20 00:00:00+00:00
[2026-05-20T14:42:05.379+0000] {processor.py:208} INFO - Processing /usr/local/python/3.12.1/lib/python3.12/site-packages/airflow/example_dags/example_outlet_event_extra.py took 0.085 seconds
[2026-05-20T14:42:59.003+0000] {processor.py:186} INFO - Started process (PID=42286) to work on /usr/local/python/3.12.1/lib/python3.12/site-packages/airflow/example_dags/example_outlet_event_extra.py
[2026-05-20T14:42:59.004+0000] {processor.py:914} INFO - Processing file /usr/local/python/3.12.1/lib/python3.12/site-packages/airflow/example_dags/example_outlet_event_extra.py for tasks to queue
[2026-05-20T14:42:59.006+0000] {logging_mixin.py:190} INFO - [2026-05-20T14:42:59.005+0000] {dagbag.py:588} INFO - Filling up the DagBag from /usr/local/python/3.12.1/lib/python3.12/site-packages/airflow/example_dags/example_outlet_event_extra.py
[2026-05-20T14:42:59.018+0000] {processor.py:925} INFO - DAG(s) 'dataset_with_extra_by_yield', 'dataset_with_extra_from_classic_operator', 'dataset_with_extra_by_context' retrieved from /usr/local/python/3.12.1/lib/python3.12/site-packages/airflow/example_dags/example_outlet_event_extra.py
[2026-05-20T14:42:59.040+0000] {logging_mixin.py:190} INFO - [2026-05-20T14:42:59.040+0000] {dag.py:3239} INFO - Sync 3 DAGs
[2026-05-20T14:42:59.060+0000] {logging_mixin.py:190} INFO - [2026-05-20T14:42:59.060+0000] {dag.py:4180} INFO - Setting next_dagrun for dataset_with_extra_by_context to 2026-05-19 00:00:00+00:00, run_after=2026-05-20 00:00:00+00:00
[2026-05-20T14:42:59.065+0000] {logging_mixin.py:190} INFO - [2026-05-20T14:42:59.065+0000] {dag.py:4180} INFO - Setting next_dagrun for dataset_with_extra_by_yield to 2026-05-19 00:00:00+00:00, run_after=2026-05-20 00:00:00+00:00
[2026-05-20T14:42:59.070+0000] {logging_mixin.py:190} INFO - [2026-05-20T14:42:59.069+0000] {dag.py:4180} INFO - Setting next_dagrun for dataset_with_extra_from_classic_operator to 2026-05-19 00:00:00+00:00, run_after=2026-05-20 00:00:00+00:00
[2026-05-20T14:42:59.089+0000] {processor.py:208} INFO - Processing /usr/local/python/3.12.1/lib/python3.12/site-packages/airflow/example_dags/example_outlet_event_extra.py took 0.091 seconds
[2026-05-20T14:43:49.803+0000] {processor.py:186} INFO - Started process (PID=43058) to work on /usr/local/python/3.12.1/lib/python3.12/site-packages/airflow/example_dags/example_outlet_event_extra.py
[2026-05-20T14:43:49.808+0000] {processor.py:914} INFO - Processing file /usr/local/python/3.12.1/lib/python3.12/site-packages/airflow/example_dags/example_outlet_event_extra.py for tasks to queue
[2026-05-20T14:43:49.823+0000] {logging_mixin.py:190} INFO - [2026-05-20T14:43:49.817+0000] {dagbag.py:588} INFO - Filling up the DagBag from /usr/local/python/3.12.1/lib/python3.12/site-packages/airflow/example_dags/example_outlet_event_extra.py
[2026-05-20T14:43:49.877+0000] {processor.py:925} INFO - DAG(s) 'dataset_with_extra_from_classic_operator', 'dataset_with_extra_by_context', 'dataset_with_extra_by_yield' retrieved from /usr/local/python/3.12.1/lib/python3.12/site-packages/airflow/example_dags/example_outlet_event_extra.py
[2026-05-20T14:43:49.926+0000] {logging_mixin.py:190} INFO - [2026-05-20T14:43:49.925+0000] {dag.py:3239} INFO - Sync 3 DAGs
[2026-05-20T14:43:49.972+0000] {logging_mixin.py:190} INFO - [2026-05-20T14:43:49.972+0000] {dag.py:4180} INFO - Setting next_dagrun for dataset_with_extra_by_context to 2026-05-19 00:00:00+00:00, run_after=2026-05-20 00:00:00+00:00
[2026-05-20T14:43:49.979+0000] {logging_mixin.py:190} INFO - [2026-05-20T14:43:49.978+0000] {dag.py:4180} INFO - Setting next_dagrun for dataset_with_extra_by_yield to 2026-05-19 00:00:00+00:00, run_after=2026-05-20 00:00:00+00:00
[2026-05-20T14:43:49.982+0000] {logging_mixin.py:190} INFO - [2026-05-20T14:43:49.982+0000] {dag.py:4180} INFO - Setting next_dagrun for dataset_with_extra_from_classic_operator to 2026-05-19 00:00:00+00:00, run_after=2026-05-20 00:00:00+00:00
[2026-05-20T14:43:50.017+0000] {processor.py:208} INFO - Processing /usr/local/python/3.12.1/lib/python3.12/site-packages/airflow/example_dags/example_outlet_event_extra.py took 0.235 seconds
[2026-05-20T14:44:44.930+0000] {processor.py:186} INFO - Started process (PID=43552) to work on /usr/local/python/3.12.1/lib/python3.12/site-packages/airflow/example_dags/example_outlet_event_extra.py
[2026-05-20T14:44:44.931+0000] {processor.py:914} INFO - Processing file /usr/local/python/3.12.1/lib/python3.12/site-packages/airflow/example_dags/example_outlet_event_extra.py for tasks to queue
[2026-05-20T14:44:44.934+0000] {logging_mixin.py:190} INFO - [2026-05-20T14:44:44.933+0000] {dagbag.py:588} INFO - Filling up the DagBag from /usr/local/python/3.12.1/lib/python3.12/site-packages/airflow/example_dags/example_outlet_event_extra.py
[2026-05-20T14:44:44.957+0000] {processor.py:925} INFO - DAG(s) 'dataset_with_extra_by_yield', 'dataset_with_extra_by_context', 'dataset_with_extra_from_classic_operator' retrieved from /usr/local/python/3.12.1/lib/python3.12/site-packages/airflow/example_dags/example_outlet_event_extra.py
[2026-05-20T14:44:44.982+0000] {logging_mixin.py:190} INFO - [2026-05-20T14:44:44.982+0000] {dag.py:3239} INFO - Sync 3 DAGs
[2026-05-20T14:44:45.005+0000] {logging_mixin.py:190} INFO - [2026-05-20T14:44:45.005+0000] {dag.py:4180} INFO - Setting next_dagrun for dataset_with_extra_by_context to 2026-05-19 00:00:00+00:00, run_after=2026-05-20 00:00:00+00:00
[2026-05-20T14:44:45.010+0000] {logging_mixin.py:190} INFO - [2026-05-20T14:44:45.010+0000] {dag.py:4180} INFO - Setting next_dagrun for dataset_with_extra_by_yield to 2026-05-19 00:00:00+00:00, run_after=2026-05-20 00:00:00+00:00
[2026-05-20T14:44:45.013+0000] {logging_mixin.py:190} INFO - [2026-05-20T14:44:45.013+0000] {dag.py:4180} INFO - Setting next_dagrun for dataset_with_extra_from_classic_operator to 2026-05-19 00:00:00+00:00, run_after=2026-05-20 00:00:00+00:00
[2026-05-20T14:44:45.035+0000] {processor.py:208} INFO - Processing /usr/local/python/3.12.1/lib/python3.12/site-packages/airflow/example_dags/example_outlet_event_extra.py took 0.112 seconds
[2026-05-20T14:45:47.049+0000] {processor.py:186} INFO - Started process (PID=45359) to work on /usr/local/python/3.12.1/lib/python3.12/site-packages/airflow/example_dags/example_outlet_event_extra.py
[2026-05-20T14:45:47.114+0000] {processor.py:914} INFO - Processing file /usr/local/python/3.12.1/lib/python3.12/site-packages/airflow/example_dags/example_outlet_event_extra.py for tasks to queue
[2026-05-20T14:45:47.118+0000] {logging_mixin.py:190} INFO - [2026-05-20T14:45:47.117+0000] {dagbag.py:588} INFO - Filling up the DagBag from /usr/local/python/3.12.1/lib/python3.12/site-packages/airflow/example_dags/example_outlet_event_extra.py
[2026-05-20T14:45:47.136+0000] {processor.py:925} INFO - DAG(s) 'dataset_with_extra_by_yield', 'dataset_with_extra_by_context', 'dataset_with_extra_from_classic_operator' retrieved from /usr/local/python/3.12.1/lib/python3.12/site-packages/airflow/example_dags/example_outlet_event_extra.py
[2026-05-20T14:45:47.163+0000] {logging_mixin.py:190} INFO - [2026-05-20T14:45:47.163+0000] {dag.py:3239} INFO - Sync 3 DAGs
[2026-05-20T14:45:47.195+0000] {logging_mixin.py:190} INFO - [2026-05-20T14:45:47.194+0000] {dag.py:4180} INFO - Setting next_dagrun for dataset_with_extra_by_context to 2026-05-19 00:00:00+00:00, run_after=2026-05-20 00:00:00+00:00
[2026-05-20T14:45:47.201+0000] {logging_mixin.py:190} INFO - [2026-05-20T14:45:47.201+0000] {dag.py:4180} INFO - Setting next_dagrun for dataset_with_extra_by_yield to 2026-05-19 00:00:00+00:00, run_after=2026-05-20 00:00:00+00:00
[2026-05-20T14:45:47.204+0000] {logging_mixin.py:190} INFO - [2026-05-20T14:45:47.203+0000] {dag.py:4180} INFO - Setting next_dagrun for dataset_with_extra_from_classic_operator to 2026-05-19 00:00:00+00:00, run_after=2026-05-20 00:00:00+00:00
[2026-05-20T14:45:47.231+0000] {processor.py:208} INFO - Processing /usr/local/python/3.12.1/lib/python3.12/site-packages/airflow/example_dags/example_outlet_event_extra.py took 0.189 seconds
[2026-05-20T14:46:47.792+0000] {processor.py:186} INFO - Started process (PID=46083) to work on /usr/local/python/3.12.1/lib/python3.12/site-packages/airflow/example_dags/example_outlet_event_extra.py
[2026-05-20T14:46:47.794+0000] {processor.py:914} INFO - Processing file /usr/local/python/3.12.1/lib/python3.12/site-packages/airflow/example_dags/example_outlet_event_extra.py for tasks to queue
[2026-05-20T14:46:47.796+0000] {logging_mixin.py:190} INFO - [2026-05-20T14:46:47.795+0000] {dagbag.py:588} INFO - Filling up the DagBag from /usr/local/python/3.12.1/lib/python3.12/site-packages/airflow/example_dags/example_outlet_event_extra.py
[2026-05-20T14:46:47.808+0000] {processor.py:925} INFO - DAG(s) 'dataset_with_extra_from_classic_operator', 'dataset_with_extra_by_context', 'dataset_with_extra_by_yield' retrieved from /usr/local/python/3.12.1/lib/python3.12/site-packages/airflow/example_dags/example_outlet_event_extra.py
[2026-05-20T14:46:47.828+0000] {logging_mixin.py:190} INFO - [2026-05-20T14:46:47.826+0000] {dag.py:3239} INFO - Sync 3 DAGs
[2026-05-20T14:46:47.849+0000] {logging_mixin.py:190} INFO - [2026-05-20T14:46:47.849+0000] {dag.py:4180} INFO - Setting next_dagrun for dataset_with_extra_by_context to 2026-05-19 00:00:00+00:00, run_after=2026-05-20 00:00:00+00:00
[2026-05-20T14:46:47.853+0000] {logging_mixin.py:190} INFO - [2026-05-20T14:46:47.853+0000] {dag.py:4180} INFO - Setting next_dagrun for dataset_with_extra_by_yield to 2026-05-19 00:00:00+00:00, run_after=2026-05-20 00:00:00+00:00
[2026-05-20T14:46:47.855+0000] {logging_mixin.py:190} INFO - [2026-05-20T14:46:47.855+0000] {dag.py:4180} INFO - Setting next_dagrun for dataset_with_extra_from_classic_operator to 2026-05-19 00:00:00+00:00, run_after=2026-05-20 00:00:00+00:00
[2026-05-20T14:46:47.875+0000] {processor.py:208} INFO - Processing /usr/local/python/3.12.1/lib/python3.12/site-packages/airflow/example_dags/example_outlet_event_extra.py took 0.089 seconds
[2026-05-20T14:52:24.606+0000] {processor.py:186} INFO - Started process (PID=50129) to work on /usr/local/python/3.12.1/lib/python3.12/site-packages/airflow/example_dags/example_outlet_event_extra.py
[2026-05-20T14:52:24.608+0000] {processor.py:914} INFO - Processing file /usr/local/python/3.12.1/lib/python3.12/site-packages/airflow/example_dags/example_outlet_event_extra.py for tasks to queue
[2026-05-20T14:52:24.611+0000] {logging_mixin.py:190} INFO - [2026-05-20T14:52:24.610+0000] {dagbag.py:588} INFO - Filling up the DagBag from /usr/local/python/3.12.1/lib/python3.12/site-packages/airflow/example_dags/example_outlet_event_extra.py
[2026-05-20T14:52:24.627+0000] {processor.py:925} INFO - DAG(s) 'dataset_with_extra_by_context', 'dataset_with_extra_by_yield', 'dataset_with_extra_from_classic_operator' retrieved from /usr/local/python/3.12.1/lib/python3.12/site-packages/airflow/example_dags/example_outlet_event_extra.py
[2026-05-20T14:52:24.770+0000] {logging_mixin.py:190} INFO - [2026-05-20T14:52:24.769+0000] {dag.py:3239} INFO - Sync 3 DAGs
[2026-05-20T14:52:24.787+0000] {logging_mixin.py:190} INFO - [2026-05-20T14:52:24.786+0000] {dag.py:4180} INFO - Setting next_dagrun for dataset_with_extra_by_context to 2026-05-19 00:00:00+00:00, run_after=2026-05-20 00:00:00+00:00
[2026-05-20T14:52:24.790+0000] {logging_mixin.py:190} INFO - [2026-05-20T14:52:24.790+0000] {dag.py:4180} INFO - Setting next_dagrun for dataset_with_extra_by_yield to 2026-05-19 00:00:00+00:00, run_after=2026-05-20 00:00:00+00:00
[2026-05-20T14:52:24.792+0000] {logging_mixin.py:190} INFO - [2026-05-20T14:52:24.792+0000] {dag.py:4180} INFO - Setting next_dagrun for dataset_with_extra_from_classic_operator to 2026-05-19 00:00:00+00:00, run_after=2026-05-20 00:00:00+00:00
[2026-05-20T14:52:24.813+0000] {processor.py:208} INFO - Processing /usr/local/python/3.12.1/lib/python3.12/site-packages/airflow/example_dags/example_outlet_event_extra.py took 0.212 seconds
[2026-05-20T14:53:21.797+0000] {processor.py:186} INFO - Started process (PID=51069) to work on /usr/local/python/3.12.1/lib/python3.12/site-packages/airflow/example_dags/example_outlet_event_extra.py
[2026-05-20T14:53:21.798+0000] {processor.py:914} INFO - Processing file /usr/local/python/3.12.1/lib/python3.12/site-packages/airflow/example_dags/example_outlet_event_extra.py for tasks to queue
[2026-05-20T14:53:21.800+0000] {logging_mixin.py:190} INFO - [2026-05-20T14:53:21.799+0000] {dagbag.py:588} INFO - Filling up the DagBag from /usr/local/python/3.12.1/lib/python3.12/site-packages/airflow/example_dags/example_outlet_event_extra.py
[2026-05-20T14:53:21.814+0000] {processor.py:925} INFO - DAG(s) 'dataset_with_extra_by_yield', 'dataset_with_extra_by_context', 'dataset_with_extra_from_classic_operator' retrieved from /usr/local/python/3.12.1/lib/python3.12/site-packages/airflow/example_dags/example_outlet_event_extra.py
[2026-05-20T14:53:21.853+0000] {logging_mixin.py:190} INFO - [2026-05-20T14:53:21.853+0000] {dag.py:3239} INFO - Sync 3 DAGs
[2026-05-20T14:53:21.887+0000] {logging_mixin.py:190} INFO - [2026-05-20T14:53:21.887+0000] {dag.py:4180} INFO - Setting next_dagrun for dataset_with_extra_by_context to 2026-05-19 00:00:00+00:00, run_after=2026-05-20 00:00:00+00:00
[2026-05-20T14:53:21.898+0000] {logging_mixin.py:190} INFO - [2026-05-20T14:53:21.898+0000] {dag.py:4180} INFO - Setting next_dagrun for dataset_with_extra_by_yield to 2026-05-19 00:00:00+00:00, run_after=2026-05-20 00:00:00+00:00
[2026-05-20T14:53:21.902+0000] {logging_mixin.py:190} INFO - [2026-05-20T14:53:21.902+0000] {dag.py:4180} INFO - Setting next_dagrun for dataset_with_extra_from_classic_operator to 2026-05-19 00:00:00+00:00, run_after=2026-05-20 00:00:00+00:00
[2026-05-20T14:53:21.940+0000] {processor.py:208} INFO - Processing /usr/local/python/3.12.1/lib/python3.12/site-packages/airflow/example_dags/example_outlet_event_extra.py took 0.148 seconds
[2026-05-20T14:54:17.793+0000] {processor.py:186} INFO - Started process (PID=52060) to work on /usr/local/python/3.12.1/lib/python3.12/site-packages/airflow/example_dags/example_outlet_event_extra.py
[2026-05-20T14:54:17.794+0000] {processor.py:914} INFO - Processing file /usr/local/python/3.12.1/lib/python3.12/site-packages/airflow/example_dags/example_outlet_event_extra.py for tasks to queue
[2026-05-20T14:54:17.796+0000] {logging_mixin.py:190} INFO - [2026-05-20T14:54:17.795+0000] {dagbag.py:588} INFO - Filling up the DagBag from /usr/local/python/3.12.1/lib/python3.12/site-packages/airflow/example_dags/example_outlet_event_extra.py
[2026-05-20T14:54:17.808+0000] {processor.py:925} INFO - DAG(s) 'dataset_with_extra_by_context', 'dataset_with_extra_by_yield', 'dataset_with_extra_from_classic_operator' retrieved from /usr/local/python/3.12.1/lib/python3.12/site-packages/airflow/example_dags/example_outlet_event_extra.py
[2026-05-20T14:54:17.827+0000] {logging_mixin.py:190} INFO - [2026-05-20T14:54:17.826+0000] {dag.py:3239} INFO - Sync 3 DAGs
[2026-05-20T14:54:17.848+0000] {logging_mixin.py:190} INFO - [2026-05-20T14:54:17.848+0000] {dag.py:4180} INFO - Setting next_dagrun for dataset_with_extra_by_context to 2026-05-19 00:00:00+00:00, run_after=2026-05-20 00:00:00+00:00
[2026-05-20T14:54:17.852+0000] {logging_mixin.py:190} INFO - [2026-05-20T14:54:17.852+0000] {dag.py:4180} INFO - Setting next_dagrun for dataset_with_extra_by_yield to 2026-05-19 00:00:00+00:00, run_after=2026-05-20 00:00:00+00:00
[2026-05-20T14:54:17.854+0000] {logging_mixin.py:190} INFO - [2026-05-20T14:54:17.854+0000] {dag.py:4180} INFO - Setting next_dagrun for dataset_with_extra_from_classic_operator to 2026-05-19 00:00:00+00:00, run_after=2026-05-20 00:00:00+00:00
[2026-05-20T14:54:17.879+0000] {processor.py:208} INFO - Processing /usr/local/python/3.12.1/lib/python3.12/site-packages/airflow/example_dags/example_outlet_event_extra.py took 0.091 seconds
