[2026-05-20T14:37:13.990+0000] {processor.py:186} INFO - Started process (PID=37789) to work on /usr/local/python/3.12.1/lib/python3.12/site-packages/airflow/example_dags/example_xcom.py
[2026-05-20T14:37:13.992+0000] {processor.py:914} INFO - Processing file /usr/local/python/3.12.1/lib/python3.12/site-packages/airflow/example_dags/example_xcom.py for tasks to queue
[2026-05-20T14:37:13.997+0000] {logging_mixin.py:190} INFO - [2026-05-20T14:37:13.996+0000] {dagbag.py:588} INFO - Filling up the DagBag from /usr/local/python/3.12.1/lib/python3.12/site-packages/airflow/example_dags/example_xcom.py
[2026-05-20T14:37:14.010+0000] {processor.py:925} INFO - DAG(s) 'example_xcom' retrieved from /usr/local/python/3.12.1/lib/python3.12/site-packages/airflow/example_dags/example_xcom.py
[2026-05-20T14:37:14.040+0000] {logging_mixin.py:190} INFO - [2026-05-20T14:37:14.040+0000] {dag.py:3239} INFO - Sync 1 DAGs
[2026-05-20T14:37:14.080+0000] {logging_mixin.py:190} INFO - [2026-05-20T14:37:14.079+0000] {dag.py:4180} INFO - Setting next_dagrun for example_xcom to 2021-01-01 00:00:00+00:00, run_after=2021-01-01 00:00:00+00:00
[2026-05-20T14:37:14.173+0000] {processor.py:208} INFO - Processing /usr/local/python/3.12.1/lib/python3.12/site-packages/airflow/example_dags/example_xcom.py took 0.198 seconds
[2026-05-20T14:38:11.584+0000] {processor.py:186} INFO - Started process (PID=38537) to work on /usr/local/python/3.12.1/lib/python3.12/site-packages/airflow/example_dags/example_xcom.py
[2026-05-20T14:38:11.585+0000] {processor.py:914} INFO - Processing file /usr/local/python/3.12.1/lib/python3.12/site-packages/airflow/example_dags/example_xcom.py for tasks to queue
[2026-05-20T14:38:11.587+0000] {logging_mixin.py:190} INFO - [2026-05-20T14:38:11.587+0000] {dagbag.py:588} INFO - Filling up the DagBag from /usr/local/python/3.12.1/lib/python3.12/site-packages/airflow/example_dags/example_xcom.py
[2026-05-20T14:38:11.596+0000] {processor.py:925} INFO - DAG(s) 'example_xcom' retrieved from /usr/local/python/3.12.1/lib/python3.12/site-packages/airflow/example_dags/example_xcom.py
[2026-05-20T14:38:11.611+0000] {logging_mixin.py:190} INFO - [2026-05-20T14:38:11.611+0000] {dag.py:3239} INFO - Sync 1 DAGs
[2026-05-20T14:38:11.629+0000] {logging_mixin.py:190} INFO - [2026-05-20T14:38:11.628+0000] {dag.py:4180} INFO - Setting next_dagrun for example_xcom to 2021-01-01 00:00:00+00:00, run_after=2021-01-01 00:00:00+00:00
[2026-05-20T14:38:11.651+0000] {processor.py:208} INFO - Processing /usr/local/python/3.12.1/lib/python3.12/site-packages/airflow/example_dags/example_xcom.py took 0.072 seconds
[2026-05-20T14:39:00.592+0000] {processor.py:186} INFO - Started process (PID=39188) to work on /usr/local/python/3.12.1/lib/python3.12/site-packages/airflow/example_dags/example_xcom.py
[2026-05-20T14:39:00.592+0000] {processor.py:914} INFO - Processing file /usr/local/python/3.12.1/lib/python3.12/site-packages/airflow/example_dags/example_xcom.py for tasks to queue
[2026-05-20T14:39:00.594+0000] {logging_mixin.py:190} INFO - [2026-05-20T14:39:00.594+0000] {dagbag.py:588} INFO - Filling up the DagBag from /usr/local/python/3.12.1/lib/python3.12/site-packages/airflow/example_dags/example_xcom.py
[2026-05-20T14:39:00.602+0000] {processor.py:925} INFO - DAG(s) 'example_xcom' retrieved from /usr/local/python/3.12.1/lib/python3.12/site-packages/airflow/example_dags/example_xcom.py
[2026-05-20T14:39:00.617+0000] {logging_mixin.py:190} INFO - [2026-05-20T14:39:00.617+0000] {dag.py:3239} INFO - Sync 1 DAGs
[2026-05-20T14:39:00.641+0000] {logging_mixin.py:190} INFO - [2026-05-20T14:39:00.640+0000] {dag.py:4180} INFO - Setting next_dagrun for example_xcom to 2021-01-01 00:00:00+00:00, run_after=2021-01-01 00:00:00+00:00
[2026-05-20T14:39:00.680+0000] {processor.py:208} INFO - Processing /usr/local/python/3.12.1/lib/python3.12/site-packages/airflow/example_dags/example_xcom.py took 0.093 seconds
[2026-05-20T14:39:51.939+0000] {processor.py:186} INFO - Started process (PID=39629) to work on /usr/local/python/3.12.1/lib/python3.12/site-packages/airflow/example_dags/example_xcom.py
[2026-05-20T14:39:51.944+0000] {processor.py:914} INFO - Processing file /usr/local/python/3.12.1/lib/python3.12/site-packages/airflow/example_dags/example_xcom.py for tasks to queue
[2026-05-20T14:39:51.962+0000] {logging_mixin.py:190} INFO - [2026-05-20T14:39:51.962+0000] {dagbag.py:588} INFO - Filling up the DagBag from /usr/local/python/3.12.1/lib/python3.12/site-packages/airflow/example_dags/example_xcom.py
[2026-05-20T14:39:51.975+0000] {processor.py:925} INFO - DAG(s) 'example_xcom' retrieved from /usr/local/python/3.12.1/lib/python3.12/site-packages/airflow/example_dags/example_xcom.py
[2026-05-20T14:39:52.001+0000] {logging_mixin.py:190} INFO - [2026-05-20T14:39:52.001+0000] {dag.py:3239} INFO - Sync 1 DAGs
[2026-05-20T14:39:52.038+0000] {logging_mixin.py:190} INFO - [2026-05-20T14:39:52.038+0000] {dag.py:4180} INFO - Setting next_dagrun for example_xcom to 2021-01-01 00:00:00+00:00, run_after=2021-01-01 00:00:00+00:00
[2026-05-20T14:39:52.072+0000] {processor.py:208} INFO - Processing /usr/local/python/3.12.1/lib/python3.12/site-packages/airflow/example_dags/example_xcom.py took 0.140 seconds
[2026-05-20T14:40:45.142+0000] {processor.py:186} INFO - Started process (PID=40239) to work on /usr/local/python/3.12.1/lib/python3.12/site-packages/airflow/example_dags/example_xcom.py
[2026-05-20T14:40:45.143+0000] {processor.py:914} INFO - Processing file /usr/local/python/3.12.1/lib/python3.12/site-packages/airflow/example_dags/example_xcom.py for tasks to queue
[2026-05-20T14:40:45.145+0000] {logging_mixin.py:190} INFO - [2026-05-20T14:40:45.145+0000] {dagbag.py:588} INFO - Filling up the DagBag from /usr/local/python/3.12.1/lib/python3.12/site-packages/airflow/example_dags/example_xcom.py
[2026-05-20T14:40:45.154+0000] {processor.py:925} INFO - DAG(s) 'example_xcom' retrieved from /usr/local/python/3.12.1/lib/python3.12/site-packages/airflow/example_dags/example_xcom.py
[2026-05-20T14:40:45.168+0000] {logging_mixin.py:190} INFO - [2026-05-20T14:40:45.168+0000] {dag.py:3239} INFO - Sync 1 DAGs
[2026-05-20T14:40:45.187+0000] {logging_mixin.py:190} INFO - [2026-05-20T14:40:45.187+0000] {dag.py:4180} INFO - Setting next_dagrun for example_xcom to 2021-01-01 00:00:00+00:00, run_after=2021-01-01 00:00:00+00:00
[2026-05-20T14:40:45.230+0000] {processor.py:208} INFO - Processing /usr/local/python/3.12.1/lib/python3.12/site-packages/airflow/example_dags/example_xcom.py took 0.093 seconds
[2026-05-20T14:41:39.198+0000] {processor.py:186} INFO - Started process (PID=41479) to work on /usr/local/python/3.12.1/lib/python3.12/site-packages/airflow/example_dags/example_xcom.py
[2026-05-20T14:41:39.202+0000] {processor.py:914} INFO - Processing file /usr/local/python/3.12.1/lib/python3.12/site-packages/airflow/example_dags/example_xcom.py for tasks to queue
[2026-05-20T14:41:39.213+0000] {logging_mixin.py:190} INFO - [2026-05-20T14:41:39.207+0000] {dagbag.py:588} INFO - Filling up the DagBag from /usr/local/python/3.12.1/lib/python3.12/site-packages/airflow/example_dags/example_xcom.py
[2026-05-20T14:41:39.264+0000] {processor.py:925} INFO - DAG(s) 'example_xcom' retrieved from /usr/local/python/3.12.1/lib/python3.12/site-packages/airflow/example_dags/example_xcom.py
[2026-05-20T14:41:39.297+0000] {logging_mixin.py:190} INFO - [2026-05-20T14:41:39.296+0000] {dag.py:3239} INFO - Sync 1 DAGs
[2026-05-20T14:41:39.340+0000] {logging_mixin.py:190} INFO - [2026-05-20T14:41:39.340+0000] {dag.py:4180} INFO - Setting next_dagrun for example_xcom to 2021-01-01 00:00:00+00:00, run_after=2021-01-01 00:00:00+00:00
[2026-05-20T14:41:39.386+0000] {processor.py:208} INFO - Processing /usr/local/python/3.12.1/lib/python3.12/site-packages/airflow/example_dags/example_xcom.py took 0.207 seconds
[2026-05-20T14:42:34.032+0000] {processor.py:186} INFO - Started process (PID=42084) to work on /usr/local/python/3.12.1/lib/python3.12/site-packages/airflow/example_dags/example_xcom.py
[2026-05-20T14:42:34.033+0000] {processor.py:914} INFO - Processing file /usr/local/python/3.12.1/lib/python3.12/site-packages/airflow/example_dags/example_xcom.py for tasks to queue
[2026-05-20T14:42:34.035+0000] {logging_mixin.py:190} INFO - [2026-05-20T14:42:34.035+0000] {dagbag.py:588} INFO - Filling up the DagBag from /usr/local/python/3.12.1/lib/python3.12/site-packages/airflow/example_dags/example_xcom.py
[2026-05-20T14:42:34.043+0000] {processor.py:925} INFO - DAG(s) 'example_xcom' retrieved from /usr/local/python/3.12.1/lib/python3.12/site-packages/airflow/example_dags/example_xcom.py
[2026-05-20T14:42:34.059+0000] {logging_mixin.py:190} INFO - [2026-05-20T14:42:34.059+0000] {dag.py:3239} INFO - Sync 1 DAGs
[2026-05-20T14:42:34.077+0000] {logging_mixin.py:190} INFO - [2026-05-20T14:42:34.076+0000] {dag.py:4180} INFO - Setting next_dagrun for example_xcom to 2021-01-01 00:00:00+00:00, run_after=2021-01-01 00:00:00+00:00
[2026-05-20T14:42:34.094+0000] {processor.py:208} INFO - Processing /usr/local/python/3.12.1/lib/python3.12/site-packages/airflow/example_dags/example_xcom.py took 0.068 seconds
[2026-05-20T14:43:25.299+0000] {processor.py:186} INFO - Started process (PID=42662) to work on /usr/local/python/3.12.1/lib/python3.12/site-packages/airflow/example_dags/example_xcom.py
[2026-05-20T14:43:25.300+0000] {processor.py:914} INFO - Processing file /usr/local/python/3.12.1/lib/python3.12/site-packages/airflow/example_dags/example_xcom.py for tasks to queue
[2026-05-20T14:43:25.301+0000] {logging_mixin.py:190} INFO - [2026-05-20T14:43:25.301+0000] {dagbag.py:588} INFO - Filling up the DagBag from /usr/local/python/3.12.1/lib/python3.12/site-packages/airflow/example_dags/example_xcom.py
[2026-05-20T14:43:25.309+0000] {processor.py:925} INFO - DAG(s) 'example_xcom' retrieved from /usr/local/python/3.12.1/lib/python3.12/site-packages/airflow/example_dags/example_xcom.py
[2026-05-20T14:43:25.324+0000] {logging_mixin.py:190} INFO - [2026-05-20T14:43:25.324+0000] {dag.py:3239} INFO - Sync 1 DAGs
[2026-05-20T14:43:25.344+0000] {logging_mixin.py:190} INFO - [2026-05-20T14:43:25.343+0000] {dag.py:4180} INFO - Setting next_dagrun for example_xcom to 2021-01-01 00:00:00+00:00, run_after=2021-01-01 00:00:00+00:00
[2026-05-20T14:43:25.363+0000] {processor.py:208} INFO - Processing /usr/local/python/3.12.1/lib/python3.12/site-packages/airflow/example_dags/example_xcom.py took 0.069 seconds
[2026-05-20T14:44:18.919+0000] {processor.py:186} INFO - Started process (PID=43340) to work on /usr/local/python/3.12.1/lib/python3.12/site-packages/airflow/example_dags/example_xcom.py
[2026-05-20T14:44:18.920+0000] {processor.py:914} INFO - Processing file /usr/local/python/3.12.1/lib/python3.12/site-packages/airflow/example_dags/example_xcom.py for tasks to queue
[2026-05-20T14:44:18.922+0000] {logging_mixin.py:190} INFO - [2026-05-20T14:44:18.922+0000] {dagbag.py:588} INFO - Filling up the DagBag from /usr/local/python/3.12.1/lib/python3.12/site-packages/airflow/example_dags/example_xcom.py
[2026-05-20T14:44:18.932+0000] {processor.py:925} INFO - DAG(s) 'example_xcom' retrieved from /usr/local/python/3.12.1/lib/python3.12/site-packages/airflow/example_dags/example_xcom.py
[2026-05-20T14:44:18.950+0000] {logging_mixin.py:190} INFO - [2026-05-20T14:44:18.950+0000] {dag.py:3239} INFO - Sync 1 DAGs
[2026-05-20T14:44:18.969+0000] {logging_mixin.py:190} INFO - [2026-05-20T14:44:18.969+0000] {dag.py:4180} INFO - Setting next_dagrun for example_xcom to 2021-01-01 00:00:00+00:00, run_after=2021-01-01 00:00:00+00:00
[2026-05-20T14:44:18.994+0000] {processor.py:208} INFO - Processing /usr/local/python/3.12.1/lib/python3.12/site-packages/airflow/example_dags/example_xcom.py took 0.080 seconds
[2026-05-20T14:45:11.271+0000] {processor.py:186} INFO - Started process (PID=43826) to work on /usr/local/python/3.12.1/lib/python3.12/site-packages/airflow/example_dags/example_xcom.py
[2026-05-20T14:45:11.271+0000] {processor.py:914} INFO - Processing file /usr/local/python/3.12.1/lib/python3.12/site-packages/airflow/example_dags/example_xcom.py for tasks to queue
[2026-05-20T14:45:11.273+0000] {logging_mixin.py:190} INFO - [2026-05-20T14:45:11.273+0000] {dagbag.py:588} INFO - Filling up the DagBag from /usr/local/python/3.12.1/lib/python3.12/site-packages/airflow/example_dags/example_xcom.py
[2026-05-20T14:45:11.281+0000] {processor.py:925} INFO - DAG(s) 'example_xcom' retrieved from /usr/local/python/3.12.1/lib/python3.12/site-packages/airflow/example_dags/example_xcom.py
[2026-05-20T14:45:11.296+0000] {logging_mixin.py:190} INFO - [2026-05-20T14:45:11.296+0000] {dag.py:3239} INFO - Sync 1 DAGs
[2026-05-20T14:45:11.312+0000] {logging_mixin.py:190} INFO - [2026-05-20T14:45:11.312+0000] {dag.py:4180} INFO - Setting next_dagrun for example_xcom to 2021-01-01 00:00:00+00:00, run_after=2021-01-01 00:00:00+00:00
[2026-05-20T14:45:11.331+0000] {processor.py:208} INFO - Processing /usr/local/python/3.12.1/lib/python3.12/site-packages/airflow/example_dags/example_xcom.py took 0.065 seconds
[2026-05-20T14:46:20.080+0000] {processor.py:186} INFO - Started process (PID=45773) to work on /usr/local/python/3.12.1/lib/python3.12/site-packages/airflow/example_dags/example_xcom.py
[2026-05-20T14:46:20.082+0000] {processor.py:914} INFO - Processing file /usr/local/python/3.12.1/lib/python3.12/site-packages/airflow/example_dags/example_xcom.py for tasks to queue
[2026-05-20T14:46:20.084+0000] {logging_mixin.py:190} INFO - [2026-05-20T14:46:20.084+0000] {dagbag.py:588} INFO - Filling up the DagBag from /usr/local/python/3.12.1/lib/python3.12/site-packages/airflow/example_dags/example_xcom.py
[2026-05-20T14:46:20.097+0000] {processor.py:925} INFO - DAG(s) 'example_xcom' retrieved from /usr/local/python/3.12.1/lib/python3.12/site-packages/airflow/example_dags/example_xcom.py
[2026-05-20T14:46:20.119+0000] {logging_mixin.py:190} INFO - [2026-05-20T14:46:20.119+0000] {dag.py:3239} INFO - Sync 1 DAGs
[2026-05-20T14:46:20.160+0000] {logging_mixin.py:190} INFO - [2026-05-20T14:46:20.160+0000] {dag.py:4180} INFO - Setting next_dagrun for example_xcom to 2021-01-01 00:00:00+00:00, run_after=2021-01-01 00:00:00+00:00
[2026-05-20T14:46:20.191+0000] {processor.py:208} INFO - Processing /usr/local/python/3.12.1/lib/python3.12/site-packages/airflow/example_dags/example_xcom.py took 0.127 seconds
[2026-05-20T14:47:18.915+0000] {processor.py:186} INFO - Started process (PID=46548) to work on /usr/local/python/3.12.1/lib/python3.12/site-packages/airflow/example_dags/example_xcom.py
[2026-05-20T14:47:18.916+0000] {processor.py:914} INFO - Processing file /usr/local/python/3.12.1/lib/python3.12/site-packages/airflow/example_dags/example_xcom.py for tasks to queue
[2026-05-20T14:47:18.918+0000] {logging_mixin.py:190} INFO - [2026-05-20T14:47:18.917+0000] {dagbag.py:588} INFO - Filling up the DagBag from /usr/local/python/3.12.1/lib/python3.12/site-packages/airflow/example_dags/example_xcom.py
[2026-05-20T14:47:18.927+0000] {processor.py:925} INFO - DAG(s) 'example_xcom' retrieved from /usr/local/python/3.12.1/lib/python3.12/site-packages/airflow/example_dags/example_xcom.py
[2026-05-20T14:47:18.955+0000] {logging_mixin.py:190} INFO - [2026-05-20T14:47:18.954+0000] {dag.py:3239} INFO - Sync 1 DAGs
[2026-05-20T14:47:18.971+0000] {logging_mixin.py:190} INFO - [2026-05-20T14:47:18.971+0000] {dag.py:4180} INFO - Setting next_dagrun for example_xcom to 2021-01-01 00:00:00+00:00, run_after=2021-01-01 00:00:00+00:00
[2026-05-20T14:47:18.989+0000] {processor.py:208} INFO - Processing /usr/local/python/3.12.1/lib/python3.12/site-packages/airflow/example_dags/example_xcom.py took 0.080 seconds
[2026-05-20T14:52:01.433+0000] {processor.py:186} INFO - Started process (PID=49772) to work on /usr/local/python/3.12.1/lib/python3.12/site-packages/airflow/example_dags/example_xcom.py
[2026-05-20T14:52:01.434+0000] {processor.py:914} INFO - Processing file /usr/local/python/3.12.1/lib/python3.12/site-packages/airflow/example_dags/example_xcom.py for tasks to queue
[2026-05-20T14:52:01.437+0000] {logging_mixin.py:190} INFO - [2026-05-20T14:52:01.436+0000] {dagbag.py:588} INFO - Filling up the DagBag from /usr/local/python/3.12.1/lib/python3.12/site-packages/airflow/example_dags/example_xcom.py
[2026-05-20T14:52:01.447+0000] {processor.py:925} INFO - DAG(s) 'example_xcom' retrieved from /usr/local/python/3.12.1/lib/python3.12/site-packages/airflow/example_dags/example_xcom.py
[2026-05-20T14:52:01.583+0000] {logging_mixin.py:190} INFO - [2026-05-20T14:52:01.583+0000] {dag.py:3239} INFO - Sync 1 DAGs
[2026-05-20T14:52:01.598+0000] {logging_mixin.py:190} INFO - [2026-05-20T14:52:01.598+0000] {dag.py:4180} INFO - Setting next_dagrun for example_xcom to 2021-01-01 00:00:00+00:00, run_after=2021-01-01 00:00:00+00:00
[2026-05-20T14:52:01.618+0000] {processor.py:208} INFO - Processing /usr/local/python/3.12.1/lib/python3.12/site-packages/airflow/example_dags/example_xcom.py took 0.191 seconds
[2026-05-20T14:53:04.033+0000] {processor.py:186} INFO - Started process (PID=50745) to work on /usr/local/python/3.12.1/lib/python3.12/site-packages/airflow/example_dags/example_xcom.py
[2026-05-20T14:53:04.034+0000] {processor.py:914} INFO - Processing file /usr/local/python/3.12.1/lib/python3.12/site-packages/airflow/example_dags/example_xcom.py for tasks to queue
[2026-05-20T14:53:04.037+0000] {logging_mixin.py:190} INFO - [2026-05-20T14:53:04.037+0000] {dagbag.py:588} INFO - Filling up the DagBag from /usr/local/python/3.12.1/lib/python3.12/site-packages/airflow/example_dags/example_xcom.py
[2026-05-20T14:53:04.050+0000] {processor.py:925} INFO - DAG(s) 'example_xcom' retrieved from /usr/local/python/3.12.1/lib/python3.12/site-packages/airflow/example_dags/example_xcom.py
[2026-05-20T14:53:04.081+0000] {logging_mixin.py:190} INFO - [2026-05-20T14:53:04.081+0000] {dag.py:3239} INFO - Sync 1 DAGs
[2026-05-20T14:53:04.113+0000] {logging_mixin.py:190} INFO - [2026-05-20T14:53:04.113+0000] {dag.py:4180} INFO - Setting next_dagrun for example_xcom to 2021-01-01 00:00:00+00:00, run_after=2021-01-01 00:00:00+00:00
[2026-05-20T14:53:04.153+0000] {processor.py:208} INFO - Processing /usr/local/python/3.12.1/lib/python3.12/site-packages/airflow/example_dags/example_xcom.py took 0.125 seconds
[2026-05-20T14:53:57.499+0000] {processor.py:186} INFO - Started process (PID=51661) to work on /usr/local/python/3.12.1/lib/python3.12/site-packages/airflow/example_dags/example_xcom.py
[2026-05-20T14:53:57.500+0000] {processor.py:914} INFO - Processing file /usr/local/python/3.12.1/lib/python3.12/site-packages/airflow/example_dags/example_xcom.py for tasks to queue
[2026-05-20T14:53:57.502+0000] {logging_mixin.py:190} INFO - [2026-05-20T14:53:57.502+0000] {dagbag.py:588} INFO - Filling up the DagBag from /usr/local/python/3.12.1/lib/python3.12/site-packages/airflow/example_dags/example_xcom.py
[2026-05-20T14:53:57.510+0000] {processor.py:925} INFO - DAG(s) 'example_xcom' retrieved from /usr/local/python/3.12.1/lib/python3.12/site-packages/airflow/example_dags/example_xcom.py
[2026-05-20T14:53:57.524+0000] {logging_mixin.py:190} INFO - [2026-05-20T14:53:57.524+0000] {dag.py:3239} INFO - Sync 1 DAGs
[2026-05-20T14:53:57.544+0000] {logging_mixin.py:190} INFO - [2026-05-20T14:53:57.543+0000] {dag.py:4180} INFO - Setting next_dagrun for example_xcom to 2021-01-01 00:00:00+00:00, run_after=2021-01-01 00:00:00+00:00
[2026-05-20T14:53:57.561+0000] {processor.py:208} INFO - Processing /usr/local/python/3.12.1/lib/python3.12/site-packages/airflow/example_dags/example_xcom.py took 0.067 seconds
