[2026-05-20T14:37:19.048+0000] {processor.py:186} INFO - Started process (PID=37827) to work on /usr/local/python/3.12.1/lib/python3.12/site-packages/airflow/example_dags/example_skip_dag.py
[2026-05-20T14:37:19.049+0000] {processor.py:914} INFO - Processing file /usr/local/python/3.12.1/lib/python3.12/site-packages/airflow/example_dags/example_skip_dag.py for tasks to queue
[2026-05-20T14:37:19.054+0000] {logging_mixin.py:190} INFO - [2026-05-20T14:37:19.053+0000] {dagbag.py:588} INFO - Filling up the DagBag from /usr/local/python/3.12.1/lib/python3.12/site-packages/airflow/example_dags/example_skip_dag.py
[2026-05-20T14:37:19.069+0000] {processor.py:925} INFO - DAG(s) 'example_skip_dag' retrieved from /usr/local/python/3.12.1/lib/python3.12/site-packages/airflow/example_dags/example_skip_dag.py
[2026-05-20T14:37:19.102+0000] {logging_mixin.py:190} INFO - [2026-05-20T14:37:19.100+0000] {dag.py:3239} INFO - Sync 1 DAGs
[2026-05-20T14:37:19.140+0000] {logging_mixin.py:190} INFO - [2026-05-20T14:37:19.139+0000] {dag.py:4180} INFO - Setting next_dagrun for example_skip_dag to 2026-05-19 00:00:00+00:00, run_after=2026-05-20 00:00:00+00:00
[2026-05-20T14:37:19.185+0000] {processor.py:208} INFO - Processing /usr/local/python/3.12.1/lib/python3.12/site-packages/airflow/example_dags/example_skip_dag.py took 0.150 seconds
[2026-05-20T14:38:16.105+0000] {processor.py:186} INFO - Started process (PID=38581) to work on /usr/local/python/3.12.1/lib/python3.12/site-packages/airflow/example_dags/example_skip_dag.py
[2026-05-20T14:38:16.106+0000] {processor.py:914} INFO - Processing file /usr/local/python/3.12.1/lib/python3.12/site-packages/airflow/example_dags/example_skip_dag.py for tasks to queue
[2026-05-20T14:38:16.109+0000] {logging_mixin.py:190} INFO - [2026-05-20T14:38:16.109+0000] {dagbag.py:588} INFO - Filling up the DagBag from /usr/local/python/3.12.1/lib/python3.12/site-packages/airflow/example_dags/example_skip_dag.py
[2026-05-20T14:38:16.118+0000] {processor.py:925} INFO - DAG(s) 'example_skip_dag' retrieved from /usr/local/python/3.12.1/lib/python3.12/site-packages/airflow/example_dags/example_skip_dag.py
[2026-05-20T14:38:16.137+0000] {logging_mixin.py:190} INFO - [2026-05-20T14:38:16.136+0000] {dag.py:3239} INFO - Sync 1 DAGs
[2026-05-20T14:38:16.155+0000] {logging_mixin.py:190} INFO - [2026-05-20T14:38:16.155+0000] {dag.py:4180} INFO - Setting next_dagrun for example_skip_dag to 2026-05-19 00:00:00+00:00, run_after=2026-05-20 00:00:00+00:00
[2026-05-20T14:38:16.173+0000] {processor.py:208} INFO - Processing /usr/local/python/3.12.1/lib/python3.12/site-packages/airflow/example_dags/example_skip_dag.py took 0.074 seconds
[2026-05-20T14:39:05.902+0000] {processor.py:186} INFO - Started process (PID=39276) to work on /usr/local/python/3.12.1/lib/python3.12/site-packages/airflow/example_dags/example_skip_dag.py
[2026-05-20T14:39:05.903+0000] {processor.py:914} INFO - Processing file /usr/local/python/3.12.1/lib/python3.12/site-packages/airflow/example_dags/example_skip_dag.py for tasks to queue
[2026-05-20T14:39:05.904+0000] {logging_mixin.py:190} INFO - [2026-05-20T14:39:05.904+0000] {dagbag.py:588} INFO - Filling up the DagBag from /usr/local/python/3.12.1/lib/python3.12/site-packages/airflow/example_dags/example_skip_dag.py
[2026-05-20T14:39:05.911+0000] {processor.py:925} INFO - DAG(s) 'example_skip_dag' retrieved from /usr/local/python/3.12.1/lib/python3.12/site-packages/airflow/example_dags/example_skip_dag.py
[2026-05-20T14:39:05.927+0000] {logging_mixin.py:190} INFO - [2026-05-20T14:39:05.927+0000] {dag.py:3239} INFO - Sync 1 DAGs
[2026-05-20T14:39:05.948+0000] {logging_mixin.py:190} INFO - [2026-05-20T14:39:05.948+0000] {dag.py:4180} INFO - Setting next_dagrun for example_skip_dag to 2026-05-19 00:00:00+00:00, run_after=2026-05-20 00:00:00+00:00
[2026-05-20T14:39:05.967+0000] {processor.py:208} INFO - Processing /usr/local/python/3.12.1/lib/python3.12/site-packages/airflow/example_dags/example_skip_dag.py took 0.071 seconds
[2026-05-20T14:39:57.399+0000] {processor.py:186} INFO - Started process (PID=39680) to work on /usr/local/python/3.12.1/lib/python3.12/site-packages/airflow/example_dags/example_skip_dag.py
[2026-05-20T14:39:57.399+0000] {processor.py:914} INFO - Processing file /usr/local/python/3.12.1/lib/python3.12/site-packages/airflow/example_dags/example_skip_dag.py for tasks to queue
[2026-05-20T14:39:57.401+0000] {logging_mixin.py:190} INFO - [2026-05-20T14:39:57.401+0000] {dagbag.py:588} INFO - Filling up the DagBag from /usr/local/python/3.12.1/lib/python3.12/site-packages/airflow/example_dags/example_skip_dag.py
[2026-05-20T14:39:57.408+0000] {processor.py:925} INFO - DAG(s) 'example_skip_dag' retrieved from /usr/local/python/3.12.1/lib/python3.12/site-packages/airflow/example_dags/example_skip_dag.py
[2026-05-20T14:39:57.423+0000] {logging_mixin.py:190} INFO - [2026-05-20T14:39:57.422+0000] {dag.py:3239} INFO - Sync 1 DAGs
[2026-05-20T14:39:57.444+0000] {logging_mixin.py:190} INFO - [2026-05-20T14:39:57.444+0000] {dag.py:4180} INFO - Setting next_dagrun for example_skip_dag to 2026-05-19 00:00:00+00:00, run_after=2026-05-20 00:00:00+00:00
[2026-05-20T14:39:57.464+0000] {processor.py:208} INFO - Processing /usr/local/python/3.12.1/lib/python3.12/site-packages/airflow/example_dags/example_skip_dag.py took 0.069 seconds
[2026-05-20T14:40:50.020+0000] {processor.py:186} INFO - Started process (PID=40260) to work on /usr/local/python/3.12.1/lib/python3.12/site-packages/airflow/example_dags/example_skip_dag.py
[2026-05-20T14:40:50.020+0000] {processor.py:914} INFO - Processing file /usr/local/python/3.12.1/lib/python3.12/site-packages/airflow/example_dags/example_skip_dag.py for tasks to queue
[2026-05-20T14:40:50.023+0000] {logging_mixin.py:190} INFO - [2026-05-20T14:40:50.022+0000] {dagbag.py:588} INFO - Filling up the DagBag from /usr/local/python/3.12.1/lib/python3.12/site-packages/airflow/example_dags/example_skip_dag.py
[2026-05-20T14:40:50.031+0000] {processor.py:925} INFO - DAG(s) 'example_skip_dag' retrieved from /usr/local/python/3.12.1/lib/python3.12/site-packages/airflow/example_dags/example_skip_dag.py
[2026-05-20T14:40:50.050+0000] {logging_mixin.py:190} INFO - [2026-05-20T14:40:50.050+0000] {dag.py:3239} INFO - Sync 1 DAGs
[2026-05-20T14:40:50.068+0000] {logging_mixin.py:190} INFO - [2026-05-20T14:40:50.067+0000] {dag.py:4180} INFO - Setting next_dagrun for example_skip_dag to 2026-05-19 00:00:00+00:00, run_after=2026-05-20 00:00:00+00:00
[2026-05-20T14:40:50.086+0000] {processor.py:208} INFO - Processing /usr/local/python/3.12.1/lib/python3.12/site-packages/airflow/example_dags/example_skip_dag.py took 0.071 seconds
[2026-05-20T14:41:44.566+0000] {processor.py:186} INFO - Started process (PID=41565) to work on /usr/local/python/3.12.1/lib/python3.12/site-packages/airflow/example_dags/example_skip_dag.py
[2026-05-20T14:41:44.567+0000] {processor.py:914} INFO - Processing file /usr/local/python/3.12.1/lib/python3.12/site-packages/airflow/example_dags/example_skip_dag.py for tasks to queue
[2026-05-20T14:41:44.570+0000] {logging_mixin.py:190} INFO - [2026-05-20T14:41:44.570+0000] {dagbag.py:588} INFO - Filling up the DagBag from /usr/local/python/3.12.1/lib/python3.12/site-packages/airflow/example_dags/example_skip_dag.py
[2026-05-20T14:41:44.581+0000] {processor.py:925} INFO - DAG(s) 'example_skip_dag' retrieved from /usr/local/python/3.12.1/lib/python3.12/site-packages/airflow/example_dags/example_skip_dag.py
[2026-05-20T14:41:44.607+0000] {logging_mixin.py:190} INFO - [2026-05-20T14:41:44.606+0000] {dag.py:3239} INFO - Sync 1 DAGs
[2026-05-20T14:41:44.634+0000] {logging_mixin.py:190} INFO - [2026-05-20T14:41:44.634+0000] {dag.py:4180} INFO - Setting next_dagrun for example_skip_dag to 2026-05-19 00:00:00+00:00, run_after=2026-05-20 00:00:00+00:00
[2026-05-20T14:41:44.671+0000] {processor.py:208} INFO - Processing /usr/local/python/3.12.1/lib/python3.12/site-packages/airflow/example_dags/example_skip_dag.py took 0.113 seconds
[2026-05-20T14:42:38.463+0000] {processor.py:186} INFO - Started process (PID=42133) to work on /usr/local/python/3.12.1/lib/python3.12/site-packages/airflow/example_dags/example_skip_dag.py
[2026-05-20T14:42:38.464+0000] {processor.py:914} INFO - Processing file /usr/local/python/3.12.1/lib/python3.12/site-packages/airflow/example_dags/example_skip_dag.py for tasks to queue
[2026-05-20T14:42:38.468+0000] {logging_mixin.py:190} INFO - [2026-05-20T14:42:38.468+0000] {dagbag.py:588} INFO - Filling up the DagBag from /usr/local/python/3.12.1/lib/python3.12/site-packages/airflow/example_dags/example_skip_dag.py
[2026-05-20T14:42:38.478+0000] {processor.py:925} INFO - DAG(s) 'example_skip_dag' retrieved from /usr/local/python/3.12.1/lib/python3.12/site-packages/airflow/example_dags/example_skip_dag.py
[2026-05-20T14:42:38.503+0000] {logging_mixin.py:190} INFO - [2026-05-20T14:42:38.503+0000] {dag.py:3239} INFO - Sync 1 DAGs
[2026-05-20T14:42:38.529+0000] {logging_mixin.py:190} INFO - [2026-05-20T14:42:38.528+0000] {dag.py:4180} INFO - Setting next_dagrun for example_skip_dag to 2026-05-19 00:00:00+00:00, run_after=2026-05-20 00:00:00+00:00
[2026-05-20T14:42:38.549+0000] {processor.py:208} INFO - Processing /usr/local/python/3.12.1/lib/python3.12/site-packages/airflow/example_dags/example_skip_dag.py took 0.095 seconds
[2026-05-20T14:43:31.852+0000] {processor.py:186} INFO - Started process (PID=42738) to work on /usr/local/python/3.12.1/lib/python3.12/site-packages/airflow/example_dags/example_skip_dag.py
[2026-05-20T14:43:31.857+0000] {processor.py:914} INFO - Processing file /usr/local/python/3.12.1/lib/python3.12/site-packages/airflow/example_dags/example_skip_dag.py for tasks to queue
[2026-05-20T14:43:31.860+0000] {logging_mixin.py:190} INFO - [2026-05-20T14:43:31.859+0000] {dagbag.py:588} INFO - Filling up the DagBag from /usr/local/python/3.12.1/lib/python3.12/site-packages/airflow/example_dags/example_skip_dag.py
[2026-05-20T14:43:31.869+0000] {processor.py:925} INFO - DAG(s) 'example_skip_dag' retrieved from /usr/local/python/3.12.1/lib/python3.12/site-packages/airflow/example_dags/example_skip_dag.py
[2026-05-20T14:43:31.893+0000] {logging_mixin.py:190} INFO - [2026-05-20T14:43:31.892+0000] {dag.py:3239} INFO - Sync 1 DAGs
[2026-05-20T14:43:31.920+0000] {logging_mixin.py:190} INFO - [2026-05-20T14:43:31.920+0000] {dag.py:4180} INFO - Setting next_dagrun for example_skip_dag to 2026-05-19 00:00:00+00:00, run_after=2026-05-20 00:00:00+00:00
[2026-05-20T14:43:31.961+0000] {processor.py:208} INFO - Processing /usr/local/python/3.12.1/lib/python3.12/site-packages/airflow/example_dags/example_skip_dag.py took 0.116 seconds
[2026-05-20T14:44:24.363+0000] {processor.py:186} INFO - Started process (PID=43391) to work on /usr/local/python/3.12.1/lib/python3.12/site-packages/airflow/example_dags/example_skip_dag.py
[2026-05-20T14:44:24.363+0000] {processor.py:914} INFO - Processing file /usr/local/python/3.12.1/lib/python3.12/site-packages/airflow/example_dags/example_skip_dag.py for tasks to queue
[2026-05-20T14:44:24.365+0000] {logging_mixin.py:190} INFO - [2026-05-20T14:44:24.365+0000] {dagbag.py:588} INFO - Filling up the DagBag from /usr/local/python/3.12.1/lib/python3.12/site-packages/airflow/example_dags/example_skip_dag.py
[2026-05-20T14:44:24.372+0000] {processor.py:925} INFO - DAG(s) 'example_skip_dag' retrieved from /usr/local/python/3.12.1/lib/python3.12/site-packages/airflow/example_dags/example_skip_dag.py
[2026-05-20T14:44:24.386+0000] {logging_mixin.py:190} INFO - [2026-05-20T14:44:24.386+0000] {dag.py:3239} INFO - Sync 1 DAGs
[2026-05-20T14:44:24.402+0000] {logging_mixin.py:190} INFO - [2026-05-20T14:44:24.402+0000] {dag.py:4180} INFO - Setting next_dagrun for example_skip_dag to 2026-05-19 00:00:00+00:00, run_after=2026-05-20 00:00:00+00:00
[2026-05-20T14:44:24.420+0000] {processor.py:208} INFO - Processing /usr/local/python/3.12.1/lib/python3.12/site-packages/airflow/example_dags/example_skip_dag.py took 0.062 seconds
[2026-05-20T14:45:18.319+0000] {processor.py:186} INFO - Started process (PID=44109) to work on /usr/local/python/3.12.1/lib/python3.12/site-packages/airflow/example_dags/example_skip_dag.py
[2026-05-20T14:45:18.321+0000] {processor.py:914} INFO - Processing file /usr/local/python/3.12.1/lib/python3.12/site-packages/airflow/example_dags/example_skip_dag.py for tasks to queue
[2026-05-20T14:45:18.331+0000] {logging_mixin.py:190} INFO - [2026-05-20T14:45:18.330+0000] {dagbag.py:588} INFO - Filling up the DagBag from /usr/local/python/3.12.1/lib/python3.12/site-packages/airflow/example_dags/example_skip_dag.py
[2026-05-20T14:45:18.345+0000] {processor.py:925} INFO - DAG(s) 'example_skip_dag' retrieved from /usr/local/python/3.12.1/lib/python3.12/site-packages/airflow/example_dags/example_skip_dag.py
[2026-05-20T14:45:18.385+0000] {logging_mixin.py:190} INFO - [2026-05-20T14:45:18.385+0000] {dag.py:3239} INFO - Sync 1 DAGs
[2026-05-20T14:45:18.422+0000] {logging_mixin.py:190} INFO - [2026-05-20T14:45:18.422+0000] {dag.py:4180} INFO - Setting next_dagrun for example_skip_dag to 2026-05-19 00:00:00+00:00, run_after=2026-05-20 00:00:00+00:00
[2026-05-20T14:45:18.457+0000] {processor.py:208} INFO - Processing /usr/local/python/3.12.1/lib/python3.12/site-packages/airflow/example_dags/example_skip_dag.py took 0.148 seconds
[2026-05-20T14:46:25.785+0000] {processor.py:186} INFO - Started process (PID=45826) to work on /usr/local/python/3.12.1/lib/python3.12/site-packages/airflow/example_dags/example_skip_dag.py
[2026-05-20T14:46:25.786+0000] {processor.py:914} INFO - Processing file /usr/local/python/3.12.1/lib/python3.12/site-packages/airflow/example_dags/example_skip_dag.py for tasks to queue
[2026-05-20T14:46:25.789+0000] {logging_mixin.py:190} INFO - [2026-05-20T14:46:25.788+0000] {dagbag.py:588} INFO - Filling up the DagBag from /usr/local/python/3.12.1/lib/python3.12/site-packages/airflow/example_dags/example_skip_dag.py
[2026-05-20T14:46:25.797+0000] {processor.py:925} INFO - DAG(s) 'example_skip_dag' retrieved from /usr/local/python/3.12.1/lib/python3.12/site-packages/airflow/example_dags/example_skip_dag.py
[2026-05-20T14:46:25.815+0000] {logging_mixin.py:190} INFO - [2026-05-20T14:46:25.814+0000] {dag.py:3239} INFO - Sync 1 DAGs
[2026-05-20T14:46:25.833+0000] {logging_mixin.py:190} INFO - [2026-05-20T14:46:25.832+0000] {dag.py:4180} INFO - Setting next_dagrun for example_skip_dag to 2026-05-19 00:00:00+00:00, run_after=2026-05-20 00:00:00+00:00
[2026-05-20T14:46:25.852+0000] {processor.py:208} INFO - Processing /usr/local/python/3.12.1/lib/python3.12/site-packages/airflow/example_dags/example_skip_dag.py took 0.073 seconds
[2026-05-20T14:47:24.062+0000] {processor.py:186} INFO - Started process (PID=46576) to work on /usr/local/python/3.12.1/lib/python3.12/site-packages/airflow/example_dags/example_skip_dag.py
[2026-05-20T14:47:24.063+0000] {processor.py:914} INFO - Processing file /usr/local/python/3.12.1/lib/python3.12/site-packages/airflow/example_dags/example_skip_dag.py for tasks to queue
[2026-05-20T14:47:24.065+0000] {logging_mixin.py:190} INFO - [2026-05-20T14:47:24.065+0000] {dagbag.py:588} INFO - Filling up the DagBag from /usr/local/python/3.12.1/lib/python3.12/site-packages/airflow/example_dags/example_skip_dag.py
[2026-05-20T14:47:24.074+0000] {processor.py:925} INFO - DAG(s) 'example_skip_dag' retrieved from /usr/local/python/3.12.1/lib/python3.12/site-packages/airflow/example_dags/example_skip_dag.py
[2026-05-20T14:47:24.092+0000] {logging_mixin.py:190} INFO - [2026-05-20T14:47:24.092+0000] {dag.py:3239} INFO - Sync 1 DAGs
[2026-05-20T14:47:24.112+0000] {logging_mixin.py:190} INFO - [2026-05-20T14:47:24.111+0000] {dag.py:4180} INFO - Setting next_dagrun for example_skip_dag to 2026-05-19 00:00:00+00:00, run_after=2026-05-20 00:00:00+00:00
[2026-05-20T14:47:24.134+0000] {processor.py:208} INFO - Processing /usr/local/python/3.12.1/lib/python3.12/site-packages/airflow/example_dags/example_skip_dag.py took 0.078 seconds
[2026-05-20T14:52:07.810+0000] {processor.py:186} INFO - Started process (PID=49897) to work on /usr/local/python/3.12.1/lib/python3.12/site-packages/airflow/example_dags/example_skip_dag.py
[2026-05-20T14:52:07.811+0000] {processor.py:914} INFO - Processing file /usr/local/python/3.12.1/lib/python3.12/site-packages/airflow/example_dags/example_skip_dag.py for tasks to queue
[2026-05-20T14:52:07.813+0000] {logging_mixin.py:190} INFO - [2026-05-20T14:52:07.813+0000] {dagbag.py:588} INFO - Filling up the DagBag from /usr/local/python/3.12.1/lib/python3.12/site-packages/airflow/example_dags/example_skip_dag.py
[2026-05-20T14:52:07.819+0000] {processor.py:925} INFO - DAG(s) 'example_skip_dag' retrieved from /usr/local/python/3.12.1/lib/python3.12/site-packages/airflow/example_dags/example_skip_dag.py
[2026-05-20T14:52:07.912+0000] {logging_mixin.py:190} INFO - [2026-05-20T14:52:07.912+0000] {dag.py:3239} INFO - Sync 1 DAGs
[2026-05-20T14:52:07.928+0000] {logging_mixin.py:190} INFO - [2026-05-20T14:52:07.927+0000] {dag.py:4180} INFO - Setting next_dagrun for example_skip_dag to 2026-05-19 00:00:00+00:00, run_after=2026-05-20 00:00:00+00:00
[2026-05-20T14:52:07.962+0000] {processor.py:208} INFO - Processing /usr/local/python/3.12.1/lib/python3.12/site-packages/airflow/example_dags/example_skip_dag.py took 0.156 seconds
[2026-05-20T14:53:08.033+0000] {processor.py:186} INFO - Started process (PID=50797) to work on /usr/local/python/3.12.1/lib/python3.12/site-packages/airflow/example_dags/example_skip_dag.py
[2026-05-20T14:53:08.034+0000] {processor.py:914} INFO - Processing file /usr/local/python/3.12.1/lib/python3.12/site-packages/airflow/example_dags/example_skip_dag.py for tasks to queue
[2026-05-20T14:53:08.036+0000] {logging_mixin.py:190} INFO - [2026-05-20T14:53:08.036+0000] {dagbag.py:588} INFO - Filling up the DagBag from /usr/local/python/3.12.1/lib/python3.12/site-packages/airflow/example_dags/example_skip_dag.py
[2026-05-20T14:53:08.044+0000] {processor.py:925} INFO - DAG(s) 'example_skip_dag' retrieved from /usr/local/python/3.12.1/lib/python3.12/site-packages/airflow/example_dags/example_skip_dag.py
[2026-05-20T14:53:08.059+0000] {logging_mixin.py:190} INFO - [2026-05-20T14:53:08.059+0000] {dag.py:3239} INFO - Sync 1 DAGs
[2026-05-20T14:53:08.079+0000] {logging_mixin.py:190} INFO - [2026-05-20T14:53:08.079+0000] {dag.py:4180} INFO - Setting next_dagrun for example_skip_dag to 2026-05-19 00:00:00+00:00, run_after=2026-05-20 00:00:00+00:00
[2026-05-20T14:53:08.097+0000] {processor.py:208} INFO - Processing /usr/local/python/3.12.1/lib/python3.12/site-packages/airflow/example_dags/example_skip_dag.py took 0.070 seconds
[2026-05-20T14:54:02.909+0000] {processor.py:186} INFO - Started process (PID=51750) to work on /usr/local/python/3.12.1/lib/python3.12/site-packages/airflow/example_dags/example_skip_dag.py
[2026-05-20T14:54:02.910+0000] {processor.py:914} INFO - Processing file /usr/local/python/3.12.1/lib/python3.12/site-packages/airflow/example_dags/example_skip_dag.py for tasks to queue
[2026-05-20T14:54:02.912+0000] {logging_mixin.py:190} INFO - [2026-05-20T14:54:02.911+0000] {dagbag.py:588} INFO - Filling up the DagBag from /usr/local/python/3.12.1/lib/python3.12/site-packages/airflow/example_dags/example_skip_dag.py
[2026-05-20T14:54:02.918+0000] {processor.py:925} INFO - DAG(s) 'example_skip_dag' retrieved from /usr/local/python/3.12.1/lib/python3.12/site-packages/airflow/example_dags/example_skip_dag.py
[2026-05-20T14:54:02.935+0000] {logging_mixin.py:190} INFO - [2026-05-20T14:54:02.935+0000] {dag.py:3239} INFO - Sync 1 DAGs
[2026-05-20T14:54:02.962+0000] {logging_mixin.py:190} INFO - [2026-05-20T14:54:02.962+0000] {dag.py:4180} INFO - Setting next_dagrun for example_skip_dag to 2026-05-19 00:00:00+00:00, run_after=2026-05-20 00:00:00+00:00
[2026-05-20T14:54:03.005+0000] {processor.py:208} INFO - Processing /usr/local/python/3.12.1/lib/python3.12/site-packages/airflow/example_dags/example_skip_dag.py took 0.101 seconds
