[2026-05-20T14:37:36.643+0000] {processor.py:186} INFO - Started process (PID=38173) to work on /usr/local/python/3.12.1/lib/python3.12/site-packages/airflow/example_dags/example_latest_only_with_trigger.py
[2026-05-20T14:37:36.644+0000] {processor.py:914} INFO - Processing file /usr/local/python/3.12.1/lib/python3.12/site-packages/airflow/example_dags/example_latest_only_with_trigger.py for tasks to queue
[2026-05-20T14:37:36.646+0000] {logging_mixin.py:190} INFO - [2026-05-20T14:37:36.646+0000] {dagbag.py:588} INFO - Filling up the DagBag from /usr/local/python/3.12.1/lib/python3.12/site-packages/airflow/example_dags/example_latest_only_with_trigger.py
[2026-05-20T14:37:36.653+0000] {processor.py:925} INFO - DAG(s) 'latest_only_with_trigger' retrieved from /usr/local/python/3.12.1/lib/python3.12/site-packages/airflow/example_dags/example_latest_only_with_trigger.py
[2026-05-20T14:37:36.670+0000] {logging_mixin.py:190} INFO - [2026-05-20T14:37:36.670+0000] {dag.py:3239} INFO - Sync 1 DAGs
[2026-05-20T14:37:36.695+0000] {logging_mixin.py:190} INFO - [2026-05-20T14:37:36.695+0000] {dag.py:4180} INFO - Setting next_dagrun for latest_only_with_trigger to 2026-05-20 08:00:00+00:00, run_after=2026-05-20 12:00:00+00:00
[2026-05-20T14:37:36.725+0000] {processor.py:208} INFO - Processing /usr/local/python/3.12.1/lib/python3.12/site-packages/airflow/example_dags/example_latest_only_with_trigger.py took 0.088 seconds
[2026-05-20T14:38:30.718+0000] {processor.py:186} INFO - Started process (PID=38691) to work on /usr/local/python/3.12.1/lib/python3.12/site-packages/airflow/example_dags/example_latest_only_with_trigger.py
[2026-05-20T14:38:30.718+0000] {processor.py:914} INFO - Processing file /usr/local/python/3.12.1/lib/python3.12/site-packages/airflow/example_dags/example_latest_only_with_trigger.py for tasks to queue
[2026-05-20T14:38:30.720+0000] {logging_mixin.py:190} INFO - [2026-05-20T14:38:30.720+0000] {dagbag.py:588} INFO - Filling up the DagBag from /usr/local/python/3.12.1/lib/python3.12/site-packages/airflow/example_dags/example_latest_only_with_trigger.py
[2026-05-20T14:38:30.729+0000] {processor.py:925} INFO - DAG(s) 'latest_only_with_trigger' retrieved from /usr/local/python/3.12.1/lib/python3.12/site-packages/airflow/example_dags/example_latest_only_with_trigger.py
[2026-05-20T14:38:30.747+0000] {logging_mixin.py:190} INFO - [2026-05-20T14:38:30.747+0000] {dag.py:3239} INFO - Sync 1 DAGs
[2026-05-20T14:38:30.764+0000] {logging_mixin.py:190} INFO - [2026-05-20T14:38:30.764+0000] {dag.py:4180} INFO - Setting next_dagrun for latest_only_with_trigger to 2026-05-20 08:00:00+00:00, run_after=2026-05-20 12:00:00+00:00
[2026-05-20T14:38:30.781+0000] {processor.py:208} INFO - Processing /usr/local/python/3.12.1/lib/python3.12/site-packages/airflow/example_dags/example_latest_only_with_trigger.py took 0.068 seconds
[2026-05-20T14:39:26.507+0000] {processor.py:186} INFO - Started process (PID=39430) to work on /usr/local/python/3.12.1/lib/python3.12/site-packages/airflow/example_dags/example_latest_only_with_trigger.py
[2026-05-20T14:39:26.508+0000] {processor.py:914} INFO - Processing file /usr/local/python/3.12.1/lib/python3.12/site-packages/airflow/example_dags/example_latest_only_with_trigger.py for tasks to queue
[2026-05-20T14:39:26.509+0000] {logging_mixin.py:190} INFO - [2026-05-20T14:39:26.509+0000] {dagbag.py:588} INFO - Filling up the DagBag from /usr/local/python/3.12.1/lib/python3.12/site-packages/airflow/example_dags/example_latest_only_with_trigger.py
[2026-05-20T14:39:26.516+0000] {processor.py:925} INFO - DAG(s) 'latest_only_with_trigger' retrieved from /usr/local/python/3.12.1/lib/python3.12/site-packages/airflow/example_dags/example_latest_only_with_trigger.py
[2026-05-20T14:39:26.531+0000] {logging_mixin.py:190} INFO - [2026-05-20T14:39:26.531+0000] {dag.py:3239} INFO - Sync 1 DAGs
[2026-05-20T14:39:26.553+0000] {logging_mixin.py:190} INFO - [2026-05-20T14:39:26.552+0000] {dag.py:4180} INFO - Setting next_dagrun for latest_only_with_trigger to 2026-05-20 08:00:00+00:00, run_after=2026-05-20 12:00:00+00:00
[2026-05-20T14:39:26.596+0000] {processor.py:208} INFO - Processing /usr/local/python/3.12.1/lib/python3.12/site-packages/airflow/example_dags/example_latest_only_with_trigger.py took 0.094 seconds
[2026-05-20T14:40:18.747+0000] {processor.py:186} INFO - Started process (PID=39905) to work on /usr/local/python/3.12.1/lib/python3.12/site-packages/airflow/example_dags/example_latest_only_with_trigger.py
[2026-05-20T14:40:18.748+0000] {processor.py:914} INFO - Processing file /usr/local/python/3.12.1/lib/python3.12/site-packages/airflow/example_dags/example_latest_only_with_trigger.py for tasks to queue
[2026-05-20T14:40:18.749+0000] {logging_mixin.py:190} INFO - [2026-05-20T14:40:18.749+0000] {dagbag.py:588} INFO - Filling up the DagBag from /usr/local/python/3.12.1/lib/python3.12/site-packages/airflow/example_dags/example_latest_only_with_trigger.py
[2026-05-20T14:40:18.756+0000] {processor.py:925} INFO - DAG(s) 'latest_only_with_trigger' retrieved from /usr/local/python/3.12.1/lib/python3.12/site-packages/airflow/example_dags/example_latest_only_with_trigger.py
[2026-05-20T14:40:18.771+0000] {logging_mixin.py:190} INFO - [2026-05-20T14:40:18.771+0000] {dag.py:3239} INFO - Sync 1 DAGs
[2026-05-20T14:40:18.787+0000] {logging_mixin.py:190} INFO - [2026-05-20T14:40:18.787+0000] {dag.py:4180} INFO - Setting next_dagrun for latest_only_with_trigger to 2026-05-20 08:00:00+00:00, run_after=2026-05-20 12:00:00+00:00
[2026-05-20T14:40:18.805+0000] {processor.py:208} INFO - Processing /usr/local/python/3.12.1/lib/python3.12/site-packages/airflow/example_dags/example_latest_only_with_trigger.py took 0.065 seconds
[2026-05-20T14:41:13.229+0000] {processor.py:186} INFO - Started process (PID=41125) to work on /usr/local/python/3.12.1/lib/python3.12/site-packages/airflow/example_dags/example_latest_only_with_trigger.py
[2026-05-20T14:41:13.272+0000] {processor.py:914} INFO - Processing file /usr/local/python/3.12.1/lib/python3.12/site-packages/airflow/example_dags/example_latest_only_with_trigger.py for tasks to queue
[2026-05-20T14:41:13.284+0000] {logging_mixin.py:190} INFO - [2026-05-20T14:41:13.282+0000] {dagbag.py:588} INFO - Filling up the DagBag from /usr/local/python/3.12.1/lib/python3.12/site-packages/airflow/example_dags/example_latest_only_with_trigger.py
[2026-05-20T14:41:13.325+0000] {processor.py:925} INFO - DAG(s) 'latest_only_with_trigger' retrieved from /usr/local/python/3.12.1/lib/python3.12/site-packages/airflow/example_dags/example_latest_only_with_trigger.py
[2026-05-20T14:41:13.348+0000] {logging_mixin.py:190} INFO - [2026-05-20T14:41:13.347+0000] {dag.py:3239} INFO - Sync 1 DAGs
[2026-05-20T14:41:13.375+0000] {logging_mixin.py:190} INFO - [2026-05-20T14:41:13.374+0000] {dag.py:4180} INFO - Setting next_dagrun for latest_only_with_trigger to 2026-05-20 08:00:00+00:00, run_after=2026-05-20 12:00:00+00:00
[2026-05-20T14:41:13.465+0000] {processor.py:208} INFO - Processing /usr/local/python/3.12.1/lib/python3.12/site-packages/airflow/example_dags/example_latest_only_with_trigger.py took 0.245 seconds
[2026-05-20T14:42:07.698+0000] {processor.py:186} INFO - Started process (PID=41883) to work on /usr/local/python/3.12.1/lib/python3.12/site-packages/airflow/example_dags/example_latest_only_with_trigger.py
[2026-05-20T14:42:07.699+0000] {processor.py:914} INFO - Processing file /usr/local/python/3.12.1/lib/python3.12/site-packages/airflow/example_dags/example_latest_only_with_trigger.py for tasks to queue
[2026-05-20T14:42:07.701+0000] {logging_mixin.py:190} INFO - [2026-05-20T14:42:07.700+0000] {dagbag.py:588} INFO - Filling up the DagBag from /usr/local/python/3.12.1/lib/python3.12/site-packages/airflow/example_dags/example_latest_only_with_trigger.py
[2026-05-20T14:42:07.707+0000] {processor.py:925} INFO - DAG(s) 'latest_only_with_trigger' retrieved from /usr/local/python/3.12.1/lib/python3.12/site-packages/airflow/example_dags/example_latest_only_with_trigger.py
[2026-05-20T14:42:07.720+0000] {logging_mixin.py:190} INFO - [2026-05-20T14:42:07.720+0000] {dag.py:3239} INFO - Sync 1 DAGs
[2026-05-20T14:42:07.740+0000] {logging_mixin.py:190} INFO - [2026-05-20T14:42:07.740+0000] {dag.py:4180} INFO - Setting next_dagrun for latest_only_with_trigger to 2026-05-20 08:00:00+00:00, run_after=2026-05-20 12:00:00+00:00
[2026-05-20T14:42:07.759+0000] {processor.py:208} INFO - Processing /usr/local/python/3.12.1/lib/python3.12/site-packages/airflow/example_dags/example_latest_only_with_trigger.py took 0.065 seconds
[2026-05-20T14:43:00.299+0000] {processor.py:186} INFO - Started process (PID=42305) to work on /usr/local/python/3.12.1/lib/python3.12/site-packages/airflow/example_dags/example_latest_only_with_trigger.py
[2026-05-20T14:43:00.300+0000] {processor.py:914} INFO - Processing file /usr/local/python/3.12.1/lib/python3.12/site-packages/airflow/example_dags/example_latest_only_with_trigger.py for tasks to queue
[2026-05-20T14:43:00.304+0000] {logging_mixin.py:190} INFO - [2026-05-20T14:43:00.303+0000] {dagbag.py:588} INFO - Filling up the DagBag from /usr/local/python/3.12.1/lib/python3.12/site-packages/airflow/example_dags/example_latest_only_with_trigger.py
[2026-05-20T14:43:00.320+0000] {processor.py:925} INFO - DAG(s) 'latest_only_with_trigger' retrieved from /usr/local/python/3.12.1/lib/python3.12/site-packages/airflow/example_dags/example_latest_only_with_trigger.py
[2026-05-20T14:43:00.362+0000] {logging_mixin.py:190} INFO - [2026-05-20T14:43:00.361+0000] {dag.py:3239} INFO - Sync 1 DAGs
[2026-05-20T14:43:00.386+0000] {logging_mixin.py:190} INFO - [2026-05-20T14:43:00.386+0000] {dag.py:4180} INFO - Setting next_dagrun for latest_only_with_trigger to 2026-05-20 08:00:00+00:00, run_after=2026-05-20 12:00:00+00:00
[2026-05-20T14:43:00.409+0000] {processor.py:208} INFO - Processing /usr/local/python/3.12.1/lib/python3.12/site-packages/airflow/example_dags/example_latest_only_with_trigger.py took 0.122 seconds
[2026-05-20T14:43:52.318+0000] {processor.py:186} INFO - Started process (PID=43084) to work on /usr/local/python/3.12.1/lib/python3.12/site-packages/airflow/example_dags/example_latest_only_with_trigger.py
[2026-05-20T14:43:52.319+0000] {processor.py:914} INFO - Processing file /usr/local/python/3.12.1/lib/python3.12/site-packages/airflow/example_dags/example_latest_only_with_trigger.py for tasks to queue
[2026-05-20T14:43:52.321+0000] {logging_mixin.py:190} INFO - [2026-05-20T14:43:52.321+0000] {dagbag.py:588} INFO - Filling up the DagBag from /usr/local/python/3.12.1/lib/python3.12/site-packages/airflow/example_dags/example_latest_only_with_trigger.py
[2026-05-20T14:43:52.329+0000] {processor.py:925} INFO - DAG(s) 'latest_only_with_trigger' retrieved from /usr/local/python/3.12.1/lib/python3.12/site-packages/airflow/example_dags/example_latest_only_with_trigger.py
[2026-05-20T14:43:52.347+0000] {logging_mixin.py:190} INFO - [2026-05-20T14:43:52.347+0000] {dag.py:3239} INFO - Sync 1 DAGs
[2026-05-20T14:43:52.364+0000] {logging_mixin.py:190} INFO - [2026-05-20T14:43:52.363+0000] {dag.py:4180} INFO - Setting next_dagrun for latest_only_with_trigger to 2026-05-20 08:00:00+00:00, run_after=2026-05-20 12:00:00+00:00
[2026-05-20T14:43:52.382+0000] {processor.py:208} INFO - Processing /usr/local/python/3.12.1/lib/python3.12/site-packages/airflow/example_dags/example_latest_only_with_trigger.py took 0.069 seconds
[2026-05-20T14:44:46.581+0000] {processor.py:186} INFO - Started process (PID=43558) to work on /usr/local/python/3.12.1/lib/python3.12/site-packages/airflow/example_dags/example_latest_only_with_trigger.py
[2026-05-20T14:44:46.582+0000] {processor.py:914} INFO - Processing file /usr/local/python/3.12.1/lib/python3.12/site-packages/airflow/example_dags/example_latest_only_with_trigger.py for tasks to queue
[2026-05-20T14:44:46.585+0000] {logging_mixin.py:190} INFO - [2026-05-20T14:44:46.584+0000] {dagbag.py:588} INFO - Filling up the DagBag from /usr/local/python/3.12.1/lib/python3.12/site-packages/airflow/example_dags/example_latest_only_with_trigger.py
[2026-05-20T14:44:46.593+0000] {processor.py:925} INFO - DAG(s) 'latest_only_with_trigger' retrieved from /usr/local/python/3.12.1/lib/python3.12/site-packages/airflow/example_dags/example_latest_only_with_trigger.py
[2026-05-20T14:44:46.620+0000] {logging_mixin.py:190} INFO - [2026-05-20T14:44:46.620+0000] {dag.py:3239} INFO - Sync 1 DAGs
[2026-05-20T14:44:46.641+0000] {logging_mixin.py:190} INFO - [2026-05-20T14:44:46.641+0000] {dag.py:4180} INFO - Setting next_dagrun for latest_only_with_trigger to 2026-05-20 08:00:00+00:00, run_after=2026-05-20 12:00:00+00:00
[2026-05-20T14:44:46.662+0000] {processor.py:208} INFO - Processing /usr/local/python/3.12.1/lib/python3.12/site-packages/airflow/example_dags/example_latest_only_with_trigger.py took 0.091 seconds
[2026-05-20T14:45:48.416+0000] {processor.py:186} INFO - Started process (PID=45362) to work on /usr/local/python/3.12.1/lib/python3.12/site-packages/airflow/example_dags/example_latest_only_with_trigger.py
[2026-05-20T14:45:48.417+0000] {processor.py:914} INFO - Processing file /usr/local/python/3.12.1/lib/python3.12/site-packages/airflow/example_dags/example_latest_only_with_trigger.py for tasks to queue
[2026-05-20T14:45:48.419+0000] {logging_mixin.py:190} INFO - [2026-05-20T14:45:48.419+0000] {dagbag.py:588} INFO - Filling up the DagBag from /usr/local/python/3.12.1/lib/python3.12/site-packages/airflow/example_dags/example_latest_only_with_trigger.py
[2026-05-20T14:45:48.425+0000] {processor.py:925} INFO - DAG(s) 'latest_only_with_trigger' retrieved from /usr/local/python/3.12.1/lib/python3.12/site-packages/airflow/example_dags/example_latest_only_with_trigger.py
[2026-05-20T14:45:48.439+0000] {logging_mixin.py:190} INFO - [2026-05-20T14:45:48.439+0000] {dag.py:3239} INFO - Sync 1 DAGs
[2026-05-20T14:45:48.459+0000] {logging_mixin.py:190} INFO - [2026-05-20T14:45:48.459+0000] {dag.py:4180} INFO - Setting next_dagrun for latest_only_with_trigger to 2026-05-20 08:00:00+00:00, run_after=2026-05-20 12:00:00+00:00
[2026-05-20T14:45:48.502+0000] {processor.py:208} INFO - Processing /usr/local/python/3.12.1/lib/python3.12/site-packages/airflow/example_dags/example_latest_only_with_trigger.py took 0.092 seconds
[2026-05-20T14:46:49.338+0000] {processor.py:186} INFO - Started process (PID=46093) to work on /usr/local/python/3.12.1/lib/python3.12/site-packages/airflow/example_dags/example_latest_only_with_trigger.py
[2026-05-20T14:46:49.339+0000] {processor.py:914} INFO - Processing file /usr/local/python/3.12.1/lib/python3.12/site-packages/airflow/example_dags/example_latest_only_with_trigger.py for tasks to queue
[2026-05-20T14:46:49.341+0000] {logging_mixin.py:190} INFO - [2026-05-20T14:46:49.341+0000] {dagbag.py:588} INFO - Filling up the DagBag from /usr/local/python/3.12.1/lib/python3.12/site-packages/airflow/example_dags/example_latest_only_with_trigger.py
[2026-05-20T14:46:49.349+0000] {processor.py:925} INFO - DAG(s) 'latest_only_with_trigger' retrieved from /usr/local/python/3.12.1/lib/python3.12/site-packages/airflow/example_dags/example_latest_only_with_trigger.py
[2026-05-20T14:46:49.363+0000] {logging_mixin.py:190} INFO - [2026-05-20T14:46:49.363+0000] {dag.py:3239} INFO - Sync 1 DAGs
[2026-05-20T14:46:49.379+0000] {logging_mixin.py:190} INFO - [2026-05-20T14:46:49.379+0000] {dag.py:4180} INFO - Setting next_dagrun for latest_only_with_trigger to 2026-05-20 08:00:00+00:00, run_after=2026-05-20 12:00:00+00:00
[2026-05-20T14:46:49.398+0000] {processor.py:208} INFO - Processing /usr/local/python/3.12.1/lib/python3.12/site-packages/airflow/example_dags/example_latest_only_with_trigger.py took 0.066 seconds
[2026-05-20T14:52:26.110+0000] {processor.py:186} INFO - Started process (PID=50141) to work on /usr/local/python/3.12.1/lib/python3.12/site-packages/airflow/example_dags/example_latest_only_with_trigger.py
[2026-05-20T14:52:26.113+0000] {processor.py:914} INFO - Processing file /usr/local/python/3.12.1/lib/python3.12/site-packages/airflow/example_dags/example_latest_only_with_trigger.py for tasks to queue
[2026-05-20T14:52:26.121+0000] {logging_mixin.py:190} INFO - [2026-05-20T14:52:26.117+0000] {dagbag.py:588} INFO - Filling up the DagBag from /usr/local/python/3.12.1/lib/python3.12/site-packages/airflow/example_dags/example_latest_only_with_trigger.py
[2026-05-20T14:52:26.130+0000] {processor.py:925} INFO - DAG(s) 'latest_only_with_trigger' retrieved from /usr/local/python/3.12.1/lib/python3.12/site-packages/airflow/example_dags/example_latest_only_with_trigger.py
[2026-05-20T14:52:26.250+0000] {logging_mixin.py:190} INFO - [2026-05-20T14:52:26.250+0000] {dag.py:3239} INFO - Sync 1 DAGs
[2026-05-20T14:52:26.269+0000] {logging_mixin.py:190} INFO - [2026-05-20T14:52:26.269+0000] {dag.py:4180} INFO - Setting next_dagrun for latest_only_with_trigger to 2026-05-20 08:00:00+00:00, run_after=2026-05-20 12:00:00+00:00
[2026-05-20T14:52:26.288+0000] {processor.py:208} INFO - Processing /usr/local/python/3.12.1/lib/python3.12/site-packages/airflow/example_dags/example_latest_only_with_trigger.py took 0.193 seconds
[2026-05-20T14:53:23.504+0000] {processor.py:186} INFO - Started process (PID=51096) to work on /usr/local/python/3.12.1/lib/python3.12/site-packages/airflow/example_dags/example_latest_only_with_trigger.py
[2026-05-20T14:53:23.505+0000] {processor.py:914} INFO - Processing file /usr/local/python/3.12.1/lib/python3.12/site-packages/airflow/example_dags/example_latest_only_with_trigger.py for tasks to queue
[2026-05-20T14:53:23.507+0000] {logging_mixin.py:190} INFO - [2026-05-20T14:53:23.506+0000] {dagbag.py:588} INFO - Filling up the DagBag from /usr/local/python/3.12.1/lib/python3.12/site-packages/airflow/example_dags/example_latest_only_with_trigger.py
[2026-05-20T14:53:23.513+0000] {processor.py:925} INFO - DAG(s) 'latest_only_with_trigger' retrieved from /usr/local/python/3.12.1/lib/python3.12/site-packages/airflow/example_dags/example_latest_only_with_trigger.py
[2026-05-20T14:53:23.533+0000] {logging_mixin.py:190} INFO - [2026-05-20T14:53:23.533+0000] {dag.py:3239} INFO - Sync 1 DAGs
[2026-05-20T14:53:23.559+0000] {logging_mixin.py:190} INFO - [2026-05-20T14:53:23.559+0000] {dag.py:4180} INFO - Setting next_dagrun for latest_only_with_trigger to 2026-05-20 08:00:00+00:00, run_after=2026-05-20 12:00:00+00:00
[2026-05-20T14:53:23.579+0000] {processor.py:208} INFO - Processing /usr/local/python/3.12.1/lib/python3.12/site-packages/airflow/example_dags/example_latest_only_with_trigger.py took 0.079 seconds
[2026-05-20T14:54:20.090+0000] {processor.py:186} INFO - Started process (PID=52070) to work on /usr/local/python/3.12.1/lib/python3.12/site-packages/airflow/example_dags/example_latest_only_with_trigger.py
[2026-05-20T14:54:20.091+0000] {processor.py:914} INFO - Processing file /usr/local/python/3.12.1/lib/python3.12/site-packages/airflow/example_dags/example_latest_only_with_trigger.py for tasks to queue
[2026-05-20T14:54:20.092+0000] {logging_mixin.py:190} INFO - [2026-05-20T14:54:20.092+0000] {dagbag.py:588} INFO - Filling up the DagBag from /usr/local/python/3.12.1/lib/python3.12/site-packages/airflow/example_dags/example_latest_only_with_trigger.py
[2026-05-20T14:54:20.099+0000] {processor.py:925} INFO - DAG(s) 'latest_only_with_trigger' retrieved from /usr/local/python/3.12.1/lib/python3.12/site-packages/airflow/example_dags/example_latest_only_with_trigger.py
[2026-05-20T14:54:20.113+0000] {logging_mixin.py:190} INFO - [2026-05-20T14:54:20.113+0000] {dag.py:3239} INFO - Sync 1 DAGs
[2026-05-20T14:54:20.130+0000] {logging_mixin.py:190} INFO - [2026-05-20T14:54:20.129+0000] {dag.py:4180} INFO - Setting next_dagrun for latest_only_with_trigger to 2026-05-20 08:00:00+00:00, run_after=2026-05-20 12:00:00+00:00
[2026-05-20T14:54:20.155+0000] {processor.py:208} INFO - Processing /usr/local/python/3.12.1/lib/python3.12/site-packages/airflow/example_dags/example_latest_only_with_trigger.py took 0.070 seconds
