[2026-05-20T14:37:14.457+0000] {processor.py:186} INFO - Started process (PID=37796) to work on /usr/local/python/3.12.1/lib/python3.12/site-packages/airflow/example_dags/tutorial_dag.py
[2026-05-20T14:37:14.458+0000] {processor.py:914} INFO - Processing file /usr/local/python/3.12.1/lib/python3.12/site-packages/airflow/example_dags/tutorial_dag.py for tasks to queue
[2026-05-20T14:37:14.460+0000] {logging_mixin.py:190} INFO - [2026-05-20T14:37:14.460+0000] {dagbag.py:588} INFO - Filling up the DagBag from /usr/local/python/3.12.1/lib/python3.12/site-packages/airflow/example_dags/tutorial_dag.py
[2026-05-20T14:37:14.469+0000] {processor.py:925} INFO - DAG(s) 'tutorial_dag' retrieved from /usr/local/python/3.12.1/lib/python3.12/site-packages/airflow/example_dags/tutorial_dag.py
[2026-05-20T14:37:14.487+0000] {logging_mixin.py:190} INFO - [2026-05-20T14:37:14.486+0000] {dag.py:3239} INFO - Sync 1 DAGs
[2026-05-20T14:37:14.497+0000] {logging_mixin.py:190} INFO - [2026-05-20T14:37:14.497+0000] {dag.py:4180} INFO - Setting next_dagrun for tutorial_dag to None, run_after=None
[2026-05-20T14:37:14.518+0000] {processor.py:208} INFO - Processing /usr/local/python/3.12.1/lib/python3.12/site-packages/airflow/example_dags/tutorial_dag.py took 0.065 seconds
[2026-05-20T14:38:11.801+0000] {processor.py:186} INFO - Started process (PID=38539) to work on /usr/local/python/3.12.1/lib/python3.12/site-packages/airflow/example_dags/tutorial_dag.py
[2026-05-20T14:38:11.802+0000] {processor.py:914} INFO - Processing file /usr/local/python/3.12.1/lib/python3.12/site-packages/airflow/example_dags/tutorial_dag.py for tasks to queue
[2026-05-20T14:38:11.804+0000] {logging_mixin.py:190} INFO - [2026-05-20T14:38:11.804+0000] {dagbag.py:588} INFO - Filling up the DagBag from /usr/local/python/3.12.1/lib/python3.12/site-packages/airflow/example_dags/tutorial_dag.py
[2026-05-20T14:38:11.811+0000] {processor.py:925} INFO - DAG(s) 'tutorial_dag' retrieved from /usr/local/python/3.12.1/lib/python3.12/site-packages/airflow/example_dags/tutorial_dag.py
[2026-05-20T14:38:11.824+0000] {logging_mixin.py:190} INFO - [2026-05-20T14:38:11.824+0000] {dag.py:3239} INFO - Sync 1 DAGs
[2026-05-20T14:38:11.837+0000] {logging_mixin.py:190} INFO - [2026-05-20T14:38:11.837+0000] {dag.py:4180} INFO - Setting next_dagrun for tutorial_dag to None, run_after=None
[2026-05-20T14:38:11.857+0000] {processor.py:208} INFO - Processing /usr/local/python/3.12.1/lib/python3.12/site-packages/airflow/example_dags/tutorial_dag.py took 0.060 seconds
[2026-05-20T14:39:01.244+0000] {processor.py:186} INFO - Started process (PID=39231) to work on /usr/local/python/3.12.1/lib/python3.12/site-packages/airflow/example_dags/tutorial_dag.py
[2026-05-20T14:39:01.247+0000] {processor.py:914} INFO - Processing file /usr/local/python/3.12.1/lib/python3.12/site-packages/airflow/example_dags/tutorial_dag.py for tasks to queue
[2026-05-20T14:39:01.252+0000] {logging_mixin.py:190} INFO - [2026-05-20T14:39:01.251+0000] {dagbag.py:588} INFO - Filling up the DagBag from /usr/local/python/3.12.1/lib/python3.12/site-packages/airflow/example_dags/tutorial_dag.py
[2026-05-20T14:39:01.267+0000] {processor.py:925} INFO - DAG(s) 'tutorial_dag' retrieved from /usr/local/python/3.12.1/lib/python3.12/site-packages/airflow/example_dags/tutorial_dag.py
[2026-05-20T14:39:01.285+0000] {logging_mixin.py:190} INFO - [2026-05-20T14:39:01.284+0000] {dag.py:3239} INFO - Sync 1 DAGs
[2026-05-20T14:39:01.297+0000] {logging_mixin.py:190} INFO - [2026-05-20T14:39:01.297+0000] {dag.py:4180} INFO - Setting next_dagrun for tutorial_dag to None, run_after=None
[2026-05-20T14:39:01.316+0000] {processor.py:208} INFO - Processing /usr/local/python/3.12.1/lib/python3.12/site-packages/airflow/example_dags/tutorial_dag.py took 0.086 seconds
[2026-05-20T14:39:53.185+0000] {processor.py:186} INFO - Started process (PID=39632) to work on /usr/local/python/3.12.1/lib/python3.12/site-packages/airflow/example_dags/tutorial_dag.py
[2026-05-20T14:39:53.186+0000] {processor.py:914} INFO - Processing file /usr/local/python/3.12.1/lib/python3.12/site-packages/airflow/example_dags/tutorial_dag.py for tasks to queue
[2026-05-20T14:39:53.188+0000] {logging_mixin.py:190} INFO - [2026-05-20T14:39:53.187+0000] {dagbag.py:588} INFO - Filling up the DagBag from /usr/local/python/3.12.1/lib/python3.12/site-packages/airflow/example_dags/tutorial_dag.py
[2026-05-20T14:39:53.194+0000] {processor.py:925} INFO - DAG(s) 'tutorial_dag' retrieved from /usr/local/python/3.12.1/lib/python3.12/site-packages/airflow/example_dags/tutorial_dag.py
[2026-05-20T14:39:53.208+0000] {logging_mixin.py:190} INFO - [2026-05-20T14:39:53.207+0000] {dag.py:3239} INFO - Sync 1 DAGs
[2026-05-20T14:39:53.218+0000] {logging_mixin.py:190} INFO - [2026-05-20T14:39:53.217+0000] {dag.py:4180} INFO - Setting next_dagrun for tutorial_dag to None, run_after=None
[2026-05-20T14:39:53.238+0000] {processor.py:208} INFO - Processing /usr/local/python/3.12.1/lib/python3.12/site-packages/airflow/example_dags/tutorial_dag.py took 0.058 seconds
[2026-05-20T14:40:46.287+0000] {processor.py:186} INFO - Started process (PID=40247) to work on /usr/local/python/3.12.1/lib/python3.12/site-packages/airflow/example_dags/tutorial_dag.py
[2026-05-20T14:40:46.289+0000] {processor.py:914} INFO - Processing file /usr/local/python/3.12.1/lib/python3.12/site-packages/airflow/example_dags/tutorial_dag.py for tasks to queue
[2026-05-20T14:40:46.291+0000] {logging_mixin.py:190} INFO - [2026-05-20T14:40:46.290+0000] {dagbag.py:588} INFO - Filling up the DagBag from /usr/local/python/3.12.1/lib/python3.12/site-packages/airflow/example_dags/tutorial_dag.py
[2026-05-20T14:40:46.297+0000] {processor.py:925} INFO - DAG(s) 'tutorial_dag' retrieved from /usr/local/python/3.12.1/lib/python3.12/site-packages/airflow/example_dags/tutorial_dag.py
[2026-05-20T14:40:46.312+0000] {logging_mixin.py:190} INFO - [2026-05-20T14:40:46.312+0000] {dag.py:3239} INFO - Sync 1 DAGs
[2026-05-20T14:40:46.323+0000] {logging_mixin.py:190} INFO - [2026-05-20T14:40:46.323+0000] {dag.py:4180} INFO - Setting next_dagrun for tutorial_dag to None, run_after=None
[2026-05-20T14:40:46.357+0000] {processor.py:208} INFO - Processing /usr/local/python/3.12.1/lib/python3.12/site-packages/airflow/example_dags/tutorial_dag.py took 0.075 seconds
[2026-05-20T14:41:40.551+0000] {processor.py:186} INFO - Started process (PID=41541) to work on /usr/local/python/3.12.1/lib/python3.12/site-packages/airflow/example_dags/tutorial_dag.py
[2026-05-20T14:41:40.551+0000] {processor.py:914} INFO - Processing file /usr/local/python/3.12.1/lib/python3.12/site-packages/airflow/example_dags/tutorial_dag.py for tasks to queue
[2026-05-20T14:41:40.554+0000] {logging_mixin.py:190} INFO - [2026-05-20T14:41:40.553+0000] {dagbag.py:588} INFO - Filling up the DagBag from /usr/local/python/3.12.1/lib/python3.12/site-packages/airflow/example_dags/tutorial_dag.py
[2026-05-20T14:41:40.560+0000] {processor.py:925} INFO - DAG(s) 'tutorial_dag' retrieved from /usr/local/python/3.12.1/lib/python3.12/site-packages/airflow/example_dags/tutorial_dag.py
[2026-05-20T14:41:40.574+0000] {logging_mixin.py:190} INFO - [2026-05-20T14:41:40.573+0000] {dag.py:3239} INFO - Sync 1 DAGs
[2026-05-20T14:41:40.590+0000] {logging_mixin.py:190} INFO - [2026-05-20T14:41:40.590+0000] {dag.py:4180} INFO - Setting next_dagrun for tutorial_dag to None, run_after=None
[2026-05-20T14:41:40.614+0000] {processor.py:208} INFO - Processing /usr/local/python/3.12.1/lib/python3.12/site-packages/airflow/example_dags/tutorial_dag.py took 0.068 seconds
[2026-05-20T14:42:34.724+0000] {processor.py:186} INFO - Started process (PID=42092) to work on /usr/local/python/3.12.1/lib/python3.12/site-packages/airflow/example_dags/tutorial_dag.py
[2026-05-20T14:42:34.725+0000] {processor.py:914} INFO - Processing file /usr/local/python/3.12.1/lib/python3.12/site-packages/airflow/example_dags/tutorial_dag.py for tasks to queue
[2026-05-20T14:42:34.728+0000] {logging_mixin.py:190} INFO - [2026-05-20T14:42:34.727+0000] {dagbag.py:588} INFO - Filling up the DagBag from /usr/local/python/3.12.1/lib/python3.12/site-packages/airflow/example_dags/tutorial_dag.py
[2026-05-20T14:42:34.734+0000] {processor.py:925} INFO - DAG(s) 'tutorial_dag' retrieved from /usr/local/python/3.12.1/lib/python3.12/site-packages/airflow/example_dags/tutorial_dag.py
[2026-05-20T14:42:34.749+0000] {logging_mixin.py:190} INFO - [2026-05-20T14:42:34.748+0000] {dag.py:3239} INFO - Sync 1 DAGs
[2026-05-20T14:42:34.762+0000] {logging_mixin.py:190} INFO - [2026-05-20T14:42:34.762+0000] {dag.py:4180} INFO - Setting next_dagrun for tutorial_dag to None, run_after=None
[2026-05-20T14:42:34.791+0000] {processor.py:208} INFO - Processing /usr/local/python/3.12.1/lib/python3.12/site-packages/airflow/example_dags/tutorial_dag.py took 0.071 seconds
[2026-05-20T14:43:26.442+0000] {processor.py:186} INFO - Started process (PID=42664) to work on /usr/local/python/3.12.1/lib/python3.12/site-packages/airflow/example_dags/tutorial_dag.py
[2026-05-20T14:43:26.443+0000] {processor.py:914} INFO - Processing file /usr/local/python/3.12.1/lib/python3.12/site-packages/airflow/example_dags/tutorial_dag.py for tasks to queue
[2026-05-20T14:43:26.445+0000] {logging_mixin.py:190} INFO - [2026-05-20T14:43:26.444+0000] {dagbag.py:588} INFO - Filling up the DagBag from /usr/local/python/3.12.1/lib/python3.12/site-packages/airflow/example_dags/tutorial_dag.py
[2026-05-20T14:43:26.452+0000] {processor.py:925} INFO - DAG(s) 'tutorial_dag' retrieved from /usr/local/python/3.12.1/lib/python3.12/site-packages/airflow/example_dags/tutorial_dag.py
[2026-05-20T14:43:26.465+0000] {logging_mixin.py:190} INFO - [2026-05-20T14:43:26.465+0000] {dag.py:3239} INFO - Sync 1 DAGs
[2026-05-20T14:43:26.481+0000] {logging_mixin.py:190} INFO - [2026-05-20T14:43:26.481+0000] {dag.py:4180} INFO - Setting next_dagrun for tutorial_dag to None, run_after=None
[2026-05-20T14:43:26.509+0000] {processor.py:208} INFO - Processing /usr/local/python/3.12.1/lib/python3.12/site-packages/airflow/example_dags/tutorial_dag.py took 0.074 seconds
[2026-05-20T14:44:19.714+0000] {processor.py:186} INFO - Started process (PID=43364) to work on /usr/local/python/3.12.1/lib/python3.12/site-packages/airflow/example_dags/tutorial_dag.py
[2026-05-20T14:44:19.716+0000] {processor.py:914} INFO - Processing file /usr/local/python/3.12.1/lib/python3.12/site-packages/airflow/example_dags/tutorial_dag.py for tasks to queue
[2026-05-20T14:44:19.720+0000] {logging_mixin.py:190} INFO - [2026-05-20T14:44:19.719+0000] {dagbag.py:588} INFO - Filling up the DagBag from /usr/local/python/3.12.1/lib/python3.12/site-packages/airflow/example_dags/tutorial_dag.py
[2026-05-20T14:44:19.733+0000] {processor.py:925} INFO - DAG(s) 'tutorial_dag' retrieved from /usr/local/python/3.12.1/lib/python3.12/site-packages/airflow/example_dags/tutorial_dag.py
[2026-05-20T14:44:19.757+0000] {logging_mixin.py:190} INFO - [2026-05-20T14:44:19.757+0000] {dag.py:3239} INFO - Sync 1 DAGs
[2026-05-20T14:44:19.787+0000] {logging_mixin.py:190} INFO - [2026-05-20T14:44:19.786+0000] {dag.py:4180} INFO - Setting next_dagrun for tutorial_dag to None, run_after=None
[2026-05-20T14:44:19.845+0000] {processor.py:208} INFO - Processing /usr/local/python/3.12.1/lib/python3.12/site-packages/airflow/example_dags/tutorial_dag.py took 0.151 seconds
[2026-05-20T14:45:12.414+0000] {processor.py:186} INFO - Started process (PID=43834) to work on /usr/local/python/3.12.1/lib/python3.12/site-packages/airflow/example_dags/tutorial_dag.py
[2026-05-20T14:45:12.415+0000] {processor.py:914} INFO - Processing file /usr/local/python/3.12.1/lib/python3.12/site-packages/airflow/example_dags/tutorial_dag.py for tasks to queue
[2026-05-20T14:45:12.418+0000] {logging_mixin.py:190} INFO - [2026-05-20T14:45:12.417+0000] {dagbag.py:588} INFO - Filling up the DagBag from /usr/local/python/3.12.1/lib/python3.12/site-packages/airflow/example_dags/tutorial_dag.py
[2026-05-20T14:45:12.424+0000] {processor.py:925} INFO - DAG(s) 'tutorial_dag' retrieved from /usr/local/python/3.12.1/lib/python3.12/site-packages/airflow/example_dags/tutorial_dag.py
[2026-05-20T14:45:12.438+0000] {logging_mixin.py:190} INFO - [2026-05-20T14:45:12.438+0000] {dag.py:3239} INFO - Sync 1 DAGs
[2026-05-20T14:45:12.449+0000] {logging_mixin.py:190} INFO - [2026-05-20T14:45:12.449+0000] {dag.py:4180} INFO - Setting next_dagrun for tutorial_dag to None, run_after=None
[2026-05-20T14:45:12.470+0000] {processor.py:208} INFO - Processing /usr/local/python/3.12.1/lib/python3.12/site-packages/airflow/example_dags/tutorial_dag.py took 0.060 seconds
[2026-05-20T14:46:20.791+0000] {processor.py:186} INFO - Started process (PID=45775) to work on /usr/local/python/3.12.1/lib/python3.12/site-packages/airflow/example_dags/tutorial_dag.py
[2026-05-20T14:46:20.792+0000] {processor.py:914} INFO - Processing file /usr/local/python/3.12.1/lib/python3.12/site-packages/airflow/example_dags/tutorial_dag.py for tasks to queue
[2026-05-20T14:46:20.796+0000] {logging_mixin.py:190} INFO - [2026-05-20T14:46:20.795+0000] {dagbag.py:588} INFO - Filling up the DagBag from /usr/local/python/3.12.1/lib/python3.12/site-packages/airflow/example_dags/tutorial_dag.py
[2026-05-20T14:46:20.807+0000] {processor.py:925} INFO - DAG(s) 'tutorial_dag' retrieved from /usr/local/python/3.12.1/lib/python3.12/site-packages/airflow/example_dags/tutorial_dag.py
[2026-05-20T14:46:20.829+0000] {logging_mixin.py:190} INFO - [2026-05-20T14:46:20.829+0000] {dag.py:3239} INFO - Sync 1 DAGs
[2026-05-20T14:46:20.850+0000] {logging_mixin.py:190} INFO - [2026-05-20T14:46:20.850+0000] {dag.py:4180} INFO - Setting next_dagrun for tutorial_dag to None, run_after=None
[2026-05-20T14:46:20.899+0000] {processor.py:208} INFO - Processing /usr/local/python/3.12.1/lib/python3.12/site-packages/airflow/example_dags/tutorial_dag.py took 0.119 seconds
[2026-05-20T14:47:19.848+0000] {processor.py:186} INFO - Started process (PID=46550) to work on /usr/local/python/3.12.1/lib/python3.12/site-packages/airflow/example_dags/tutorial_dag.py
[2026-05-20T14:47:19.849+0000] {processor.py:914} INFO - Processing file /usr/local/python/3.12.1/lib/python3.12/site-packages/airflow/example_dags/tutorial_dag.py for tasks to queue
[2026-05-20T14:47:19.851+0000] {logging_mixin.py:190} INFO - [2026-05-20T14:47:19.850+0000] {dagbag.py:588} INFO - Filling up the DagBag from /usr/local/python/3.12.1/lib/python3.12/site-packages/airflow/example_dags/tutorial_dag.py
[2026-05-20T14:47:19.859+0000] {processor.py:925} INFO - DAG(s) 'tutorial_dag' retrieved from /usr/local/python/3.12.1/lib/python3.12/site-packages/airflow/example_dags/tutorial_dag.py
[2026-05-20T14:47:19.873+0000] {logging_mixin.py:190} INFO - [2026-05-20T14:47:19.873+0000] {dag.py:3239} INFO - Sync 1 DAGs
[2026-05-20T14:47:19.884+0000] {logging_mixin.py:190} INFO - [2026-05-20T14:47:19.883+0000] {dag.py:4180} INFO - Setting next_dagrun for tutorial_dag to None, run_after=None
[2026-05-20T14:47:19.903+0000] {processor.py:208} INFO - Processing /usr/local/python/3.12.1/lib/python3.12/site-packages/airflow/example_dags/tutorial_dag.py took 0.061 seconds
[2026-05-20T14:52:02.684+0000] {processor.py:186} INFO - Started process (PID=49799) to work on /usr/local/python/3.12.1/lib/python3.12/site-packages/airflow/example_dags/tutorial_dag.py
[2026-05-20T14:52:02.684+0000] {processor.py:914} INFO - Processing file /usr/local/python/3.12.1/lib/python3.12/site-packages/airflow/example_dags/tutorial_dag.py for tasks to queue
[2026-05-20T14:52:02.687+0000] {logging_mixin.py:190} INFO - [2026-05-20T14:52:02.686+0000] {dagbag.py:588} INFO - Filling up the DagBag from /usr/local/python/3.12.1/lib/python3.12/site-packages/airflow/example_dags/tutorial_dag.py
[2026-05-20T14:52:02.692+0000] {processor.py:925} INFO - DAG(s) 'tutorial_dag' retrieved from /usr/local/python/3.12.1/lib/python3.12/site-packages/airflow/example_dags/tutorial_dag.py
[2026-05-20T14:52:02.792+0000] {logging_mixin.py:190} INFO - [2026-05-20T14:52:02.791+0000] {dag.py:3239} INFO - Sync 1 DAGs
[2026-05-20T14:52:02.802+0000] {logging_mixin.py:190} INFO - [2026-05-20T14:52:02.801+0000] {dag.py:4180} INFO - Setting next_dagrun for tutorial_dag to None, run_after=None
[2026-05-20T14:52:02.821+0000] {processor.py:208} INFO - Processing /usr/local/python/3.12.1/lib/python3.12/site-packages/airflow/example_dags/tutorial_dag.py took 0.141 seconds
[2026-05-20T14:53:05.280+0000] {processor.py:186} INFO - Started process (PID=50759) to work on /usr/local/python/3.12.1/lib/python3.12/site-packages/airflow/example_dags/tutorial_dag.py
[2026-05-20T14:53:05.280+0000] {processor.py:914} INFO - Processing file /usr/local/python/3.12.1/lib/python3.12/site-packages/airflow/example_dags/tutorial_dag.py for tasks to queue
[2026-05-20T14:53:05.283+0000] {logging_mixin.py:190} INFO - [2026-05-20T14:53:05.283+0000] {dagbag.py:588} INFO - Filling up the DagBag from /usr/local/python/3.12.1/lib/python3.12/site-packages/airflow/example_dags/tutorial_dag.py
[2026-05-20T14:53:05.289+0000] {processor.py:925} INFO - DAG(s) 'tutorial_dag' retrieved from /usr/local/python/3.12.1/lib/python3.12/site-packages/airflow/example_dags/tutorial_dag.py
[2026-05-20T14:53:05.303+0000] {logging_mixin.py:190} INFO - [2026-05-20T14:53:05.303+0000] {dag.py:3239} INFO - Sync 1 DAGs
[2026-05-20T14:53:05.318+0000] {logging_mixin.py:190} INFO - [2026-05-20T14:53:05.317+0000] {dag.py:4180} INFO - Setting next_dagrun for tutorial_dag to None, run_after=None
[2026-05-20T14:53:05.342+0000] {processor.py:208} INFO - Processing /usr/local/python/3.12.1/lib/python3.12/site-packages/airflow/example_dags/tutorial_dag.py took 0.067 seconds
[2026-05-20T14:53:58.668+0000] {processor.py:186} INFO - Started process (PID=51667) to work on /usr/local/python/3.12.1/lib/python3.12/site-packages/airflow/example_dags/tutorial_dag.py
[2026-05-20T14:53:58.669+0000] {processor.py:914} INFO - Processing file /usr/local/python/3.12.1/lib/python3.12/site-packages/airflow/example_dags/tutorial_dag.py for tasks to queue
[2026-05-20T14:53:58.675+0000] {logging_mixin.py:190} INFO - [2026-05-20T14:53:58.674+0000] {dagbag.py:588} INFO - Filling up the DagBag from /usr/local/python/3.12.1/lib/python3.12/site-packages/airflow/example_dags/tutorial_dag.py
[2026-05-20T14:53:58.695+0000] {processor.py:925} INFO - DAG(s) 'tutorial_dag' retrieved from /usr/local/python/3.12.1/lib/python3.12/site-packages/airflow/example_dags/tutorial_dag.py
[2026-05-20T14:53:58.717+0000] {logging_mixin.py:190} INFO - [2026-05-20T14:53:58.717+0000] {dag.py:3239} INFO - Sync 1 DAGs
[2026-05-20T14:53:58.731+0000] {logging_mixin.py:190} INFO - [2026-05-20T14:53:58.730+0000] {dag.py:4180} INFO - Setting next_dagrun for tutorial_dag to None, run_after=None
[2026-05-20T14:53:58.769+0000] {processor.py:208} INFO - Processing /usr/local/python/3.12.1/lib/python3.12/site-packages/airflow/example_dags/tutorial_dag.py took 0.108 seconds
