[2026-05-20T14:37:06.631+0000] {processor.py:186} INFO - Started process (PID=37664) to work on /usr/local/python/3.12.1/lib/python3.12/site-packages/airflow/example_dags/tutorial_objectstorage.py
[2026-05-20T14:37:06.632+0000] {processor.py:914} INFO - Processing file /usr/local/python/3.12.1/lib/python3.12/site-packages/airflow/example_dags/tutorial_objectstorage.py for tasks to queue
[2026-05-20T14:37:06.634+0000] {logging_mixin.py:190} INFO - [2026-05-20T14:37:06.634+0000] {dagbag.py:588} INFO - Filling up the DagBag from /usr/local/python/3.12.1/lib/python3.12/site-packages/airflow/example_dags/tutorial_objectstorage.py
[2026-05-20T14:37:06.645+0000] {processor.py:925} INFO - DAG(s) 'tutorial_objectstorage' retrieved from /usr/local/python/3.12.1/lib/python3.12/site-packages/airflow/example_dags/tutorial_objectstorage.py
[2026-05-20T14:37:06.666+0000] {logging_mixin.py:190} INFO - [2026-05-20T14:37:06.666+0000] {dag.py:3239} INFO - Sync 1 DAGs
[2026-05-20T14:37:06.676+0000] {logging_mixin.py:190} INFO - [2026-05-20T14:37:06.676+0000] {dag.py:4180} INFO - Setting next_dagrun for tutorial_objectstorage to None, run_after=None
[2026-05-20T14:37:06.693+0000] {processor.py:208} INFO - Processing /usr/local/python/3.12.1/lib/python3.12/site-packages/airflow/example_dags/tutorial_objectstorage.py took 0.068 seconds
[2026-05-20T14:38:04.950+0000] {processor.py:186} INFO - Started process (PID=38494) to work on /usr/local/python/3.12.1/lib/python3.12/site-packages/airflow/example_dags/tutorial_objectstorage.py
[2026-05-20T14:38:04.951+0000] {processor.py:914} INFO - Processing file /usr/local/python/3.12.1/lib/python3.12/site-packages/airflow/example_dags/tutorial_objectstorage.py for tasks to queue
[2026-05-20T14:38:04.953+0000] {logging_mixin.py:190} INFO - [2026-05-20T14:38:04.953+0000] {dagbag.py:588} INFO - Filling up the DagBag from /usr/local/python/3.12.1/lib/python3.12/site-packages/airflow/example_dags/tutorial_objectstorage.py
[2026-05-20T14:38:04.961+0000] {processor.py:925} INFO - DAG(s) 'tutorial_objectstorage' retrieved from /usr/local/python/3.12.1/lib/python3.12/site-packages/airflow/example_dags/tutorial_objectstorage.py
[2026-05-20T14:38:04.974+0000] {logging_mixin.py:190} INFO - [2026-05-20T14:38:04.974+0000] {dag.py:3239} INFO - Sync 1 DAGs
[2026-05-20T14:38:04.985+0000] {logging_mixin.py:190} INFO - [2026-05-20T14:38:04.985+0000] {dag.py:4180} INFO - Setting next_dagrun for tutorial_objectstorage to None, run_after=None
[2026-05-20T14:38:05.005+0000] {processor.py:208} INFO - Processing /usr/local/python/3.12.1/lib/python3.12/site-packages/airflow/example_dags/tutorial_objectstorage.py took 0.060 seconds
[2026-05-20T14:38:54.465+0000] {processor.py:186} INFO - Started process (PID=39126) to work on /usr/local/python/3.12.1/lib/python3.12/site-packages/airflow/example_dags/tutorial_objectstorage.py
[2026-05-20T14:38:54.466+0000] {processor.py:914} INFO - Processing file /usr/local/python/3.12.1/lib/python3.12/site-packages/airflow/example_dags/tutorial_objectstorage.py for tasks to queue
[2026-05-20T14:38:54.467+0000] {logging_mixin.py:190} INFO - [2026-05-20T14:38:54.467+0000] {dagbag.py:588} INFO - Filling up the DagBag from /usr/local/python/3.12.1/lib/python3.12/site-packages/airflow/example_dags/tutorial_objectstorage.py
[2026-05-20T14:38:54.476+0000] {processor.py:925} INFO - DAG(s) 'tutorial_objectstorage' retrieved from /usr/local/python/3.12.1/lib/python3.12/site-packages/airflow/example_dags/tutorial_objectstorage.py
[2026-05-20T14:38:54.489+0000] {logging_mixin.py:190} INFO - [2026-05-20T14:38:54.489+0000] {dag.py:3239} INFO - Sync 1 DAGs
[2026-05-20T14:38:54.499+0000] {logging_mixin.py:190} INFO - [2026-05-20T14:38:54.499+0000] {dag.py:4180} INFO - Setting next_dagrun for tutorial_objectstorage to None, run_after=None
[2026-05-20T14:38:54.518+0000] {processor.py:208} INFO - Processing /usr/local/python/3.12.1/lib/python3.12/site-packages/airflow/example_dags/tutorial_objectstorage.py took 0.058 seconds
[2026-05-20T14:39:44.807+0000] {processor.py:186} INFO - Started process (PID=39581) to work on /usr/local/python/3.12.1/lib/python3.12/site-packages/airflow/example_dags/tutorial_objectstorage.py
[2026-05-20T14:39:44.808+0000] {processor.py:914} INFO - Processing file /usr/local/python/3.12.1/lib/python3.12/site-packages/airflow/example_dags/tutorial_objectstorage.py for tasks to queue
[2026-05-20T14:39:44.810+0000] {logging_mixin.py:190} INFO - [2026-05-20T14:39:44.810+0000] {dagbag.py:588} INFO - Filling up the DagBag from /usr/local/python/3.12.1/lib/python3.12/site-packages/airflow/example_dags/tutorial_objectstorage.py
[2026-05-20T14:39:44.818+0000] {processor.py:925} INFO - DAG(s) 'tutorial_objectstorage' retrieved from /usr/local/python/3.12.1/lib/python3.12/site-packages/airflow/example_dags/tutorial_objectstorage.py
[2026-05-20T14:39:44.838+0000] {logging_mixin.py:190} INFO - [2026-05-20T14:39:44.838+0000] {dag.py:3239} INFO - Sync 1 DAGs
[2026-05-20T14:39:44.853+0000] {logging_mixin.py:190} INFO - [2026-05-20T14:39:44.853+0000] {dag.py:4180} INFO - Setting next_dagrun for tutorial_objectstorage to None, run_after=None
[2026-05-20T14:39:44.895+0000] {processor.py:208} INFO - Processing /usr/local/python/3.12.1/lib/python3.12/site-packages/airflow/example_dags/tutorial_objectstorage.py took 0.092 seconds
[2026-05-20T14:40:38.581+0000] {processor.py:186} INFO - Started process (PID=40177) to work on /usr/local/python/3.12.1/lib/python3.12/site-packages/airflow/example_dags/tutorial_objectstorage.py
[2026-05-20T14:40:38.581+0000] {processor.py:914} INFO - Processing file /usr/local/python/3.12.1/lib/python3.12/site-packages/airflow/example_dags/tutorial_objectstorage.py for tasks to queue
[2026-05-20T14:40:38.583+0000] {logging_mixin.py:190} INFO - [2026-05-20T14:40:38.583+0000] {dagbag.py:588} INFO - Filling up the DagBag from /usr/local/python/3.12.1/lib/python3.12/site-packages/airflow/example_dags/tutorial_objectstorage.py
[2026-05-20T14:40:38.591+0000] {processor.py:925} INFO - DAG(s) 'tutorial_objectstorage' retrieved from /usr/local/python/3.12.1/lib/python3.12/site-packages/airflow/example_dags/tutorial_objectstorage.py
[2026-05-20T14:40:38.609+0000] {logging_mixin.py:190} INFO - [2026-05-20T14:40:38.608+0000] {dag.py:3239} INFO - Sync 1 DAGs
[2026-05-20T14:40:38.619+0000] {logging_mixin.py:190} INFO - [2026-05-20T14:40:38.619+0000] {dag.py:4180} INFO - Setting next_dagrun for tutorial_objectstorage to None, run_after=None
[2026-05-20T14:40:38.640+0000] {processor.py:208} INFO - Processing /usr/local/python/3.12.1/lib/python3.12/site-packages/airflow/example_dags/tutorial_objectstorage.py took 0.064 seconds
[2026-05-20T14:41:33.169+0000] {processor.py:186} INFO - Started process (PID=41319) to work on /usr/local/python/3.12.1/lib/python3.12/site-packages/airflow/example_dags/tutorial_objectstorage.py
[2026-05-20T14:41:33.172+0000] {processor.py:914} INFO - Processing file /usr/local/python/3.12.1/lib/python3.12/site-packages/airflow/example_dags/tutorial_objectstorage.py for tasks to queue
[2026-05-20T14:41:33.174+0000] {logging_mixin.py:190} INFO - [2026-05-20T14:41:33.174+0000] {dagbag.py:588} INFO - Filling up the DagBag from /usr/local/python/3.12.1/lib/python3.12/site-packages/airflow/example_dags/tutorial_objectstorage.py
[2026-05-20T14:41:33.186+0000] {processor.py:925} INFO - DAG(s) 'tutorial_objectstorage' retrieved from /usr/local/python/3.12.1/lib/python3.12/site-packages/airflow/example_dags/tutorial_objectstorage.py
[2026-05-20T14:41:33.243+0000] {logging_mixin.py:190} INFO - [2026-05-20T14:41:33.243+0000] {dag.py:3239} INFO - Sync 1 DAGs
[2026-05-20T14:41:33.278+0000] {logging_mixin.py:190} INFO - [2026-05-20T14:41:33.278+0000] {dag.py:4180} INFO - Setting next_dagrun for tutorial_objectstorage to None, run_after=None
[2026-05-20T14:41:33.330+0000] {processor.py:208} INFO - Processing /usr/local/python/3.12.1/lib/python3.12/site-packages/airflow/example_dags/tutorial_objectstorage.py took 0.167 seconds
[2026-05-20T14:42:26.909+0000] {processor.py:186} INFO - Started process (PID=42026) to work on /usr/local/python/3.12.1/lib/python3.12/site-packages/airflow/example_dags/tutorial_objectstorage.py
[2026-05-20T14:42:26.910+0000] {processor.py:914} INFO - Processing file /usr/local/python/3.12.1/lib/python3.12/site-packages/airflow/example_dags/tutorial_objectstorage.py for tasks to queue
[2026-05-20T14:42:26.912+0000] {logging_mixin.py:190} INFO - [2026-05-20T14:42:26.911+0000] {dagbag.py:588} INFO - Filling up the DagBag from /usr/local/python/3.12.1/lib/python3.12/site-packages/airflow/example_dags/tutorial_objectstorage.py
[2026-05-20T14:42:26.921+0000] {processor.py:925} INFO - DAG(s) 'tutorial_objectstorage' retrieved from /usr/local/python/3.12.1/lib/python3.12/site-packages/airflow/example_dags/tutorial_objectstorage.py
[2026-05-20T14:42:26.942+0000] {logging_mixin.py:190} INFO - [2026-05-20T14:42:26.941+0000] {dag.py:3239} INFO - Sync 1 DAGs
[2026-05-20T14:42:26.963+0000] {logging_mixin.py:190} INFO - [2026-05-20T14:42:26.963+0000] {dag.py:4180} INFO - Setting next_dagrun for tutorial_objectstorage to None, run_after=None
[2026-05-20T14:42:26.997+0000] {processor.py:208} INFO - Processing /usr/local/python/3.12.1/lib/python3.12/site-packages/airflow/example_dags/tutorial_objectstorage.py took 0.093 seconds
[2026-05-20T14:43:18.330+0000] {processor.py:186} INFO - Started process (PID=42597) to work on /usr/local/python/3.12.1/lib/python3.12/site-packages/airflow/example_dags/tutorial_objectstorage.py
[2026-05-20T14:43:18.331+0000] {processor.py:914} INFO - Processing file /usr/local/python/3.12.1/lib/python3.12/site-packages/airflow/example_dags/tutorial_objectstorage.py for tasks to queue
[2026-05-20T14:43:18.335+0000] {logging_mixin.py:190} INFO - [2026-05-20T14:43:18.334+0000] {dagbag.py:588} INFO - Filling up the DagBag from /usr/local/python/3.12.1/lib/python3.12/site-packages/airflow/example_dags/tutorial_objectstorage.py
[2026-05-20T14:43:18.349+0000] {processor.py:925} INFO - DAG(s) 'tutorial_objectstorage' retrieved from /usr/local/python/3.12.1/lib/python3.12/site-packages/airflow/example_dags/tutorial_objectstorage.py
[2026-05-20T14:43:18.370+0000] {logging_mixin.py:190} INFO - [2026-05-20T14:43:18.370+0000] {dag.py:3239} INFO - Sync 1 DAGs
[2026-05-20T14:43:18.387+0000] {logging_mixin.py:190} INFO - [2026-05-20T14:43:18.387+0000] {dag.py:4180} INFO - Setting next_dagrun for tutorial_objectstorage to None, run_after=None
[2026-05-20T14:43:18.415+0000] {processor.py:208} INFO - Processing /usr/local/python/3.12.1/lib/python3.12/site-packages/airflow/example_dags/tutorial_objectstorage.py took 0.093 seconds
[2026-05-20T14:44:12.793+0000] {processor.py:186} INFO - Started process (PID=43302) to work on /usr/local/python/3.12.1/lib/python3.12/site-packages/airflow/example_dags/tutorial_objectstorage.py
[2026-05-20T14:44:12.794+0000] {processor.py:914} INFO - Processing file /usr/local/python/3.12.1/lib/python3.12/site-packages/airflow/example_dags/tutorial_objectstorage.py for tasks to queue
[2026-05-20T14:44:12.796+0000] {logging_mixin.py:190} INFO - [2026-05-20T14:44:12.795+0000] {dagbag.py:588} INFO - Filling up the DagBag from /usr/local/python/3.12.1/lib/python3.12/site-packages/airflow/example_dags/tutorial_objectstorage.py
[2026-05-20T14:44:12.804+0000] {processor.py:925} INFO - DAG(s) 'tutorial_objectstorage' retrieved from /usr/local/python/3.12.1/lib/python3.12/site-packages/airflow/example_dags/tutorial_objectstorage.py
[2026-05-20T14:44:12.817+0000] {logging_mixin.py:190} INFO - [2026-05-20T14:44:12.817+0000] {dag.py:3239} INFO - Sync 1 DAGs
[2026-05-20T14:44:12.832+0000] {logging_mixin.py:190} INFO - [2026-05-20T14:44:12.831+0000] {dag.py:4180} INFO - Setting next_dagrun for tutorial_objectstorage to None, run_after=None
[2026-05-20T14:44:12.853+0000] {processor.py:208} INFO - Processing /usr/local/python/3.12.1/lib/python3.12/site-packages/airflow/example_dags/tutorial_objectstorage.py took 0.065 seconds
[2026-05-20T14:45:04.338+0000] {processor.py:186} INFO - Started process (PID=43766) to work on /usr/local/python/3.12.1/lib/python3.12/site-packages/airflow/example_dags/tutorial_objectstorage.py
[2026-05-20T14:45:04.339+0000] {processor.py:914} INFO - Processing file /usr/local/python/3.12.1/lib/python3.12/site-packages/airflow/example_dags/tutorial_objectstorage.py for tasks to queue
[2026-05-20T14:45:04.340+0000] {logging_mixin.py:190} INFO - [2026-05-20T14:45:04.340+0000] {dagbag.py:588} INFO - Filling up the DagBag from /usr/local/python/3.12.1/lib/python3.12/site-packages/airflow/example_dags/tutorial_objectstorage.py
[2026-05-20T14:45:04.350+0000] {processor.py:925} INFO - DAG(s) 'tutorial_objectstorage' retrieved from /usr/local/python/3.12.1/lib/python3.12/site-packages/airflow/example_dags/tutorial_objectstorage.py
[2026-05-20T14:45:04.365+0000] {logging_mixin.py:190} INFO - [2026-05-20T14:45:04.365+0000] {dag.py:3239} INFO - Sync 1 DAGs
[2026-05-20T14:45:04.377+0000] {logging_mixin.py:190} INFO - [2026-05-20T14:45:04.376+0000] {dag.py:4180} INFO - Setting next_dagrun for tutorial_objectstorage to None, run_after=None
[2026-05-20T14:45:04.395+0000] {processor.py:208} INFO - Processing /usr/local/python/3.12.1/lib/python3.12/site-packages/airflow/example_dags/tutorial_objectstorage.py took 0.062 seconds
[2026-05-20T14:46:12.802+0000] {processor.py:186} INFO - Started process (PID=45707) to work on /usr/local/python/3.12.1/lib/python3.12/site-packages/airflow/example_dags/tutorial_objectstorage.py
[2026-05-20T14:46:12.804+0000] {processor.py:914} INFO - Processing file /usr/local/python/3.12.1/lib/python3.12/site-packages/airflow/example_dags/tutorial_objectstorage.py for tasks to queue
[2026-05-20T14:46:12.806+0000] {logging_mixin.py:190} INFO - [2026-05-20T14:46:12.806+0000] {dagbag.py:588} INFO - Filling up the DagBag from /usr/local/python/3.12.1/lib/python3.12/site-packages/airflow/example_dags/tutorial_objectstorage.py
[2026-05-20T14:46:12.815+0000] {processor.py:925} INFO - DAG(s) 'tutorial_objectstorage' retrieved from /usr/local/python/3.12.1/lib/python3.12/site-packages/airflow/example_dags/tutorial_objectstorage.py
[2026-05-20T14:46:12.833+0000] {logging_mixin.py:190} INFO - [2026-05-20T14:46:12.832+0000] {dag.py:3239} INFO - Sync 1 DAGs
[2026-05-20T14:46:12.854+0000] {logging_mixin.py:190} INFO - [2026-05-20T14:46:12.854+0000] {dag.py:4180} INFO - Setting next_dagrun for tutorial_objectstorage to None, run_after=None
[2026-05-20T14:46:12.885+0000] {processor.py:208} INFO - Processing /usr/local/python/3.12.1/lib/python3.12/site-packages/airflow/example_dags/tutorial_objectstorage.py took 0.091 seconds
[2026-05-20T14:47:10.848+0000] {processor.py:186} INFO - Started process (PID=46468) to work on /usr/local/python/3.12.1/lib/python3.12/site-packages/airflow/example_dags/tutorial_objectstorage.py
[2026-05-20T14:47:10.849+0000] {processor.py:914} INFO - Processing file /usr/local/python/3.12.1/lib/python3.12/site-packages/airflow/example_dags/tutorial_objectstorage.py for tasks to queue
[2026-05-20T14:47:10.851+0000] {logging_mixin.py:190} INFO - [2026-05-20T14:47:10.851+0000] {dagbag.py:588} INFO - Filling up the DagBag from /usr/local/python/3.12.1/lib/python3.12/site-packages/airflow/example_dags/tutorial_objectstorage.py
[2026-05-20T14:47:10.859+0000] {processor.py:925} INFO - DAG(s) 'tutorial_objectstorage' retrieved from /usr/local/python/3.12.1/lib/python3.12/site-packages/airflow/example_dags/tutorial_objectstorage.py
[2026-05-20T14:47:10.872+0000] {logging_mixin.py:190} INFO - [2026-05-20T14:47:10.872+0000] {dag.py:3239} INFO - Sync 1 DAGs
[2026-05-20T14:47:10.882+0000] {logging_mixin.py:190} INFO - [2026-05-20T14:47:10.881+0000] {dag.py:4180} INFO - Setting next_dagrun for tutorial_objectstorage to None, run_after=None
[2026-05-20T14:47:10.899+0000] {processor.py:208} INFO - Processing /usr/local/python/3.12.1/lib/python3.12/site-packages/airflow/example_dags/tutorial_objectstorage.py took 0.057 seconds
[2026-05-20T14:51:52.633+0000] {processor.py:186} INFO - Started process (PID=49633) to work on /usr/local/python/3.12.1/lib/python3.12/site-packages/airflow/example_dags/tutorial_objectstorage.py
[2026-05-20T14:51:52.635+0000] {processor.py:914} INFO - Processing file /usr/local/python/3.12.1/lib/python3.12/site-packages/airflow/example_dags/tutorial_objectstorage.py for tasks to queue
[2026-05-20T14:51:52.637+0000] {logging_mixin.py:190} INFO - [2026-05-20T14:51:52.637+0000] {dagbag.py:588} INFO - Filling up the DagBag from /usr/local/python/3.12.1/lib/python3.12/site-packages/airflow/example_dags/tutorial_objectstorage.py
[2026-05-20T14:51:52.650+0000] {processor.py:925} INFO - DAG(s) 'tutorial_objectstorage' retrieved from /usr/local/python/3.12.1/lib/python3.12/site-packages/airflow/example_dags/tutorial_objectstorage.py
[2026-05-20T14:51:52.769+0000] {logging_mixin.py:190} INFO - [2026-05-20T14:51:52.768+0000] {dag.py:3239} INFO - Sync 1 DAGs
[2026-05-20T14:51:52.787+0000] {logging_mixin.py:190} INFO - [2026-05-20T14:51:52.786+0000] {dag.py:4180} INFO - Setting next_dagrun for tutorial_objectstorage to None, run_after=None
[2026-05-20T14:51:52.807+0000] {processor.py:208} INFO - Processing /usr/local/python/3.12.1/lib/python3.12/site-packages/airflow/example_dags/tutorial_objectstorage.py took 0.179 seconds
[2026-05-20T14:52:56.540+0000] {processor.py:186} INFO - Started process (PID=50629) to work on /usr/local/python/3.12.1/lib/python3.12/site-packages/airflow/example_dags/tutorial_objectstorage.py
[2026-05-20T14:52:56.541+0000] {processor.py:914} INFO - Processing file /usr/local/python/3.12.1/lib/python3.12/site-packages/airflow/example_dags/tutorial_objectstorage.py for tasks to queue
[2026-05-20T14:52:56.543+0000] {logging_mixin.py:190} INFO - [2026-05-20T14:52:56.543+0000] {dagbag.py:588} INFO - Filling up the DagBag from /usr/local/python/3.12.1/lib/python3.12/site-packages/airflow/example_dags/tutorial_objectstorage.py
[2026-05-20T14:52:56.552+0000] {processor.py:925} INFO - DAG(s) 'tutorial_objectstorage' retrieved from /usr/local/python/3.12.1/lib/python3.12/site-packages/airflow/example_dags/tutorial_objectstorage.py
[2026-05-20T14:52:56.565+0000] {logging_mixin.py:190} INFO - [2026-05-20T14:52:56.565+0000] {dag.py:3239} INFO - Sync 1 DAGs
[2026-05-20T14:52:56.578+0000] {logging_mixin.py:190} INFO - [2026-05-20T14:52:56.578+0000] {dag.py:4180} INFO - Setting next_dagrun for tutorial_objectstorage to None, run_after=None
[2026-05-20T14:52:56.596+0000] {processor.py:208} INFO - Processing /usr/local/python/3.12.1/lib/python3.12/site-packages/airflow/example_dags/tutorial_objectstorage.py took 0.061 seconds
[2026-05-20T14:53:50.445+0000] {processor.py:186} INFO - Started process (PID=51511) to work on /usr/local/python/3.12.1/lib/python3.12/site-packages/airflow/example_dags/tutorial_objectstorage.py
[2026-05-20T14:53:50.445+0000] {processor.py:914} INFO - Processing file /usr/local/python/3.12.1/lib/python3.12/site-packages/airflow/example_dags/tutorial_objectstorage.py for tasks to queue
[2026-05-20T14:53:50.447+0000] {logging_mixin.py:190} INFO - [2026-05-20T14:53:50.447+0000] {dagbag.py:588} INFO - Filling up the DagBag from /usr/local/python/3.12.1/lib/python3.12/site-packages/airflow/example_dags/tutorial_objectstorage.py
[2026-05-20T14:53:50.455+0000] {processor.py:925} INFO - DAG(s) 'tutorial_objectstorage' retrieved from /usr/local/python/3.12.1/lib/python3.12/site-packages/airflow/example_dags/tutorial_objectstorage.py
[2026-05-20T14:53:50.468+0000] {logging_mixin.py:190} INFO - [2026-05-20T14:53:50.468+0000] {dag.py:3239} INFO - Sync 1 DAGs
[2026-05-20T14:53:50.479+0000] {logging_mixin.py:190} INFO - [2026-05-20T14:53:50.479+0000] {dag.py:4180} INFO - Setting next_dagrun for tutorial_objectstorage to None, run_after=None
[2026-05-20T14:53:50.498+0000] {processor.py:208} INFO - Processing /usr/local/python/3.12.1/lib/python3.12/site-packages/airflow/example_dags/tutorial_objectstorage.py took 0.057 seconds
