[2026-05-20T14:37:05.380+0000] {processor.py:186} INFO - Started process (PID=37620) to work on /usr/local/python/3.12.1/lib/python3.12/site-packages/airflow/example_dags/tutorial_taskflow_api.py
[2026-05-20T14:37:05.382+0000] {processor.py:914} INFO - Processing file /usr/local/python/3.12.1/lib/python3.12/site-packages/airflow/example_dags/tutorial_taskflow_api.py for tasks to queue
[2026-05-20T14:37:05.386+0000] {logging_mixin.py:190} INFO - [2026-05-20T14:37:05.386+0000] {dagbag.py:588} INFO - Filling up the DagBag from /usr/local/python/3.12.1/lib/python3.12/site-packages/airflow/example_dags/tutorial_taskflow_api.py
[2026-05-20T14:37:05.401+0000] {processor.py:925} INFO - DAG(s) 'tutorial_taskflow_api' retrieved from /usr/local/python/3.12.1/lib/python3.12/site-packages/airflow/example_dags/tutorial_taskflow_api.py
[2026-05-20T14:37:05.465+0000] {logging_mixin.py:190} INFO - [2026-05-20T14:37:05.465+0000] {dag.py:3239} INFO - Sync 1 DAGs
[2026-05-20T14:37:05.507+0000] {logging_mixin.py:190} INFO - [2026-05-20T14:37:05.506+0000] {dag.py:4180} INFO - Setting next_dagrun for tutorial_taskflow_api to None, run_after=None
[2026-05-20T14:37:05.545+0000] {processor.py:208} INFO - Processing /usr/local/python/3.12.1/lib/python3.12/site-packages/airflow/example_dags/tutorial_taskflow_api.py took 0.171 seconds
[2026-05-20T14:38:03.807+0000] {processor.py:186} INFO - Started process (PID=38486) to work on /usr/local/python/3.12.1/lib/python3.12/site-packages/airflow/example_dags/tutorial_taskflow_api.py
[2026-05-20T14:38:03.808+0000] {processor.py:914} INFO - Processing file /usr/local/python/3.12.1/lib/python3.12/site-packages/airflow/example_dags/tutorial_taskflow_api.py for tasks to queue
[2026-05-20T14:38:03.810+0000] {logging_mixin.py:190} INFO - [2026-05-20T14:38:03.810+0000] {dagbag.py:588} INFO - Filling up the DagBag from /usr/local/python/3.12.1/lib/python3.12/site-packages/airflow/example_dags/tutorial_taskflow_api.py
[2026-05-20T14:38:03.817+0000] {processor.py:925} INFO - DAG(s) 'tutorial_taskflow_api' retrieved from /usr/local/python/3.12.1/lib/python3.12/site-packages/airflow/example_dags/tutorial_taskflow_api.py
[2026-05-20T14:38:03.833+0000] {logging_mixin.py:190} INFO - [2026-05-20T14:38:03.833+0000] {dag.py:3239} INFO - Sync 1 DAGs
[2026-05-20T14:38:03.847+0000] {logging_mixin.py:190} INFO - [2026-05-20T14:38:03.846+0000] {dag.py:4180} INFO - Setting next_dagrun for tutorial_taskflow_api to None, run_after=None
[2026-05-20T14:38:03.866+0000] {processor.py:208} INFO - Processing /usr/local/python/3.12.1/lib/python3.12/site-packages/airflow/example_dags/tutorial_taskflow_api.py took 0.063 seconds
[2026-05-20T14:38:53.318+0000] {processor.py:186} INFO - Started process (PID=39124) to work on /usr/local/python/3.12.1/lib/python3.12/site-packages/airflow/example_dags/tutorial_taskflow_api.py
[2026-05-20T14:38:53.319+0000] {processor.py:914} INFO - Processing file /usr/local/python/3.12.1/lib/python3.12/site-packages/airflow/example_dags/tutorial_taskflow_api.py for tasks to queue
[2026-05-20T14:38:53.321+0000] {logging_mixin.py:190} INFO - [2026-05-20T14:38:53.321+0000] {dagbag.py:588} INFO - Filling up the DagBag from /usr/local/python/3.12.1/lib/python3.12/site-packages/airflow/example_dags/tutorial_taskflow_api.py
[2026-05-20T14:38:53.330+0000] {processor.py:925} INFO - DAG(s) 'tutorial_taskflow_api' retrieved from /usr/local/python/3.12.1/lib/python3.12/site-packages/airflow/example_dags/tutorial_taskflow_api.py
[2026-05-20T14:38:53.348+0000] {logging_mixin.py:190} INFO - [2026-05-20T14:38:53.348+0000] {dag.py:3239} INFO - Sync 1 DAGs
[2026-05-20T14:38:53.358+0000] {logging_mixin.py:190} INFO - [2026-05-20T14:38:53.358+0000] {dag.py:4180} INFO - Setting next_dagrun for tutorial_taskflow_api to None, run_after=None
[2026-05-20T14:38:53.376+0000] {processor.py:208} INFO - Processing /usr/local/python/3.12.1/lib/python3.12/site-packages/airflow/example_dags/tutorial_taskflow_api.py took 0.062 seconds
[2026-05-20T14:39:44.047+0000] {processor.py:186} INFO - Started process (PID=39574) to work on /usr/local/python/3.12.1/lib/python3.12/site-packages/airflow/example_dags/tutorial_taskflow_api.py
[2026-05-20T14:39:44.048+0000] {processor.py:914} INFO - Processing file /usr/local/python/3.12.1/lib/python3.12/site-packages/airflow/example_dags/tutorial_taskflow_api.py for tasks to queue
[2026-05-20T14:39:44.050+0000] {logging_mixin.py:190} INFO - [2026-05-20T14:39:44.049+0000] {dagbag.py:588} INFO - Filling up the DagBag from /usr/local/python/3.12.1/lib/python3.12/site-packages/airflow/example_dags/tutorial_taskflow_api.py
[2026-05-20T14:39:44.057+0000] {processor.py:925} INFO - DAG(s) 'tutorial_taskflow_api' retrieved from /usr/local/python/3.12.1/lib/python3.12/site-packages/airflow/example_dags/tutorial_taskflow_api.py
[2026-05-20T14:39:44.072+0000] {logging_mixin.py:190} INFO - [2026-05-20T14:39:44.071+0000] {dag.py:3239} INFO - Sync 1 DAGs
[2026-05-20T14:39:44.083+0000] {logging_mixin.py:190} INFO - [2026-05-20T14:39:44.083+0000] {dag.py:4180} INFO - Setting next_dagrun for tutorial_taskflow_api to None, run_after=None
[2026-05-20T14:39:44.101+0000] {processor.py:208} INFO - Processing /usr/local/python/3.12.1/lib/python3.12/site-packages/airflow/example_dags/tutorial_taskflow_api.py took 0.059 seconds
[2026-05-20T14:40:37.445+0000] {processor.py:186} INFO - Started process (PID=40169) to work on /usr/local/python/3.12.1/lib/python3.12/site-packages/airflow/example_dags/tutorial_taskflow_api.py
[2026-05-20T14:40:37.446+0000] {processor.py:914} INFO - Processing file /usr/local/python/3.12.1/lib/python3.12/site-packages/airflow/example_dags/tutorial_taskflow_api.py for tasks to queue
[2026-05-20T14:40:37.448+0000] {logging_mixin.py:190} INFO - [2026-05-20T14:40:37.448+0000] {dagbag.py:588} INFO - Filling up the DagBag from /usr/local/python/3.12.1/lib/python3.12/site-packages/airflow/example_dags/tutorial_taskflow_api.py
[2026-05-20T14:40:37.455+0000] {processor.py:925} INFO - DAG(s) 'tutorial_taskflow_api' retrieved from /usr/local/python/3.12.1/lib/python3.12/site-packages/airflow/example_dags/tutorial_taskflow_api.py
[2026-05-20T14:40:37.468+0000] {logging_mixin.py:190} INFO - [2026-05-20T14:40:37.468+0000] {dag.py:3239} INFO - Sync 1 DAGs
[2026-05-20T14:40:37.479+0000] {logging_mixin.py:190} INFO - [2026-05-20T14:40:37.478+0000] {dag.py:4180} INFO - Setting next_dagrun for tutorial_taskflow_api to None, run_after=None
[2026-05-20T14:40:37.497+0000] {processor.py:208} INFO - Processing /usr/local/python/3.12.1/lib/python3.12/site-packages/airflow/example_dags/tutorial_taskflow_api.py took 0.058 seconds
[2026-05-20T14:41:32.027+0000] {processor.py:186} INFO - Started process (PID=41317) to work on /usr/local/python/3.12.1/lib/python3.12/site-packages/airflow/example_dags/tutorial_taskflow_api.py
[2026-05-20T14:41:32.028+0000] {processor.py:914} INFO - Processing file /usr/local/python/3.12.1/lib/python3.12/site-packages/airflow/example_dags/tutorial_taskflow_api.py for tasks to queue
[2026-05-20T14:41:32.031+0000] {logging_mixin.py:190} INFO - [2026-05-20T14:41:32.030+0000] {dagbag.py:588} INFO - Filling up the DagBag from /usr/local/python/3.12.1/lib/python3.12/site-packages/airflow/example_dags/tutorial_taskflow_api.py
[2026-05-20T14:41:32.049+0000] {processor.py:925} INFO - DAG(s) 'tutorial_taskflow_api' retrieved from /usr/local/python/3.12.1/lib/python3.12/site-packages/airflow/example_dags/tutorial_taskflow_api.py
[2026-05-20T14:41:32.071+0000] {logging_mixin.py:190} INFO - [2026-05-20T14:41:32.071+0000] {dag.py:3239} INFO - Sync 1 DAGs
[2026-05-20T14:41:32.087+0000] {logging_mixin.py:190} INFO - [2026-05-20T14:41:32.087+0000] {dag.py:4180} INFO - Setting next_dagrun for tutorial_taskflow_api to None, run_after=None
[2026-05-20T14:41:32.109+0000] {processor.py:208} INFO - Processing /usr/local/python/3.12.1/lib/python3.12/site-packages/airflow/example_dags/tutorial_taskflow_api.py took 0.087 seconds
[2026-05-20T14:42:25.726+0000] {processor.py:186} INFO - Started process (PID=42018) to work on /usr/local/python/3.12.1/lib/python3.12/site-packages/airflow/example_dags/tutorial_taskflow_api.py
[2026-05-20T14:42:25.726+0000] {processor.py:914} INFO - Processing file /usr/local/python/3.12.1/lib/python3.12/site-packages/airflow/example_dags/tutorial_taskflow_api.py for tasks to queue
[2026-05-20T14:42:25.729+0000] {logging_mixin.py:190} INFO - [2026-05-20T14:42:25.728+0000] {dagbag.py:588} INFO - Filling up the DagBag from /usr/local/python/3.12.1/lib/python3.12/site-packages/airflow/example_dags/tutorial_taskflow_api.py
[2026-05-20T14:42:25.738+0000] {processor.py:925} INFO - DAG(s) 'tutorial_taskflow_api' retrieved from /usr/local/python/3.12.1/lib/python3.12/site-packages/airflow/example_dags/tutorial_taskflow_api.py
[2026-05-20T14:42:25.754+0000] {logging_mixin.py:190} INFO - [2026-05-20T14:42:25.753+0000] {dag.py:3239} INFO - Sync 1 DAGs
[2026-05-20T14:42:25.764+0000] {logging_mixin.py:190} INFO - [2026-05-20T14:42:25.764+0000] {dag.py:4180} INFO - Setting next_dagrun for tutorial_taskflow_api to None, run_after=None
[2026-05-20T14:42:25.783+0000] {processor.py:208} INFO - Processing /usr/local/python/3.12.1/lib/python3.12/site-packages/airflow/example_dags/tutorial_taskflow_api.py took 0.062 seconds
[2026-05-20T14:43:17.199+0000] {processor.py:186} INFO - Started process (PID=42574) to work on /usr/local/python/3.12.1/lib/python3.12/site-packages/airflow/example_dags/tutorial_taskflow_api.py
[2026-05-20T14:43:17.200+0000] {processor.py:914} INFO - Processing file /usr/local/python/3.12.1/lib/python3.12/site-packages/airflow/example_dags/tutorial_taskflow_api.py for tasks to queue
[2026-05-20T14:43:17.202+0000] {logging_mixin.py:190} INFO - [2026-05-20T14:43:17.202+0000] {dagbag.py:588} INFO - Filling up the DagBag from /usr/local/python/3.12.1/lib/python3.12/site-packages/airflow/example_dags/tutorial_taskflow_api.py
[2026-05-20T14:43:17.209+0000] {processor.py:925} INFO - DAG(s) 'tutorial_taskflow_api' retrieved from /usr/local/python/3.12.1/lib/python3.12/site-packages/airflow/example_dags/tutorial_taskflow_api.py
[2026-05-20T14:43:17.224+0000] {logging_mixin.py:190} INFO - [2026-05-20T14:43:17.223+0000] {dag.py:3239} INFO - Sync 1 DAGs
[2026-05-20T14:43:17.237+0000] {logging_mixin.py:190} INFO - [2026-05-20T14:43:17.237+0000] {dag.py:4180} INFO - Setting next_dagrun for tutorial_taskflow_api to None, run_after=None
[2026-05-20T14:43:17.256+0000] {processor.py:208} INFO - Processing /usr/local/python/3.12.1/lib/python3.12/site-packages/airflow/example_dags/tutorial_taskflow_api.py took 0.062 seconds
[2026-05-20T14:44:11.657+0000] {processor.py:186} INFO - Started process (PID=43300) to work on /usr/local/python/3.12.1/lib/python3.12/site-packages/airflow/example_dags/tutorial_taskflow_api.py
[2026-05-20T14:44:11.658+0000] {processor.py:914} INFO - Processing file /usr/local/python/3.12.1/lib/python3.12/site-packages/airflow/example_dags/tutorial_taskflow_api.py for tasks to queue
[2026-05-20T14:44:11.659+0000] {logging_mixin.py:190} INFO - [2026-05-20T14:44:11.659+0000] {dagbag.py:588} INFO - Filling up the DagBag from /usr/local/python/3.12.1/lib/python3.12/site-packages/airflow/example_dags/tutorial_taskflow_api.py
[2026-05-20T14:44:11.668+0000] {processor.py:925} INFO - DAG(s) 'tutorial_taskflow_api' retrieved from /usr/local/python/3.12.1/lib/python3.12/site-packages/airflow/example_dags/tutorial_taskflow_api.py
[2026-05-20T14:44:11.686+0000] {logging_mixin.py:190} INFO - [2026-05-20T14:44:11.686+0000] {dag.py:3239} INFO - Sync 1 DAGs
[2026-05-20T14:44:11.696+0000] {logging_mixin.py:190} INFO - [2026-05-20T14:44:11.696+0000] {dag.py:4180} INFO - Setting next_dagrun for tutorial_taskflow_api to None, run_after=None
[2026-05-20T14:44:11.714+0000] {processor.py:208} INFO - Processing /usr/local/python/3.12.1/lib/python3.12/site-packages/airflow/example_dags/tutorial_taskflow_api.py took 0.062 seconds
[2026-05-20T14:45:03.268+0000] {processor.py:186} INFO - Started process (PID=43752) to work on /usr/local/python/3.12.1/lib/python3.12/site-packages/airflow/example_dags/tutorial_taskflow_api.py
[2026-05-20T14:45:03.269+0000] {processor.py:914} INFO - Processing file /usr/local/python/3.12.1/lib/python3.12/site-packages/airflow/example_dags/tutorial_taskflow_api.py for tasks to queue
[2026-05-20T14:45:03.271+0000] {logging_mixin.py:190} INFO - [2026-05-20T14:45:03.270+0000] {dagbag.py:588} INFO - Filling up the DagBag from /usr/local/python/3.12.1/lib/python3.12/site-packages/airflow/example_dags/tutorial_taskflow_api.py
[2026-05-20T14:45:03.278+0000] {processor.py:925} INFO - DAG(s) 'tutorial_taskflow_api' retrieved from /usr/local/python/3.12.1/lib/python3.12/site-packages/airflow/example_dags/tutorial_taskflow_api.py
[2026-05-20T14:45:03.296+0000] {logging_mixin.py:190} INFO - [2026-05-20T14:45:03.296+0000] {dag.py:3239} INFO - Sync 1 DAGs
[2026-05-20T14:45:03.315+0000] {logging_mixin.py:190} INFO - [2026-05-20T14:45:03.315+0000] {dag.py:4180} INFO - Setting next_dagrun for tutorial_taskflow_api to None, run_after=None
[2026-05-20T14:45:03.363+0000] {processor.py:208} INFO - Processing /usr/local/python/3.12.1/lib/python3.12/site-packages/airflow/example_dags/tutorial_taskflow_api.py took 0.100 seconds
[2026-05-20T14:46:11.654+0000] {processor.py:186} INFO - Started process (PID=45699) to work on /usr/local/python/3.12.1/lib/python3.12/site-packages/airflow/example_dags/tutorial_taskflow_api.py
[2026-05-20T14:46:11.655+0000] {processor.py:914} INFO - Processing file /usr/local/python/3.12.1/lib/python3.12/site-packages/airflow/example_dags/tutorial_taskflow_api.py for tasks to queue
[2026-05-20T14:46:11.657+0000] {logging_mixin.py:190} INFO - [2026-05-20T14:46:11.657+0000] {dagbag.py:588} INFO - Filling up the DagBag from /usr/local/python/3.12.1/lib/python3.12/site-packages/airflow/example_dags/tutorial_taskflow_api.py
[2026-05-20T14:46:11.664+0000] {processor.py:925} INFO - DAG(s) 'tutorial_taskflow_api' retrieved from /usr/local/python/3.12.1/lib/python3.12/site-packages/airflow/example_dags/tutorial_taskflow_api.py
[2026-05-20T14:46:11.678+0000] {logging_mixin.py:190} INFO - [2026-05-20T14:46:11.678+0000] {dag.py:3239} INFO - Sync 1 DAGs
[2026-05-20T14:46:11.689+0000] {logging_mixin.py:190} INFO - [2026-05-20T14:46:11.689+0000] {dag.py:4180} INFO - Setting next_dagrun for tutorial_taskflow_api to None, run_after=None
[2026-05-20T14:46:11.708+0000] {processor.py:208} INFO - Processing /usr/local/python/3.12.1/lib/python3.12/site-packages/airflow/example_dags/tutorial_taskflow_api.py took 0.060 seconds
[2026-05-20T14:47:09.659+0000] {processor.py:186} INFO - Started process (PID=46460) to work on /usr/local/python/3.12.1/lib/python3.12/site-packages/airflow/example_dags/tutorial_taskflow_api.py
[2026-05-20T14:47:09.660+0000] {processor.py:914} INFO - Processing file /usr/local/python/3.12.1/lib/python3.12/site-packages/airflow/example_dags/tutorial_taskflow_api.py for tasks to queue
[2026-05-20T14:47:09.662+0000] {logging_mixin.py:190} INFO - [2026-05-20T14:47:09.662+0000] {dagbag.py:588} INFO - Filling up the DagBag from /usr/local/python/3.12.1/lib/python3.12/site-packages/airflow/example_dags/tutorial_taskflow_api.py
[2026-05-20T14:47:09.669+0000] {processor.py:925} INFO - DAG(s) 'tutorial_taskflow_api' retrieved from /usr/local/python/3.12.1/lib/python3.12/site-packages/airflow/example_dags/tutorial_taskflow_api.py
[2026-05-20T14:47:09.686+0000] {logging_mixin.py:190} INFO - [2026-05-20T14:47:09.686+0000] {dag.py:3239} INFO - Sync 1 DAGs
[2026-05-20T14:47:09.712+0000] {logging_mixin.py:190} INFO - [2026-05-20T14:47:09.711+0000] {dag.py:4180} INFO - Setting next_dagrun for tutorial_taskflow_api to None, run_after=None
[2026-05-20T14:47:09.751+0000] {processor.py:208} INFO - Processing /usr/local/python/3.12.1/lib/python3.12/site-packages/airflow/example_dags/tutorial_taskflow_api.py took 0.098 seconds
[2026-05-20T14:51:51.388+0000] {processor.py:186} INFO - Started process (PID=49590) to work on /usr/local/python/3.12.1/lib/python3.12/site-packages/airflow/example_dags/tutorial_taskflow_api.py
[2026-05-20T14:51:51.389+0000] {processor.py:914} INFO - Processing file /usr/local/python/3.12.1/lib/python3.12/site-packages/airflow/example_dags/tutorial_taskflow_api.py for tasks to queue
[2026-05-20T14:51:51.391+0000] {logging_mixin.py:190} INFO - [2026-05-20T14:51:51.391+0000] {dagbag.py:588} INFO - Filling up the DagBag from /usr/local/python/3.12.1/lib/python3.12/site-packages/airflow/example_dags/tutorial_taskflow_api.py
[2026-05-20T14:51:51.401+0000] {processor.py:925} INFO - DAG(s) 'tutorial_taskflow_api' retrieved from /usr/local/python/3.12.1/lib/python3.12/site-packages/airflow/example_dags/tutorial_taskflow_api.py
[2026-05-20T14:51:51.498+0000] {logging_mixin.py:190} INFO - [2026-05-20T14:51:51.498+0000] {dag.py:3239} INFO - Sync 1 DAGs
[2026-05-20T14:51:51.507+0000] {logging_mixin.py:190} INFO - [2026-05-20T14:51:51.506+0000] {dag.py:4180} INFO - Setting next_dagrun for tutorial_taskflow_api to None, run_after=None
[2026-05-20T14:51:51.526+0000] {processor.py:208} INFO - Processing /usr/local/python/3.12.1/lib/python3.12/site-packages/airflow/example_dags/tutorial_taskflow_api.py took 0.143 seconds
[2026-05-20T14:52:56.149+0000] {processor.py:186} INFO - Started process (PID=50627) to work on /usr/local/python/3.12.1/lib/python3.12/site-packages/airflow/example_dags/tutorial_taskflow_api.py
[2026-05-20T14:52:56.150+0000] {processor.py:914} INFO - Processing file /usr/local/python/3.12.1/lib/python3.12/site-packages/airflow/example_dags/tutorial_taskflow_api.py for tasks to queue
[2026-05-20T14:52:56.152+0000] {logging_mixin.py:190} INFO - [2026-05-20T14:52:56.152+0000] {dagbag.py:588} INFO - Filling up the DagBag from /usr/local/python/3.12.1/lib/python3.12/site-packages/airflow/example_dags/tutorial_taskflow_api.py
[2026-05-20T14:52:56.159+0000] {processor.py:925} INFO - DAG(s) 'tutorial_taskflow_api' retrieved from /usr/local/python/3.12.1/lib/python3.12/site-packages/airflow/example_dags/tutorial_taskflow_api.py
[2026-05-20T14:52:56.173+0000] {logging_mixin.py:190} INFO - [2026-05-20T14:52:56.173+0000] {dag.py:3239} INFO - Sync 1 DAGs
[2026-05-20T14:52:56.184+0000] {logging_mixin.py:190} INFO - [2026-05-20T14:52:56.184+0000] {dag.py:4180} INFO - Setting next_dagrun for tutorial_taskflow_api to None, run_after=None
[2026-05-20T14:52:56.205+0000] {processor.py:208} INFO - Processing /usr/local/python/3.12.1/lib/python3.12/site-packages/airflow/example_dags/tutorial_taskflow_api.py took 0.060 seconds
[2026-05-20T14:53:49.292+0000] {processor.py:186} INFO - Started process (PID=51478) to work on /usr/local/python/3.12.1/lib/python3.12/site-packages/airflow/example_dags/tutorial_taskflow_api.py
[2026-05-20T14:53:49.293+0000] {processor.py:914} INFO - Processing file /usr/local/python/3.12.1/lib/python3.12/site-packages/airflow/example_dags/tutorial_taskflow_api.py for tasks to queue
[2026-05-20T14:53:49.294+0000] {logging_mixin.py:190} INFO - [2026-05-20T14:53:49.294+0000] {dagbag.py:588} INFO - Filling up the DagBag from /usr/local/python/3.12.1/lib/python3.12/site-packages/airflow/example_dags/tutorial_taskflow_api.py
[2026-05-20T14:53:49.303+0000] {processor.py:925} INFO - DAG(s) 'tutorial_taskflow_api' retrieved from /usr/local/python/3.12.1/lib/python3.12/site-packages/airflow/example_dags/tutorial_taskflow_api.py
[2026-05-20T14:53:49.316+0000] {logging_mixin.py:190} INFO - [2026-05-20T14:53:49.316+0000] {dag.py:3239} INFO - Sync 1 DAGs
[2026-05-20T14:53:49.326+0000] {logging_mixin.py:190} INFO - [2026-05-20T14:53:49.326+0000] {dag.py:4180} INFO - Setting next_dagrun for tutorial_taskflow_api to None, run_after=None
[2026-05-20T14:53:49.344+0000] {processor.py:208} INFO - Processing /usr/local/python/3.12.1/lib/python3.12/site-packages/airflow/example_dags/tutorial_taskflow_api.py took 0.057 seconds
