[2026-05-15T17:35:33.164+0000] {processor.py:186} INFO - Started process (PID=75859) to work on /usr/local/python/3.12.1/lib/python3.12/site-packages/airflow/example_dags/example_bash_decorator.py
[2026-05-15T17:35:33.165+0000] {processor.py:914} INFO - Processing file /usr/local/python/3.12.1/lib/python3.12/site-packages/airflow/example_dags/example_bash_decorator.py for tasks to queue
[2026-05-15T17:35:33.169+0000] {logging_mixin.py:190} INFO - [2026-05-15T17:35:33.168+0000] {dagbag.py:588} INFO - Filling up the DagBag from /usr/local/python/3.12.1/lib/python3.12/site-packages/airflow/example_dags/example_bash_decorator.py
[2026-05-15T17:35:33.190+0000] {processor.py:925} INFO - DAG(s) 'example_bash_decorator' retrieved from /usr/local/python/3.12.1/lib/python3.12/site-packages/airflow/example_dags/example_bash_decorator.py
[2026-05-15T17:35:33.319+0000] {logging_mixin.py:190} INFO - [2026-05-15T17:35:33.319+0000] {dag.py:3239} INFO - Sync 1 DAGs
[2026-05-15T17:35:33.328+0000] {logging_mixin.py:190} INFO - [2026-05-15T17:35:33.328+0000] {dag.py:4180} INFO - Setting next_dagrun for example_bash_decorator to None, run_after=None
[2026-05-15T17:35:33.346+0000] {processor.py:208} INFO - Processing /usr/local/python/3.12.1/lib/python3.12/site-packages/airflow/example_dags/example_bash_decorator.py took 0.188 seconds
[2026-05-15T17:36:37.741+0000] {processor.py:186} INFO - Started process (PID=76514) to work on /usr/local/python/3.12.1/lib/python3.12/site-packages/airflow/example_dags/example_bash_decorator.py
[2026-05-15T17:36:37.741+0000] {processor.py:914} INFO - Processing file /usr/local/python/3.12.1/lib/python3.12/site-packages/airflow/example_dags/example_bash_decorator.py for tasks to queue
[2026-05-15T17:36:37.743+0000] {logging_mixin.py:190} INFO - [2026-05-15T17:36:37.743+0000] {dagbag.py:588} INFO - Filling up the DagBag from /usr/local/python/3.12.1/lib/python3.12/site-packages/airflow/example_dags/example_bash_decorator.py
[2026-05-15T17:36:37.754+0000] {processor.py:925} INFO - DAG(s) 'example_bash_decorator' retrieved from /usr/local/python/3.12.1/lib/python3.12/site-packages/airflow/example_dags/example_bash_decorator.py
[2026-05-15T17:36:37.769+0000] {logging_mixin.py:190} INFO - [2026-05-15T17:36:37.769+0000] {dag.py:3239} INFO - Sync 1 DAGs
[2026-05-15T17:36:37.781+0000] {logging_mixin.py:190} INFO - [2026-05-15T17:36:37.781+0000] {dag.py:4180} INFO - Setting next_dagrun for example_bash_decorator to None, run_after=None
[2026-05-15T17:36:37.800+0000] {processor.py:208} INFO - Processing /usr/local/python/3.12.1/lib/python3.12/site-packages/airflow/example_dags/example_bash_decorator.py took 0.064 seconds
[2026-05-15T17:37:38.613+0000] {processor.py:186} INFO - Started process (PID=77136) to work on /usr/local/python/3.12.1/lib/python3.12/site-packages/airflow/example_dags/example_bash_decorator.py
[2026-05-15T17:37:38.614+0000] {processor.py:914} INFO - Processing file /usr/local/python/3.12.1/lib/python3.12/site-packages/airflow/example_dags/example_bash_decorator.py for tasks to queue
[2026-05-15T17:37:38.616+0000] {logging_mixin.py:190} INFO - [2026-05-15T17:37:38.616+0000] {dagbag.py:588} INFO - Filling up the DagBag from /usr/local/python/3.12.1/lib/python3.12/site-packages/airflow/example_dags/example_bash_decorator.py
[2026-05-15T17:37:38.629+0000] {processor.py:925} INFO - DAG(s) 'example_bash_decorator' retrieved from /usr/local/python/3.12.1/lib/python3.12/site-packages/airflow/example_dags/example_bash_decorator.py
[2026-05-15T17:37:38.645+0000] {logging_mixin.py:190} INFO - [2026-05-15T17:37:38.644+0000] {dag.py:3239} INFO - Sync 1 DAGs
[2026-05-15T17:37:38.654+0000] {logging_mixin.py:190} INFO - [2026-05-15T17:37:38.654+0000] {dag.py:4180} INFO - Setting next_dagrun for example_bash_decorator to None, run_after=None
[2026-05-15T17:37:38.671+0000] {processor.py:208} INFO - Processing /usr/local/python/3.12.1/lib/python3.12/site-packages/airflow/example_dags/example_bash_decorator.py took 0.065 seconds
[2026-05-15T17:38:39.776+0000] {processor.py:186} INFO - Started process (PID=77759) to work on /usr/local/python/3.12.1/lib/python3.12/site-packages/airflow/example_dags/example_bash_decorator.py
[2026-05-15T17:38:39.776+0000] {processor.py:914} INFO - Processing file /usr/local/python/3.12.1/lib/python3.12/site-packages/airflow/example_dags/example_bash_decorator.py for tasks to queue
[2026-05-15T17:38:39.778+0000] {logging_mixin.py:190} INFO - [2026-05-15T17:38:39.778+0000] {dagbag.py:588} INFO - Filling up the DagBag from /usr/local/python/3.12.1/lib/python3.12/site-packages/airflow/example_dags/example_bash_decorator.py
[2026-05-15T17:38:39.794+0000] {processor.py:925} INFO - DAG(s) 'example_bash_decorator' retrieved from /usr/local/python/3.12.1/lib/python3.12/site-packages/airflow/example_dags/example_bash_decorator.py
[2026-05-15T17:38:39.809+0000] {logging_mixin.py:190} INFO - [2026-05-15T17:38:39.809+0000] {dag.py:3239} INFO - Sync 1 DAGs
[2026-05-15T17:38:39.818+0000] {logging_mixin.py:190} INFO - [2026-05-15T17:38:39.818+0000] {dag.py:4180} INFO - Setting next_dagrun for example_bash_decorator to None, run_after=None
[2026-05-15T17:38:39.837+0000] {processor.py:208} INFO - Processing /usr/local/python/3.12.1/lib/python3.12/site-packages/airflow/example_dags/example_bash_decorator.py took 0.067 seconds
[2026-05-15T17:39:46.745+0000] {processor.py:186} INFO - Started process (PID=78643) to work on /usr/local/python/3.12.1/lib/python3.12/site-packages/airflow/example_dags/example_bash_decorator.py
[2026-05-15T17:39:46.746+0000] {processor.py:914} INFO - Processing file /usr/local/python/3.12.1/lib/python3.12/site-packages/airflow/example_dags/example_bash_decorator.py for tasks to queue
[2026-05-15T17:39:46.748+0000] {logging_mixin.py:190} INFO - [2026-05-15T17:39:46.747+0000] {dagbag.py:588} INFO - Filling up the DagBag from /usr/local/python/3.12.1/lib/python3.12/site-packages/airflow/example_dags/example_bash_decorator.py
[2026-05-15T17:39:46.759+0000] {processor.py:925} INFO - DAG(s) 'example_bash_decorator' retrieved from /usr/local/python/3.12.1/lib/python3.12/site-packages/airflow/example_dags/example_bash_decorator.py
[2026-05-15T17:39:46.775+0000] {logging_mixin.py:190} INFO - [2026-05-15T17:39:46.775+0000] {dag.py:3239} INFO - Sync 1 DAGs
[2026-05-15T17:39:46.788+0000] {logging_mixin.py:190} INFO - [2026-05-15T17:39:46.788+0000] {dag.py:4180} INFO - Setting next_dagrun for example_bash_decorator to None, run_after=None
[2026-05-15T17:39:46.806+0000] {processor.py:208} INFO - Processing /usr/local/python/3.12.1/lib/python3.12/site-packages/airflow/example_dags/example_bash_decorator.py took 0.065 seconds
[2026-05-15T17:40:50.736+0000] {processor.py:186} INFO - Started process (PID=79320) to work on /usr/local/python/3.12.1/lib/python3.12/site-packages/airflow/example_dags/example_bash_decorator.py
[2026-05-15T17:40:50.737+0000] {processor.py:914} INFO - Processing file /usr/local/python/3.12.1/lib/python3.12/site-packages/airflow/example_dags/example_bash_decorator.py for tasks to queue
[2026-05-15T17:40:50.738+0000] {logging_mixin.py:190} INFO - [2026-05-15T17:40:50.738+0000] {dagbag.py:588} INFO - Filling up the DagBag from /usr/local/python/3.12.1/lib/python3.12/site-packages/airflow/example_dags/example_bash_decorator.py
[2026-05-15T17:40:50.750+0000] {processor.py:925} INFO - DAG(s) 'example_bash_decorator' retrieved from /usr/local/python/3.12.1/lib/python3.12/site-packages/airflow/example_dags/example_bash_decorator.py
[2026-05-15T17:40:50.765+0000] {logging_mixin.py:190} INFO - [2026-05-15T17:40:50.765+0000] {dag.py:3239} INFO - Sync 1 DAGs
[2026-05-15T17:40:50.776+0000] {logging_mixin.py:190} INFO - [2026-05-15T17:40:50.775+0000] {dag.py:4180} INFO - Setting next_dagrun for example_bash_decorator to None, run_after=None
[2026-05-15T17:40:50.792+0000] {processor.py:208} INFO - Processing /usr/local/python/3.12.1/lib/python3.12/site-packages/airflow/example_dags/example_bash_decorator.py took 0.060 seconds
[2026-05-15T17:41:51.683+0000] {processor.py:186} INFO - Started process (PID=79941) to work on /usr/local/python/3.12.1/lib/python3.12/site-packages/airflow/example_dags/example_bash_decorator.py
[2026-05-15T17:41:51.684+0000] {processor.py:914} INFO - Processing file /usr/local/python/3.12.1/lib/python3.12/site-packages/airflow/example_dags/example_bash_decorator.py for tasks to queue
[2026-05-15T17:41:51.687+0000] {logging_mixin.py:190} INFO - [2026-05-15T17:41:51.686+0000] {dagbag.py:588} INFO - Filling up the DagBag from /usr/local/python/3.12.1/lib/python3.12/site-packages/airflow/example_dags/example_bash_decorator.py
[2026-05-15T17:41:51.704+0000] {processor.py:925} INFO - DAG(s) 'example_bash_decorator' retrieved from /usr/local/python/3.12.1/lib/python3.12/site-packages/airflow/example_dags/example_bash_decorator.py
[2026-05-15T17:41:51.720+0000] {logging_mixin.py:190} INFO - [2026-05-15T17:41:51.719+0000] {dag.py:3239} INFO - Sync 1 DAGs
[2026-05-15T17:41:51.729+0000] {logging_mixin.py:190} INFO - [2026-05-15T17:41:51.729+0000] {dag.py:4180} INFO - Setting next_dagrun for example_bash_decorator to None, run_after=None
[2026-05-15T17:41:51.746+0000] {processor.py:208} INFO - Processing /usr/local/python/3.12.1/lib/python3.12/site-packages/airflow/example_dags/example_bash_decorator.py took 0.069 seconds
[2026-05-15T17:42:54.510+0000] {processor.py:186} INFO - Started process (PID=80590) to work on /usr/local/python/3.12.1/lib/python3.12/site-packages/airflow/example_dags/example_bash_decorator.py
[2026-05-15T17:42:54.511+0000] {processor.py:914} INFO - Processing file /usr/local/python/3.12.1/lib/python3.12/site-packages/airflow/example_dags/example_bash_decorator.py for tasks to queue
[2026-05-15T17:42:54.513+0000] {logging_mixin.py:190} INFO - [2026-05-15T17:42:54.512+0000] {dagbag.py:588} INFO - Filling up the DagBag from /usr/local/python/3.12.1/lib/python3.12/site-packages/airflow/example_dags/example_bash_decorator.py
[2026-05-15T17:42:54.525+0000] {processor.py:925} INFO - DAG(s) 'example_bash_decorator' retrieved from /usr/local/python/3.12.1/lib/python3.12/site-packages/airflow/example_dags/example_bash_decorator.py
[2026-05-15T17:42:54.540+0000] {logging_mixin.py:190} INFO - [2026-05-15T17:42:54.539+0000] {dag.py:3239} INFO - Sync 1 DAGs
[2026-05-15T17:42:54.549+0000] {logging_mixin.py:190} INFO - [2026-05-15T17:42:54.549+0000] {dag.py:4180} INFO - Setting next_dagrun for example_bash_decorator to None, run_after=None
[2026-05-15T17:42:54.566+0000] {processor.py:208} INFO - Processing /usr/local/python/3.12.1/lib/python3.12/site-packages/airflow/example_dags/example_bash_decorator.py took 0.060 seconds
[2026-05-15T17:43:59.654+0000] {processor.py:186} INFO - Started process (PID=81299) to work on /usr/local/python/3.12.1/lib/python3.12/site-packages/airflow/example_dags/example_bash_decorator.py
[2026-05-15T17:43:59.655+0000] {processor.py:914} INFO - Processing file /usr/local/python/3.12.1/lib/python3.12/site-packages/airflow/example_dags/example_bash_decorator.py for tasks to queue
[2026-05-15T17:43:59.656+0000] {logging_mixin.py:190} INFO - [2026-05-15T17:43:59.656+0000] {dagbag.py:588} INFO - Filling up the DagBag from /usr/local/python/3.12.1/lib/python3.12/site-packages/airflow/example_dags/example_bash_decorator.py
[2026-05-15T17:43:59.668+0000] {processor.py:925} INFO - DAG(s) 'example_bash_decorator' retrieved from /usr/local/python/3.12.1/lib/python3.12/site-packages/airflow/example_dags/example_bash_decorator.py
[2026-05-15T17:43:59.689+0000] {logging_mixin.py:190} INFO - [2026-05-15T17:43:59.689+0000] {dag.py:3239} INFO - Sync 1 DAGs
[2026-05-15T17:43:59.700+0000] {logging_mixin.py:190} INFO - [2026-05-15T17:43:59.700+0000] {dag.py:4180} INFO - Setting next_dagrun for example_bash_decorator to None, run_after=None
[2026-05-15T17:43:59.716+0000] {processor.py:208} INFO - Processing /usr/local/python/3.12.1/lib/python3.12/site-packages/airflow/example_dags/example_bash_decorator.py took 0.066 seconds
[2026-05-15T17:45:02.413+0000] {processor.py:186} INFO - Started process (PID=81997) to work on /usr/local/python/3.12.1/lib/python3.12/site-packages/airflow/example_dags/example_bash_decorator.py
[2026-05-15T17:45:02.414+0000] {processor.py:914} INFO - Processing file /usr/local/python/3.12.1/lib/python3.12/site-packages/airflow/example_dags/example_bash_decorator.py for tasks to queue
[2026-05-15T17:45:02.415+0000] {logging_mixin.py:190} INFO - [2026-05-15T17:45:02.415+0000] {dagbag.py:588} INFO - Filling up the DagBag from /usr/local/python/3.12.1/lib/python3.12/site-packages/airflow/example_dags/example_bash_decorator.py
[2026-05-15T17:45:02.428+0000] {processor.py:925} INFO - DAG(s) 'example_bash_decorator' retrieved from /usr/local/python/3.12.1/lib/python3.12/site-packages/airflow/example_dags/example_bash_decorator.py
[2026-05-15T17:45:02.443+0000] {logging_mixin.py:190} INFO - [2026-05-15T17:45:02.443+0000] {dag.py:3239} INFO - Sync 1 DAGs
[2026-05-15T17:45:02.452+0000] {logging_mixin.py:190} INFO - [2026-05-15T17:45:02.452+0000] {dag.py:4180} INFO - Setting next_dagrun for example_bash_decorator to None, run_after=None
[2026-05-15T17:45:02.468+0000] {processor.py:208} INFO - Processing /usr/local/python/3.12.1/lib/python3.12/site-packages/airflow/example_dags/example_bash_decorator.py took 0.060 seconds
[2026-05-15T17:46:08.371+0000] {processor.py:186} INFO - Started process (PID=82653) to work on /usr/local/python/3.12.1/lib/python3.12/site-packages/airflow/example_dags/example_bash_decorator.py
[2026-05-15T17:46:08.371+0000] {processor.py:914} INFO - Processing file /usr/local/python/3.12.1/lib/python3.12/site-packages/airflow/example_dags/example_bash_decorator.py for tasks to queue
[2026-05-15T17:46:08.373+0000] {logging_mixin.py:190} INFO - [2026-05-15T17:46:08.373+0000] {dagbag.py:588} INFO - Filling up the DagBag from /usr/local/python/3.12.1/lib/python3.12/site-packages/airflow/example_dags/example_bash_decorator.py
[2026-05-15T17:46:08.390+0000] {processor.py:925} INFO - DAG(s) 'example_bash_decorator' retrieved from /usr/local/python/3.12.1/lib/python3.12/site-packages/airflow/example_dags/example_bash_decorator.py
[2026-05-15T17:46:08.406+0000] {logging_mixin.py:190} INFO - [2026-05-15T17:46:08.405+0000] {dag.py:3239} INFO - Sync 1 DAGs
[2026-05-15T17:46:08.418+0000] {logging_mixin.py:190} INFO - [2026-05-15T17:46:08.418+0000] {dag.py:4180} INFO - Setting next_dagrun for example_bash_decorator to None, run_after=None
[2026-05-15T17:46:08.439+0000] {processor.py:208} INFO - Processing /usr/local/python/3.12.1/lib/python3.12/site-packages/airflow/example_dags/example_bash_decorator.py took 0.073 seconds
[2026-05-15T17:47:09.214+0000] {processor.py:186} INFO - Started process (PID=83279) to work on /usr/local/python/3.12.1/lib/python3.12/site-packages/airflow/example_dags/example_bash_decorator.py
[2026-05-15T17:47:09.214+0000] {processor.py:914} INFO - Processing file /usr/local/python/3.12.1/lib/python3.12/site-packages/airflow/example_dags/example_bash_decorator.py for tasks to queue
[2026-05-15T17:47:09.216+0000] {logging_mixin.py:190} INFO - [2026-05-15T17:47:09.216+0000] {dagbag.py:588} INFO - Filling up the DagBag from /usr/local/python/3.12.1/lib/python3.12/site-packages/airflow/example_dags/example_bash_decorator.py
[2026-05-15T17:47:09.228+0000] {processor.py:925} INFO - DAG(s) 'example_bash_decorator' retrieved from /usr/local/python/3.12.1/lib/python3.12/site-packages/airflow/example_dags/example_bash_decorator.py
[2026-05-15T17:47:09.248+0000] {logging_mixin.py:190} INFO - [2026-05-15T17:47:09.247+0000] {dag.py:3239} INFO - Sync 1 DAGs
[2026-05-15T17:47:09.258+0000] {logging_mixin.py:190} INFO - [2026-05-15T17:47:09.258+0000] {dag.py:4180} INFO - Setting next_dagrun for example_bash_decorator to None, run_after=None
[2026-05-15T17:47:09.276+0000] {processor.py:208} INFO - Processing /usr/local/python/3.12.1/lib/python3.12/site-packages/airflow/example_dags/example_bash_decorator.py took 0.067 seconds
[2026-05-15T17:48:11.740+0000] {processor.py:186} INFO - Started process (PID=83931) to work on /usr/local/python/3.12.1/lib/python3.12/site-packages/airflow/example_dags/example_bash_decorator.py
[2026-05-15T17:48:11.741+0000] {processor.py:914} INFO - Processing file /usr/local/python/3.12.1/lib/python3.12/site-packages/airflow/example_dags/example_bash_decorator.py for tasks to queue
[2026-05-15T17:48:11.742+0000] {logging_mixin.py:190} INFO - [2026-05-15T17:48:11.742+0000] {dagbag.py:588} INFO - Filling up the DagBag from /usr/local/python/3.12.1/lib/python3.12/site-packages/airflow/example_dags/example_bash_decorator.py
[2026-05-15T17:48:11.754+0000] {processor.py:925} INFO - DAG(s) 'example_bash_decorator' retrieved from /usr/local/python/3.12.1/lib/python3.12/site-packages/airflow/example_dags/example_bash_decorator.py
[2026-05-15T17:48:11.769+0000] {logging_mixin.py:190} INFO - [2026-05-15T17:48:11.769+0000] {dag.py:3239} INFO - Sync 1 DAGs
[2026-05-15T17:48:11.783+0000] {logging_mixin.py:190} INFO - [2026-05-15T17:48:11.783+0000] {dag.py:4180} INFO - Setting next_dagrun for example_bash_decorator to None, run_after=None
[2026-05-15T17:48:11.802+0000] {processor.py:208} INFO - Processing /usr/local/python/3.12.1/lib/python3.12/site-packages/airflow/example_dags/example_bash_decorator.py took 0.066 seconds
[2026-05-15T17:49:11.947+0000] {processor.py:186} INFO - Started process (PID=84604) to work on /usr/local/python/3.12.1/lib/python3.12/site-packages/airflow/example_dags/example_bash_decorator.py
[2026-05-15T17:49:11.948+0000] {processor.py:914} INFO - Processing file /usr/local/python/3.12.1/lib/python3.12/site-packages/airflow/example_dags/example_bash_decorator.py for tasks to queue
[2026-05-15T17:49:11.950+0000] {logging_mixin.py:190} INFO - [2026-05-15T17:49:11.949+0000] {dagbag.py:588} INFO - Filling up the DagBag from /usr/local/python/3.12.1/lib/python3.12/site-packages/airflow/example_dags/example_bash_decorator.py
[2026-05-15T17:49:11.965+0000] {processor.py:925} INFO - DAG(s) 'example_bash_decorator' retrieved from /usr/local/python/3.12.1/lib/python3.12/site-packages/airflow/example_dags/example_bash_decorator.py
[2026-05-15T17:49:11.984+0000] {logging_mixin.py:190} INFO - [2026-05-15T17:49:11.984+0000] {dag.py:3239} INFO - Sync 1 DAGs
[2026-05-15T17:49:11.996+0000] {logging_mixin.py:190} INFO - [2026-05-15T17:49:11.996+0000] {dag.py:4180} INFO - Setting next_dagrun for example_bash_decorator to None, run_after=None
[2026-05-15T17:49:12.013+0000] {processor.py:208} INFO - Processing /usr/local/python/3.12.1/lib/python3.12/site-packages/airflow/example_dags/example_bash_decorator.py took 0.073 seconds
[2026-05-15T17:50:13.251+0000] {processor.py:186} INFO - Started process (PID=85236) to work on /usr/local/python/3.12.1/lib/python3.12/site-packages/airflow/example_dags/example_bash_decorator.py
[2026-05-15T17:50:13.252+0000] {processor.py:914} INFO - Processing file /usr/local/python/3.12.1/lib/python3.12/site-packages/airflow/example_dags/example_bash_decorator.py for tasks to queue
[2026-05-15T17:50:13.254+0000] {logging_mixin.py:190} INFO - [2026-05-15T17:50:13.254+0000] {dagbag.py:588} INFO - Filling up the DagBag from /usr/local/python/3.12.1/lib/python3.12/site-packages/airflow/example_dags/example_bash_decorator.py
[2026-05-15T17:50:13.268+0000] {processor.py:925} INFO - DAG(s) 'example_bash_decorator' retrieved from /usr/local/python/3.12.1/lib/python3.12/site-packages/airflow/example_dags/example_bash_decorator.py
[2026-05-15T17:50:13.288+0000] {logging_mixin.py:190} INFO - [2026-05-15T17:50:13.288+0000] {dag.py:3239} INFO - Sync 1 DAGs
[2026-05-15T17:50:13.299+0000] {logging_mixin.py:190} INFO - [2026-05-15T17:50:13.299+0000] {dag.py:4180} INFO - Setting next_dagrun for example_bash_decorator to None, run_after=None
[2026-05-15T17:50:13.316+0000] {processor.py:208} INFO - Processing /usr/local/python/3.12.1/lib/python3.12/site-packages/airflow/example_dags/example_bash_decorator.py took 0.069 seconds
[2026-05-15T17:51:18.210+0000] {processor.py:186} INFO - Started process (PID=85899) to work on /usr/local/python/3.12.1/lib/python3.12/site-packages/airflow/example_dags/example_bash_decorator.py
[2026-05-15T17:51:18.211+0000] {processor.py:914} INFO - Processing file /usr/local/python/3.12.1/lib/python3.12/site-packages/airflow/example_dags/example_bash_decorator.py for tasks to queue
[2026-05-15T17:51:18.212+0000] {logging_mixin.py:190} INFO - [2026-05-15T17:51:18.212+0000] {dagbag.py:588} INFO - Filling up the DagBag from /usr/local/python/3.12.1/lib/python3.12/site-packages/airflow/example_dags/example_bash_decorator.py
[2026-05-15T17:51:18.226+0000] {processor.py:925} INFO - DAG(s) 'example_bash_decorator' retrieved from /usr/local/python/3.12.1/lib/python3.12/site-packages/airflow/example_dags/example_bash_decorator.py
[2026-05-15T17:51:18.240+0000] {logging_mixin.py:190} INFO - [2026-05-15T17:51:18.240+0000] {dag.py:3239} INFO - Sync 1 DAGs
[2026-05-15T17:51:18.250+0000] {logging_mixin.py:190} INFO - [2026-05-15T17:51:18.250+0000] {dag.py:4180} INFO - Setting next_dagrun for example_bash_decorator to None, run_after=None
[2026-05-15T17:51:18.267+0000] {processor.py:208} INFO - Processing /usr/local/python/3.12.1/lib/python3.12/site-packages/airflow/example_dags/example_bash_decorator.py took 0.061 seconds
[2026-05-15T17:52:18.464+0000] {processor.py:186} INFO - Started process (PID=86502) to work on /usr/local/python/3.12.1/lib/python3.12/site-packages/airflow/example_dags/example_bash_decorator.py
[2026-05-15T17:52:18.464+0000] {processor.py:914} INFO - Processing file /usr/local/python/3.12.1/lib/python3.12/site-packages/airflow/example_dags/example_bash_decorator.py for tasks to queue
[2026-05-15T17:52:18.467+0000] {logging_mixin.py:190} INFO - [2026-05-15T17:52:18.466+0000] {dagbag.py:588} INFO - Filling up the DagBag from /usr/local/python/3.12.1/lib/python3.12/site-packages/airflow/example_dags/example_bash_decorator.py
[2026-05-15T17:52:18.497+0000] {processor.py:925} INFO - DAG(s) 'example_bash_decorator' retrieved from /usr/local/python/3.12.1/lib/python3.12/site-packages/airflow/example_dags/example_bash_decorator.py
[2026-05-15T17:52:18.529+0000] {logging_mixin.py:190} INFO - [2026-05-15T17:52:18.529+0000] {dag.py:3239} INFO - Sync 1 DAGs
[2026-05-15T17:52:18.551+0000] {logging_mixin.py:190} INFO - [2026-05-15T17:52:18.551+0000] {dag.py:4180} INFO - Setting next_dagrun for example_bash_decorator to None, run_after=None
[2026-05-15T17:52:18.570+0000] {processor.py:208} INFO - Processing /usr/local/python/3.12.1/lib/python3.12/site-packages/airflow/example_dags/example_bash_decorator.py took 0.110 seconds
[2026-05-15T17:53:47.025+0000] {processor.py:186} INFO - Started process (PID=87376) to work on /usr/local/python/3.12.1/lib/python3.12/site-packages/airflow/example_dags/example_bash_decorator.py
[2026-05-15T17:53:47.025+0000] {processor.py:914} INFO - Processing file /usr/local/python/3.12.1/lib/python3.12/site-packages/airflow/example_dags/example_bash_decorator.py for tasks to queue
[2026-05-15T17:53:47.027+0000] {logging_mixin.py:190} INFO - [2026-05-15T17:53:47.027+0000] {dagbag.py:588} INFO - Filling up the DagBag from /usr/local/python/3.12.1/lib/python3.12/site-packages/airflow/example_dags/example_bash_decorator.py
[2026-05-15T17:53:47.039+0000] {processor.py:925} INFO - DAG(s) 'example_bash_decorator' retrieved from /usr/local/python/3.12.1/lib/python3.12/site-packages/airflow/example_dags/example_bash_decorator.py
[2026-05-15T17:53:47.054+0000] {logging_mixin.py:190} INFO - [2026-05-15T17:53:47.054+0000] {dag.py:3239} INFO - Sync 1 DAGs
[2026-05-15T17:53:47.063+0000] {logging_mixin.py:190} INFO - [2026-05-15T17:53:47.063+0000] {dag.py:4180} INFO - Setting next_dagrun for example_bash_decorator to None, run_after=None
[2026-05-15T17:53:47.083+0000] {processor.py:208} INFO - Processing /usr/local/python/3.12.1/lib/python3.12/site-packages/airflow/example_dags/example_bash_decorator.py took 0.062 seconds
[2026-05-15T17:55:17.199+0000] {processor.py:186} INFO - Started process (PID=88416) to work on /usr/local/python/3.12.1/lib/python3.12/site-packages/airflow/example_dags/example_bash_decorator.py
[2026-05-15T17:55:17.200+0000] {processor.py:914} INFO - Processing file /usr/local/python/3.12.1/lib/python3.12/site-packages/airflow/example_dags/example_bash_decorator.py for tasks to queue
[2026-05-15T17:55:17.201+0000] {logging_mixin.py:190} INFO - [2026-05-15T17:55:17.201+0000] {dagbag.py:588} INFO - Filling up the DagBag from /usr/local/python/3.12.1/lib/python3.12/site-packages/airflow/example_dags/example_bash_decorator.py
[2026-05-15T17:55:17.213+0000] {processor.py:925} INFO - DAG(s) 'example_bash_decorator' retrieved from /usr/local/python/3.12.1/lib/python3.12/site-packages/airflow/example_dags/example_bash_decorator.py
[2026-05-15T17:55:17.228+0000] {logging_mixin.py:190} INFO - [2026-05-15T17:55:17.228+0000] {dag.py:3239} INFO - Sync 1 DAGs
[2026-05-15T17:55:17.237+0000] {logging_mixin.py:190} INFO - [2026-05-15T17:55:17.237+0000] {dag.py:4180} INFO - Setting next_dagrun for example_bash_decorator to None, run_after=None
[2026-05-15T17:55:17.257+0000] {processor.py:208} INFO - Processing /usr/local/python/3.12.1/lib/python3.12/site-packages/airflow/example_dags/example_bash_decorator.py took 0.063 seconds
[2026-05-15T17:56:47.185+0000] {processor.py:186} INFO - Started process (PID=89322) to work on /usr/local/python/3.12.1/lib/python3.12/site-packages/airflow/example_dags/example_bash_decorator.py
[2026-05-15T17:56:47.186+0000] {processor.py:914} INFO - Processing file /usr/local/python/3.12.1/lib/python3.12/site-packages/airflow/example_dags/example_bash_decorator.py for tasks to queue
[2026-05-15T17:56:47.188+0000] {logging_mixin.py:190} INFO - [2026-05-15T17:56:47.187+0000] {dagbag.py:588} INFO - Filling up the DagBag from /usr/local/python/3.12.1/lib/python3.12/site-packages/airflow/example_dags/example_bash_decorator.py
[2026-05-15T17:56:47.203+0000] {processor.py:925} INFO - DAG(s) 'example_bash_decorator' retrieved from /usr/local/python/3.12.1/lib/python3.12/site-packages/airflow/example_dags/example_bash_decorator.py
[2026-05-15T17:56:47.221+0000] {logging_mixin.py:190} INFO - [2026-05-15T17:56:47.221+0000] {dag.py:3239} INFO - Sync 1 DAGs
[2026-05-15T17:56:47.231+0000] {logging_mixin.py:190} INFO - [2026-05-15T17:56:47.231+0000] {dag.py:4180} INFO - Setting next_dagrun for example_bash_decorator to None, run_after=None
[2026-05-15T17:56:47.250+0000] {processor.py:208} INFO - Processing /usr/local/python/3.12.1/lib/python3.12/site-packages/airflow/example_dags/example_bash_decorator.py took 0.071 seconds
[2026-05-15T17:57:54.712+0000] {processor.py:186} INFO - Started process (PID=90351) to work on /usr/local/python/3.12.1/lib/python3.12/site-packages/airflow/example_dags/example_bash_decorator.py
[2026-05-15T17:57:54.713+0000] {processor.py:914} INFO - Processing file /usr/local/python/3.12.1/lib/python3.12/site-packages/airflow/example_dags/example_bash_decorator.py for tasks to queue
[2026-05-15T17:57:54.715+0000] {logging_mixin.py:190} INFO - [2026-05-15T17:57:54.714+0000] {dagbag.py:588} INFO - Filling up the DagBag from /usr/local/python/3.12.1/lib/python3.12/site-packages/airflow/example_dags/example_bash_decorator.py
[2026-05-15T17:57:54.728+0000] {processor.py:925} INFO - DAG(s) 'example_bash_decorator' retrieved from /usr/local/python/3.12.1/lib/python3.12/site-packages/airflow/example_dags/example_bash_decorator.py
[2026-05-15T17:57:54.743+0000] {logging_mixin.py:190} INFO - [2026-05-15T17:57:54.743+0000] {dag.py:3239} INFO - Sync 1 DAGs
[2026-05-15T17:57:54.754+0000] {logging_mixin.py:190} INFO - [2026-05-15T17:57:54.754+0000] {dag.py:4180} INFO - Setting next_dagrun for example_bash_decorator to None, run_after=None
[2026-05-15T17:57:54.771+0000] {processor.py:208} INFO - Processing /usr/local/python/3.12.1/lib/python3.12/site-packages/airflow/example_dags/example_bash_decorator.py took 0.064 seconds
[2026-05-15T17:58:56.625+0000] {processor.py:186} INFO - Started process (PID=90958) to work on /usr/local/python/3.12.1/lib/python3.12/site-packages/airflow/example_dags/example_bash_decorator.py
[2026-05-15T17:58:56.626+0000] {processor.py:914} INFO - Processing file /usr/local/python/3.12.1/lib/python3.12/site-packages/airflow/example_dags/example_bash_decorator.py for tasks to queue
[2026-05-15T17:58:56.628+0000] {logging_mixin.py:190} INFO - [2026-05-15T17:58:56.627+0000] {dagbag.py:588} INFO - Filling up the DagBag from /usr/local/python/3.12.1/lib/python3.12/site-packages/airflow/example_dags/example_bash_decorator.py
[2026-05-15T17:58:56.639+0000] {processor.py:925} INFO - DAG(s) 'example_bash_decorator' retrieved from /usr/local/python/3.12.1/lib/python3.12/site-packages/airflow/example_dags/example_bash_decorator.py
[2026-05-15T17:58:56.656+0000] {logging_mixin.py:190} INFO - [2026-05-15T17:58:56.655+0000] {dag.py:3239} INFO - Sync 1 DAGs
[2026-05-15T17:58:56.665+0000] {logging_mixin.py:190} INFO - [2026-05-15T17:58:56.665+0000] {dag.py:4180} INFO - Setting next_dagrun for example_bash_decorator to None, run_after=None
[2026-05-15T17:58:56.683+0000] {processor.py:208} INFO - Processing /usr/local/python/3.12.1/lib/python3.12/site-packages/airflow/example_dags/example_bash_decorator.py took 0.062 seconds
[2026-05-15T17:59:57.185+0000] {processor.py:186} INFO - Started process (PID=91691) to work on /usr/local/python/3.12.1/lib/python3.12/site-packages/airflow/example_dags/example_bash_decorator.py
[2026-05-15T17:59:57.186+0000] {processor.py:914} INFO - Processing file /usr/local/python/3.12.1/lib/python3.12/site-packages/airflow/example_dags/example_bash_decorator.py for tasks to queue
[2026-05-15T17:59:57.188+0000] {logging_mixin.py:190} INFO - [2026-05-15T17:59:57.187+0000] {dagbag.py:588} INFO - Filling up the DagBag from /usr/local/python/3.12.1/lib/python3.12/site-packages/airflow/example_dags/example_bash_decorator.py
[2026-05-15T17:59:57.202+0000] {processor.py:925} INFO - DAG(s) 'example_bash_decorator' retrieved from /usr/local/python/3.12.1/lib/python3.12/site-packages/airflow/example_dags/example_bash_decorator.py
[2026-05-15T17:59:57.224+0000] {logging_mixin.py:190} INFO - [2026-05-15T17:59:57.224+0000] {dag.py:3239} INFO - Sync 1 DAGs
[2026-05-15T17:59:57.235+0000] {logging_mixin.py:190} INFO - [2026-05-15T17:59:57.234+0000] {dag.py:4180} INFO - Setting next_dagrun for example_bash_decorator to None, run_after=None
[2026-05-15T17:59:57.251+0000] {processor.py:208} INFO - Processing /usr/local/python/3.12.1/lib/python3.12/site-packages/airflow/example_dags/example_bash_decorator.py took 0.072 seconds
[2026-05-15T18:00:56.635+0000] {processor.py:186} INFO - Started process (PID=92249) to work on /usr/local/python/3.12.1/lib/python3.12/site-packages/airflow/example_dags/example_bash_decorator.py
[2026-05-15T18:00:56.635+0000] {processor.py:914} INFO - Processing file /usr/local/python/3.12.1/lib/python3.12/site-packages/airflow/example_dags/example_bash_decorator.py for tasks to queue
[2026-05-15T18:00:56.637+0000] {logging_mixin.py:190} INFO - [2026-05-15T18:00:56.636+0000] {dagbag.py:588} INFO - Filling up the DagBag from /usr/local/python/3.12.1/lib/python3.12/site-packages/airflow/example_dags/example_bash_decorator.py
[2026-05-15T18:00:56.648+0000] {processor.py:925} INFO - DAG(s) 'example_bash_decorator' retrieved from /usr/local/python/3.12.1/lib/python3.12/site-packages/airflow/example_dags/example_bash_decorator.py
[2026-05-15T18:00:56.667+0000] {logging_mixin.py:190} INFO - [2026-05-15T18:00:56.666+0000] {dag.py:3239} INFO - Sync 1 DAGs
[2026-05-15T18:00:56.682+0000] {logging_mixin.py:190} INFO - [2026-05-15T18:00:56.682+0000] {dag.py:4180} INFO - Setting next_dagrun for example_bash_decorator to None, run_after=None
[2026-05-15T18:00:56.706+0000] {processor.py:208} INFO - Processing /usr/local/python/3.12.1/lib/python3.12/site-packages/airflow/example_dags/example_bash_decorator.py took 0.076 seconds
[2026-05-15T18:02:03.040+0000] {processor.py:186} INFO - Started process (PID=93063) to work on /usr/local/python/3.12.1/lib/python3.12/site-packages/airflow/example_dags/example_bash_decorator.py
[2026-05-15T18:02:03.041+0000] {processor.py:914} INFO - Processing file /usr/local/python/3.12.1/lib/python3.12/site-packages/airflow/example_dags/example_bash_decorator.py for tasks to queue
[2026-05-15T18:02:03.043+0000] {logging_mixin.py:190} INFO - [2026-05-15T18:02:03.043+0000] {dagbag.py:588} INFO - Filling up the DagBag from /usr/local/python/3.12.1/lib/python3.12/site-packages/airflow/example_dags/example_bash_decorator.py
[2026-05-15T18:02:03.064+0000] {processor.py:925} INFO - DAG(s) 'example_bash_decorator' retrieved from /usr/local/python/3.12.1/lib/python3.12/site-packages/airflow/example_dags/example_bash_decorator.py
[2026-05-15T18:02:03.094+0000] {logging_mixin.py:190} INFO - [2026-05-15T18:02:03.094+0000] {dag.py:3239} INFO - Sync 1 DAGs
[2026-05-15T18:02:03.115+0000] {logging_mixin.py:190} INFO - [2026-05-15T18:02:03.115+0000] {dag.py:4180} INFO - Setting next_dagrun for example_bash_decorator to None, run_after=None
[2026-05-15T18:02:03.132+0000] {processor.py:208} INFO - Processing /usr/local/python/3.12.1/lib/python3.12/site-packages/airflow/example_dags/example_bash_decorator.py took 0.098 seconds
[2026-05-15T18:03:05.889+0000] {processor.py:186} INFO - Started process (PID=93640) to work on /usr/local/python/3.12.1/lib/python3.12/site-packages/airflow/example_dags/example_bash_decorator.py
[2026-05-15T18:03:05.890+0000] {processor.py:914} INFO - Processing file /usr/local/python/3.12.1/lib/python3.12/site-packages/airflow/example_dags/example_bash_decorator.py for tasks to queue
[2026-05-15T18:03:05.892+0000] {logging_mixin.py:190} INFO - [2026-05-15T18:03:05.892+0000] {dagbag.py:588} INFO - Filling up the DagBag from /usr/local/python/3.12.1/lib/python3.12/site-packages/airflow/example_dags/example_bash_decorator.py
[2026-05-15T18:03:05.904+0000] {processor.py:925} INFO - DAG(s) 'example_bash_decorator' retrieved from /usr/local/python/3.12.1/lib/python3.12/site-packages/airflow/example_dags/example_bash_decorator.py
[2026-05-15T18:03:05.919+0000] {logging_mixin.py:190} INFO - [2026-05-15T18:03:05.919+0000] {dag.py:3239} INFO - Sync 1 DAGs
[2026-05-15T18:03:05.929+0000] {logging_mixin.py:190} INFO - [2026-05-15T18:03:05.928+0000] {dag.py:4180} INFO - Setting next_dagrun for example_bash_decorator to None, run_after=None
[2026-05-15T18:03:05.947+0000] {processor.py:208} INFO - Processing /usr/local/python/3.12.1/lib/python3.12/site-packages/airflow/example_dags/example_bash_decorator.py took 0.064 seconds
[2026-05-15T18:04:36.234+0000] {processor.py:186} INFO - Started process (PID=94360) to work on /usr/local/python/3.12.1/lib/python3.12/site-packages/airflow/example_dags/example_bash_decorator.py
[2026-05-15T18:04:36.235+0000] {processor.py:914} INFO - Processing file /usr/local/python/3.12.1/lib/python3.12/site-packages/airflow/example_dags/example_bash_decorator.py for tasks to queue
[2026-05-15T18:04:36.236+0000] {logging_mixin.py:190} INFO - [2026-05-15T18:04:36.236+0000] {dagbag.py:588} INFO - Filling up the DagBag from /usr/local/python/3.12.1/lib/python3.12/site-packages/airflow/example_dags/example_bash_decorator.py
[2026-05-15T18:04:36.250+0000] {processor.py:925} INFO - DAG(s) 'example_bash_decorator' retrieved from /usr/local/python/3.12.1/lib/python3.12/site-packages/airflow/example_dags/example_bash_decorator.py
[2026-05-15T18:04:36.268+0000] {logging_mixin.py:190} INFO - [2026-05-15T18:04:36.268+0000] {dag.py:3239} INFO - Sync 1 DAGs
[2026-05-15T18:04:36.284+0000] {logging_mixin.py:190} INFO - [2026-05-15T18:04:36.284+0000] {dag.py:4180} INFO - Setting next_dagrun for example_bash_decorator to None, run_after=None
[2026-05-15T18:04:36.307+0000] {processor.py:208} INFO - Processing /usr/local/python/3.12.1/lib/python3.12/site-packages/airflow/example_dags/example_bash_decorator.py took 0.078 seconds
[2026-05-15T18:05:39.724+0000] {processor.py:186} INFO - Started process (PID=94854) to work on /usr/local/python/3.12.1/lib/python3.12/site-packages/airflow/example_dags/example_bash_decorator.py
[2026-05-15T18:05:39.724+0000] {processor.py:914} INFO - Processing file /usr/local/python/3.12.1/lib/python3.12/site-packages/airflow/example_dags/example_bash_decorator.py for tasks to queue
[2026-05-15T18:05:39.726+0000] {logging_mixin.py:190} INFO - [2026-05-15T18:05:39.726+0000] {dagbag.py:588} INFO - Filling up the DagBag from /usr/local/python/3.12.1/lib/python3.12/site-packages/airflow/example_dags/example_bash_decorator.py
[2026-05-15T18:05:39.741+0000] {processor.py:925} INFO - DAG(s) 'example_bash_decorator' retrieved from /usr/local/python/3.12.1/lib/python3.12/site-packages/airflow/example_dags/example_bash_decorator.py
[2026-05-15T18:05:39.760+0000] {logging_mixin.py:190} INFO - [2026-05-15T18:05:39.760+0000] {dag.py:3239} INFO - Sync 1 DAGs
[2026-05-15T18:05:39.772+0000] {logging_mixin.py:190} INFO - [2026-05-15T18:05:39.772+0000] {dag.py:4180} INFO - Setting next_dagrun for example_bash_decorator to None, run_after=None
[2026-05-15T18:05:39.797+0000] {processor.py:208} INFO - Processing /usr/local/python/3.12.1/lib/python3.12/site-packages/airflow/example_dags/example_bash_decorator.py took 0.079 seconds
[2026-05-15T18:06:38.948+0000] {processor.py:186} INFO - Started process (PID=95313) to work on /usr/local/python/3.12.1/lib/python3.12/site-packages/airflow/example_dags/example_bash_decorator.py
[2026-05-15T18:06:38.949+0000] {processor.py:914} INFO - Processing file /usr/local/python/3.12.1/lib/python3.12/site-packages/airflow/example_dags/example_bash_decorator.py for tasks to queue
[2026-05-15T18:06:38.950+0000] {logging_mixin.py:190} INFO - [2026-05-15T18:06:38.950+0000] {dagbag.py:588} INFO - Filling up the DagBag from /usr/local/python/3.12.1/lib/python3.12/site-packages/airflow/example_dags/example_bash_decorator.py
[2026-05-15T18:06:38.962+0000] {processor.py:925} INFO - DAG(s) 'example_bash_decorator' retrieved from /usr/local/python/3.12.1/lib/python3.12/site-packages/airflow/example_dags/example_bash_decorator.py
[2026-05-15T18:06:38.981+0000] {logging_mixin.py:190} INFO - [2026-05-15T18:06:38.981+0000] {dag.py:3239} INFO - Sync 1 DAGs
[2026-05-15T18:06:38.994+0000] {logging_mixin.py:190} INFO - [2026-05-15T18:06:38.994+0000] {dag.py:4180} INFO - Setting next_dagrun for example_bash_decorator to None, run_after=None
[2026-05-15T18:06:39.012+0000] {processor.py:208} INFO - Processing /usr/local/python/3.12.1/lib/python3.12/site-packages/airflow/example_dags/example_bash_decorator.py took 0.068 seconds
[2026-05-15T18:07:44.188+0000] {processor.py:186} INFO - Started process (PID=95805) to work on /usr/local/python/3.12.1/lib/python3.12/site-packages/airflow/example_dags/example_bash_decorator.py
[2026-05-15T18:07:44.188+0000] {processor.py:914} INFO - Processing file /usr/local/python/3.12.1/lib/python3.12/site-packages/airflow/example_dags/example_bash_decorator.py for tasks to queue
[2026-05-15T18:07:44.190+0000] {logging_mixin.py:190} INFO - [2026-05-15T18:07:44.190+0000] {dagbag.py:588} INFO - Filling up the DagBag from /usr/local/python/3.12.1/lib/python3.12/site-packages/airflow/example_dags/example_bash_decorator.py
[2026-05-15T18:07:44.205+0000] {processor.py:925} INFO - DAG(s) 'example_bash_decorator' retrieved from /usr/local/python/3.12.1/lib/python3.12/site-packages/airflow/example_dags/example_bash_decorator.py
[2026-05-15T18:07:44.227+0000] {logging_mixin.py:190} INFO - [2026-05-15T18:07:44.227+0000] {dag.py:3239} INFO - Sync 1 DAGs
[2026-05-15T18:07:44.270+0000] {logging_mixin.py:190} INFO - [2026-05-15T18:07:44.268+0000] {dag.py:4180} INFO - Setting next_dagrun for example_bash_decorator to None, run_after=None
[2026-05-15T18:07:44.422+0000] {processor.py:208} INFO - Processing /usr/local/python/3.12.1/lib/python3.12/site-packages/airflow/example_dags/example_bash_decorator.py took 0.239 seconds
[2026-05-15T18:08:50.304+0000] {processor.py:186} INFO - Started process (PID=96322) to work on /usr/local/python/3.12.1/lib/python3.12/site-packages/airflow/example_dags/example_bash_decorator.py
[2026-05-15T18:08:50.305+0000] {processor.py:914} INFO - Processing file /usr/local/python/3.12.1/lib/python3.12/site-packages/airflow/example_dags/example_bash_decorator.py for tasks to queue
[2026-05-15T18:08:50.307+0000] {logging_mixin.py:190} INFO - [2026-05-15T18:08:50.307+0000] {dagbag.py:588} INFO - Filling up the DagBag from /usr/local/python/3.12.1/lib/python3.12/site-packages/airflow/example_dags/example_bash_decorator.py
[2026-05-15T18:08:50.330+0000] {processor.py:925} INFO - DAG(s) 'example_bash_decorator' retrieved from /usr/local/python/3.12.1/lib/python3.12/site-packages/airflow/example_dags/example_bash_decorator.py
[2026-05-15T18:08:50.357+0000] {logging_mixin.py:190} INFO - [2026-05-15T18:08:50.356+0000] {dag.py:3239} INFO - Sync 1 DAGs
[2026-05-15T18:08:50.372+0000] {logging_mixin.py:190} INFO - [2026-05-15T18:08:50.372+0000] {dag.py:4180} INFO - Setting next_dagrun for example_bash_decorator to None, run_after=None
[2026-05-15T18:08:50.401+0000] {processor.py:208} INFO - Processing /usr/local/python/3.12.1/lib/python3.12/site-packages/airflow/example_dags/example_bash_decorator.py took 0.103 seconds
[2026-05-15T18:09:53.855+0000] {processor.py:186} INFO - Started process (PID=96817) to work on /usr/local/python/3.12.1/lib/python3.12/site-packages/airflow/example_dags/example_bash_decorator.py
[2026-05-15T18:09:53.855+0000] {processor.py:914} INFO - Processing file /usr/local/python/3.12.1/lib/python3.12/site-packages/airflow/example_dags/example_bash_decorator.py for tasks to queue
[2026-05-15T18:09:53.857+0000] {logging_mixin.py:190} INFO - [2026-05-15T18:09:53.857+0000] {dagbag.py:588} INFO - Filling up the DagBag from /usr/local/python/3.12.1/lib/python3.12/site-packages/airflow/example_dags/example_bash_decorator.py
[2026-05-15T18:09:53.869+0000] {processor.py:925} INFO - DAG(s) 'example_bash_decorator' retrieved from /usr/local/python/3.12.1/lib/python3.12/site-packages/airflow/example_dags/example_bash_decorator.py
[2026-05-15T18:09:53.888+0000] {logging_mixin.py:190} INFO - [2026-05-15T18:09:53.888+0000] {dag.py:3239} INFO - Sync 1 DAGs
[2026-05-15T18:09:53.899+0000] {logging_mixin.py:190} INFO - [2026-05-15T18:09:53.899+0000] {dag.py:4180} INFO - Setting next_dagrun for example_bash_decorator to None, run_after=None
[2026-05-15T18:09:53.916+0000] {processor.py:208} INFO - Processing /usr/local/python/3.12.1/lib/python3.12/site-packages/airflow/example_dags/example_bash_decorator.py took 0.066 seconds
[2026-05-15T18:11:05.724+0000] {processor.py:186} INFO - Started process (PID=97437) to work on /usr/local/python/3.12.1/lib/python3.12/site-packages/airflow/example_dags/example_bash_decorator.py
[2026-05-15T18:11:05.724+0000] {processor.py:914} INFO - Processing file /usr/local/python/3.12.1/lib/python3.12/site-packages/airflow/example_dags/example_bash_decorator.py for tasks to queue
[2026-05-15T18:11:05.727+0000] {logging_mixin.py:190} INFO - [2026-05-15T18:11:05.726+0000] {dagbag.py:588} INFO - Filling up the DagBag from /usr/local/python/3.12.1/lib/python3.12/site-packages/airflow/example_dags/example_bash_decorator.py
[2026-05-15T18:11:05.755+0000] {processor.py:925} INFO - DAG(s) 'example_bash_decorator' retrieved from /usr/local/python/3.12.1/lib/python3.12/site-packages/airflow/example_dags/example_bash_decorator.py
[2026-05-15T18:11:05.774+0000] {logging_mixin.py:190} INFO - [2026-05-15T18:11:05.774+0000] {dag.py:3239} INFO - Sync 1 DAGs
[2026-05-15T18:11:05.800+0000] {logging_mixin.py:190} INFO - [2026-05-15T18:11:05.800+0000] {dag.py:4180} INFO - Setting next_dagrun for example_bash_decorator to None, run_after=None
[2026-05-15T18:11:05.860+0000] {processor.py:208} INFO - Processing /usr/local/python/3.12.1/lib/python3.12/site-packages/airflow/example_dags/example_bash_decorator.py took 0.143 seconds
[2026-05-15T18:12:21.752+0000] {processor.py:186} INFO - Started process (PID=98271) to work on /usr/local/python/3.12.1/lib/python3.12/site-packages/airflow/example_dags/example_bash_decorator.py
[2026-05-15T18:12:21.753+0000] {processor.py:914} INFO - Processing file /usr/local/python/3.12.1/lib/python3.12/site-packages/airflow/example_dags/example_bash_decorator.py for tasks to queue
[2026-05-15T18:12:21.755+0000] {logging_mixin.py:190} INFO - [2026-05-15T18:12:21.754+0000] {dagbag.py:588} INFO - Filling up the DagBag from /usr/local/python/3.12.1/lib/python3.12/site-packages/airflow/example_dags/example_bash_decorator.py
[2026-05-15T18:12:21.769+0000] {processor.py:925} INFO - DAG(s) 'example_bash_decorator' retrieved from /usr/local/python/3.12.1/lib/python3.12/site-packages/airflow/example_dags/example_bash_decorator.py
[2026-05-15T18:12:21.933+0000] {logging_mixin.py:190} INFO - [2026-05-15T18:12:21.933+0000] {dag.py:3239} INFO - Sync 1 DAGs
[2026-05-15T18:12:21.942+0000] {logging_mixin.py:190} INFO - [2026-05-15T18:12:21.942+0000] {dag.py:4180} INFO - Setting next_dagrun for example_bash_decorator to None, run_after=None
[2026-05-15T18:12:21.965+0000] {processor.py:208} INFO - Processing /usr/local/python/3.12.1/lib/python3.12/site-packages/airflow/example_dags/example_bash_decorator.py took 0.217 seconds
[2026-05-15T18:13:47.260+0000] {processor.py:186} INFO - Started process (PID=99150) to work on /usr/local/python/3.12.1/lib/python3.12/site-packages/airflow/example_dags/example_bash_decorator.py
[2026-05-15T18:13:47.261+0000] {processor.py:914} INFO - Processing file /usr/local/python/3.12.1/lib/python3.12/site-packages/airflow/example_dags/example_bash_decorator.py for tasks to queue
[2026-05-15T18:13:47.263+0000] {logging_mixin.py:190} INFO - [2026-05-15T18:13:47.262+0000] {dagbag.py:588} INFO - Filling up the DagBag from /usr/local/python/3.12.1/lib/python3.12/site-packages/airflow/example_dags/example_bash_decorator.py
[2026-05-15T18:13:47.277+0000] {processor.py:925} INFO - DAG(s) 'example_bash_decorator' retrieved from /usr/local/python/3.12.1/lib/python3.12/site-packages/airflow/example_dags/example_bash_decorator.py
[2026-05-15T18:13:47.297+0000] {logging_mixin.py:190} INFO - [2026-05-15T18:13:47.296+0000] {dag.py:3239} INFO - Sync 1 DAGs
[2026-05-15T18:13:47.307+0000] {logging_mixin.py:190} INFO - [2026-05-15T18:13:47.306+0000] {dag.py:4180} INFO - Setting next_dagrun for example_bash_decorator to None, run_after=None
[2026-05-15T18:13:47.324+0000] {processor.py:208} INFO - Processing /usr/local/python/3.12.1/lib/python3.12/site-packages/airflow/example_dags/example_bash_decorator.py took 0.068 seconds
[2026-05-15T18:15:14.281+0000] {processor.py:186} INFO - Started process (PID=99866) to work on /usr/local/python/3.12.1/lib/python3.12/site-packages/airflow/example_dags/example_bash_decorator.py
[2026-05-15T18:15:14.282+0000] {processor.py:914} INFO - Processing file /usr/local/python/3.12.1/lib/python3.12/site-packages/airflow/example_dags/example_bash_decorator.py for tasks to queue
[2026-05-15T18:15:14.285+0000] {logging_mixin.py:190} INFO - [2026-05-15T18:15:14.284+0000] {dagbag.py:588} INFO - Filling up the DagBag from /usr/local/python/3.12.1/lib/python3.12/site-packages/airflow/example_dags/example_bash_decorator.py
[2026-05-15T18:15:14.303+0000] {processor.py:925} INFO - DAG(s) 'example_bash_decorator' retrieved from /usr/local/python/3.12.1/lib/python3.12/site-packages/airflow/example_dags/example_bash_decorator.py
[2026-05-15T18:15:14.341+0000] {logging_mixin.py:190} INFO - [2026-05-15T18:15:14.341+0000] {dag.py:3239} INFO - Sync 1 DAGs
[2026-05-15T18:15:14.354+0000] {logging_mixin.py:190} INFO - [2026-05-15T18:15:14.354+0000] {dag.py:4180} INFO - Setting next_dagrun for example_bash_decorator to None, run_after=None
[2026-05-15T18:15:14.379+0000] {processor.py:208} INFO - Processing /usr/local/python/3.12.1/lib/python3.12/site-packages/airflow/example_dags/example_bash_decorator.py took 0.105 seconds
[2026-05-15T18:16:13.906+0000] {processor.py:186} INFO - Started process (PID=100387) to work on /usr/local/python/3.12.1/lib/python3.12/site-packages/airflow/example_dags/example_bash_decorator.py
[2026-05-15T18:16:13.907+0000] {processor.py:914} INFO - Processing file /usr/local/python/3.12.1/lib/python3.12/site-packages/airflow/example_dags/example_bash_decorator.py for tasks to queue
[2026-05-15T18:16:13.909+0000] {logging_mixin.py:190} INFO - [2026-05-15T18:16:13.908+0000] {dagbag.py:588} INFO - Filling up the DagBag from /usr/local/python/3.12.1/lib/python3.12/site-packages/airflow/example_dags/example_bash_decorator.py
[2026-05-15T18:16:13.923+0000] {processor.py:925} INFO - DAG(s) 'example_bash_decorator' retrieved from /usr/local/python/3.12.1/lib/python3.12/site-packages/airflow/example_dags/example_bash_decorator.py
[2026-05-15T18:16:13.942+0000] {logging_mixin.py:190} INFO - [2026-05-15T18:16:13.942+0000] {dag.py:3239} INFO - Sync 1 DAGs
[2026-05-15T18:16:13.955+0000] {logging_mixin.py:190} INFO - [2026-05-15T18:16:13.954+0000] {dag.py:4180} INFO - Setting next_dagrun for example_bash_decorator to None, run_after=None
[2026-05-15T18:16:13.978+0000] {processor.py:208} INFO - Processing /usr/local/python/3.12.1/lib/python3.12/site-packages/airflow/example_dags/example_bash_decorator.py took 0.077 seconds
[2026-05-15T18:17:14.398+0000] {processor.py:186} INFO - Started process (PID=100854) to work on /usr/local/python/3.12.1/lib/python3.12/site-packages/airflow/example_dags/example_bash_decorator.py
[2026-05-15T18:17:14.398+0000] {processor.py:914} INFO - Processing file /usr/local/python/3.12.1/lib/python3.12/site-packages/airflow/example_dags/example_bash_decorator.py for tasks to queue
[2026-05-15T18:17:14.400+0000] {logging_mixin.py:190} INFO - [2026-05-15T18:17:14.400+0000] {dagbag.py:588} INFO - Filling up the DagBag from /usr/local/python/3.12.1/lib/python3.12/site-packages/airflow/example_dags/example_bash_decorator.py
[2026-05-15T18:17:14.415+0000] {processor.py:925} INFO - DAG(s) 'example_bash_decorator' retrieved from /usr/local/python/3.12.1/lib/python3.12/site-packages/airflow/example_dags/example_bash_decorator.py
[2026-05-15T18:17:14.433+0000] {logging_mixin.py:190} INFO - [2026-05-15T18:17:14.433+0000] {dag.py:3239} INFO - Sync 1 DAGs
[2026-05-15T18:17:14.446+0000] {logging_mixin.py:190} INFO - [2026-05-15T18:17:14.445+0000] {dag.py:4180} INFO - Setting next_dagrun for example_bash_decorator to None, run_after=None
[2026-05-15T18:17:14.468+0000] {processor.py:208} INFO - Processing /usr/local/python/3.12.1/lib/python3.12/site-packages/airflow/example_dags/example_bash_decorator.py took 0.075 seconds
[2026-05-15T18:18:15.729+0000] {processor.py:186} INFO - Started process (PID=101384) to work on /usr/local/python/3.12.1/lib/python3.12/site-packages/airflow/example_dags/example_bash_decorator.py
[2026-05-15T18:18:15.730+0000] {processor.py:914} INFO - Processing file /usr/local/python/3.12.1/lib/python3.12/site-packages/airflow/example_dags/example_bash_decorator.py for tasks to queue
[2026-05-15T18:18:15.732+0000] {logging_mixin.py:190} INFO - [2026-05-15T18:18:15.731+0000] {dagbag.py:588} INFO - Filling up the DagBag from /usr/local/python/3.12.1/lib/python3.12/site-packages/airflow/example_dags/example_bash_decorator.py
[2026-05-15T18:18:15.745+0000] {processor.py:925} INFO - DAG(s) 'example_bash_decorator' retrieved from /usr/local/python/3.12.1/lib/python3.12/site-packages/airflow/example_dags/example_bash_decorator.py
[2026-05-15T18:18:15.762+0000] {logging_mixin.py:190} INFO - [2026-05-15T18:18:15.761+0000] {dag.py:3239} INFO - Sync 1 DAGs
[2026-05-15T18:18:15.774+0000] {logging_mixin.py:190} INFO - [2026-05-15T18:18:15.773+0000] {dag.py:4180} INFO - Setting next_dagrun for example_bash_decorator to None, run_after=None
[2026-05-15T18:18:15.794+0000] {processor.py:208} INFO - Processing /usr/local/python/3.12.1/lib/python3.12/site-packages/airflow/example_dags/example_bash_decorator.py took 0.070 seconds
[2026-05-15T18:19:20.338+0000] {processor.py:186} INFO - Started process (PID=101900) to work on /usr/local/python/3.12.1/lib/python3.12/site-packages/airflow/example_dags/example_bash_decorator.py
[2026-05-15T18:19:20.339+0000] {processor.py:914} INFO - Processing file /usr/local/python/3.12.1/lib/python3.12/site-packages/airflow/example_dags/example_bash_decorator.py for tasks to queue
[2026-05-15T18:19:20.341+0000] {logging_mixin.py:190} INFO - [2026-05-15T18:19:20.340+0000] {dagbag.py:588} INFO - Filling up the DagBag from /usr/local/python/3.12.1/lib/python3.12/site-packages/airflow/example_dags/example_bash_decorator.py
[2026-05-15T18:19:20.356+0000] {processor.py:925} INFO - DAG(s) 'example_bash_decorator' retrieved from /usr/local/python/3.12.1/lib/python3.12/site-packages/airflow/example_dags/example_bash_decorator.py
[2026-05-15T18:19:20.373+0000] {logging_mixin.py:190} INFO - [2026-05-15T18:19:20.373+0000] {dag.py:3239} INFO - Sync 1 DAGs
[2026-05-15T18:19:20.388+0000] {logging_mixin.py:190} INFO - [2026-05-15T18:19:20.388+0000] {dag.py:4180} INFO - Setting next_dagrun for example_bash_decorator to None, run_after=None
[2026-05-15T18:19:20.411+0000] {processor.py:208} INFO - Processing /usr/local/python/3.12.1/lib/python3.12/site-packages/airflow/example_dags/example_bash_decorator.py took 0.078 seconds
[2026-05-15T18:20:26.214+0000] {processor.py:186} INFO - Started process (PID=102412) to work on /usr/local/python/3.12.1/lib/python3.12/site-packages/airflow/example_dags/example_bash_decorator.py
[2026-05-15T18:20:26.215+0000] {processor.py:914} INFO - Processing file /usr/local/python/3.12.1/lib/python3.12/site-packages/airflow/example_dags/example_bash_decorator.py for tasks to queue
[2026-05-15T18:20:26.216+0000] {logging_mixin.py:190} INFO - [2026-05-15T18:20:26.216+0000] {dagbag.py:588} INFO - Filling up the DagBag from /usr/local/python/3.12.1/lib/python3.12/site-packages/airflow/example_dags/example_bash_decorator.py
[2026-05-15T18:20:26.229+0000] {processor.py:925} INFO - DAG(s) 'example_bash_decorator' retrieved from /usr/local/python/3.12.1/lib/python3.12/site-packages/airflow/example_dags/example_bash_decorator.py
[2026-05-15T18:20:26.245+0000] {logging_mixin.py:190} INFO - [2026-05-15T18:20:26.245+0000] {dag.py:3239} INFO - Sync 1 DAGs
[2026-05-15T18:20:26.255+0000] {logging_mixin.py:190} INFO - [2026-05-15T18:20:26.255+0000] {dag.py:4180} INFO - Setting next_dagrun for example_bash_decorator to None, run_after=None
[2026-05-15T18:20:26.276+0000] {processor.py:208} INFO - Processing /usr/local/python/3.12.1/lib/python3.12/site-packages/airflow/example_dags/example_bash_decorator.py took 0.066 seconds
[2026-05-15T18:21:26.351+0000] {processor.py:186} INFO - Started process (PID=102879) to work on /usr/local/python/3.12.1/lib/python3.12/site-packages/airflow/example_dags/example_bash_decorator.py
[2026-05-15T18:21:26.352+0000] {processor.py:914} INFO - Processing file /usr/local/python/3.12.1/lib/python3.12/site-packages/airflow/example_dags/example_bash_decorator.py for tasks to queue
[2026-05-15T18:21:26.353+0000] {logging_mixin.py:190} INFO - [2026-05-15T18:21:26.353+0000] {dagbag.py:588} INFO - Filling up the DagBag from /usr/local/python/3.12.1/lib/python3.12/site-packages/airflow/example_dags/example_bash_decorator.py
[2026-05-15T18:21:26.365+0000] {processor.py:925} INFO - DAG(s) 'example_bash_decorator' retrieved from /usr/local/python/3.12.1/lib/python3.12/site-packages/airflow/example_dags/example_bash_decorator.py
[2026-05-15T18:21:26.384+0000] {logging_mixin.py:190} INFO - [2026-05-15T18:21:26.384+0000] {dag.py:3239} INFO - Sync 1 DAGs
[2026-05-15T18:21:26.396+0000] {logging_mixin.py:190} INFO - [2026-05-15T18:21:26.396+0000] {dag.py:4180} INFO - Setting next_dagrun for example_bash_decorator to None, run_after=None
[2026-05-15T18:21:26.413+0000] {processor.py:208} INFO - Processing /usr/local/python/3.12.1/lib/python3.12/site-packages/airflow/example_dags/example_bash_decorator.py took 0.066 seconds
[2026-05-15T18:22:54.545+0000] {processor.py:186} INFO - Started process (PID=103546) to work on /usr/local/python/3.12.1/lib/python3.12/site-packages/airflow/example_dags/example_bash_decorator.py
[2026-05-15T18:22:54.545+0000] {processor.py:914} INFO - Processing file /usr/local/python/3.12.1/lib/python3.12/site-packages/airflow/example_dags/example_bash_decorator.py for tasks to queue
[2026-05-15T18:22:54.547+0000] {logging_mixin.py:190} INFO - [2026-05-15T18:22:54.547+0000] {dagbag.py:588} INFO - Filling up the DagBag from /usr/local/python/3.12.1/lib/python3.12/site-packages/airflow/example_dags/example_bash_decorator.py
[2026-05-15T18:22:54.559+0000] {processor.py:925} INFO - DAG(s) 'example_bash_decorator' retrieved from /usr/local/python/3.12.1/lib/python3.12/site-packages/airflow/example_dags/example_bash_decorator.py
[2026-05-15T18:22:54.577+0000] {logging_mixin.py:190} INFO - [2026-05-15T18:22:54.576+0000] {dag.py:3239} INFO - Sync 1 DAGs
[2026-05-15T18:22:54.590+0000] {logging_mixin.py:190} INFO - [2026-05-15T18:22:54.590+0000] {dag.py:4180} INFO - Setting next_dagrun for example_bash_decorator to None, run_after=None
[2026-05-15T18:22:54.609+0000] {processor.py:208} INFO - Processing /usr/local/python/3.12.1/lib/python3.12/site-packages/airflow/example_dags/example_bash_decorator.py took 0.069 seconds
[2026-05-15T18:24:01.039+0000] {processor.py:186} INFO - Started process (PID=104065) to work on /usr/local/python/3.12.1/lib/python3.12/site-packages/airflow/example_dags/example_bash_decorator.py
[2026-05-15T18:24:01.040+0000] {processor.py:914} INFO - Processing file /usr/local/python/3.12.1/lib/python3.12/site-packages/airflow/example_dags/example_bash_decorator.py for tasks to queue
[2026-05-15T18:24:01.042+0000] {logging_mixin.py:190} INFO - [2026-05-15T18:24:01.042+0000] {dagbag.py:588} INFO - Filling up the DagBag from /usr/local/python/3.12.1/lib/python3.12/site-packages/airflow/example_dags/example_bash_decorator.py
[2026-05-15T18:24:01.057+0000] {processor.py:925} INFO - DAG(s) 'example_bash_decorator' retrieved from /usr/local/python/3.12.1/lib/python3.12/site-packages/airflow/example_dags/example_bash_decorator.py
[2026-05-15T18:24:01.078+0000] {logging_mixin.py:190} INFO - [2026-05-15T18:24:01.078+0000] {dag.py:3239} INFO - Sync 1 DAGs
[2026-05-15T18:24:01.095+0000] {logging_mixin.py:190} INFO - [2026-05-15T18:24:01.095+0000] {dag.py:4180} INFO - Setting next_dagrun for example_bash_decorator to None, run_after=None
[2026-05-15T18:24:01.119+0000] {processor.py:208} INFO - Processing /usr/local/python/3.12.1/lib/python3.12/site-packages/airflow/example_dags/example_bash_decorator.py took 0.085 seconds
[2026-05-15T18:25:07.249+0000] {processor.py:186} INFO - Started process (PID=104713) to work on /usr/local/python/3.12.1/lib/python3.12/site-packages/airflow/example_dags/example_bash_decorator.py
[2026-05-15T18:25:07.250+0000] {processor.py:914} INFO - Processing file /usr/local/python/3.12.1/lib/python3.12/site-packages/airflow/example_dags/example_bash_decorator.py for tasks to queue
[2026-05-15T18:25:07.252+0000] {logging_mixin.py:190} INFO - [2026-05-15T18:25:07.252+0000] {dagbag.py:588} INFO - Filling up the DagBag from /usr/local/python/3.12.1/lib/python3.12/site-packages/airflow/example_dags/example_bash_decorator.py
[2026-05-15T18:25:07.268+0000] {processor.py:925} INFO - DAG(s) 'example_bash_decorator' retrieved from /usr/local/python/3.12.1/lib/python3.12/site-packages/airflow/example_dags/example_bash_decorator.py
[2026-05-15T18:25:07.291+0000] {logging_mixin.py:190} INFO - [2026-05-15T18:25:07.291+0000] {dag.py:3239} INFO - Sync 1 DAGs
[2026-05-15T18:25:07.304+0000] {logging_mixin.py:190} INFO - [2026-05-15T18:25:07.303+0000] {dag.py:4180} INFO - Setting next_dagrun for example_bash_decorator to None, run_after=None
[2026-05-15T18:25:07.324+0000] {processor.py:208} INFO - Processing /usr/local/python/3.12.1/lib/python3.12/site-packages/airflow/example_dags/example_bash_decorator.py took 0.080 seconds
[2026-05-15T18:26:08.745+0000] {processor.py:186} INFO - Started process (PID=105178) to work on /usr/local/python/3.12.1/lib/python3.12/site-packages/airflow/example_dags/example_bash_decorator.py
[2026-05-15T18:26:08.746+0000] {processor.py:914} INFO - Processing file /usr/local/python/3.12.1/lib/python3.12/site-packages/airflow/example_dags/example_bash_decorator.py for tasks to queue
[2026-05-15T18:26:08.748+0000] {logging_mixin.py:190} INFO - [2026-05-15T18:26:08.747+0000] {dagbag.py:588} INFO - Filling up the DagBag from /usr/local/python/3.12.1/lib/python3.12/site-packages/airflow/example_dags/example_bash_decorator.py
[2026-05-15T18:26:08.762+0000] {processor.py:925} INFO - DAG(s) 'example_bash_decorator' retrieved from /usr/local/python/3.12.1/lib/python3.12/site-packages/airflow/example_dags/example_bash_decorator.py
[2026-05-15T18:26:08.784+0000] {logging_mixin.py:190} INFO - [2026-05-15T18:26:08.784+0000] {dag.py:3239} INFO - Sync 1 DAGs
[2026-05-15T18:26:08.797+0000] {logging_mixin.py:190} INFO - [2026-05-15T18:26:08.797+0000] {dag.py:4180} INFO - Setting next_dagrun for example_bash_decorator to None, run_after=None
[2026-05-15T18:26:08.819+0000] {processor.py:208} INFO - Processing /usr/local/python/3.12.1/lib/python3.12/site-packages/airflow/example_dags/example_bash_decorator.py took 0.079 seconds
[2026-05-15T18:27:12.455+0000] {processor.py:186} INFO - Started process (PID=105662) to work on /usr/local/python/3.12.1/lib/python3.12/site-packages/airflow/example_dags/example_bash_decorator.py
[2026-05-15T18:27:12.455+0000] {processor.py:914} INFO - Processing file /usr/local/python/3.12.1/lib/python3.12/site-packages/airflow/example_dags/example_bash_decorator.py for tasks to queue
[2026-05-15T18:27:12.457+0000] {logging_mixin.py:190} INFO - [2026-05-15T18:27:12.457+0000] {dagbag.py:588} INFO - Filling up the DagBag from /usr/local/python/3.12.1/lib/python3.12/site-packages/airflow/example_dags/example_bash_decorator.py
[2026-05-15T18:27:12.471+0000] {processor.py:925} INFO - DAG(s) 'example_bash_decorator' retrieved from /usr/local/python/3.12.1/lib/python3.12/site-packages/airflow/example_dags/example_bash_decorator.py
[2026-05-15T18:27:12.495+0000] {logging_mixin.py:190} INFO - [2026-05-15T18:27:12.495+0000] {dag.py:3239} INFO - Sync 1 DAGs
[2026-05-15T18:27:12.507+0000] {logging_mixin.py:190} INFO - [2026-05-15T18:27:12.507+0000] {dag.py:4180} INFO - Setting next_dagrun for example_bash_decorator to None, run_after=None
[2026-05-15T18:27:12.530+0000] {processor.py:208} INFO - Processing /usr/local/python/3.12.1/lib/python3.12/site-packages/airflow/example_dags/example_bash_decorator.py took 0.080 seconds
[2026-05-15T18:28:16.095+0000] {processor.py:186} INFO - Started process (PID=106167) to work on /usr/local/python/3.12.1/lib/python3.12/site-packages/airflow/example_dags/example_bash_decorator.py
[2026-05-15T18:28:16.096+0000] {processor.py:914} INFO - Processing file /usr/local/python/3.12.1/lib/python3.12/site-packages/airflow/example_dags/example_bash_decorator.py for tasks to queue
[2026-05-15T18:28:16.099+0000] {logging_mixin.py:190} INFO - [2026-05-15T18:28:16.098+0000] {dagbag.py:588} INFO - Filling up the DagBag from /usr/local/python/3.12.1/lib/python3.12/site-packages/airflow/example_dags/example_bash_decorator.py
[2026-05-15T18:28:16.112+0000] {processor.py:925} INFO - DAG(s) 'example_bash_decorator' retrieved from /usr/local/python/3.12.1/lib/python3.12/site-packages/airflow/example_dags/example_bash_decorator.py
[2026-05-15T18:28:16.129+0000] {logging_mixin.py:190} INFO - [2026-05-15T18:28:16.128+0000] {dag.py:3239} INFO - Sync 1 DAGs
[2026-05-15T18:28:16.146+0000] {logging_mixin.py:190} INFO - [2026-05-15T18:28:16.146+0000] {dag.py:4180} INFO - Setting next_dagrun for example_bash_decorator to None, run_after=None
[2026-05-15T18:28:16.168+0000] {processor.py:208} INFO - Processing /usr/local/python/3.12.1/lib/python3.12/site-packages/airflow/example_dags/example_bash_decorator.py took 0.081 seconds
[2026-05-15T18:29:17.460+0000] {processor.py:186} INFO - Started process (PID=106656) to work on /usr/local/python/3.12.1/lib/python3.12/site-packages/airflow/example_dags/example_bash_decorator.py
[2026-05-15T18:29:17.460+0000] {processor.py:914} INFO - Processing file /usr/local/python/3.12.1/lib/python3.12/site-packages/airflow/example_dags/example_bash_decorator.py for tasks to queue
[2026-05-15T18:29:17.462+0000] {logging_mixin.py:190} INFO - [2026-05-15T18:29:17.462+0000] {dagbag.py:588} INFO - Filling up the DagBag from /usr/local/python/3.12.1/lib/python3.12/site-packages/airflow/example_dags/example_bash_decorator.py
[2026-05-15T18:29:17.479+0000] {processor.py:925} INFO - DAG(s) 'example_bash_decorator' retrieved from /usr/local/python/3.12.1/lib/python3.12/site-packages/airflow/example_dags/example_bash_decorator.py
[2026-05-15T18:29:17.499+0000] {logging_mixin.py:190} INFO - [2026-05-15T18:29:17.499+0000] {dag.py:3239} INFO - Sync 1 DAGs
[2026-05-15T18:29:17.509+0000] {logging_mixin.py:190} INFO - [2026-05-15T18:29:17.509+0000] {dag.py:4180} INFO - Setting next_dagrun for example_bash_decorator to None, run_after=None
[2026-05-15T18:29:17.527+0000] {processor.py:208} INFO - Processing /usr/local/python/3.12.1/lib/python3.12/site-packages/airflow/example_dags/example_bash_decorator.py took 0.071 seconds
[2026-05-15T18:30:44.302+0000] {processor.py:186} INFO - Started process (PID=107318) to work on /usr/local/python/3.12.1/lib/python3.12/site-packages/airflow/example_dags/example_bash_decorator.py
[2026-05-15T18:30:44.302+0000] {processor.py:914} INFO - Processing file /usr/local/python/3.12.1/lib/python3.12/site-packages/airflow/example_dags/example_bash_decorator.py for tasks to queue
[2026-05-15T18:30:44.304+0000] {logging_mixin.py:190} INFO - [2026-05-15T18:30:44.304+0000] {dagbag.py:588} INFO - Filling up the DagBag from /usr/local/python/3.12.1/lib/python3.12/site-packages/airflow/example_dags/example_bash_decorator.py
[2026-05-15T18:30:44.316+0000] {processor.py:925} INFO - DAG(s) 'example_bash_decorator' retrieved from /usr/local/python/3.12.1/lib/python3.12/site-packages/airflow/example_dags/example_bash_decorator.py
[2026-05-15T18:30:44.332+0000] {logging_mixin.py:190} INFO - [2026-05-15T18:30:44.331+0000] {dag.py:3239} INFO - Sync 1 DAGs
[2026-05-15T18:30:44.342+0000] {logging_mixin.py:190} INFO - [2026-05-15T18:30:44.341+0000] {dag.py:4180} INFO - Setting next_dagrun for example_bash_decorator to None, run_after=None
[2026-05-15T18:30:44.358+0000] {processor.py:208} INFO - Processing /usr/local/python/3.12.1/lib/python3.12/site-packages/airflow/example_dags/example_bash_decorator.py took 0.061 seconds
[2026-05-15T18:31:45.448+0000] {processor.py:186} INFO - Started process (PID=107785) to work on /usr/local/python/3.12.1/lib/python3.12/site-packages/airflow/example_dags/example_bash_decorator.py
[2026-05-15T18:31:45.449+0000] {processor.py:914} INFO - Processing file /usr/local/python/3.12.1/lib/python3.12/site-packages/airflow/example_dags/example_bash_decorator.py for tasks to queue
[2026-05-15T18:31:45.451+0000] {logging_mixin.py:190} INFO - [2026-05-15T18:31:45.450+0000] {dagbag.py:588} INFO - Filling up the DagBag from /usr/local/python/3.12.1/lib/python3.12/site-packages/airflow/example_dags/example_bash_decorator.py
[2026-05-15T18:31:45.466+0000] {processor.py:925} INFO - DAG(s) 'example_bash_decorator' retrieved from /usr/local/python/3.12.1/lib/python3.12/site-packages/airflow/example_dags/example_bash_decorator.py
[2026-05-15T18:31:45.488+0000] {logging_mixin.py:190} INFO - [2026-05-15T18:31:45.488+0000] {dag.py:3239} INFO - Sync 1 DAGs
[2026-05-15T18:31:45.501+0000] {logging_mixin.py:190} INFO - [2026-05-15T18:31:45.500+0000] {dag.py:4180} INFO - Setting next_dagrun for example_bash_decorator to None, run_after=None
[2026-05-15T18:31:45.522+0000] {processor.py:208} INFO - Processing /usr/local/python/3.12.1/lib/python3.12/site-packages/airflow/example_dags/example_bash_decorator.py took 0.079 seconds
[2026-05-15T18:32:44.379+0000] {processor.py:186} INFO - Started process (PID=108242) to work on /usr/local/python/3.12.1/lib/python3.12/site-packages/airflow/example_dags/example_bash_decorator.py
[2026-05-15T18:32:44.380+0000] {processor.py:914} INFO - Processing file /usr/local/python/3.12.1/lib/python3.12/site-packages/airflow/example_dags/example_bash_decorator.py for tasks to queue
[2026-05-15T18:32:44.383+0000] {logging_mixin.py:190} INFO - [2026-05-15T18:32:44.382+0000] {dagbag.py:588} INFO - Filling up the DagBag from /usr/local/python/3.12.1/lib/python3.12/site-packages/airflow/example_dags/example_bash_decorator.py
[2026-05-15T18:32:44.400+0000] {processor.py:925} INFO - DAG(s) 'example_bash_decorator' retrieved from /usr/local/python/3.12.1/lib/python3.12/site-packages/airflow/example_dags/example_bash_decorator.py
[2026-05-15T18:32:44.419+0000] {logging_mixin.py:190} INFO - [2026-05-15T18:32:44.418+0000] {dag.py:3239} INFO - Sync 1 DAGs
[2026-05-15T18:32:44.430+0000] {logging_mixin.py:190} INFO - [2026-05-15T18:32:44.430+0000] {dag.py:4180} INFO - Setting next_dagrun for example_bash_decorator to None, run_after=None
[2026-05-15T18:32:44.452+0000] {processor.py:208} INFO - Processing /usr/local/python/3.12.1/lib/python3.12/site-packages/airflow/example_dags/example_bash_decorator.py took 0.080 seconds
[2026-05-15T18:33:47.415+0000] {processor.py:186} INFO - Started process (PID=108723) to work on /usr/local/python/3.12.1/lib/python3.12/site-packages/airflow/example_dags/example_bash_decorator.py
[2026-05-15T18:33:47.416+0000] {processor.py:914} INFO - Processing file /usr/local/python/3.12.1/lib/python3.12/site-packages/airflow/example_dags/example_bash_decorator.py for tasks to queue
[2026-05-15T18:33:47.418+0000] {logging_mixin.py:190} INFO - [2026-05-15T18:33:47.418+0000] {dagbag.py:588} INFO - Filling up the DagBag from /usr/local/python/3.12.1/lib/python3.12/site-packages/airflow/example_dags/example_bash_decorator.py
[2026-05-15T18:33:47.435+0000] {processor.py:925} INFO - DAG(s) 'example_bash_decorator' retrieved from /usr/local/python/3.12.1/lib/python3.12/site-packages/airflow/example_dags/example_bash_decorator.py
[2026-05-15T18:33:47.452+0000] {logging_mixin.py:190} INFO - [2026-05-15T18:33:47.452+0000] {dag.py:3239} INFO - Sync 1 DAGs
[2026-05-15T18:33:47.463+0000] {logging_mixin.py:190} INFO - [2026-05-15T18:33:47.463+0000] {dag.py:4180} INFO - Setting next_dagrun for example_bash_decorator to None, run_after=None
[2026-05-15T18:33:47.485+0000] {processor.py:208} INFO - Processing /usr/local/python/3.12.1/lib/python3.12/site-packages/airflow/example_dags/example_bash_decorator.py took 0.076 seconds
[2026-05-15T18:34:55.257+0000] {processor.py:186} INFO - Started process (PID=109264) to work on /usr/local/python/3.12.1/lib/python3.12/site-packages/airflow/example_dags/example_bash_decorator.py
[2026-05-15T18:34:55.258+0000] {processor.py:914} INFO - Processing file /usr/local/python/3.12.1/lib/python3.12/site-packages/airflow/example_dags/example_bash_decorator.py for tasks to queue
[2026-05-15T18:34:55.259+0000] {logging_mixin.py:190} INFO - [2026-05-15T18:34:55.259+0000] {dagbag.py:588} INFO - Filling up the DagBag from /usr/local/python/3.12.1/lib/python3.12/site-packages/airflow/example_dags/example_bash_decorator.py
[2026-05-15T18:34:55.271+0000] {processor.py:925} INFO - DAG(s) 'example_bash_decorator' retrieved from /usr/local/python/3.12.1/lib/python3.12/site-packages/airflow/example_dags/example_bash_decorator.py
[2026-05-15T18:34:55.290+0000] {logging_mixin.py:190} INFO - [2026-05-15T18:34:55.290+0000] {dag.py:3239} INFO - Sync 1 DAGs
[2026-05-15T18:34:55.301+0000] {logging_mixin.py:190} INFO - [2026-05-15T18:34:55.301+0000] {dag.py:4180} INFO - Setting next_dagrun for example_bash_decorator to None, run_after=None
[2026-05-15T18:34:55.321+0000] {processor.py:208} INFO - Processing /usr/local/python/3.12.1/lib/python3.12/site-packages/airflow/example_dags/example_bash_decorator.py took 0.069 seconds
[2026-05-15T18:35:56.419+0000] {processor.py:186} INFO - Started process (PID=109736) to work on /usr/local/python/3.12.1/lib/python3.12/site-packages/airflow/example_dags/example_bash_decorator.py
[2026-05-15T18:35:56.425+0000] {processor.py:914} INFO - Processing file /usr/local/python/3.12.1/lib/python3.12/site-packages/airflow/example_dags/example_bash_decorator.py for tasks to queue
[2026-05-15T18:35:56.428+0000] {logging_mixin.py:190} INFO - [2026-05-15T18:35:56.428+0000] {dagbag.py:588} INFO - Filling up the DagBag from /usr/local/python/3.12.1/lib/python3.12/site-packages/airflow/example_dags/example_bash_decorator.py
[2026-05-15T18:35:56.458+0000] {processor.py:925} INFO - DAG(s) 'example_bash_decorator' retrieved from /usr/local/python/3.12.1/lib/python3.12/site-packages/airflow/example_dags/example_bash_decorator.py
[2026-05-15T18:35:56.478+0000] {logging_mixin.py:190} INFO - [2026-05-15T18:35:56.478+0000] {dag.py:3239} INFO - Sync 1 DAGs
[2026-05-15T18:35:56.493+0000] {logging_mixin.py:190} INFO - [2026-05-15T18:35:56.493+0000] {dag.py:4180} INFO - Setting next_dagrun for example_bash_decorator to None, run_after=None
[2026-05-15T18:35:56.513+0000] {processor.py:208} INFO - Processing /usr/local/python/3.12.1/lib/python3.12/site-packages/airflow/example_dags/example_bash_decorator.py took 0.100 seconds
[2026-05-15T18:36:59.901+0000] {processor.py:186} INFO - Started process (PID=110222) to work on /usr/local/python/3.12.1/lib/python3.12/site-packages/airflow/example_dags/example_bash_decorator.py
[2026-05-15T18:36:59.901+0000] {processor.py:914} INFO - Processing file /usr/local/python/3.12.1/lib/python3.12/site-packages/airflow/example_dags/example_bash_decorator.py for tasks to queue
[2026-05-15T18:36:59.903+0000] {logging_mixin.py:190} INFO - [2026-05-15T18:36:59.903+0000] {dagbag.py:588} INFO - Filling up the DagBag from /usr/local/python/3.12.1/lib/python3.12/site-packages/airflow/example_dags/example_bash_decorator.py
[2026-05-15T18:36:59.917+0000] {processor.py:925} INFO - DAG(s) 'example_bash_decorator' retrieved from /usr/local/python/3.12.1/lib/python3.12/site-packages/airflow/example_dags/example_bash_decorator.py
[2026-05-15T18:36:59.933+0000] {logging_mixin.py:190} INFO - [2026-05-15T18:36:59.933+0000] {dag.py:3239} INFO - Sync 1 DAGs
[2026-05-15T18:36:59.944+0000] {logging_mixin.py:190} INFO - [2026-05-15T18:36:59.944+0000] {dag.py:4180} INFO - Setting next_dagrun for example_bash_decorator to None, run_after=None
[2026-05-15T18:36:59.964+0000] {processor.py:208} INFO - Processing /usr/local/python/3.12.1/lib/python3.12/site-packages/airflow/example_dags/example_bash_decorator.py took 0.069 seconds
[2026-05-15T18:37:59.172+0000] {processor.py:186} INFO - Started process (PID=110682) to work on /usr/local/python/3.12.1/lib/python3.12/site-packages/airflow/example_dags/example_bash_decorator.py
[2026-05-15T18:37:59.172+0000] {processor.py:914} INFO - Processing file /usr/local/python/3.12.1/lib/python3.12/site-packages/airflow/example_dags/example_bash_decorator.py for tasks to queue
[2026-05-15T18:37:59.175+0000] {logging_mixin.py:190} INFO - [2026-05-15T18:37:59.174+0000] {dagbag.py:588} INFO - Filling up the DagBag from /usr/local/python/3.12.1/lib/python3.12/site-packages/airflow/example_dags/example_bash_decorator.py
[2026-05-15T18:37:59.191+0000] {processor.py:925} INFO - DAG(s) 'example_bash_decorator' retrieved from /usr/local/python/3.12.1/lib/python3.12/site-packages/airflow/example_dags/example_bash_decorator.py
[2026-05-15T18:37:59.207+0000] {logging_mixin.py:190} INFO - [2026-05-15T18:37:59.207+0000] {dag.py:3239} INFO - Sync 1 DAGs
[2026-05-15T18:37:59.217+0000] {logging_mixin.py:190} INFO - [2026-05-15T18:37:59.217+0000] {dag.py:4180} INFO - Setting next_dagrun for example_bash_decorator to None, run_after=None
[2026-05-15T18:37:59.233+0000] {processor.py:208} INFO - Processing /usr/local/python/3.12.1/lib/python3.12/site-packages/airflow/example_dags/example_bash_decorator.py took 0.066 seconds
[2026-05-15T18:39:28.645+0000] {processor.py:186} INFO - Started process (PID=111396) to work on /usr/local/python/3.12.1/lib/python3.12/site-packages/airflow/example_dags/example_bash_decorator.py
[2026-05-15T18:39:28.646+0000] {processor.py:914} INFO - Processing file /usr/local/python/3.12.1/lib/python3.12/site-packages/airflow/example_dags/example_bash_decorator.py for tasks to queue
[2026-05-15T18:39:28.648+0000] {logging_mixin.py:190} INFO - [2026-05-15T18:39:28.647+0000] {dagbag.py:588} INFO - Filling up the DagBag from /usr/local/python/3.12.1/lib/python3.12/site-packages/airflow/example_dags/example_bash_decorator.py
[2026-05-15T18:39:28.662+0000] {processor.py:925} INFO - DAG(s) 'example_bash_decorator' retrieved from /usr/local/python/3.12.1/lib/python3.12/site-packages/airflow/example_dags/example_bash_decorator.py
[2026-05-15T18:39:28.684+0000] {logging_mixin.py:190} INFO - [2026-05-15T18:39:28.684+0000] {dag.py:3239} INFO - Sync 1 DAGs
[2026-05-15T18:39:28.698+0000] {logging_mixin.py:190} INFO - [2026-05-15T18:39:28.698+0000] {dag.py:4180} INFO - Setting next_dagrun for example_bash_decorator to None, run_after=None
[2026-05-15T18:39:28.720+0000] {processor.py:208} INFO - Processing /usr/local/python/3.12.1/lib/python3.12/site-packages/airflow/example_dags/example_bash_decorator.py took 0.081 seconds
[2026-05-15T18:40:28.696+0000] {processor.py:186} INFO - Started process (PID=111850) to work on /usr/local/python/3.12.1/lib/python3.12/site-packages/airflow/example_dags/example_bash_decorator.py
[2026-05-15T18:40:28.697+0000] {processor.py:914} INFO - Processing file /usr/local/python/3.12.1/lib/python3.12/site-packages/airflow/example_dags/example_bash_decorator.py for tasks to queue
[2026-05-15T18:40:28.701+0000] {logging_mixin.py:190} INFO - [2026-05-15T18:40:28.700+0000] {dagbag.py:588} INFO - Filling up the DagBag from /usr/local/python/3.12.1/lib/python3.12/site-packages/airflow/example_dags/example_bash_decorator.py
[2026-05-15T18:40:28.730+0000] {processor.py:925} INFO - DAG(s) 'example_bash_decorator' retrieved from /usr/local/python/3.12.1/lib/python3.12/site-packages/airflow/example_dags/example_bash_decorator.py
[2026-05-15T18:40:28.768+0000] {logging_mixin.py:190} INFO - [2026-05-15T18:40:28.768+0000] {dag.py:3239} INFO - Sync 1 DAGs
[2026-05-15T18:40:28.796+0000] {logging_mixin.py:190} INFO - [2026-05-15T18:40:28.794+0000] {dag.py:4180} INFO - Setting next_dagrun for example_bash_decorator to None, run_after=None
[2026-05-15T18:40:28.914+0000] {processor.py:208} INFO - Processing /usr/local/python/3.12.1/lib/python3.12/site-packages/airflow/example_dags/example_bash_decorator.py took 0.238 seconds
[2026-05-15T18:41:28.828+0000] {processor.py:186} INFO - Started process (PID=112313) to work on /usr/local/python/3.12.1/lib/python3.12/site-packages/airflow/example_dags/example_bash_decorator.py
[2026-05-15T18:41:28.829+0000] {processor.py:914} INFO - Processing file /usr/local/python/3.12.1/lib/python3.12/site-packages/airflow/example_dags/example_bash_decorator.py for tasks to queue
[2026-05-15T18:41:28.831+0000] {logging_mixin.py:190} INFO - [2026-05-15T18:41:28.831+0000] {dagbag.py:588} INFO - Filling up the DagBag from /usr/local/python/3.12.1/lib/python3.12/site-packages/airflow/example_dags/example_bash_decorator.py
[2026-05-15T18:41:28.846+0000] {processor.py:925} INFO - DAG(s) 'example_bash_decorator' retrieved from /usr/local/python/3.12.1/lib/python3.12/site-packages/airflow/example_dags/example_bash_decorator.py
[2026-05-15T18:41:28.865+0000] {logging_mixin.py:190} INFO - [2026-05-15T18:41:28.864+0000] {dag.py:3239} INFO - Sync 1 DAGs
[2026-05-15T18:41:28.878+0000] {logging_mixin.py:190} INFO - [2026-05-15T18:41:28.878+0000] {dag.py:4180} INFO - Setting next_dagrun for example_bash_decorator to None, run_after=None
[2026-05-15T18:41:28.901+0000] {processor.py:208} INFO - Processing /usr/local/python/3.12.1/lib/python3.12/site-packages/airflow/example_dags/example_bash_decorator.py took 0.078 seconds
[2026-05-15T18:42:29.446+0000] {processor.py:186} INFO - Started process (PID=112777) to work on /usr/local/python/3.12.1/lib/python3.12/site-packages/airflow/example_dags/example_bash_decorator.py
[2026-05-15T18:42:29.447+0000] {processor.py:914} INFO - Processing file /usr/local/python/3.12.1/lib/python3.12/site-packages/airflow/example_dags/example_bash_decorator.py for tasks to queue
[2026-05-15T18:42:29.448+0000] {logging_mixin.py:190} INFO - [2026-05-15T18:42:29.448+0000] {dagbag.py:588} INFO - Filling up the DagBag from /usr/local/python/3.12.1/lib/python3.12/site-packages/airflow/example_dags/example_bash_decorator.py
[2026-05-15T18:42:29.461+0000] {processor.py:925} INFO - DAG(s) 'example_bash_decorator' retrieved from /usr/local/python/3.12.1/lib/python3.12/site-packages/airflow/example_dags/example_bash_decorator.py
[2026-05-15T18:42:29.480+0000] {logging_mixin.py:190} INFO - [2026-05-15T18:42:29.480+0000] {dag.py:3239} INFO - Sync 1 DAGs
[2026-05-15T18:42:29.493+0000] {logging_mixin.py:190} INFO - [2026-05-15T18:42:29.493+0000] {dag.py:4180} INFO - Setting next_dagrun for example_bash_decorator to None, run_after=None
[2026-05-15T18:42:29.511+0000] {processor.py:208} INFO - Processing /usr/local/python/3.12.1/lib/python3.12/site-packages/airflow/example_dags/example_bash_decorator.py took 0.070 seconds
[2026-05-15T18:43:29.887+0000] {processor.py:186} INFO - Started process (PID=113240) to work on /usr/local/python/3.12.1/lib/python3.12/site-packages/airflow/example_dags/example_bash_decorator.py
[2026-05-15T18:43:29.888+0000] {processor.py:914} INFO - Processing file /usr/local/python/3.12.1/lib/python3.12/site-packages/airflow/example_dags/example_bash_decorator.py for tasks to queue
[2026-05-15T18:43:29.890+0000] {logging_mixin.py:190} INFO - [2026-05-15T18:43:29.890+0000] {dagbag.py:588} INFO - Filling up the DagBag from /usr/local/python/3.12.1/lib/python3.12/site-packages/airflow/example_dags/example_bash_decorator.py
[2026-05-15T18:43:29.903+0000] {processor.py:925} INFO - DAG(s) 'example_bash_decorator' retrieved from /usr/local/python/3.12.1/lib/python3.12/site-packages/airflow/example_dags/example_bash_decorator.py
[2026-05-15T18:43:29.918+0000] {logging_mixin.py:190} INFO - [2026-05-15T18:43:29.918+0000] {dag.py:3239} INFO - Sync 1 DAGs
[2026-05-15T18:43:29.927+0000] {logging_mixin.py:190} INFO - [2026-05-15T18:43:29.927+0000] {dag.py:4180} INFO - Setting next_dagrun for example_bash_decorator to None, run_after=None
[2026-05-15T18:43:29.943+0000] {processor.py:208} INFO - Processing /usr/local/python/3.12.1/lib/python3.12/site-packages/airflow/example_dags/example_bash_decorator.py took 0.062 seconds
[2026-05-15T18:44:31.050+0000] {processor.py:186} INFO - Started process (PID=113755) to work on /usr/local/python/3.12.1/lib/python3.12/site-packages/airflow/example_dags/example_bash_decorator.py
[2026-05-15T18:44:31.051+0000] {processor.py:914} INFO - Processing file /usr/local/python/3.12.1/lib/python3.12/site-packages/airflow/example_dags/example_bash_decorator.py for tasks to queue
[2026-05-15T18:44:31.053+0000] {logging_mixin.py:190} INFO - [2026-05-15T18:44:31.052+0000] {dagbag.py:588} INFO - Filling up the DagBag from /usr/local/python/3.12.1/lib/python3.12/site-packages/airflow/example_dags/example_bash_decorator.py
[2026-05-15T18:44:31.065+0000] {processor.py:925} INFO - DAG(s) 'example_bash_decorator' retrieved from /usr/local/python/3.12.1/lib/python3.12/site-packages/airflow/example_dags/example_bash_decorator.py
[2026-05-15T18:44:31.083+0000] {logging_mixin.py:190} INFO - [2026-05-15T18:44:31.083+0000] {dag.py:3239} INFO - Sync 1 DAGs
[2026-05-15T18:44:31.095+0000] {logging_mixin.py:190} INFO - [2026-05-15T18:44:31.095+0000] {dag.py:4180} INFO - Setting next_dagrun for example_bash_decorator to None, run_after=None
[2026-05-15T18:44:31.113+0000] {processor.py:208} INFO - Processing /usr/local/python/3.12.1/lib/python3.12/site-packages/airflow/example_dags/example_bash_decorator.py took 0.067 seconds
[2026-05-15T18:45:58.609+0000] {processor.py:186} INFO - Started process (PID=114438) to work on /usr/local/python/3.12.1/lib/python3.12/site-packages/airflow/example_dags/example_bash_decorator.py
[2026-05-15T18:45:58.610+0000] {processor.py:914} INFO - Processing file /usr/local/python/3.12.1/lib/python3.12/site-packages/airflow/example_dags/example_bash_decorator.py for tasks to queue
[2026-05-15T18:45:58.611+0000] {logging_mixin.py:190} INFO - [2026-05-15T18:45:58.611+0000] {dagbag.py:588} INFO - Filling up the DagBag from /usr/local/python/3.12.1/lib/python3.12/site-packages/airflow/example_dags/example_bash_decorator.py
[2026-05-15T18:45:58.624+0000] {processor.py:925} INFO - DAG(s) 'example_bash_decorator' retrieved from /usr/local/python/3.12.1/lib/python3.12/site-packages/airflow/example_dags/example_bash_decorator.py
[2026-05-15T18:45:58.638+0000] {logging_mixin.py:190} INFO - [2026-05-15T18:45:58.638+0000] {dag.py:3239} INFO - Sync 1 DAGs
[2026-05-15T18:45:58.649+0000] {logging_mixin.py:190} INFO - [2026-05-15T18:45:58.648+0000] {dag.py:4180} INFO - Setting next_dagrun for example_bash_decorator to None, run_after=None
[2026-05-15T18:45:58.666+0000] {processor.py:208} INFO - Processing /usr/local/python/3.12.1/lib/python3.12/site-packages/airflow/example_dags/example_bash_decorator.py took 0.062 seconds
[2026-05-15T18:46:58.673+0000] {processor.py:186} INFO - Started process (PID=114903) to work on /usr/local/python/3.12.1/lib/python3.12/site-packages/airflow/example_dags/example_bash_decorator.py
[2026-05-15T18:46:58.674+0000] {processor.py:914} INFO - Processing file /usr/local/python/3.12.1/lib/python3.12/site-packages/airflow/example_dags/example_bash_decorator.py for tasks to queue
[2026-05-15T18:46:58.677+0000] {logging_mixin.py:190} INFO - [2026-05-15T18:46:58.676+0000] {dagbag.py:588} INFO - Filling up the DagBag from /usr/local/python/3.12.1/lib/python3.12/site-packages/airflow/example_dags/example_bash_decorator.py
[2026-05-15T18:46:58.694+0000] {processor.py:925} INFO - DAG(s) 'example_bash_decorator' retrieved from /usr/local/python/3.12.1/lib/python3.12/site-packages/airflow/example_dags/example_bash_decorator.py
[2026-05-15T18:46:58.710+0000] {logging_mixin.py:190} INFO - [2026-05-15T18:46:58.710+0000] {dag.py:3239} INFO - Sync 1 DAGs
[2026-05-15T18:46:58.721+0000] {logging_mixin.py:190} INFO - [2026-05-15T18:46:58.721+0000] {dag.py:4180} INFO - Setting next_dagrun for example_bash_decorator to None, run_after=None
[2026-05-15T18:46:58.742+0000] {processor.py:208} INFO - Processing /usr/local/python/3.12.1/lib/python3.12/site-packages/airflow/example_dags/example_bash_decorator.py took 0.074 seconds
[2026-05-15T18:48:03.069+0000] {processor.py:186} INFO - Started process (PID=115391) to work on /usr/local/python/3.12.1/lib/python3.12/site-packages/airflow/example_dags/example_bash_decorator.py
[2026-05-15T18:48:03.069+0000] {processor.py:914} INFO - Processing file /usr/local/python/3.12.1/lib/python3.12/site-packages/airflow/example_dags/example_bash_decorator.py for tasks to queue
[2026-05-15T18:48:03.071+0000] {logging_mixin.py:190} INFO - [2026-05-15T18:48:03.071+0000] {dagbag.py:588} INFO - Filling up the DagBag from /usr/local/python/3.12.1/lib/python3.12/site-packages/airflow/example_dags/example_bash_decorator.py
[2026-05-15T18:48:03.087+0000] {processor.py:925} INFO - DAG(s) 'example_bash_decorator' retrieved from /usr/local/python/3.12.1/lib/python3.12/site-packages/airflow/example_dags/example_bash_decorator.py
[2026-05-15T18:48:03.103+0000] {logging_mixin.py:190} INFO - [2026-05-15T18:48:03.103+0000] {dag.py:3239} INFO - Sync 1 DAGs
[2026-05-15T18:48:03.113+0000] {logging_mixin.py:190} INFO - [2026-05-15T18:48:03.113+0000] {dag.py:4180} INFO - Setting next_dagrun for example_bash_decorator to None, run_after=None
[2026-05-15T18:48:03.130+0000] {processor.py:208} INFO - Processing /usr/local/python/3.12.1/lib/python3.12/site-packages/airflow/example_dags/example_bash_decorator.py took 0.066 seconds
[2026-05-15T18:49:03.365+0000] {processor.py:186} INFO - Started process (PID=115858) to work on /usr/local/python/3.12.1/lib/python3.12/site-packages/airflow/example_dags/example_bash_decorator.py
[2026-05-15T18:49:03.366+0000] {processor.py:914} INFO - Processing file /usr/local/python/3.12.1/lib/python3.12/site-packages/airflow/example_dags/example_bash_decorator.py for tasks to queue
[2026-05-15T18:49:03.368+0000] {logging_mixin.py:190} INFO - [2026-05-15T18:49:03.367+0000] {dagbag.py:588} INFO - Filling up the DagBag from /usr/local/python/3.12.1/lib/python3.12/site-packages/airflow/example_dags/example_bash_decorator.py
[2026-05-15T18:49:03.383+0000] {processor.py:925} INFO - DAG(s) 'example_bash_decorator' retrieved from /usr/local/python/3.12.1/lib/python3.12/site-packages/airflow/example_dags/example_bash_decorator.py
[2026-05-15T18:49:03.401+0000] {logging_mixin.py:190} INFO - [2026-05-15T18:49:03.401+0000] {dag.py:3239} INFO - Sync 1 DAGs
[2026-05-15T18:49:03.414+0000] {logging_mixin.py:190} INFO - [2026-05-15T18:49:03.414+0000] {dag.py:4180} INFO - Setting next_dagrun for example_bash_decorator to None, run_after=None
[2026-05-15T18:49:03.432+0000] {processor.py:208} INFO - Processing /usr/local/python/3.12.1/lib/python3.12/site-packages/airflow/example_dags/example_bash_decorator.py took 0.071 seconds
[2026-05-15T18:50:05.269+0000] {processor.py:186} INFO - Started process (PID=116353) to work on /usr/local/python/3.12.1/lib/python3.12/site-packages/airflow/example_dags/example_bash_decorator.py
[2026-05-15T18:50:05.269+0000] {processor.py:914} INFO - Processing file /usr/local/python/3.12.1/lib/python3.12/site-packages/airflow/example_dags/example_bash_decorator.py for tasks to queue
[2026-05-15T18:50:05.271+0000] {logging_mixin.py:190} INFO - [2026-05-15T18:50:05.271+0000] {dagbag.py:588} INFO - Filling up the DagBag from /usr/local/python/3.12.1/lib/python3.12/site-packages/airflow/example_dags/example_bash_decorator.py
[2026-05-15T18:50:05.287+0000] {processor.py:925} INFO - DAG(s) 'example_bash_decorator' retrieved from /usr/local/python/3.12.1/lib/python3.12/site-packages/airflow/example_dags/example_bash_decorator.py
[2026-05-15T18:50:05.303+0000] {logging_mixin.py:190} INFO - [2026-05-15T18:50:05.303+0000] {dag.py:3239} INFO - Sync 1 DAGs
[2026-05-15T18:50:05.313+0000] {logging_mixin.py:190} INFO - [2026-05-15T18:50:05.312+0000] {dag.py:4180} INFO - Setting next_dagrun for example_bash_decorator to None, run_after=None
[2026-05-15T18:50:05.329+0000] {processor.py:208} INFO - Processing /usr/local/python/3.12.1/lib/python3.12/site-packages/airflow/example_dags/example_bash_decorator.py took 0.065 seconds
[2026-05-15T18:51:09.087+0000] {processor.py:186} INFO - Started process (PID=116843) to work on /usr/local/python/3.12.1/lib/python3.12/site-packages/airflow/example_dags/example_bash_decorator.py
[2026-05-15T18:51:09.087+0000] {processor.py:914} INFO - Processing file /usr/local/python/3.12.1/lib/python3.12/site-packages/airflow/example_dags/example_bash_decorator.py for tasks to queue
[2026-05-15T18:51:09.090+0000] {logging_mixin.py:190} INFO - [2026-05-15T18:51:09.089+0000] {dagbag.py:588} INFO - Filling up the DagBag from /usr/local/python/3.12.1/lib/python3.12/site-packages/airflow/example_dags/example_bash_decorator.py
[2026-05-15T18:51:09.104+0000] {processor.py:925} INFO - DAG(s) 'example_bash_decorator' retrieved from /usr/local/python/3.12.1/lib/python3.12/site-packages/airflow/example_dags/example_bash_decorator.py
[2026-05-15T18:51:09.119+0000] {logging_mixin.py:190} INFO - [2026-05-15T18:51:09.119+0000] {dag.py:3239} INFO - Sync 1 DAGs
[2026-05-15T18:51:09.129+0000] {logging_mixin.py:190} INFO - [2026-05-15T18:51:09.129+0000] {dag.py:4180} INFO - Setting next_dagrun for example_bash_decorator to None, run_after=None
[2026-05-15T18:51:09.145+0000] {processor.py:208} INFO - Processing /usr/local/python/3.12.1/lib/python3.12/site-packages/airflow/example_dags/example_bash_decorator.py took 0.065 seconds
[2026-05-15T18:52:07.852+0000] {processor.py:186} INFO - Started process (PID=117300) to work on /usr/local/python/3.12.1/lib/python3.12/site-packages/airflow/example_dags/example_bash_decorator.py
[2026-05-15T18:52:07.853+0000] {processor.py:914} INFO - Processing file /usr/local/python/3.12.1/lib/python3.12/site-packages/airflow/example_dags/example_bash_decorator.py for tasks to queue
[2026-05-15T18:52:07.854+0000] {logging_mixin.py:190} INFO - [2026-05-15T18:52:07.854+0000] {dagbag.py:588} INFO - Filling up the DagBag from /usr/local/python/3.12.1/lib/python3.12/site-packages/airflow/example_dags/example_bash_decorator.py
[2026-05-15T18:52:07.866+0000] {processor.py:925} INFO - DAG(s) 'example_bash_decorator' retrieved from /usr/local/python/3.12.1/lib/python3.12/site-packages/airflow/example_dags/example_bash_decorator.py
[2026-05-15T18:52:07.885+0000] {logging_mixin.py:190} INFO - [2026-05-15T18:52:07.885+0000] {dag.py:3239} INFO - Sync 1 DAGs
[2026-05-15T18:52:07.899+0000] {logging_mixin.py:190} INFO - [2026-05-15T18:52:07.899+0000] {dag.py:4180} INFO - Setting next_dagrun for example_bash_decorator to None, run_after=None
[2026-05-15T18:52:07.918+0000] {processor.py:208} INFO - Processing /usr/local/python/3.12.1/lib/python3.12/site-packages/airflow/example_dags/example_bash_decorator.py took 0.070 seconds
[2026-05-15T18:53:35.246+0000] {processor.py:186} INFO - Started process (PID=117982) to work on /usr/local/python/3.12.1/lib/python3.12/site-packages/airflow/example_dags/example_bash_decorator.py
[2026-05-15T18:53:35.247+0000] {processor.py:914} INFO - Processing file /usr/local/python/3.12.1/lib/python3.12/site-packages/airflow/example_dags/example_bash_decorator.py for tasks to queue
[2026-05-15T18:53:35.249+0000] {logging_mixin.py:190} INFO - [2026-05-15T18:53:35.249+0000] {dagbag.py:588} INFO - Filling up the DagBag from /usr/local/python/3.12.1/lib/python3.12/site-packages/airflow/example_dags/example_bash_decorator.py
[2026-05-15T18:53:35.271+0000] {processor.py:925} INFO - DAG(s) 'example_bash_decorator' retrieved from /usr/local/python/3.12.1/lib/python3.12/site-packages/airflow/example_dags/example_bash_decorator.py
[2026-05-15T18:53:35.293+0000] {logging_mixin.py:190} INFO - [2026-05-15T18:53:35.293+0000] {dag.py:3239} INFO - Sync 1 DAGs
[2026-05-15T18:53:35.304+0000] {logging_mixin.py:190} INFO - [2026-05-15T18:53:35.304+0000] {dag.py:4180} INFO - Setting next_dagrun for example_bash_decorator to None, run_after=None
[2026-05-15T18:53:35.320+0000] {processor.py:208} INFO - Processing /usr/local/python/3.12.1/lib/python3.12/site-packages/airflow/example_dags/example_bash_decorator.py took 0.082 seconds
