[2026-05-15T17:35:04.056+0000] {processor.py:186} INFO - Started process (PID=75616) to work on /usr/local/python/3.12.1/lib/python3.12/site-packages/airflow/example_dags/example_sensors.py
[2026-05-15T17:35:04.057+0000] {processor.py:914} INFO - Processing file /usr/local/python/3.12.1/lib/python3.12/site-packages/airflow/example_dags/example_sensors.py for tasks to queue
[2026-05-15T17:35:04.058+0000] {logging_mixin.py:190} INFO - [2026-05-15T17:35:04.058+0000] {dagbag.py:588} INFO - Filling up the DagBag from /usr/local/python/3.12.1/lib/python3.12/site-packages/airflow/example_dags/example_sensors.py
[2026-05-15T17:35:04.067+0000] {processor.py:925} INFO - DAG(s) 'example_sensors' retrieved from /usr/local/python/3.12.1/lib/python3.12/site-packages/airflow/example_dags/example_sensors.py
[2026-05-15T17:35:04.094+0000] {logging_mixin.py:190} INFO - [2026-05-15T17:35:04.094+0000] {dag.py:3239} INFO - Sync 1 DAGs
[2026-05-15T17:35:04.112+0000] {logging_mixin.py:190} INFO - [2026-05-15T17:35:04.111+0000] {dag.py:4180} INFO - Setting next_dagrun for example_sensors to None, run_after=None
[2026-05-15T17:35:04.130+0000] {processor.py:208} INFO - Processing /usr/local/python/3.12.1/lib/python3.12/site-packages/airflow/example_dags/example_sensors.py took 0.078 seconds
[2026-05-15T17:36:05.569+0000] {processor.py:186} INFO - Started process (PID=76230) to work on /usr/local/python/3.12.1/lib/python3.12/site-packages/airflow/example_dags/example_sensors.py
[2026-05-15T17:36:05.570+0000] {processor.py:914} INFO - Processing file /usr/local/python/3.12.1/lib/python3.12/site-packages/airflow/example_dags/example_sensors.py for tasks to queue
[2026-05-15T17:36:05.572+0000] {logging_mixin.py:190} INFO - [2026-05-15T17:36:05.571+0000] {dagbag.py:588} INFO - Filling up the DagBag from /usr/local/python/3.12.1/lib/python3.12/site-packages/airflow/example_dags/example_sensors.py
[2026-05-15T17:36:05.583+0000] {processor.py:925} INFO - DAG(s) 'example_sensors' retrieved from /usr/local/python/3.12.1/lib/python3.12/site-packages/airflow/example_dags/example_sensors.py
[2026-05-15T17:36:05.602+0000] {logging_mixin.py:190} INFO - [2026-05-15T17:36:05.602+0000] {dag.py:3239} INFO - Sync 1 DAGs
[2026-05-15T17:36:05.612+0000] {logging_mixin.py:190} INFO - [2026-05-15T17:36:05.612+0000] {dag.py:4180} INFO - Setting next_dagrun for example_sensors to None, run_after=None
[2026-05-15T17:36:05.629+0000] {processor.py:208} INFO - Processing /usr/local/python/3.12.1/lib/python3.12/site-packages/airflow/example_dags/example_sensors.py took 0.064 seconds
[2026-05-15T17:37:07.947+0000] {processor.py:186} INFO - Started process (PID=76851) to work on /usr/local/python/3.12.1/lib/python3.12/site-packages/airflow/example_dags/example_sensors.py
[2026-05-15T17:37:07.948+0000] {processor.py:914} INFO - Processing file /usr/local/python/3.12.1/lib/python3.12/site-packages/airflow/example_dags/example_sensors.py for tasks to queue
[2026-05-15T17:37:07.950+0000] {logging_mixin.py:190} INFO - [2026-05-15T17:37:07.950+0000] {dagbag.py:588} INFO - Filling up the DagBag from /usr/local/python/3.12.1/lib/python3.12/site-packages/airflow/example_dags/example_sensors.py
[2026-05-15T17:37:07.966+0000] {processor.py:925} INFO - DAG(s) 'example_sensors' retrieved from /usr/local/python/3.12.1/lib/python3.12/site-packages/airflow/example_dags/example_sensors.py
[2026-05-15T17:37:08.005+0000] {logging_mixin.py:190} INFO - [2026-05-15T17:37:08.005+0000] {dag.py:3239} INFO - Sync 1 DAGs
[2026-05-15T17:37:08.023+0000] {logging_mixin.py:190} INFO - [2026-05-15T17:37:08.023+0000] {dag.py:4180} INFO - Setting next_dagrun for example_sensors to None, run_after=None
[2026-05-15T17:37:08.052+0000] {processor.py:208} INFO - Processing /usr/local/python/3.12.1/lib/python3.12/site-packages/airflow/example_dags/example_sensors.py took 0.113 seconds
[2026-05-15T17:38:09.610+0000] {processor.py:186} INFO - Started process (PID=77486) to work on /usr/local/python/3.12.1/lib/python3.12/site-packages/airflow/example_dags/example_sensors.py
[2026-05-15T17:38:09.611+0000] {processor.py:914} INFO - Processing file /usr/local/python/3.12.1/lib/python3.12/site-packages/airflow/example_dags/example_sensors.py for tasks to queue
[2026-05-15T17:38:09.613+0000] {logging_mixin.py:190} INFO - [2026-05-15T17:38:09.613+0000] {dagbag.py:588} INFO - Filling up the DagBag from /usr/local/python/3.12.1/lib/python3.12/site-packages/airflow/example_dags/example_sensors.py
[2026-05-15T17:38:09.624+0000] {processor.py:925} INFO - DAG(s) 'example_sensors' retrieved from /usr/local/python/3.12.1/lib/python3.12/site-packages/airflow/example_dags/example_sensors.py
[2026-05-15T17:38:09.643+0000] {logging_mixin.py:190} INFO - [2026-05-15T17:38:09.643+0000] {dag.py:3239} INFO - Sync 1 DAGs
[2026-05-15T17:38:09.653+0000] {logging_mixin.py:190} INFO - [2026-05-15T17:38:09.653+0000] {dag.py:4180} INFO - Setting next_dagrun for example_sensors to None, run_after=None
[2026-05-15T17:38:09.669+0000] {processor.py:208} INFO - Processing /usr/local/python/3.12.1/lib/python3.12/site-packages/airflow/example_dags/example_sensors.py took 0.066 seconds
[2026-05-15T17:39:10.535+0000] {processor.py:186} INFO - Started process (PID=78227) to work on /usr/local/python/3.12.1/lib/python3.12/site-packages/airflow/example_dags/example_sensors.py
[2026-05-15T17:39:10.536+0000] {processor.py:914} INFO - Processing file /usr/local/python/3.12.1/lib/python3.12/site-packages/airflow/example_dags/example_sensors.py for tasks to queue
[2026-05-15T17:39:10.538+0000] {logging_mixin.py:190} INFO - [2026-05-15T17:39:10.537+0000] {dagbag.py:588} INFO - Filling up the DagBag from /usr/local/python/3.12.1/lib/python3.12/site-packages/airflow/example_dags/example_sensors.py
[2026-05-15T17:39:10.547+0000] {processor.py:925} INFO - DAG(s) 'example_sensors' retrieved from /usr/local/python/3.12.1/lib/python3.12/site-packages/airflow/example_dags/example_sensors.py
[2026-05-15T17:39:10.564+0000] {logging_mixin.py:190} INFO - [2026-05-15T17:39:10.564+0000] {dag.py:3239} INFO - Sync 1 DAGs
[2026-05-15T17:39:10.576+0000] {logging_mixin.py:190} INFO - [2026-05-15T17:39:10.575+0000] {dag.py:4180} INFO - Setting next_dagrun for example_sensors to None, run_after=None
[2026-05-15T17:39:10.596+0000] {processor.py:208} INFO - Processing /usr/local/python/3.12.1/lib/python3.12/site-packages/airflow/example_dags/example_sensors.py took 0.065 seconds
[2026-05-15T17:40:16.324+0000] {processor.py:186} INFO - Started process (PID=78952) to work on /usr/local/python/3.12.1/lib/python3.12/site-packages/airflow/example_dags/example_sensors.py
[2026-05-15T17:40:16.325+0000] {processor.py:914} INFO - Processing file /usr/local/python/3.12.1/lib/python3.12/site-packages/airflow/example_dags/example_sensors.py for tasks to queue
[2026-05-15T17:40:16.326+0000] {logging_mixin.py:190} INFO - [2026-05-15T17:40:16.326+0000] {dagbag.py:588} INFO - Filling up the DagBag from /usr/local/python/3.12.1/lib/python3.12/site-packages/airflow/example_dags/example_sensors.py
[2026-05-15T17:40:16.335+0000] {processor.py:925} INFO - DAG(s) 'example_sensors' retrieved from /usr/local/python/3.12.1/lib/python3.12/site-packages/airflow/example_dags/example_sensors.py
[2026-05-15T17:40:16.354+0000] {logging_mixin.py:190} INFO - [2026-05-15T17:40:16.354+0000] {dag.py:3239} INFO - Sync 1 DAGs
[2026-05-15T17:40:16.367+0000] {logging_mixin.py:190} INFO - [2026-05-15T17:40:16.366+0000] {dag.py:4180} INFO - Setting next_dagrun for example_sensors to None, run_after=None
[2026-05-15T17:40:16.413+0000] {processor.py:208} INFO - Processing /usr/local/python/3.12.1/lib/python3.12/site-packages/airflow/example_dags/example_sensors.py took 0.093 seconds
[2026-05-15T17:41:17.105+0000] {processor.py:186} INFO - Started process (PID=79580) to work on /usr/local/python/3.12.1/lib/python3.12/site-packages/airflow/example_dags/example_sensors.py
[2026-05-15T17:41:17.106+0000] {processor.py:914} INFO - Processing file /usr/local/python/3.12.1/lib/python3.12/site-packages/airflow/example_dags/example_sensors.py for tasks to queue
[2026-05-15T17:41:17.108+0000] {logging_mixin.py:190} INFO - [2026-05-15T17:41:17.107+0000] {dagbag.py:588} INFO - Filling up the DagBag from /usr/local/python/3.12.1/lib/python3.12/site-packages/airflow/example_dags/example_sensors.py
[2026-05-15T17:41:17.121+0000] {processor.py:925} INFO - DAG(s) 'example_sensors' retrieved from /usr/local/python/3.12.1/lib/python3.12/site-packages/airflow/example_dags/example_sensors.py
[2026-05-15T17:41:17.150+0000] {logging_mixin.py:190} INFO - [2026-05-15T17:41:17.150+0000] {dag.py:3239} INFO - Sync 1 DAGs
[2026-05-15T17:41:17.165+0000] {logging_mixin.py:190} INFO - [2026-05-15T17:41:17.165+0000] {dag.py:4180} INFO - Setting next_dagrun for example_sensors to None, run_after=None
[2026-05-15T17:41:17.187+0000] {processor.py:208} INFO - Processing /usr/local/python/3.12.1/lib/python3.12/site-packages/airflow/example_dags/example_sensors.py took 0.089 seconds
[2026-05-15T17:42:17.956+0000] {processor.py:186} INFO - Started process (PID=80195) to work on /usr/local/python/3.12.1/lib/python3.12/site-packages/airflow/example_dags/example_sensors.py
[2026-05-15T17:42:17.957+0000] {processor.py:914} INFO - Processing file /usr/local/python/3.12.1/lib/python3.12/site-packages/airflow/example_dags/example_sensors.py for tasks to queue
[2026-05-15T17:42:17.960+0000] {logging_mixin.py:190} INFO - [2026-05-15T17:42:17.959+0000] {dagbag.py:588} INFO - Filling up the DagBag from /usr/local/python/3.12.1/lib/python3.12/site-packages/airflow/example_dags/example_sensors.py
[2026-05-15T17:42:17.974+0000] {processor.py:925} INFO - DAG(s) 'example_sensors' retrieved from /usr/local/python/3.12.1/lib/python3.12/site-packages/airflow/example_dags/example_sensors.py
[2026-05-15T17:42:18.005+0000] {logging_mixin.py:190} INFO - [2026-05-15T17:42:18.005+0000] {dag.py:3239} INFO - Sync 1 DAGs
[2026-05-15T17:42:18.025+0000] {logging_mixin.py:190} INFO - [2026-05-15T17:42:18.025+0000] {dag.py:4180} INFO - Setting next_dagrun for example_sensors to None, run_after=None
[2026-05-15T17:42:18.048+0000] {processor.py:208} INFO - Processing /usr/local/python/3.12.1/lib/python3.12/site-packages/airflow/example_dags/example_sensors.py took 0.099 seconds
[2026-05-15T17:43:23.501+0000] {processor.py:186} INFO - Started process (PID=80840) to work on /usr/local/python/3.12.1/lib/python3.12/site-packages/airflow/example_dags/example_sensors.py
[2026-05-15T17:43:23.501+0000] {processor.py:914} INFO - Processing file /usr/local/python/3.12.1/lib/python3.12/site-packages/airflow/example_dags/example_sensors.py for tasks to queue
[2026-05-15T17:43:23.503+0000] {logging_mixin.py:190} INFO - [2026-05-15T17:43:23.503+0000] {dagbag.py:588} INFO - Filling up the DagBag from /usr/local/python/3.12.1/lib/python3.12/site-packages/airflow/example_dags/example_sensors.py
[2026-05-15T17:43:23.512+0000] {processor.py:925} INFO - DAG(s) 'example_sensors' retrieved from /usr/local/python/3.12.1/lib/python3.12/site-packages/airflow/example_dags/example_sensors.py
[2026-05-15T17:43:23.528+0000] {logging_mixin.py:190} INFO - [2026-05-15T17:43:23.528+0000] {dag.py:3239} INFO - Sync 1 DAGs
[2026-05-15T17:43:23.538+0000] {logging_mixin.py:190} INFO - [2026-05-15T17:43:23.538+0000] {dag.py:4180} INFO - Setting next_dagrun for example_sensors to None, run_after=None
[2026-05-15T17:43:23.555+0000] {processor.py:208} INFO - Processing /usr/local/python/3.12.1/lib/python3.12/site-packages/airflow/example_dags/example_sensors.py took 0.058 seconds
[2026-05-15T17:44:25.431+0000] {processor.py:186} INFO - Started process (PID=81536) to work on /usr/local/python/3.12.1/lib/python3.12/site-packages/airflow/example_dags/example_sensors.py
[2026-05-15T17:44:25.432+0000] {processor.py:914} INFO - Processing file /usr/local/python/3.12.1/lib/python3.12/site-packages/airflow/example_dags/example_sensors.py for tasks to queue
[2026-05-15T17:44:25.433+0000] {logging_mixin.py:190} INFO - [2026-05-15T17:44:25.433+0000] {dagbag.py:588} INFO - Filling up the DagBag from /usr/local/python/3.12.1/lib/python3.12/site-packages/airflow/example_dags/example_sensors.py
[2026-05-15T17:44:25.442+0000] {processor.py:925} INFO - DAG(s) 'example_sensors' retrieved from /usr/local/python/3.12.1/lib/python3.12/site-packages/airflow/example_dags/example_sensors.py
[2026-05-15T17:44:25.459+0000] {logging_mixin.py:190} INFO - [2026-05-15T17:44:25.459+0000] {dag.py:3239} INFO - Sync 1 DAGs
[2026-05-15T17:44:25.469+0000] {logging_mixin.py:190} INFO - [2026-05-15T17:44:25.469+0000] {dag.py:4180} INFO - Setting next_dagrun for example_sensors to None, run_after=None
[2026-05-15T17:44:25.493+0000] {processor.py:208} INFO - Processing /usr/local/python/3.12.1/lib/python3.12/site-packages/airflow/example_dags/example_sensors.py took 0.066 seconds
[2026-05-15T17:45:34.001+0000] {processor.py:186} INFO - Started process (PID=82282) to work on /usr/local/python/3.12.1/lib/python3.12/site-packages/airflow/example_dags/example_sensors.py
[2026-05-15T17:45:34.002+0000] {processor.py:914} INFO - Processing file /usr/local/python/3.12.1/lib/python3.12/site-packages/airflow/example_dags/example_sensors.py for tasks to queue
[2026-05-15T17:45:34.004+0000] {logging_mixin.py:190} INFO - [2026-05-15T17:45:34.003+0000] {dagbag.py:588} INFO - Filling up the DagBag from /usr/local/python/3.12.1/lib/python3.12/site-packages/airflow/example_dags/example_sensors.py
[2026-05-15T17:45:34.012+0000] {processor.py:925} INFO - DAG(s) 'example_sensors' retrieved from /usr/local/python/3.12.1/lib/python3.12/site-packages/airflow/example_dags/example_sensors.py
[2026-05-15T17:45:34.030+0000] {logging_mixin.py:190} INFO - [2026-05-15T17:45:34.029+0000] {dag.py:3239} INFO - Sync 1 DAGs
[2026-05-15T17:45:34.039+0000] {logging_mixin.py:190} INFO - [2026-05-15T17:45:34.039+0000] {dag.py:4180} INFO - Setting next_dagrun for example_sensors to None, run_after=None
[2026-05-15T17:45:34.058+0000] {processor.py:208} INFO - Processing /usr/local/python/3.12.1/lib/python3.12/site-packages/airflow/example_dags/example_sensors.py took 0.061 seconds
[2026-05-15T17:46:33.813+0000] {processor.py:186} INFO - Started process (PID=82903) to work on /usr/local/python/3.12.1/lib/python3.12/site-packages/airflow/example_dags/example_sensors.py
[2026-05-15T17:46:33.814+0000] {processor.py:914} INFO - Processing file /usr/local/python/3.12.1/lib/python3.12/site-packages/airflow/example_dags/example_sensors.py for tasks to queue
[2026-05-15T17:46:33.816+0000] {logging_mixin.py:190} INFO - [2026-05-15T17:46:33.815+0000] {dagbag.py:588} INFO - Filling up the DagBag from /usr/local/python/3.12.1/lib/python3.12/site-packages/airflow/example_dags/example_sensors.py
[2026-05-15T17:46:33.824+0000] {processor.py:925} INFO - DAG(s) 'example_sensors' retrieved from /usr/local/python/3.12.1/lib/python3.12/site-packages/airflow/example_dags/example_sensors.py
[2026-05-15T17:46:33.846+0000] {logging_mixin.py:190} INFO - [2026-05-15T17:46:33.845+0000] {dag.py:3239} INFO - Sync 1 DAGs
[2026-05-15T17:46:33.856+0000] {logging_mixin.py:190} INFO - [2026-05-15T17:46:33.856+0000] {dag.py:4180} INFO - Setting next_dagrun for example_sensors to None, run_after=None
[2026-05-15T17:46:33.873+0000] {processor.py:208} INFO - Processing /usr/local/python/3.12.1/lib/python3.12/site-packages/airflow/example_dags/example_sensors.py took 0.064 seconds
[2026-05-15T17:47:36.970+0000] {processor.py:186} INFO - Started process (PID=83542) to work on /usr/local/python/3.12.1/lib/python3.12/site-packages/airflow/example_dags/example_sensors.py
[2026-05-15T17:47:36.970+0000] {processor.py:914} INFO - Processing file /usr/local/python/3.12.1/lib/python3.12/site-packages/airflow/example_dags/example_sensors.py for tasks to queue
[2026-05-15T17:47:36.973+0000] {logging_mixin.py:190} INFO - [2026-05-15T17:47:36.972+0000] {dagbag.py:588} INFO - Filling up the DagBag from /usr/local/python/3.12.1/lib/python3.12/site-packages/airflow/example_dags/example_sensors.py
[2026-05-15T17:47:36.987+0000] {processor.py:925} INFO - DAG(s) 'example_sensors' retrieved from /usr/local/python/3.12.1/lib/python3.12/site-packages/airflow/example_dags/example_sensors.py
[2026-05-15T17:47:37.014+0000] {logging_mixin.py:190} INFO - [2026-05-15T17:47:37.014+0000] {dag.py:3239} INFO - Sync 1 DAGs
[2026-05-15T17:47:37.031+0000] {logging_mixin.py:190} INFO - [2026-05-15T17:47:37.031+0000] {dag.py:4180} INFO - Setting next_dagrun for example_sensors to None, run_after=None
[2026-05-15T17:47:37.061+0000] {processor.py:208} INFO - Processing /usr/local/python/3.12.1/lib/python3.12/site-packages/airflow/example_dags/example_sensors.py took 0.098 seconds
[2026-05-15T17:48:37.536+0000] {processor.py:186} INFO - Started process (PID=84154) to work on /usr/local/python/3.12.1/lib/python3.12/site-packages/airflow/example_dags/example_sensors.py
[2026-05-15T17:48:37.537+0000] {processor.py:914} INFO - Processing file /usr/local/python/3.12.1/lib/python3.12/site-packages/airflow/example_dags/example_sensors.py for tasks to queue
[2026-05-15T17:48:37.538+0000] {logging_mixin.py:190} INFO - [2026-05-15T17:48:37.538+0000] {dagbag.py:588} INFO - Filling up the DagBag from /usr/local/python/3.12.1/lib/python3.12/site-packages/airflow/example_dags/example_sensors.py
[2026-05-15T17:48:37.548+0000] {processor.py:925} INFO - DAG(s) 'example_sensors' retrieved from /usr/local/python/3.12.1/lib/python3.12/site-packages/airflow/example_dags/example_sensors.py
[2026-05-15T17:48:37.565+0000] {logging_mixin.py:190} INFO - [2026-05-15T17:48:37.565+0000] {dag.py:3239} INFO - Sync 1 DAGs
[2026-05-15T17:48:37.575+0000] {logging_mixin.py:190} INFO - [2026-05-15T17:48:37.575+0000] {dag.py:4180} INFO - Setting next_dagrun for example_sensors to None, run_after=None
[2026-05-15T17:48:37.595+0000] {processor.py:208} INFO - Processing /usr/local/python/3.12.1/lib/python3.12/site-packages/airflow/example_dags/example_sensors.py took 0.063 seconds
[2026-05-15T17:49:37.350+0000] {processor.py:186} INFO - Started process (PID=84853) to work on /usr/local/python/3.12.1/lib/python3.12/site-packages/airflow/example_dags/example_sensors.py
[2026-05-15T17:49:37.351+0000] {processor.py:914} INFO - Processing file /usr/local/python/3.12.1/lib/python3.12/site-packages/airflow/example_dags/example_sensors.py for tasks to queue
[2026-05-15T17:49:37.353+0000] {logging_mixin.py:190} INFO - [2026-05-15T17:49:37.352+0000] {dagbag.py:588} INFO - Filling up the DagBag from /usr/local/python/3.12.1/lib/python3.12/site-packages/airflow/example_dags/example_sensors.py
[2026-05-15T17:49:37.362+0000] {processor.py:925} INFO - DAG(s) 'example_sensors' retrieved from /usr/local/python/3.12.1/lib/python3.12/site-packages/airflow/example_dags/example_sensors.py
[2026-05-15T17:49:37.382+0000] {logging_mixin.py:190} INFO - [2026-05-15T17:49:37.382+0000] {dag.py:3239} INFO - Sync 1 DAGs
[2026-05-15T17:49:37.397+0000] {logging_mixin.py:190} INFO - [2026-05-15T17:49:37.396+0000] {dag.py:4180} INFO - Setting next_dagrun for example_sensors to None, run_after=None
[2026-05-15T17:49:37.415+0000] {processor.py:208} INFO - Processing /usr/local/python/3.12.1/lib/python3.12/site-packages/airflow/example_dags/example_sensors.py took 0.069 seconds
[2026-05-15T17:50:41.449+0000] {processor.py:186} INFO - Started process (PID=85500) to work on /usr/local/python/3.12.1/lib/python3.12/site-packages/airflow/example_dags/example_sensors.py
[2026-05-15T17:50:41.450+0000] {processor.py:914} INFO - Processing file /usr/local/python/3.12.1/lib/python3.12/site-packages/airflow/example_dags/example_sensors.py for tasks to queue
[2026-05-15T17:50:41.451+0000] {logging_mixin.py:190} INFO - [2026-05-15T17:50:41.451+0000] {dagbag.py:588} INFO - Filling up the DagBag from /usr/local/python/3.12.1/lib/python3.12/site-packages/airflow/example_dags/example_sensors.py
[2026-05-15T17:50:41.460+0000] {processor.py:925} INFO - DAG(s) 'example_sensors' retrieved from /usr/local/python/3.12.1/lib/python3.12/site-packages/airflow/example_dags/example_sensors.py
[2026-05-15T17:50:41.485+0000] {logging_mixin.py:190} INFO - [2026-05-15T17:50:41.484+0000] {dag.py:3239} INFO - Sync 1 DAGs
[2026-05-15T17:50:41.498+0000] {logging_mixin.py:190} INFO - [2026-05-15T17:50:41.498+0000] {dag.py:4180} INFO - Setting next_dagrun for example_sensors to None, run_after=None
[2026-05-15T17:50:41.518+0000] {processor.py:208} INFO - Processing /usr/local/python/3.12.1/lib/python3.12/site-packages/airflow/example_dags/example_sensors.py took 0.073 seconds
[2026-05-15T17:51:44.434+0000] {processor.py:186} INFO - Started process (PID=86126) to work on /usr/local/python/3.12.1/lib/python3.12/site-packages/airflow/example_dags/example_sensors.py
[2026-05-15T17:51:44.435+0000] {processor.py:914} INFO - Processing file /usr/local/python/3.12.1/lib/python3.12/site-packages/airflow/example_dags/example_sensors.py for tasks to queue
[2026-05-15T17:51:44.436+0000] {logging_mixin.py:190} INFO - [2026-05-15T17:51:44.436+0000] {dagbag.py:588} INFO - Filling up the DagBag from /usr/local/python/3.12.1/lib/python3.12/site-packages/airflow/example_dags/example_sensors.py
[2026-05-15T17:51:44.445+0000] {processor.py:925} INFO - DAG(s) 'example_sensors' retrieved from /usr/local/python/3.12.1/lib/python3.12/site-packages/airflow/example_dags/example_sensors.py
[2026-05-15T17:51:44.462+0000] {logging_mixin.py:190} INFO - [2026-05-15T17:51:44.461+0000] {dag.py:3239} INFO - Sync 1 DAGs
[2026-05-15T17:51:44.476+0000] {logging_mixin.py:190} INFO - [2026-05-15T17:51:44.476+0000] {dag.py:4180} INFO - Setting next_dagrun for example_sensors to None, run_after=None
[2026-05-15T17:51:44.499+0000] {processor.py:208} INFO - Processing /usr/local/python/3.12.1/lib/python3.12/site-packages/airflow/example_dags/example_sensors.py took 0.069 seconds
[2026-05-15T17:52:42.993+0000] {processor.py:186} INFO - Started process (PID=86712) to work on /usr/local/python/3.12.1/lib/python3.12/site-packages/airflow/example_dags/example_sensors.py
[2026-05-15T17:52:42.994+0000] {processor.py:914} INFO - Processing file /usr/local/python/3.12.1/lib/python3.12/site-packages/airflow/example_dags/example_sensors.py for tasks to queue
[2026-05-15T17:52:42.995+0000] {logging_mixin.py:190} INFO - [2026-05-15T17:52:42.995+0000] {dagbag.py:588} INFO - Filling up the DagBag from /usr/local/python/3.12.1/lib/python3.12/site-packages/airflow/example_dags/example_sensors.py
[2026-05-15T17:52:43.006+0000] {processor.py:925} INFO - DAG(s) 'example_sensors' retrieved from /usr/local/python/3.12.1/lib/python3.12/site-packages/airflow/example_dags/example_sensors.py
[2026-05-15T17:52:43.023+0000] {logging_mixin.py:190} INFO - [2026-05-15T17:52:43.023+0000] {dag.py:3239} INFO - Sync 1 DAGs
[2026-05-15T17:52:43.033+0000] {logging_mixin.py:190} INFO - [2026-05-15T17:52:43.032+0000] {dag.py:4180} INFO - Setting next_dagrun for example_sensors to None, run_after=None
[2026-05-15T17:52:43.049+0000] {processor.py:208} INFO - Processing /usr/local/python/3.12.1/lib/python3.12/site-packages/airflow/example_dags/example_sensors.py took 0.062 seconds
[2026-05-15T17:53:42.401+0000] {processor.py:186} INFO - Started process (PID=87285) to work on /usr/local/python/3.12.1/lib/python3.12/site-packages/airflow/example_dags/example_sensors.py
[2026-05-15T17:53:42.401+0000] {processor.py:914} INFO - Processing file /usr/local/python/3.12.1/lib/python3.12/site-packages/airflow/example_dags/example_sensors.py for tasks to queue
[2026-05-15T17:53:42.403+0000] {logging_mixin.py:190} INFO - [2026-05-15T17:53:42.403+0000] {dagbag.py:588} INFO - Filling up the DagBag from /usr/local/python/3.12.1/lib/python3.12/site-packages/airflow/example_dags/example_sensors.py
[2026-05-15T17:53:42.411+0000] {processor.py:925} INFO - DAG(s) 'example_sensors' retrieved from /usr/local/python/3.12.1/lib/python3.12/site-packages/airflow/example_dags/example_sensors.py
[2026-05-15T17:53:42.428+0000] {logging_mixin.py:190} INFO - [2026-05-15T17:53:42.428+0000] {dag.py:3239} INFO - Sync 1 DAGs
[2026-05-15T17:53:42.438+0000] {logging_mixin.py:190} INFO - [2026-05-15T17:53:42.437+0000] {dag.py:4180} INFO - Setting next_dagrun for example_sensors to None, run_after=None
[2026-05-15T17:53:42.455+0000] {processor.py:208} INFO - Processing /usr/local/python/3.12.1/lib/python3.12/site-packages/airflow/example_dags/example_sensors.py took 0.058 seconds
[2026-05-15T17:54:43.175+0000] {processor.py:186} INFO - Started process (PID=87951) to work on /usr/local/python/3.12.1/lib/python3.12/site-packages/airflow/example_dags/example_sensors.py
[2026-05-15T17:54:43.175+0000] {processor.py:914} INFO - Processing file /usr/local/python/3.12.1/lib/python3.12/site-packages/airflow/example_dags/example_sensors.py for tasks to queue
[2026-05-15T17:54:43.177+0000] {logging_mixin.py:190} INFO - [2026-05-15T17:54:43.177+0000] {dagbag.py:588} INFO - Filling up the DagBag from /usr/local/python/3.12.1/lib/python3.12/site-packages/airflow/example_dags/example_sensors.py
[2026-05-15T17:54:43.189+0000] {processor.py:925} INFO - DAG(s) 'example_sensors' retrieved from /usr/local/python/3.12.1/lib/python3.12/site-packages/airflow/example_dags/example_sensors.py
[2026-05-15T17:54:43.206+0000] {logging_mixin.py:190} INFO - [2026-05-15T17:54:43.206+0000] {dag.py:3239} INFO - Sync 1 DAGs
[2026-05-15T17:54:43.216+0000] {logging_mixin.py:190} INFO - [2026-05-15T17:54:43.216+0000] {dag.py:4180} INFO - Setting next_dagrun for example_sensors to None, run_after=None
[2026-05-15T17:54:43.234+0000] {processor.py:208} INFO - Processing /usr/local/python/3.12.1/lib/python3.12/site-packages/airflow/example_dags/example_sensors.py took 0.064 seconds
[2026-05-15T17:55:42.943+0000] {processor.py:186} INFO - Started process (PID=88649) to work on /usr/local/python/3.12.1/lib/python3.12/site-packages/airflow/example_dags/example_sensors.py
[2026-05-15T17:55:42.943+0000] {processor.py:914} INFO - Processing file /usr/local/python/3.12.1/lib/python3.12/site-packages/airflow/example_dags/example_sensors.py for tasks to queue
[2026-05-15T17:55:42.945+0000] {logging_mixin.py:190} INFO - [2026-05-15T17:55:42.945+0000] {dagbag.py:588} INFO - Filling up the DagBag from /usr/local/python/3.12.1/lib/python3.12/site-packages/airflow/example_dags/example_sensors.py
[2026-05-15T17:55:42.954+0000] {processor.py:925} INFO - DAG(s) 'example_sensors' retrieved from /usr/local/python/3.12.1/lib/python3.12/site-packages/airflow/example_dags/example_sensors.py
[2026-05-15T17:55:42.971+0000] {logging_mixin.py:190} INFO - [2026-05-15T17:55:42.971+0000] {dag.py:3239} INFO - Sync 1 DAGs
[2026-05-15T17:55:42.983+0000] {logging_mixin.py:190} INFO - [2026-05-15T17:55:42.983+0000] {dag.py:4180} INFO - Setting next_dagrun for example_sensors to None, run_after=None
[2026-05-15T17:55:43.001+0000] {processor.py:208} INFO - Processing /usr/local/python/3.12.1/lib/python3.12/site-packages/airflow/example_dags/example_sensors.py took 0.063 seconds
[2026-05-15T17:56:43.335+0000] {processor.py:186} INFO - Started process (PID=89269) to work on /usr/local/python/3.12.1/lib/python3.12/site-packages/airflow/example_dags/example_sensors.py
[2026-05-15T17:56:43.336+0000] {processor.py:914} INFO - Processing file /usr/local/python/3.12.1/lib/python3.12/site-packages/airflow/example_dags/example_sensors.py for tasks to queue
[2026-05-15T17:56:43.338+0000] {logging_mixin.py:190} INFO - [2026-05-15T17:56:43.337+0000] {dagbag.py:588} INFO - Filling up the DagBag from /usr/local/python/3.12.1/lib/python3.12/site-packages/airflow/example_dags/example_sensors.py
[2026-05-15T17:56:43.346+0000] {processor.py:925} INFO - DAG(s) 'example_sensors' retrieved from /usr/local/python/3.12.1/lib/python3.12/site-packages/airflow/example_dags/example_sensors.py
[2026-05-15T17:56:43.364+0000] {logging_mixin.py:190} INFO - [2026-05-15T17:56:43.364+0000] {dag.py:3239} INFO - Sync 1 DAGs
[2026-05-15T17:56:43.374+0000] {logging_mixin.py:190} INFO - [2026-05-15T17:56:43.374+0000] {dag.py:4180} INFO - Setting next_dagrun for example_sensors to None, run_after=None
[2026-05-15T17:56:43.403+0000] {processor.py:208} INFO - Processing /usr/local/python/3.12.1/lib/python3.12/site-packages/airflow/example_dags/example_sensors.py took 0.073 seconds
[2026-05-15T17:57:51.659+0000] {processor.py:186} INFO - Started process (PID=90311) to work on /usr/local/python/3.12.1/lib/python3.12/site-packages/airflow/example_dags/example_sensors.py
[2026-05-15T17:57:51.660+0000] {processor.py:914} INFO - Processing file /usr/local/python/3.12.1/lib/python3.12/site-packages/airflow/example_dags/example_sensors.py for tasks to queue
[2026-05-15T17:57:51.661+0000] {logging_mixin.py:190} INFO - [2026-05-15T17:57:51.661+0000] {dagbag.py:588} INFO - Filling up the DagBag from /usr/local/python/3.12.1/lib/python3.12/site-packages/airflow/example_dags/example_sensors.py
[2026-05-15T17:57:51.672+0000] {processor.py:925} INFO - DAG(s) 'example_sensors' retrieved from /usr/local/python/3.12.1/lib/python3.12/site-packages/airflow/example_dags/example_sensors.py
[2026-05-15T17:57:51.698+0000] {logging_mixin.py:190} INFO - [2026-05-15T17:57:51.697+0000] {dag.py:3239} INFO - Sync 1 DAGs
[2026-05-15T17:57:51.717+0000] {logging_mixin.py:190} INFO - [2026-05-15T17:57:51.717+0000] {dag.py:4180} INFO - Setting next_dagrun for example_sensors to None, run_after=None
[2026-05-15T17:57:51.742+0000] {processor.py:208} INFO - Processing /usr/local/python/3.12.1/lib/python3.12/site-packages/airflow/example_dags/example_sensors.py took 0.087 seconds
[2026-05-15T17:58:52.500+0000] {processor.py:186} INFO - Started process (PID=90910) to work on /usr/local/python/3.12.1/lib/python3.12/site-packages/airflow/example_dags/example_sensors.py
[2026-05-15T17:58:52.501+0000] {processor.py:914} INFO - Processing file /usr/local/python/3.12.1/lib/python3.12/site-packages/airflow/example_dags/example_sensors.py for tasks to queue
[2026-05-15T17:58:52.503+0000] {logging_mixin.py:190} INFO - [2026-05-15T17:58:52.503+0000] {dagbag.py:588} INFO - Filling up the DagBag from /usr/local/python/3.12.1/lib/python3.12/site-packages/airflow/example_dags/example_sensors.py
[2026-05-15T17:58:52.512+0000] {processor.py:925} INFO - DAG(s) 'example_sensors' retrieved from /usr/local/python/3.12.1/lib/python3.12/site-packages/airflow/example_dags/example_sensors.py
[2026-05-15T17:58:52.529+0000] {logging_mixin.py:190} INFO - [2026-05-15T17:58:52.529+0000] {dag.py:3239} INFO - Sync 1 DAGs
[2026-05-15T17:58:52.539+0000] {logging_mixin.py:190} INFO - [2026-05-15T17:58:52.539+0000] {dag.py:4180} INFO - Setting next_dagrun for example_sensors to None, run_after=None
[2026-05-15T17:58:52.559+0000] {processor.py:208} INFO - Processing /usr/local/python/3.12.1/lib/python3.12/site-packages/airflow/example_dags/example_sensors.py took 0.064 seconds
[2026-05-15T17:59:53.491+0000] {processor.py:186} INFO - Started process (PID=91644) to work on /usr/local/python/3.12.1/lib/python3.12/site-packages/airflow/example_dags/example_sensors.py
[2026-05-15T17:59:53.492+0000] {processor.py:914} INFO - Processing file /usr/local/python/3.12.1/lib/python3.12/site-packages/airflow/example_dags/example_sensors.py for tasks to queue
[2026-05-15T17:59:53.494+0000] {logging_mixin.py:190} INFO - [2026-05-15T17:59:53.493+0000] {dagbag.py:588} INFO - Filling up the DagBag from /usr/local/python/3.12.1/lib/python3.12/site-packages/airflow/example_dags/example_sensors.py
[2026-05-15T17:59:53.503+0000] {processor.py:925} INFO - DAG(s) 'example_sensors' retrieved from /usr/local/python/3.12.1/lib/python3.12/site-packages/airflow/example_dags/example_sensors.py
[2026-05-15T17:59:53.520+0000] {logging_mixin.py:190} INFO - [2026-05-15T17:59:53.519+0000] {dag.py:3239} INFO - Sync 1 DAGs
[2026-05-15T17:59:53.529+0000] {logging_mixin.py:190} INFO - [2026-05-15T17:59:53.529+0000] {dag.py:4180} INFO - Setting next_dagrun for example_sensors to None, run_after=None
[2026-05-15T17:59:53.547+0000] {processor.py:208} INFO - Processing /usr/local/python/3.12.1/lib/python3.12/site-packages/airflow/example_dags/example_sensors.py took 0.062 seconds
[2026-05-15T18:00:52.329+0000] {processor.py:186} INFO - Started process (PID=92224) to work on /usr/local/python/3.12.1/lib/python3.12/site-packages/airflow/example_dags/example_sensors.py
[2026-05-15T18:00:52.330+0000] {processor.py:914} INFO - Processing file /usr/local/python/3.12.1/lib/python3.12/site-packages/airflow/example_dags/example_sensors.py for tasks to queue
[2026-05-15T18:00:52.332+0000] {logging_mixin.py:190} INFO - [2026-05-15T18:00:52.331+0000] {dagbag.py:588} INFO - Filling up the DagBag from /usr/local/python/3.12.1/lib/python3.12/site-packages/airflow/example_dags/example_sensors.py
[2026-05-15T18:00:52.340+0000] {processor.py:925} INFO - DAG(s) 'example_sensors' retrieved from /usr/local/python/3.12.1/lib/python3.12/site-packages/airflow/example_dags/example_sensors.py
[2026-05-15T18:00:52.357+0000] {logging_mixin.py:190} INFO - [2026-05-15T18:00:52.357+0000] {dag.py:3239} INFO - Sync 1 DAGs
[2026-05-15T18:00:52.367+0000] {logging_mixin.py:190} INFO - [2026-05-15T18:00:52.367+0000] {dag.py:4180} INFO - Setting next_dagrun for example_sensors to None, run_after=None
[2026-05-15T18:00:52.386+0000] {processor.py:208} INFO - Processing /usr/local/python/3.12.1/lib/python3.12/site-packages/airflow/example_dags/example_sensors.py took 0.061 seconds
[2026-05-15T18:01:59.441+0000] {processor.py:186} INFO - Started process (PID=92997) to work on /usr/local/python/3.12.1/lib/python3.12/site-packages/airflow/example_dags/example_sensors.py
[2026-05-15T18:01:59.442+0000] {processor.py:914} INFO - Processing file /usr/local/python/3.12.1/lib/python3.12/site-packages/airflow/example_dags/example_sensors.py for tasks to queue
[2026-05-15T18:01:59.443+0000] {logging_mixin.py:190} INFO - [2026-05-15T18:01:59.443+0000] {dagbag.py:588} INFO - Filling up the DagBag from /usr/local/python/3.12.1/lib/python3.12/site-packages/airflow/example_dags/example_sensors.py
[2026-05-15T18:01:59.452+0000] {processor.py:925} INFO - DAG(s) 'example_sensors' retrieved from /usr/local/python/3.12.1/lib/python3.12/site-packages/airflow/example_dags/example_sensors.py
[2026-05-15T18:01:59.469+0000] {logging_mixin.py:190} INFO - [2026-05-15T18:01:59.468+0000] {dag.py:3239} INFO - Sync 1 DAGs
[2026-05-15T18:01:59.480+0000] {logging_mixin.py:190} INFO - [2026-05-15T18:01:59.480+0000] {dag.py:4180} INFO - Setting next_dagrun for example_sensors to None, run_after=None
[2026-05-15T18:01:59.500+0000] {processor.py:208} INFO - Processing /usr/local/python/3.12.1/lib/python3.12/site-packages/airflow/example_dags/example_sensors.py took 0.063 seconds
[2026-05-15T18:03:01.901+0000] {processor.py:186} INFO - Started process (PID=93614) to work on /usr/local/python/3.12.1/lib/python3.12/site-packages/airflow/example_dags/example_sensors.py
[2026-05-15T18:03:01.902+0000] {processor.py:914} INFO - Processing file /usr/local/python/3.12.1/lib/python3.12/site-packages/airflow/example_dags/example_sensors.py for tasks to queue
[2026-05-15T18:03:01.903+0000] {logging_mixin.py:190} INFO - [2026-05-15T18:03:01.903+0000] {dagbag.py:588} INFO - Filling up the DagBag from /usr/local/python/3.12.1/lib/python3.12/site-packages/airflow/example_dags/example_sensors.py
[2026-05-15T18:03:01.912+0000] {processor.py:925} INFO - DAG(s) 'example_sensors' retrieved from /usr/local/python/3.12.1/lib/python3.12/site-packages/airflow/example_dags/example_sensors.py
[2026-05-15T18:03:01.932+0000] {logging_mixin.py:190} INFO - [2026-05-15T18:03:01.931+0000] {dag.py:3239} INFO - Sync 1 DAGs
[2026-05-15T18:03:01.941+0000] {logging_mixin.py:190} INFO - [2026-05-15T18:03:01.941+0000] {dag.py:4180} INFO - Setting next_dagrun for example_sensors to None, run_after=None
[2026-05-15T18:03:01.958+0000] {processor.py:208} INFO - Processing /usr/local/python/3.12.1/lib/python3.12/site-packages/airflow/example_dags/example_sensors.py took 0.061 seconds
[2026-05-15T18:04:01.476+0000] {processor.py:186} INFO - Started process (PID=94062) to work on /usr/local/python/3.12.1/lib/python3.12/site-packages/airflow/example_dags/example_sensors.py
[2026-05-15T18:04:01.477+0000] {processor.py:914} INFO - Processing file /usr/local/python/3.12.1/lib/python3.12/site-packages/airflow/example_dags/example_sensors.py for tasks to queue
[2026-05-15T18:04:01.480+0000] {logging_mixin.py:190} INFO - [2026-05-15T18:04:01.479+0000] {dagbag.py:588} INFO - Filling up the DagBag from /usr/local/python/3.12.1/lib/python3.12/site-packages/airflow/example_dags/example_sensors.py
[2026-05-15T18:04:01.493+0000] {processor.py:925} INFO - DAG(s) 'example_sensors' retrieved from /usr/local/python/3.12.1/lib/python3.12/site-packages/airflow/example_dags/example_sensors.py
[2026-05-15T18:04:01.514+0000] {logging_mixin.py:190} INFO - [2026-05-15T18:04:01.514+0000] {dag.py:3239} INFO - Sync 1 DAGs
[2026-05-15T18:04:01.525+0000] {logging_mixin.py:190} INFO - [2026-05-15T18:04:01.525+0000] {dag.py:4180} INFO - Setting next_dagrun for example_sensors to None, run_after=None
[2026-05-15T18:04:01.545+0000] {processor.py:208} INFO - Processing /usr/local/python/3.12.1/lib/python3.12/site-packages/airflow/example_dags/example_sensors.py took 0.075 seconds
[2026-05-15T18:05:05.599+0000] {processor.py:186} INFO - Started process (PID=94595) to work on /usr/local/python/3.12.1/lib/python3.12/site-packages/airflow/example_dags/example_sensors.py
[2026-05-15T18:05:05.600+0000] {processor.py:914} INFO - Processing file /usr/local/python/3.12.1/lib/python3.12/site-packages/airflow/example_dags/example_sensors.py for tasks to queue
[2026-05-15T18:05:05.601+0000] {logging_mixin.py:190} INFO - [2026-05-15T18:05:05.601+0000] {dagbag.py:588} INFO - Filling up the DagBag from /usr/local/python/3.12.1/lib/python3.12/site-packages/airflow/example_dags/example_sensors.py
[2026-05-15T18:05:05.610+0000] {processor.py:925} INFO - DAG(s) 'example_sensors' retrieved from /usr/local/python/3.12.1/lib/python3.12/site-packages/airflow/example_dags/example_sensors.py
[2026-05-15T18:05:05.628+0000] {logging_mixin.py:190} INFO - [2026-05-15T18:05:05.628+0000] {dag.py:3239} INFO - Sync 1 DAGs
[2026-05-15T18:05:05.639+0000] {logging_mixin.py:190} INFO - [2026-05-15T18:05:05.638+0000] {dag.py:4180} INFO - Setting next_dagrun for example_sensors to None, run_after=None
[2026-05-15T18:05:05.657+0000] {processor.py:208} INFO - Processing /usr/local/python/3.12.1/lib/python3.12/site-packages/airflow/example_dags/example_sensors.py took 0.063 seconds
[2026-05-15T18:06:09.069+0000] {processor.py:186} INFO - Started process (PID=95079) to work on /usr/local/python/3.12.1/lib/python3.12/site-packages/airflow/example_dags/example_sensors.py
[2026-05-15T18:06:09.070+0000] {processor.py:914} INFO - Processing file /usr/local/python/3.12.1/lib/python3.12/site-packages/airflow/example_dags/example_sensors.py for tasks to queue
[2026-05-15T18:06:09.072+0000] {logging_mixin.py:190} INFO - [2026-05-15T18:06:09.072+0000] {dagbag.py:588} INFO - Filling up the DagBag from /usr/local/python/3.12.1/lib/python3.12/site-packages/airflow/example_dags/example_sensors.py
[2026-05-15T18:06:09.085+0000] {processor.py:925} INFO - DAG(s) 'example_sensors' retrieved from /usr/local/python/3.12.1/lib/python3.12/site-packages/airflow/example_dags/example_sensors.py
[2026-05-15T18:06:09.105+0000] {logging_mixin.py:190} INFO - [2026-05-15T18:06:09.105+0000] {dag.py:3239} INFO - Sync 1 DAGs
[2026-05-15T18:06:09.117+0000] {logging_mixin.py:190} INFO - [2026-05-15T18:06:09.116+0000] {dag.py:4180} INFO - Setting next_dagrun for example_sensors to None, run_after=None
[2026-05-15T18:06:09.135+0000] {processor.py:208} INFO - Processing /usr/local/python/3.12.1/lib/python3.12/site-packages/airflow/example_dags/example_sensors.py took 0.071 seconds
[2026-05-15T18:07:10.551+0000] {processor.py:186} INFO - Started process (PID=95544) to work on /usr/local/python/3.12.1/lib/python3.12/site-packages/airflow/example_dags/example_sensors.py
[2026-05-15T18:07:10.552+0000] {processor.py:914} INFO - Processing file /usr/local/python/3.12.1/lib/python3.12/site-packages/airflow/example_dags/example_sensors.py for tasks to queue
[2026-05-15T18:07:10.553+0000] {logging_mixin.py:190} INFO - [2026-05-15T18:07:10.553+0000] {dagbag.py:588} INFO - Filling up the DagBag from /usr/local/python/3.12.1/lib/python3.12/site-packages/airflow/example_dags/example_sensors.py
[2026-05-15T18:07:10.564+0000] {processor.py:925} INFO - DAG(s) 'example_sensors' retrieved from /usr/local/python/3.12.1/lib/python3.12/site-packages/airflow/example_dags/example_sensors.py
[2026-05-15T18:07:10.589+0000] {logging_mixin.py:190} INFO - [2026-05-15T18:07:10.589+0000] {dag.py:3239} INFO - Sync 1 DAGs
[2026-05-15T18:07:10.603+0000] {logging_mixin.py:190} INFO - [2026-05-15T18:07:10.603+0000] {dag.py:4180} INFO - Setting next_dagrun for example_sensors to None, run_after=None
[2026-05-15T18:07:10.624+0000] {processor.py:208} INFO - Processing /usr/local/python/3.12.1/lib/python3.12/site-packages/airflow/example_dags/example_sensors.py took 0.078 seconds
[2026-05-15T18:08:16.123+0000] {processor.py:186} INFO - Started process (PID=96044) to work on /usr/local/python/3.12.1/lib/python3.12/site-packages/airflow/example_dags/example_sensors.py
[2026-05-15T18:08:16.125+0000] {processor.py:914} INFO - Processing file /usr/local/python/3.12.1/lib/python3.12/site-packages/airflow/example_dags/example_sensors.py for tasks to queue
[2026-05-15T18:08:16.134+0000] {logging_mixin.py:190} INFO - [2026-05-15T18:08:16.133+0000] {dagbag.py:588} INFO - Filling up the DagBag from /usr/local/python/3.12.1/lib/python3.12/site-packages/airflow/example_dags/example_sensors.py
[2026-05-15T18:08:16.148+0000] {processor.py:925} INFO - DAG(s) 'example_sensors' retrieved from /usr/local/python/3.12.1/lib/python3.12/site-packages/airflow/example_dags/example_sensors.py
[2026-05-15T18:08:16.172+0000] {logging_mixin.py:190} INFO - [2026-05-15T18:08:16.172+0000] {dag.py:3239} INFO - Sync 1 DAGs
[2026-05-15T18:08:16.187+0000] {logging_mixin.py:190} INFO - [2026-05-15T18:08:16.187+0000] {dag.py:4180} INFO - Setting next_dagrun for example_sensors to None, run_after=None
[2026-05-15T18:08:16.354+0000] {processor.py:208} INFO - Processing /usr/local/python/3.12.1/lib/python3.12/site-packages/airflow/example_dags/example_sensors.py took 0.237 seconds
[2026-05-15T18:09:20.438+0000] {processor.py:186} INFO - Started process (PID=96570) to work on /usr/local/python/3.12.1/lib/python3.12/site-packages/airflow/example_dags/example_sensors.py
[2026-05-15T18:09:20.439+0000] {processor.py:914} INFO - Processing file /usr/local/python/3.12.1/lib/python3.12/site-packages/airflow/example_dags/example_sensors.py for tasks to queue
[2026-05-15T18:09:20.441+0000] {logging_mixin.py:190} INFO - [2026-05-15T18:09:20.440+0000] {dagbag.py:588} INFO - Filling up the DagBag from /usr/local/python/3.12.1/lib/python3.12/site-packages/airflow/example_dags/example_sensors.py
[2026-05-15T18:09:20.450+0000] {processor.py:925} INFO - DAG(s) 'example_sensors' retrieved from /usr/local/python/3.12.1/lib/python3.12/site-packages/airflow/example_dags/example_sensors.py
[2026-05-15T18:09:20.469+0000] {logging_mixin.py:190} INFO - [2026-05-15T18:09:20.469+0000] {dag.py:3239} INFO - Sync 1 DAGs
[2026-05-15T18:09:20.483+0000] {logging_mixin.py:190} INFO - [2026-05-15T18:09:20.482+0000] {dag.py:4180} INFO - Setting next_dagrun for example_sensors to None, run_after=None
[2026-05-15T18:09:20.652+0000] {processor.py:208} INFO - Processing /usr/local/python/3.12.1/lib/python3.12/site-packages/airflow/example_dags/example_sensors.py took 0.219 seconds
[2026-05-15T18:10:26.119+0000] {processor.py:186} INFO - Started process (PID=97065) to work on /usr/local/python/3.12.1/lib/python3.12/site-packages/airflow/example_dags/example_sensors.py
[2026-05-15T18:10:26.121+0000] {processor.py:914} INFO - Processing file /usr/local/python/3.12.1/lib/python3.12/site-packages/airflow/example_dags/example_sensors.py for tasks to queue
[2026-05-15T18:10:26.126+0000] {logging_mixin.py:190} INFO - [2026-05-15T18:10:26.125+0000] {dagbag.py:588} INFO - Filling up the DagBag from /usr/local/python/3.12.1/lib/python3.12/site-packages/airflow/example_dags/example_sensors.py
[2026-05-15T18:10:26.153+0000] {processor.py:925} INFO - DAG(s) 'example_sensors' retrieved from /usr/local/python/3.12.1/lib/python3.12/site-packages/airflow/example_dags/example_sensors.py
[2026-05-15T18:10:26.174+0000] {logging_mixin.py:190} INFO - [2026-05-15T18:10:26.173+0000] {dag.py:3239} INFO - Sync 1 DAGs
[2026-05-15T18:10:26.187+0000] {logging_mixin.py:190} INFO - [2026-05-15T18:10:26.186+0000] {dag.py:4180} INFO - Setting next_dagrun for example_sensors to None, run_after=None
[2026-05-15T18:10:26.205+0000] {processor.py:208} INFO - Processing /usr/local/python/3.12.1/lib/python3.12/site-packages/airflow/example_dags/example_sensors.py took 0.098 seconds
[2026-05-15T18:11:40.998+0000] {processor.py:186} INFO - Started process (PID=97908) to work on /usr/local/python/3.12.1/lib/python3.12/site-packages/airflow/example_dags/example_sensors.py
[2026-05-15T18:11:40.999+0000] {processor.py:914} INFO - Processing file /usr/local/python/3.12.1/lib/python3.12/site-packages/airflow/example_dags/example_sensors.py for tasks to queue
[2026-05-15T18:11:41.001+0000] {logging_mixin.py:190} INFO - [2026-05-15T18:11:41.001+0000] {dagbag.py:588} INFO - Filling up the DagBag from /usr/local/python/3.12.1/lib/python3.12/site-packages/airflow/example_dags/example_sensors.py
[2026-05-15T18:11:41.011+0000] {processor.py:925} INFO - DAG(s) 'example_sensors' retrieved from /usr/local/python/3.12.1/lib/python3.12/site-packages/airflow/example_dags/example_sensors.py
[2026-05-15T18:11:41.030+0000] {logging_mixin.py:190} INFO - [2026-05-15T18:11:41.029+0000] {dag.py:3239} INFO - Sync 1 DAGs
[2026-05-15T18:11:41.041+0000] {logging_mixin.py:190} INFO - [2026-05-15T18:11:41.040+0000] {dag.py:4180} INFO - Setting next_dagrun for example_sensors to None, run_after=None
[2026-05-15T18:11:41.059+0000] {processor.py:208} INFO - Processing /usr/local/python/3.12.1/lib/python3.12/site-packages/airflow/example_dags/example_sensors.py took 0.066 seconds
[2026-05-15T18:13:02.471+0000] {processor.py:186} INFO - Started process (PID=98792) to work on /usr/local/python/3.12.1/lib/python3.12/site-packages/airflow/example_dags/example_sensors.py
[2026-05-15T18:13:02.472+0000] {processor.py:914} INFO - Processing file /usr/local/python/3.12.1/lib/python3.12/site-packages/airflow/example_dags/example_sensors.py for tasks to queue
[2026-05-15T18:13:02.475+0000] {logging_mixin.py:190} INFO - [2026-05-15T18:13:02.474+0000] {dagbag.py:588} INFO - Filling up the DagBag from /usr/local/python/3.12.1/lib/python3.12/site-packages/airflow/example_dags/example_sensors.py
[2026-05-15T18:13:02.490+0000] {processor.py:925} INFO - DAG(s) 'example_sensors' retrieved from /usr/local/python/3.12.1/lib/python3.12/site-packages/airflow/example_dags/example_sensors.py
[2026-05-15T18:13:02.510+0000] {logging_mixin.py:190} INFO - [2026-05-15T18:13:02.509+0000] {dag.py:3239} INFO - Sync 1 DAGs
[2026-05-15T18:13:02.521+0000] {logging_mixin.py:190} INFO - [2026-05-15T18:13:02.520+0000] {dag.py:4180} INFO - Setting next_dagrun for example_sensors to None, run_after=None
[2026-05-15T18:13:02.540+0000] {processor.py:208} INFO - Processing /usr/local/python/3.12.1/lib/python3.12/site-packages/airflow/example_dags/example_sensors.py took 0.074 seconds
[2026-05-15T18:14:10.942+0000] {processor.py:186} INFO - Started process (PID=99335) to work on /usr/local/python/3.12.1/lib/python3.12/site-packages/airflow/example_dags/example_sensors.py
[2026-05-15T18:14:10.943+0000] {processor.py:914} INFO - Processing file /usr/local/python/3.12.1/lib/python3.12/site-packages/airflow/example_dags/example_sensors.py for tasks to queue
[2026-05-15T18:14:10.945+0000] {logging_mixin.py:190} INFO - [2026-05-15T18:14:10.945+0000] {dagbag.py:588} INFO - Filling up the DagBag from /usr/local/python/3.12.1/lib/python3.12/site-packages/airflow/example_dags/example_sensors.py
[2026-05-15T18:14:10.955+0000] {processor.py:925} INFO - DAG(s) 'example_sensors' retrieved from /usr/local/python/3.12.1/lib/python3.12/site-packages/airflow/example_dags/example_sensors.py
[2026-05-15T18:14:10.975+0000] {logging_mixin.py:190} INFO - [2026-05-15T18:14:10.975+0000] {dag.py:3239} INFO - Sync 1 DAGs
[2026-05-15T18:14:10.990+0000] {logging_mixin.py:190} INFO - [2026-05-15T18:14:10.989+0000] {dag.py:4180} INFO - Setting next_dagrun for example_sensors to None, run_after=None
[2026-05-15T18:14:11.010+0000] {processor.py:208} INFO - Processing /usr/local/python/3.12.1/lib/python3.12/site-packages/airflow/example_dags/example_sensors.py took 0.073 seconds
[2026-05-15T18:15:10.278+0000] {processor.py:186} INFO - Started process (PID=99845) to work on /usr/local/python/3.12.1/lib/python3.12/site-packages/airflow/example_dags/example_sensors.py
[2026-05-15T18:15:10.279+0000] {processor.py:914} INFO - Processing file /usr/local/python/3.12.1/lib/python3.12/site-packages/airflow/example_dags/example_sensors.py for tasks to queue
[2026-05-15T18:15:10.281+0000] {logging_mixin.py:190} INFO - [2026-05-15T18:15:10.281+0000] {dagbag.py:588} INFO - Filling up the DagBag from /usr/local/python/3.12.1/lib/python3.12/site-packages/airflow/example_dags/example_sensors.py
[2026-05-15T18:15:10.298+0000] {processor.py:925} INFO - DAG(s) 'example_sensors' retrieved from /usr/local/python/3.12.1/lib/python3.12/site-packages/airflow/example_dags/example_sensors.py
[2026-05-15T18:15:10.329+0000] {logging_mixin.py:190} INFO - [2026-05-15T18:15:10.329+0000] {dag.py:3239} INFO - Sync 1 DAGs
[2026-05-15T18:15:10.344+0000] {logging_mixin.py:190} INFO - [2026-05-15T18:15:10.344+0000] {dag.py:4180} INFO - Setting next_dagrun for example_sensors to None, run_after=None
[2026-05-15T18:15:10.366+0000] {processor.py:208} INFO - Processing /usr/local/python/3.12.1/lib/python3.12/site-packages/airflow/example_dags/example_sensors.py took 0.095 seconds
[2026-05-15T18:16:09.505+0000] {processor.py:186} INFO - Started process (PID=100359) to work on /usr/local/python/3.12.1/lib/python3.12/site-packages/airflow/example_dags/example_sensors.py
[2026-05-15T18:16:09.506+0000] {processor.py:914} INFO - Processing file /usr/local/python/3.12.1/lib/python3.12/site-packages/airflow/example_dags/example_sensors.py for tasks to queue
[2026-05-15T18:16:09.508+0000] {logging_mixin.py:190} INFO - [2026-05-15T18:16:09.507+0000] {dagbag.py:588} INFO - Filling up the DagBag from /usr/local/python/3.12.1/lib/python3.12/site-packages/airflow/example_dags/example_sensors.py
[2026-05-15T18:16:09.518+0000] {processor.py:925} INFO - DAG(s) 'example_sensors' retrieved from /usr/local/python/3.12.1/lib/python3.12/site-packages/airflow/example_dags/example_sensors.py
[2026-05-15T18:16:09.545+0000] {logging_mixin.py:190} INFO - [2026-05-15T18:16:09.544+0000] {dag.py:3239} INFO - Sync 1 DAGs
[2026-05-15T18:16:09.556+0000] {logging_mixin.py:190} INFO - [2026-05-15T18:16:09.556+0000] {dag.py:4180} INFO - Setting next_dagrun for example_sensors to None, run_after=None
[2026-05-15T18:16:09.577+0000] {processor.py:208} INFO - Processing /usr/local/python/3.12.1/lib/python3.12/site-packages/airflow/example_dags/example_sensors.py took 0.080 seconds
[2026-05-15T18:17:09.242+0000] {processor.py:186} INFO - Started process (PID=100808) to work on /usr/local/python/3.12.1/lib/python3.12/site-packages/airflow/example_dags/example_sensors.py
[2026-05-15T18:17:09.242+0000] {processor.py:914} INFO - Processing file /usr/local/python/3.12.1/lib/python3.12/site-packages/airflow/example_dags/example_sensors.py for tasks to queue
[2026-05-15T18:17:09.244+0000] {logging_mixin.py:190} INFO - [2026-05-15T18:17:09.244+0000] {dagbag.py:588} INFO - Filling up the DagBag from /usr/local/python/3.12.1/lib/python3.12/site-packages/airflow/example_dags/example_sensors.py
[2026-05-15T18:17:09.254+0000] {processor.py:925} INFO - DAG(s) 'example_sensors' retrieved from /usr/local/python/3.12.1/lib/python3.12/site-packages/airflow/example_dags/example_sensors.py
[2026-05-15T18:17:09.275+0000] {logging_mixin.py:190} INFO - [2026-05-15T18:17:09.275+0000] {dag.py:3239} INFO - Sync 1 DAGs
[2026-05-15T18:17:09.293+0000] {logging_mixin.py:190} INFO - [2026-05-15T18:17:09.292+0000] {dag.py:4180} INFO - Setting next_dagrun for example_sensors to None, run_after=None
[2026-05-15T18:17:09.312+0000] {processor.py:208} INFO - Processing /usr/local/python/3.12.1/lib/python3.12/site-packages/airflow/example_dags/example_sensors.py took 0.076 seconds
[2026-05-15T18:18:10.340+0000] {processor.py:186} INFO - Started process (PID=101332) to work on /usr/local/python/3.12.1/lib/python3.12/site-packages/airflow/example_dags/example_sensors.py
[2026-05-15T18:18:10.341+0000] {processor.py:914} INFO - Processing file /usr/local/python/3.12.1/lib/python3.12/site-packages/airflow/example_dags/example_sensors.py for tasks to queue
[2026-05-15T18:18:10.343+0000] {logging_mixin.py:190} INFO - [2026-05-15T18:18:10.343+0000] {dagbag.py:588} INFO - Filling up the DagBag from /usr/local/python/3.12.1/lib/python3.12/site-packages/airflow/example_dags/example_sensors.py
[2026-05-15T18:18:10.352+0000] {processor.py:925} INFO - DAG(s) 'example_sensors' retrieved from /usr/local/python/3.12.1/lib/python3.12/site-packages/airflow/example_dags/example_sensors.py
[2026-05-15T18:18:10.370+0000] {logging_mixin.py:190} INFO - [2026-05-15T18:18:10.370+0000] {dag.py:3239} INFO - Sync 1 DAGs
[2026-05-15T18:18:10.383+0000] {logging_mixin.py:190} INFO - [2026-05-15T18:18:10.383+0000] {dag.py:4180} INFO - Setting next_dagrun for example_sensors to None, run_after=None
[2026-05-15T18:18:10.405+0000] {processor.py:208} INFO - Processing /usr/local/python/3.12.1/lib/python3.12/site-packages/airflow/example_dags/example_sensors.py took 0.069 seconds
[2026-05-15T18:19:15.936+0000] {processor.py:186} INFO - Started process (PID=101866) to work on /usr/local/python/3.12.1/lib/python3.12/site-packages/airflow/example_dags/example_sensors.py
[2026-05-15T18:19:15.936+0000] {processor.py:914} INFO - Processing file /usr/local/python/3.12.1/lib/python3.12/site-packages/airflow/example_dags/example_sensors.py for tasks to queue
[2026-05-15T18:19:15.938+0000] {logging_mixin.py:190} INFO - [2026-05-15T18:19:15.938+0000] {dagbag.py:588} INFO - Filling up the DagBag from /usr/local/python/3.12.1/lib/python3.12/site-packages/airflow/example_dags/example_sensors.py
[2026-05-15T18:19:15.949+0000] {processor.py:925} INFO - DAG(s) 'example_sensors' retrieved from /usr/local/python/3.12.1/lib/python3.12/site-packages/airflow/example_dags/example_sensors.py
[2026-05-15T18:19:15.969+0000] {logging_mixin.py:190} INFO - [2026-05-15T18:19:15.969+0000] {dag.py:3239} INFO - Sync 1 DAGs
[2026-05-15T18:19:15.994+0000] {logging_mixin.py:190} INFO - [2026-05-15T18:19:15.994+0000] {dag.py:4180} INFO - Setting next_dagrun for example_sensors to None, run_after=None
[2026-05-15T18:19:16.016+0000] {processor.py:208} INFO - Processing /usr/local/python/3.12.1/lib/python3.12/site-packages/airflow/example_dags/example_sensors.py took 0.085 seconds
[2026-05-15T18:20:20.281+0000] {processor.py:186} INFO - Started process (PID=102360) to work on /usr/local/python/3.12.1/lib/python3.12/site-packages/airflow/example_dags/example_sensors.py
[2026-05-15T18:20:20.282+0000] {processor.py:914} INFO - Processing file /usr/local/python/3.12.1/lib/python3.12/site-packages/airflow/example_dags/example_sensors.py for tasks to queue
[2026-05-15T18:20:20.284+0000] {logging_mixin.py:190} INFO - [2026-05-15T18:20:20.284+0000] {dagbag.py:588} INFO - Filling up the DagBag from /usr/local/python/3.12.1/lib/python3.12/site-packages/airflow/example_dags/example_sensors.py
[2026-05-15T18:20:20.296+0000] {processor.py:925} INFO - DAG(s) 'example_sensors' retrieved from /usr/local/python/3.12.1/lib/python3.12/site-packages/airflow/example_dags/example_sensors.py
[2026-05-15T18:20:20.314+0000] {logging_mixin.py:190} INFO - [2026-05-15T18:20:20.314+0000] {dag.py:3239} INFO - Sync 1 DAGs
[2026-05-15T18:20:20.325+0000] {logging_mixin.py:190} INFO - [2026-05-15T18:20:20.324+0000] {dag.py:4180} INFO - Setting next_dagrun for example_sensors to None, run_after=None
[2026-05-15T18:20:20.346+0000] {processor.py:208} INFO - Processing /usr/local/python/3.12.1/lib/python3.12/site-packages/airflow/example_dags/example_sensors.py took 0.071 seconds
[2026-05-15T18:21:20.917+0000] {processor.py:186} INFO - Started process (PID=102827) to work on /usr/local/python/3.12.1/lib/python3.12/site-packages/airflow/example_dags/example_sensors.py
[2026-05-15T18:21:20.918+0000] {processor.py:914} INFO - Processing file /usr/local/python/3.12.1/lib/python3.12/site-packages/airflow/example_dags/example_sensors.py for tasks to queue
[2026-05-15T18:21:20.920+0000] {logging_mixin.py:190} INFO - [2026-05-15T18:21:20.919+0000] {dagbag.py:588} INFO - Filling up the DagBag from /usr/local/python/3.12.1/lib/python3.12/site-packages/airflow/example_dags/example_sensors.py
[2026-05-15T18:21:20.929+0000] {processor.py:925} INFO - DAG(s) 'example_sensors' retrieved from /usr/local/python/3.12.1/lib/python3.12/site-packages/airflow/example_dags/example_sensors.py
[2026-05-15T18:21:20.948+0000] {logging_mixin.py:190} INFO - [2026-05-15T18:21:20.948+0000] {dag.py:3239} INFO - Sync 1 DAGs
[2026-05-15T18:21:20.959+0000] {logging_mixin.py:190} INFO - [2026-05-15T18:21:20.958+0000] {dag.py:4180} INFO - Setting next_dagrun for example_sensors to None, run_after=None
[2026-05-15T18:21:20.980+0000] {processor.py:208} INFO - Processing /usr/local/python/3.12.1/lib/python3.12/site-packages/airflow/example_dags/example_sensors.py took 0.068 seconds
[2026-05-15T18:22:18.773+0000] {processor.py:186} INFO - Started process (PID=103286) to work on /usr/local/python/3.12.1/lib/python3.12/site-packages/airflow/example_dags/example_sensors.py
[2026-05-15T18:22:18.773+0000] {processor.py:914} INFO - Processing file /usr/local/python/3.12.1/lib/python3.12/site-packages/airflow/example_dags/example_sensors.py for tasks to queue
[2026-05-15T18:22:18.775+0000] {logging_mixin.py:190} INFO - [2026-05-15T18:22:18.775+0000] {dagbag.py:588} INFO - Filling up the DagBag from /usr/local/python/3.12.1/lib/python3.12/site-packages/airflow/example_dags/example_sensors.py
[2026-05-15T18:22:18.787+0000] {processor.py:925} INFO - DAG(s) 'example_sensors' retrieved from /usr/local/python/3.12.1/lib/python3.12/site-packages/airflow/example_dags/example_sensors.py
[2026-05-15T18:22:18.806+0000] {logging_mixin.py:190} INFO - [2026-05-15T18:22:18.806+0000] {dag.py:3239} INFO - Sync 1 DAGs
[2026-05-15T18:22:18.815+0000] {logging_mixin.py:190} INFO - [2026-05-15T18:22:18.815+0000] {dag.py:4180} INFO - Setting next_dagrun for example_sensors to None, run_after=None
[2026-05-15T18:22:18.833+0000] {processor.py:208} INFO - Processing /usr/local/python/3.12.1/lib/python3.12/site-packages/airflow/example_dags/example_sensors.py took 0.065 seconds
[2026-05-15T18:23:23.011+0000] {processor.py:186} INFO - Started process (PID=103770) to work on /usr/local/python/3.12.1/lib/python3.12/site-packages/airflow/example_dags/example_sensors.py
[2026-05-15T18:23:23.013+0000] {processor.py:914} INFO - Processing file /usr/local/python/3.12.1/lib/python3.12/site-packages/airflow/example_dags/example_sensors.py for tasks to queue
[2026-05-15T18:23:23.015+0000] {logging_mixin.py:190} INFO - [2026-05-15T18:23:23.014+0000] {dagbag.py:588} INFO - Filling up the DagBag from /usr/local/python/3.12.1/lib/python3.12/site-packages/airflow/example_dags/example_sensors.py
[2026-05-15T18:23:23.026+0000] {processor.py:925} INFO - DAG(s) 'example_sensors' retrieved from /usr/local/python/3.12.1/lib/python3.12/site-packages/airflow/example_dags/example_sensors.py
[2026-05-15T18:23:23.047+0000] {logging_mixin.py:190} INFO - [2026-05-15T18:23:23.047+0000] {dag.py:3239} INFO - Sync 1 DAGs
[2026-05-15T18:23:23.060+0000] {logging_mixin.py:190} INFO - [2026-05-15T18:23:23.059+0000] {dag.py:4180} INFO - Setting next_dagrun for example_sensors to None, run_after=None
[2026-05-15T18:23:23.086+0000] {processor.py:208} INFO - Processing /usr/local/python/3.12.1/lib/python3.12/site-packages/airflow/example_dags/example_sensors.py took 0.081 seconds
[2026-05-15T18:24:29.062+0000] {processor.py:186} INFO - Started process (PID=104410) to work on /usr/local/python/3.12.1/lib/python3.12/site-packages/airflow/example_dags/example_sensors.py
[2026-05-15T18:24:29.063+0000] {processor.py:914} INFO - Processing file /usr/local/python/3.12.1/lib/python3.12/site-packages/airflow/example_dags/example_sensors.py for tasks to queue
[2026-05-15T18:24:29.065+0000] {logging_mixin.py:190} INFO - [2026-05-15T18:24:29.065+0000] {dagbag.py:588} INFO - Filling up the DagBag from /usr/local/python/3.12.1/lib/python3.12/site-packages/airflow/example_dags/example_sensors.py
[2026-05-15T18:24:29.078+0000] {processor.py:925} INFO - DAG(s) 'example_sensors' retrieved from /usr/local/python/3.12.1/lib/python3.12/site-packages/airflow/example_dags/example_sensors.py
[2026-05-15T18:24:29.104+0000] {logging_mixin.py:190} INFO - [2026-05-15T18:24:29.104+0000] {dag.py:3239} INFO - Sync 1 DAGs
[2026-05-15T18:24:29.117+0000] {logging_mixin.py:190} INFO - [2026-05-15T18:24:29.116+0000] {dag.py:4180} INFO - Setting next_dagrun for example_sensors to None, run_after=None
[2026-05-15T18:24:29.138+0000] {processor.py:208} INFO - Processing /usr/local/python/3.12.1/lib/python3.12/site-packages/airflow/example_dags/example_sensors.py took 0.081 seconds
[2026-05-15T18:25:32.175+0000] {processor.py:186} INFO - Started process (PID=104910) to work on /usr/local/python/3.12.1/lib/python3.12/site-packages/airflow/example_dags/example_sensors.py
[2026-05-15T18:25:32.176+0000] {processor.py:914} INFO - Processing file /usr/local/python/3.12.1/lib/python3.12/site-packages/airflow/example_dags/example_sensors.py for tasks to queue
[2026-05-15T18:25:32.178+0000] {logging_mixin.py:190} INFO - [2026-05-15T18:25:32.178+0000] {dagbag.py:588} INFO - Filling up the DagBag from /usr/local/python/3.12.1/lib/python3.12/site-packages/airflow/example_dags/example_sensors.py
[2026-05-15T18:25:32.192+0000] {processor.py:925} INFO - DAG(s) 'example_sensors' retrieved from /usr/local/python/3.12.1/lib/python3.12/site-packages/airflow/example_dags/example_sensors.py
[2026-05-15T18:25:32.213+0000] {logging_mixin.py:190} INFO - [2026-05-15T18:25:32.213+0000] {dag.py:3239} INFO - Sync 1 DAGs
[2026-05-15T18:25:32.225+0000] {logging_mixin.py:190} INFO - [2026-05-15T18:25:32.224+0000] {dag.py:4180} INFO - Setting next_dagrun for example_sensors to None, run_after=None
[2026-05-15T18:25:32.247+0000] {processor.py:208} INFO - Processing /usr/local/python/3.12.1/lib/python3.12/site-packages/airflow/example_dags/example_sensors.py took 0.078 seconds
[2026-05-15T18:26:35.232+0000] {processor.py:186} INFO - Started process (PID=105391) to work on /usr/local/python/3.12.1/lib/python3.12/site-packages/airflow/example_dags/example_sensors.py
[2026-05-15T18:26:35.232+0000] {processor.py:914} INFO - Processing file /usr/local/python/3.12.1/lib/python3.12/site-packages/airflow/example_dags/example_sensors.py for tasks to queue
[2026-05-15T18:26:35.234+0000] {logging_mixin.py:190} INFO - [2026-05-15T18:26:35.234+0000] {dagbag.py:588} INFO - Filling up the DagBag from /usr/local/python/3.12.1/lib/python3.12/site-packages/airflow/example_dags/example_sensors.py
[2026-05-15T18:26:35.244+0000] {processor.py:925} INFO - DAG(s) 'example_sensors' retrieved from /usr/local/python/3.12.1/lib/python3.12/site-packages/airflow/example_dags/example_sensors.py
[2026-05-15T18:26:35.263+0000] {logging_mixin.py:190} INFO - [2026-05-15T18:26:35.263+0000] {dag.py:3239} INFO - Sync 1 DAGs
[2026-05-15T18:26:35.275+0000] {logging_mixin.py:190} INFO - [2026-05-15T18:26:35.275+0000] {dag.py:4180} INFO - Setting next_dagrun for example_sensors to None, run_after=None
[2026-05-15T18:26:35.300+0000] {processor.py:208} INFO - Processing /usr/local/python/3.12.1/lib/python3.12/site-packages/airflow/example_dags/example_sensors.py took 0.073 seconds
[2026-05-15T18:27:39.987+0000] {processor.py:186} INFO - Started process (PID=105878) to work on /usr/local/python/3.12.1/lib/python3.12/site-packages/airflow/example_dags/example_sensors.py
[2026-05-15T18:27:39.990+0000] {processor.py:914} INFO - Processing file /usr/local/python/3.12.1/lib/python3.12/site-packages/airflow/example_dags/example_sensors.py for tasks to queue
[2026-05-15T18:27:39.993+0000] {logging_mixin.py:190} INFO - [2026-05-15T18:27:39.992+0000] {dagbag.py:588} INFO - Filling up the DagBag from /usr/local/python/3.12.1/lib/python3.12/site-packages/airflow/example_dags/example_sensors.py
[2026-05-15T18:27:40.019+0000] {processor.py:925} INFO - DAG(s) 'example_sensors' retrieved from /usr/local/python/3.12.1/lib/python3.12/site-packages/airflow/example_dags/example_sensors.py
[2026-05-15T18:27:40.043+0000] {logging_mixin.py:190} INFO - [2026-05-15T18:27:40.042+0000] {dag.py:3239} INFO - Sync 1 DAGs
[2026-05-15T18:27:40.054+0000] {logging_mixin.py:190} INFO - [2026-05-15T18:27:40.054+0000] {dag.py:4180} INFO - Setting next_dagrun for example_sensors to None, run_after=None
[2026-05-15T18:27:40.073+0000] {processor.py:208} INFO - Processing /usr/local/python/3.12.1/lib/python3.12/site-packages/airflow/example_dags/example_sensors.py took 0.093 seconds
[2026-05-15T18:28:43.570+0000] {processor.py:186} INFO - Started process (PID=106360) to work on /usr/local/python/3.12.1/lib/python3.12/site-packages/airflow/example_dags/example_sensors.py
[2026-05-15T18:28:43.571+0000] {processor.py:914} INFO - Processing file /usr/local/python/3.12.1/lib/python3.12/site-packages/airflow/example_dags/example_sensors.py for tasks to queue
[2026-05-15T18:28:43.573+0000] {logging_mixin.py:190} INFO - [2026-05-15T18:28:43.572+0000] {dagbag.py:588} INFO - Filling up the DagBag from /usr/local/python/3.12.1/lib/python3.12/site-packages/airflow/example_dags/example_sensors.py
[2026-05-15T18:28:43.596+0000] {processor.py:925} INFO - DAG(s) 'example_sensors' retrieved from /usr/local/python/3.12.1/lib/python3.12/site-packages/airflow/example_dags/example_sensors.py
[2026-05-15T18:28:43.645+0000] {logging_mixin.py:190} INFO - [2026-05-15T18:28:43.644+0000] {dag.py:3239} INFO - Sync 1 DAGs
[2026-05-15T18:28:43.668+0000] {logging_mixin.py:190} INFO - [2026-05-15T18:28:43.667+0000] {dag.py:4180} INFO - Setting next_dagrun for example_sensors to None, run_after=None
[2026-05-15T18:28:43.711+0000] {processor.py:208} INFO - Processing /usr/local/python/3.12.1/lib/python3.12/site-packages/airflow/example_dags/example_sensors.py took 0.145 seconds
[2026-05-15T18:29:41.371+0000] {processor.py:186} INFO - Started process (PID=106833) to work on /usr/local/python/3.12.1/lib/python3.12/site-packages/airflow/example_dags/example_sensors.py
[2026-05-15T18:29:41.372+0000] {processor.py:914} INFO - Processing file /usr/local/python/3.12.1/lib/python3.12/site-packages/airflow/example_dags/example_sensors.py for tasks to queue
[2026-05-15T18:29:41.374+0000] {logging_mixin.py:190} INFO - [2026-05-15T18:29:41.374+0000] {dagbag.py:588} INFO - Filling up the DagBag from /usr/local/python/3.12.1/lib/python3.12/site-packages/airflow/example_dags/example_sensors.py
[2026-05-15T18:29:41.386+0000] {processor.py:925} INFO - DAG(s) 'example_sensors' retrieved from /usr/local/python/3.12.1/lib/python3.12/site-packages/airflow/example_dags/example_sensors.py
[2026-05-15T18:29:41.405+0000] {logging_mixin.py:190} INFO - [2026-05-15T18:29:41.405+0000] {dag.py:3239} INFO - Sync 1 DAGs
[2026-05-15T18:29:41.415+0000] {logging_mixin.py:190} INFO - [2026-05-15T18:29:41.415+0000] {dag.py:4180} INFO - Setting next_dagrun for example_sensors to None, run_after=None
[2026-05-15T18:29:41.432+0000] {processor.py:208} INFO - Processing /usr/local/python/3.12.1/lib/python3.12/site-packages/airflow/example_dags/example_sensors.py took 0.065 seconds
[2026-05-15T18:30:39.154+0000] {processor.py:186} INFO - Started process (PID=107289) to work on /usr/local/python/3.12.1/lib/python3.12/site-packages/airflow/example_dags/example_sensors.py
[2026-05-15T18:30:39.154+0000] {processor.py:914} INFO - Processing file /usr/local/python/3.12.1/lib/python3.12/site-packages/airflow/example_dags/example_sensors.py for tasks to queue
[2026-05-15T18:30:39.156+0000] {logging_mixin.py:190} INFO - [2026-05-15T18:30:39.156+0000] {dagbag.py:588} INFO - Filling up the DagBag from /usr/local/python/3.12.1/lib/python3.12/site-packages/airflow/example_dags/example_sensors.py
[2026-05-15T18:30:39.165+0000] {processor.py:925} INFO - DAG(s) 'example_sensors' retrieved from /usr/local/python/3.12.1/lib/python3.12/site-packages/airflow/example_dags/example_sensors.py
[2026-05-15T18:30:39.185+0000] {logging_mixin.py:190} INFO - [2026-05-15T18:30:39.185+0000] {dag.py:3239} INFO - Sync 1 DAGs
[2026-05-15T18:30:39.198+0000] {logging_mixin.py:190} INFO - [2026-05-15T18:30:39.198+0000] {dag.py:4180} INFO - Setting next_dagrun for example_sensors to None, run_after=None
[2026-05-15T18:30:39.216+0000] {processor.py:208} INFO - Processing /usr/local/python/3.12.1/lib/python3.12/site-packages/airflow/example_dags/example_sensors.py took 0.067 seconds
[2026-05-15T18:31:40.568+0000] {processor.py:186} INFO - Started process (PID=107757) to work on /usr/local/python/3.12.1/lib/python3.12/site-packages/airflow/example_dags/example_sensors.py
[2026-05-15T18:31:40.569+0000] {processor.py:914} INFO - Processing file /usr/local/python/3.12.1/lib/python3.12/site-packages/airflow/example_dags/example_sensors.py for tasks to queue
[2026-05-15T18:31:40.571+0000] {logging_mixin.py:190} INFO - [2026-05-15T18:31:40.570+0000] {dagbag.py:588} INFO - Filling up the DagBag from /usr/local/python/3.12.1/lib/python3.12/site-packages/airflow/example_dags/example_sensors.py
[2026-05-15T18:31:40.582+0000] {processor.py:925} INFO - DAG(s) 'example_sensors' retrieved from /usr/local/python/3.12.1/lib/python3.12/site-packages/airflow/example_dags/example_sensors.py
[2026-05-15T18:31:40.603+0000] {logging_mixin.py:190} INFO - [2026-05-15T18:31:40.602+0000] {dag.py:3239} INFO - Sync 1 DAGs
[2026-05-15T18:31:40.613+0000] {logging_mixin.py:190} INFO - [2026-05-15T18:31:40.612+0000] {dag.py:4180} INFO - Setting next_dagrun for example_sensors to None, run_after=None
[2026-05-15T18:31:40.632+0000] {processor.py:208} INFO - Processing /usr/local/python/3.12.1/lib/python3.12/site-packages/airflow/example_dags/example_sensors.py took 0.070 seconds
[2026-05-15T18:32:40.377+0000] {processor.py:186} INFO - Started process (PID=108221) to work on /usr/local/python/3.12.1/lib/python3.12/site-packages/airflow/example_dags/example_sensors.py
[2026-05-15T18:32:40.378+0000] {processor.py:914} INFO - Processing file /usr/local/python/3.12.1/lib/python3.12/site-packages/airflow/example_dags/example_sensors.py for tasks to queue
[2026-05-15T18:32:40.380+0000] {logging_mixin.py:190} INFO - [2026-05-15T18:32:40.380+0000] {dagbag.py:588} INFO - Filling up the DagBag from /usr/local/python/3.12.1/lib/python3.12/site-packages/airflow/example_dags/example_sensors.py
[2026-05-15T18:32:40.390+0000] {processor.py:925} INFO - DAG(s) 'example_sensors' retrieved from /usr/local/python/3.12.1/lib/python3.12/site-packages/airflow/example_dags/example_sensors.py
[2026-05-15T18:32:40.411+0000] {logging_mixin.py:190} INFO - [2026-05-15T18:32:40.411+0000] {dag.py:3239} INFO - Sync 1 DAGs
[2026-05-15T18:32:40.424+0000] {logging_mixin.py:190} INFO - [2026-05-15T18:32:40.423+0000] {dag.py:4180} INFO - Setting next_dagrun for example_sensors to None, run_after=None
[2026-05-15T18:32:40.469+0000] {processor.py:208} INFO - Processing /usr/local/python/3.12.1/lib/python3.12/site-packages/airflow/example_dags/example_sensors.py took 0.098 seconds
[2026-05-15T18:33:41.226+0000] {processor.py:186} INFO - Started process (PID=108687) to work on /usr/local/python/3.12.1/lib/python3.12/site-packages/airflow/example_dags/example_sensors.py
[2026-05-15T18:33:41.227+0000] {processor.py:914} INFO - Processing file /usr/local/python/3.12.1/lib/python3.12/site-packages/airflow/example_dags/example_sensors.py for tasks to queue
[2026-05-15T18:33:41.229+0000] {logging_mixin.py:190} INFO - [2026-05-15T18:33:41.228+0000] {dagbag.py:588} INFO - Filling up the DagBag from /usr/local/python/3.12.1/lib/python3.12/site-packages/airflow/example_dags/example_sensors.py
[2026-05-15T18:33:41.238+0000] {processor.py:925} INFO - DAG(s) 'example_sensors' retrieved from /usr/local/python/3.12.1/lib/python3.12/site-packages/airflow/example_dags/example_sensors.py
[2026-05-15T18:33:41.257+0000] {logging_mixin.py:190} INFO - [2026-05-15T18:33:41.256+0000] {dag.py:3239} INFO - Sync 1 DAGs
[2026-05-15T18:33:41.267+0000] {logging_mixin.py:190} INFO - [2026-05-15T18:33:41.267+0000] {dag.py:4180} INFO - Setting next_dagrun for example_sensors to None, run_after=None
[2026-05-15T18:33:41.290+0000] {processor.py:208} INFO - Processing /usr/local/python/3.12.1/lib/python3.12/site-packages/airflow/example_dags/example_sensors.py took 0.069 seconds
[2026-05-15T18:34:49.087+0000] {processor.py:186} INFO - Started process (PID=109211) to work on /usr/local/python/3.12.1/lib/python3.12/site-packages/airflow/example_dags/example_sensors.py
[2026-05-15T18:34:49.088+0000] {processor.py:914} INFO - Processing file /usr/local/python/3.12.1/lib/python3.12/site-packages/airflow/example_dags/example_sensors.py for tasks to queue
[2026-05-15T18:34:49.091+0000] {logging_mixin.py:190} INFO - [2026-05-15T18:34:49.090+0000] {dagbag.py:588} INFO - Filling up the DagBag from /usr/local/python/3.12.1/lib/python3.12/site-packages/airflow/example_dags/example_sensors.py
[2026-05-15T18:34:49.102+0000] {processor.py:925} INFO - DAG(s) 'example_sensors' retrieved from /usr/local/python/3.12.1/lib/python3.12/site-packages/airflow/example_dags/example_sensors.py
[2026-05-15T18:34:49.123+0000] {logging_mixin.py:190} INFO - [2026-05-15T18:34:49.122+0000] {dag.py:3239} INFO - Sync 1 DAGs
[2026-05-15T18:34:49.134+0000] {logging_mixin.py:190} INFO - [2026-05-15T18:34:49.134+0000] {dag.py:4180} INFO - Setting next_dagrun for example_sensors to None, run_after=None
[2026-05-15T18:34:49.156+0000] {processor.py:208} INFO - Processing /usr/local/python/3.12.1/lib/python3.12/site-packages/airflow/example_dags/example_sensors.py took 0.076 seconds
[2026-05-15T18:35:49.496+0000] {processor.py:186} INFO - Started process (PID=109678) to work on /usr/local/python/3.12.1/lib/python3.12/site-packages/airflow/example_dags/example_sensors.py
[2026-05-15T18:35:49.497+0000] {processor.py:914} INFO - Processing file /usr/local/python/3.12.1/lib/python3.12/site-packages/airflow/example_dags/example_sensors.py for tasks to queue
[2026-05-15T18:35:49.500+0000] {logging_mixin.py:190} INFO - [2026-05-15T18:35:49.499+0000] {dagbag.py:588} INFO - Filling up the DagBag from /usr/local/python/3.12.1/lib/python3.12/site-packages/airflow/example_dags/example_sensors.py
[2026-05-15T18:35:49.514+0000] {processor.py:925} INFO - DAG(s) 'example_sensors' retrieved from /usr/local/python/3.12.1/lib/python3.12/site-packages/airflow/example_dags/example_sensors.py
[2026-05-15T18:35:49.546+0000] {logging_mixin.py:190} INFO - [2026-05-15T18:35:49.546+0000] {dag.py:3239} INFO - Sync 1 DAGs
[2026-05-15T18:35:49.563+0000] {logging_mixin.py:190} INFO - [2026-05-15T18:35:49.562+0000] {dag.py:4180} INFO - Setting next_dagrun for example_sensors to None, run_after=None
[2026-05-15T18:35:49.589+0000] {processor.py:208} INFO - Processing /usr/local/python/3.12.1/lib/python3.12/site-packages/airflow/example_dags/example_sensors.py took 0.099 seconds
[2026-05-15T18:36:55.553+0000] {processor.py:186} INFO - Started process (PID=110195) to work on /usr/local/python/3.12.1/lib/python3.12/site-packages/airflow/example_dags/example_sensors.py
[2026-05-15T18:36:55.553+0000] {processor.py:914} INFO - Processing file /usr/local/python/3.12.1/lib/python3.12/site-packages/airflow/example_dags/example_sensors.py for tasks to queue
[2026-05-15T18:36:55.555+0000] {logging_mixin.py:190} INFO - [2026-05-15T18:36:55.555+0000] {dagbag.py:588} INFO - Filling up the DagBag from /usr/local/python/3.12.1/lib/python3.12/site-packages/airflow/example_dags/example_sensors.py
[2026-05-15T18:36:55.564+0000] {processor.py:925} INFO - DAG(s) 'example_sensors' retrieved from /usr/local/python/3.12.1/lib/python3.12/site-packages/airflow/example_dags/example_sensors.py
[2026-05-15T18:36:55.588+0000] {logging_mixin.py:190} INFO - [2026-05-15T18:36:55.588+0000] {dag.py:3239} INFO - Sync 1 DAGs
[2026-05-15T18:36:55.600+0000] {logging_mixin.py:190} INFO - [2026-05-15T18:36:55.600+0000] {dag.py:4180} INFO - Setting next_dagrun for example_sensors to None, run_after=None
[2026-05-15T18:36:55.618+0000] {processor.py:208} INFO - Processing /usr/local/python/3.12.1/lib/python3.12/site-packages/airflow/example_dags/example_sensors.py took 0.070 seconds
[2026-05-15T18:37:54.029+0000] {processor.py:186} INFO - Started process (PID=110636) to work on /usr/local/python/3.12.1/lib/python3.12/site-packages/airflow/example_dags/example_sensors.py
[2026-05-15T18:37:54.030+0000] {processor.py:914} INFO - Processing file /usr/local/python/3.12.1/lib/python3.12/site-packages/airflow/example_dags/example_sensors.py for tasks to queue
[2026-05-15T18:37:54.032+0000] {logging_mixin.py:190} INFO - [2026-05-15T18:37:54.031+0000] {dagbag.py:588} INFO - Filling up the DagBag from /usr/local/python/3.12.1/lib/python3.12/site-packages/airflow/example_dags/example_sensors.py
[2026-05-15T18:37:54.041+0000] {processor.py:925} INFO - DAG(s) 'example_sensors' retrieved from /usr/local/python/3.12.1/lib/python3.12/site-packages/airflow/example_dags/example_sensors.py
[2026-05-15T18:37:54.058+0000] {logging_mixin.py:190} INFO - [2026-05-15T18:37:54.058+0000] {dag.py:3239} INFO - Sync 1 DAGs
[2026-05-15T18:37:54.069+0000] {logging_mixin.py:190} INFO - [2026-05-15T18:37:54.069+0000] {dag.py:4180} INFO - Setting next_dagrun for example_sensors to None, run_after=None
[2026-05-15T18:37:54.090+0000] {processor.py:208} INFO - Processing /usr/local/python/3.12.1/lib/python3.12/site-packages/airflow/example_dags/example_sensors.py took 0.066 seconds
[2026-05-15T18:38:52.723+0000] {processor.py:186} INFO - Started process (PID=111096) to work on /usr/local/python/3.12.1/lib/python3.12/site-packages/airflow/example_dags/example_sensors.py
[2026-05-15T18:38:52.723+0000] {processor.py:914} INFO - Processing file /usr/local/python/3.12.1/lib/python3.12/site-packages/airflow/example_dags/example_sensors.py for tasks to queue
[2026-05-15T18:38:52.725+0000] {logging_mixin.py:190} INFO - [2026-05-15T18:38:52.725+0000] {dagbag.py:588} INFO - Filling up the DagBag from /usr/local/python/3.12.1/lib/python3.12/site-packages/airflow/example_dags/example_sensors.py
[2026-05-15T18:38:52.734+0000] {processor.py:925} INFO - DAG(s) 'example_sensors' retrieved from /usr/local/python/3.12.1/lib/python3.12/site-packages/airflow/example_dags/example_sensors.py
[2026-05-15T18:38:52.752+0000] {logging_mixin.py:190} INFO - [2026-05-15T18:38:52.751+0000] {dag.py:3239} INFO - Sync 1 DAGs
[2026-05-15T18:38:52.761+0000] {logging_mixin.py:190} INFO - [2026-05-15T18:38:52.761+0000] {dag.py:4180} INFO - Setting next_dagrun for example_sensors to None, run_after=None
[2026-05-15T18:38:52.781+0000] {processor.py:208} INFO - Processing /usr/local/python/3.12.1/lib/python3.12/site-packages/airflow/example_dags/example_sensors.py took 0.063 seconds
[2026-05-15T18:39:53.461+0000] {processor.py:186} INFO - Started process (PID=111582) to work on /usr/local/python/3.12.1/lib/python3.12/site-packages/airflow/example_dags/example_sensors.py
[2026-05-15T18:39:53.461+0000] {processor.py:914} INFO - Processing file /usr/local/python/3.12.1/lib/python3.12/site-packages/airflow/example_dags/example_sensors.py for tasks to queue
[2026-05-15T18:39:53.463+0000] {logging_mixin.py:190} INFO - [2026-05-15T18:39:53.463+0000] {dagbag.py:588} INFO - Filling up the DagBag from /usr/local/python/3.12.1/lib/python3.12/site-packages/airflow/example_dags/example_sensors.py
[2026-05-15T18:39:53.474+0000] {processor.py:925} INFO - DAG(s) 'example_sensors' retrieved from /usr/local/python/3.12.1/lib/python3.12/site-packages/airflow/example_dags/example_sensors.py
[2026-05-15T18:39:53.500+0000] {logging_mixin.py:190} INFO - [2026-05-15T18:39:53.500+0000] {dag.py:3239} INFO - Sync 1 DAGs
[2026-05-15T18:39:53.511+0000] {logging_mixin.py:190} INFO - [2026-05-15T18:39:53.511+0000] {dag.py:4180} INFO - Setting next_dagrun for example_sensors to None, run_after=None
[2026-05-15T18:39:53.530+0000] {processor.py:208} INFO - Processing /usr/local/python/3.12.1/lib/python3.12/site-packages/airflow/example_dags/example_sensors.py took 0.075 seconds
[2026-05-15T18:40:54.293+0000] {processor.py:186} INFO - Started process (PID=112050) to work on /usr/local/python/3.12.1/lib/python3.12/site-packages/airflow/example_dags/example_sensors.py
[2026-05-15T18:40:54.296+0000] {processor.py:914} INFO - Processing file /usr/local/python/3.12.1/lib/python3.12/site-packages/airflow/example_dags/example_sensors.py for tasks to queue
[2026-05-15T18:40:54.299+0000] {logging_mixin.py:190} INFO - [2026-05-15T18:40:54.299+0000] {dagbag.py:588} INFO - Filling up the DagBag from /usr/local/python/3.12.1/lib/python3.12/site-packages/airflow/example_dags/example_sensors.py
[2026-05-15T18:40:54.315+0000] {processor.py:925} INFO - DAG(s) 'example_sensors' retrieved from /usr/local/python/3.12.1/lib/python3.12/site-packages/airflow/example_dags/example_sensors.py
[2026-05-15T18:40:54.344+0000] {logging_mixin.py:190} INFO - [2026-05-15T18:40:54.343+0000] {dag.py:3239} INFO - Sync 1 DAGs
[2026-05-15T18:40:54.356+0000] {logging_mixin.py:190} INFO - [2026-05-15T18:40:54.356+0000] {dag.py:4180} INFO - Setting next_dagrun for example_sensors to None, run_after=None
[2026-05-15T18:40:54.378+0000] {processor.py:208} INFO - Processing /usr/local/python/3.12.1/lib/python3.12/site-packages/airflow/example_dags/example_sensors.py took 0.093 seconds
[2026-05-15T18:41:54.968+0000] {processor.py:186} INFO - Started process (PID=112524) to work on /usr/local/python/3.12.1/lib/python3.12/site-packages/airflow/example_dags/example_sensors.py
[2026-05-15T18:41:54.969+0000] {processor.py:914} INFO - Processing file /usr/local/python/3.12.1/lib/python3.12/site-packages/airflow/example_dags/example_sensors.py for tasks to queue
[2026-05-15T18:41:54.971+0000] {logging_mixin.py:190} INFO - [2026-05-15T18:41:54.971+0000] {dagbag.py:588} INFO - Filling up the DagBag from /usr/local/python/3.12.1/lib/python3.12/site-packages/airflow/example_dags/example_sensors.py
[2026-05-15T18:41:54.985+0000] {processor.py:925} INFO - DAG(s) 'example_sensors' retrieved from /usr/local/python/3.12.1/lib/python3.12/site-packages/airflow/example_dags/example_sensors.py
[2026-05-15T18:41:55.007+0000] {logging_mixin.py:190} INFO - [2026-05-15T18:41:55.007+0000] {dag.py:3239} INFO - Sync 1 DAGs
[2026-05-15T18:41:55.019+0000] {logging_mixin.py:190} INFO - [2026-05-15T18:41:55.019+0000] {dag.py:4180} INFO - Setting next_dagrun for example_sensors to None, run_after=None
[2026-05-15T18:41:55.039+0000] {processor.py:208} INFO - Processing /usr/local/python/3.12.1/lib/python3.12/site-packages/airflow/example_dags/example_sensors.py took 0.081 seconds
[2026-05-15T18:42:55.018+0000] {processor.py:186} INFO - Started process (PID=112981) to work on /usr/local/python/3.12.1/lib/python3.12/site-packages/airflow/example_dags/example_sensors.py
[2026-05-15T18:42:55.018+0000] {processor.py:914} INFO - Processing file /usr/local/python/3.12.1/lib/python3.12/site-packages/airflow/example_dags/example_sensors.py for tasks to queue
[2026-05-15T18:42:55.020+0000] {logging_mixin.py:190} INFO - [2026-05-15T18:42:55.020+0000] {dagbag.py:588} INFO - Filling up the DagBag from /usr/local/python/3.12.1/lib/python3.12/site-packages/airflow/example_dags/example_sensors.py
[2026-05-15T18:42:55.029+0000] {processor.py:925} INFO - DAG(s) 'example_sensors' retrieved from /usr/local/python/3.12.1/lib/python3.12/site-packages/airflow/example_dags/example_sensors.py
[2026-05-15T18:42:55.046+0000] {logging_mixin.py:190} INFO - [2026-05-15T18:42:55.046+0000] {dag.py:3239} INFO - Sync 1 DAGs
[2026-05-15T18:42:55.056+0000] {logging_mixin.py:190} INFO - [2026-05-15T18:42:55.056+0000] {dag.py:4180} INFO - Setting next_dagrun for example_sensors to None, run_after=None
[2026-05-15T18:42:55.076+0000] {processor.py:208} INFO - Processing /usr/local/python/3.12.1/lib/python3.12/site-packages/airflow/example_dags/example_sensors.py took 0.063 seconds
[2026-05-15T18:43:57.395+0000] {processor.py:186} INFO - Started process (PID=113457) to work on /usr/local/python/3.12.1/lib/python3.12/site-packages/airflow/example_dags/example_sensors.py
[2026-05-15T18:43:57.396+0000] {processor.py:914} INFO - Processing file /usr/local/python/3.12.1/lib/python3.12/site-packages/airflow/example_dags/example_sensors.py for tasks to queue
[2026-05-15T18:43:57.408+0000] {logging_mixin.py:190} INFO - [2026-05-15T18:43:57.407+0000] {dagbag.py:588} INFO - Filling up the DagBag from /usr/local/python/3.12.1/lib/python3.12/site-packages/airflow/example_dags/example_sensors.py
[2026-05-15T18:43:57.423+0000] {processor.py:925} INFO - DAG(s) 'example_sensors' retrieved from /usr/local/python/3.12.1/lib/python3.12/site-packages/airflow/example_dags/example_sensors.py
[2026-05-15T18:43:57.446+0000] {logging_mixin.py:190} INFO - [2026-05-15T18:43:57.446+0000] {dag.py:3239} INFO - Sync 1 DAGs
[2026-05-15T18:43:57.457+0000] {logging_mixin.py:190} INFO - [2026-05-15T18:43:57.457+0000] {dag.py:4180} INFO - Setting next_dagrun for example_sensors to None, run_after=None
[2026-05-15T18:43:57.474+0000] {processor.py:208} INFO - Processing /usr/local/python/3.12.1/lib/python3.12/site-packages/airflow/example_dags/example_sensors.py took 0.085 seconds
[2026-05-15T18:44:55.657+0000] {processor.py:186} INFO - Started process (PID=113959) to work on /usr/local/python/3.12.1/lib/python3.12/site-packages/airflow/example_dags/example_sensors.py
[2026-05-15T18:44:55.657+0000] {processor.py:914} INFO - Processing file /usr/local/python/3.12.1/lib/python3.12/site-packages/airflow/example_dags/example_sensors.py for tasks to queue
[2026-05-15T18:44:55.659+0000] {logging_mixin.py:190} INFO - [2026-05-15T18:44:55.659+0000] {dagbag.py:588} INFO - Filling up the DagBag from /usr/local/python/3.12.1/lib/python3.12/site-packages/airflow/example_dags/example_sensors.py
[2026-05-15T18:44:55.668+0000] {processor.py:925} INFO - DAG(s) 'example_sensors' retrieved from /usr/local/python/3.12.1/lib/python3.12/site-packages/airflow/example_dags/example_sensors.py
[2026-05-15T18:44:55.691+0000] {logging_mixin.py:190} INFO - [2026-05-15T18:44:55.691+0000] {dag.py:3239} INFO - Sync 1 DAGs
[2026-05-15T18:44:55.702+0000] {logging_mixin.py:190} INFO - [2026-05-15T18:44:55.702+0000] {dag.py:4180} INFO - Setting next_dagrun for example_sensors to None, run_after=None
[2026-05-15T18:44:55.720+0000] {processor.py:208} INFO - Processing /usr/local/python/3.12.1/lib/python3.12/site-packages/airflow/example_dags/example_sensors.py took 0.068 seconds
[2026-05-15T18:45:53.694+0000] {processor.py:186} INFO - Started process (PID=114392) to work on /usr/local/python/3.12.1/lib/python3.12/site-packages/airflow/example_dags/example_sensors.py
[2026-05-15T18:45:53.695+0000] {processor.py:914} INFO - Processing file /usr/local/python/3.12.1/lib/python3.12/site-packages/airflow/example_dags/example_sensors.py for tasks to queue
[2026-05-15T18:45:53.696+0000] {logging_mixin.py:190} INFO - [2026-05-15T18:45:53.696+0000] {dagbag.py:588} INFO - Filling up the DagBag from /usr/local/python/3.12.1/lib/python3.12/site-packages/airflow/example_dags/example_sensors.py
[2026-05-15T18:45:53.705+0000] {processor.py:925} INFO - DAG(s) 'example_sensors' retrieved from /usr/local/python/3.12.1/lib/python3.12/site-packages/airflow/example_dags/example_sensors.py
[2026-05-15T18:45:53.723+0000] {logging_mixin.py:190} INFO - [2026-05-15T18:45:53.723+0000] {dag.py:3239} INFO - Sync 1 DAGs
[2026-05-15T18:45:53.735+0000] {logging_mixin.py:190} INFO - [2026-05-15T18:45:53.735+0000] {dag.py:4180} INFO - Setting next_dagrun for example_sensors to None, run_after=None
[2026-05-15T18:45:53.765+0000] {processor.py:208} INFO - Processing /usr/local/python/3.12.1/lib/python3.12/site-packages/airflow/example_dags/example_sensors.py took 0.077 seconds
[2026-05-15T18:46:53.521+0000] {processor.py:186} INFO - Started process (PID=114852) to work on /usr/local/python/3.12.1/lib/python3.12/site-packages/airflow/example_dags/example_sensors.py
[2026-05-15T18:46:53.522+0000] {processor.py:914} INFO - Processing file /usr/local/python/3.12.1/lib/python3.12/site-packages/airflow/example_dags/example_sensors.py for tasks to queue
[2026-05-15T18:46:53.523+0000] {logging_mixin.py:190} INFO - [2026-05-15T18:46:53.523+0000] {dagbag.py:588} INFO - Filling up the DagBag from /usr/local/python/3.12.1/lib/python3.12/site-packages/airflow/example_dags/example_sensors.py
[2026-05-15T18:46:53.536+0000] {processor.py:925} INFO - DAG(s) 'example_sensors' retrieved from /usr/local/python/3.12.1/lib/python3.12/site-packages/airflow/example_dags/example_sensors.py
[2026-05-15T18:46:53.585+0000] {logging_mixin.py:190} INFO - [2026-05-15T18:46:53.585+0000] {dag.py:3239} INFO - Sync 1 DAGs
[2026-05-15T18:46:53.601+0000] {logging_mixin.py:190} INFO - [2026-05-15T18:46:53.600+0000] {dag.py:4180} INFO - Setting next_dagrun for example_sensors to None, run_after=None
[2026-05-15T18:46:53.643+0000] {processor.py:208} INFO - Processing /usr/local/python/3.12.1/lib/python3.12/site-packages/airflow/example_dags/example_sensors.py took 0.127 seconds
[2026-05-15T18:47:58.657+0000] {processor.py:186} INFO - Started process (PID=115365) to work on /usr/local/python/3.12.1/lib/python3.12/site-packages/airflow/example_dags/example_sensors.py
[2026-05-15T18:47:58.657+0000] {processor.py:914} INFO - Processing file /usr/local/python/3.12.1/lib/python3.12/site-packages/airflow/example_dags/example_sensors.py for tasks to queue
[2026-05-15T18:47:58.659+0000] {logging_mixin.py:190} INFO - [2026-05-15T18:47:58.659+0000] {dagbag.py:588} INFO - Filling up the DagBag from /usr/local/python/3.12.1/lib/python3.12/site-packages/airflow/example_dags/example_sensors.py
[2026-05-15T18:47:58.668+0000] {processor.py:925} INFO - DAG(s) 'example_sensors' retrieved from /usr/local/python/3.12.1/lib/python3.12/site-packages/airflow/example_dags/example_sensors.py
[2026-05-15T18:47:58.691+0000] {logging_mixin.py:190} INFO - [2026-05-15T18:47:58.691+0000] {dag.py:3239} INFO - Sync 1 DAGs
[2026-05-15T18:47:58.701+0000] {logging_mixin.py:190} INFO - [2026-05-15T18:47:58.701+0000] {dag.py:4180} INFO - Setting next_dagrun for example_sensors to None, run_after=None
[2026-05-15T18:47:58.718+0000] {processor.py:208} INFO - Processing /usr/local/python/3.12.1/lib/python3.12/site-packages/airflow/example_dags/example_sensors.py took 0.065 seconds
[2026-05-15T18:48:58.225+0000] {processor.py:186} INFO - Started process (PID=115811) to work on /usr/local/python/3.12.1/lib/python3.12/site-packages/airflow/example_dags/example_sensors.py
[2026-05-15T18:48:58.225+0000] {processor.py:914} INFO - Processing file /usr/local/python/3.12.1/lib/python3.12/site-packages/airflow/example_dags/example_sensors.py for tasks to queue
[2026-05-15T18:48:58.227+0000] {logging_mixin.py:190} INFO - [2026-05-15T18:48:58.227+0000] {dagbag.py:588} INFO - Filling up the DagBag from /usr/local/python/3.12.1/lib/python3.12/site-packages/airflow/example_dags/example_sensors.py
[2026-05-15T18:48:58.236+0000] {processor.py:925} INFO - DAG(s) 'example_sensors' retrieved from /usr/local/python/3.12.1/lib/python3.12/site-packages/airflow/example_dags/example_sensors.py
[2026-05-15T18:48:58.254+0000] {logging_mixin.py:190} INFO - [2026-05-15T18:48:58.254+0000] {dag.py:3239} INFO - Sync 1 DAGs
[2026-05-15T18:48:58.264+0000] {logging_mixin.py:190} INFO - [2026-05-15T18:48:58.264+0000] {dag.py:4180} INFO - Setting next_dagrun for example_sensors to None, run_after=None
[2026-05-15T18:48:58.282+0000] {processor.py:208} INFO - Processing /usr/local/python/3.12.1/lib/python3.12/site-packages/airflow/example_dags/example_sensors.py took 0.062 seconds
[2026-05-15T18:50:00.123+0000] {processor.py:186} INFO - Started process (PID=116325) to work on /usr/local/python/3.12.1/lib/python3.12/site-packages/airflow/example_dags/example_sensors.py
[2026-05-15T18:50:00.124+0000] {processor.py:914} INFO - Processing file /usr/local/python/3.12.1/lib/python3.12/site-packages/airflow/example_dags/example_sensors.py for tasks to queue
[2026-05-15T18:50:00.126+0000] {logging_mixin.py:190} INFO - [2026-05-15T18:50:00.126+0000] {dagbag.py:588} INFO - Filling up the DagBag from /usr/local/python/3.12.1/lib/python3.12/site-packages/airflow/example_dags/example_sensors.py
[2026-05-15T18:50:00.135+0000] {processor.py:925} INFO - DAG(s) 'example_sensors' retrieved from /usr/local/python/3.12.1/lib/python3.12/site-packages/airflow/example_dags/example_sensors.py
[2026-05-15T18:50:00.152+0000] {logging_mixin.py:190} INFO - [2026-05-15T18:50:00.152+0000] {dag.py:3239} INFO - Sync 1 DAGs
[2026-05-15T18:50:00.162+0000] {logging_mixin.py:190} INFO - [2026-05-15T18:50:00.162+0000] {dag.py:4180} INFO - Setting next_dagrun for example_sensors to None, run_after=None
[2026-05-15T18:50:00.182+0000] {processor.py:208} INFO - Processing /usr/local/python/3.12.1/lib/python3.12/site-packages/airflow/example_dags/example_sensors.py took 0.066 seconds
[2026-05-15T18:51:04.772+0000] {processor.py:186} INFO - Started process (PID=116816) to work on /usr/local/python/3.12.1/lib/python3.12/site-packages/airflow/example_dags/example_sensors.py
[2026-05-15T18:51:04.773+0000] {processor.py:914} INFO - Processing file /usr/local/python/3.12.1/lib/python3.12/site-packages/airflow/example_dags/example_sensors.py for tasks to queue
[2026-05-15T18:51:04.775+0000] {logging_mixin.py:190} INFO - [2026-05-15T18:51:04.774+0000] {dagbag.py:588} INFO - Filling up the DagBag from /usr/local/python/3.12.1/lib/python3.12/site-packages/airflow/example_dags/example_sensors.py
[2026-05-15T18:51:04.788+0000] {processor.py:925} INFO - DAG(s) 'example_sensors' retrieved from /usr/local/python/3.12.1/lib/python3.12/site-packages/airflow/example_dags/example_sensors.py
[2026-05-15T18:51:04.806+0000] {logging_mixin.py:190} INFO - [2026-05-15T18:51:04.806+0000] {dag.py:3239} INFO - Sync 1 DAGs
[2026-05-15T18:51:04.816+0000] {logging_mixin.py:190} INFO - [2026-05-15T18:51:04.816+0000] {dag.py:4180} INFO - Setting next_dagrun for example_sensors to None, run_after=None
[2026-05-15T18:51:04.833+0000] {processor.py:208} INFO - Processing /usr/local/python/3.12.1/lib/python3.12/site-packages/airflow/example_dags/example_sensors.py took 0.066 seconds
[2026-05-15T18:52:03.046+0000] {processor.py:186} INFO - Started process (PID=117273) to work on /usr/local/python/3.12.1/lib/python3.12/site-packages/airflow/example_dags/example_sensors.py
[2026-05-15T18:52:03.047+0000] {processor.py:914} INFO - Processing file /usr/local/python/3.12.1/lib/python3.12/site-packages/airflow/example_dags/example_sensors.py for tasks to queue
[2026-05-15T18:52:03.049+0000] {logging_mixin.py:190} INFO - [2026-05-15T18:52:03.048+0000] {dagbag.py:588} INFO - Filling up the DagBag from /usr/local/python/3.12.1/lib/python3.12/site-packages/airflow/example_dags/example_sensors.py
[2026-05-15T18:52:03.058+0000] {processor.py:925} INFO - DAG(s) 'example_sensors' retrieved from /usr/local/python/3.12.1/lib/python3.12/site-packages/airflow/example_dags/example_sensors.py
[2026-05-15T18:52:03.076+0000] {logging_mixin.py:190} INFO - [2026-05-15T18:52:03.075+0000] {dag.py:3239} INFO - Sync 1 DAGs
[2026-05-15T18:52:03.089+0000] {logging_mixin.py:190} INFO - [2026-05-15T18:52:03.089+0000] {dag.py:4180} INFO - Setting next_dagrun for example_sensors to None, run_after=None
[2026-05-15T18:52:03.107+0000] {processor.py:208} INFO - Processing /usr/local/python/3.12.1/lib/python3.12/site-packages/airflow/example_dags/example_sensors.py took 0.066 seconds
[2026-05-15T18:53:00.601+0000] {processor.py:186} INFO - Started process (PID=117707) to work on /usr/local/python/3.12.1/lib/python3.12/site-packages/airflow/example_dags/example_sensors.py
[2026-05-15T18:53:00.602+0000] {processor.py:914} INFO - Processing file /usr/local/python/3.12.1/lib/python3.12/site-packages/airflow/example_dags/example_sensors.py for tasks to queue
[2026-05-15T18:53:00.603+0000] {logging_mixin.py:190} INFO - [2026-05-15T18:53:00.603+0000] {dagbag.py:588} INFO - Filling up the DagBag from /usr/local/python/3.12.1/lib/python3.12/site-packages/airflow/example_dags/example_sensors.py
[2026-05-15T18:53:00.612+0000] {processor.py:925} INFO - DAG(s) 'example_sensors' retrieved from /usr/local/python/3.12.1/lib/python3.12/site-packages/airflow/example_dags/example_sensors.py
[2026-05-15T18:53:00.629+0000] {logging_mixin.py:190} INFO - [2026-05-15T18:53:00.629+0000] {dag.py:3239} INFO - Sync 1 DAGs
[2026-05-15T18:53:00.639+0000] {logging_mixin.py:190} INFO - [2026-05-15T18:53:00.639+0000] {dag.py:4180} INFO - Setting next_dagrun for example_sensors to None, run_after=None
[2026-05-15T18:53:00.656+0000] {processor.py:208} INFO - Processing /usr/local/python/3.12.1/lib/python3.12/site-packages/airflow/example_dags/example_sensors.py took 0.059 seconds
[2026-05-15T18:54:00.939+0000] {processor.py:186} INFO - Started process (PID=118170) to work on /usr/local/python/3.12.1/lib/python3.12/site-packages/airflow/example_dags/example_sensors.py
[2026-05-15T18:54:00.940+0000] {processor.py:914} INFO - Processing file /usr/local/python/3.12.1/lib/python3.12/site-packages/airflow/example_dags/example_sensors.py for tasks to queue
[2026-05-15T18:54:00.942+0000] {logging_mixin.py:190} INFO - [2026-05-15T18:54:00.941+0000] {dagbag.py:588} INFO - Filling up the DagBag from /usr/local/python/3.12.1/lib/python3.12/site-packages/airflow/example_dags/example_sensors.py
[2026-05-15T18:54:00.951+0000] {processor.py:925} INFO - DAG(s) 'example_sensors' retrieved from /usr/local/python/3.12.1/lib/python3.12/site-packages/airflow/example_dags/example_sensors.py
[2026-05-15T18:54:00.968+0000] {logging_mixin.py:190} INFO - [2026-05-15T18:54:00.968+0000] {dag.py:3239} INFO - Sync 1 DAGs
[2026-05-15T18:54:00.981+0000] {logging_mixin.py:190} INFO - [2026-05-15T18:54:00.980+0000] {dag.py:4180} INFO - Setting next_dagrun for example_sensors to None, run_after=None
[2026-05-15T18:54:00.999+0000] {processor.py:208} INFO - Processing /usr/local/python/3.12.1/lib/python3.12/site-packages/airflow/example_dags/example_sensors.py took 0.065 seconds
