[2026-05-15T17:35:29.435+0000] {processor.py:186} INFO - Started process (PID=75840) to work on /usr/local/python/3.12.1/lib/python3.12/site-packages/airflow/example_dags/example_complex.py
[2026-05-15T17:35:29.436+0000] {processor.py:914} INFO - Processing file /usr/local/python/3.12.1/lib/python3.12/site-packages/airflow/example_dags/example_complex.py for tasks to queue
[2026-05-15T17:35:29.438+0000] {logging_mixin.py:190} INFO - [2026-05-15T17:35:29.438+0000] {dagbag.py:588} INFO - Filling up the DagBag from /usr/local/python/3.12.1/lib/python3.12/site-packages/airflow/example_dags/example_complex.py
[2026-05-15T17:35:29.453+0000] {processor.py:925} INFO - DAG(s) 'example_complex' retrieved from /usr/local/python/3.12.1/lib/python3.12/site-packages/airflow/example_dags/example_complex.py
[2026-05-15T17:35:29.491+0000] {logging_mixin.py:190} INFO - [2026-05-15T17:35:29.491+0000] {dag.py:3239} INFO - Sync 1 DAGs
[2026-05-15T17:35:29.509+0000] {logging_mixin.py:190} INFO - [2026-05-15T17:35:29.509+0000] {dag.py:4180} INFO - Setting next_dagrun for example_complex to None, run_after=None
[2026-05-15T17:35:29.536+0000] {processor.py:208} INFO - Processing /usr/local/python/3.12.1/lib/python3.12/site-packages/airflow/example_dags/example_complex.py took 0.107 seconds
[2026-05-15T17:36:33.399+0000] {processor.py:186} INFO - Started process (PID=76467) to work on /usr/local/python/3.12.1/lib/python3.12/site-packages/airflow/example_dags/example_complex.py
[2026-05-15T17:36:33.400+0000] {processor.py:914} INFO - Processing file /usr/local/python/3.12.1/lib/python3.12/site-packages/airflow/example_dags/example_complex.py for tasks to queue
[2026-05-15T17:36:33.402+0000] {logging_mixin.py:190} INFO - [2026-05-15T17:36:33.401+0000] {dagbag.py:588} INFO - Filling up the DagBag from /usr/local/python/3.12.1/lib/python3.12/site-packages/airflow/example_dags/example_complex.py
[2026-05-15T17:36:33.412+0000] {processor.py:925} INFO - DAG(s) 'example_complex' retrieved from /usr/local/python/3.12.1/lib/python3.12/site-packages/airflow/example_dags/example_complex.py
[2026-05-15T17:36:33.433+0000] {logging_mixin.py:190} INFO - [2026-05-15T17:36:33.433+0000] {dag.py:3239} INFO - Sync 1 DAGs
[2026-05-15T17:36:33.443+0000] {logging_mixin.py:190} INFO - [2026-05-15T17:36:33.443+0000] {dag.py:4180} INFO - Setting next_dagrun for example_complex to None, run_after=None
[2026-05-15T17:36:33.460+0000] {processor.py:208} INFO - Processing /usr/local/python/3.12.1/lib/python3.12/site-packages/airflow/example_dags/example_complex.py took 0.065 seconds
[2026-05-15T17:37:33.915+0000] {processor.py:186} INFO - Started process (PID=77087) to work on /usr/local/python/3.12.1/lib/python3.12/site-packages/airflow/example_dags/example_complex.py
[2026-05-15T17:37:33.916+0000] {processor.py:914} INFO - Processing file /usr/local/python/3.12.1/lib/python3.12/site-packages/airflow/example_dags/example_complex.py for tasks to queue
[2026-05-15T17:37:33.917+0000] {logging_mixin.py:190} INFO - [2026-05-15T17:37:33.917+0000] {dagbag.py:588} INFO - Filling up the DagBag from /usr/local/python/3.12.1/lib/python3.12/site-packages/airflow/example_dags/example_complex.py
[2026-05-15T17:37:33.927+0000] {processor.py:925} INFO - DAG(s) 'example_complex' retrieved from /usr/local/python/3.12.1/lib/python3.12/site-packages/airflow/example_dags/example_complex.py
[2026-05-15T17:37:33.948+0000] {logging_mixin.py:190} INFO - [2026-05-15T17:37:33.948+0000] {dag.py:3239} INFO - Sync 1 DAGs
[2026-05-15T17:37:33.958+0000] {logging_mixin.py:190} INFO - [2026-05-15T17:37:33.958+0000] {dag.py:4180} INFO - Setting next_dagrun for example_complex to None, run_after=None
[2026-05-15T17:37:33.975+0000] {processor.py:208} INFO - Processing /usr/local/python/3.12.1/lib/python3.12/site-packages/airflow/example_dags/example_complex.py took 0.064 seconds
[2026-05-15T17:38:35.142+0000] {processor.py:186} INFO - Started process (PID=77705) to work on /usr/local/python/3.12.1/lib/python3.12/site-packages/airflow/example_dags/example_complex.py
[2026-05-15T17:38:35.143+0000] {processor.py:914} INFO - Processing file /usr/local/python/3.12.1/lib/python3.12/site-packages/airflow/example_dags/example_complex.py for tasks to queue
[2026-05-15T17:38:35.144+0000] {logging_mixin.py:190} INFO - [2026-05-15T17:38:35.144+0000] {dagbag.py:588} INFO - Filling up the DagBag from /usr/local/python/3.12.1/lib/python3.12/site-packages/airflow/example_dags/example_complex.py
[2026-05-15T17:38:35.154+0000] {processor.py:925} INFO - DAG(s) 'example_complex' retrieved from /usr/local/python/3.12.1/lib/python3.12/site-packages/airflow/example_dags/example_complex.py
[2026-05-15T17:38:35.176+0000] {logging_mixin.py:190} INFO - [2026-05-15T17:38:35.176+0000] {dag.py:3239} INFO - Sync 1 DAGs
[2026-05-15T17:38:35.189+0000] {logging_mixin.py:190} INFO - [2026-05-15T17:38:35.189+0000] {dag.py:4180} INFO - Setting next_dagrun for example_complex to None, run_after=None
[2026-05-15T17:38:35.208+0000] {processor.py:208} INFO - Processing /usr/local/python/3.12.1/lib/python3.12/site-packages/airflow/example_dags/example_complex.py took 0.071 seconds
[2026-05-15T17:39:39.336+0000] {processor.py:186} INFO - Started process (PID=78505) to work on /usr/local/python/3.12.1/lib/python3.12/site-packages/airflow/example_dags/example_complex.py
[2026-05-15T17:39:39.337+0000] {processor.py:914} INFO - Processing file /usr/local/python/3.12.1/lib/python3.12/site-packages/airflow/example_dags/example_complex.py for tasks to queue
[2026-05-15T17:39:39.338+0000] {logging_mixin.py:190} INFO - [2026-05-15T17:39:39.338+0000] {dagbag.py:588} INFO - Filling up the DagBag from /usr/local/python/3.12.1/lib/python3.12/site-packages/airflow/example_dags/example_complex.py
[2026-05-15T17:39:39.348+0000] {processor.py:925} INFO - DAG(s) 'example_complex' retrieved from /usr/local/python/3.12.1/lib/python3.12/site-packages/airflow/example_dags/example_complex.py
[2026-05-15T17:39:39.375+0000] {logging_mixin.py:190} INFO - [2026-05-15T17:39:39.375+0000] {dag.py:3239} INFO - Sync 1 DAGs
[2026-05-15T17:39:39.389+0000] {logging_mixin.py:190} INFO - [2026-05-15T17:39:39.389+0000] {dag.py:4180} INFO - Setting next_dagrun for example_complex to None, run_after=None
[2026-05-15T17:39:39.409+0000] {processor.py:208} INFO - Processing /usr/local/python/3.12.1/lib/python3.12/site-packages/airflow/example_dags/example_complex.py took 0.077 seconds
[2026-05-15T17:40:46.659+0000] {processor.py:186} INFO - Started process (PID=79257) to work on /usr/local/python/3.12.1/lib/python3.12/site-packages/airflow/example_dags/example_complex.py
[2026-05-15T17:40:46.660+0000] {processor.py:914} INFO - Processing file /usr/local/python/3.12.1/lib/python3.12/site-packages/airflow/example_dags/example_complex.py for tasks to queue
[2026-05-15T17:40:46.662+0000] {logging_mixin.py:190} INFO - [2026-05-15T17:40:46.662+0000] {dagbag.py:588} INFO - Filling up the DagBag from /usr/local/python/3.12.1/lib/python3.12/site-packages/airflow/example_dags/example_complex.py
[2026-05-15T17:40:46.678+0000] {processor.py:925} INFO - DAG(s) 'example_complex' retrieved from /usr/local/python/3.12.1/lib/python3.12/site-packages/airflow/example_dags/example_complex.py
[2026-05-15T17:40:46.719+0000] {logging_mixin.py:190} INFO - [2026-05-15T17:40:46.718+0000] {dag.py:3239} INFO - Sync 1 DAGs
[2026-05-15T17:40:46.730+0000] {logging_mixin.py:190} INFO - [2026-05-15T17:40:46.730+0000] {dag.py:4180} INFO - Setting next_dagrun for example_complex to None, run_after=None
[2026-05-15T17:40:46.747+0000] {processor.py:208} INFO - Processing /usr/local/python/3.12.1/lib/python3.12/site-packages/airflow/example_dags/example_complex.py took 0.096 seconds
[2026-05-15T17:41:48.648+0000] {processor.py:186} INFO - Started process (PID=79920) to work on /usr/local/python/3.12.1/lib/python3.12/site-packages/airflow/example_dags/example_complex.py
[2026-05-15T17:41:48.649+0000] {processor.py:914} INFO - Processing file /usr/local/python/3.12.1/lib/python3.12/site-packages/airflow/example_dags/example_complex.py for tasks to queue
[2026-05-15T17:41:48.650+0000] {logging_mixin.py:190} INFO - [2026-05-15T17:41:48.650+0000] {dagbag.py:588} INFO - Filling up the DagBag from /usr/local/python/3.12.1/lib/python3.12/site-packages/airflow/example_dags/example_complex.py
[2026-05-15T17:41:48.660+0000] {processor.py:925} INFO - DAG(s) 'example_complex' retrieved from /usr/local/python/3.12.1/lib/python3.12/site-packages/airflow/example_dags/example_complex.py
[2026-05-15T17:41:48.686+0000] {logging_mixin.py:190} INFO - [2026-05-15T17:41:48.686+0000] {dag.py:3239} INFO - Sync 1 DAGs
[2026-05-15T17:41:48.697+0000] {logging_mixin.py:190} INFO - [2026-05-15T17:41:48.697+0000] {dag.py:4180} INFO - Setting next_dagrun for example_complex to None, run_after=None
[2026-05-15T17:41:48.714+0000] {processor.py:208} INFO - Processing /usr/local/python/3.12.1/lib/python3.12/site-packages/airflow/example_dags/example_complex.py took 0.070 seconds
[2026-05-15T17:42:50.045+0000] {processor.py:186} INFO - Started process (PID=80542) to work on /usr/local/python/3.12.1/lib/python3.12/site-packages/airflow/example_dags/example_complex.py
[2026-05-15T17:42:50.045+0000] {processor.py:914} INFO - Processing file /usr/local/python/3.12.1/lib/python3.12/site-packages/airflow/example_dags/example_complex.py for tasks to queue
[2026-05-15T17:42:50.048+0000] {logging_mixin.py:190} INFO - [2026-05-15T17:42:50.047+0000] {dagbag.py:588} INFO - Filling up the DagBag from /usr/local/python/3.12.1/lib/python3.12/site-packages/airflow/example_dags/example_complex.py
[2026-05-15T17:42:50.058+0000] {processor.py:925} INFO - DAG(s) 'example_complex' retrieved from /usr/local/python/3.12.1/lib/python3.12/site-packages/airflow/example_dags/example_complex.py
[2026-05-15T17:42:50.084+0000] {logging_mixin.py:190} INFO - [2026-05-15T17:42:50.084+0000] {dag.py:3239} INFO - Sync 1 DAGs
[2026-05-15T17:42:50.099+0000] {logging_mixin.py:190} INFO - [2026-05-15T17:42:50.099+0000] {dag.py:4180} INFO - Setting next_dagrun for example_complex to None, run_after=None
[2026-05-15T17:42:50.117+0000] {processor.py:208} INFO - Processing /usr/local/python/3.12.1/lib/python3.12/site-packages/airflow/example_dags/example_complex.py took 0.079 seconds
[2026-05-15T17:43:55.519+0000] {processor.py:186} INFO - Started process (PID=81246) to work on /usr/local/python/3.12.1/lib/python3.12/site-packages/airflow/example_dags/example_complex.py
[2026-05-15T17:43:55.520+0000] {processor.py:914} INFO - Processing file /usr/local/python/3.12.1/lib/python3.12/site-packages/airflow/example_dags/example_complex.py for tasks to queue
[2026-05-15T17:43:55.522+0000] {logging_mixin.py:190} INFO - [2026-05-15T17:43:55.521+0000] {dagbag.py:588} INFO - Filling up the DagBag from /usr/local/python/3.12.1/lib/python3.12/site-packages/airflow/example_dags/example_complex.py
[2026-05-15T17:43:55.531+0000] {processor.py:925} INFO - DAG(s) 'example_complex' retrieved from /usr/local/python/3.12.1/lib/python3.12/site-packages/airflow/example_dags/example_complex.py
[2026-05-15T17:43:55.571+0000] {logging_mixin.py:190} INFO - [2026-05-15T17:43:55.571+0000] {dag.py:3239} INFO - Sync 1 DAGs
[2026-05-15T17:43:55.589+0000] {logging_mixin.py:190} INFO - [2026-05-15T17:43:55.588+0000] {dag.py:4180} INFO - Setting next_dagrun for example_complex to None, run_after=None
[2026-05-15T17:43:55.631+0000] {processor.py:208} INFO - Processing /usr/local/python/3.12.1/lib/python3.12/site-packages/airflow/example_dags/example_complex.py took 0.116 seconds
[2026-05-15T17:44:58.278+0000] {processor.py:186} INFO - Started process (PID=81968) to work on /usr/local/python/3.12.1/lib/python3.12/site-packages/airflow/example_dags/example_complex.py
[2026-05-15T17:44:58.278+0000] {processor.py:914} INFO - Processing file /usr/local/python/3.12.1/lib/python3.12/site-packages/airflow/example_dags/example_complex.py for tasks to queue
[2026-05-15T17:44:58.280+0000] {logging_mixin.py:190} INFO - [2026-05-15T17:44:58.280+0000] {dagbag.py:588} INFO - Filling up the DagBag from /usr/local/python/3.12.1/lib/python3.12/site-packages/airflow/example_dags/example_complex.py
[2026-05-15T17:44:58.294+0000] {processor.py:925} INFO - DAG(s) 'example_complex' retrieved from /usr/local/python/3.12.1/lib/python3.12/site-packages/airflow/example_dags/example_complex.py
[2026-05-15T17:44:58.316+0000] {logging_mixin.py:190} INFO - [2026-05-15T17:44:58.316+0000] {dag.py:3239} INFO - Sync 1 DAGs
[2026-05-15T17:44:58.327+0000] {logging_mixin.py:190} INFO - [2026-05-15T17:44:58.327+0000] {dag.py:4180} INFO - Setting next_dagrun for example_complex to None, run_after=None
[2026-05-15T17:44:58.369+0000] {processor.py:208} INFO - Processing /usr/local/python/3.12.1/lib/python3.12/site-packages/airflow/example_dags/example_complex.py took 0.097 seconds
[2026-05-15T17:46:04.560+0000] {processor.py:186} INFO - Started process (PID=82630) to work on /usr/local/python/3.12.1/lib/python3.12/site-packages/airflow/example_dags/example_complex.py
[2026-05-15T17:46:04.560+0000] {processor.py:914} INFO - Processing file /usr/local/python/3.12.1/lib/python3.12/site-packages/airflow/example_dags/example_complex.py for tasks to queue
[2026-05-15T17:46:04.562+0000] {logging_mixin.py:190} INFO - [2026-05-15T17:46:04.562+0000] {dagbag.py:588} INFO - Filling up the DagBag from /usr/local/python/3.12.1/lib/python3.12/site-packages/airflow/example_dags/example_complex.py
[2026-05-15T17:46:04.572+0000] {processor.py:925} INFO - DAG(s) 'example_complex' retrieved from /usr/local/python/3.12.1/lib/python3.12/site-packages/airflow/example_dags/example_complex.py
[2026-05-15T17:46:04.600+0000] {logging_mixin.py:190} INFO - [2026-05-15T17:46:04.599+0000] {dag.py:3239} INFO - Sync 1 DAGs
[2026-05-15T17:46:04.610+0000] {logging_mixin.py:190} INFO - [2026-05-15T17:46:04.610+0000] {dag.py:4180} INFO - Setting next_dagrun for example_complex to None, run_after=None
[2026-05-15T17:46:04.631+0000] {processor.py:208} INFO - Processing /usr/local/python/3.12.1/lib/python3.12/site-packages/airflow/example_dags/example_complex.py took 0.076 seconds
[2026-05-15T17:47:05.298+0000] {processor.py:186} INFO - Started process (PID=83255) to work on /usr/local/python/3.12.1/lib/python3.12/site-packages/airflow/example_dags/example_complex.py
[2026-05-15T17:47:05.299+0000] {processor.py:914} INFO - Processing file /usr/local/python/3.12.1/lib/python3.12/site-packages/airflow/example_dags/example_complex.py for tasks to queue
[2026-05-15T17:47:05.301+0000] {logging_mixin.py:190} INFO - [2026-05-15T17:47:05.300+0000] {dagbag.py:588} INFO - Filling up the DagBag from /usr/local/python/3.12.1/lib/python3.12/site-packages/airflow/example_dags/example_complex.py
[2026-05-15T17:47:05.310+0000] {processor.py:925} INFO - DAG(s) 'example_complex' retrieved from /usr/local/python/3.12.1/lib/python3.12/site-packages/airflow/example_dags/example_complex.py
[2026-05-15T17:47:05.334+0000] {logging_mixin.py:190} INFO - [2026-05-15T17:47:05.334+0000] {dag.py:3239} INFO - Sync 1 DAGs
[2026-05-15T17:47:05.349+0000] {logging_mixin.py:190} INFO - [2026-05-15T17:47:05.349+0000] {dag.py:4180} INFO - Setting next_dagrun for example_complex to None, run_after=None
[2026-05-15T17:47:05.368+0000] {processor.py:208} INFO - Processing /usr/local/python/3.12.1/lib/python3.12/site-packages/airflow/example_dags/example_complex.py took 0.075 seconds
[2026-05-15T17:48:08.286+0000] {processor.py:186} INFO - Started process (PID=83886) to work on /usr/local/python/3.12.1/lib/python3.12/site-packages/airflow/example_dags/example_complex.py
[2026-05-15T17:48:08.287+0000] {processor.py:914} INFO - Processing file /usr/local/python/3.12.1/lib/python3.12/site-packages/airflow/example_dags/example_complex.py for tasks to queue
[2026-05-15T17:48:08.289+0000] {logging_mixin.py:190} INFO - [2026-05-15T17:48:08.289+0000] {dagbag.py:588} INFO - Filling up the DagBag from /usr/local/python/3.12.1/lib/python3.12/site-packages/airflow/example_dags/example_complex.py
[2026-05-15T17:48:08.304+0000] {processor.py:925} INFO - DAG(s) 'example_complex' retrieved from /usr/local/python/3.12.1/lib/python3.12/site-packages/airflow/example_dags/example_complex.py
[2026-05-15T17:48:08.343+0000] {logging_mixin.py:190} INFO - [2026-05-15T17:48:08.342+0000] {dag.py:3239} INFO - Sync 1 DAGs
[2026-05-15T17:48:08.354+0000] {logging_mixin.py:190} INFO - [2026-05-15T17:48:08.354+0000] {dag.py:4180} INFO - Setting next_dagrun for example_complex to None, run_after=None
[2026-05-15T17:48:08.373+0000] {processor.py:208} INFO - Processing /usr/local/python/3.12.1/lib/python3.12/site-packages/airflow/example_dags/example_complex.py took 0.094 seconds
[2026-05-15T17:49:08.073+0000] {processor.py:186} INFO - Started process (PID=84559) to work on /usr/local/python/3.12.1/lib/python3.12/site-packages/airflow/example_dags/example_complex.py
[2026-05-15T17:49:08.074+0000] {processor.py:914} INFO - Processing file /usr/local/python/3.12.1/lib/python3.12/site-packages/airflow/example_dags/example_complex.py for tasks to queue
[2026-05-15T17:49:08.075+0000] {logging_mixin.py:190} INFO - [2026-05-15T17:49:08.075+0000] {dagbag.py:588} INFO - Filling up the DagBag from /usr/local/python/3.12.1/lib/python3.12/site-packages/airflow/example_dags/example_complex.py
[2026-05-15T17:49:08.086+0000] {processor.py:925} INFO - DAG(s) 'example_complex' retrieved from /usr/local/python/3.12.1/lib/python3.12/site-packages/airflow/example_dags/example_complex.py
[2026-05-15T17:49:08.114+0000] {logging_mixin.py:190} INFO - [2026-05-15T17:49:08.113+0000] {dag.py:3239} INFO - Sync 1 DAGs
[2026-05-15T17:49:08.124+0000] {logging_mixin.py:190} INFO - [2026-05-15T17:49:08.124+0000] {dag.py:4180} INFO - Setting next_dagrun for example_complex to None, run_after=None
[2026-05-15T17:49:08.142+0000] {processor.py:208} INFO - Processing /usr/local/python/3.12.1/lib/python3.12/site-packages/airflow/example_dags/example_complex.py took 0.073 seconds
[2026-05-15T17:50:09.194+0000] {processor.py:186} INFO - Started process (PID=85203) to work on /usr/local/python/3.12.1/lib/python3.12/site-packages/airflow/example_dags/example_complex.py
[2026-05-15T17:50:09.195+0000] {processor.py:914} INFO - Processing file /usr/local/python/3.12.1/lib/python3.12/site-packages/airflow/example_dags/example_complex.py for tasks to queue
[2026-05-15T17:50:09.197+0000] {logging_mixin.py:190} INFO - [2026-05-15T17:50:09.197+0000] {dagbag.py:588} INFO - Filling up the DagBag from /usr/local/python/3.12.1/lib/python3.12/site-packages/airflow/example_dags/example_complex.py
[2026-05-15T17:50:09.212+0000] {processor.py:925} INFO - DAG(s) 'example_complex' retrieved from /usr/local/python/3.12.1/lib/python3.12/site-packages/airflow/example_dags/example_complex.py
[2026-05-15T17:50:09.255+0000] {logging_mixin.py:190} INFO - [2026-05-15T17:50:09.254+0000] {dag.py:3239} INFO - Sync 1 DAGs
[2026-05-15T17:50:09.274+0000] {logging_mixin.py:190} INFO - [2026-05-15T17:50:09.273+0000] {dag.py:4180} INFO - Setting next_dagrun for example_complex to None, run_after=None
[2026-05-15T17:50:09.304+0000] {processor.py:208} INFO - Processing /usr/local/python/3.12.1/lib/python3.12/site-packages/airflow/example_dags/example_complex.py took 0.118 seconds
[2026-05-15T17:51:14.004+0000] {processor.py:186} INFO - Started process (PID=85852) to work on /usr/local/python/3.12.1/lib/python3.12/site-packages/airflow/example_dags/example_complex.py
[2026-05-15T17:51:14.005+0000] {processor.py:914} INFO - Processing file /usr/local/python/3.12.1/lib/python3.12/site-packages/airflow/example_dags/example_complex.py for tasks to queue
[2026-05-15T17:51:14.007+0000] {logging_mixin.py:190} INFO - [2026-05-15T17:51:14.006+0000] {dagbag.py:588} INFO - Filling up the DagBag from /usr/local/python/3.12.1/lib/python3.12/site-packages/airflow/example_dags/example_complex.py
[2026-05-15T17:51:14.016+0000] {processor.py:925} INFO - DAG(s) 'example_complex' retrieved from /usr/local/python/3.12.1/lib/python3.12/site-packages/airflow/example_dags/example_complex.py
[2026-05-15T17:51:14.052+0000] {logging_mixin.py:190} INFO - [2026-05-15T17:51:14.051+0000] {dag.py:3239} INFO - Sync 1 DAGs
[2026-05-15T17:51:14.064+0000] {logging_mixin.py:190} INFO - [2026-05-15T17:51:14.064+0000] {dag.py:4180} INFO - Setting next_dagrun for example_complex to None, run_after=None
[2026-05-15T17:51:14.084+0000] {processor.py:208} INFO - Processing /usr/local/python/3.12.1/lib/python3.12/site-packages/airflow/example_dags/example_complex.py took 0.084 seconds
[2026-05-15T17:52:14.761+0000] {processor.py:186} INFO - Started process (PID=86461) to work on /usr/local/python/3.12.1/lib/python3.12/site-packages/airflow/example_dags/example_complex.py
[2026-05-15T17:52:14.761+0000] {processor.py:914} INFO - Processing file /usr/local/python/3.12.1/lib/python3.12/site-packages/airflow/example_dags/example_complex.py for tasks to queue
[2026-05-15T17:52:14.763+0000] {logging_mixin.py:190} INFO - [2026-05-15T17:52:14.763+0000] {dagbag.py:588} INFO - Filling up the DagBag from /usr/local/python/3.12.1/lib/python3.12/site-packages/airflow/example_dags/example_complex.py
[2026-05-15T17:52:14.773+0000] {processor.py:925} INFO - DAG(s) 'example_complex' retrieved from /usr/local/python/3.12.1/lib/python3.12/site-packages/airflow/example_dags/example_complex.py
[2026-05-15T17:52:14.803+0000] {logging_mixin.py:190} INFO - [2026-05-15T17:52:14.802+0000] {dag.py:3239} INFO - Sync 1 DAGs
[2026-05-15T17:52:14.812+0000] {logging_mixin.py:190} INFO - [2026-05-15T17:52:14.812+0000] {dag.py:4180} INFO - Setting next_dagrun for example_complex to None, run_after=None
[2026-05-15T17:52:14.830+0000] {processor.py:208} INFO - Processing /usr/local/python/3.12.1/lib/python3.12/site-packages/airflow/example_dags/example_complex.py took 0.074 seconds
[2026-05-15T17:53:12.620+0000] {processor.py:186} INFO - Started process (PID=87027) to work on /usr/local/python/3.12.1/lib/python3.12/site-packages/airflow/example_dags/example_complex.py
[2026-05-15T17:53:12.621+0000] {processor.py:914} INFO - Processing file /usr/local/python/3.12.1/lib/python3.12/site-packages/airflow/example_dags/example_complex.py for tasks to queue
[2026-05-15T17:53:12.622+0000] {logging_mixin.py:190} INFO - [2026-05-15T17:53:12.622+0000] {dagbag.py:588} INFO - Filling up the DagBag from /usr/local/python/3.12.1/lib/python3.12/site-packages/airflow/example_dags/example_complex.py
[2026-05-15T17:53:12.632+0000] {processor.py:925} INFO - DAG(s) 'example_complex' retrieved from /usr/local/python/3.12.1/lib/python3.12/site-packages/airflow/example_dags/example_complex.py
[2026-05-15T17:53:12.663+0000] {logging_mixin.py:190} INFO - [2026-05-15T17:53:12.662+0000] {dag.py:3239} INFO - Sync 1 DAGs
[2026-05-15T17:53:12.673+0000] {logging_mixin.py:190} INFO - [2026-05-15T17:53:12.673+0000] {dag.py:4180} INFO - Setting next_dagrun for example_complex to None, run_after=None
[2026-05-15T17:53:12.694+0000] {processor.py:208} INFO - Processing /usr/local/python/3.12.1/lib/python3.12/site-packages/airflow/example_dags/example_complex.py took 0.078 seconds
[2026-05-15T17:54:12.790+0000] {processor.py:186} INFO - Started process (PID=87684) to work on /usr/local/python/3.12.1/lib/python3.12/site-packages/airflow/example_dags/example_complex.py
[2026-05-15T17:54:12.791+0000] {processor.py:914} INFO - Processing file /usr/local/python/3.12.1/lib/python3.12/site-packages/airflow/example_dags/example_complex.py for tasks to queue
[2026-05-15T17:54:12.792+0000] {logging_mixin.py:190} INFO - [2026-05-15T17:54:12.792+0000] {dagbag.py:588} INFO - Filling up the DagBag from /usr/local/python/3.12.1/lib/python3.12/site-packages/airflow/example_dags/example_complex.py
[2026-05-15T17:54:12.802+0000] {processor.py:925} INFO - DAG(s) 'example_complex' retrieved from /usr/local/python/3.12.1/lib/python3.12/site-packages/airflow/example_dags/example_complex.py
[2026-05-15T17:54:12.834+0000] {logging_mixin.py:190} INFO - [2026-05-15T17:54:12.833+0000] {dag.py:3239} INFO - Sync 1 DAGs
[2026-05-15T17:54:12.844+0000] {logging_mixin.py:190} INFO - [2026-05-15T17:54:12.844+0000] {dag.py:4180} INFO - Setting next_dagrun for example_complex to None, run_after=None
[2026-05-15T17:54:12.867+0000] {processor.py:208} INFO - Processing /usr/local/python/3.12.1/lib/python3.12/site-packages/airflow/example_dags/example_complex.py took 0.082 seconds
[2026-05-15T17:55:12.929+0000] {processor.py:186} INFO - Started process (PID=88386) to work on /usr/local/python/3.12.1/lib/python3.12/site-packages/airflow/example_dags/example_complex.py
[2026-05-15T17:55:12.929+0000] {processor.py:914} INFO - Processing file /usr/local/python/3.12.1/lib/python3.12/site-packages/airflow/example_dags/example_complex.py for tasks to queue
[2026-05-15T17:55:12.931+0000] {logging_mixin.py:190} INFO - [2026-05-15T17:55:12.931+0000] {dagbag.py:588} INFO - Filling up the DagBag from /usr/local/python/3.12.1/lib/python3.12/site-packages/airflow/example_dags/example_complex.py
[2026-05-15T17:55:12.940+0000] {processor.py:925} INFO - DAG(s) 'example_complex' retrieved from /usr/local/python/3.12.1/lib/python3.12/site-packages/airflow/example_dags/example_complex.py
[2026-05-15T17:55:12.962+0000] {logging_mixin.py:190} INFO - [2026-05-15T17:55:12.961+0000] {dag.py:3239} INFO - Sync 1 DAGs
[2026-05-15T17:55:12.971+0000] {logging_mixin.py:190} INFO - [2026-05-15T17:55:12.971+0000] {dag.py:4180} INFO - Setting next_dagrun for example_complex to None, run_after=None
[2026-05-15T17:55:12.993+0000] {processor.py:208} INFO - Processing /usr/local/python/3.12.1/lib/python3.12/site-packages/airflow/example_dags/example_complex.py took 0.068 seconds
[2026-05-15T17:56:12.903+0000] {processor.py:186} INFO - Started process (PID=88978) to work on /usr/local/python/3.12.1/lib/python3.12/site-packages/airflow/example_dags/example_complex.py
[2026-05-15T17:56:12.904+0000] {processor.py:914} INFO - Processing file /usr/local/python/3.12.1/lib/python3.12/site-packages/airflow/example_dags/example_complex.py for tasks to queue
[2026-05-15T17:56:12.905+0000] {logging_mixin.py:190} INFO - [2026-05-15T17:56:12.905+0000] {dagbag.py:588} INFO - Filling up the DagBag from /usr/local/python/3.12.1/lib/python3.12/site-packages/airflow/example_dags/example_complex.py
[2026-05-15T17:56:12.915+0000] {processor.py:925} INFO - DAG(s) 'example_complex' retrieved from /usr/local/python/3.12.1/lib/python3.12/site-packages/airflow/example_dags/example_complex.py
[2026-05-15T17:56:12.938+0000] {logging_mixin.py:190} INFO - [2026-05-15T17:56:12.938+0000] {dag.py:3239} INFO - Sync 1 DAGs
[2026-05-15T17:56:12.947+0000] {logging_mixin.py:190} INFO - [2026-05-15T17:56:12.947+0000] {dag.py:4180} INFO - Setting next_dagrun for example_complex to None, run_after=None
[2026-05-15T17:56:12.965+0000] {processor.py:208} INFO - Processing /usr/local/python/3.12.1/lib/python3.12/site-packages/airflow/example_dags/example_complex.py took 0.067 seconds
[2026-05-15T17:57:18.230+0000] {processor.py:186} INFO - Started process (PID=89708) to work on /usr/local/python/3.12.1/lib/python3.12/site-packages/airflow/example_dags/example_complex.py
[2026-05-15T17:57:18.231+0000] {processor.py:914} INFO - Processing file /usr/local/python/3.12.1/lib/python3.12/site-packages/airflow/example_dags/example_complex.py for tasks to queue
[2026-05-15T17:57:18.232+0000] {logging_mixin.py:190} INFO - [2026-05-15T17:57:18.232+0000] {dagbag.py:588} INFO - Filling up the DagBag from /usr/local/python/3.12.1/lib/python3.12/site-packages/airflow/example_dags/example_complex.py
[2026-05-15T17:57:18.241+0000] {processor.py:925} INFO - DAG(s) 'example_complex' retrieved from /usr/local/python/3.12.1/lib/python3.12/site-packages/airflow/example_dags/example_complex.py
[2026-05-15T17:57:18.263+0000] {logging_mixin.py:190} INFO - [2026-05-15T17:57:18.262+0000] {dag.py:3239} INFO - Sync 1 DAGs
[2026-05-15T17:57:18.272+0000] {logging_mixin.py:190} INFO - [2026-05-15T17:57:18.272+0000] {dag.py:4180} INFO - Setting next_dagrun for example_complex to None, run_after=None
[2026-05-15T17:57:18.292+0000] {processor.py:208} INFO - Processing /usr/local/python/3.12.1/lib/python3.12/site-packages/airflow/example_dags/example_complex.py took 0.066 seconds
[2026-05-15T17:58:23.788+0000] {processor.py:186} INFO - Started process (PID=90595) to work on /usr/local/python/3.12.1/lib/python3.12/site-packages/airflow/example_dags/example_complex.py
[2026-05-15T17:58:23.789+0000] {processor.py:914} INFO - Processing file /usr/local/python/3.12.1/lib/python3.12/site-packages/airflow/example_dags/example_complex.py for tasks to queue
[2026-05-15T17:58:23.791+0000] {logging_mixin.py:190} INFO - [2026-05-15T17:58:23.790+0000] {dagbag.py:588} INFO - Filling up the DagBag from /usr/local/python/3.12.1/lib/python3.12/site-packages/airflow/example_dags/example_complex.py
[2026-05-15T17:58:23.800+0000] {processor.py:925} INFO - DAG(s) 'example_complex' retrieved from /usr/local/python/3.12.1/lib/python3.12/site-packages/airflow/example_dags/example_complex.py
[2026-05-15T17:58:23.822+0000] {logging_mixin.py:190} INFO - [2026-05-15T17:58:23.822+0000] {dag.py:3239} INFO - Sync 1 DAGs
[2026-05-15T17:58:23.831+0000] {logging_mixin.py:190} INFO - [2026-05-15T17:58:23.831+0000] {dag.py:4180} INFO - Setting next_dagrun for example_complex to None, run_after=None
[2026-05-15T17:58:23.848+0000] {processor.py:208} INFO - Processing /usr/local/python/3.12.1/lib/python3.12/site-packages/airflow/example_dags/example_complex.py took 0.066 seconds
[2026-05-15T17:59:23.738+0000] {processor.py:186} INFO - Started process (PID=91205) to work on /usr/local/python/3.12.1/lib/python3.12/site-packages/airflow/example_dags/example_complex.py
[2026-05-15T17:59:23.739+0000] {processor.py:914} INFO - Processing file /usr/local/python/3.12.1/lib/python3.12/site-packages/airflow/example_dags/example_complex.py for tasks to queue
[2026-05-15T17:59:23.741+0000] {logging_mixin.py:190} INFO - [2026-05-15T17:59:23.741+0000] {dagbag.py:588} INFO - Filling up the DagBag from /usr/local/python/3.12.1/lib/python3.12/site-packages/airflow/example_dags/example_complex.py
[2026-05-15T17:59:23.753+0000] {processor.py:925} INFO - DAG(s) 'example_complex' retrieved from /usr/local/python/3.12.1/lib/python3.12/site-packages/airflow/example_dags/example_complex.py
[2026-05-15T17:59:23.777+0000] {logging_mixin.py:190} INFO - [2026-05-15T17:59:23.777+0000] {dag.py:3239} INFO - Sync 1 DAGs
[2026-05-15T17:59:23.789+0000] {logging_mixin.py:190} INFO - [2026-05-15T17:59:23.789+0000] {dag.py:4180} INFO - Setting next_dagrun for example_complex to None, run_after=None
[2026-05-15T17:59:23.808+0000] {processor.py:208} INFO - Processing /usr/local/python/3.12.1/lib/python3.12/site-packages/airflow/example_dags/example_complex.py took 0.077 seconds
[2026-05-15T18:00:24.188+0000] {processor.py:186} INFO - Started process (PID=91917) to work on /usr/local/python/3.12.1/lib/python3.12/site-packages/airflow/example_dags/example_complex.py
[2026-05-15T18:00:24.189+0000] {processor.py:914} INFO - Processing file /usr/local/python/3.12.1/lib/python3.12/site-packages/airflow/example_dags/example_complex.py for tasks to queue
[2026-05-15T18:00:24.191+0000] {logging_mixin.py:190} INFO - [2026-05-15T18:00:24.190+0000] {dagbag.py:588} INFO - Filling up the DagBag from /usr/local/python/3.12.1/lib/python3.12/site-packages/airflow/example_dags/example_complex.py
[2026-05-15T18:00:24.201+0000] {processor.py:925} INFO - DAG(s) 'example_complex' retrieved from /usr/local/python/3.12.1/lib/python3.12/site-packages/airflow/example_dags/example_complex.py
[2026-05-15T18:00:24.242+0000] {logging_mixin.py:190} INFO - [2026-05-15T18:00:24.242+0000] {dag.py:3239} INFO - Sync 1 DAGs
[2026-05-15T18:00:24.252+0000] {logging_mixin.py:190} INFO - [2026-05-15T18:00:24.252+0000] {dag.py:4180} INFO - Setting next_dagrun for example_complex to None, run_after=None
[2026-05-15T18:00:24.272+0000] {processor.py:208} INFO - Processing /usr/local/python/3.12.1/lib/python3.12/site-packages/airflow/example_dags/example_complex.py took 0.090 seconds
[2026-05-15T18:01:26.879+0000] {processor.py:186} INFO - Started process (PID=92588) to work on /usr/local/python/3.12.1/lib/python3.12/site-packages/airflow/example_dags/example_complex.py
[2026-05-15T18:01:26.879+0000] {processor.py:914} INFO - Processing file /usr/local/python/3.12.1/lib/python3.12/site-packages/airflow/example_dags/example_complex.py for tasks to queue
[2026-05-15T18:01:26.881+0000] {logging_mixin.py:190} INFO - [2026-05-15T18:01:26.881+0000] {dagbag.py:588} INFO - Filling up the DagBag from /usr/local/python/3.12.1/lib/python3.12/site-packages/airflow/example_dags/example_complex.py
[2026-05-15T18:01:26.894+0000] {processor.py:925} INFO - DAG(s) 'example_complex' retrieved from /usr/local/python/3.12.1/lib/python3.12/site-packages/airflow/example_dags/example_complex.py
[2026-05-15T18:01:26.915+0000] {logging_mixin.py:190} INFO - [2026-05-15T18:01:26.915+0000] {dag.py:3239} INFO - Sync 1 DAGs
[2026-05-15T18:01:26.925+0000] {logging_mixin.py:190} INFO - [2026-05-15T18:01:26.925+0000] {dag.py:4180} INFO - Setting next_dagrun for example_complex to None, run_after=None
[2026-05-15T18:01:26.943+0000] {processor.py:208} INFO - Processing /usr/local/python/3.12.1/lib/python3.12/site-packages/airflow/example_dags/example_complex.py took 0.070 seconds
[2026-05-15T18:02:32.712+0000] {processor.py:186} INFO - Started process (PID=93386) to work on /usr/local/python/3.12.1/lib/python3.12/site-packages/airflow/example_dags/example_complex.py
[2026-05-15T18:02:32.713+0000] {processor.py:914} INFO - Processing file /usr/local/python/3.12.1/lib/python3.12/site-packages/airflow/example_dags/example_complex.py for tasks to queue
[2026-05-15T18:02:32.716+0000] {logging_mixin.py:190} INFO - [2026-05-15T18:02:32.715+0000] {dagbag.py:588} INFO - Filling up the DagBag from /usr/local/python/3.12.1/lib/python3.12/site-packages/airflow/example_dags/example_complex.py
[2026-05-15T18:02:32.732+0000] {processor.py:925} INFO - DAG(s) 'example_complex' retrieved from /usr/local/python/3.12.1/lib/python3.12/site-packages/airflow/example_dags/example_complex.py
[2026-05-15T18:02:32.769+0000] {logging_mixin.py:190} INFO - [2026-05-15T18:02:32.768+0000] {dag.py:3239} INFO - Sync 1 DAGs
[2026-05-15T18:02:32.787+0000] {logging_mixin.py:190} INFO - [2026-05-15T18:02:32.786+0000] {dag.py:4180} INFO - Setting next_dagrun for example_complex to None, run_after=None
[2026-05-15T18:02:32.823+0000] {processor.py:208} INFO - Processing /usr/local/python/3.12.1/lib/python3.12/site-packages/airflow/example_dags/example_complex.py took 0.116 seconds
[2026-05-15T18:03:30.509+0000] {processor.py:186} INFO - Started process (PID=93822) to work on /usr/local/python/3.12.1/lib/python3.12/site-packages/airflow/example_dags/example_complex.py
[2026-05-15T18:03:30.510+0000] {processor.py:914} INFO - Processing file /usr/local/python/3.12.1/lib/python3.12/site-packages/airflow/example_dags/example_complex.py for tasks to queue
[2026-05-15T18:03:30.512+0000] {logging_mixin.py:190} INFO - [2026-05-15T18:03:30.511+0000] {dagbag.py:588} INFO - Filling up the DagBag from /usr/local/python/3.12.1/lib/python3.12/site-packages/airflow/example_dags/example_complex.py
[2026-05-15T18:03:30.522+0000] {processor.py:925} INFO - DAG(s) 'example_complex' retrieved from /usr/local/python/3.12.1/lib/python3.12/site-packages/airflow/example_dags/example_complex.py
[2026-05-15T18:03:30.547+0000] {logging_mixin.py:190} INFO - [2026-05-15T18:03:30.547+0000] {dag.py:3239} INFO - Sync 1 DAGs
[2026-05-15T18:03:30.558+0000] {logging_mixin.py:190} INFO - [2026-05-15T18:03:30.558+0000] {dag.py:4180} INFO - Setting next_dagrun for example_complex to None, run_after=None
[2026-05-15T18:03:30.588+0000] {processor.py:208} INFO - Processing /usr/local/python/3.12.1/lib/python3.12/site-packages/airflow/example_dags/example_complex.py took 0.084 seconds
[2026-05-15T18:04:32.065+0000] {processor.py:186} INFO - Started process (PID=94321) to work on /usr/local/python/3.12.1/lib/python3.12/site-packages/airflow/example_dags/example_complex.py
[2026-05-15T18:04:32.066+0000] {processor.py:914} INFO - Processing file /usr/local/python/3.12.1/lib/python3.12/site-packages/airflow/example_dags/example_complex.py for tasks to queue
[2026-05-15T18:04:32.068+0000] {logging_mixin.py:190} INFO - [2026-05-15T18:04:32.067+0000] {dagbag.py:588} INFO - Filling up the DagBag from /usr/local/python/3.12.1/lib/python3.12/site-packages/airflow/example_dags/example_complex.py
[2026-05-15T18:04:32.082+0000] {processor.py:925} INFO - DAG(s) 'example_complex' retrieved from /usr/local/python/3.12.1/lib/python3.12/site-packages/airflow/example_dags/example_complex.py
[2026-05-15T18:04:32.108+0000] {logging_mixin.py:190} INFO - [2026-05-15T18:04:32.108+0000] {dag.py:3239} INFO - Sync 1 DAGs
[2026-05-15T18:04:32.119+0000] {logging_mixin.py:190} INFO - [2026-05-15T18:04:32.119+0000] {dag.py:4180} INFO - Setting next_dagrun for example_complex to None, run_after=None
[2026-05-15T18:04:32.140+0000] {processor.py:208} INFO - Processing /usr/local/python/3.12.1/lib/python3.12/site-packages/airflow/example_dags/example_complex.py took 0.080 seconds
[2026-05-15T18:05:35.921+0000] {processor.py:186} INFO - Started process (PID=94827) to work on /usr/local/python/3.12.1/lib/python3.12/site-packages/airflow/example_dags/example_complex.py
[2026-05-15T18:05:35.922+0000] {processor.py:914} INFO - Processing file /usr/local/python/3.12.1/lib/python3.12/site-packages/airflow/example_dags/example_complex.py for tasks to queue
[2026-05-15T18:05:35.924+0000] {logging_mixin.py:190} INFO - [2026-05-15T18:05:35.924+0000] {dagbag.py:588} INFO - Filling up the DagBag from /usr/local/python/3.12.1/lib/python3.12/site-packages/airflow/example_dags/example_complex.py
[2026-05-15T18:05:35.935+0000] {processor.py:925} INFO - DAG(s) 'example_complex' retrieved from /usr/local/python/3.12.1/lib/python3.12/site-packages/airflow/example_dags/example_complex.py
[2026-05-15T18:05:35.960+0000] {logging_mixin.py:190} INFO - [2026-05-15T18:05:35.960+0000] {dag.py:3239} INFO - Sync 1 DAGs
[2026-05-15T18:05:35.973+0000] {logging_mixin.py:190} INFO - [2026-05-15T18:05:35.973+0000] {dag.py:4180} INFO - Setting next_dagrun for example_complex to None, run_after=None
[2026-05-15T18:05:35.997+0000] {processor.py:208} INFO - Processing /usr/local/python/3.12.1/lib/python3.12/site-packages/airflow/example_dags/example_complex.py took 0.081 seconds
[2026-05-15T18:06:34.951+0000] {processor.py:186} INFO - Started process (PID=95270) to work on /usr/local/python/3.12.1/lib/python3.12/site-packages/airflow/example_dags/example_complex.py
[2026-05-15T18:06:34.952+0000] {processor.py:914} INFO - Processing file /usr/local/python/3.12.1/lib/python3.12/site-packages/airflow/example_dags/example_complex.py for tasks to queue
[2026-05-15T18:06:34.954+0000] {logging_mixin.py:190} INFO - [2026-05-15T18:06:34.954+0000] {dagbag.py:588} INFO - Filling up the DagBag from /usr/local/python/3.12.1/lib/python3.12/site-packages/airflow/example_dags/example_complex.py
[2026-05-15T18:06:34.964+0000] {processor.py:925} INFO - DAG(s) 'example_complex' retrieved from /usr/local/python/3.12.1/lib/python3.12/site-packages/airflow/example_dags/example_complex.py
[2026-05-15T18:06:34.996+0000] {logging_mixin.py:190} INFO - [2026-05-15T18:06:34.996+0000] {dag.py:3239} INFO - Sync 1 DAGs
[2026-05-15T18:06:35.007+0000] {logging_mixin.py:190} INFO - [2026-05-15T18:06:35.007+0000] {dag.py:4180} INFO - Setting next_dagrun for example_complex to None, run_after=None
[2026-05-15T18:06:35.027+0000] {processor.py:208} INFO - Processing /usr/local/python/3.12.1/lib/python3.12/site-packages/airflow/example_dags/example_complex.py took 0.081 seconds
[2026-05-15T18:07:40.005+0000] {processor.py:186} INFO - Started process (PID=95779) to work on /usr/local/python/3.12.1/lib/python3.12/site-packages/airflow/example_dags/example_complex.py
[2026-05-15T18:07:40.006+0000] {processor.py:914} INFO - Processing file /usr/local/python/3.12.1/lib/python3.12/site-packages/airflow/example_dags/example_complex.py for tasks to queue
[2026-05-15T18:07:40.008+0000] {logging_mixin.py:190} INFO - [2026-05-15T18:07:40.007+0000] {dagbag.py:588} INFO - Filling up the DagBag from /usr/local/python/3.12.1/lib/python3.12/site-packages/airflow/example_dags/example_complex.py
[2026-05-15T18:07:40.021+0000] {processor.py:925} INFO - DAG(s) 'example_complex' retrieved from /usr/local/python/3.12.1/lib/python3.12/site-packages/airflow/example_dags/example_complex.py
[2026-05-15T18:07:40.047+0000] {logging_mixin.py:190} INFO - [2026-05-15T18:07:40.047+0000] {dag.py:3239} INFO - Sync 1 DAGs
[2026-05-15T18:07:40.058+0000] {logging_mixin.py:190} INFO - [2026-05-15T18:07:40.058+0000] {dag.py:4180} INFO - Setting next_dagrun for example_complex to None, run_after=None
[2026-05-15T18:07:40.079+0000] {processor.py:208} INFO - Processing /usr/local/python/3.12.1/lib/python3.12/site-packages/airflow/example_dags/example_complex.py took 0.080 seconds
[2026-05-15T18:08:46.363+0000] {processor.py:186} INFO - Started process (PID=96278) to work on /usr/local/python/3.12.1/lib/python3.12/site-packages/airflow/example_dags/example_complex.py
[2026-05-15T18:08:46.364+0000] {processor.py:914} INFO - Processing file /usr/local/python/3.12.1/lib/python3.12/site-packages/airflow/example_dags/example_complex.py for tasks to queue
[2026-05-15T18:08:46.366+0000] {logging_mixin.py:190} INFO - [2026-05-15T18:08:46.366+0000] {dagbag.py:588} INFO - Filling up the DagBag from /usr/local/python/3.12.1/lib/python3.12/site-packages/airflow/example_dags/example_complex.py
[2026-05-15T18:08:46.383+0000] {processor.py:925} INFO - DAG(s) 'example_complex' retrieved from /usr/local/python/3.12.1/lib/python3.12/site-packages/airflow/example_dags/example_complex.py
[2026-05-15T18:08:46.410+0000] {logging_mixin.py:190} INFO - [2026-05-15T18:08:46.410+0000] {dag.py:3239} INFO - Sync 1 DAGs
[2026-05-15T18:08:46.422+0000] {logging_mixin.py:190} INFO - [2026-05-15T18:08:46.422+0000] {dag.py:4180} INFO - Setting next_dagrun for example_complex to None, run_after=None
[2026-05-15T18:08:46.443+0000] {processor.py:208} INFO - Processing /usr/local/python/3.12.1/lib/python3.12/site-packages/airflow/example_dags/example_complex.py took 0.088 seconds
[2026-05-15T18:09:49.847+0000] {processor.py:186} INFO - Started process (PID=96774) to work on /usr/local/python/3.12.1/lib/python3.12/site-packages/airflow/example_dags/example_complex.py
[2026-05-15T18:09:49.848+0000] {processor.py:914} INFO - Processing file /usr/local/python/3.12.1/lib/python3.12/site-packages/airflow/example_dags/example_complex.py for tasks to queue
[2026-05-15T18:09:49.849+0000] {logging_mixin.py:190} INFO - [2026-05-15T18:09:49.849+0000] {dagbag.py:588} INFO - Filling up the DagBag from /usr/local/python/3.12.1/lib/python3.12/site-packages/airflow/example_dags/example_complex.py
[2026-05-15T18:09:49.859+0000] {processor.py:925} INFO - DAG(s) 'example_complex' retrieved from /usr/local/python/3.12.1/lib/python3.12/site-packages/airflow/example_dags/example_complex.py
[2026-05-15T18:09:49.885+0000] {logging_mixin.py:190} INFO - [2026-05-15T18:09:49.885+0000] {dag.py:3239} INFO - Sync 1 DAGs
[2026-05-15T18:09:49.897+0000] {logging_mixin.py:190} INFO - [2026-05-15T18:09:49.897+0000] {dag.py:4180} INFO - Setting next_dagrun for example_complex to None, run_after=None
[2026-05-15T18:09:49.917+0000] {processor.py:208} INFO - Processing /usr/local/python/3.12.1/lib/python3.12/site-packages/airflow/example_dags/example_complex.py took 0.074 seconds
[2026-05-15T18:11:01.359+0000] {processor.py:186} INFO - Started process (PID=97374) to work on /usr/local/python/3.12.1/lib/python3.12/site-packages/airflow/example_dags/example_complex.py
[2026-05-15T18:11:01.360+0000] {processor.py:914} INFO - Processing file /usr/local/python/3.12.1/lib/python3.12/site-packages/airflow/example_dags/example_complex.py for tasks to queue
[2026-05-15T18:11:01.362+0000] {logging_mixin.py:190} INFO - [2026-05-15T18:11:01.361+0000] {dagbag.py:588} INFO - Filling up the DagBag from /usr/local/python/3.12.1/lib/python3.12/site-packages/airflow/example_dags/example_complex.py
[2026-05-15T18:11:01.373+0000] {processor.py:925} INFO - DAG(s) 'example_complex' retrieved from /usr/local/python/3.12.1/lib/python3.12/site-packages/airflow/example_dags/example_complex.py
[2026-05-15T18:11:01.403+0000] {logging_mixin.py:190} INFO - [2026-05-15T18:11:01.403+0000] {dag.py:3239} INFO - Sync 1 DAGs
[2026-05-15T18:11:01.417+0000] {logging_mixin.py:190} INFO - [2026-05-15T18:11:01.416+0000] {dag.py:4180} INFO - Setting next_dagrun for example_complex to None, run_after=None
[2026-05-15T18:11:01.463+0000] {processor.py:208} INFO - Processing /usr/local/python/3.12.1/lib/python3.12/site-packages/airflow/example_dags/example_complex.py took 0.109 seconds
[2026-05-15T18:12:18.291+0000] {processor.py:186} INFO - Started process (PID=98215) to work on /usr/local/python/3.12.1/lib/python3.12/site-packages/airflow/example_dags/example_complex.py
[2026-05-15T18:12:18.292+0000] {processor.py:914} INFO - Processing file /usr/local/python/3.12.1/lib/python3.12/site-packages/airflow/example_dags/example_complex.py for tasks to queue
[2026-05-15T18:12:18.294+0000] {logging_mixin.py:190} INFO - [2026-05-15T18:12:18.294+0000] {dagbag.py:588} INFO - Filling up the DagBag from /usr/local/python/3.12.1/lib/python3.12/site-packages/airflow/example_dags/example_complex.py
[2026-05-15T18:12:18.306+0000] {processor.py:925} INFO - DAG(s) 'example_complex' retrieved from /usr/local/python/3.12.1/lib/python3.12/site-packages/airflow/example_dags/example_complex.py
[2026-05-15T18:12:18.556+0000] {logging_mixin.py:190} INFO - [2026-05-15T18:12:18.556+0000] {dag.py:3239} INFO - Sync 1 DAGs
[2026-05-15T18:12:18.568+0000] {logging_mixin.py:190} INFO - [2026-05-15T18:12:18.567+0000] {dag.py:4180} INFO - Setting next_dagrun for example_complex to None, run_after=None
[2026-05-15T18:12:18.593+0000] {processor.py:208} INFO - Processing /usr/local/python/3.12.1/lib/python3.12/site-packages/airflow/example_dags/example_complex.py took 0.309 seconds
[2026-05-15T18:13:42.690+0000] {processor.py:186} INFO - Started process (PID=99106) to work on /usr/local/python/3.12.1/lib/python3.12/site-packages/airflow/example_dags/example_complex.py
[2026-05-15T18:13:42.691+0000] {processor.py:914} INFO - Processing file /usr/local/python/3.12.1/lib/python3.12/site-packages/airflow/example_dags/example_complex.py for tasks to queue
[2026-05-15T18:13:42.693+0000] {logging_mixin.py:190} INFO - [2026-05-15T18:13:42.692+0000] {dagbag.py:588} INFO - Filling up the DagBag from /usr/local/python/3.12.1/lib/python3.12/site-packages/airflow/example_dags/example_complex.py
[2026-05-15T18:13:42.703+0000] {processor.py:925} INFO - DAG(s) 'example_complex' retrieved from /usr/local/python/3.12.1/lib/python3.12/site-packages/airflow/example_dags/example_complex.py
[2026-05-15T18:13:42.725+0000] {logging_mixin.py:190} INFO - [2026-05-15T18:13:42.725+0000] {dag.py:3239} INFO - Sync 1 DAGs
[2026-05-15T18:13:42.735+0000] {logging_mixin.py:190} INFO - [2026-05-15T18:13:42.735+0000] {dag.py:4180} INFO - Setting next_dagrun for example_complex to None, run_after=None
[2026-05-15T18:13:42.752+0000] {processor.py:208} INFO - Processing /usr/local/python/3.12.1/lib/python3.12/site-packages/airflow/example_dags/example_complex.py took 0.068 seconds
[2026-05-15T18:14:41.429+0000] {processor.py:186} INFO - Started process (PID=99588) to work on /usr/local/python/3.12.1/lib/python3.12/site-packages/airflow/example_dags/example_complex.py
[2026-05-15T18:14:41.429+0000] {processor.py:914} INFO - Processing file /usr/local/python/3.12.1/lib/python3.12/site-packages/airflow/example_dags/example_complex.py for tasks to queue
[2026-05-15T18:14:41.431+0000] {logging_mixin.py:190} INFO - [2026-05-15T18:14:41.431+0000] {dagbag.py:588} INFO - Filling up the DagBag from /usr/local/python/3.12.1/lib/python3.12/site-packages/airflow/example_dags/example_complex.py
[2026-05-15T18:14:41.441+0000] {processor.py:925} INFO - DAG(s) 'example_complex' retrieved from /usr/local/python/3.12.1/lib/python3.12/site-packages/airflow/example_dags/example_complex.py
[2026-05-15T18:14:41.465+0000] {logging_mixin.py:190} INFO - [2026-05-15T18:14:41.465+0000] {dag.py:3239} INFO - Sync 1 DAGs
[2026-05-15T18:14:41.477+0000] {logging_mixin.py:190} INFO - [2026-05-15T18:14:41.477+0000] {dag.py:4180} INFO - Setting next_dagrun for example_complex to None, run_after=None
[2026-05-15T18:14:41.499+0000] {processor.py:208} INFO - Processing /usr/local/python/3.12.1/lib/python3.12/site-packages/airflow/example_dags/example_complex.py took 0.075 seconds
[2026-05-15T18:15:41.348+0000] {processor.py:186} INFO - Started process (PID=100138) to work on /usr/local/python/3.12.1/lib/python3.12/site-packages/airflow/example_dags/example_complex.py
[2026-05-15T18:15:41.349+0000] {processor.py:914} INFO - Processing file /usr/local/python/3.12.1/lib/python3.12/site-packages/airflow/example_dags/example_complex.py for tasks to queue
[2026-05-15T18:15:41.351+0000] {logging_mixin.py:190} INFO - [2026-05-15T18:15:41.350+0000] {dagbag.py:588} INFO - Filling up the DagBag from /usr/local/python/3.12.1/lib/python3.12/site-packages/airflow/example_dags/example_complex.py
[2026-05-15T18:15:41.362+0000] {processor.py:925} INFO - DAG(s) 'example_complex' retrieved from /usr/local/python/3.12.1/lib/python3.12/site-packages/airflow/example_dags/example_complex.py
[2026-05-15T18:15:41.394+0000] {logging_mixin.py:190} INFO - [2026-05-15T18:15:41.393+0000] {dag.py:3239} INFO - Sync 1 DAGs
[2026-05-15T18:15:41.409+0000] {logging_mixin.py:190} INFO - [2026-05-15T18:15:41.409+0000] {dag.py:4180} INFO - Setting next_dagrun for example_complex to None, run_after=None
[2026-05-15T18:15:41.435+0000] {processor.py:208} INFO - Processing /usr/local/python/3.12.1/lib/python3.12/site-packages/airflow/example_dags/example_complex.py took 0.092 seconds
[2026-05-15T18:16:39.792+0000] {processor.py:186} INFO - Started process (PID=100600) to work on /usr/local/python/3.12.1/lib/python3.12/site-packages/airflow/example_dags/example_complex.py
[2026-05-15T18:16:39.792+0000] {processor.py:914} INFO - Processing file /usr/local/python/3.12.1/lib/python3.12/site-packages/airflow/example_dags/example_complex.py for tasks to queue
[2026-05-15T18:16:39.795+0000] {logging_mixin.py:190} INFO - [2026-05-15T18:16:39.794+0000] {dagbag.py:588} INFO - Filling up the DagBag from /usr/local/python/3.12.1/lib/python3.12/site-packages/airflow/example_dags/example_complex.py
[2026-05-15T18:16:39.806+0000] {processor.py:925} INFO - DAG(s) 'example_complex' retrieved from /usr/local/python/3.12.1/lib/python3.12/site-packages/airflow/example_dags/example_complex.py
[2026-05-15T18:16:39.830+0000] {logging_mixin.py:190} INFO - [2026-05-15T18:16:39.829+0000] {dag.py:3239} INFO - Sync 1 DAGs
[2026-05-15T18:16:39.841+0000] {logging_mixin.py:190} INFO - [2026-05-15T18:16:39.840+0000] {dag.py:4180} INFO - Setting next_dagrun for example_complex to None, run_after=None
[2026-05-15T18:16:39.860+0000] {processor.py:208} INFO - Processing /usr/local/python/3.12.1/lib/python3.12/site-packages/airflow/example_dags/example_complex.py took 0.074 seconds
[2026-05-15T18:17:41.341+0000] {processor.py:186} INFO - Started process (PID=101127) to work on /usr/local/python/3.12.1/lib/python3.12/site-packages/airflow/example_dags/example_complex.py
[2026-05-15T18:17:41.342+0000] {processor.py:914} INFO - Processing file /usr/local/python/3.12.1/lib/python3.12/site-packages/airflow/example_dags/example_complex.py for tasks to queue
[2026-05-15T18:17:41.344+0000] {logging_mixin.py:190} INFO - [2026-05-15T18:17:41.343+0000] {dagbag.py:588} INFO - Filling up the DagBag from /usr/local/python/3.12.1/lib/python3.12/site-packages/airflow/example_dags/example_complex.py
[2026-05-15T18:17:41.355+0000] {processor.py:925} INFO - DAG(s) 'example_complex' retrieved from /usr/local/python/3.12.1/lib/python3.12/site-packages/airflow/example_dags/example_complex.py
[2026-05-15T18:17:41.386+0000] {logging_mixin.py:190} INFO - [2026-05-15T18:17:41.385+0000] {dag.py:3239} INFO - Sync 1 DAGs
[2026-05-15T18:17:41.400+0000] {logging_mixin.py:190} INFO - [2026-05-15T18:17:41.400+0000] {dag.py:4180} INFO - Setting next_dagrun for example_complex to None, run_after=None
[2026-05-15T18:17:41.423+0000] {processor.py:208} INFO - Processing /usr/local/python/3.12.1/lib/python3.12/site-packages/airflow/example_dags/example_complex.py took 0.088 seconds
[2026-05-15T18:18:46.074+0000] {processor.py:186} INFO - Started process (PID=101618) to work on /usr/local/python/3.12.1/lib/python3.12/site-packages/airflow/example_dags/example_complex.py
[2026-05-15T18:18:46.075+0000] {processor.py:914} INFO - Processing file /usr/local/python/3.12.1/lib/python3.12/site-packages/airflow/example_dags/example_complex.py for tasks to queue
[2026-05-15T18:18:46.078+0000] {logging_mixin.py:190} INFO - [2026-05-15T18:18:46.078+0000] {dagbag.py:588} INFO - Filling up the DagBag from /usr/local/python/3.12.1/lib/python3.12/site-packages/airflow/example_dags/example_complex.py
[2026-05-15T18:18:46.095+0000] {processor.py:925} INFO - DAG(s) 'example_complex' retrieved from /usr/local/python/3.12.1/lib/python3.12/site-packages/airflow/example_dags/example_complex.py
[2026-05-15T18:18:46.132+0000] {logging_mixin.py:190} INFO - [2026-05-15T18:18:46.131+0000] {dag.py:3239} INFO - Sync 1 DAGs
[2026-05-15T18:18:46.144+0000] {logging_mixin.py:190} INFO - [2026-05-15T18:18:46.143+0000] {dag.py:4180} INFO - Setting next_dagrun for example_complex to None, run_after=None
[2026-05-15T18:18:46.167+0000] {processor.py:208} INFO - Processing /usr/local/python/3.12.1/lib/python3.12/site-packages/airflow/example_dags/example_complex.py took 0.099 seconds
[2026-05-15T18:19:50.977+0000] {processor.py:186} INFO - Started process (PID=102132) to work on /usr/local/python/3.12.1/lib/python3.12/site-packages/airflow/example_dags/example_complex.py
[2026-05-15T18:19:50.978+0000] {processor.py:914} INFO - Processing file /usr/local/python/3.12.1/lib/python3.12/site-packages/airflow/example_dags/example_complex.py for tasks to queue
[2026-05-15T18:19:50.980+0000] {logging_mixin.py:190} INFO - [2026-05-15T18:19:50.980+0000] {dagbag.py:588} INFO - Filling up the DagBag from /usr/local/python/3.12.1/lib/python3.12/site-packages/airflow/example_dags/example_complex.py
[2026-05-15T18:19:50.994+0000] {processor.py:925} INFO - DAG(s) 'example_complex' retrieved from /usr/local/python/3.12.1/lib/python3.12/site-packages/airflow/example_dags/example_complex.py
[2026-05-15T18:19:51.017+0000] {logging_mixin.py:190} INFO - [2026-05-15T18:19:51.017+0000] {dag.py:3239} INFO - Sync 1 DAGs
[2026-05-15T18:19:51.027+0000] {logging_mixin.py:190} INFO - [2026-05-15T18:19:51.027+0000] {dag.py:4180} INFO - Setting next_dagrun for example_complex to None, run_after=None
[2026-05-15T18:19:51.046+0000] {processor.py:208} INFO - Processing /usr/local/python/3.12.1/lib/python3.12/site-packages/airflow/example_dags/example_complex.py took 0.074 seconds
[2026-05-15T18:20:52.957+0000] {processor.py:186} INFO - Started process (PID=102609) to work on /usr/local/python/3.12.1/lib/python3.12/site-packages/airflow/example_dags/example_complex.py
[2026-05-15T18:20:52.957+0000] {processor.py:914} INFO - Processing file /usr/local/python/3.12.1/lib/python3.12/site-packages/airflow/example_dags/example_complex.py for tasks to queue
[2026-05-15T18:20:52.959+0000] {logging_mixin.py:190} INFO - [2026-05-15T18:20:52.959+0000] {dagbag.py:588} INFO - Filling up the DagBag from /usr/local/python/3.12.1/lib/python3.12/site-packages/airflow/example_dags/example_complex.py
[2026-05-15T18:20:52.970+0000] {processor.py:925} INFO - DAG(s) 'example_complex' retrieved from /usr/local/python/3.12.1/lib/python3.12/site-packages/airflow/example_dags/example_complex.py
[2026-05-15T18:20:53.000+0000] {logging_mixin.py:190} INFO - [2026-05-15T18:20:52.999+0000] {dag.py:3239} INFO - Sync 1 DAGs
[2026-05-15T18:20:53.012+0000] {logging_mixin.py:190} INFO - [2026-05-15T18:20:53.012+0000] {dag.py:4180} INFO - Setting next_dagrun for example_complex to None, run_after=None
[2026-05-15T18:20:53.032+0000] {processor.py:208} INFO - Processing /usr/local/python/3.12.1/lib/python3.12/site-packages/airflow/example_dags/example_complex.py took 0.080 seconds
[2026-05-15T18:21:51.336+0000] {processor.py:186} INFO - Started process (PID=103068) to work on /usr/local/python/3.12.1/lib/python3.12/site-packages/airflow/example_dags/example_complex.py
[2026-05-15T18:21:51.337+0000] {processor.py:914} INFO - Processing file /usr/local/python/3.12.1/lib/python3.12/site-packages/airflow/example_dags/example_complex.py for tasks to queue
[2026-05-15T18:21:51.339+0000] {logging_mixin.py:190} INFO - [2026-05-15T18:21:51.338+0000] {dagbag.py:588} INFO - Filling up the DagBag from /usr/local/python/3.12.1/lib/python3.12/site-packages/airflow/example_dags/example_complex.py
[2026-05-15T18:21:51.349+0000] {processor.py:925} INFO - DAG(s) 'example_complex' retrieved from /usr/local/python/3.12.1/lib/python3.12/site-packages/airflow/example_dags/example_complex.py
[2026-05-15T18:21:51.371+0000] {logging_mixin.py:190} INFO - [2026-05-15T18:21:51.371+0000] {dag.py:3239} INFO - Sync 1 DAGs
[2026-05-15T18:21:51.385+0000] {logging_mixin.py:190} INFO - [2026-05-15T18:21:51.385+0000] {dag.py:4180} INFO - Setting next_dagrun for example_complex to None, run_after=None
[2026-05-15T18:21:51.405+0000] {processor.py:208} INFO - Processing /usr/local/python/3.12.1/lib/python3.12/site-packages/airflow/example_dags/example_complex.py took 0.073 seconds
[2026-05-15T18:22:51.924+0000] {processor.py:186} INFO - Started process (PID=103535) to work on /usr/local/python/3.12.1/lib/python3.12/site-packages/airflow/example_dags/example_complex.py
[2026-05-15T18:22:51.925+0000] {processor.py:914} INFO - Processing file /usr/local/python/3.12.1/lib/python3.12/site-packages/airflow/example_dags/example_complex.py for tasks to queue
[2026-05-15T18:22:51.927+0000] {logging_mixin.py:190} INFO - [2026-05-15T18:22:51.926+0000] {dagbag.py:588} INFO - Filling up the DagBag from /usr/local/python/3.12.1/lib/python3.12/site-packages/airflow/example_dags/example_complex.py
[2026-05-15T18:22:51.938+0000] {processor.py:925} INFO - DAG(s) 'example_complex' retrieved from /usr/local/python/3.12.1/lib/python3.12/site-packages/airflow/example_dags/example_complex.py
[2026-05-15T18:22:51.964+0000] {logging_mixin.py:190} INFO - [2026-05-15T18:22:51.964+0000] {dag.py:3239} INFO - Sync 1 DAGs
[2026-05-15T18:22:51.977+0000] {logging_mixin.py:190} INFO - [2026-05-15T18:22:51.977+0000] {dag.py:4180} INFO - Setting next_dagrun for example_complex to None, run_after=None
[2026-05-15T18:22:52.000+0000] {processor.py:208} INFO - Processing /usr/local/python/3.12.1/lib/python3.12/site-packages/airflow/example_dags/example_complex.py took 0.081 seconds
[2026-05-15T18:23:58.905+0000] {processor.py:186} INFO - Started process (PID=104053) to work on /usr/local/python/3.12.1/lib/python3.12/site-packages/airflow/example_dags/example_complex.py
[2026-05-15T18:23:58.906+0000] {processor.py:914} INFO - Processing file /usr/local/python/3.12.1/lib/python3.12/site-packages/airflow/example_dags/example_complex.py for tasks to queue
[2026-05-15T18:23:58.908+0000] {logging_mixin.py:190} INFO - [2026-05-15T18:23:58.907+0000] {dagbag.py:588} INFO - Filling up the DagBag from /usr/local/python/3.12.1/lib/python3.12/site-packages/airflow/example_dags/example_complex.py
[2026-05-15T18:23:58.919+0000] {processor.py:925} INFO - DAG(s) 'example_complex' retrieved from /usr/local/python/3.12.1/lib/python3.12/site-packages/airflow/example_dags/example_complex.py
[2026-05-15T18:23:58.943+0000] {logging_mixin.py:190} INFO - [2026-05-15T18:23:58.943+0000] {dag.py:3239} INFO - Sync 1 DAGs
[2026-05-15T18:23:58.955+0000] {logging_mixin.py:190} INFO - [2026-05-15T18:23:58.955+0000] {dag.py:4180} INFO - Setting next_dagrun for example_complex to None, run_after=None
[2026-05-15T18:23:58.977+0000] {processor.py:208} INFO - Processing /usr/local/python/3.12.1/lib/python3.12/site-packages/airflow/example_dags/example_complex.py took 0.077 seconds
[2026-05-15T18:25:04.395+0000] {processor.py:186} INFO - Started process (PID=104696) to work on /usr/local/python/3.12.1/lib/python3.12/site-packages/airflow/example_dags/example_complex.py
[2026-05-15T18:25:04.396+0000] {processor.py:914} INFO - Processing file /usr/local/python/3.12.1/lib/python3.12/site-packages/airflow/example_dags/example_complex.py for tasks to queue
[2026-05-15T18:25:04.398+0000] {logging_mixin.py:190} INFO - [2026-05-15T18:25:04.397+0000] {dagbag.py:588} INFO - Filling up the DagBag from /usr/local/python/3.12.1/lib/python3.12/site-packages/airflow/example_dags/example_complex.py
[2026-05-15T18:25:04.409+0000] {processor.py:925} INFO - DAG(s) 'example_complex' retrieved from /usr/local/python/3.12.1/lib/python3.12/site-packages/airflow/example_dags/example_complex.py
[2026-05-15T18:25:04.443+0000] {logging_mixin.py:190} INFO - [2026-05-15T18:25:04.442+0000] {dag.py:3239} INFO - Sync 1 DAGs
[2026-05-15T18:25:04.455+0000] {logging_mixin.py:190} INFO - [2026-05-15T18:25:04.455+0000] {dag.py:4180} INFO - Setting next_dagrun for example_complex to None, run_after=None
[2026-05-15T18:25:04.482+0000] {processor.py:208} INFO - Processing /usr/local/python/3.12.1/lib/python3.12/site-packages/airflow/example_dags/example_complex.py took 0.093 seconds
[2026-05-15T18:26:06.007+0000] {processor.py:186} INFO - Started process (PID=105166) to work on /usr/local/python/3.12.1/lib/python3.12/site-packages/airflow/example_dags/example_complex.py
[2026-05-15T18:26:06.008+0000] {processor.py:914} INFO - Processing file /usr/local/python/3.12.1/lib/python3.12/site-packages/airflow/example_dags/example_complex.py for tasks to queue
[2026-05-15T18:26:06.010+0000] {logging_mixin.py:190} INFO - [2026-05-15T18:26:06.010+0000] {dagbag.py:588} INFO - Filling up the DagBag from /usr/local/python/3.12.1/lib/python3.12/site-packages/airflow/example_dags/example_complex.py
[2026-05-15T18:26:06.022+0000] {processor.py:925} INFO - DAG(s) 'example_complex' retrieved from /usr/local/python/3.12.1/lib/python3.12/site-packages/airflow/example_dags/example_complex.py
[2026-05-15T18:26:06.047+0000] {logging_mixin.py:190} INFO - [2026-05-15T18:26:06.047+0000] {dag.py:3239} INFO - Sync 1 DAGs
[2026-05-15T18:26:06.059+0000] {logging_mixin.py:190} INFO - [2026-05-15T18:26:06.059+0000] {dag.py:4180} INFO - Setting next_dagrun for example_complex to None, run_after=None
[2026-05-15T18:26:06.085+0000] {processor.py:208} INFO - Processing /usr/local/python/3.12.1/lib/python3.12/site-packages/airflow/example_dags/example_complex.py took 0.083 seconds
[2026-05-15T18:27:08.807+0000] {processor.py:186} INFO - Started process (PID=105644) to work on /usr/local/python/3.12.1/lib/python3.12/site-packages/airflow/example_dags/example_complex.py
[2026-05-15T18:27:08.807+0000] {processor.py:914} INFO - Processing file /usr/local/python/3.12.1/lib/python3.12/site-packages/airflow/example_dags/example_complex.py for tasks to queue
[2026-05-15T18:27:08.809+0000] {logging_mixin.py:190} INFO - [2026-05-15T18:27:08.809+0000] {dagbag.py:588} INFO - Filling up the DagBag from /usr/local/python/3.12.1/lib/python3.12/site-packages/airflow/example_dags/example_complex.py
[2026-05-15T18:27:08.819+0000] {processor.py:925} INFO - DAG(s) 'example_complex' retrieved from /usr/local/python/3.12.1/lib/python3.12/site-packages/airflow/example_dags/example_complex.py
[2026-05-15T18:27:08.842+0000] {logging_mixin.py:190} INFO - [2026-05-15T18:27:08.842+0000] {dag.py:3239} INFO - Sync 1 DAGs
[2026-05-15T18:27:08.853+0000] {logging_mixin.py:190} INFO - [2026-05-15T18:27:08.853+0000] {dag.py:4180} INFO - Setting next_dagrun for example_complex to None, run_after=None
[2026-05-15T18:27:08.873+0000] {processor.py:208} INFO - Processing /usr/local/python/3.12.1/lib/python3.12/site-packages/airflow/example_dags/example_complex.py took 0.071 seconds
[2026-05-15T18:28:12.794+0000] {processor.py:186} INFO - Started process (PID=106124) to work on /usr/local/python/3.12.1/lib/python3.12/site-packages/airflow/example_dags/example_complex.py
[2026-05-15T18:28:12.795+0000] {processor.py:914} INFO - Processing file /usr/local/python/3.12.1/lib/python3.12/site-packages/airflow/example_dags/example_complex.py for tasks to queue
[2026-05-15T18:28:12.797+0000] {logging_mixin.py:190} INFO - [2026-05-15T18:28:12.797+0000] {dagbag.py:588} INFO - Filling up the DagBag from /usr/local/python/3.12.1/lib/python3.12/site-packages/airflow/example_dags/example_complex.py
[2026-05-15T18:28:12.808+0000] {processor.py:925} INFO - DAG(s) 'example_complex' retrieved from /usr/local/python/3.12.1/lib/python3.12/site-packages/airflow/example_dags/example_complex.py
[2026-05-15T18:28:12.836+0000] {logging_mixin.py:190} INFO - [2026-05-15T18:28:12.836+0000] {dag.py:3239} INFO - Sync 1 DAGs
[2026-05-15T18:28:12.847+0000] {logging_mixin.py:190} INFO - [2026-05-15T18:28:12.847+0000] {dag.py:4180} INFO - Setting next_dagrun for example_complex to None, run_after=None
[2026-05-15T18:28:12.868+0000] {processor.py:208} INFO - Processing /usr/local/python/3.12.1/lib/python3.12/site-packages/airflow/example_dags/example_complex.py took 0.080 seconds
[2026-05-15T18:29:14.230+0000] {processor.py:186} INFO - Started process (PID=106620) to work on /usr/local/python/3.12.1/lib/python3.12/site-packages/airflow/example_dags/example_complex.py
[2026-05-15T18:29:14.231+0000] {processor.py:914} INFO - Processing file /usr/local/python/3.12.1/lib/python3.12/site-packages/airflow/example_dags/example_complex.py for tasks to queue
[2026-05-15T18:29:14.234+0000] {logging_mixin.py:190} INFO - [2026-05-15T18:29:14.233+0000] {dagbag.py:588} INFO - Filling up the DagBag from /usr/local/python/3.12.1/lib/python3.12/site-packages/airflow/example_dags/example_complex.py
[2026-05-15T18:29:14.247+0000] {processor.py:925} INFO - DAG(s) 'example_complex' retrieved from /usr/local/python/3.12.1/lib/python3.12/site-packages/airflow/example_dags/example_complex.py
[2026-05-15T18:29:14.270+0000] {logging_mixin.py:190} INFO - [2026-05-15T18:29:14.270+0000] {dag.py:3239} INFO - Sync 1 DAGs
[2026-05-15T18:29:14.284+0000] {logging_mixin.py:190} INFO - [2026-05-15T18:29:14.283+0000] {dag.py:4180} INFO - Setting next_dagrun for example_complex to None, run_after=None
[2026-05-15T18:29:14.304+0000] {processor.py:208} INFO - Processing /usr/local/python/3.12.1/lib/python3.12/site-packages/airflow/example_dags/example_complex.py took 0.082 seconds
[2026-05-15T18:30:12.933+0000] {processor.py:186} INFO - Started process (PID=107075) to work on /usr/local/python/3.12.1/lib/python3.12/site-packages/airflow/example_dags/example_complex.py
[2026-05-15T18:30:12.934+0000] {processor.py:914} INFO - Processing file /usr/local/python/3.12.1/lib/python3.12/site-packages/airflow/example_dags/example_complex.py for tasks to queue
[2026-05-15T18:30:12.936+0000] {logging_mixin.py:190} INFO - [2026-05-15T18:30:12.935+0000] {dagbag.py:588} INFO - Filling up the DagBag from /usr/local/python/3.12.1/lib/python3.12/site-packages/airflow/example_dags/example_complex.py
[2026-05-15T18:30:12.945+0000] {processor.py:925} INFO - DAG(s) 'example_complex' retrieved from /usr/local/python/3.12.1/lib/python3.12/site-packages/airflow/example_dags/example_complex.py
[2026-05-15T18:30:12.969+0000] {logging_mixin.py:190} INFO - [2026-05-15T18:30:12.969+0000] {dag.py:3239} INFO - Sync 1 DAGs
[2026-05-15T18:30:12.981+0000] {logging_mixin.py:190} INFO - [2026-05-15T18:30:12.981+0000] {dag.py:4180} INFO - Setting next_dagrun for example_complex to None, run_after=None
[2026-05-15T18:30:13.001+0000] {processor.py:208} INFO - Processing /usr/local/python/3.12.1/lib/python3.12/site-packages/airflow/example_dags/example_complex.py took 0.073 seconds
[2026-05-15T18:31:12.736+0000] {processor.py:186} INFO - Started process (PID=107540) to work on /usr/local/python/3.12.1/lib/python3.12/site-packages/airflow/example_dags/example_complex.py
[2026-05-15T18:31:12.736+0000] {processor.py:914} INFO - Processing file /usr/local/python/3.12.1/lib/python3.12/site-packages/airflow/example_dags/example_complex.py for tasks to queue
[2026-05-15T18:31:12.738+0000] {logging_mixin.py:190} INFO - [2026-05-15T18:31:12.738+0000] {dagbag.py:588} INFO - Filling up the DagBag from /usr/local/python/3.12.1/lib/python3.12/site-packages/airflow/example_dags/example_complex.py
[2026-05-15T18:31:12.748+0000] {processor.py:925} INFO - DAG(s) 'example_complex' retrieved from /usr/local/python/3.12.1/lib/python3.12/site-packages/airflow/example_dags/example_complex.py
[2026-05-15T18:31:12.769+0000] {logging_mixin.py:190} INFO - [2026-05-15T18:31:12.769+0000] {dag.py:3239} INFO - Sync 1 DAGs
[2026-05-15T18:31:12.783+0000] {logging_mixin.py:190} INFO - [2026-05-15T18:31:12.783+0000] {dag.py:4180} INFO - Setting next_dagrun for example_complex to None, run_after=None
[2026-05-15T18:31:12.803+0000] {processor.py:208} INFO - Processing /usr/local/python/3.12.1/lib/python3.12/site-packages/airflow/example_dags/example_complex.py took 0.072 seconds
[2026-05-15T18:32:13.784+0000] {processor.py:186} INFO - Started process (PID=108007) to work on /usr/local/python/3.12.1/lib/python3.12/site-packages/airflow/example_dags/example_complex.py
[2026-05-15T18:32:13.785+0000] {processor.py:914} INFO - Processing file /usr/local/python/3.12.1/lib/python3.12/site-packages/airflow/example_dags/example_complex.py for tasks to queue
[2026-05-15T18:32:13.787+0000] {logging_mixin.py:190} INFO - [2026-05-15T18:32:13.787+0000] {dagbag.py:588} INFO - Filling up the DagBag from /usr/local/python/3.12.1/lib/python3.12/site-packages/airflow/example_dags/example_complex.py
[2026-05-15T18:32:13.800+0000] {processor.py:925} INFO - DAG(s) 'example_complex' retrieved from /usr/local/python/3.12.1/lib/python3.12/site-packages/airflow/example_dags/example_complex.py
[2026-05-15T18:32:13.823+0000] {logging_mixin.py:190} INFO - [2026-05-15T18:32:13.823+0000] {dag.py:3239} INFO - Sync 1 DAGs
[2026-05-15T18:32:13.835+0000] {logging_mixin.py:190} INFO - [2026-05-15T18:32:13.834+0000] {dag.py:4180} INFO - Setting next_dagrun for example_complex to None, run_after=None
[2026-05-15T18:32:13.855+0000] {processor.py:208} INFO - Processing /usr/local/python/3.12.1/lib/python3.12/site-packages/airflow/example_dags/example_complex.py took 0.077 seconds
[2026-05-15T18:33:13.771+0000] {processor.py:186} INFO - Started process (PID=108472) to work on /usr/local/python/3.12.1/lib/python3.12/site-packages/airflow/example_dags/example_complex.py
[2026-05-15T18:33:13.771+0000] {processor.py:914} INFO - Processing file /usr/local/python/3.12.1/lib/python3.12/site-packages/airflow/example_dags/example_complex.py for tasks to queue
[2026-05-15T18:33:13.774+0000] {logging_mixin.py:190} INFO - [2026-05-15T18:33:13.773+0000] {dagbag.py:588} INFO - Filling up the DagBag from /usr/local/python/3.12.1/lib/python3.12/site-packages/airflow/example_dags/example_complex.py
[2026-05-15T18:33:13.788+0000] {processor.py:925} INFO - DAG(s) 'example_complex' retrieved from /usr/local/python/3.12.1/lib/python3.12/site-packages/airflow/example_dags/example_complex.py
[2026-05-15T18:33:13.812+0000] {logging_mixin.py:190} INFO - [2026-05-15T18:33:13.812+0000] {dag.py:3239} INFO - Sync 1 DAGs
[2026-05-15T18:33:13.823+0000] {logging_mixin.py:190} INFO - [2026-05-15T18:33:13.822+0000] {dag.py:4180} INFO - Setting next_dagrun for example_complex to None, run_after=None
[2026-05-15T18:33:13.841+0000] {processor.py:208} INFO - Processing /usr/local/python/3.12.1/lib/python3.12/site-packages/airflow/example_dags/example_complex.py took 0.075 seconds
[2026-05-15T18:34:19.579+0000] {processor.py:186} INFO - Started process (PID=108985) to work on /usr/local/python/3.12.1/lib/python3.12/site-packages/airflow/example_dags/example_complex.py
[2026-05-15T18:34:19.580+0000] {processor.py:914} INFO - Processing file /usr/local/python/3.12.1/lib/python3.12/site-packages/airflow/example_dags/example_complex.py for tasks to queue
[2026-05-15T18:34:19.582+0000] {logging_mixin.py:190} INFO - [2026-05-15T18:34:19.582+0000] {dagbag.py:588} INFO - Filling up the DagBag from /usr/local/python/3.12.1/lib/python3.12/site-packages/airflow/example_dags/example_complex.py
[2026-05-15T18:34:19.610+0000] {processor.py:925} INFO - DAG(s) 'example_complex' retrieved from /usr/local/python/3.12.1/lib/python3.12/site-packages/airflow/example_dags/example_complex.py
[2026-05-15T18:34:19.661+0000] {logging_mixin.py:190} INFO - [2026-05-15T18:34:19.660+0000] {dag.py:3239} INFO - Sync 1 DAGs
[2026-05-15T18:34:19.672+0000] {logging_mixin.py:190} INFO - [2026-05-15T18:34:19.671+0000] {dag.py:4180} INFO - Setting next_dagrun for example_complex to None, run_after=None
[2026-05-15T18:34:19.694+0000] {processor.py:208} INFO - Processing /usr/local/python/3.12.1/lib/python3.12/site-packages/airflow/example_dags/example_complex.py took 0.120 seconds
[2026-05-15T18:35:23.404+0000] {processor.py:186} INFO - Started process (PID=109488) to work on /usr/local/python/3.12.1/lib/python3.12/site-packages/airflow/example_dags/example_complex.py
[2026-05-15T18:35:23.405+0000] {processor.py:914} INFO - Processing file /usr/local/python/3.12.1/lib/python3.12/site-packages/airflow/example_dags/example_complex.py for tasks to queue
[2026-05-15T18:35:23.407+0000] {logging_mixin.py:190} INFO - [2026-05-15T18:35:23.406+0000] {dagbag.py:588} INFO - Filling up the DagBag from /usr/local/python/3.12.1/lib/python3.12/site-packages/airflow/example_dags/example_complex.py
[2026-05-15T18:35:23.417+0000] {processor.py:925} INFO - DAG(s) 'example_complex' retrieved from /usr/local/python/3.12.1/lib/python3.12/site-packages/airflow/example_dags/example_complex.py
[2026-05-15T18:35:23.441+0000] {logging_mixin.py:190} INFO - [2026-05-15T18:35:23.441+0000] {dag.py:3239} INFO - Sync 1 DAGs
[2026-05-15T18:35:23.451+0000] {logging_mixin.py:190} INFO - [2026-05-15T18:35:23.451+0000] {dag.py:4180} INFO - Setting next_dagrun for example_complex to None, run_after=None
[2026-05-15T18:35:23.468+0000] {processor.py:208} INFO - Processing /usr/local/python/3.12.1/lib/python3.12/site-packages/airflow/example_dags/example_complex.py took 0.068 seconds
[2026-05-15T18:36:27.845+0000] {processor.py:186} INFO - Started process (PID=109977) to work on /usr/local/python/3.12.1/lib/python3.12/site-packages/airflow/example_dags/example_complex.py
[2026-05-15T18:36:27.846+0000] {processor.py:914} INFO - Processing file /usr/local/python/3.12.1/lib/python3.12/site-packages/airflow/example_dags/example_complex.py for tasks to queue
[2026-05-15T18:36:27.848+0000] {logging_mixin.py:190} INFO - [2026-05-15T18:36:27.847+0000] {dagbag.py:588} INFO - Filling up the DagBag from /usr/local/python/3.12.1/lib/python3.12/site-packages/airflow/example_dags/example_complex.py
[2026-05-15T18:36:27.859+0000] {processor.py:925} INFO - DAG(s) 'example_complex' retrieved from /usr/local/python/3.12.1/lib/python3.12/site-packages/airflow/example_dags/example_complex.py
[2026-05-15T18:36:27.891+0000] {logging_mixin.py:190} INFO - [2026-05-15T18:36:27.891+0000] {dag.py:3239} INFO - Sync 1 DAGs
[2026-05-15T18:36:27.903+0000] {logging_mixin.py:190} INFO - [2026-05-15T18:36:27.903+0000] {dag.py:4180} INFO - Setting next_dagrun for example_complex to None, run_after=None
[2026-05-15T18:36:27.925+0000] {processor.py:208} INFO - Processing /usr/local/python/3.12.1/lib/python3.12/site-packages/airflow/example_dags/example_complex.py took 0.085 seconds
[2026-05-15T18:37:27.305+0000] {processor.py:186} INFO - Started process (PID=110438) to work on /usr/local/python/3.12.1/lib/python3.12/site-packages/airflow/example_dags/example_complex.py
[2026-05-15T18:37:27.305+0000] {processor.py:914} INFO - Processing file /usr/local/python/3.12.1/lib/python3.12/site-packages/airflow/example_dags/example_complex.py for tasks to queue
[2026-05-15T18:37:27.307+0000] {logging_mixin.py:190} INFO - [2026-05-15T18:37:27.307+0000] {dagbag.py:588} INFO - Filling up the DagBag from /usr/local/python/3.12.1/lib/python3.12/site-packages/airflow/example_dags/example_complex.py
[2026-05-15T18:37:27.317+0000] {processor.py:925} INFO - DAG(s) 'example_complex' retrieved from /usr/local/python/3.12.1/lib/python3.12/site-packages/airflow/example_dags/example_complex.py
[2026-05-15T18:37:27.338+0000] {logging_mixin.py:190} INFO - [2026-05-15T18:37:27.338+0000] {dag.py:3239} INFO - Sync 1 DAGs
[2026-05-15T18:37:27.349+0000] {logging_mixin.py:190} INFO - [2026-05-15T18:37:27.349+0000] {dag.py:4180} INFO - Setting next_dagrun for example_complex to None, run_after=None
[2026-05-15T18:37:27.371+0000] {processor.py:208} INFO - Processing /usr/local/python/3.12.1/lib/python3.12/site-packages/airflow/example_dags/example_complex.py took 0.070 seconds
[2026-05-15T18:38:26.099+0000] {processor.py:186} INFO - Started process (PID=110880) to work on /usr/local/python/3.12.1/lib/python3.12/site-packages/airflow/example_dags/example_complex.py
[2026-05-15T18:38:26.100+0000] {processor.py:914} INFO - Processing file /usr/local/python/3.12.1/lib/python3.12/site-packages/airflow/example_dags/example_complex.py for tasks to queue
[2026-05-15T18:38:26.103+0000] {logging_mixin.py:190} INFO - [2026-05-15T18:38:26.102+0000] {dagbag.py:588} INFO - Filling up the DagBag from /usr/local/python/3.12.1/lib/python3.12/site-packages/airflow/example_dags/example_complex.py
[2026-05-15T18:38:26.115+0000] {processor.py:925} INFO - DAG(s) 'example_complex' retrieved from /usr/local/python/3.12.1/lib/python3.12/site-packages/airflow/example_dags/example_complex.py
[2026-05-15T18:38:26.137+0000] {logging_mixin.py:190} INFO - [2026-05-15T18:38:26.137+0000] {dag.py:3239} INFO - Sync 1 DAGs
[2026-05-15T18:38:26.147+0000] {logging_mixin.py:190} INFO - [2026-05-15T18:38:26.147+0000] {dag.py:4180} INFO - Setting next_dagrun for example_complex to None, run_after=None
[2026-05-15T18:38:26.165+0000] {processor.py:208} INFO - Processing /usr/local/python/3.12.1/lib/python3.12/site-packages/airflow/example_dags/example_complex.py took 0.072 seconds
[2026-05-15T18:39:26.557+0000] {processor.py:186} INFO - Started process (PID=111367) to work on /usr/local/python/3.12.1/lib/python3.12/site-packages/airflow/example_dags/example_complex.py
[2026-05-15T18:39:26.558+0000] {processor.py:914} INFO - Processing file /usr/local/python/3.12.1/lib/python3.12/site-packages/airflow/example_dags/example_complex.py for tasks to queue
[2026-05-15T18:39:26.560+0000] {logging_mixin.py:190} INFO - [2026-05-15T18:39:26.559+0000] {dagbag.py:588} INFO - Filling up the DagBag from /usr/local/python/3.12.1/lib/python3.12/site-packages/airflow/example_dags/example_complex.py
[2026-05-15T18:39:26.570+0000] {processor.py:925} INFO - DAG(s) 'example_complex' retrieved from /usr/local/python/3.12.1/lib/python3.12/site-packages/airflow/example_dags/example_complex.py
[2026-05-15T18:39:26.600+0000] {logging_mixin.py:190} INFO - [2026-05-15T18:39:26.600+0000] {dag.py:3239} INFO - Sync 1 DAGs
[2026-05-15T18:39:26.612+0000] {logging_mixin.py:190} INFO - [2026-05-15T18:39:26.612+0000] {dag.py:4180} INFO - Setting next_dagrun for example_complex to None, run_after=None
[2026-05-15T18:39:26.633+0000] {processor.py:208} INFO - Processing /usr/local/python/3.12.1/lib/python3.12/site-packages/airflow/example_dags/example_complex.py took 0.080 seconds
[2026-05-15T18:40:26.191+0000] {processor.py:186} INFO - Started process (PID=111833) to work on /usr/local/python/3.12.1/lib/python3.12/site-packages/airflow/example_dags/example_complex.py
[2026-05-15T18:40:26.192+0000] {processor.py:914} INFO - Processing file /usr/local/python/3.12.1/lib/python3.12/site-packages/airflow/example_dags/example_complex.py for tasks to queue
[2026-05-15T18:40:26.194+0000] {logging_mixin.py:190} INFO - [2026-05-15T18:40:26.194+0000] {dagbag.py:588} INFO - Filling up the DagBag from /usr/local/python/3.12.1/lib/python3.12/site-packages/airflow/example_dags/example_complex.py
[2026-05-15T18:40:26.204+0000] {processor.py:925} INFO - DAG(s) 'example_complex' retrieved from /usr/local/python/3.12.1/lib/python3.12/site-packages/airflow/example_dags/example_complex.py
[2026-05-15T18:40:26.227+0000] {logging_mixin.py:190} INFO - [2026-05-15T18:40:26.226+0000] {dag.py:3239} INFO - Sync 1 DAGs
[2026-05-15T18:40:26.238+0000] {logging_mixin.py:190} INFO - [2026-05-15T18:40:26.237+0000] {dag.py:4180} INFO - Setting next_dagrun for example_complex to None, run_after=None
[2026-05-15T18:40:26.255+0000] {processor.py:208} INFO - Processing /usr/local/python/3.12.1/lib/python3.12/site-packages/airflow/example_dags/example_complex.py took 0.070 seconds
[2026-05-15T18:41:25.986+0000] {processor.py:186} INFO - Started process (PID=112295) to work on /usr/local/python/3.12.1/lib/python3.12/site-packages/airflow/example_dags/example_complex.py
[2026-05-15T18:41:25.987+0000] {processor.py:914} INFO - Processing file /usr/local/python/3.12.1/lib/python3.12/site-packages/airflow/example_dags/example_complex.py for tasks to queue
[2026-05-15T18:41:25.990+0000] {logging_mixin.py:190} INFO - [2026-05-15T18:41:25.989+0000] {dagbag.py:588} INFO - Filling up the DagBag from /usr/local/python/3.12.1/lib/python3.12/site-packages/airflow/example_dags/example_complex.py
[2026-05-15T18:41:26.001+0000] {processor.py:925} INFO - DAG(s) 'example_complex' retrieved from /usr/local/python/3.12.1/lib/python3.12/site-packages/airflow/example_dags/example_complex.py
[2026-05-15T18:41:26.026+0000] {logging_mixin.py:190} INFO - [2026-05-15T18:41:26.026+0000] {dag.py:3239} INFO - Sync 1 DAGs
[2026-05-15T18:41:26.038+0000] {logging_mixin.py:190} INFO - [2026-05-15T18:41:26.038+0000] {dag.py:4180} INFO - Setting next_dagrun for example_complex to None, run_after=None
[2026-05-15T18:41:26.061+0000] {processor.py:208} INFO - Processing /usr/local/python/3.12.1/lib/python3.12/site-packages/airflow/example_dags/example_complex.py took 0.081 seconds
[2026-05-15T18:42:26.007+0000] {processor.py:186} INFO - Started process (PID=112752) to work on /usr/local/python/3.12.1/lib/python3.12/site-packages/airflow/example_dags/example_complex.py
[2026-05-15T18:42:26.008+0000] {processor.py:914} INFO - Processing file /usr/local/python/3.12.1/lib/python3.12/site-packages/airflow/example_dags/example_complex.py for tasks to queue
[2026-05-15T18:42:26.009+0000] {logging_mixin.py:190} INFO - [2026-05-15T18:42:26.009+0000] {dagbag.py:588} INFO - Filling up the DagBag from /usr/local/python/3.12.1/lib/python3.12/site-packages/airflow/example_dags/example_complex.py
[2026-05-15T18:42:26.019+0000] {processor.py:925} INFO - DAG(s) 'example_complex' retrieved from /usr/local/python/3.12.1/lib/python3.12/site-packages/airflow/example_dags/example_complex.py
[2026-05-15T18:42:26.041+0000] {logging_mixin.py:190} INFO - [2026-05-15T18:42:26.041+0000] {dag.py:3239} INFO - Sync 1 DAGs
[2026-05-15T18:42:26.052+0000] {logging_mixin.py:190} INFO - [2026-05-15T18:42:26.051+0000] {dag.py:4180} INFO - Setting next_dagrun for example_complex to None, run_after=None
[2026-05-15T18:42:26.070+0000] {processor.py:208} INFO - Processing /usr/local/python/3.12.1/lib/python3.12/site-packages/airflow/example_dags/example_complex.py took 0.067 seconds
[2026-05-15T18:43:26.944+0000] {processor.py:186} INFO - Started process (PID=113228) to work on /usr/local/python/3.12.1/lib/python3.12/site-packages/airflow/example_dags/example_complex.py
[2026-05-15T18:43:26.945+0000] {processor.py:914} INFO - Processing file /usr/local/python/3.12.1/lib/python3.12/site-packages/airflow/example_dags/example_complex.py for tasks to queue
[2026-05-15T18:43:26.946+0000] {logging_mixin.py:190} INFO - [2026-05-15T18:43:26.946+0000] {dagbag.py:588} INFO - Filling up the DagBag from /usr/local/python/3.12.1/lib/python3.12/site-packages/airflow/example_dags/example_complex.py
[2026-05-15T18:43:26.956+0000] {processor.py:925} INFO - DAG(s) 'example_complex' retrieved from /usr/local/python/3.12.1/lib/python3.12/site-packages/airflow/example_dags/example_complex.py
[2026-05-15T18:43:26.996+0000] {logging_mixin.py:190} INFO - [2026-05-15T18:43:26.993+0000] {dag.py:3239} INFO - Sync 1 DAGs
[2026-05-15T18:43:27.010+0000] {logging_mixin.py:190} INFO - [2026-05-15T18:43:27.010+0000] {dag.py:4180} INFO - Setting next_dagrun for example_complex to None, run_after=None
[2026-05-15T18:43:27.029+0000] {processor.py:208} INFO - Processing /usr/local/python/3.12.1/lib/python3.12/site-packages/airflow/example_dags/example_complex.py took 0.090 seconds
[2026-05-15T18:44:27.619+0000] {processor.py:186} INFO - Started process (PID=113736) to work on /usr/local/python/3.12.1/lib/python3.12/site-packages/airflow/example_dags/example_complex.py
[2026-05-15T18:44:27.619+0000] {processor.py:914} INFO - Processing file /usr/local/python/3.12.1/lib/python3.12/site-packages/airflow/example_dags/example_complex.py for tasks to queue
[2026-05-15T18:44:27.621+0000] {logging_mixin.py:190} INFO - [2026-05-15T18:44:27.621+0000] {dagbag.py:588} INFO - Filling up the DagBag from /usr/local/python/3.12.1/lib/python3.12/site-packages/airflow/example_dags/example_complex.py
[2026-05-15T18:44:27.631+0000] {processor.py:925} INFO - DAG(s) 'example_complex' retrieved from /usr/local/python/3.12.1/lib/python3.12/site-packages/airflow/example_dags/example_complex.py
[2026-05-15T18:44:27.653+0000] {logging_mixin.py:190} INFO - [2026-05-15T18:44:27.652+0000] {dag.py:3239} INFO - Sync 1 DAGs
[2026-05-15T18:44:27.673+0000] {logging_mixin.py:190} INFO - [2026-05-15T18:44:27.672+0000] {dag.py:4180} INFO - Setting next_dagrun for example_complex to None, run_after=None
[2026-05-15T18:44:27.716+0000] {processor.py:208} INFO - Processing /usr/local/python/3.12.1/lib/python3.12/site-packages/airflow/example_dags/example_complex.py took 0.102 seconds
[2026-05-15T18:45:27.870+0000] {processor.py:186} INFO - Started process (PID=114203) to work on /usr/local/python/3.12.1/lib/python3.12/site-packages/airflow/example_dags/example_complex.py
[2026-05-15T18:45:27.871+0000] {processor.py:914} INFO - Processing file /usr/local/python/3.12.1/lib/python3.12/site-packages/airflow/example_dags/example_complex.py for tasks to queue
[2026-05-15T18:45:27.873+0000] {logging_mixin.py:190} INFO - [2026-05-15T18:45:27.873+0000] {dagbag.py:588} INFO - Filling up the DagBag from /usr/local/python/3.12.1/lib/python3.12/site-packages/airflow/example_dags/example_complex.py
[2026-05-15T18:45:27.887+0000] {processor.py:925} INFO - DAG(s) 'example_complex' retrieved from /usr/local/python/3.12.1/lib/python3.12/site-packages/airflow/example_dags/example_complex.py
[2026-05-15T18:45:27.911+0000] {logging_mixin.py:190} INFO - [2026-05-15T18:45:27.911+0000] {dag.py:3239} INFO - Sync 1 DAGs
[2026-05-15T18:45:27.921+0000] {logging_mixin.py:190} INFO - [2026-05-15T18:45:27.921+0000] {dag.py:4180} INFO - Setting next_dagrun for example_complex to None, run_after=None
[2026-05-15T18:45:27.941+0000] {processor.py:208} INFO - Processing /usr/local/python/3.12.1/lib/python3.12/site-packages/airflow/example_dags/example_complex.py took 0.075 seconds
[2026-05-15T18:46:26.428+0000] {processor.py:186} INFO - Started process (PID=114654) to work on /usr/local/python/3.12.1/lib/python3.12/site-packages/airflow/example_dags/example_complex.py
[2026-05-15T18:46:26.429+0000] {processor.py:914} INFO - Processing file /usr/local/python/3.12.1/lib/python3.12/site-packages/airflow/example_dags/example_complex.py for tasks to queue
[2026-05-15T18:46:26.430+0000] {logging_mixin.py:190} INFO - [2026-05-15T18:46:26.430+0000] {dagbag.py:588} INFO - Filling up the DagBag from /usr/local/python/3.12.1/lib/python3.12/site-packages/airflow/example_dags/example_complex.py
[2026-05-15T18:46:26.440+0000] {processor.py:925} INFO - DAG(s) 'example_complex' retrieved from /usr/local/python/3.12.1/lib/python3.12/site-packages/airflow/example_dags/example_complex.py
[2026-05-15T18:46:26.462+0000] {logging_mixin.py:190} INFO - [2026-05-15T18:46:26.462+0000] {dag.py:3239} INFO - Sync 1 DAGs
[2026-05-15T18:46:26.473+0000] {logging_mixin.py:190} INFO - [2026-05-15T18:46:26.473+0000] {dag.py:4180} INFO - Setting next_dagrun for example_complex to None, run_after=None
[2026-05-15T18:46:26.496+0000] {processor.py:208} INFO - Processing /usr/local/python/3.12.1/lib/python3.12/site-packages/airflow/example_dags/example_complex.py took 0.073 seconds
[2026-05-15T18:47:28.312+0000] {processor.py:186} INFO - Started process (PID=115133) to work on /usr/local/python/3.12.1/lib/python3.12/site-packages/airflow/example_dags/example_complex.py
[2026-05-15T18:47:28.313+0000] {processor.py:914} INFO - Processing file /usr/local/python/3.12.1/lib/python3.12/site-packages/airflow/example_dags/example_complex.py for tasks to queue
[2026-05-15T18:47:28.314+0000] {logging_mixin.py:190} INFO - [2026-05-15T18:47:28.314+0000] {dagbag.py:588} INFO - Filling up the DagBag from /usr/local/python/3.12.1/lib/python3.12/site-packages/airflow/example_dags/example_complex.py
[2026-05-15T18:47:28.325+0000] {processor.py:925} INFO - DAG(s) 'example_complex' retrieved from /usr/local/python/3.12.1/lib/python3.12/site-packages/airflow/example_dags/example_complex.py
[2026-05-15T18:47:28.363+0000] {logging_mixin.py:190} INFO - [2026-05-15T18:47:28.362+0000] {dag.py:3239} INFO - Sync 1 DAGs
[2026-05-15T18:47:28.380+0000] {logging_mixin.py:190} INFO - [2026-05-15T18:47:28.379+0000] {dag.py:4180} INFO - Setting next_dagrun for example_complex to None, run_after=None
[2026-05-15T18:47:28.414+0000] {processor.py:208} INFO - Processing /usr/local/python/3.12.1/lib/python3.12/site-packages/airflow/example_dags/example_complex.py took 0.107 seconds
[2026-05-15T18:48:30.784+0000] {processor.py:186} INFO - Started process (PID=115610) to work on /usr/local/python/3.12.1/lib/python3.12/site-packages/airflow/example_dags/example_complex.py
[2026-05-15T18:48:30.785+0000] {processor.py:914} INFO - Processing file /usr/local/python/3.12.1/lib/python3.12/site-packages/airflow/example_dags/example_complex.py for tasks to queue
[2026-05-15T18:48:30.788+0000] {logging_mixin.py:190} INFO - [2026-05-15T18:48:30.787+0000] {dagbag.py:588} INFO - Filling up the DagBag from /usr/local/python/3.12.1/lib/python3.12/site-packages/airflow/example_dags/example_complex.py
[2026-05-15T18:48:30.806+0000] {processor.py:925} INFO - DAG(s) 'example_complex' retrieved from /usr/local/python/3.12.1/lib/python3.12/site-packages/airflow/example_dags/example_complex.py
[2026-05-15T18:48:30.833+0000] {logging_mixin.py:190} INFO - [2026-05-15T18:48:30.833+0000] {dag.py:3239} INFO - Sync 1 DAGs
[2026-05-15T18:48:30.846+0000] {logging_mixin.py:190} INFO - [2026-05-15T18:48:30.845+0000] {dag.py:4180} INFO - Setting next_dagrun for example_complex to None, run_after=None
[2026-05-15T18:48:30.868+0000] {processor.py:208} INFO - Processing /usr/local/python/3.12.1/lib/python3.12/site-packages/airflow/example_dags/example_complex.py took 0.090 seconds
[2026-05-15T18:49:32.635+0000] {processor.py:186} INFO - Started process (PID=116106) to work on /usr/local/python/3.12.1/lib/python3.12/site-packages/airflow/example_dags/example_complex.py
[2026-05-15T18:49:32.636+0000] {processor.py:914} INFO - Processing file /usr/local/python/3.12.1/lib/python3.12/site-packages/airflow/example_dags/example_complex.py for tasks to queue
[2026-05-15T18:49:32.638+0000] {logging_mixin.py:190} INFO - [2026-05-15T18:49:32.638+0000] {dagbag.py:588} INFO - Filling up the DagBag from /usr/local/python/3.12.1/lib/python3.12/site-packages/airflow/example_dags/example_complex.py
[2026-05-15T18:49:32.648+0000] {processor.py:925} INFO - DAG(s) 'example_complex' retrieved from /usr/local/python/3.12.1/lib/python3.12/site-packages/airflow/example_dags/example_complex.py
[2026-05-15T18:49:32.670+0000] {logging_mixin.py:190} INFO - [2026-05-15T18:49:32.670+0000] {dag.py:3239} INFO - Sync 1 DAGs
[2026-05-15T18:49:32.682+0000] {logging_mixin.py:190} INFO - [2026-05-15T18:49:32.681+0000] {dag.py:4180} INFO - Setting next_dagrun for example_complex to None, run_after=None
[2026-05-15T18:49:32.702+0000] {processor.py:208} INFO - Processing /usr/local/python/3.12.1/lib/python3.12/site-packages/airflow/example_dags/example_complex.py took 0.071 seconds
[2026-05-15T18:50:35.044+0000] {processor.py:186} INFO - Started process (PID=116585) to work on /usr/local/python/3.12.1/lib/python3.12/site-packages/airflow/example_dags/example_complex.py
[2026-05-15T18:50:35.045+0000] {processor.py:914} INFO - Processing file /usr/local/python/3.12.1/lib/python3.12/site-packages/airflow/example_dags/example_complex.py for tasks to queue
[2026-05-15T18:50:35.047+0000] {logging_mixin.py:190} INFO - [2026-05-15T18:50:35.046+0000] {dagbag.py:588} INFO - Filling up the DagBag from /usr/local/python/3.12.1/lib/python3.12/site-packages/airflow/example_dags/example_complex.py
[2026-05-15T18:50:35.056+0000] {processor.py:925} INFO - DAG(s) 'example_complex' retrieved from /usr/local/python/3.12.1/lib/python3.12/site-packages/airflow/example_dags/example_complex.py
[2026-05-15T18:50:35.081+0000] {logging_mixin.py:190} INFO - [2026-05-15T18:50:35.080+0000] {dag.py:3239} INFO - Sync 1 DAGs
[2026-05-15T18:50:35.094+0000] {logging_mixin.py:190} INFO - [2026-05-15T18:50:35.093+0000] {dag.py:4180} INFO - Setting next_dagrun for example_complex to None, run_after=None
[2026-05-15T18:50:35.112+0000] {processor.py:208} INFO - Processing /usr/local/python/3.12.1/lib/python3.12/site-packages/airflow/example_dags/example_complex.py took 0.072 seconds
[2026-05-15T18:51:36.902+0000] {processor.py:186} INFO - Started process (PID=117061) to work on /usr/local/python/3.12.1/lib/python3.12/site-packages/airflow/example_dags/example_complex.py
[2026-05-15T18:51:36.903+0000] {processor.py:914} INFO - Processing file /usr/local/python/3.12.1/lib/python3.12/site-packages/airflow/example_dags/example_complex.py for tasks to queue
[2026-05-15T18:51:36.905+0000] {logging_mixin.py:190} INFO - [2026-05-15T18:51:36.904+0000] {dagbag.py:588} INFO - Filling up the DagBag from /usr/local/python/3.12.1/lib/python3.12/site-packages/airflow/example_dags/example_complex.py
[2026-05-15T18:51:36.914+0000] {processor.py:925} INFO - DAG(s) 'example_complex' retrieved from /usr/local/python/3.12.1/lib/python3.12/site-packages/airflow/example_dags/example_complex.py
[2026-05-15T18:51:36.936+0000] {logging_mixin.py:190} INFO - [2026-05-15T18:51:36.935+0000] {dag.py:3239} INFO - Sync 1 DAGs
[2026-05-15T18:51:36.945+0000] {logging_mixin.py:190} INFO - [2026-05-15T18:51:36.945+0000] {dag.py:4180} INFO - Setting next_dagrun for example_complex to None, run_after=None
[2026-05-15T18:51:36.962+0000] {processor.py:208} INFO - Processing /usr/local/python/3.12.1/lib/python3.12/site-packages/airflow/example_dags/example_complex.py took 0.066 seconds
[2026-05-15T18:52:35.279+0000] {processor.py:186} INFO - Started process (PID=117519) to work on /usr/local/python/3.12.1/lib/python3.12/site-packages/airflow/example_dags/example_complex.py
[2026-05-15T18:52:35.281+0000] {processor.py:914} INFO - Processing file /usr/local/python/3.12.1/lib/python3.12/site-packages/airflow/example_dags/example_complex.py for tasks to queue
[2026-05-15T18:52:35.285+0000] {logging_mixin.py:190} INFO - [2026-05-15T18:52:35.284+0000] {dagbag.py:588} INFO - Filling up the DagBag from /usr/local/python/3.12.1/lib/python3.12/site-packages/airflow/example_dags/example_complex.py
[2026-05-15T18:52:35.305+0000] {processor.py:925} INFO - DAG(s) 'example_complex' retrieved from /usr/local/python/3.12.1/lib/python3.12/site-packages/airflow/example_dags/example_complex.py
[2026-05-15T18:52:35.335+0000] {logging_mixin.py:190} INFO - [2026-05-15T18:52:35.335+0000] {dag.py:3239} INFO - Sync 1 DAGs
[2026-05-15T18:52:35.345+0000] {logging_mixin.py:190} INFO - [2026-05-15T18:52:35.345+0000] {dag.py:4180} INFO - Setting next_dagrun for example_complex to None, run_after=None
[2026-05-15T18:52:35.362+0000] {processor.py:208} INFO - Processing /usr/local/python/3.12.1/lib/python3.12/site-packages/airflow/example_dags/example_complex.py took 0.090 seconds
[2026-05-15T18:53:34.108+0000] {processor.py:186} INFO - Started process (PID=117973) to work on /usr/local/python/3.12.1/lib/python3.12/site-packages/airflow/example_dags/example_complex.py
[2026-05-15T18:53:34.108+0000] {processor.py:914} INFO - Processing file /usr/local/python/3.12.1/lib/python3.12/site-packages/airflow/example_dags/example_complex.py for tasks to queue
[2026-05-15T18:53:34.110+0000] {logging_mixin.py:190} INFO - [2026-05-15T18:53:34.110+0000] {dagbag.py:588} INFO - Filling up the DagBag from /usr/local/python/3.12.1/lib/python3.12/site-packages/airflow/example_dags/example_complex.py
[2026-05-15T18:53:34.120+0000] {processor.py:925} INFO - DAG(s) 'example_complex' retrieved from /usr/local/python/3.12.1/lib/python3.12/site-packages/airflow/example_dags/example_complex.py
[2026-05-15T18:53:34.145+0000] {logging_mixin.py:190} INFO - [2026-05-15T18:53:34.145+0000] {dag.py:3239} INFO - Sync 1 DAGs
[2026-05-15T18:53:34.155+0000] {logging_mixin.py:190} INFO - [2026-05-15T18:53:34.155+0000] {dag.py:4180} INFO - Setting next_dagrun for example_complex to None, run_after=None
[2026-05-15T18:53:34.172+0000] {processor.py:208} INFO - Processing /usr/local/python/3.12.1/lib/python3.12/site-packages/airflow/example_dags/example_complex.py took 0.069 seconds
