[2026-05-15T17:34:53.619+0000] {processor.py:186} INFO - Started process (PID=75521) to work on /usr/local/python/3.12.1/lib/python3.12/site-packages/airflow/example_dags/tutorial_dag.py
[2026-05-15T17:34:53.620+0000] {processor.py:914} INFO - Processing file /usr/local/python/3.12.1/lib/python3.12/site-packages/airflow/example_dags/tutorial_dag.py for tasks to queue
[2026-05-15T17:34:53.622+0000] {logging_mixin.py:190} INFO - [2026-05-15T17:34:53.622+0000] {dagbag.py:588} INFO - Filling up the DagBag from /usr/local/python/3.12.1/lib/python3.12/site-packages/airflow/example_dags/tutorial_dag.py
[2026-05-15T17:34:53.628+0000] {processor.py:925} INFO - DAG(s) 'tutorial_dag' retrieved from /usr/local/python/3.12.1/lib/python3.12/site-packages/airflow/example_dags/tutorial_dag.py
[2026-05-15T17:34:53.642+0000] {logging_mixin.py:190} INFO - [2026-05-15T17:34:53.642+0000] {dag.py:3239} INFO - Sync 1 DAGs
[2026-05-15T17:34:53.659+0000] {logging_mixin.py:190} INFO - [2026-05-15T17:34:53.659+0000] {dag.py:4180} INFO - Setting next_dagrun for tutorial_dag to None, run_after=None
[2026-05-15T17:34:53.681+0000] {processor.py:208} INFO - Processing /usr/local/python/3.12.1/lib/python3.12/site-packages/airflow/example_dags/tutorial_dag.py took 0.067 seconds
[2026-05-15T17:35:54.104+0000] {processor.py:186} INFO - Started process (PID=76104) to work on /usr/local/python/3.12.1/lib/python3.12/site-packages/airflow/example_dags/tutorial_dag.py
[2026-05-15T17:35:54.105+0000] {processor.py:914} INFO - Processing file /usr/local/python/3.12.1/lib/python3.12/site-packages/airflow/example_dags/tutorial_dag.py for tasks to queue
[2026-05-15T17:35:54.107+0000] {logging_mixin.py:190} INFO - [2026-05-15T17:35:54.107+0000] {dagbag.py:588} INFO - Filling up the DagBag from /usr/local/python/3.12.1/lib/python3.12/site-packages/airflow/example_dags/tutorial_dag.py
[2026-05-15T17:35:54.113+0000] {processor.py:925} INFO - DAG(s) 'tutorial_dag' retrieved from /usr/local/python/3.12.1/lib/python3.12/site-packages/airflow/example_dags/tutorial_dag.py
[2026-05-15T17:35:54.125+0000] {logging_mixin.py:190} INFO - [2026-05-15T17:35:54.125+0000] {dag.py:3239} INFO - Sync 1 DAGs
[2026-05-15T17:35:54.136+0000] {logging_mixin.py:190} INFO - [2026-05-15T17:35:54.136+0000] {dag.py:4180} INFO - Setting next_dagrun for tutorial_dag to None, run_after=None
[2026-05-15T17:35:54.153+0000] {processor.py:208} INFO - Processing /usr/local/python/3.12.1/lib/python3.12/site-packages/airflow/example_dags/tutorial_dag.py took 0.053 seconds
[2026-05-15T17:36:57.503+0000] {processor.py:186} INFO - Started process (PID=76759) to work on /usr/local/python/3.12.1/lib/python3.12/site-packages/airflow/example_dags/tutorial_dag.py
[2026-05-15T17:36:57.503+0000] {processor.py:914} INFO - Processing file /usr/local/python/3.12.1/lib/python3.12/site-packages/airflow/example_dags/tutorial_dag.py for tasks to queue
[2026-05-15T17:36:57.505+0000] {logging_mixin.py:190} INFO - [2026-05-15T17:36:57.505+0000] {dagbag.py:588} INFO - Filling up the DagBag from /usr/local/python/3.12.1/lib/python3.12/site-packages/airflow/example_dags/tutorial_dag.py
[2026-05-15T17:36:57.511+0000] {processor.py:925} INFO - DAG(s) 'tutorial_dag' retrieved from /usr/local/python/3.12.1/lib/python3.12/site-packages/airflow/example_dags/tutorial_dag.py
[2026-05-15T17:36:57.523+0000] {logging_mixin.py:190} INFO - [2026-05-15T17:36:57.523+0000] {dag.py:3239} INFO - Sync 1 DAGs
[2026-05-15T17:36:57.535+0000] {logging_mixin.py:190} INFO - [2026-05-15T17:36:57.535+0000] {dag.py:4180} INFO - Setting next_dagrun for tutorial_dag to None, run_after=None
[2026-05-15T17:36:57.572+0000] {processor.py:208} INFO - Processing /usr/local/python/3.12.1/lib/python3.12/site-packages/airflow/example_dags/tutorial_dag.py took 0.074 seconds
[2026-05-15T17:37:59.258+0000] {processor.py:186} INFO - Started process (PID=77387) to work on /usr/local/python/3.12.1/lib/python3.12/site-packages/airflow/example_dags/tutorial_dag.py
[2026-05-15T17:37:59.258+0000] {processor.py:914} INFO - Processing file /usr/local/python/3.12.1/lib/python3.12/site-packages/airflow/example_dags/tutorial_dag.py for tasks to queue
[2026-05-15T17:37:59.260+0000] {logging_mixin.py:190} INFO - [2026-05-15T17:37:59.260+0000] {dagbag.py:588} INFO - Filling up the DagBag from /usr/local/python/3.12.1/lib/python3.12/site-packages/airflow/example_dags/tutorial_dag.py
[2026-05-15T17:37:59.266+0000] {processor.py:925} INFO - DAG(s) 'tutorial_dag' retrieved from /usr/local/python/3.12.1/lib/python3.12/site-packages/airflow/example_dags/tutorial_dag.py
[2026-05-15T17:37:59.280+0000] {logging_mixin.py:190} INFO - [2026-05-15T17:37:59.280+0000] {dag.py:3239} INFO - Sync 1 DAGs
[2026-05-15T17:37:59.293+0000] {logging_mixin.py:190} INFO - [2026-05-15T17:37:59.293+0000] {dag.py:4180} INFO - Setting next_dagrun for tutorial_dag to None, run_after=None
[2026-05-15T17:37:59.311+0000] {processor.py:208} INFO - Processing /usr/local/python/3.12.1/lib/python3.12/site-packages/airflow/example_dags/tutorial_dag.py took 0.057 seconds
[2026-05-15T17:38:59.559+0000] {processor.py:186} INFO - Started process (PID=78127) to work on /usr/local/python/3.12.1/lib/python3.12/site-packages/airflow/example_dags/tutorial_dag.py
[2026-05-15T17:38:59.561+0000] {processor.py:914} INFO - Processing file /usr/local/python/3.12.1/lib/python3.12/site-packages/airflow/example_dags/tutorial_dag.py for tasks to queue
[2026-05-15T17:38:59.564+0000] {logging_mixin.py:190} INFO - [2026-05-15T17:38:59.563+0000] {dagbag.py:588} INFO - Filling up the DagBag from /usr/local/python/3.12.1/lib/python3.12/site-packages/airflow/example_dags/tutorial_dag.py
[2026-05-15T17:38:59.572+0000] {processor.py:925} INFO - DAG(s) 'tutorial_dag' retrieved from /usr/local/python/3.12.1/lib/python3.12/site-packages/airflow/example_dags/tutorial_dag.py
[2026-05-15T17:38:59.590+0000] {logging_mixin.py:190} INFO - [2026-05-15T17:38:59.590+0000] {dag.py:3239} INFO - Sync 1 DAGs
[2026-05-15T17:38:59.607+0000] {logging_mixin.py:190} INFO - [2026-05-15T17:38:59.607+0000] {dag.py:4180} INFO - Setting next_dagrun for tutorial_dag to None, run_after=None
[2026-05-15T17:38:59.628+0000] {processor.py:208} INFO - Processing /usr/local/python/3.12.1/lib/python3.12/site-packages/airflow/example_dags/tutorial_dag.py took 0.075 seconds
[2026-05-15T17:40:07.030+0000] {processor.py:186} INFO - Started process (PID=78860) to work on /usr/local/python/3.12.1/lib/python3.12/site-packages/airflow/example_dags/tutorial_dag.py
[2026-05-15T17:40:07.031+0000] {processor.py:914} INFO - Processing file /usr/local/python/3.12.1/lib/python3.12/site-packages/airflow/example_dags/tutorial_dag.py for tasks to queue
[2026-05-15T17:40:07.033+0000] {logging_mixin.py:190} INFO - [2026-05-15T17:40:07.032+0000] {dagbag.py:588} INFO - Filling up the DagBag from /usr/local/python/3.12.1/lib/python3.12/site-packages/airflow/example_dags/tutorial_dag.py
[2026-05-15T17:40:07.042+0000] {processor.py:925} INFO - DAG(s) 'tutorial_dag' retrieved from /usr/local/python/3.12.1/lib/python3.12/site-packages/airflow/example_dags/tutorial_dag.py
[2026-05-15T17:40:07.060+0000] {logging_mixin.py:190} INFO - [2026-05-15T17:40:07.060+0000] {dag.py:3239} INFO - Sync 1 DAGs
[2026-05-15T17:40:07.073+0000] {logging_mixin.py:190} INFO - [2026-05-15T17:40:07.073+0000] {dag.py:4180} INFO - Setting next_dagrun for tutorial_dag to None, run_after=None
[2026-05-15T17:40:07.096+0000] {processor.py:208} INFO - Processing /usr/local/python/3.12.1/lib/python3.12/site-packages/airflow/example_dags/tutorial_dag.py took 0.073 seconds
[2026-05-15T17:41:06.955+0000] {processor.py:186} INFO - Started process (PID=79484) to work on /usr/local/python/3.12.1/lib/python3.12/site-packages/airflow/example_dags/tutorial_dag.py
[2026-05-15T17:41:06.956+0000] {processor.py:914} INFO - Processing file /usr/local/python/3.12.1/lib/python3.12/site-packages/airflow/example_dags/tutorial_dag.py for tasks to queue
[2026-05-15T17:41:06.957+0000] {logging_mixin.py:190} INFO - [2026-05-15T17:41:06.957+0000] {dagbag.py:588} INFO - Filling up the DagBag from /usr/local/python/3.12.1/lib/python3.12/site-packages/airflow/example_dags/tutorial_dag.py
[2026-05-15T17:41:06.963+0000] {processor.py:925} INFO - DAG(s) 'tutorial_dag' retrieved from /usr/local/python/3.12.1/lib/python3.12/site-packages/airflow/example_dags/tutorial_dag.py
[2026-05-15T17:41:06.977+0000] {logging_mixin.py:190} INFO - [2026-05-15T17:41:06.977+0000] {dag.py:3239} INFO - Sync 1 DAGs
[2026-05-15T17:41:06.991+0000] {logging_mixin.py:190} INFO - [2026-05-15T17:41:06.991+0000] {dag.py:4180} INFO - Setting next_dagrun for tutorial_dag to None, run_after=None
[2026-05-15T17:41:07.010+0000] {processor.py:208} INFO - Processing /usr/local/python/3.12.1/lib/python3.12/site-packages/airflow/example_dags/tutorial_dag.py took 0.060 seconds
[2026-05-15T17:42:07.168+0000] {processor.py:186} INFO - Started process (PID=80094) to work on /usr/local/python/3.12.1/lib/python3.12/site-packages/airflow/example_dags/tutorial_dag.py
[2026-05-15T17:42:07.168+0000] {processor.py:914} INFO - Processing file /usr/local/python/3.12.1/lib/python3.12/site-packages/airflow/example_dags/tutorial_dag.py for tasks to queue
[2026-05-15T17:42:07.170+0000] {logging_mixin.py:190} INFO - [2026-05-15T17:42:07.170+0000] {dagbag.py:588} INFO - Filling up the DagBag from /usr/local/python/3.12.1/lib/python3.12/site-packages/airflow/example_dags/tutorial_dag.py
[2026-05-15T17:42:07.181+0000] {processor.py:925} INFO - DAG(s) 'tutorial_dag' retrieved from /usr/local/python/3.12.1/lib/python3.12/site-packages/airflow/example_dags/tutorial_dag.py
[2026-05-15T17:42:07.196+0000] {logging_mixin.py:190} INFO - [2026-05-15T17:42:07.195+0000] {dag.py:3239} INFO - Sync 1 DAGs
[2026-05-15T17:42:07.210+0000] {logging_mixin.py:190} INFO - [2026-05-15T17:42:07.209+0000] {dag.py:4180} INFO - Setting next_dagrun for tutorial_dag to None, run_after=None
[2026-05-15T17:42:07.227+0000] {processor.py:208} INFO - Processing /usr/local/python/3.12.1/lib/python3.12/site-packages/airflow/example_dags/tutorial_dag.py took 0.064 seconds
[2026-05-15T17:43:12.011+0000] {processor.py:186} INFO - Started process (PID=80737) to work on /usr/local/python/3.12.1/lib/python3.12/site-packages/airflow/example_dags/tutorial_dag.py
[2026-05-15T17:43:12.012+0000] {processor.py:914} INFO - Processing file /usr/local/python/3.12.1/lib/python3.12/site-packages/airflow/example_dags/tutorial_dag.py for tasks to queue
[2026-05-15T17:43:12.014+0000] {logging_mixin.py:190} INFO - [2026-05-15T17:43:12.013+0000] {dagbag.py:588} INFO - Filling up the DagBag from /usr/local/python/3.12.1/lib/python3.12/site-packages/airflow/example_dags/tutorial_dag.py
[2026-05-15T17:43:12.020+0000] {processor.py:925} INFO - DAG(s) 'tutorial_dag' retrieved from /usr/local/python/3.12.1/lib/python3.12/site-packages/airflow/example_dags/tutorial_dag.py
[2026-05-15T17:43:12.032+0000] {logging_mixin.py:190} INFO - [2026-05-15T17:43:12.032+0000] {dag.py:3239} INFO - Sync 1 DAGs
[2026-05-15T17:43:12.042+0000] {logging_mixin.py:190} INFO - [2026-05-15T17:43:12.041+0000] {dag.py:4180} INFO - Setting next_dagrun for tutorial_dag to None, run_after=None
[2026-05-15T17:43:12.058+0000] {processor.py:208} INFO - Processing /usr/local/python/3.12.1/lib/python3.12/site-packages/airflow/example_dags/tutorial_dag.py took 0.052 seconds
[2026-05-15T17:44:15.113+0000] {processor.py:186} INFO - Started process (PID=81444) to work on /usr/local/python/3.12.1/lib/python3.12/site-packages/airflow/example_dags/tutorial_dag.py
[2026-05-15T17:44:15.113+0000] {processor.py:914} INFO - Processing file /usr/local/python/3.12.1/lib/python3.12/site-packages/airflow/example_dags/tutorial_dag.py for tasks to queue
[2026-05-15T17:44:15.115+0000] {logging_mixin.py:190} INFO - [2026-05-15T17:44:15.115+0000] {dagbag.py:588} INFO - Filling up the DagBag from /usr/local/python/3.12.1/lib/python3.12/site-packages/airflow/example_dags/tutorial_dag.py
[2026-05-15T17:44:15.122+0000] {processor.py:925} INFO - DAG(s) 'tutorial_dag' retrieved from /usr/local/python/3.12.1/lib/python3.12/site-packages/airflow/example_dags/tutorial_dag.py
[2026-05-15T17:44:15.136+0000] {logging_mixin.py:190} INFO - [2026-05-15T17:44:15.136+0000] {dag.py:3239} INFO - Sync 1 DAGs
[2026-05-15T17:44:15.146+0000] {logging_mixin.py:190} INFO - [2026-05-15T17:44:15.146+0000] {dag.py:4180} INFO - Setting next_dagrun for tutorial_dag to None, run_after=None
[2026-05-15T17:44:15.163+0000] {processor.py:208} INFO - Processing /usr/local/python/3.12.1/lib/python3.12/site-packages/airflow/example_dags/tutorial_dag.py took 0.055 seconds
[2026-05-15T17:45:23.067+0000] {processor.py:186} INFO - Started process (PID=82188) to work on /usr/local/python/3.12.1/lib/python3.12/site-packages/airflow/example_dags/tutorial_dag.py
[2026-05-15T17:45:23.068+0000] {processor.py:914} INFO - Processing file /usr/local/python/3.12.1/lib/python3.12/site-packages/airflow/example_dags/tutorial_dag.py for tasks to queue
[2026-05-15T17:45:23.069+0000] {logging_mixin.py:190} INFO - [2026-05-15T17:45:23.069+0000] {dagbag.py:588} INFO - Filling up the DagBag from /usr/local/python/3.12.1/lib/python3.12/site-packages/airflow/example_dags/tutorial_dag.py
[2026-05-15T17:45:23.077+0000] {processor.py:925} INFO - DAG(s) 'tutorial_dag' retrieved from /usr/local/python/3.12.1/lib/python3.12/site-packages/airflow/example_dags/tutorial_dag.py
[2026-05-15T17:45:23.094+0000] {logging_mixin.py:190} INFO - [2026-05-15T17:45:23.094+0000] {dag.py:3239} INFO - Sync 1 DAGs
[2026-05-15T17:45:23.104+0000] {logging_mixin.py:190} INFO - [2026-05-15T17:45:23.104+0000] {dag.py:4180} INFO - Setting next_dagrun for tutorial_dag to None, run_after=None
[2026-05-15T17:45:23.121+0000] {processor.py:208} INFO - Processing /usr/local/python/3.12.1/lib/python3.12/site-packages/airflow/example_dags/tutorial_dag.py took 0.059 seconds
[2026-05-15T17:46:23.394+0000] {processor.py:186} INFO - Started process (PID=82804) to work on /usr/local/python/3.12.1/lib/python3.12/site-packages/airflow/example_dags/tutorial_dag.py
[2026-05-15T17:46:23.395+0000] {processor.py:914} INFO - Processing file /usr/local/python/3.12.1/lib/python3.12/site-packages/airflow/example_dags/tutorial_dag.py for tasks to queue
[2026-05-15T17:46:23.396+0000] {logging_mixin.py:190} INFO - [2026-05-15T17:46:23.396+0000] {dagbag.py:588} INFO - Filling up the DagBag from /usr/local/python/3.12.1/lib/python3.12/site-packages/airflow/example_dags/tutorial_dag.py
[2026-05-15T17:46:23.402+0000] {processor.py:925} INFO - DAG(s) 'tutorial_dag' retrieved from /usr/local/python/3.12.1/lib/python3.12/site-packages/airflow/example_dags/tutorial_dag.py
[2026-05-15T17:46:23.415+0000] {logging_mixin.py:190} INFO - [2026-05-15T17:46:23.414+0000] {dag.py:3239} INFO - Sync 1 DAGs
[2026-05-15T17:46:23.425+0000] {logging_mixin.py:190} INFO - [2026-05-15T17:46:23.425+0000] {dag.py:4180} INFO - Setting next_dagrun for tutorial_dag to None, run_after=None
[2026-05-15T17:46:23.442+0000] {processor.py:208} INFO - Processing /usr/local/python/3.12.1/lib/python3.12/site-packages/airflow/example_dags/tutorial_dag.py took 0.053 seconds
[2026-05-15T17:47:25.571+0000] {processor.py:186} INFO - Started process (PID=83437) to work on /usr/local/python/3.12.1/lib/python3.12/site-packages/airflow/example_dags/tutorial_dag.py
[2026-05-15T17:47:25.572+0000] {processor.py:914} INFO - Processing file /usr/local/python/3.12.1/lib/python3.12/site-packages/airflow/example_dags/tutorial_dag.py for tasks to queue
[2026-05-15T17:47:25.574+0000] {logging_mixin.py:190} INFO - [2026-05-15T17:47:25.574+0000] {dagbag.py:588} INFO - Filling up the DagBag from /usr/local/python/3.12.1/lib/python3.12/site-packages/airflow/example_dags/tutorial_dag.py
[2026-05-15T17:47:25.587+0000] {processor.py:925} INFO - DAG(s) 'tutorial_dag' retrieved from /usr/local/python/3.12.1/lib/python3.12/site-packages/airflow/example_dags/tutorial_dag.py
[2026-05-15T17:47:25.601+0000] {logging_mixin.py:190} INFO - [2026-05-15T17:47:25.601+0000] {dag.py:3239} INFO - Sync 1 DAGs
[2026-05-15T17:47:25.611+0000] {logging_mixin.py:190} INFO - [2026-05-15T17:47:25.611+0000] {dag.py:4180} INFO - Setting next_dagrun for tutorial_dag to None, run_after=None
[2026-05-15T17:47:25.628+0000] {processor.py:208} INFO - Processing /usr/local/python/3.12.1/lib/python3.12/site-packages/airflow/example_dags/tutorial_dag.py took 0.062 seconds
[2026-05-15T17:48:26.261+0000] {processor.py:186} INFO - Started process (PID=84055) to work on /usr/local/python/3.12.1/lib/python3.12/site-packages/airflow/example_dags/tutorial_dag.py
[2026-05-15T17:48:26.262+0000] {processor.py:914} INFO - Processing file /usr/local/python/3.12.1/lib/python3.12/site-packages/airflow/example_dags/tutorial_dag.py for tasks to queue
[2026-05-15T17:48:26.264+0000] {logging_mixin.py:190} INFO - [2026-05-15T17:48:26.263+0000] {dagbag.py:588} INFO - Filling up the DagBag from /usr/local/python/3.12.1/lib/python3.12/site-packages/airflow/example_dags/tutorial_dag.py
[2026-05-15T17:48:26.270+0000] {processor.py:925} INFO - DAG(s) 'tutorial_dag' retrieved from /usr/local/python/3.12.1/lib/python3.12/site-packages/airflow/example_dags/tutorial_dag.py
[2026-05-15T17:48:26.285+0000] {logging_mixin.py:190} INFO - [2026-05-15T17:48:26.285+0000] {dag.py:3239} INFO - Sync 1 DAGs
[2026-05-15T17:48:26.297+0000] {logging_mixin.py:190} INFO - [2026-05-15T17:48:26.297+0000] {dag.py:4180} INFO - Setting next_dagrun for tutorial_dag to None, run_after=None
[2026-05-15T17:48:26.314+0000] {processor.py:208} INFO - Processing /usr/local/python/3.12.1/lib/python3.12/site-packages/airflow/example_dags/tutorial_dag.py took 0.057 seconds
[2026-05-15T17:49:26.772+0000] {processor.py:186} INFO - Started process (PID=84756) to work on /usr/local/python/3.12.1/lib/python3.12/site-packages/airflow/example_dags/tutorial_dag.py
[2026-05-15T17:49:26.773+0000] {processor.py:914} INFO - Processing file /usr/local/python/3.12.1/lib/python3.12/site-packages/airflow/example_dags/tutorial_dag.py for tasks to queue
[2026-05-15T17:49:26.775+0000] {logging_mixin.py:190} INFO - [2026-05-15T17:49:26.774+0000] {dagbag.py:588} INFO - Filling up the DagBag from /usr/local/python/3.12.1/lib/python3.12/site-packages/airflow/example_dags/tutorial_dag.py
[2026-05-15T17:49:26.781+0000] {processor.py:925} INFO - DAG(s) 'tutorial_dag' retrieved from /usr/local/python/3.12.1/lib/python3.12/site-packages/airflow/example_dags/tutorial_dag.py
[2026-05-15T17:49:26.793+0000] {logging_mixin.py:190} INFO - [2026-05-15T17:49:26.793+0000] {dag.py:3239} INFO - Sync 1 DAGs
[2026-05-15T17:49:26.804+0000] {logging_mixin.py:190} INFO - [2026-05-15T17:49:26.804+0000] {dag.py:4180} INFO - Setting next_dagrun for tutorial_dag to None, run_after=None
[2026-05-15T17:49:26.832+0000] {processor.py:208} INFO - Processing /usr/local/python/3.12.1/lib/python3.12/site-packages/airflow/example_dags/tutorial_dag.py took 0.064 seconds
[2026-05-15T17:50:30.665+0000] {processor.py:186} INFO - Started process (PID=85402) to work on /usr/local/python/3.12.1/lib/python3.12/site-packages/airflow/example_dags/tutorial_dag.py
[2026-05-15T17:50:30.665+0000] {processor.py:914} INFO - Processing file /usr/local/python/3.12.1/lib/python3.12/site-packages/airflow/example_dags/tutorial_dag.py for tasks to queue
[2026-05-15T17:50:30.667+0000] {logging_mixin.py:190} INFO - [2026-05-15T17:50:30.667+0000] {dagbag.py:588} INFO - Filling up the DagBag from /usr/local/python/3.12.1/lib/python3.12/site-packages/airflow/example_dags/tutorial_dag.py
[2026-05-15T17:50:30.673+0000] {processor.py:925} INFO - DAG(s) 'tutorial_dag' retrieved from /usr/local/python/3.12.1/lib/python3.12/site-packages/airflow/example_dags/tutorial_dag.py
[2026-05-15T17:50:30.690+0000] {logging_mixin.py:190} INFO - [2026-05-15T17:50:30.689+0000] {dag.py:3239} INFO - Sync 1 DAGs
[2026-05-15T17:50:30.701+0000] {logging_mixin.py:190} INFO - [2026-05-15T17:50:30.701+0000] {dag.py:4180} INFO - Setting next_dagrun for tutorial_dag to None, run_after=None
[2026-05-15T17:50:30.718+0000] {processor.py:208} INFO - Processing /usr/local/python/3.12.1/lib/python3.12/site-packages/airflow/example_dags/tutorial_dag.py took 0.058 seconds
[2026-05-15T17:51:33.361+0000] {processor.py:186} INFO - Started process (PID=86029) to work on /usr/local/python/3.12.1/lib/python3.12/site-packages/airflow/example_dags/tutorial_dag.py
[2026-05-15T17:51:33.362+0000] {processor.py:914} INFO - Processing file /usr/local/python/3.12.1/lib/python3.12/site-packages/airflow/example_dags/tutorial_dag.py for tasks to queue
[2026-05-15T17:51:33.364+0000] {logging_mixin.py:190} INFO - [2026-05-15T17:51:33.363+0000] {dagbag.py:588} INFO - Filling up the DagBag from /usr/local/python/3.12.1/lib/python3.12/site-packages/airflow/example_dags/tutorial_dag.py
[2026-05-15T17:51:33.372+0000] {processor.py:925} INFO - DAG(s) 'tutorial_dag' retrieved from /usr/local/python/3.12.1/lib/python3.12/site-packages/airflow/example_dags/tutorial_dag.py
[2026-05-15T17:51:33.390+0000] {logging_mixin.py:190} INFO - [2026-05-15T17:51:33.390+0000] {dag.py:3239} INFO - Sync 1 DAGs
[2026-05-15T17:51:33.407+0000] {logging_mixin.py:190} INFO - [2026-05-15T17:51:33.406+0000] {dag.py:4180} INFO - Setting next_dagrun for tutorial_dag to None, run_after=None
[2026-05-15T17:51:33.435+0000] {processor.py:208} INFO - Processing /usr/local/python/3.12.1/lib/python3.12/site-packages/airflow/example_dags/tutorial_dag.py took 0.078 seconds
[2026-05-15T17:52:32.670+0000] {processor.py:186} INFO - Started process (PID=86621) to work on /usr/local/python/3.12.1/lib/python3.12/site-packages/airflow/example_dags/tutorial_dag.py
[2026-05-15T17:52:32.671+0000] {processor.py:914} INFO - Processing file /usr/local/python/3.12.1/lib/python3.12/site-packages/airflow/example_dags/tutorial_dag.py for tasks to queue
[2026-05-15T17:52:32.672+0000] {logging_mixin.py:190} INFO - [2026-05-15T17:52:32.672+0000] {dagbag.py:588} INFO - Filling up the DagBag from /usr/local/python/3.12.1/lib/python3.12/site-packages/airflow/example_dags/tutorial_dag.py
[2026-05-15T17:52:32.681+0000] {processor.py:925} INFO - DAG(s) 'tutorial_dag' retrieved from /usr/local/python/3.12.1/lib/python3.12/site-packages/airflow/example_dags/tutorial_dag.py
[2026-05-15T17:52:32.697+0000] {logging_mixin.py:190} INFO - [2026-05-15T17:52:32.696+0000] {dag.py:3239} INFO - Sync 1 DAGs
[2026-05-15T17:52:32.718+0000] {logging_mixin.py:190} INFO - [2026-05-15T17:52:32.718+0000] {dag.py:4180} INFO - Setting next_dagrun for tutorial_dag to None, run_after=None
[2026-05-15T17:52:32.751+0000] {processor.py:208} INFO - Processing /usr/local/python/3.12.1/lib/python3.12/site-packages/airflow/example_dags/tutorial_dag.py took 0.086 seconds
[2026-05-15T17:53:31.700+0000] {processor.py:186} INFO - Started process (PID=87192) to work on /usr/local/python/3.12.1/lib/python3.12/site-packages/airflow/example_dags/tutorial_dag.py
[2026-05-15T17:53:31.701+0000] {processor.py:914} INFO - Processing file /usr/local/python/3.12.1/lib/python3.12/site-packages/airflow/example_dags/tutorial_dag.py for tasks to queue
[2026-05-15T17:53:31.702+0000] {logging_mixin.py:190} INFO - [2026-05-15T17:53:31.702+0000] {dagbag.py:588} INFO - Filling up the DagBag from /usr/local/python/3.12.1/lib/python3.12/site-packages/airflow/example_dags/tutorial_dag.py
[2026-05-15T17:53:31.708+0000] {processor.py:925} INFO - DAG(s) 'tutorial_dag' retrieved from /usr/local/python/3.12.1/lib/python3.12/site-packages/airflow/example_dags/tutorial_dag.py
[2026-05-15T17:53:31.721+0000] {logging_mixin.py:190} INFO - [2026-05-15T17:53:31.720+0000] {dag.py:3239} INFO - Sync 1 DAGs
[2026-05-15T17:53:31.731+0000] {logging_mixin.py:190} INFO - [2026-05-15T17:53:31.730+0000] {dag.py:4180} INFO - Setting next_dagrun for tutorial_dag to None, run_after=None
[2026-05-15T17:53:31.749+0000] {processor.py:208} INFO - Processing /usr/local/python/3.12.1/lib/python3.12/site-packages/airflow/example_dags/tutorial_dag.py took 0.054 seconds
[2026-05-15T17:54:31.938+0000] {processor.py:186} INFO - Started process (PID=87850) to work on /usr/local/python/3.12.1/lib/python3.12/site-packages/airflow/example_dags/tutorial_dag.py
[2026-05-15T17:54:31.939+0000] {processor.py:914} INFO - Processing file /usr/local/python/3.12.1/lib/python3.12/site-packages/airflow/example_dags/tutorial_dag.py for tasks to queue
[2026-05-15T17:54:31.940+0000] {logging_mixin.py:190} INFO - [2026-05-15T17:54:31.940+0000] {dagbag.py:588} INFO - Filling up the DagBag from /usr/local/python/3.12.1/lib/python3.12/site-packages/airflow/example_dags/tutorial_dag.py
[2026-05-15T17:54:31.946+0000] {processor.py:925} INFO - DAG(s) 'tutorial_dag' retrieved from /usr/local/python/3.12.1/lib/python3.12/site-packages/airflow/example_dags/tutorial_dag.py
[2026-05-15T17:54:31.958+0000] {logging_mixin.py:190} INFO - [2026-05-15T17:54:31.958+0000] {dag.py:3239} INFO - Sync 1 DAGs
[2026-05-15T17:54:31.968+0000] {logging_mixin.py:190} INFO - [2026-05-15T17:54:31.968+0000] {dag.py:4180} INFO - Setting next_dagrun for tutorial_dag to None, run_after=None
[2026-05-15T17:54:31.991+0000] {processor.py:208} INFO - Processing /usr/local/python/3.12.1/lib/python3.12/site-packages/airflow/example_dags/tutorial_dag.py took 0.057 seconds
[2026-05-15T17:55:32.800+0000] {processor.py:186} INFO - Started process (PID=88558) to work on /usr/local/python/3.12.1/lib/python3.12/site-packages/airflow/example_dags/tutorial_dag.py
[2026-05-15T17:55:32.801+0000] {processor.py:914} INFO - Processing file /usr/local/python/3.12.1/lib/python3.12/site-packages/airflow/example_dags/tutorial_dag.py for tasks to queue
[2026-05-15T17:55:32.802+0000] {logging_mixin.py:190} INFO - [2026-05-15T17:55:32.802+0000] {dagbag.py:588} INFO - Filling up the DagBag from /usr/local/python/3.12.1/lib/python3.12/site-packages/airflow/example_dags/tutorial_dag.py
[2026-05-15T17:55:32.808+0000] {processor.py:925} INFO - DAG(s) 'tutorial_dag' retrieved from /usr/local/python/3.12.1/lib/python3.12/site-packages/airflow/example_dags/tutorial_dag.py
[2026-05-15T17:55:32.821+0000] {logging_mixin.py:190} INFO - [2026-05-15T17:55:32.820+0000] {dag.py:3239} INFO - Sync 1 DAGs
[2026-05-15T17:55:32.831+0000] {logging_mixin.py:190} INFO - [2026-05-15T17:55:32.831+0000] {dag.py:4180} INFO - Setting next_dagrun for tutorial_dag to None, run_after=None
[2026-05-15T17:55:32.848+0000] {processor.py:208} INFO - Processing /usr/local/python/3.12.1/lib/python3.12/site-packages/airflow/example_dags/tutorial_dag.py took 0.052 seconds
[2026-05-15T17:56:31.985+0000] {processor.py:186} INFO - Started process (PID=89154) to work on /usr/local/python/3.12.1/lib/python3.12/site-packages/airflow/example_dags/tutorial_dag.py
[2026-05-15T17:56:31.990+0000] {processor.py:914} INFO - Processing file /usr/local/python/3.12.1/lib/python3.12/site-packages/airflow/example_dags/tutorial_dag.py for tasks to queue
[2026-05-15T17:56:31.994+0000] {logging_mixin.py:190} INFO - [2026-05-15T17:56:31.994+0000] {dagbag.py:588} INFO - Filling up the DagBag from /usr/local/python/3.12.1/lib/python3.12/site-packages/airflow/example_dags/tutorial_dag.py
[2026-05-15T17:56:32.011+0000] {processor.py:925} INFO - DAG(s) 'tutorial_dag' retrieved from /usr/local/python/3.12.1/lib/python3.12/site-packages/airflow/example_dags/tutorial_dag.py
[2026-05-15T17:56:32.039+0000] {logging_mixin.py:190} INFO - [2026-05-15T17:56:32.038+0000] {dag.py:3239} INFO - Sync 1 DAGs
[2026-05-15T17:56:32.070+0000] {logging_mixin.py:190} INFO - [2026-05-15T17:56:32.070+0000] {dag.py:4180} INFO - Setting next_dagrun for tutorial_dag to None, run_after=None
[2026-05-15T17:56:32.129+0000] {processor.py:208} INFO - Processing /usr/local/python/3.12.1/lib/python3.12/site-packages/airflow/example_dags/tutorial_dag.py took 0.165 seconds
[2026-05-15T17:57:39.572+0000] {processor.py:186} INFO - Started process (PID=90056) to work on /usr/local/python/3.12.1/lib/python3.12/site-packages/airflow/example_dags/tutorial_dag.py
[2026-05-15T17:57:39.572+0000] {processor.py:914} INFO - Processing file /usr/local/python/3.12.1/lib/python3.12/site-packages/airflow/example_dags/tutorial_dag.py for tasks to queue
[2026-05-15T17:57:39.574+0000] {logging_mixin.py:190} INFO - [2026-05-15T17:57:39.574+0000] {dagbag.py:588} INFO - Filling up the DagBag from /usr/local/python/3.12.1/lib/python3.12/site-packages/airflow/example_dags/tutorial_dag.py
[2026-05-15T17:57:39.581+0000] {processor.py:925} INFO - DAG(s) 'tutorial_dag' retrieved from /usr/local/python/3.12.1/lib/python3.12/site-packages/airflow/example_dags/tutorial_dag.py
[2026-05-15T17:57:39.593+0000] {logging_mixin.py:190} INFO - [2026-05-15T17:57:39.592+0000] {dag.py:3239} INFO - Sync 1 DAGs
[2026-05-15T17:57:39.604+0000] {logging_mixin.py:190} INFO - [2026-05-15T17:57:39.604+0000] {dag.py:4180} INFO - Setting next_dagrun for tutorial_dag to None, run_after=None
[2026-05-15T17:57:39.622+0000] {processor.py:208} INFO - Processing /usr/local/python/3.12.1/lib/python3.12/site-packages/airflow/example_dags/tutorial_dag.py took 0.055 seconds
[2026-05-15T17:58:41.393+0000] {processor.py:186} INFO - Started process (PID=90816) to work on /usr/local/python/3.12.1/lib/python3.12/site-packages/airflow/example_dags/tutorial_dag.py
[2026-05-15T17:58:41.393+0000] {processor.py:914} INFO - Processing file /usr/local/python/3.12.1/lib/python3.12/site-packages/airflow/example_dags/tutorial_dag.py for tasks to queue
[2026-05-15T17:58:41.395+0000] {logging_mixin.py:190} INFO - [2026-05-15T17:58:41.395+0000] {dagbag.py:588} INFO - Filling up the DagBag from /usr/local/python/3.12.1/lib/python3.12/site-packages/airflow/example_dags/tutorial_dag.py
[2026-05-15T17:58:41.401+0000] {processor.py:925} INFO - DAG(s) 'tutorial_dag' retrieved from /usr/local/python/3.12.1/lib/python3.12/site-packages/airflow/example_dags/tutorial_dag.py
[2026-05-15T17:58:41.414+0000] {logging_mixin.py:190} INFO - [2026-05-15T17:58:41.414+0000] {dag.py:3239} INFO - Sync 1 DAGs
[2026-05-15T17:58:41.424+0000] {logging_mixin.py:190} INFO - [2026-05-15T17:58:41.424+0000] {dag.py:4180} INFO - Setting next_dagrun for tutorial_dag to None, run_after=None
[2026-05-15T17:58:41.441+0000] {processor.py:208} INFO - Processing /usr/local/python/3.12.1/lib/python3.12/site-packages/airflow/example_dags/tutorial_dag.py took 0.054 seconds
[2026-05-15T17:59:42.042+0000] {processor.py:186} INFO - Started process (PID=91548) to work on /usr/local/python/3.12.1/lib/python3.12/site-packages/airflow/example_dags/tutorial_dag.py
[2026-05-15T17:59:42.043+0000] {processor.py:914} INFO - Processing file /usr/local/python/3.12.1/lib/python3.12/site-packages/airflow/example_dags/tutorial_dag.py for tasks to queue
[2026-05-15T17:59:42.045+0000] {logging_mixin.py:190} INFO - [2026-05-15T17:59:42.044+0000] {dagbag.py:588} INFO - Filling up the DagBag from /usr/local/python/3.12.1/lib/python3.12/site-packages/airflow/example_dags/tutorial_dag.py
[2026-05-15T17:59:42.051+0000] {processor.py:925} INFO - DAG(s) 'tutorial_dag' retrieved from /usr/local/python/3.12.1/lib/python3.12/site-packages/airflow/example_dags/tutorial_dag.py
[2026-05-15T17:59:42.063+0000] {logging_mixin.py:190} INFO - [2026-05-15T17:59:42.062+0000] {dag.py:3239} INFO - Sync 1 DAGs
[2026-05-15T17:59:42.073+0000] {logging_mixin.py:190} INFO - [2026-05-15T17:59:42.073+0000] {dag.py:4180} INFO - Setting next_dagrun for tutorial_dag to None, run_after=None
[2026-05-15T17:59:42.095+0000] {processor.py:208} INFO - Processing /usr/local/python/3.12.1/lib/python3.12/site-packages/airflow/example_dags/tutorial_dag.py took 0.056 seconds
[2026-05-15T18:00:41.499+0000] {processor.py:186} INFO - Started process (PID=92132) to work on /usr/local/python/3.12.1/lib/python3.12/site-packages/airflow/example_dags/tutorial_dag.py
[2026-05-15T18:00:41.499+0000] {processor.py:914} INFO - Processing file /usr/local/python/3.12.1/lib/python3.12/site-packages/airflow/example_dags/tutorial_dag.py for tasks to queue
[2026-05-15T18:00:41.501+0000] {logging_mixin.py:190} INFO - [2026-05-15T18:00:41.501+0000] {dagbag.py:588} INFO - Filling up the DagBag from /usr/local/python/3.12.1/lib/python3.12/site-packages/airflow/example_dags/tutorial_dag.py
[2026-05-15T18:00:41.507+0000] {processor.py:925} INFO - DAG(s) 'tutorial_dag' retrieved from /usr/local/python/3.12.1/lib/python3.12/site-packages/airflow/example_dags/tutorial_dag.py
[2026-05-15T18:00:41.519+0000] {logging_mixin.py:190} INFO - [2026-05-15T18:00:41.519+0000] {dag.py:3239} INFO - Sync 1 DAGs
[2026-05-15T18:00:41.532+0000] {logging_mixin.py:190} INFO - [2026-05-15T18:00:41.532+0000] {dag.py:4180} INFO - Setting next_dagrun for tutorial_dag to None, run_after=None
[2026-05-15T18:00:41.551+0000] {processor.py:208} INFO - Processing /usr/local/python/3.12.1/lib/python3.12/site-packages/airflow/example_dags/tutorial_dag.py took 0.057 seconds
[2026-05-15T18:01:47.832+0000] {processor.py:186} INFO - Started process (PID=92853) to work on /usr/local/python/3.12.1/lib/python3.12/site-packages/airflow/example_dags/tutorial_dag.py
[2026-05-15T18:01:47.833+0000] {processor.py:914} INFO - Processing file /usr/local/python/3.12.1/lib/python3.12/site-packages/airflow/example_dags/tutorial_dag.py for tasks to queue
[2026-05-15T18:01:47.835+0000] {logging_mixin.py:190} INFO - [2026-05-15T18:01:47.834+0000] {dagbag.py:588} INFO - Filling up the DagBag from /usr/local/python/3.12.1/lib/python3.12/site-packages/airflow/example_dags/tutorial_dag.py
[2026-05-15T18:01:47.844+0000] {processor.py:925} INFO - DAG(s) 'tutorial_dag' retrieved from /usr/local/python/3.12.1/lib/python3.12/site-packages/airflow/example_dags/tutorial_dag.py
[2026-05-15T18:01:47.862+0000] {logging_mixin.py:190} INFO - [2026-05-15T18:01:47.861+0000] {dag.py:3239} INFO - Sync 1 DAGs
[2026-05-15T18:01:47.877+0000] {logging_mixin.py:190} INFO - [2026-05-15T18:01:47.877+0000] {dag.py:4180} INFO - Setting next_dagrun for tutorial_dag to None, run_after=None
[2026-05-15T18:01:47.906+0000] {processor.py:208} INFO - Processing /usr/local/python/3.12.1/lib/python3.12/site-packages/airflow/example_dags/tutorial_dag.py took 0.081 seconds
[2026-05-15T18:02:51.596+0000] {processor.py:186} INFO - Started process (PID=93533) to work on /usr/local/python/3.12.1/lib/python3.12/site-packages/airflow/example_dags/tutorial_dag.py
[2026-05-15T18:02:51.597+0000] {processor.py:914} INFO - Processing file /usr/local/python/3.12.1/lib/python3.12/site-packages/airflow/example_dags/tutorial_dag.py for tasks to queue
[2026-05-15T18:02:51.598+0000] {logging_mixin.py:190} INFO - [2026-05-15T18:02:51.598+0000] {dagbag.py:588} INFO - Filling up the DagBag from /usr/local/python/3.12.1/lib/python3.12/site-packages/airflow/example_dags/tutorial_dag.py
[2026-05-15T18:02:51.605+0000] {processor.py:925} INFO - DAG(s) 'tutorial_dag' retrieved from /usr/local/python/3.12.1/lib/python3.12/site-packages/airflow/example_dags/tutorial_dag.py
[2026-05-15T18:02:51.618+0000] {logging_mixin.py:190} INFO - [2026-05-15T18:02:51.617+0000] {dag.py:3239} INFO - Sync 1 DAGs
[2026-05-15T18:02:51.628+0000] {logging_mixin.py:190} INFO - [2026-05-15T18:02:51.628+0000] {dag.py:4180} INFO - Setting next_dagrun for tutorial_dag to None, run_after=None
[2026-05-15T18:02:51.645+0000] {processor.py:208} INFO - Processing /usr/local/python/3.12.1/lib/python3.12/site-packages/airflow/example_dags/tutorial_dag.py took 0.053 seconds
[2026-05-15T18:03:50.368+0000] {processor.py:186} INFO - Started process (PID=93974) to work on /usr/local/python/3.12.1/lib/python3.12/site-packages/airflow/example_dags/tutorial_dag.py
[2026-05-15T18:03:50.369+0000] {processor.py:914} INFO - Processing file /usr/local/python/3.12.1/lib/python3.12/site-packages/airflow/example_dags/tutorial_dag.py for tasks to queue
[2026-05-15T18:03:50.371+0000] {logging_mixin.py:190} INFO - [2026-05-15T18:03:50.371+0000] {dagbag.py:588} INFO - Filling up the DagBag from /usr/local/python/3.12.1/lib/python3.12/site-packages/airflow/example_dags/tutorial_dag.py
[2026-05-15T18:03:50.379+0000] {processor.py:925} INFO - DAG(s) 'tutorial_dag' retrieved from /usr/local/python/3.12.1/lib/python3.12/site-packages/airflow/example_dags/tutorial_dag.py
[2026-05-15T18:03:50.397+0000] {logging_mixin.py:190} INFO - [2026-05-15T18:03:50.397+0000] {dag.py:3239} INFO - Sync 1 DAGs
[2026-05-15T18:03:50.409+0000] {logging_mixin.py:190} INFO - [2026-05-15T18:03:50.409+0000] {dag.py:4180} INFO - Setting next_dagrun for tutorial_dag to None, run_after=None
[2026-05-15T18:03:50.431+0000] {processor.py:208} INFO - Processing /usr/local/python/3.12.1/lib/python3.12/site-packages/airflow/example_dags/tutorial_dag.py took 0.068 seconds
[2026-05-15T18:04:55.204+0000] {processor.py:186} INFO - Started process (PID=94513) to work on /usr/local/python/3.12.1/lib/python3.12/site-packages/airflow/example_dags/tutorial_dag.py
[2026-05-15T18:04:55.205+0000] {processor.py:914} INFO - Processing file /usr/local/python/3.12.1/lib/python3.12/site-packages/airflow/example_dags/tutorial_dag.py for tasks to queue
[2026-05-15T18:04:55.206+0000] {logging_mixin.py:190} INFO - [2026-05-15T18:04:55.206+0000] {dagbag.py:588} INFO - Filling up the DagBag from /usr/local/python/3.12.1/lib/python3.12/site-packages/airflow/example_dags/tutorial_dag.py
[2026-05-15T18:04:55.214+0000] {processor.py:925} INFO - DAG(s) 'tutorial_dag' retrieved from /usr/local/python/3.12.1/lib/python3.12/site-packages/airflow/example_dags/tutorial_dag.py
[2026-05-15T18:04:55.229+0000] {logging_mixin.py:190} INFO - [2026-05-15T18:04:55.229+0000] {dag.py:3239} INFO - Sync 1 DAGs
[2026-05-15T18:04:55.242+0000] {logging_mixin.py:190} INFO - [2026-05-15T18:04:55.242+0000] {dag.py:4180} INFO - Setting next_dagrun for tutorial_dag to None, run_after=None
[2026-05-15T18:04:55.265+0000] {processor.py:208} INFO - Processing /usr/local/python/3.12.1/lib/python3.12/site-packages/airflow/example_dags/tutorial_dag.py took 0.067 seconds
[2026-05-15T18:05:58.771+0000] {processor.py:186} INFO - Started process (PID=94999) to work on /usr/local/python/3.12.1/lib/python3.12/site-packages/airflow/example_dags/tutorial_dag.py
[2026-05-15T18:05:58.772+0000] {processor.py:914} INFO - Processing file /usr/local/python/3.12.1/lib/python3.12/site-packages/airflow/example_dags/tutorial_dag.py for tasks to queue
[2026-05-15T18:05:58.774+0000] {logging_mixin.py:190} INFO - [2026-05-15T18:05:58.773+0000] {dagbag.py:588} INFO - Filling up the DagBag from /usr/local/python/3.12.1/lib/python3.12/site-packages/airflow/example_dags/tutorial_dag.py
[2026-05-15T18:05:58.783+0000] {processor.py:925} INFO - DAG(s) 'tutorial_dag' retrieved from /usr/local/python/3.12.1/lib/python3.12/site-packages/airflow/example_dags/tutorial_dag.py
[2026-05-15T18:05:58.798+0000] {logging_mixin.py:190} INFO - [2026-05-15T18:05:58.798+0000] {dag.py:3239} INFO - Sync 1 DAGs
[2026-05-15T18:05:58.811+0000] {logging_mixin.py:190} INFO - [2026-05-15T18:05:58.810+0000] {dag.py:4180} INFO - Setting next_dagrun for tutorial_dag to None, run_after=None
[2026-05-15T18:05:58.832+0000] {processor.py:208} INFO - Processing /usr/local/python/3.12.1/lib/python3.12/site-packages/airflow/example_dags/tutorial_dag.py took 0.066 seconds
[2026-05-15T18:06:59.668+0000] {processor.py:186} INFO - Started process (PID=95464) to work on /usr/local/python/3.12.1/lib/python3.12/site-packages/airflow/example_dags/tutorial_dag.py
[2026-05-15T18:06:59.669+0000] {processor.py:914} INFO - Processing file /usr/local/python/3.12.1/lib/python3.12/site-packages/airflow/example_dags/tutorial_dag.py for tasks to queue
[2026-05-15T18:06:59.671+0000] {logging_mixin.py:190} INFO - [2026-05-15T18:06:59.671+0000] {dagbag.py:588} INFO - Filling up the DagBag from /usr/local/python/3.12.1/lib/python3.12/site-packages/airflow/example_dags/tutorial_dag.py
[2026-05-15T18:06:59.681+0000] {processor.py:925} INFO - DAG(s) 'tutorial_dag' retrieved from /usr/local/python/3.12.1/lib/python3.12/site-packages/airflow/example_dags/tutorial_dag.py
[2026-05-15T18:06:59.698+0000] {logging_mixin.py:190} INFO - [2026-05-15T18:06:59.698+0000] {dag.py:3239} INFO - Sync 1 DAGs
[2026-05-15T18:06:59.710+0000] {logging_mixin.py:190} INFO - [2026-05-15T18:06:59.710+0000] {dag.py:4180} INFO - Setting next_dagrun for tutorial_dag to None, run_after=None
[2026-05-15T18:06:59.734+0000] {processor.py:208} INFO - Processing /usr/local/python/3.12.1/lib/python3.12/site-packages/airflow/example_dags/tutorial_dag.py took 0.071 seconds
[2026-05-15T18:08:04.801+0000] {processor.py:186} INFO - Started process (PID=95958) to work on /usr/local/python/3.12.1/lib/python3.12/site-packages/airflow/example_dags/tutorial_dag.py
[2026-05-15T18:08:04.802+0000] {processor.py:914} INFO - Processing file /usr/local/python/3.12.1/lib/python3.12/site-packages/airflow/example_dags/tutorial_dag.py for tasks to queue
[2026-05-15T18:08:04.804+0000] {logging_mixin.py:190} INFO - [2026-05-15T18:08:04.803+0000] {dagbag.py:588} INFO - Filling up the DagBag from /usr/local/python/3.12.1/lib/python3.12/site-packages/airflow/example_dags/tutorial_dag.py
[2026-05-15T18:08:04.811+0000] {processor.py:925} INFO - DAG(s) 'tutorial_dag' retrieved from /usr/local/python/3.12.1/lib/python3.12/site-packages/airflow/example_dags/tutorial_dag.py
[2026-05-15T18:08:04.826+0000] {logging_mixin.py:190} INFO - [2026-05-15T18:08:04.825+0000] {dag.py:3239} INFO - Sync 1 DAGs
[2026-05-15T18:08:04.837+0000] {logging_mixin.py:190} INFO - [2026-05-15T18:08:04.837+0000] {dag.py:4180} INFO - Setting next_dagrun for tutorial_dag to None, run_after=None
[2026-05-15T18:08:04.860+0000] {processor.py:208} INFO - Processing /usr/local/python/3.12.1/lib/python3.12/site-packages/airflow/example_dags/tutorial_dag.py took 0.064 seconds
[2026-05-15T18:09:10.549+0000] {processor.py:186} INFO - Started process (PID=96470) to work on /usr/local/python/3.12.1/lib/python3.12/site-packages/airflow/example_dags/tutorial_dag.py
[2026-05-15T18:09:10.552+0000] {processor.py:914} INFO - Processing file /usr/local/python/3.12.1/lib/python3.12/site-packages/airflow/example_dags/tutorial_dag.py for tasks to queue
[2026-05-15T18:09:10.558+0000] {logging_mixin.py:190} INFO - [2026-05-15T18:09:10.557+0000] {dagbag.py:588} INFO - Filling up the DagBag from /usr/local/python/3.12.1/lib/python3.12/site-packages/airflow/example_dags/tutorial_dag.py
[2026-05-15T18:09:10.575+0000] {processor.py:925} INFO - DAG(s) 'tutorial_dag' retrieved from /usr/local/python/3.12.1/lib/python3.12/site-packages/airflow/example_dags/tutorial_dag.py
[2026-05-15T18:09:10.594+0000] {logging_mixin.py:190} INFO - [2026-05-15T18:09:10.594+0000] {dag.py:3239} INFO - Sync 1 DAGs
[2026-05-15T18:09:10.627+0000] {logging_mixin.py:190} INFO - [2026-05-15T18:09:10.627+0000] {dag.py:4180} INFO - Setting next_dagrun for tutorial_dag to None, run_after=None
[2026-05-15T18:09:10.647+0000] {processor.py:208} INFO - Processing /usr/local/python/3.12.1/lib/python3.12/site-packages/airflow/example_dags/tutorial_dag.py took 0.114 seconds
[2026-05-15T18:10:14.716+0000] {processor.py:186} INFO - Started process (PID=96978) to work on /usr/local/python/3.12.1/lib/python3.12/site-packages/airflow/example_dags/tutorial_dag.py
[2026-05-15T18:10:14.717+0000] {processor.py:914} INFO - Processing file /usr/local/python/3.12.1/lib/python3.12/site-packages/airflow/example_dags/tutorial_dag.py for tasks to queue
[2026-05-15T18:10:14.718+0000] {logging_mixin.py:190} INFO - [2026-05-15T18:10:14.718+0000] {dagbag.py:588} INFO - Filling up the DagBag from /usr/local/python/3.12.1/lib/python3.12/site-packages/airflow/example_dags/tutorial_dag.py
[2026-05-15T18:10:14.726+0000] {processor.py:925} INFO - DAG(s) 'tutorial_dag' retrieved from /usr/local/python/3.12.1/lib/python3.12/site-packages/airflow/example_dags/tutorial_dag.py
[2026-05-15T18:10:14.743+0000] {logging_mixin.py:190} INFO - [2026-05-15T18:10:14.743+0000] {dag.py:3239} INFO - Sync 1 DAGs
[2026-05-15T18:10:14.758+0000] {logging_mixin.py:190} INFO - [2026-05-15T18:10:14.758+0000] {dag.py:4180} INFO - Setting next_dagrun for tutorial_dag to None, run_after=None
[2026-05-15T18:10:14.782+0000] {processor.py:208} INFO - Processing /usr/local/python/3.12.1/lib/python3.12/site-packages/airflow/example_dags/tutorial_dag.py took 0.071 seconds
[2026-05-15T18:11:30.650+0000] {processor.py:186} INFO - Started process (PID=97822) to work on /usr/local/python/3.12.1/lib/python3.12/site-packages/airflow/example_dags/tutorial_dag.py
[2026-05-15T18:11:30.651+0000] {processor.py:914} INFO - Processing file /usr/local/python/3.12.1/lib/python3.12/site-packages/airflow/example_dags/tutorial_dag.py for tasks to queue
[2026-05-15T18:11:30.654+0000] {logging_mixin.py:190} INFO - [2026-05-15T18:11:30.653+0000] {dagbag.py:588} INFO - Filling up the DagBag from /usr/local/python/3.12.1/lib/python3.12/site-packages/airflow/example_dags/tutorial_dag.py
[2026-05-15T18:11:30.661+0000] {processor.py:925} INFO - DAG(s) 'tutorial_dag' retrieved from /usr/local/python/3.12.1/lib/python3.12/site-packages/airflow/example_dags/tutorial_dag.py
[2026-05-15T18:11:30.678+0000] {logging_mixin.py:190} INFO - [2026-05-15T18:11:30.677+0000] {dag.py:3239} INFO - Sync 1 DAGs
[2026-05-15T18:11:30.693+0000] {logging_mixin.py:190} INFO - [2026-05-15T18:11:30.693+0000] {dag.py:4180} INFO - Setting next_dagrun for tutorial_dag to None, run_after=None
[2026-05-15T18:11:30.715+0000] {processor.py:208} INFO - Processing /usr/local/python/3.12.1/lib/python3.12/site-packages/airflow/example_dags/tutorial_dag.py took 0.070 seconds
[2026-05-15T18:12:49.206+0000] {processor.py:186} INFO - Started process (PID=98628) to work on /usr/local/python/3.12.1/lib/python3.12/site-packages/airflow/example_dags/tutorial_dag.py
[2026-05-15T18:12:49.207+0000] {processor.py:914} INFO - Processing file /usr/local/python/3.12.1/lib/python3.12/site-packages/airflow/example_dags/tutorial_dag.py for tasks to queue
[2026-05-15T18:12:49.209+0000] {logging_mixin.py:190} INFO - [2026-05-15T18:12:49.209+0000] {dagbag.py:588} INFO - Filling up the DagBag from /usr/local/python/3.12.1/lib/python3.12/site-packages/airflow/example_dags/tutorial_dag.py
[2026-05-15T18:12:49.372+0000] {processor.py:925} INFO - DAG(s) 'tutorial_dag' retrieved from /usr/local/python/3.12.1/lib/python3.12/site-packages/airflow/example_dags/tutorial_dag.py
[2026-05-15T18:12:49.386+0000] {logging_mixin.py:190} INFO - [2026-05-15T18:12:49.386+0000] {dag.py:3239} INFO - Sync 1 DAGs
[2026-05-15T18:12:49.399+0000] {logging_mixin.py:190} INFO - [2026-05-15T18:12:49.399+0000] {dag.py:4180} INFO - Setting next_dagrun for tutorial_dag to None, run_after=None
[2026-05-15T18:12:49.428+0000] {processor.py:208} INFO - Processing /usr/local/python/3.12.1/lib/python3.12/site-packages/airflow/example_dags/tutorial_dag.py took 0.227 seconds
[2026-05-15T18:14:01.872+0000] {processor.py:186} INFO - Started process (PID=99255) to work on /usr/local/python/3.12.1/lib/python3.12/site-packages/airflow/example_dags/tutorial_dag.py
[2026-05-15T18:14:01.873+0000] {processor.py:914} INFO - Processing file /usr/local/python/3.12.1/lib/python3.12/site-packages/airflow/example_dags/tutorial_dag.py for tasks to queue
[2026-05-15T18:14:01.877+0000] {logging_mixin.py:190} INFO - [2026-05-15T18:14:01.874+0000] {dagbag.py:588} INFO - Filling up the DagBag from /usr/local/python/3.12.1/lib/python3.12/site-packages/airflow/example_dags/tutorial_dag.py
[2026-05-15T18:14:01.887+0000] {processor.py:925} INFO - DAG(s) 'tutorial_dag' retrieved from /usr/local/python/3.12.1/lib/python3.12/site-packages/airflow/example_dags/tutorial_dag.py
[2026-05-15T18:14:01.902+0000] {logging_mixin.py:190} INFO - [2026-05-15T18:14:01.901+0000] {dag.py:3239} INFO - Sync 1 DAGs
[2026-05-15T18:14:01.912+0000] {logging_mixin.py:190} INFO - [2026-05-15T18:14:01.912+0000] {dag.py:4180} INFO - Setting next_dagrun for tutorial_dag to None, run_after=None
[2026-05-15T18:14:01.930+0000] {processor.py:208} INFO - Processing /usr/local/python/3.12.1/lib/python3.12/site-packages/airflow/example_dags/tutorial_dag.py took 0.063 seconds
[2026-05-15T18:15:00.073+0000] {processor.py:186} INFO - Started process (PID=99766) to work on /usr/local/python/3.12.1/lib/python3.12/site-packages/airflow/example_dags/tutorial_dag.py
[2026-05-15T18:15:00.074+0000] {processor.py:914} INFO - Processing file /usr/local/python/3.12.1/lib/python3.12/site-packages/airflow/example_dags/tutorial_dag.py for tasks to queue
[2026-05-15T18:15:00.076+0000] {logging_mixin.py:190} INFO - [2026-05-15T18:15:00.076+0000] {dagbag.py:588} INFO - Filling up the DagBag from /usr/local/python/3.12.1/lib/python3.12/site-packages/airflow/example_dags/tutorial_dag.py
[2026-05-15T18:15:00.085+0000] {processor.py:925} INFO - DAG(s) 'tutorial_dag' retrieved from /usr/local/python/3.12.1/lib/python3.12/site-packages/airflow/example_dags/tutorial_dag.py
[2026-05-15T18:15:00.100+0000] {logging_mixin.py:190} INFO - [2026-05-15T18:15:00.100+0000] {dag.py:3239} INFO - Sync 1 DAGs
[2026-05-15T18:15:00.110+0000] {logging_mixin.py:190} INFO - [2026-05-15T18:15:00.110+0000] {dag.py:4180} INFO - Setting next_dagrun for tutorial_dag to None, run_after=None
[2026-05-15T18:15:00.131+0000] {processor.py:208} INFO - Processing /usr/local/python/3.12.1/lib/python3.12/site-packages/airflow/example_dags/tutorial_dag.py took 0.063 seconds
[2026-05-15T18:15:59.410+0000] {processor.py:186} INFO - Started process (PID=100287) to work on /usr/local/python/3.12.1/lib/python3.12/site-packages/airflow/example_dags/tutorial_dag.py
[2026-05-15T18:15:59.411+0000] {processor.py:914} INFO - Processing file /usr/local/python/3.12.1/lib/python3.12/site-packages/airflow/example_dags/tutorial_dag.py for tasks to queue
[2026-05-15T18:15:59.414+0000] {logging_mixin.py:190} INFO - [2026-05-15T18:15:59.413+0000] {dagbag.py:588} INFO - Filling up the DagBag from /usr/local/python/3.12.1/lib/python3.12/site-packages/airflow/example_dags/tutorial_dag.py
[2026-05-15T18:15:59.424+0000] {processor.py:925} INFO - DAG(s) 'tutorial_dag' retrieved from /usr/local/python/3.12.1/lib/python3.12/site-packages/airflow/example_dags/tutorial_dag.py
[2026-05-15T18:15:59.450+0000] {logging_mixin.py:190} INFO - [2026-05-15T18:15:59.449+0000] {dag.py:3239} INFO - Sync 1 DAGs
[2026-05-15T18:15:59.463+0000] {logging_mixin.py:190} INFO - [2026-05-15T18:15:59.462+0000] {dag.py:4180} INFO - Setting next_dagrun for tutorial_dag to None, run_after=None
[2026-05-15T18:15:59.489+0000] {processor.py:208} INFO - Processing /usr/local/python/3.12.1/lib/python3.12/site-packages/airflow/example_dags/tutorial_dag.py took 0.090 seconds
[2026-05-15T18:16:58.930+0000] {processor.py:186} INFO - Started process (PID=100727) to work on /usr/local/python/3.12.1/lib/python3.12/site-packages/airflow/example_dags/tutorial_dag.py
[2026-05-15T18:16:58.931+0000] {processor.py:914} INFO - Processing file /usr/local/python/3.12.1/lib/python3.12/site-packages/airflow/example_dags/tutorial_dag.py for tasks to queue
[2026-05-15T18:16:58.933+0000] {logging_mixin.py:190} INFO - [2026-05-15T18:16:58.932+0000] {dagbag.py:588} INFO - Filling up the DagBag from /usr/local/python/3.12.1/lib/python3.12/site-packages/airflow/example_dags/tutorial_dag.py
[2026-05-15T18:16:58.941+0000] {processor.py:925} INFO - DAG(s) 'tutorial_dag' retrieved from /usr/local/python/3.12.1/lib/python3.12/site-packages/airflow/example_dags/tutorial_dag.py
[2026-05-15T18:16:58.957+0000] {logging_mixin.py:190} INFO - [2026-05-15T18:16:58.957+0000] {dag.py:3239} INFO - Sync 1 DAGs
[2026-05-15T18:16:58.979+0000] {logging_mixin.py:190} INFO - [2026-05-15T18:16:58.978+0000] {dag.py:4180} INFO - Setting next_dagrun for tutorial_dag to None, run_after=None
[2026-05-15T18:16:59.019+0000] {processor.py:208} INFO - Processing /usr/local/python/3.12.1/lib/python3.12/site-packages/airflow/example_dags/tutorial_dag.py took 0.095 seconds
[2026-05-15T18:17:59.049+0000] {processor.py:186} INFO - Started process (PID=101252) to work on /usr/local/python/3.12.1/lib/python3.12/site-packages/airflow/example_dags/tutorial_dag.py
[2026-05-15T18:17:59.049+0000] {processor.py:914} INFO - Processing file /usr/local/python/3.12.1/lib/python3.12/site-packages/airflow/example_dags/tutorial_dag.py for tasks to queue
[2026-05-15T18:17:59.051+0000] {logging_mixin.py:190} INFO - [2026-05-15T18:17:59.051+0000] {dagbag.py:588} INFO - Filling up the DagBag from /usr/local/python/3.12.1/lib/python3.12/site-packages/airflow/example_dags/tutorial_dag.py
[2026-05-15T18:17:59.059+0000] {processor.py:925} INFO - DAG(s) 'tutorial_dag' retrieved from /usr/local/python/3.12.1/lib/python3.12/site-packages/airflow/example_dags/tutorial_dag.py
[2026-05-15T18:17:59.075+0000] {logging_mixin.py:190} INFO - [2026-05-15T18:17:59.074+0000] {dag.py:3239} INFO - Sync 1 DAGs
[2026-05-15T18:17:59.090+0000] {logging_mixin.py:190} INFO - [2026-05-15T18:17:59.090+0000] {dag.py:4180} INFO - Setting next_dagrun for tutorial_dag to None, run_after=None
[2026-05-15T18:17:59.112+0000] {processor.py:208} INFO - Processing /usr/local/python/3.12.1/lib/python3.12/site-packages/airflow/example_dags/tutorial_dag.py took 0.069 seconds
[2026-05-15T18:19:04.306+0000] {processor.py:186} INFO - Started process (PID=101762) to work on /usr/local/python/3.12.1/lib/python3.12/site-packages/airflow/example_dags/tutorial_dag.py
[2026-05-15T18:19:04.306+0000] {processor.py:914} INFO - Processing file /usr/local/python/3.12.1/lib/python3.12/site-packages/airflow/example_dags/tutorial_dag.py for tasks to queue
[2026-05-15T18:19:04.308+0000] {logging_mixin.py:190} INFO - [2026-05-15T18:19:04.308+0000] {dagbag.py:588} INFO - Filling up the DagBag from /usr/local/python/3.12.1/lib/python3.12/site-packages/airflow/example_dags/tutorial_dag.py
[2026-05-15T18:19:04.315+0000] {processor.py:925} INFO - DAG(s) 'tutorial_dag' retrieved from /usr/local/python/3.12.1/lib/python3.12/site-packages/airflow/example_dags/tutorial_dag.py
[2026-05-15T18:19:04.330+0000] {logging_mixin.py:190} INFO - [2026-05-15T18:19:04.330+0000] {dag.py:3239} INFO - Sync 1 DAGs
[2026-05-15T18:19:04.342+0000] {logging_mixin.py:190} INFO - [2026-05-15T18:19:04.341+0000] {dag.py:4180} INFO - Setting next_dagrun for tutorial_dag to None, run_after=None
[2026-05-15T18:19:04.363+0000] {processor.py:208} INFO - Processing /usr/local/python/3.12.1/lib/python3.12/site-packages/airflow/example_dags/tutorial_dag.py took 0.062 seconds
[2026-05-15T18:20:11.287+0000] {processor.py:186} INFO - Started process (PID=102286) to work on /usr/local/python/3.12.1/lib/python3.12/site-packages/airflow/example_dags/tutorial_dag.py
[2026-05-15T18:20:11.288+0000] {processor.py:914} INFO - Processing file /usr/local/python/3.12.1/lib/python3.12/site-packages/airflow/example_dags/tutorial_dag.py for tasks to queue
[2026-05-15T18:20:11.290+0000] {logging_mixin.py:190} INFO - [2026-05-15T18:20:11.290+0000] {dagbag.py:588} INFO - Filling up the DagBag from /usr/local/python/3.12.1/lib/python3.12/site-packages/airflow/example_dags/tutorial_dag.py
[2026-05-15T18:20:11.298+0000] {processor.py:925} INFO - DAG(s) 'tutorial_dag' retrieved from /usr/local/python/3.12.1/lib/python3.12/site-packages/airflow/example_dags/tutorial_dag.py
[2026-05-15T18:20:11.313+0000] {logging_mixin.py:190} INFO - [2026-05-15T18:20:11.312+0000] {dag.py:3239} INFO - Sync 1 DAGs
[2026-05-15T18:20:11.324+0000] {logging_mixin.py:190} INFO - [2026-05-15T18:20:11.324+0000] {dag.py:4180} INFO - Setting next_dagrun for tutorial_dag to None, run_after=None
[2026-05-15T18:20:11.343+0000] {processor.py:208} INFO - Processing /usr/local/python/3.12.1/lib/python3.12/site-packages/airflow/example_dags/tutorial_dag.py took 0.063 seconds
[2026-05-15T18:21:09.673+0000] {processor.py:186} INFO - Started process (PID=102746) to work on /usr/local/python/3.12.1/lib/python3.12/site-packages/airflow/example_dags/tutorial_dag.py
[2026-05-15T18:21:09.673+0000] {processor.py:914} INFO - Processing file /usr/local/python/3.12.1/lib/python3.12/site-packages/airflow/example_dags/tutorial_dag.py for tasks to queue
[2026-05-15T18:21:09.676+0000] {logging_mixin.py:190} INFO - [2026-05-15T18:21:09.675+0000] {dagbag.py:588} INFO - Filling up the DagBag from /usr/local/python/3.12.1/lib/python3.12/site-packages/airflow/example_dags/tutorial_dag.py
[2026-05-15T18:21:09.684+0000] {processor.py:925} INFO - DAG(s) 'tutorial_dag' retrieved from /usr/local/python/3.12.1/lib/python3.12/site-packages/airflow/example_dags/tutorial_dag.py
[2026-05-15T18:21:09.699+0000] {logging_mixin.py:190} INFO - [2026-05-15T18:21:09.699+0000] {dag.py:3239} INFO - Sync 1 DAGs
[2026-05-15T18:21:09.710+0000] {logging_mixin.py:190} INFO - [2026-05-15T18:21:09.710+0000] {dag.py:4180} INFO - Setting next_dagrun for tutorial_dag to None, run_after=None
[2026-05-15T18:21:09.731+0000] {processor.py:208} INFO - Processing /usr/local/python/3.12.1/lib/python3.12/site-packages/airflow/example_dags/tutorial_dag.py took 0.063 seconds
[2026-05-15T18:22:09.051+0000] {processor.py:186} INFO - Started process (PID=103206) to work on /usr/local/python/3.12.1/lib/python3.12/site-packages/airflow/example_dags/tutorial_dag.py
[2026-05-15T18:22:09.052+0000] {processor.py:914} INFO - Processing file /usr/local/python/3.12.1/lib/python3.12/site-packages/airflow/example_dags/tutorial_dag.py for tasks to queue
[2026-05-15T18:22:09.053+0000] {logging_mixin.py:190} INFO - [2026-05-15T18:22:09.053+0000] {dagbag.py:588} INFO - Filling up the DagBag from /usr/local/python/3.12.1/lib/python3.12/site-packages/airflow/example_dags/tutorial_dag.py
[2026-05-15T18:22:09.060+0000] {processor.py:925} INFO - DAG(s) 'tutorial_dag' retrieved from /usr/local/python/3.12.1/lib/python3.12/site-packages/airflow/example_dags/tutorial_dag.py
[2026-05-15T18:22:09.072+0000] {logging_mixin.py:190} INFO - [2026-05-15T18:22:09.072+0000] {dag.py:3239} INFO - Sync 1 DAGs
[2026-05-15T18:22:09.085+0000] {logging_mixin.py:190} INFO - [2026-05-15T18:22:09.085+0000] {dag.py:4180} INFO - Setting next_dagrun for tutorial_dag to None, run_after=None
[2026-05-15T18:22:09.104+0000] {processor.py:208} INFO - Processing /usr/local/python/3.12.1/lib/python3.12/site-packages/airflow/example_dags/tutorial_dag.py took 0.057 seconds
[2026-05-15T18:23:12.228+0000] {processor.py:186} INFO - Started process (PID=103689) to work on /usr/local/python/3.12.1/lib/python3.12/site-packages/airflow/example_dags/tutorial_dag.py
[2026-05-15T18:23:12.229+0000] {processor.py:914} INFO - Processing file /usr/local/python/3.12.1/lib/python3.12/site-packages/airflow/example_dags/tutorial_dag.py for tasks to queue
[2026-05-15T18:23:12.231+0000] {logging_mixin.py:190} INFO - [2026-05-15T18:23:12.231+0000] {dagbag.py:588} INFO - Filling up the DagBag from /usr/local/python/3.12.1/lib/python3.12/site-packages/airflow/example_dags/tutorial_dag.py
[2026-05-15T18:23:12.239+0000] {processor.py:925} INFO - DAG(s) 'tutorial_dag' retrieved from /usr/local/python/3.12.1/lib/python3.12/site-packages/airflow/example_dags/tutorial_dag.py
[2026-05-15T18:23:12.254+0000] {logging_mixin.py:190} INFO - [2026-05-15T18:23:12.254+0000] {dag.py:3239} INFO - Sync 1 DAGs
[2026-05-15T18:23:12.267+0000] {logging_mixin.py:190} INFO - [2026-05-15T18:23:12.266+0000] {dag.py:4180} INFO - Setting next_dagrun for tutorial_dag to None, run_after=None
[2026-05-15T18:23:12.291+0000] {processor.py:208} INFO - Processing /usr/local/python/3.12.1/lib/python3.12/site-packages/airflow/example_dags/tutorial_dag.py took 0.068 seconds
[2026-05-15T18:24:17.466+0000] {processor.py:186} INFO - Started process (PID=104304) to work on /usr/local/python/3.12.1/lib/python3.12/site-packages/airflow/example_dags/tutorial_dag.py
[2026-05-15T18:24:17.467+0000] {processor.py:914} INFO - Processing file /usr/local/python/3.12.1/lib/python3.12/site-packages/airflow/example_dags/tutorial_dag.py for tasks to queue
[2026-05-15T18:24:17.469+0000] {logging_mixin.py:190} INFO - [2026-05-15T18:24:17.468+0000] {dagbag.py:588} INFO - Filling up the DagBag from /usr/local/python/3.12.1/lib/python3.12/site-packages/airflow/example_dags/tutorial_dag.py
[2026-05-15T18:24:17.480+0000] {processor.py:925} INFO - DAG(s) 'tutorial_dag' retrieved from /usr/local/python/3.12.1/lib/python3.12/site-packages/airflow/example_dags/tutorial_dag.py
[2026-05-15T18:24:17.499+0000] {logging_mixin.py:190} INFO - [2026-05-15T18:24:17.499+0000] {dag.py:3239} INFO - Sync 1 DAGs
[2026-05-15T18:24:17.512+0000] {logging_mixin.py:190} INFO - [2026-05-15T18:24:17.512+0000] {dag.py:4180} INFO - Setting next_dagrun for tutorial_dag to None, run_after=None
[2026-05-15T18:24:17.535+0000] {processor.py:208} INFO - Processing /usr/local/python/3.12.1/lib/python3.12/site-packages/airflow/example_dags/tutorial_dag.py took 0.074 seconds
[2026-05-15T18:25:20.891+0000] {processor.py:186} INFO - Started process (PID=104819) to work on /usr/local/python/3.12.1/lib/python3.12/site-packages/airflow/example_dags/tutorial_dag.py
[2026-05-15T18:25:20.893+0000] {processor.py:914} INFO - Processing file /usr/local/python/3.12.1/lib/python3.12/site-packages/airflow/example_dags/tutorial_dag.py for tasks to queue
[2026-05-15T18:25:20.896+0000] {logging_mixin.py:190} INFO - [2026-05-15T18:25:20.896+0000] {dagbag.py:588} INFO - Filling up the DagBag from /usr/local/python/3.12.1/lib/python3.12/site-packages/airflow/example_dags/tutorial_dag.py
[2026-05-15T18:25:20.908+0000] {processor.py:925} INFO - DAG(s) 'tutorial_dag' retrieved from /usr/local/python/3.12.1/lib/python3.12/site-packages/airflow/example_dags/tutorial_dag.py
[2026-05-15T18:25:20.930+0000] {logging_mixin.py:190} INFO - [2026-05-15T18:25:20.930+0000] {dag.py:3239} INFO - Sync 1 DAGs
[2026-05-15T18:25:20.950+0000] {logging_mixin.py:190} INFO - [2026-05-15T18:25:20.950+0000] {dag.py:4180} INFO - Setting next_dagrun for tutorial_dag to None, run_after=None
[2026-05-15T18:25:20.982+0000] {processor.py:208} INFO - Processing /usr/local/python/3.12.1/lib/python3.12/site-packages/airflow/example_dags/tutorial_dag.py took 0.099 seconds
[2026-05-15T18:26:23.916+0000] {processor.py:186} INFO - Started process (PID=105304) to work on /usr/local/python/3.12.1/lib/python3.12/site-packages/airflow/example_dags/tutorial_dag.py
[2026-05-15T18:26:23.917+0000] {processor.py:914} INFO - Processing file /usr/local/python/3.12.1/lib/python3.12/site-packages/airflow/example_dags/tutorial_dag.py for tasks to queue
[2026-05-15T18:26:23.919+0000] {logging_mixin.py:190} INFO - [2026-05-15T18:26:23.918+0000] {dagbag.py:588} INFO - Filling up the DagBag from /usr/local/python/3.12.1/lib/python3.12/site-packages/airflow/example_dags/tutorial_dag.py
[2026-05-15T18:26:23.926+0000] {processor.py:925} INFO - DAG(s) 'tutorial_dag' retrieved from /usr/local/python/3.12.1/lib/python3.12/site-packages/airflow/example_dags/tutorial_dag.py
[2026-05-15T18:26:23.941+0000] {logging_mixin.py:190} INFO - [2026-05-15T18:26:23.940+0000] {dag.py:3239} INFO - Sync 1 DAGs
[2026-05-15T18:26:23.952+0000] {logging_mixin.py:190} INFO - [2026-05-15T18:26:23.952+0000] {dag.py:4180} INFO - Setting next_dagrun for tutorial_dag to None, run_after=None
[2026-05-15T18:26:23.973+0000] {processor.py:208} INFO - Processing /usr/local/python/3.12.1/lib/python3.12/site-packages/airflow/example_dags/tutorial_dag.py took 0.061 seconds
[2026-05-15T18:27:28.648+0000] {processor.py:186} INFO - Started process (PID=105795) to work on /usr/local/python/3.12.1/lib/python3.12/site-packages/airflow/example_dags/tutorial_dag.py
[2026-05-15T18:27:28.649+0000] {processor.py:914} INFO - Processing file /usr/local/python/3.12.1/lib/python3.12/site-packages/airflow/example_dags/tutorial_dag.py for tasks to queue
[2026-05-15T18:27:28.653+0000] {logging_mixin.py:190} INFO - [2026-05-15T18:27:28.651+0000] {dagbag.py:588} INFO - Filling up the DagBag from /usr/local/python/3.12.1/lib/python3.12/site-packages/airflow/example_dags/tutorial_dag.py
[2026-05-15T18:27:28.666+0000] {processor.py:925} INFO - DAG(s) 'tutorial_dag' retrieved from /usr/local/python/3.12.1/lib/python3.12/site-packages/airflow/example_dags/tutorial_dag.py
[2026-05-15T18:27:28.685+0000] {logging_mixin.py:190} INFO - [2026-05-15T18:27:28.685+0000] {dag.py:3239} INFO - Sync 1 DAGs
[2026-05-15T18:27:28.702+0000] {logging_mixin.py:190} INFO - [2026-05-15T18:27:28.701+0000] {dag.py:4180} INFO - Setting next_dagrun for tutorial_dag to None, run_after=None
[2026-05-15T18:27:28.723+0000] {processor.py:208} INFO - Processing /usr/local/python/3.12.1/lib/python3.12/site-packages/airflow/example_dags/tutorial_dag.py took 0.081 seconds
[2026-05-15T18:28:32.306+0000] {processor.py:186} INFO - Started process (PID=106282) to work on /usr/local/python/3.12.1/lib/python3.12/site-packages/airflow/example_dags/tutorial_dag.py
[2026-05-15T18:28:32.307+0000] {processor.py:914} INFO - Processing file /usr/local/python/3.12.1/lib/python3.12/site-packages/airflow/example_dags/tutorial_dag.py for tasks to queue
[2026-05-15T18:28:32.309+0000] {logging_mixin.py:190} INFO - [2026-05-15T18:28:32.308+0000] {dagbag.py:588} INFO - Filling up the DagBag from /usr/local/python/3.12.1/lib/python3.12/site-packages/airflow/example_dags/tutorial_dag.py
[2026-05-15T18:28:32.315+0000] {processor.py:925} INFO - DAG(s) 'tutorial_dag' retrieved from /usr/local/python/3.12.1/lib/python3.12/site-packages/airflow/example_dags/tutorial_dag.py
[2026-05-15T18:28:32.327+0000] {logging_mixin.py:190} INFO - [2026-05-15T18:28:32.327+0000] {dag.py:3239} INFO - Sync 1 DAGs
[2026-05-15T18:28:32.338+0000] {logging_mixin.py:190} INFO - [2026-05-15T18:28:32.338+0000] {dag.py:4180} INFO - Setting next_dagrun for tutorial_dag to None, run_after=None
[2026-05-15T18:28:32.356+0000] {processor.py:208} INFO - Processing /usr/local/python/3.12.1/lib/python3.12/site-packages/airflow/example_dags/tutorial_dag.py took 0.055 seconds
[2026-05-15T18:29:30.126+0000] {processor.py:186} INFO - Started process (PID=106747) to work on /usr/local/python/3.12.1/lib/python3.12/site-packages/airflow/example_dags/tutorial_dag.py
[2026-05-15T18:29:30.127+0000] {processor.py:914} INFO - Processing file /usr/local/python/3.12.1/lib/python3.12/site-packages/airflow/example_dags/tutorial_dag.py for tasks to queue
[2026-05-15T18:29:30.129+0000] {logging_mixin.py:190} INFO - [2026-05-15T18:29:30.128+0000] {dagbag.py:588} INFO - Filling up the DagBag from /usr/local/python/3.12.1/lib/python3.12/site-packages/airflow/example_dags/tutorial_dag.py
[2026-05-15T18:29:30.135+0000] {processor.py:925} INFO - DAG(s) 'tutorial_dag' retrieved from /usr/local/python/3.12.1/lib/python3.12/site-packages/airflow/example_dags/tutorial_dag.py
[2026-05-15T18:29:30.147+0000] {logging_mixin.py:190} INFO - [2026-05-15T18:29:30.147+0000] {dag.py:3239} INFO - Sync 1 DAGs
[2026-05-15T18:29:30.157+0000] {logging_mixin.py:190} INFO - [2026-05-15T18:29:30.157+0000] {dag.py:4180} INFO - Setting next_dagrun for tutorial_dag to None, run_after=None
[2026-05-15T18:29:30.176+0000] {processor.py:208} INFO - Processing /usr/local/python/3.12.1/lib/python3.12/site-packages/airflow/example_dags/tutorial_dag.py took 0.055 seconds
[2026-05-15T18:30:28.867+0000] {processor.py:186} INFO - Started process (PID=107208) to work on /usr/local/python/3.12.1/lib/python3.12/site-packages/airflow/example_dags/tutorial_dag.py
[2026-05-15T18:30:28.868+0000] {processor.py:914} INFO - Processing file /usr/local/python/3.12.1/lib/python3.12/site-packages/airflow/example_dags/tutorial_dag.py for tasks to queue
[2026-05-15T18:30:28.870+0000] {logging_mixin.py:190} INFO - [2026-05-15T18:30:28.869+0000] {dagbag.py:588} INFO - Filling up the DagBag from /usr/local/python/3.12.1/lib/python3.12/site-packages/airflow/example_dags/tutorial_dag.py
[2026-05-15T18:30:28.877+0000] {processor.py:925} INFO - DAG(s) 'tutorial_dag' retrieved from /usr/local/python/3.12.1/lib/python3.12/site-packages/airflow/example_dags/tutorial_dag.py
[2026-05-15T18:30:28.890+0000] {logging_mixin.py:190} INFO - [2026-05-15T18:30:28.890+0000] {dag.py:3239} INFO - Sync 1 DAGs
[2026-05-15T18:30:28.902+0000] {logging_mixin.py:190} INFO - [2026-05-15T18:30:28.902+0000] {dag.py:4180} INFO - Setting next_dagrun for tutorial_dag to None, run_after=None
[2026-05-15T18:30:28.922+0000] {processor.py:208} INFO - Processing /usr/local/python/3.12.1/lib/python3.12/site-packages/airflow/example_dags/tutorial_dag.py took 0.060 seconds
[2026-05-15T18:31:29.115+0000] {processor.py:186} INFO - Started process (PID=107675) to work on /usr/local/python/3.12.1/lib/python3.12/site-packages/airflow/example_dags/tutorial_dag.py
[2026-05-15T18:31:29.116+0000] {processor.py:914} INFO - Processing file /usr/local/python/3.12.1/lib/python3.12/site-packages/airflow/example_dags/tutorial_dag.py for tasks to queue
[2026-05-15T18:31:29.118+0000] {logging_mixin.py:190} INFO - [2026-05-15T18:31:29.117+0000] {dagbag.py:588} INFO - Filling up the DagBag from /usr/local/python/3.12.1/lib/python3.12/site-packages/airflow/example_dags/tutorial_dag.py
[2026-05-15T18:31:29.124+0000] {processor.py:925} INFO - DAG(s) 'tutorial_dag' retrieved from /usr/local/python/3.12.1/lib/python3.12/site-packages/airflow/example_dags/tutorial_dag.py
[2026-05-15T18:31:29.144+0000] {logging_mixin.py:190} INFO - [2026-05-15T18:31:29.144+0000] {dag.py:3239} INFO - Sync 1 DAGs
[2026-05-15T18:31:29.156+0000] {logging_mixin.py:190} INFO - [2026-05-15T18:31:29.156+0000] {dag.py:4180} INFO - Setting next_dagrun for tutorial_dag to None, run_after=None
[2026-05-15T18:31:29.178+0000] {processor.py:208} INFO - Processing /usr/local/python/3.12.1/lib/python3.12/site-packages/airflow/example_dags/tutorial_dag.py took 0.068 seconds
[2026-05-15T18:32:28.923+0000] {processor.py:186} INFO - Started process (PID=108115) to work on /usr/local/python/3.12.1/lib/python3.12/site-packages/airflow/example_dags/tutorial_dag.py
[2026-05-15T18:32:28.924+0000] {processor.py:914} INFO - Processing file /usr/local/python/3.12.1/lib/python3.12/site-packages/airflow/example_dags/tutorial_dag.py for tasks to queue
[2026-05-15T18:32:28.925+0000] {logging_mixin.py:190} INFO - [2026-05-15T18:32:28.925+0000] {dagbag.py:588} INFO - Filling up the DagBag from /usr/local/python/3.12.1/lib/python3.12/site-packages/airflow/example_dags/tutorial_dag.py
[2026-05-15T18:32:28.932+0000] {processor.py:925} INFO - DAG(s) 'tutorial_dag' retrieved from /usr/local/python/3.12.1/lib/python3.12/site-packages/airflow/example_dags/tutorial_dag.py
[2026-05-15T18:32:28.945+0000] {logging_mixin.py:190} INFO - [2026-05-15T18:32:28.944+0000] {dag.py:3239} INFO - Sync 1 DAGs
[2026-05-15T18:32:28.955+0000] {logging_mixin.py:190} INFO - [2026-05-15T18:32:28.955+0000] {dag.py:4180} INFO - Setting next_dagrun for tutorial_dag to None, run_after=None
[2026-05-15T18:32:28.975+0000] {processor.py:208} INFO - Processing /usr/local/python/3.12.1/lib/python3.12/site-packages/airflow/example_dags/tutorial_dag.py took 0.056 seconds
[2026-05-15T18:33:30.460+0000] {processor.py:186} INFO - Started process (PID=108587) to work on /usr/local/python/3.12.1/lib/python3.12/site-packages/airflow/example_dags/tutorial_dag.py
[2026-05-15T18:33:30.461+0000] {processor.py:914} INFO - Processing file /usr/local/python/3.12.1/lib/python3.12/site-packages/airflow/example_dags/tutorial_dag.py for tasks to queue
[2026-05-15T18:33:30.464+0000] {logging_mixin.py:190} INFO - [2026-05-15T18:33:30.464+0000] {dagbag.py:588} INFO - Filling up the DagBag from /usr/local/python/3.12.1/lib/python3.12/site-packages/airflow/example_dags/tutorial_dag.py
[2026-05-15T18:33:30.477+0000] {processor.py:925} INFO - DAG(s) 'tutorial_dag' retrieved from /usr/local/python/3.12.1/lib/python3.12/site-packages/airflow/example_dags/tutorial_dag.py
[2026-05-15T18:33:30.509+0000] {logging_mixin.py:190} INFO - [2026-05-15T18:33:30.508+0000] {dag.py:3239} INFO - Sync 1 DAGs
[2026-05-15T18:33:30.544+0000] {logging_mixin.py:190} INFO - [2026-05-15T18:33:30.543+0000] {dag.py:4180} INFO - Setting next_dagrun for tutorial_dag to None, run_after=None
[2026-05-15T18:33:30.585+0000] {processor.py:208} INFO - Processing /usr/local/python/3.12.1/lib/python3.12/site-packages/airflow/example_dags/tutorial_dag.py took 0.133 seconds
[2026-05-15T18:34:38.941+0000] {processor.py:186} INFO - Started process (PID=109130) to work on /usr/local/python/3.12.1/lib/python3.12/site-packages/airflow/example_dags/tutorial_dag.py
[2026-05-15T18:34:38.942+0000] {processor.py:914} INFO - Processing file /usr/local/python/3.12.1/lib/python3.12/site-packages/airflow/example_dags/tutorial_dag.py for tasks to queue
[2026-05-15T18:34:38.944+0000] {logging_mixin.py:190} INFO - [2026-05-15T18:34:38.943+0000] {dagbag.py:588} INFO - Filling up the DagBag from /usr/local/python/3.12.1/lib/python3.12/site-packages/airflow/example_dags/tutorial_dag.py
[2026-05-15T18:34:38.951+0000] {processor.py:925} INFO - DAG(s) 'tutorial_dag' retrieved from /usr/local/python/3.12.1/lib/python3.12/site-packages/airflow/example_dags/tutorial_dag.py
[2026-05-15T18:34:38.966+0000] {logging_mixin.py:190} INFO - [2026-05-15T18:34:38.966+0000] {dag.py:3239} INFO - Sync 1 DAGs
[2026-05-15T18:34:38.982+0000] {logging_mixin.py:190} INFO - [2026-05-15T18:34:38.982+0000] {dag.py:4180} INFO - Setting next_dagrun for tutorial_dag to None, run_after=None
[2026-05-15T18:34:39.005+0000] {processor.py:208} INFO - Processing /usr/local/python/3.12.1/lib/python3.12/site-packages/airflow/example_dags/tutorial_dag.py took 0.069 seconds
[2026-05-15T18:35:39.347+0000] {processor.py:186} INFO - Started process (PID=109597) to work on /usr/local/python/3.12.1/lib/python3.12/site-packages/airflow/example_dags/tutorial_dag.py
[2026-05-15T18:35:39.347+0000] {processor.py:914} INFO - Processing file /usr/local/python/3.12.1/lib/python3.12/site-packages/airflow/example_dags/tutorial_dag.py for tasks to queue
[2026-05-15T18:35:39.349+0000] {logging_mixin.py:190} INFO - [2026-05-15T18:35:39.349+0000] {dagbag.py:588} INFO - Filling up the DagBag from /usr/local/python/3.12.1/lib/python3.12/site-packages/airflow/example_dags/tutorial_dag.py
[2026-05-15T18:35:39.357+0000] {processor.py:925} INFO - DAG(s) 'tutorial_dag' retrieved from /usr/local/python/3.12.1/lib/python3.12/site-packages/airflow/example_dags/tutorial_dag.py
[2026-05-15T18:35:39.373+0000] {logging_mixin.py:190} INFO - [2026-05-15T18:35:39.373+0000] {dag.py:3239} INFO - Sync 1 DAGs
[2026-05-15T18:35:39.390+0000] {logging_mixin.py:190} INFO - [2026-05-15T18:35:39.389+0000] {dag.py:4180} INFO - Setting next_dagrun for tutorial_dag to None, run_after=None
[2026-05-15T18:35:39.412+0000] {processor.py:208} INFO - Processing /usr/local/python/3.12.1/lib/python3.12/site-packages/airflow/example_dags/tutorial_dag.py took 0.071 seconds
[2026-05-15T18:36:44.009+0000] {processor.py:186} INFO - Started process (PID=110087) to work on /usr/local/python/3.12.1/lib/python3.12/site-packages/airflow/example_dags/tutorial_dag.py
[2026-05-15T18:36:44.010+0000] {processor.py:914} INFO - Processing file /usr/local/python/3.12.1/lib/python3.12/site-packages/airflow/example_dags/tutorial_dag.py for tasks to queue
[2026-05-15T18:36:44.012+0000] {logging_mixin.py:190} INFO - [2026-05-15T18:36:44.011+0000] {dagbag.py:588} INFO - Filling up the DagBag from /usr/local/python/3.12.1/lib/python3.12/site-packages/airflow/example_dags/tutorial_dag.py
[2026-05-15T18:36:44.020+0000] {processor.py:925} INFO - DAG(s) 'tutorial_dag' retrieved from /usr/local/python/3.12.1/lib/python3.12/site-packages/airflow/example_dags/tutorial_dag.py
[2026-05-15T18:36:44.035+0000] {logging_mixin.py:190} INFO - [2026-05-15T18:36:44.035+0000] {dag.py:3239} INFO - Sync 1 DAGs
[2026-05-15T18:36:44.047+0000] {logging_mixin.py:190} INFO - [2026-05-15T18:36:44.047+0000] {dag.py:4180} INFO - Setting next_dagrun for tutorial_dag to None, run_after=None
[2026-05-15T18:36:44.069+0000] {processor.py:208} INFO - Processing /usr/local/python/3.12.1/lib/python3.12/site-packages/airflow/example_dags/tutorial_dag.py took 0.066 seconds
[2026-05-15T18:37:42.745+0000] {processor.py:186} INFO - Started process (PID=110548) to work on /usr/local/python/3.12.1/lib/python3.12/site-packages/airflow/example_dags/tutorial_dag.py
[2026-05-15T18:37:42.746+0000] {processor.py:914} INFO - Processing file /usr/local/python/3.12.1/lib/python3.12/site-packages/airflow/example_dags/tutorial_dag.py for tasks to queue
[2026-05-15T18:37:42.748+0000] {logging_mixin.py:190} INFO - [2026-05-15T18:37:42.747+0000] {dagbag.py:588} INFO - Filling up the DagBag from /usr/local/python/3.12.1/lib/python3.12/site-packages/airflow/example_dags/tutorial_dag.py
[2026-05-15T18:37:42.756+0000] {processor.py:925} INFO - DAG(s) 'tutorial_dag' retrieved from /usr/local/python/3.12.1/lib/python3.12/site-packages/airflow/example_dags/tutorial_dag.py
[2026-05-15T18:37:42.773+0000] {logging_mixin.py:190} INFO - [2026-05-15T18:37:42.773+0000] {dag.py:3239} INFO - Sync 1 DAGs
[2026-05-15T18:37:42.804+0000] {logging_mixin.py:190} INFO - [2026-05-15T18:37:42.804+0000] {dag.py:4180} INFO - Setting next_dagrun for tutorial_dag to None, run_after=None
[2026-05-15T18:37:42.834+0000] {processor.py:208} INFO - Processing /usr/local/python/3.12.1/lib/python3.12/site-packages/airflow/example_dags/tutorial_dag.py took 0.094 seconds
[2026-05-15T18:38:41.975+0000] {processor.py:186} INFO - Started process (PID=111014) to work on /usr/local/python/3.12.1/lib/python3.12/site-packages/airflow/example_dags/tutorial_dag.py
[2026-05-15T18:38:41.975+0000] {processor.py:914} INFO - Processing file /usr/local/python/3.12.1/lib/python3.12/site-packages/airflow/example_dags/tutorial_dag.py for tasks to queue
[2026-05-15T18:38:41.978+0000] {logging_mixin.py:190} INFO - [2026-05-15T18:38:41.977+0000] {dagbag.py:588} INFO - Filling up the DagBag from /usr/local/python/3.12.1/lib/python3.12/site-packages/airflow/example_dags/tutorial_dag.py
[2026-05-15T18:38:41.986+0000] {processor.py:925} INFO - DAG(s) 'tutorial_dag' retrieved from /usr/local/python/3.12.1/lib/python3.12/site-packages/airflow/example_dags/tutorial_dag.py
[2026-05-15T18:38:42.000+0000] {logging_mixin.py:190} INFO - [2026-05-15T18:38:42.000+0000] {dag.py:3239} INFO - Sync 1 DAGs
[2026-05-15T18:38:42.010+0000] {logging_mixin.py:190} INFO - [2026-05-15T18:38:42.010+0000] {dag.py:4180} INFO - Setting next_dagrun for tutorial_dag to None, run_after=None
[2026-05-15T18:38:42.027+0000] {processor.py:208} INFO - Processing /usr/local/python/3.12.1/lib/python3.12/site-packages/airflow/example_dags/tutorial_dag.py took 0.057 seconds
[2026-05-15T18:39:42.652+0000] {processor.py:186} INFO - Started process (PID=111501) to work on /usr/local/python/3.12.1/lib/python3.12/site-packages/airflow/example_dags/tutorial_dag.py
[2026-05-15T18:39:42.653+0000] {processor.py:914} INFO - Processing file /usr/local/python/3.12.1/lib/python3.12/site-packages/airflow/example_dags/tutorial_dag.py for tasks to queue
[2026-05-15T18:39:42.656+0000] {logging_mixin.py:190} INFO - [2026-05-15T18:39:42.656+0000] {dagbag.py:588} INFO - Filling up the DagBag from /usr/local/python/3.12.1/lib/python3.12/site-packages/airflow/example_dags/tutorial_dag.py
[2026-05-15T18:39:42.668+0000] {processor.py:925} INFO - DAG(s) 'tutorial_dag' retrieved from /usr/local/python/3.12.1/lib/python3.12/site-packages/airflow/example_dags/tutorial_dag.py
[2026-05-15T18:39:42.691+0000] {logging_mixin.py:190} INFO - [2026-05-15T18:39:42.691+0000] {dag.py:3239} INFO - Sync 1 DAGs
[2026-05-15T18:39:42.706+0000] {logging_mixin.py:190} INFO - [2026-05-15T18:39:42.706+0000] {dag.py:4180} INFO - Setting next_dagrun for tutorial_dag to None, run_after=None
[2026-05-15T18:39:42.754+0000] {processor.py:208} INFO - Processing /usr/local/python/3.12.1/lib/python3.12/site-packages/airflow/example_dags/tutorial_dag.py took 0.109 seconds
[2026-05-15T18:40:43.348+0000] {processor.py:186} INFO - Started process (PID=111968) to work on /usr/local/python/3.12.1/lib/python3.12/site-packages/airflow/example_dags/tutorial_dag.py
[2026-05-15T18:40:43.349+0000] {processor.py:914} INFO - Processing file /usr/local/python/3.12.1/lib/python3.12/site-packages/airflow/example_dags/tutorial_dag.py for tasks to queue
[2026-05-15T18:40:43.351+0000] {logging_mixin.py:190} INFO - [2026-05-15T18:40:43.350+0000] {dagbag.py:588} INFO - Filling up the DagBag from /usr/local/python/3.12.1/lib/python3.12/site-packages/airflow/example_dags/tutorial_dag.py
[2026-05-15T18:40:43.359+0000] {processor.py:925} INFO - DAG(s) 'tutorial_dag' retrieved from /usr/local/python/3.12.1/lib/python3.12/site-packages/airflow/example_dags/tutorial_dag.py
[2026-05-15T18:40:43.376+0000] {logging_mixin.py:190} INFO - [2026-05-15T18:40:43.376+0000] {dag.py:3239} INFO - Sync 1 DAGs
[2026-05-15T18:40:43.394+0000] {logging_mixin.py:190} INFO - [2026-05-15T18:40:43.394+0000] {dag.py:4180} INFO - Setting next_dagrun for tutorial_dag to None, run_after=None
[2026-05-15T18:40:43.418+0000] {processor.py:208} INFO - Processing /usr/local/python/3.12.1/lib/python3.12/site-packages/airflow/example_dags/tutorial_dag.py took 0.076 seconds
[2026-05-15T18:41:43.492+0000] {processor.py:186} INFO - Started process (PID=112438) to work on /usr/local/python/3.12.1/lib/python3.12/site-packages/airflow/example_dags/tutorial_dag.py
[2026-05-15T18:41:43.493+0000] {processor.py:914} INFO - Processing file /usr/local/python/3.12.1/lib/python3.12/site-packages/airflow/example_dags/tutorial_dag.py for tasks to queue
[2026-05-15T18:41:43.495+0000] {logging_mixin.py:190} INFO - [2026-05-15T18:41:43.495+0000] {dagbag.py:588} INFO - Filling up the DagBag from /usr/local/python/3.12.1/lib/python3.12/site-packages/airflow/example_dags/tutorial_dag.py
[2026-05-15T18:41:43.503+0000] {processor.py:925} INFO - DAG(s) 'tutorial_dag' retrieved from /usr/local/python/3.12.1/lib/python3.12/site-packages/airflow/example_dags/tutorial_dag.py
[2026-05-15T18:41:43.519+0000] {logging_mixin.py:190} INFO - [2026-05-15T18:41:43.518+0000] {dag.py:3239} INFO - Sync 1 DAGs
[2026-05-15T18:41:43.532+0000] {logging_mixin.py:190} INFO - [2026-05-15T18:41:43.531+0000] {dag.py:4180} INFO - Setting next_dagrun for tutorial_dag to None, run_after=None
[2026-05-15T18:41:43.554+0000] {processor.py:208} INFO - Processing /usr/local/python/3.12.1/lib/python3.12/site-packages/airflow/example_dags/tutorial_dag.py took 0.069 seconds
[2026-05-15T18:42:43.619+0000] {processor.py:186} INFO - Started process (PID=112898) to work on /usr/local/python/3.12.1/lib/python3.12/site-packages/airflow/example_dags/tutorial_dag.py
[2026-05-15T18:42:43.619+0000] {processor.py:914} INFO - Processing file /usr/local/python/3.12.1/lib/python3.12/site-packages/airflow/example_dags/tutorial_dag.py for tasks to queue
[2026-05-15T18:42:43.621+0000] {logging_mixin.py:190} INFO - [2026-05-15T18:42:43.621+0000] {dagbag.py:588} INFO - Filling up the DagBag from /usr/local/python/3.12.1/lib/python3.12/site-packages/airflow/example_dags/tutorial_dag.py
[2026-05-15T18:42:43.628+0000] {processor.py:925} INFO - DAG(s) 'tutorial_dag' retrieved from /usr/local/python/3.12.1/lib/python3.12/site-packages/airflow/example_dags/tutorial_dag.py
[2026-05-15T18:42:43.641+0000] {logging_mixin.py:190} INFO - [2026-05-15T18:42:43.641+0000] {dag.py:3239} INFO - Sync 1 DAGs
[2026-05-15T18:42:43.652+0000] {logging_mixin.py:190} INFO - [2026-05-15T18:42:43.651+0000] {dag.py:4180} INFO - Setting next_dagrun for tutorial_dag to None, run_after=None
[2026-05-15T18:42:43.676+0000] {processor.py:208} INFO - Processing /usr/local/python/3.12.1/lib/python3.12/site-packages/airflow/example_dags/tutorial_dag.py took 0.062 seconds
[2026-05-15T18:43:46.460+0000] {processor.py:186} INFO - Started process (PID=113373) to work on /usr/local/python/3.12.1/lib/python3.12/site-packages/airflow/example_dags/tutorial_dag.py
[2026-05-15T18:43:46.460+0000] {processor.py:914} INFO - Processing file /usr/local/python/3.12.1/lib/python3.12/site-packages/airflow/example_dags/tutorial_dag.py for tasks to queue
[2026-05-15T18:43:46.462+0000] {logging_mixin.py:190} INFO - [2026-05-15T18:43:46.462+0000] {dagbag.py:588} INFO - Filling up the DagBag from /usr/local/python/3.12.1/lib/python3.12/site-packages/airflow/example_dags/tutorial_dag.py
[2026-05-15T18:43:46.468+0000] {processor.py:925} INFO - DAG(s) 'tutorial_dag' retrieved from /usr/local/python/3.12.1/lib/python3.12/site-packages/airflow/example_dags/tutorial_dag.py
[2026-05-15T18:43:46.484+0000] {logging_mixin.py:190} INFO - [2026-05-15T18:43:46.484+0000] {dag.py:3239} INFO - Sync 1 DAGs
[2026-05-15T18:43:46.497+0000] {logging_mixin.py:190} INFO - [2026-05-15T18:43:46.497+0000] {dag.py:4180} INFO - Setting next_dagrun for tutorial_dag to None, run_after=None
[2026-05-15T18:43:46.515+0000] {processor.py:208} INFO - Processing /usr/local/python/3.12.1/lib/python3.12/site-packages/airflow/example_dags/tutorial_dag.py took 0.060 seconds
[2026-05-15T18:44:45.347+0000] {processor.py:186} INFO - Started process (PID=113880) to work on /usr/local/python/3.12.1/lib/python3.12/site-packages/airflow/example_dags/tutorial_dag.py
[2026-05-15T18:44:45.348+0000] {processor.py:914} INFO - Processing file /usr/local/python/3.12.1/lib/python3.12/site-packages/airflow/example_dags/tutorial_dag.py for tasks to queue
[2026-05-15T18:44:45.349+0000] {logging_mixin.py:190} INFO - [2026-05-15T18:44:45.349+0000] {dagbag.py:588} INFO - Filling up the DagBag from /usr/local/python/3.12.1/lib/python3.12/site-packages/airflow/example_dags/tutorial_dag.py
[2026-05-15T18:44:45.356+0000] {processor.py:925} INFO - DAG(s) 'tutorial_dag' retrieved from /usr/local/python/3.12.1/lib/python3.12/site-packages/airflow/example_dags/tutorial_dag.py
[2026-05-15T18:44:45.368+0000] {logging_mixin.py:190} INFO - [2026-05-15T18:44:45.368+0000] {dag.py:3239} INFO - Sync 1 DAGs
[2026-05-15T18:44:45.380+0000] {logging_mixin.py:190} INFO - [2026-05-15T18:44:45.380+0000] {dag.py:4180} INFO - Setting next_dagrun for tutorial_dag to None, run_after=None
[2026-05-15T18:44:45.401+0000] {processor.py:208} INFO - Processing /usr/local/python/3.12.1/lib/python3.12/site-packages/airflow/example_dags/tutorial_dag.py took 0.058 seconds
[2026-05-15T18:45:42.109+0000] {processor.py:186} INFO - Started process (PID=114304) to work on /usr/local/python/3.12.1/lib/python3.12/site-packages/airflow/example_dags/tutorial_dag.py
[2026-05-15T18:45:42.110+0000] {processor.py:914} INFO - Processing file /usr/local/python/3.12.1/lib/python3.12/site-packages/airflow/example_dags/tutorial_dag.py for tasks to queue
[2026-05-15T18:45:42.112+0000] {logging_mixin.py:190} INFO - [2026-05-15T18:45:42.112+0000] {dagbag.py:588} INFO - Filling up the DagBag from /usr/local/python/3.12.1/lib/python3.12/site-packages/airflow/example_dags/tutorial_dag.py
[2026-05-15T18:45:42.120+0000] {processor.py:925} INFO - DAG(s) 'tutorial_dag' retrieved from /usr/local/python/3.12.1/lib/python3.12/site-packages/airflow/example_dags/tutorial_dag.py
[2026-05-15T18:45:42.137+0000] {logging_mixin.py:190} INFO - [2026-05-15T18:45:42.136+0000] {dag.py:3239} INFO - Sync 1 DAGs
[2026-05-15T18:45:42.149+0000] {logging_mixin.py:190} INFO - [2026-05-15T18:45:42.149+0000] {dag.py:4180} INFO - Setting next_dagrun for tutorial_dag to None, run_after=None
[2026-05-15T18:45:42.169+0000] {processor.py:208} INFO - Processing /usr/local/python/3.12.1/lib/python3.12/site-packages/airflow/example_dags/tutorial_dag.py took 0.065 seconds
[2026-05-15T18:46:42.053+0000] {processor.py:186} INFO - Started process (PID=114770) to work on /usr/local/python/3.12.1/lib/python3.12/site-packages/airflow/example_dags/tutorial_dag.py
[2026-05-15T18:46:42.053+0000] {processor.py:914} INFO - Processing file /usr/local/python/3.12.1/lib/python3.12/site-packages/airflow/example_dags/tutorial_dag.py for tasks to queue
[2026-05-15T18:46:42.055+0000] {logging_mixin.py:190} INFO - [2026-05-15T18:46:42.055+0000] {dagbag.py:588} INFO - Filling up the DagBag from /usr/local/python/3.12.1/lib/python3.12/site-packages/airflow/example_dags/tutorial_dag.py
[2026-05-15T18:46:42.062+0000] {processor.py:925} INFO - DAG(s) 'tutorial_dag' retrieved from /usr/local/python/3.12.1/lib/python3.12/site-packages/airflow/example_dags/tutorial_dag.py
[2026-05-15T18:46:42.077+0000] {logging_mixin.py:190} INFO - [2026-05-15T18:46:42.077+0000] {dag.py:3239} INFO - Sync 1 DAGs
[2026-05-15T18:46:42.091+0000] {logging_mixin.py:190} INFO - [2026-05-15T18:46:42.091+0000] {dag.py:4180} INFO - Setting next_dagrun for tutorial_dag to None, run_after=None
[2026-05-15T18:46:42.111+0000] {processor.py:208} INFO - Processing /usr/local/python/3.12.1/lib/python3.12/site-packages/airflow/example_dags/tutorial_dag.py took 0.063 seconds
[2026-05-15T18:47:47.264+0000] {processor.py:186} INFO - Started process (PID=115271) to work on /usr/local/python/3.12.1/lib/python3.12/site-packages/airflow/example_dags/tutorial_dag.py
[2026-05-15T18:47:47.267+0000] {processor.py:914} INFO - Processing file /usr/local/python/3.12.1/lib/python3.12/site-packages/airflow/example_dags/tutorial_dag.py for tasks to queue
[2026-05-15T18:47:47.271+0000] {logging_mixin.py:190} INFO - [2026-05-15T18:47:47.270+0000] {dagbag.py:588} INFO - Filling up the DagBag from /usr/local/python/3.12.1/lib/python3.12/site-packages/airflow/example_dags/tutorial_dag.py
[2026-05-15T18:47:47.291+0000] {processor.py:925} INFO - DAG(s) 'tutorial_dag' retrieved from /usr/local/python/3.12.1/lib/python3.12/site-packages/airflow/example_dags/tutorial_dag.py
[2026-05-15T18:47:47.312+0000] {logging_mixin.py:190} INFO - [2026-05-15T18:47:47.312+0000] {dag.py:3239} INFO - Sync 1 DAGs
[2026-05-15T18:47:47.333+0000] {logging_mixin.py:190} INFO - [2026-05-15T18:47:47.333+0000] {dag.py:4180} INFO - Setting next_dagrun for tutorial_dag to None, run_after=None
[2026-05-15T18:47:47.366+0000] {processor.py:208} INFO - Processing /usr/local/python/3.12.1/lib/python3.12/site-packages/airflow/example_dags/tutorial_dag.py took 0.108 seconds
[2026-05-15T18:48:46.800+0000] {processor.py:186} INFO - Started process (PID=115723) to work on /usr/local/python/3.12.1/lib/python3.12/site-packages/airflow/example_dags/tutorial_dag.py
[2026-05-15T18:48:46.800+0000] {processor.py:914} INFO - Processing file /usr/local/python/3.12.1/lib/python3.12/site-packages/airflow/example_dags/tutorial_dag.py for tasks to queue
[2026-05-15T18:48:46.802+0000] {logging_mixin.py:190} INFO - [2026-05-15T18:48:46.802+0000] {dagbag.py:588} INFO - Filling up the DagBag from /usr/local/python/3.12.1/lib/python3.12/site-packages/airflow/example_dags/tutorial_dag.py
[2026-05-15T18:48:46.808+0000] {processor.py:925} INFO - DAG(s) 'tutorial_dag' retrieved from /usr/local/python/3.12.1/lib/python3.12/site-packages/airflow/example_dags/tutorial_dag.py
[2026-05-15T18:48:46.820+0000] {logging_mixin.py:190} INFO - [2026-05-15T18:48:46.820+0000] {dag.py:3239} INFO - Sync 1 DAGs
[2026-05-15T18:48:46.830+0000] {logging_mixin.py:190} INFO - [2026-05-15T18:48:46.830+0000] {dag.py:4180} INFO - Setting next_dagrun for tutorial_dag to None, run_after=None
[2026-05-15T18:48:46.852+0000] {processor.py:208} INFO - Processing /usr/local/python/3.12.1/lib/python3.12/site-packages/airflow/example_dags/tutorial_dag.py took 0.057 seconds
[2026-05-15T18:49:48.648+0000] {processor.py:186} INFO - Started process (PID=116221) to work on /usr/local/python/3.12.1/lib/python3.12/site-packages/airflow/example_dags/tutorial_dag.py
[2026-05-15T18:49:48.649+0000] {processor.py:914} INFO - Processing file /usr/local/python/3.12.1/lib/python3.12/site-packages/airflow/example_dags/tutorial_dag.py for tasks to queue
[2026-05-15T18:49:48.650+0000] {logging_mixin.py:190} INFO - [2026-05-15T18:49:48.650+0000] {dagbag.py:588} INFO - Filling up the DagBag from /usr/local/python/3.12.1/lib/python3.12/site-packages/airflow/example_dags/tutorial_dag.py
[2026-05-15T18:49:48.657+0000] {processor.py:925} INFO - DAG(s) 'tutorial_dag' retrieved from /usr/local/python/3.12.1/lib/python3.12/site-packages/airflow/example_dags/tutorial_dag.py
[2026-05-15T18:49:48.669+0000] {logging_mixin.py:190} INFO - [2026-05-15T18:49:48.668+0000] {dag.py:3239} INFO - Sync 1 DAGs
[2026-05-15T18:49:48.681+0000] {logging_mixin.py:190} INFO - [2026-05-15T18:49:48.681+0000] {dag.py:4180} INFO - Setting next_dagrun for tutorial_dag to None, run_after=None
[2026-05-15T18:49:48.700+0000] {processor.py:208} INFO - Processing /usr/local/python/3.12.1/lib/python3.12/site-packages/airflow/example_dags/tutorial_dag.py took 0.056 seconds
[2026-05-15T18:50:53.503+0000] {processor.py:186} INFO - Started process (PID=116728) to work on /usr/local/python/3.12.1/lib/python3.12/site-packages/airflow/example_dags/tutorial_dag.py
[2026-05-15T18:50:53.507+0000] {processor.py:914} INFO - Processing file /usr/local/python/3.12.1/lib/python3.12/site-packages/airflow/example_dags/tutorial_dag.py for tasks to queue
[2026-05-15T18:50:53.509+0000] {logging_mixin.py:190} INFO - [2026-05-15T18:50:53.509+0000] {dagbag.py:588} INFO - Filling up the DagBag from /usr/local/python/3.12.1/lib/python3.12/site-packages/airflow/example_dags/tutorial_dag.py
[2026-05-15T18:50:53.518+0000] {processor.py:925} INFO - DAG(s) 'tutorial_dag' retrieved from /usr/local/python/3.12.1/lib/python3.12/site-packages/airflow/example_dags/tutorial_dag.py
[2026-05-15T18:50:53.531+0000] {logging_mixin.py:190} INFO - [2026-05-15T18:50:53.531+0000] {dag.py:3239} INFO - Sync 1 DAGs
[2026-05-15T18:50:53.541+0000] {logging_mixin.py:190} INFO - [2026-05-15T18:50:53.541+0000] {dag.py:4180} INFO - Setting next_dagrun for tutorial_dag to None, run_after=None
[2026-05-15T18:50:53.558+0000] {processor.py:208} INFO - Processing /usr/local/python/3.12.1/lib/python3.12/site-packages/airflow/example_dags/tutorial_dag.py took 0.061 seconds
[2026-05-15T18:51:52.892+0000] {processor.py:186} INFO - Started process (PID=117193) to work on /usr/local/python/3.12.1/lib/python3.12/site-packages/airflow/example_dags/tutorial_dag.py
[2026-05-15T18:51:52.893+0000] {processor.py:914} INFO - Processing file /usr/local/python/3.12.1/lib/python3.12/site-packages/airflow/example_dags/tutorial_dag.py for tasks to queue
[2026-05-15T18:51:52.895+0000] {logging_mixin.py:190} INFO - [2026-05-15T18:51:52.895+0000] {dagbag.py:588} INFO - Filling up the DagBag from /usr/local/python/3.12.1/lib/python3.12/site-packages/airflow/example_dags/tutorial_dag.py
[2026-05-15T18:51:52.902+0000] {processor.py:925} INFO - DAG(s) 'tutorial_dag' retrieved from /usr/local/python/3.12.1/lib/python3.12/site-packages/airflow/example_dags/tutorial_dag.py
[2026-05-15T18:51:52.914+0000] {logging_mixin.py:190} INFO - [2026-05-15T18:51:52.914+0000] {dag.py:3239} INFO - Sync 1 DAGs
[2026-05-15T18:51:52.924+0000] {logging_mixin.py:190} INFO - [2026-05-15T18:51:52.924+0000] {dag.py:4180} INFO - Setting next_dagrun for tutorial_dag to None, run_after=None
[2026-05-15T18:51:52.940+0000] {processor.py:208} INFO - Processing /usr/local/python/3.12.1/lib/python3.12/site-packages/airflow/example_dags/tutorial_dag.py took 0.054 seconds
[2026-05-15T18:52:50.134+0000] {processor.py:186} INFO - Started process (PID=117627) to work on /usr/local/python/3.12.1/lib/python3.12/site-packages/airflow/example_dags/tutorial_dag.py
[2026-05-15T18:52:50.135+0000] {processor.py:914} INFO - Processing file /usr/local/python/3.12.1/lib/python3.12/site-packages/airflow/example_dags/tutorial_dag.py for tasks to queue
[2026-05-15T18:52:50.137+0000] {logging_mixin.py:190} INFO - [2026-05-15T18:52:50.136+0000] {dagbag.py:588} INFO - Filling up the DagBag from /usr/local/python/3.12.1/lib/python3.12/site-packages/airflow/example_dags/tutorial_dag.py
[2026-05-15T18:52:50.143+0000] {processor.py:925} INFO - DAG(s) 'tutorial_dag' retrieved from /usr/local/python/3.12.1/lib/python3.12/site-packages/airflow/example_dags/tutorial_dag.py
[2026-05-15T18:52:50.155+0000] {logging_mixin.py:190} INFO - [2026-05-15T18:52:50.155+0000] {dag.py:3239} INFO - Sync 1 DAGs
[2026-05-15T18:52:50.165+0000] {logging_mixin.py:190} INFO - [2026-05-15T18:52:50.165+0000] {dag.py:4180} INFO - Setting next_dagrun for tutorial_dag to None, run_after=None
[2026-05-15T18:52:50.184+0000] {processor.py:208} INFO - Processing /usr/local/python/3.12.1/lib/python3.12/site-packages/airflow/example_dags/tutorial_dag.py took 0.055 seconds
[2026-05-15T18:53:49.541+0000] {processor.py:186} INFO - Started process (PID=118083) to work on /usr/local/python/3.12.1/lib/python3.12/site-packages/airflow/example_dags/tutorial_dag.py
[2026-05-15T18:53:49.541+0000] {processor.py:914} INFO - Processing file /usr/local/python/3.12.1/lib/python3.12/site-packages/airflow/example_dags/tutorial_dag.py for tasks to queue
[2026-05-15T18:53:49.543+0000] {logging_mixin.py:190} INFO - [2026-05-15T18:53:49.543+0000] {dagbag.py:588} INFO - Filling up the DagBag from /usr/local/python/3.12.1/lib/python3.12/site-packages/airflow/example_dags/tutorial_dag.py
[2026-05-15T18:53:49.549+0000] {processor.py:925} INFO - DAG(s) 'tutorial_dag' retrieved from /usr/local/python/3.12.1/lib/python3.12/site-packages/airflow/example_dags/tutorial_dag.py
[2026-05-15T18:53:49.562+0000] {logging_mixin.py:190} INFO - [2026-05-15T18:53:49.562+0000] {dag.py:3239} INFO - Sync 1 DAGs
[2026-05-15T18:53:49.572+0000] {logging_mixin.py:190} INFO - [2026-05-15T18:53:49.572+0000] {dag.py:4180} INFO - Setting next_dagrun for tutorial_dag to None, run_after=None
[2026-05-15T18:53:49.592+0000] {processor.py:208} INFO - Processing /usr/local/python/3.12.1/lib/python3.12/site-packages/airflow/example_dags/tutorial_dag.py took 0.057 seconds
