[2026-05-15T17:34:28.890+0000] {processor.py:186} INFO - Started process (PID=75163) to work on /workspaces/meu-primeiro-etl-airflow/dags/pipeline_etl_pratica.py
[2026-05-15T17:34:28.891+0000] {processor.py:914} INFO - Processing file /workspaces/meu-primeiro-etl-airflow/dags/pipeline_etl_pratica.py for tasks to queue
[2026-05-15T17:34:28.892+0000] {logging_mixin.py:190} INFO - [2026-05-15T17:34:28.892+0000] {dagbag.py:588} INFO - Filling up the DagBag from /workspaces/meu-primeiro-etl-airflow/dags/pipeline_etl_pratica.py
[2026-05-15T17:34:28.903+0000] {processor.py:925} INFO - DAG(s) 'pipeline_etl_pratica' retrieved from /workspaces/meu-primeiro-etl-airflow/dags/pipeline_etl_pratica.py
[2026-05-15T17:34:28.921+0000] {logging_mixin.py:190} INFO - [2026-05-15T17:34:28.921+0000] {dag.py:3239} INFO - Sync 1 DAGs
[2026-05-15T17:34:28.937+0000] {logging_mixin.py:190} INFO - [2026-05-15T17:34:28.937+0000] {dag.py:4180} INFO - Setting next_dagrun for pipeline_etl_pratica to 2026-05-15 00:00:00+00:00, run_after=2026-05-16 00:00:00+00:00
[2026-05-15T17:34:28.956+0000] {processor.py:208} INFO - Processing /workspaces/meu-primeiro-etl-airflow/dags/pipeline_etl_pratica.py took 0.072 seconds
[2026-05-15T17:35:38.452+0000] {processor.py:186} INFO - Started process (PID=75914) to work on /workspaces/meu-primeiro-etl-airflow/dags/pipeline_etl_pratica.py
[2026-05-15T17:35:38.455+0000] {processor.py:914} INFO - Processing file /workspaces/meu-primeiro-etl-airflow/dags/pipeline_etl_pratica.py for tasks to queue
[2026-05-15T17:35:38.459+0000] {logging_mixin.py:190} INFO - [2026-05-15T17:35:38.458+0000] {dagbag.py:588} INFO - Filling up the DagBag from /workspaces/meu-primeiro-etl-airflow/dags/pipeline_etl_pratica.py
[2026-05-15T17:35:38.499+0000] {processor.py:925} INFO - DAG(s) 'pipeline_etl_pratica' retrieved from /workspaces/meu-primeiro-etl-airflow/dags/pipeline_etl_pratica.py
[2026-05-15T17:35:38.549+0000] {logging_mixin.py:190} INFO - [2026-05-15T17:35:38.549+0000] {dag.py:3239} INFO - Sync 1 DAGs
[2026-05-15T17:35:38.583+0000] {logging_mixin.py:190} INFO - [2026-05-15T17:35:38.582+0000] {dag.py:4180} INFO - Setting next_dagrun for pipeline_etl_pratica to 2026-05-15 00:00:00+00:00, run_after=2026-05-16 00:00:00+00:00
[2026-05-15T17:35:38.639+0000] {processor.py:208} INFO - Processing /workspaces/meu-primeiro-etl-airflow/dags/pipeline_etl_pratica.py took 0.205 seconds
[2026-05-15T17:36:43.040+0000] {processor.py:186} INFO - Started process (PID=76554) to work on /workspaces/meu-primeiro-etl-airflow/dags/pipeline_etl_pratica.py
[2026-05-15T17:36:43.041+0000] {processor.py:914} INFO - Processing file /workspaces/meu-primeiro-etl-airflow/dags/pipeline_etl_pratica.py for tasks to queue
[2026-05-15T17:36:43.043+0000] {logging_mixin.py:190} INFO - [2026-05-15T17:36:43.042+0000] {dagbag.py:588} INFO - Filling up the DagBag from /workspaces/meu-primeiro-etl-airflow/dags/pipeline_etl_pratica.py
[2026-05-15T17:36:43.051+0000] {processor.py:925} INFO - DAG(s) 'pipeline_etl_pratica' retrieved from /workspaces/meu-primeiro-etl-airflow/dags/pipeline_etl_pratica.py
[2026-05-15T17:36:43.063+0000] {logging_mixin.py:190} INFO - [2026-05-15T17:36:43.063+0000] {dag.py:3239} INFO - Sync 1 DAGs
[2026-05-15T17:36:43.087+0000] {logging_mixin.py:190} INFO - [2026-05-15T17:36:43.087+0000] {dag.py:4180} INFO - Setting next_dagrun for pipeline_etl_pratica to 2026-05-15 00:00:00+00:00, run_after=2026-05-16 00:00:00+00:00
[2026-05-15T17:36:43.106+0000] {processor.py:208} INFO - Processing /workspaces/meu-primeiro-etl-airflow/dags/pipeline_etl_pratica.py took 0.070 seconds
[2026-05-15T17:37:43.258+0000] {processor.py:186} INFO - Started process (PID=77172) to work on /workspaces/meu-primeiro-etl-airflow/dags/pipeline_etl_pratica.py
[2026-05-15T17:37:43.259+0000] {processor.py:914} INFO - Processing file /workspaces/meu-primeiro-etl-airflow/dags/pipeline_etl_pratica.py for tasks to queue
[2026-05-15T17:37:43.262+0000] {logging_mixin.py:190} INFO - [2026-05-15T17:37:43.261+0000] {dagbag.py:588} INFO - Filling up the DagBag from /workspaces/meu-primeiro-etl-airflow/dags/pipeline_etl_pratica.py
[2026-05-15T17:37:43.275+0000] {processor.py:925} INFO - DAG(s) 'pipeline_etl_pratica' retrieved from /workspaces/meu-primeiro-etl-airflow/dags/pipeline_etl_pratica.py
[2026-05-15T17:37:43.305+0000] {logging_mixin.py:190} INFO - [2026-05-15T17:37:43.305+0000] {dag.py:3239} INFO - Sync 1 DAGs
[2026-05-15T17:37:43.356+0000] {logging_mixin.py:190} INFO - [2026-05-15T17:37:43.356+0000] {dag.py:4180} INFO - Setting next_dagrun for pipeline_etl_pratica to 2026-05-15 00:00:00+00:00, run_after=2026-05-16 00:00:00+00:00
[2026-05-15T17:37:43.386+0000] {processor.py:208} INFO - Processing /workspaces/meu-primeiro-etl-airflow/dags/pipeline_etl_pratica.py took 0.137 seconds
[2026-05-15T17:38:44.140+0000] {processor.py:186} INFO - Started process (PID=77857) to work on /workspaces/meu-primeiro-etl-airflow/dags/pipeline_etl_pratica.py
[2026-05-15T17:38:44.141+0000] {processor.py:914} INFO - Processing file /workspaces/meu-primeiro-etl-airflow/dags/pipeline_etl_pratica.py for tasks to queue
[2026-05-15T17:38:44.143+0000] {logging_mixin.py:190} INFO - [2026-05-15T17:38:44.142+0000] {dagbag.py:588} INFO - Filling up the DagBag from /workspaces/meu-primeiro-etl-airflow/dags/pipeline_etl_pratica.py
[2026-05-15T17:38:44.151+0000] {processor.py:925} INFO - DAG(s) 'pipeline_etl_pratica' retrieved from /workspaces/meu-primeiro-etl-airflow/dags/pipeline_etl_pratica.py
[2026-05-15T17:38:44.163+0000] {logging_mixin.py:190} INFO - [2026-05-15T17:38:44.163+0000] {dag.py:3239} INFO - Sync 1 DAGs
[2026-05-15T17:38:44.186+0000] {logging_mixin.py:190} INFO - [2026-05-15T17:38:44.186+0000] {dag.py:4180} INFO - Setting next_dagrun for pipeline_etl_pratica to 2026-05-15 00:00:00+00:00, run_after=2026-05-16 00:00:00+00:00
[2026-05-15T17:38:44.206+0000] {processor.py:208} INFO - Processing /workspaces/meu-primeiro-etl-airflow/dags/pipeline_etl_pratica.py took 0.071 seconds
[2026-05-15T17:39:51.699+0000] {processor.py:186} INFO - Started process (PID=78739) to work on /workspaces/meu-primeiro-etl-airflow/dags/pipeline_etl_pratica.py
[2026-05-15T17:39:51.700+0000] {processor.py:914} INFO - Processing file /workspaces/meu-primeiro-etl-airflow/dags/pipeline_etl_pratica.py for tasks to queue
[2026-05-15T17:39:51.701+0000] {logging_mixin.py:190} INFO - [2026-05-15T17:39:51.701+0000] {dagbag.py:588} INFO - Filling up the DagBag from /workspaces/meu-primeiro-etl-airflow/dags/pipeline_etl_pratica.py
[2026-05-15T17:39:51.709+0000] {processor.py:925} INFO - DAG(s) 'pipeline_etl_pratica' retrieved from /workspaces/meu-primeiro-etl-airflow/dags/pipeline_etl_pratica.py
[2026-05-15T17:39:51.721+0000] {logging_mixin.py:190} INFO - [2026-05-15T17:39:51.721+0000] {dag.py:3239} INFO - Sync 1 DAGs
[2026-05-15T17:39:51.738+0000] {logging_mixin.py:190} INFO - [2026-05-15T17:39:51.738+0000] {dag.py:4180} INFO - Setting next_dagrun for pipeline_etl_pratica to 2026-05-15 00:00:00+00:00, run_after=2026-05-16 00:00:00+00:00
[2026-05-15T17:39:51.758+0000] {processor.py:208} INFO - Processing /workspaces/meu-primeiro-etl-airflow/dags/pipeline_etl_pratica.py took 0.063 seconds
[2026-05-15T17:40:51.902+0000] {processor.py:186} INFO - Started process (PID=79351) to work on /workspaces/meu-primeiro-etl-airflow/dags/pipeline_etl_pratica.py
[2026-05-15T17:40:51.903+0000] {processor.py:914} INFO - Processing file /workspaces/meu-primeiro-etl-airflow/dags/pipeline_etl_pratica.py for tasks to queue
[2026-05-15T17:40:51.905+0000] {logging_mixin.py:190} INFO - [2026-05-15T17:40:51.905+0000] {dagbag.py:588} INFO - Filling up the DagBag from /workspaces/meu-primeiro-etl-airflow/dags/pipeline_etl_pratica.py
[2026-05-15T17:40:51.915+0000] {processor.py:925} INFO - DAG(s) 'pipeline_etl_pratica' retrieved from /workspaces/meu-primeiro-etl-airflow/dags/pipeline_etl_pratica.py
[2026-05-15T17:40:51.927+0000] {logging_mixin.py:190} INFO - [2026-05-15T17:40:51.927+0000] {dag.py:3239} INFO - Sync 1 DAGs
[2026-05-15T17:40:51.944+0000] {logging_mixin.py:190} INFO - [2026-05-15T17:40:51.944+0000] {dag.py:4180} INFO - Setting next_dagrun for pipeline_etl_pratica to 2026-05-15 00:00:00+00:00, run_after=2026-05-16 00:00:00+00:00
[2026-05-15T17:40:51.960+0000] {processor.py:208} INFO - Processing /workspaces/meu-primeiro-etl-airflow/dags/pipeline_etl_pratica.py took 0.063 seconds
[2026-05-15T17:41:27.015+0000] {processor.py:186} INFO - Started process (PID=79667) to work on /workspaces/meu-primeiro-etl-airflow/dags/pipeline_etl_pratica.py
[2026-05-15T17:41:27.015+0000] {processor.py:914} INFO - Processing file /workspaces/meu-primeiro-etl-airflow/dags/pipeline_etl_pratica.py for tasks to queue
[2026-05-15T17:41:27.017+0000] {logging_mixin.py:190} INFO - [2026-05-15T17:41:27.017+0000] {dagbag.py:588} INFO - Filling up the DagBag from /workspaces/meu-primeiro-etl-airflow/dags/pipeline_etl_pratica.py
[2026-05-15T17:41:27.025+0000] {processor.py:925} INFO - DAG(s) 'pipeline_etl_pratica' retrieved from /workspaces/meu-primeiro-etl-airflow/dags/pipeline_etl_pratica.py
[2026-05-15T17:41:27.037+0000] {logging_mixin.py:190} INFO - [2026-05-15T17:41:27.037+0000] {dag.py:3239} INFO - Sync 1 DAGs
[2026-05-15T17:41:27.053+0000] {logging_mixin.py:190} INFO - [2026-05-15T17:41:27.053+0000] {dag.py:4180} INFO - Setting next_dagrun for pipeline_etl_pratica to 2026-05-15 00:00:00+00:00, run_after=2026-05-16 00:00:00+00:00
[2026-05-15T17:41:27.070+0000] {processor.py:208} INFO - Processing /workspaces/meu-primeiro-etl-airflow/dags/pipeline_etl_pratica.py took 0.060 seconds
[2026-05-15T17:42:27.500+0000] {processor.py:186} INFO - Started process (PID=80270) to work on /workspaces/meu-primeiro-etl-airflow/dags/pipeline_etl_pratica.py
[2026-05-15T17:42:27.501+0000] {processor.py:914} INFO - Processing file /workspaces/meu-primeiro-etl-airflow/dags/pipeline_etl_pratica.py for tasks to queue
[2026-05-15T17:42:27.502+0000] {logging_mixin.py:190} INFO - [2026-05-15T17:42:27.502+0000] {dagbag.py:588} INFO - Filling up the DagBag from /workspaces/meu-primeiro-etl-airflow/dags/pipeline_etl_pratica.py
[2026-05-15T17:42:27.510+0000] {processor.py:925} INFO - DAG(s) 'pipeline_etl_pratica' retrieved from /workspaces/meu-primeiro-etl-airflow/dags/pipeline_etl_pratica.py
[2026-05-15T17:42:27.522+0000] {logging_mixin.py:190} INFO - [2026-05-15T17:42:27.522+0000] {dag.py:3239} INFO - Sync 1 DAGs
[2026-05-15T17:42:27.543+0000] {logging_mixin.py:190} INFO - [2026-05-15T17:42:27.543+0000] {dag.py:4180} INFO - Setting next_dagrun for pipeline_etl_pratica to 2026-05-15 00:00:00+00:00, run_after=2026-05-16 00:00:00+00:00
[2026-05-15T17:42:27.560+0000] {processor.py:208} INFO - Processing /workspaces/meu-primeiro-etl-airflow/dags/pipeline_etl_pratica.py took 0.064 seconds
[2026-05-15T17:43:32.649+0000] {processor.py:186} INFO - Started process (PID=80921) to work on /workspaces/meu-primeiro-etl-airflow/dags/pipeline_etl_pratica.py
[2026-05-15T17:43:32.649+0000] {processor.py:914} INFO - Processing file /workspaces/meu-primeiro-etl-airflow/dags/pipeline_etl_pratica.py for tasks to queue
[2026-05-15T17:43:32.651+0000] {logging_mixin.py:190} INFO - [2026-05-15T17:43:32.651+0000] {dagbag.py:588} INFO - Filling up the DagBag from /workspaces/meu-primeiro-etl-airflow/dags/pipeline_etl_pratica.py
[2026-05-15T17:43:32.659+0000] {processor.py:925} INFO - DAG(s) 'pipeline_etl_pratica' retrieved from /workspaces/meu-primeiro-etl-airflow/dags/pipeline_etl_pratica.py
[2026-05-15T17:43:32.671+0000] {logging_mixin.py:190} INFO - [2026-05-15T17:43:32.670+0000] {dag.py:3239} INFO - Sync 1 DAGs
[2026-05-15T17:43:32.693+0000] {logging_mixin.py:190} INFO - [2026-05-15T17:43:32.692+0000] {dag.py:4180} INFO - Setting next_dagrun for pipeline_etl_pratica to 2026-05-15 00:00:00+00:00, run_after=2026-05-16 00:00:00+00:00
[2026-05-15T17:43:32.709+0000] {processor.py:208} INFO - Processing /workspaces/meu-primeiro-etl-airflow/dags/pipeline_etl_pratica.py took 0.064 seconds
[2026-05-15T17:44:32.017+0000] {processor.py:186} INFO - Started process (PID=81596) to work on /workspaces/meu-primeiro-etl-airflow/dags/pipeline_etl_pratica.py
[2026-05-15T17:44:32.018+0000] {processor.py:914} INFO - Processing file /workspaces/meu-primeiro-etl-airflow/dags/pipeline_etl_pratica.py for tasks to queue
[2026-05-15T17:44:32.020+0000] {logging_mixin.py:190} INFO - [2026-05-15T17:44:32.019+0000] {dagbag.py:588} INFO - Filling up the DagBag from /workspaces/meu-primeiro-etl-airflow/dags/pipeline_etl_pratica.py
[2026-05-15T17:44:32.029+0000] {processor.py:925} INFO - DAG(s) 'pipeline_etl_pratica' retrieved from /workspaces/meu-primeiro-etl-airflow/dags/pipeline_etl_pratica.py
[2026-05-15T17:44:32.044+0000] {logging_mixin.py:190} INFO - [2026-05-15T17:44:32.043+0000] {dag.py:3239} INFO - Sync 1 DAGs
[2026-05-15T17:44:32.060+0000] {logging_mixin.py:190} INFO - [2026-05-15T17:44:32.060+0000] {dag.py:4180} INFO - Setting next_dagrun for pipeline_etl_pratica to 2026-05-15 00:00:00+00:00, run_after=2026-05-16 00:00:00+00:00
[2026-05-15T17:44:32.082+0000] {processor.py:208} INFO - Processing /workspaces/meu-primeiro-etl-airflow/dags/pipeline_etl_pratica.py took 0.069 seconds
[2026-05-15T17:45:09.056+0000] {processor.py:186} INFO - Started process (PID=82059) to work on /workspaces/meu-primeiro-etl-airflow/dags/pipeline_etl_pratica.py
[2026-05-15T17:45:09.056+0000] {processor.py:914} INFO - Processing file /workspaces/meu-primeiro-etl-airflow/dags/pipeline_etl_pratica.py for tasks to queue
[2026-05-15T17:45:09.058+0000] {logging_mixin.py:190} INFO - [2026-05-15T17:45:09.058+0000] {dagbag.py:588} INFO - Filling up the DagBag from /workspaces/meu-primeiro-etl-airflow/dags/pipeline_etl_pratica.py
[2026-05-15T17:45:09.066+0000] {processor.py:925} INFO - DAG(s) 'pipeline_etl_pratica' retrieved from /workspaces/meu-primeiro-etl-airflow/dags/pipeline_etl_pratica.py
[2026-05-15T17:45:09.080+0000] {logging_mixin.py:190} INFO - [2026-05-15T17:45:09.080+0000] {dag.py:3239} INFO - Sync 1 DAGs
[2026-05-15T17:45:09.102+0000] {logging_mixin.py:190} INFO - [2026-05-15T17:45:09.101+0000] {dag.py:4180} INFO - Setting next_dagrun for pipeline_etl_pratica to 2026-05-15 00:00:00+00:00, run_after=2026-05-16 00:00:00+00:00
[2026-05-15T17:45:09.124+0000] {processor.py:208} INFO - Processing /workspaces/meu-primeiro-etl-airflow/dags/pipeline_etl_pratica.py took 0.073 seconds
[2026-05-15T17:45:43.029+0000] {processor.py:186} INFO - Started process (PID=82371) to work on /workspaces/meu-primeiro-etl-airflow/dags/pipeline_etl_pratica.py
[2026-05-15T17:45:43.030+0000] {processor.py:914} INFO - Processing file /workspaces/meu-primeiro-etl-airflow/dags/pipeline_etl_pratica.py for tasks to queue
[2026-05-15T17:45:43.033+0000] {logging_mixin.py:190} INFO - [2026-05-15T17:45:43.032+0000] {dagbag.py:588} INFO - Filling up the DagBag from /workspaces/meu-primeiro-etl-airflow/dags/pipeline_etl_pratica.py
[2026-05-15T17:45:43.049+0000] {processor.py:925} INFO - DAG(s) 'pipeline_etl_pratica' retrieved from /workspaces/meu-primeiro-etl-airflow/dags/pipeline_etl_pratica.py
[2026-05-15T17:45:43.072+0000] {logging_mixin.py:190} INFO - [2026-05-15T17:45:43.071+0000] {dag.py:3239} INFO - Sync 1 DAGs
[2026-05-15T17:45:43.113+0000] {logging_mixin.py:190} INFO - [2026-05-15T17:45:43.113+0000] {dag.py:4180} INFO - Setting next_dagrun for pipeline_etl_pratica to 2026-05-15 00:00:00+00:00, run_after=2026-05-16 00:00:00+00:00
[2026-05-15T17:45:43.161+0000] {processor.py:208} INFO - Processing /workspaces/meu-primeiro-etl-airflow/dags/pipeline_etl_pratica.py took 0.156 seconds
[2026-05-15T17:46:43.702+0000] {processor.py:186} INFO - Started process (PID=82987) to work on /workspaces/meu-primeiro-etl-airflow/dags/pipeline_etl_pratica.py
[2026-05-15T17:46:43.704+0000] {processor.py:914} INFO - Processing file /workspaces/meu-primeiro-etl-airflow/dags/pipeline_etl_pratica.py for tasks to queue
[2026-05-15T17:46:43.707+0000] {logging_mixin.py:190} INFO - [2026-05-15T17:46:43.707+0000] {dagbag.py:588} INFO - Filling up the DagBag from /workspaces/meu-primeiro-etl-airflow/dags/pipeline_etl_pratica.py
[2026-05-15T17:46:43.721+0000] {processor.py:925} INFO - DAG(s) 'pipeline_etl_pratica' retrieved from /workspaces/meu-primeiro-etl-airflow/dags/pipeline_etl_pratica.py
[2026-05-15T17:46:43.743+0000] {logging_mixin.py:190} INFO - [2026-05-15T17:46:43.742+0000] {dag.py:3239} INFO - Sync 1 DAGs
[2026-05-15T17:46:43.760+0000] {logging_mixin.py:190} INFO - [2026-05-15T17:46:43.760+0000] {dag.py:4180} INFO - Setting next_dagrun for pipeline_etl_pratica to 2026-05-15 00:00:00+00:00, run_after=2026-05-16 00:00:00+00:00
[2026-05-15T17:46:43.778+0000] {processor.py:208} INFO - Processing /workspaces/meu-primeiro-etl-airflow/dags/pipeline_etl_pratica.py took 0.084 seconds
[2026-05-15T17:47:46.491+0000] {processor.py:186} INFO - Started process (PID=83651) to work on /workspaces/meu-primeiro-etl-airflow/dags/pipeline_etl_pratica.py
[2026-05-15T17:47:46.492+0000] {processor.py:914} INFO - Processing file /workspaces/meu-primeiro-etl-airflow/dags/pipeline_etl_pratica.py for tasks to queue
[2026-05-15T17:47:46.495+0000] {logging_mixin.py:190} INFO - [2026-05-15T17:47:46.494+0000] {dagbag.py:588} INFO - Filling up the DagBag from /workspaces/meu-primeiro-etl-airflow/dags/pipeline_etl_pratica.py
[2026-05-15T17:47:46.507+0000] {processor.py:925} INFO - DAG(s) 'pipeline_etl_pratica' retrieved from /workspaces/meu-primeiro-etl-airflow/dags/pipeline_etl_pratica.py
[2026-05-15T17:47:46.519+0000] {logging_mixin.py:190} INFO - [2026-05-15T17:47:46.519+0000] {dag.py:3239} INFO - Sync 1 DAGs
[2026-05-15T17:47:46.536+0000] {logging_mixin.py:190} INFO - [2026-05-15T17:47:46.536+0000] {dag.py:4180} INFO - Setting next_dagrun for pipeline_etl_pratica to 2026-05-15 00:00:00+00:00, run_after=2026-05-16 00:00:00+00:00
[2026-05-15T17:47:46.553+0000] {processor.py:208} INFO - Processing /workspaces/meu-primeiro-etl-airflow/dags/pipeline_etl_pratica.py took 0.071 seconds
[2026-05-15T17:48:46.536+0000] {processor.py:186} INFO - Started process (PID=84306) to work on /workspaces/meu-primeiro-etl-airflow/dags/pipeline_etl_pratica.py
[2026-05-15T17:48:46.537+0000] {processor.py:914} INFO - Processing file /workspaces/meu-primeiro-etl-airflow/dags/pipeline_etl_pratica.py for tasks to queue
[2026-05-15T17:48:46.538+0000] {logging_mixin.py:190} INFO - [2026-05-15T17:48:46.538+0000] {dagbag.py:588} INFO - Filling up the DagBag from /workspaces/meu-primeiro-etl-airflow/dags/pipeline_etl_pratica.py
[2026-05-15T17:48:46.547+0000] {processor.py:925} INFO - DAG(s) 'pipeline_etl_pratica' retrieved from /workspaces/meu-primeiro-etl-airflow/dags/pipeline_etl_pratica.py
[2026-05-15T17:48:46.560+0000] {logging_mixin.py:190} INFO - [2026-05-15T17:48:46.560+0000] {dag.py:3239} INFO - Sync 1 DAGs
[2026-05-15T17:48:46.579+0000] {logging_mixin.py:190} INFO - [2026-05-15T17:48:46.579+0000] {dag.py:4180} INFO - Setting next_dagrun for pipeline_etl_pratica to 2026-05-15 00:00:00+00:00, run_after=2026-05-16 00:00:00+00:00
[2026-05-15T17:48:46.599+0000] {processor.py:208} INFO - Processing /workspaces/meu-primeiro-etl-airflow/dags/pipeline_etl_pratica.py took 0.067 seconds
[2026-05-15T17:49:47.110+0000] {processor.py:186} INFO - Started process (PID=84960) to work on /workspaces/meu-primeiro-etl-airflow/dags/pipeline_etl_pratica.py
[2026-05-15T17:49:47.111+0000] {processor.py:914} INFO - Processing file /workspaces/meu-primeiro-etl-airflow/dags/pipeline_etl_pratica.py for tasks to queue
[2026-05-15T17:49:47.112+0000] {logging_mixin.py:190} INFO - [2026-05-15T17:49:47.112+0000] {dagbag.py:588} INFO - Filling up the DagBag from /workspaces/meu-primeiro-etl-airflow/dags/pipeline_etl_pratica.py
[2026-05-15T17:49:47.121+0000] {processor.py:925} INFO - DAG(s) 'pipeline_etl_pratica' retrieved from /workspaces/meu-primeiro-etl-airflow/dags/pipeline_etl_pratica.py
[2026-05-15T17:49:47.134+0000] {logging_mixin.py:190} INFO - [2026-05-15T17:49:47.133+0000] {dag.py:3239} INFO - Sync 1 DAGs
[2026-05-15T17:49:47.152+0000] {logging_mixin.py:190} INFO - [2026-05-15T17:49:47.151+0000] {dag.py:4180} INFO - Setting next_dagrun for pipeline_etl_pratica to 2026-05-15 00:00:00+00:00, run_after=2026-05-16 00:00:00+00:00
[2026-05-15T17:49:47.171+0000] {processor.py:208} INFO - Processing /workspaces/meu-primeiro-etl-airflow/dags/pipeline_etl_pratica.py took 0.066 seconds
[2026-05-15T17:50:51.022+0000] {processor.py:186} INFO - Started process (PID=85645) to work on /workspaces/meu-primeiro-etl-airflow/dags/pipeline_etl_pratica.py
[2026-05-15T17:50:51.023+0000] {processor.py:914} INFO - Processing file /workspaces/meu-primeiro-etl-airflow/dags/pipeline_etl_pratica.py for tasks to queue
[2026-05-15T17:50:51.025+0000] {logging_mixin.py:190} INFO - [2026-05-15T17:50:51.025+0000] {dagbag.py:588} INFO - Filling up the DagBag from /workspaces/meu-primeiro-etl-airflow/dags/pipeline_etl_pratica.py
[2026-05-15T17:50:51.038+0000] {processor.py:925} INFO - DAG(s) 'pipeline_etl_pratica' retrieved from /workspaces/meu-primeiro-etl-airflow/dags/pipeline_etl_pratica.py
[2026-05-15T17:50:51.054+0000] {logging_mixin.py:190} INFO - [2026-05-15T17:50:51.054+0000] {dag.py:3239} INFO - Sync 1 DAGs
[2026-05-15T17:50:51.079+0000] {logging_mixin.py:190} INFO - [2026-05-15T17:50:51.079+0000] {dag.py:4180} INFO - Setting next_dagrun for pipeline_etl_pratica to 2026-05-15 00:00:00+00:00, run_after=2026-05-16 00:00:00+00:00
[2026-05-15T17:50:51.145+0000] {processor.py:208} INFO - Processing /workspaces/meu-primeiro-etl-airflow/dags/pipeline_etl_pratica.py took 0.129 seconds
[2026-05-15T17:51:51.313+0000] {processor.py:186} INFO - Started process (PID=86258) to work on /workspaces/meu-primeiro-etl-airflow/dags/pipeline_etl_pratica.py
[2026-05-15T17:51:51.315+0000] {processor.py:914} INFO - Processing file /workspaces/meu-primeiro-etl-airflow/dags/pipeline_etl_pratica.py for tasks to queue
[2026-05-15T17:51:51.317+0000] {logging_mixin.py:190} INFO - [2026-05-15T17:51:51.317+0000] {dagbag.py:588} INFO - Filling up the DagBag from /workspaces/meu-primeiro-etl-airflow/dags/pipeline_etl_pratica.py
[2026-05-15T17:51:51.329+0000] {processor.py:925} INFO - DAG(s) 'pipeline_etl_pratica' retrieved from /workspaces/meu-primeiro-etl-airflow/dags/pipeline_etl_pratica.py
[2026-05-15T17:51:51.348+0000] {logging_mixin.py:190} INFO - [2026-05-15T17:51:51.347+0000] {dag.py:3239} INFO - Sync 1 DAGs
[2026-05-15T17:51:51.376+0000] {logging_mixin.py:190} INFO - [2026-05-15T17:51:51.376+0000] {dag.py:4180} INFO - Setting next_dagrun for pipeline_etl_pratica to 2026-05-15 00:00:00+00:00, run_after=2026-05-16 00:00:00+00:00
[2026-05-15T17:51:51.398+0000] {processor.py:208} INFO - Processing /workspaces/meu-primeiro-etl-airflow/dags/pipeline_etl_pratica.py took 0.094 seconds
[2026-05-15T17:52:50.210+0000] {processor.py:186} INFO - Started process (PID=86835) to work on /workspaces/meu-primeiro-etl-airflow/dags/pipeline_etl_pratica.py
[2026-05-15T17:52:50.211+0000] {processor.py:914} INFO - Processing file /workspaces/meu-primeiro-etl-airflow/dags/pipeline_etl_pratica.py for tasks to queue
[2026-05-15T17:52:50.212+0000] {logging_mixin.py:190} INFO - [2026-05-15T17:52:50.212+0000] {dagbag.py:588} INFO - Filling up the DagBag from /workspaces/meu-primeiro-etl-airflow/dags/pipeline_etl_pratica.py
[2026-05-15T17:52:50.220+0000] {processor.py:925} INFO - DAG(s) 'pipeline_etl_pratica' retrieved from /workspaces/meu-primeiro-etl-airflow/dags/pipeline_etl_pratica.py
[2026-05-15T17:52:50.232+0000] {logging_mixin.py:190} INFO - [2026-05-15T17:52:50.232+0000] {dag.py:3239} INFO - Sync 1 DAGs
[2026-05-15T17:52:50.250+0000] {logging_mixin.py:190} INFO - [2026-05-15T17:52:50.250+0000] {dag.py:4180} INFO - Setting next_dagrun for pipeline_etl_pratica to 2026-05-15 00:00:00+00:00, run_after=2026-05-16 00:00:00+00:00
[2026-05-15T17:52:50.267+0000] {processor.py:208} INFO - Processing /workspaces/meu-primeiro-etl-airflow/dags/pipeline_etl_pratica.py took 0.061 seconds
[2026-05-15T17:53:50.505+0000] {processor.py:186} INFO - Started process (PID=87441) to work on /workspaces/meu-primeiro-etl-airflow/dags/pipeline_etl_pratica.py
[2026-05-15T17:53:50.506+0000] {processor.py:914} INFO - Processing file /workspaces/meu-primeiro-etl-airflow/dags/pipeline_etl_pratica.py for tasks to queue
[2026-05-15T17:53:50.508+0000] {logging_mixin.py:190} INFO - [2026-05-15T17:53:50.507+0000] {dagbag.py:588} INFO - Filling up the DagBag from /workspaces/meu-primeiro-etl-airflow/dags/pipeline_etl_pratica.py
[2026-05-15T17:53:50.516+0000] {processor.py:925} INFO - DAG(s) 'pipeline_etl_pratica' retrieved from /workspaces/meu-primeiro-etl-airflow/dags/pipeline_etl_pratica.py
[2026-05-15T17:53:50.528+0000] {logging_mixin.py:190} INFO - [2026-05-15T17:53:50.528+0000] {dag.py:3239} INFO - Sync 1 DAGs
[2026-05-15T17:53:50.548+0000] {logging_mixin.py:190} INFO - [2026-05-15T17:53:50.548+0000] {dag.py:4180} INFO - Setting next_dagrun for pipeline_etl_pratica to 2026-05-15 00:00:00+00:00, run_after=2026-05-16 00:00:00+00:00
[2026-05-15T17:53:50.565+0000] {processor.py:208} INFO - Processing /workspaces/meu-primeiro-etl-airflow/dags/pipeline_etl_pratica.py took 0.064 seconds
[2026-05-15T17:54:48.937+0000] {processor.py:186} INFO - Started process (PID=88050) to work on /workspaces/meu-primeiro-etl-airflow/dags/pipeline_etl_pratica.py
[2026-05-15T17:54:48.938+0000] {processor.py:914} INFO - Processing file /workspaces/meu-primeiro-etl-airflow/dags/pipeline_etl_pratica.py for tasks to queue
[2026-05-15T17:54:48.940+0000] {logging_mixin.py:190} INFO - [2026-05-15T17:54:48.940+0000] {dagbag.py:588} INFO - Filling up the DagBag from /workspaces/meu-primeiro-etl-airflow/dags/pipeline_etl_pratica.py
[2026-05-15T17:54:48.954+0000] {processor.py:925} INFO - DAG(s) 'pipeline_etl_pratica' retrieved from /workspaces/meu-primeiro-etl-airflow/dags/pipeline_etl_pratica.py
[2026-05-15T17:54:49.002+0000] {logging_mixin.py:190} INFO - [2026-05-15T17:54:49.002+0000] {dag.py:3239} INFO - Sync 1 DAGs
[2026-05-15T17:54:49.027+0000] {logging_mixin.py:190} INFO - [2026-05-15T17:54:49.027+0000] {dag.py:4180} INFO - Setting next_dagrun for pipeline_etl_pratica to 2026-05-15 00:00:00+00:00, run_after=2026-05-16 00:00:00+00:00
[2026-05-15T17:54:49.047+0000] {processor.py:208} INFO - Processing /workspaces/meu-primeiro-etl-airflow/dags/pipeline_etl_pratica.py took 0.116 seconds
[2026-05-15T17:55:49.539+0000] {processor.py:186} INFO - Started process (PID=88753) to work on /workspaces/meu-primeiro-etl-airflow/dags/pipeline_etl_pratica.py
[2026-05-15T17:55:49.540+0000] {processor.py:914} INFO - Processing file /workspaces/meu-primeiro-etl-airflow/dags/pipeline_etl_pratica.py for tasks to queue
[2026-05-15T17:55:49.543+0000] {logging_mixin.py:190} INFO - [2026-05-15T17:55:49.543+0000] {dagbag.py:588} INFO - Filling up the DagBag from /workspaces/meu-primeiro-etl-airflow/dags/pipeline_etl_pratica.py
[2026-05-15T17:55:49.554+0000] {processor.py:925} INFO - DAG(s) 'pipeline_etl_pratica' retrieved from /workspaces/meu-primeiro-etl-airflow/dags/pipeline_etl_pratica.py
[2026-05-15T17:55:49.578+0000] {logging_mixin.py:190} INFO - [2026-05-15T17:55:49.577+0000] {dag.py:3239} INFO - Sync 1 DAGs
[2026-05-15T17:55:49.603+0000] {logging_mixin.py:190} INFO - [2026-05-15T17:55:49.603+0000] {dag.py:4180} INFO - Setting next_dagrun for pipeline_etl_pratica to 2026-05-15 00:00:00+00:00, run_after=2026-05-16 00:00:00+00:00
[2026-05-15T17:55:49.628+0000] {processor.py:208} INFO - Processing /workspaces/meu-primeiro-etl-airflow/dags/pipeline_etl_pratica.py took 0.102 seconds
[2026-05-15T17:56:53.663+0000] {processor.py:186} INFO - Started process (PID=89422) to work on /workspaces/meu-primeiro-etl-airflow/dags/pipeline_etl_pratica.py
[2026-05-15T17:56:53.664+0000] {processor.py:914} INFO - Processing file /workspaces/meu-primeiro-etl-airflow/dags/pipeline_etl_pratica.py for tasks to queue
[2026-05-15T17:56:53.665+0000] {logging_mixin.py:190} INFO - [2026-05-15T17:56:53.665+0000] {dagbag.py:588} INFO - Filling up the DagBag from /workspaces/meu-primeiro-etl-airflow/dags/pipeline_etl_pratica.py
[2026-05-15T17:56:53.674+0000] {processor.py:925} INFO - DAG(s) 'pipeline_etl_pratica' retrieved from /workspaces/meu-primeiro-etl-airflow/dags/pipeline_etl_pratica.py
[2026-05-15T17:56:53.691+0000] {logging_mixin.py:190} INFO - [2026-05-15T17:56:53.691+0000] {dag.py:3239} INFO - Sync 1 DAGs
[2026-05-15T17:56:53.708+0000] {logging_mixin.py:190} INFO - [2026-05-15T17:56:53.708+0000] {dag.py:4180} INFO - Setting next_dagrun for pipeline_etl_pratica to 2026-05-15 00:00:00+00:00, run_after=2026-05-16 00:00:00+00:00
[2026-05-15T17:56:53.726+0000] {processor.py:208} INFO - Processing /workspaces/meu-primeiro-etl-airflow/dags/pipeline_etl_pratica.py took 0.068 seconds
[2026-05-15T17:57:59.648+0000] {processor.py:186} INFO - Started process (PID=90384) to work on /workspaces/meu-primeiro-etl-airflow/dags/pipeline_etl_pratica.py
[2026-05-15T17:57:59.649+0000] {processor.py:914} INFO - Processing file /workspaces/meu-primeiro-etl-airflow/dags/pipeline_etl_pratica.py for tasks to queue
[2026-05-15T17:57:59.650+0000] {logging_mixin.py:190} INFO - [2026-05-15T17:57:59.650+0000] {dagbag.py:588} INFO - Filling up the DagBag from /workspaces/meu-primeiro-etl-airflow/dags/pipeline_etl_pratica.py
[2026-05-15T17:57:59.658+0000] {processor.py:925} INFO - DAG(s) 'pipeline_etl_pratica' retrieved from /workspaces/meu-primeiro-etl-airflow/dags/pipeline_etl_pratica.py
[2026-05-15T17:57:59.671+0000] {logging_mixin.py:190} INFO - [2026-05-15T17:57:59.670+0000] {dag.py:3239} INFO - Sync 1 DAGs
[2026-05-15T17:57:59.692+0000] {logging_mixin.py:190} INFO - [2026-05-15T17:57:59.692+0000] {dag.py:4180} INFO - Setting next_dagrun for pipeline_etl_pratica to 2026-05-15 00:00:00+00:00, run_after=2026-05-16 00:00:00+00:00
[2026-05-15T17:57:59.709+0000] {processor.py:208} INFO - Processing /workspaces/meu-primeiro-etl-airflow/dags/pipeline_etl_pratica.py took 0.065 seconds
[2026-05-15T17:58:59.387+0000] {processor.py:186} INFO - Started process (PID=90976) to work on /workspaces/meu-primeiro-etl-airflow/dags/pipeline_etl_pratica.py
[2026-05-15T17:58:59.388+0000] {processor.py:914} INFO - Processing file /workspaces/meu-primeiro-etl-airflow/dags/pipeline_etl_pratica.py for tasks to queue
[2026-05-15T17:58:59.391+0000] {logging_mixin.py:190} INFO - [2026-05-15T17:58:59.390+0000] {dagbag.py:588} INFO - Filling up the DagBag from /workspaces/meu-primeiro-etl-airflow/dags/pipeline_etl_pratica.py
[2026-05-15T17:58:59.403+0000] {processor.py:925} INFO - DAG(s) 'pipeline_etl_pratica' retrieved from /workspaces/meu-primeiro-etl-airflow/dags/pipeline_etl_pratica.py
[2026-05-15T17:58:59.426+0000] {logging_mixin.py:190} INFO - [2026-05-15T17:58:59.423+0000] {dag.py:3239} INFO - Sync 1 DAGs
[2026-05-15T17:58:59.457+0000] {logging_mixin.py:190} INFO - [2026-05-15T17:58:59.457+0000] {dag.py:4180} INFO - Setting next_dagrun for pipeline_etl_pratica to 2026-05-15 00:00:00+00:00, run_after=2026-05-16 00:00:00+00:00
[2026-05-15T17:58:59.475+0000] {processor.py:208} INFO - Processing /workspaces/meu-primeiro-etl-airflow/dags/pipeline_etl_pratica.py took 0.098 seconds
[2026-05-15T17:59:59.741+0000] {processor.py:186} INFO - Started process (PID=91705) to work on /workspaces/meu-primeiro-etl-airflow/dags/pipeline_etl_pratica.py
[2026-05-15T17:59:59.741+0000] {processor.py:914} INFO - Processing file /workspaces/meu-primeiro-etl-airflow/dags/pipeline_etl_pratica.py for tasks to queue
[2026-05-15T17:59:59.743+0000] {logging_mixin.py:190} INFO - [2026-05-15T17:59:59.743+0000] {dagbag.py:588} INFO - Filling up the DagBag from /workspaces/meu-primeiro-etl-airflow/dags/pipeline_etl_pratica.py
[2026-05-15T17:59:59.751+0000] {processor.py:925} INFO - DAG(s) 'pipeline_etl_pratica' retrieved from /workspaces/meu-primeiro-etl-airflow/dags/pipeline_etl_pratica.py
[2026-05-15T17:59:59.763+0000] {logging_mixin.py:190} INFO - [2026-05-15T17:59:59.763+0000] {dag.py:3239} INFO - Sync 1 DAGs
[2026-05-15T17:59:59.783+0000] {logging_mixin.py:190} INFO - [2026-05-15T17:59:59.783+0000] {dag.py:4180} INFO - Setting next_dagrun for pipeline_etl_pratica to 2026-05-15 00:00:00+00:00, run_after=2026-05-16 00:00:00+00:00
[2026-05-15T17:59:59.802+0000] {processor.py:208} INFO - Processing /workspaces/meu-primeiro-etl-airflow/dags/pipeline_etl_pratica.py took 0.065 seconds
[2026-05-15T18:01:00.123+0000] {processor.py:186} INFO - Started process (PID=92294) to work on /workspaces/meu-primeiro-etl-airflow/dags/pipeline_etl_pratica.py
[2026-05-15T18:01:00.124+0000] {processor.py:914} INFO - Processing file /workspaces/meu-primeiro-etl-airflow/dags/pipeline_etl_pratica.py for tasks to queue
[2026-05-15T18:01:00.125+0000] {logging_mixin.py:190} INFO - [2026-05-15T18:01:00.125+0000] {dagbag.py:588} INFO - Filling up the DagBag from /workspaces/meu-primeiro-etl-airflow/dags/pipeline_etl_pratica.py
[2026-05-15T18:01:00.138+0000] {processor.py:925} INFO - DAG(s) 'pipeline_etl_pratica' retrieved from /workspaces/meu-primeiro-etl-airflow/dags/pipeline_etl_pratica.py
[2026-05-15T18:01:00.158+0000] {logging_mixin.py:190} INFO - [2026-05-15T18:01:00.158+0000] {dag.py:3239} INFO - Sync 1 DAGs
[2026-05-15T18:01:00.187+0000] {logging_mixin.py:190} INFO - [2026-05-15T18:01:00.187+0000] {dag.py:4180} INFO - Setting next_dagrun for pipeline_etl_pratica to 2026-05-15 00:00:00+00:00, run_after=2026-05-16 00:00:00+00:00
[2026-05-15T18:01:00.211+0000] {processor.py:208} INFO - Processing /workspaces/meu-primeiro-etl-airflow/dags/pipeline_etl_pratica.py took 0.092 seconds
[2026-05-15T18:01:34.588+0000] {processor.py:186} INFO - Started process (PID=92668) to work on /workspaces/meu-primeiro-etl-airflow/dags/pipeline_etl_pratica.py
[2026-05-15T18:01:34.588+0000] {processor.py:914} INFO - Processing file /workspaces/meu-primeiro-etl-airflow/dags/pipeline_etl_pratica.py for tasks to queue
[2026-05-15T18:01:34.590+0000] {logging_mixin.py:190} INFO - [2026-05-15T18:01:34.590+0000] {dagbag.py:588} INFO - Filling up the DagBag from /workspaces/meu-primeiro-etl-airflow/dags/pipeline_etl_pratica.py
[2026-05-15T18:01:34.599+0000] {processor.py:925} INFO - DAG(s) 'pipeline_etl_pratica' retrieved from /workspaces/meu-primeiro-etl-airflow/dags/pipeline_etl_pratica.py
[2026-05-15T18:01:34.611+0000] {logging_mixin.py:190} INFO - [2026-05-15T18:01:34.611+0000] {dag.py:3239} INFO - Sync 1 DAGs
[2026-05-15T18:01:34.628+0000] {logging_mixin.py:190} INFO - [2026-05-15T18:01:34.627+0000] {dag.py:4180} INFO - Setting next_dagrun for pipeline_etl_pratica to 2026-05-15 00:00:00+00:00, run_after=2026-05-16 00:00:00+00:00
[2026-05-15T18:01:34.645+0000] {processor.py:208} INFO - Processing /workspaces/meu-primeiro-etl-airflow/dags/pipeline_etl_pratica.py took 0.063 seconds
[2026-05-15T18:02:38.982+0000] {processor.py:186} INFO - Started process (PID=93423) to work on /workspaces/meu-primeiro-etl-airflow/dags/pipeline_etl_pratica.py
[2026-05-15T18:02:38.983+0000] {processor.py:914} INFO - Processing file /workspaces/meu-primeiro-etl-airflow/dags/pipeline_etl_pratica.py for tasks to queue
[2026-05-15T18:02:38.985+0000] {logging_mixin.py:190} INFO - [2026-05-15T18:02:38.984+0000] {dagbag.py:588} INFO - Filling up the DagBag from /workspaces/meu-primeiro-etl-airflow/dags/pipeline_etl_pratica.py
[2026-05-15T18:02:38.994+0000] {processor.py:925} INFO - DAG(s) 'pipeline_etl_pratica' retrieved from /workspaces/meu-primeiro-etl-airflow/dags/pipeline_etl_pratica.py
[2026-05-15T18:02:39.007+0000] {logging_mixin.py:190} INFO - [2026-05-15T18:02:39.007+0000] {dag.py:3239} INFO - Sync 1 DAGs
[2026-05-15T18:02:39.025+0000] {logging_mixin.py:190} INFO - [2026-05-15T18:02:39.025+0000] {dag.py:4180} INFO - Setting next_dagrun for pipeline_etl_pratica to 2026-05-15 00:00:00+00:00, run_after=2026-05-16 00:00:00+00:00
[2026-05-15T18:02:39.042+0000] {processor.py:208} INFO - Processing /workspaces/meu-primeiro-etl-airflow/dags/pipeline_etl_pratica.py took 0.066 seconds
[2026-05-15T18:03:36.770+0000] {processor.py:186} INFO - Started process (PID=93883) to work on /workspaces/meu-primeiro-etl-airflow/dags/pipeline_etl_pratica.py
[2026-05-15T18:03:36.770+0000] {processor.py:914} INFO - Processing file /workspaces/meu-primeiro-etl-airflow/dags/pipeline_etl_pratica.py for tasks to queue
[2026-05-15T18:03:36.772+0000] {logging_mixin.py:190} INFO - [2026-05-15T18:03:36.772+0000] {dagbag.py:588} INFO - Filling up the DagBag from /workspaces/meu-primeiro-etl-airflow/dags/pipeline_etl_pratica.py
[2026-05-15T18:03:36.783+0000] {processor.py:925} INFO - DAG(s) 'pipeline_etl_pratica' retrieved from /workspaces/meu-primeiro-etl-airflow/dags/pipeline_etl_pratica.py
[2026-05-15T18:03:36.800+0000] {logging_mixin.py:190} INFO - [2026-05-15T18:03:36.799+0000] {dag.py:3239} INFO - Sync 1 DAGs
[2026-05-15T18:03:36.818+0000] {logging_mixin.py:190} INFO - [2026-05-15T18:03:36.818+0000] {dag.py:4180} INFO - Setting next_dagrun for pipeline_etl_pratica to 2026-05-15 00:00:00+00:00, run_after=2026-05-16 00:00:00+00:00
[2026-05-15T18:03:36.837+0000] {processor.py:208} INFO - Processing /workspaces/meu-primeiro-etl-airflow/dags/pipeline_etl_pratica.py took 0.071 seconds
[2026-05-15T18:04:41.136+0000] {processor.py:186} INFO - Started process (PID=94395) to work on /workspaces/meu-primeiro-etl-airflow/dags/pipeline_etl_pratica.py
[2026-05-15T18:04:41.137+0000] {processor.py:914} INFO - Processing file /workspaces/meu-primeiro-etl-airflow/dags/pipeline_etl_pratica.py for tasks to queue
[2026-05-15T18:04:41.139+0000] {logging_mixin.py:190} INFO - [2026-05-15T18:04:41.138+0000] {dagbag.py:588} INFO - Filling up the DagBag from /workspaces/meu-primeiro-etl-airflow/dags/pipeline_etl_pratica.py
[2026-05-15T18:04:41.148+0000] {processor.py:925} INFO - DAG(s) 'pipeline_etl_pratica' retrieved from /workspaces/meu-primeiro-etl-airflow/dags/pipeline_etl_pratica.py
[2026-05-15T18:04:41.164+0000] {logging_mixin.py:190} INFO - [2026-05-15T18:04:41.163+0000] {dag.py:3239} INFO - Sync 1 DAGs
[2026-05-15T18:04:41.190+0000] {logging_mixin.py:190} INFO - [2026-05-15T18:04:41.190+0000] {dag.py:4180} INFO - Setting next_dagrun for pipeline_etl_pratica to 2026-05-15 00:00:00+00:00, run_after=2026-05-16 00:00:00+00:00
[2026-05-15T18:04:41.211+0000] {processor.py:208} INFO - Processing /workspaces/meu-primeiro-etl-airflow/dags/pipeline_etl_pratica.py took 0.080 seconds
[2026-05-15T18:05:45.572+0000] {processor.py:186} INFO - Started process (PID=94900) to work on /workspaces/meu-primeiro-etl-airflow/dags/pipeline_etl_pratica.py
[2026-05-15T18:05:45.573+0000] {processor.py:914} INFO - Processing file /workspaces/meu-primeiro-etl-airflow/dags/pipeline_etl_pratica.py for tasks to queue
[2026-05-15T18:05:45.575+0000] {logging_mixin.py:190} INFO - [2026-05-15T18:05:45.575+0000] {dagbag.py:588} INFO - Filling up the DagBag from /workspaces/meu-primeiro-etl-airflow/dags/pipeline_etl_pratica.py
[2026-05-15T18:05:45.590+0000] {processor.py:925} INFO - DAG(s) 'pipeline_etl_pratica' retrieved from /workspaces/meu-primeiro-etl-airflow/dags/pipeline_etl_pratica.py
[2026-05-15T18:05:45.606+0000] {logging_mixin.py:190} INFO - [2026-05-15T18:05:45.605+0000] {dag.py:3239} INFO - Sync 1 DAGs
[2026-05-15T18:05:45.638+0000] {logging_mixin.py:190} INFO - [2026-05-15T18:05:45.637+0000] {dag.py:4180} INFO - Setting next_dagrun for pipeline_etl_pratica to 2026-05-15 00:00:00+00:00, run_after=2026-05-16 00:00:00+00:00
[2026-05-15T18:05:45.903+0000] {processor.py:208} INFO - Processing /workspaces/meu-primeiro-etl-airflow/dags/pipeline_etl_pratica.py took 0.335 seconds
[2026-05-15T18:06:44.098+0000] {processor.py:186} INFO - Started process (PID=95340) to work on /workspaces/meu-primeiro-etl-airflow/dags/pipeline_etl_pratica.py
[2026-05-15T18:06:44.099+0000] {processor.py:914} INFO - Processing file /workspaces/meu-primeiro-etl-airflow/dags/pipeline_etl_pratica.py for tasks to queue
[2026-05-15T18:06:44.101+0000] {logging_mixin.py:190} INFO - [2026-05-15T18:06:44.100+0000] {dagbag.py:588} INFO - Filling up the DagBag from /workspaces/meu-primeiro-etl-airflow/dags/pipeline_etl_pratica.py
[2026-05-15T18:06:44.109+0000] {processor.py:925} INFO - DAG(s) 'pipeline_etl_pratica' retrieved from /workspaces/meu-primeiro-etl-airflow/dags/pipeline_etl_pratica.py
[2026-05-15T18:06:44.122+0000] {logging_mixin.py:190} INFO - [2026-05-15T18:06:44.122+0000] {dag.py:3239} INFO - Sync 1 DAGs
[2026-05-15T18:06:44.143+0000] {logging_mixin.py:190} INFO - [2026-05-15T18:06:44.143+0000] {dag.py:4180} INFO - Setting next_dagrun for pipeline_etl_pratica to 2026-05-15 00:00:00+00:00, run_after=2026-05-16 00:00:00+00:00
[2026-05-15T18:06:44.170+0000] {processor.py:208} INFO - Processing /workspaces/meu-primeiro-etl-airflow/dags/pipeline_etl_pratica.py took 0.076 seconds
[2026-05-15T18:07:49.443+0000] {processor.py:186} INFO - Started process (PID=95849) to work on /workspaces/meu-primeiro-etl-airflow/dags/pipeline_etl_pratica.py
[2026-05-15T18:07:49.446+0000] {processor.py:914} INFO - Processing file /workspaces/meu-primeiro-etl-airflow/dags/pipeline_etl_pratica.py for tasks to queue
[2026-05-15T18:07:49.456+0000] {logging_mixin.py:190} INFO - [2026-05-15T18:07:49.455+0000] {dagbag.py:588} INFO - Filling up the DagBag from /workspaces/meu-primeiro-etl-airflow/dags/pipeline_etl_pratica.py
[2026-05-15T18:07:49.475+0000] {processor.py:925} INFO - DAG(s) 'pipeline_etl_pratica' retrieved from /workspaces/meu-primeiro-etl-airflow/dags/pipeline_etl_pratica.py
[2026-05-15T18:07:49.495+0000] {logging_mixin.py:190} INFO - [2026-05-15T18:07:49.494+0000] {dag.py:3239} INFO - Sync 1 DAGs
[2026-05-15T18:07:49.538+0000] {logging_mixin.py:190} INFO - [2026-05-15T18:07:49.538+0000] {dag.py:4180} INFO - Setting next_dagrun for pipeline_etl_pratica to 2026-05-15 00:00:00+00:00, run_after=2026-05-16 00:00:00+00:00
[2026-05-15T18:07:49.634+0000] {processor.py:208} INFO - Processing /workspaces/meu-primeiro-etl-airflow/dags/pipeline_etl_pratica.py took 0.205 seconds
[2026-05-15T18:08:55.553+0000] {processor.py:186} INFO - Started process (PID=96349) to work on /workspaces/meu-primeiro-etl-airflow/dags/pipeline_etl_pratica.py
[2026-05-15T18:08:55.554+0000] {processor.py:914} INFO - Processing file /workspaces/meu-primeiro-etl-airflow/dags/pipeline_etl_pratica.py for tasks to queue
[2026-05-15T18:08:55.556+0000] {logging_mixin.py:190} INFO - [2026-05-15T18:08:55.555+0000] {dagbag.py:588} INFO - Filling up the DagBag from /workspaces/meu-primeiro-etl-airflow/dags/pipeline_etl_pratica.py
[2026-05-15T18:08:55.565+0000] {processor.py:925} INFO - DAG(s) 'pipeline_etl_pratica' retrieved from /workspaces/meu-primeiro-etl-airflow/dags/pipeline_etl_pratica.py
[2026-05-15T18:08:55.582+0000] {logging_mixin.py:190} INFO - [2026-05-15T18:08:55.582+0000] {dag.py:3239} INFO - Sync 1 DAGs
[2026-05-15T18:08:55.606+0000] {logging_mixin.py:190} INFO - [2026-05-15T18:08:55.606+0000] {dag.py:4180} INFO - Setting next_dagrun for pipeline_etl_pratica to 2026-05-15 00:00:00+00:00, run_after=2026-05-16 00:00:00+00:00
[2026-05-15T18:08:55.626+0000] {processor.py:208} INFO - Processing /workspaces/meu-primeiro-etl-airflow/dags/pipeline_etl_pratica.py took 0.078 seconds
[2026-05-15T18:09:59.521+0000] {processor.py:186} INFO - Started process (PID=96852) to work on /workspaces/meu-primeiro-etl-airflow/dags/pipeline_etl_pratica.py
[2026-05-15T18:09:59.521+0000] {processor.py:914} INFO - Processing file /workspaces/meu-primeiro-etl-airflow/dags/pipeline_etl_pratica.py for tasks to queue
[2026-05-15T18:09:59.523+0000] {logging_mixin.py:190} INFO - [2026-05-15T18:09:59.523+0000] {dagbag.py:588} INFO - Filling up the DagBag from /workspaces/meu-primeiro-etl-airflow/dags/pipeline_etl_pratica.py
[2026-05-15T18:09:59.532+0000] {processor.py:925} INFO - DAG(s) 'pipeline_etl_pratica' retrieved from /workspaces/meu-primeiro-etl-airflow/dags/pipeline_etl_pratica.py
[2026-05-15T18:09:59.551+0000] {logging_mixin.py:190} INFO - [2026-05-15T18:09:59.550+0000] {dag.py:3239} INFO - Sync 1 DAGs
[2026-05-15T18:09:59.570+0000] {logging_mixin.py:190} INFO - [2026-05-15T18:09:59.569+0000] {dag.py:4180} INFO - Setting next_dagrun for pipeline_etl_pratica to 2026-05-15 00:00:00+00:00, run_after=2026-05-16 00:00:00+00:00
[2026-05-15T18:09:59.591+0000] {processor.py:208} INFO - Processing /workspaces/meu-primeiro-etl-airflow/dags/pipeline_etl_pratica.py took 0.075 seconds
[2026-05-15T18:11:11.133+0000] {processor.py:186} INFO - Started process (PID=97513) to work on /workspaces/meu-primeiro-etl-airflow/dags/pipeline_etl_pratica.py
[2026-05-15T18:11:11.134+0000] {processor.py:914} INFO - Processing file /workspaces/meu-primeiro-etl-airflow/dags/pipeline_etl_pratica.py for tasks to queue
[2026-05-15T18:11:11.136+0000] {logging_mixin.py:190} INFO - [2026-05-15T18:11:11.135+0000] {dagbag.py:588} INFO - Filling up the DagBag from /workspaces/meu-primeiro-etl-airflow/dags/pipeline_etl_pratica.py
[2026-05-15T18:11:11.144+0000] {processor.py:925} INFO - DAG(s) 'pipeline_etl_pratica' retrieved from /workspaces/meu-primeiro-etl-airflow/dags/pipeline_etl_pratica.py
[2026-05-15T18:11:11.158+0000] {logging_mixin.py:190} INFO - [2026-05-15T18:11:11.158+0000] {dag.py:3239} INFO - Sync 1 DAGs
[2026-05-15T18:11:11.178+0000] {logging_mixin.py:190} INFO - [2026-05-15T18:11:11.177+0000] {dag.py:4180} INFO - Setting next_dagrun for pipeline_etl_pratica to 2026-05-15 00:00:00+00:00, run_after=2026-05-16 00:00:00+00:00
[2026-05-15T18:11:11.197+0000] {processor.py:208} INFO - Processing /workspaces/meu-primeiro-etl-airflow/dags/pipeline_etl_pratica.py took 0.068 seconds
[2026-05-15T18:11:51.157+0000] {processor.py:186} INFO - Started process (PID=97989) to work on /workspaces/meu-primeiro-etl-airflow/dags/pipeline_etl_pratica.py
[2026-05-15T18:11:51.157+0000] {processor.py:914} INFO - Processing file /workspaces/meu-primeiro-etl-airflow/dags/pipeline_etl_pratica.py for tasks to queue
[2026-05-15T18:11:51.159+0000] {logging_mixin.py:190} INFO - [2026-05-15T18:11:51.159+0000] {dagbag.py:588} INFO - Filling up the DagBag from /workspaces/meu-primeiro-etl-airflow/dags/pipeline_etl_pratica.py
[2026-05-15T18:11:51.168+0000] {processor.py:925} INFO - DAG(s) 'pipeline_etl_pratica' retrieved from /workspaces/meu-primeiro-etl-airflow/dags/pipeline_etl_pratica.py
[2026-05-15T18:11:51.186+0000] {logging_mixin.py:190} INFO - [2026-05-15T18:11:51.185+0000] {dag.py:3239} INFO - Sync 1 DAGs
[2026-05-15T18:11:51.208+0000] {logging_mixin.py:190} INFO - [2026-05-15T18:11:51.207+0000] {dag.py:4180} INFO - Setting next_dagrun for pipeline_etl_pratica to 2026-05-15 00:00:00+00:00, run_after=2026-05-16 00:00:00+00:00
[2026-05-15T18:11:51.231+0000] {processor.py:208} INFO - Processing /workspaces/meu-primeiro-etl-airflow/dags/pipeline_etl_pratica.py took 0.080 seconds
[2026-05-15T18:12:27.515+0000] {processor.py:186} INFO - Started process (PID=98348) to work on /workspaces/meu-primeiro-etl-airflow/dags/pipeline_etl_pratica.py
[2026-05-15T18:12:27.515+0000] {processor.py:914} INFO - Processing file /workspaces/meu-primeiro-etl-airflow/dags/pipeline_etl_pratica.py for tasks to queue
[2026-05-15T18:12:27.517+0000] {logging_mixin.py:190} INFO - [2026-05-15T18:12:27.517+0000] {dagbag.py:588} INFO - Filling up the DagBag from /workspaces/meu-primeiro-etl-airflow/dags/pipeline_etl_pratica.py
[2026-05-15T18:12:27.526+0000] {processor.py:925} INFO - DAG(s) 'pipeline_etl_pratica' retrieved from /workspaces/meu-primeiro-etl-airflow/dags/pipeline_etl_pratica.py
[2026-05-15T18:12:27.680+0000] {logging_mixin.py:190} INFO - [2026-05-15T18:12:27.680+0000] {dag.py:3239} INFO - Sync 1 DAGs
[2026-05-15T18:12:27.698+0000] {logging_mixin.py:190} INFO - [2026-05-15T18:12:27.698+0000] {dag.py:4180} INFO - Setting next_dagrun for pipeline_etl_pratica to 2026-05-15 00:00:00+00:00, run_after=2026-05-16 00:00:00+00:00
[2026-05-15T18:12:27.717+0000] {processor.py:208} INFO - Processing /workspaces/meu-primeiro-etl-airflow/dags/pipeline_etl_pratica.py took 0.207 seconds
[2026-05-15T18:13:12.269+0000] {processor.py:186} INFO - Started process (PID=98873) to work on /workspaces/meu-primeiro-etl-airflow/dags/pipeline_etl_pratica.py
[2026-05-15T18:13:12.269+0000] {processor.py:914} INFO - Processing file /workspaces/meu-primeiro-etl-airflow/dags/pipeline_etl_pratica.py for tasks to queue
[2026-05-15T18:13:12.271+0000] {logging_mixin.py:190} INFO - [2026-05-15T18:13:12.271+0000] {dagbag.py:588} INFO - Filling up the DagBag from /workspaces/meu-primeiro-etl-airflow/dags/pipeline_etl_pratica.py
[2026-05-15T18:13:12.282+0000] {processor.py:925} INFO - DAG(s) 'pipeline_etl_pratica' retrieved from /workspaces/meu-primeiro-etl-airflow/dags/pipeline_etl_pratica.py
[2026-05-15T18:13:12.298+0000] {logging_mixin.py:190} INFO - [2026-05-15T18:13:12.298+0000] {dag.py:3239} INFO - Sync 1 DAGs
[2026-05-15T18:13:12.315+0000] {logging_mixin.py:190} INFO - [2026-05-15T18:13:12.315+0000] {dag.py:4180} INFO - Setting next_dagrun for pipeline_etl_pratica to 2026-05-15 00:00:00+00:00, run_after=2026-05-16 00:00:00+00:00
[2026-05-15T18:13:12.331+0000] {processor.py:208} INFO - Processing /workspaces/meu-primeiro-etl-airflow/dags/pipeline_etl_pratica.py took 0.067 seconds
[2026-05-15T18:13:51.961+0000] {processor.py:186} INFO - Started process (PID=99177) to work on /workspaces/meu-primeiro-etl-airflow/dags/pipeline_etl_pratica.py
[2026-05-15T18:13:51.962+0000] {processor.py:914} INFO - Processing file /workspaces/meu-primeiro-etl-airflow/dags/pipeline_etl_pratica.py for tasks to queue
[2026-05-15T18:13:51.966+0000] {logging_mixin.py:190} INFO - [2026-05-15T18:13:51.965+0000] {dagbag.py:588} INFO - Filling up the DagBag from /workspaces/meu-primeiro-etl-airflow/dags/pipeline_etl_pratica.py
[2026-05-15T18:13:51.990+0000] {processor.py:925} INFO - DAG(s) 'pipeline_etl_pratica' retrieved from /workspaces/meu-primeiro-etl-airflow/dags/pipeline_etl_pratica.py
[2026-05-15T18:13:52.005+0000] {logging_mixin.py:190} INFO - [2026-05-15T18:13:52.005+0000] {dag.py:3239} INFO - Sync 1 DAGs
[2026-05-15T18:13:52.023+0000] {logging_mixin.py:190} INFO - [2026-05-15T18:13:52.023+0000] {dag.py:4180} INFO - Setting next_dagrun for pipeline_etl_pratica to 2026-05-15 00:00:00+00:00, run_after=2026-05-16 00:00:00+00:00
[2026-05-15T18:13:52.041+0000] {processor.py:208} INFO - Processing /workspaces/meu-primeiro-etl-airflow/dags/pipeline_etl_pratica.py took 0.085 seconds
[2026-05-15T18:14:49.879+0000] {processor.py:186} INFO - Started process (PID=99656) to work on /workspaces/meu-primeiro-etl-airflow/dags/pipeline_etl_pratica.py
[2026-05-15T18:14:49.880+0000] {processor.py:914} INFO - Processing file /workspaces/meu-primeiro-etl-airflow/dags/pipeline_etl_pratica.py for tasks to queue
[2026-05-15T18:14:49.882+0000] {logging_mixin.py:190} INFO - [2026-05-15T18:14:49.882+0000] {dagbag.py:588} INFO - Filling up the DagBag from /workspaces/meu-primeiro-etl-airflow/dags/pipeline_etl_pratica.py
[2026-05-15T18:14:49.894+0000] {processor.py:925} INFO - DAG(s) 'pipeline_etl_pratica' retrieved from /workspaces/meu-primeiro-etl-airflow/dags/pipeline_etl_pratica.py
[2026-05-15T18:14:49.909+0000] {logging_mixin.py:190} INFO - [2026-05-15T18:14:49.909+0000] {dag.py:3239} INFO - Sync 1 DAGs
[2026-05-15T18:14:49.931+0000] {logging_mixin.py:190} INFO - [2026-05-15T18:14:49.931+0000] {dag.py:4180} INFO - Setting next_dagrun for pipeline_etl_pratica to 2026-05-15 00:00:00+00:00, run_after=2026-05-16 00:00:00+00:00
[2026-05-15T18:14:49.950+0000] {processor.py:208} INFO - Processing /workspaces/meu-primeiro-etl-airflow/dags/pipeline_etl_pratica.py took 0.078 seconds
[2026-05-15T18:15:50.163+0000] {processor.py:186} INFO - Started process (PID=100209) to work on /workspaces/meu-primeiro-etl-airflow/dags/pipeline_etl_pratica.py
[2026-05-15T18:15:50.164+0000] {processor.py:914} INFO - Processing file /workspaces/meu-primeiro-etl-airflow/dags/pipeline_etl_pratica.py for tasks to queue
[2026-05-15T18:15:50.166+0000] {logging_mixin.py:190} INFO - [2026-05-15T18:15:50.166+0000] {dagbag.py:588} INFO - Filling up the DagBag from /workspaces/meu-primeiro-etl-airflow/dags/pipeline_etl_pratica.py
[2026-05-15T18:15:50.177+0000] {processor.py:925} INFO - DAG(s) 'pipeline_etl_pratica' retrieved from /workspaces/meu-primeiro-etl-airflow/dags/pipeline_etl_pratica.py
[2026-05-15T18:15:50.195+0000] {logging_mixin.py:190} INFO - [2026-05-15T18:15:50.195+0000] {dag.py:3239} INFO - Sync 1 DAGs
[2026-05-15T18:15:50.217+0000] {logging_mixin.py:190} INFO - [2026-05-15T18:15:50.217+0000] {dag.py:4180} INFO - Setting next_dagrun for pipeline_etl_pratica to 2026-05-15 00:00:00+00:00, run_after=2026-05-16 00:00:00+00:00
[2026-05-15T18:15:50.238+0000] {processor.py:208} INFO - Processing /workspaces/meu-primeiro-etl-airflow/dags/pipeline_etl_pratica.py took 0.080 seconds
[2026-05-15T18:16:48.487+0000] {processor.py:186} INFO - Started process (PID=100652) to work on /workspaces/meu-primeiro-etl-airflow/dags/pipeline_etl_pratica.py
[2026-05-15T18:16:48.488+0000] {processor.py:914} INFO - Processing file /workspaces/meu-primeiro-etl-airflow/dags/pipeline_etl_pratica.py for tasks to queue
[2026-05-15T18:16:48.490+0000] {logging_mixin.py:190} INFO - [2026-05-15T18:16:48.490+0000] {dagbag.py:588} INFO - Filling up the DagBag from /workspaces/meu-primeiro-etl-airflow/dags/pipeline_etl_pratica.py
[2026-05-15T18:16:48.507+0000] {processor.py:925} INFO - DAG(s) 'pipeline_etl_pratica' retrieved from /workspaces/meu-primeiro-etl-airflow/dags/pipeline_etl_pratica.py
[2026-05-15T18:16:48.527+0000] {logging_mixin.py:190} INFO - [2026-05-15T18:16:48.527+0000] {dag.py:3239} INFO - Sync 1 DAGs
[2026-05-15T18:16:48.557+0000] {logging_mixin.py:190} INFO - [2026-05-15T18:16:48.557+0000] {dag.py:4180} INFO - Setting next_dagrun for pipeline_etl_pratica to 2026-05-15 00:00:00+00:00, run_after=2026-05-16 00:00:00+00:00
[2026-05-15T18:16:48.590+0000] {processor.py:208} INFO - Processing /workspaces/meu-primeiro-etl-airflow/dags/pipeline_etl_pratica.py took 0.109 seconds
[2026-05-15T18:17:48.904+0000] {processor.py:186} INFO - Started process (PID=101179) to work on /workspaces/meu-primeiro-etl-airflow/dags/pipeline_etl_pratica.py
[2026-05-15T18:17:48.905+0000] {processor.py:914} INFO - Processing file /workspaces/meu-primeiro-etl-airflow/dags/pipeline_etl_pratica.py for tasks to queue
[2026-05-15T18:17:48.908+0000] {logging_mixin.py:190} INFO - [2026-05-15T18:17:48.908+0000] {dagbag.py:588} INFO - Filling up the DagBag from /workspaces/meu-primeiro-etl-airflow/dags/pipeline_etl_pratica.py
[2026-05-15T18:17:48.925+0000] {processor.py:925} INFO - DAG(s) 'pipeline_etl_pratica' retrieved from /workspaces/meu-primeiro-etl-airflow/dags/pipeline_etl_pratica.py
[2026-05-15T18:17:48.947+0000] {logging_mixin.py:190} INFO - [2026-05-15T18:17:48.947+0000] {dag.py:3239} INFO - Sync 1 DAGs
[2026-05-15T18:17:48.978+0000] {logging_mixin.py:190} INFO - [2026-05-15T18:17:48.978+0000] {dag.py:4180} INFO - Setting next_dagrun for pipeline_etl_pratica to 2026-05-15 00:00:00+00:00, run_after=2026-05-16 00:00:00+00:00
[2026-05-15T18:17:49.004+0000] {processor.py:208} INFO - Processing /workspaces/meu-primeiro-etl-airflow/dags/pipeline_etl_pratica.py took 0.107 seconds
[2026-05-15T18:18:53.745+0000] {processor.py:186} INFO - Started process (PID=101681) to work on /workspaces/meu-primeiro-etl-airflow/dags/pipeline_etl_pratica.py
[2026-05-15T18:18:53.746+0000] {processor.py:914} INFO - Processing file /workspaces/meu-primeiro-etl-airflow/dags/pipeline_etl_pratica.py for tasks to queue
[2026-05-15T18:18:53.748+0000] {logging_mixin.py:190} INFO - [2026-05-15T18:18:53.747+0000] {dagbag.py:588} INFO - Filling up the DagBag from /workspaces/meu-primeiro-etl-airflow/dags/pipeline_etl_pratica.py
[2026-05-15T18:18:53.758+0000] {processor.py:925} INFO - DAG(s) 'pipeline_etl_pratica' retrieved from /workspaces/meu-primeiro-etl-airflow/dags/pipeline_etl_pratica.py
[2026-05-15T18:18:53.774+0000] {logging_mixin.py:190} INFO - [2026-05-15T18:18:53.773+0000] {dag.py:3239} INFO - Sync 1 DAGs
[2026-05-15T18:18:53.798+0000] {logging_mixin.py:190} INFO - [2026-05-15T18:18:53.798+0000] {dag.py:4180} INFO - Setting next_dagrun for pipeline_etl_pratica to 2026-05-15 00:00:00+00:00, run_after=2026-05-16 00:00:00+00:00
[2026-05-15T18:18:53.819+0000] {processor.py:208} INFO - Processing /workspaces/meu-primeiro-etl-airflow/dags/pipeline_etl_pratica.py took 0.080 seconds
[2026-05-15T18:19:59.192+0000] {processor.py:186} INFO - Started process (PID=102195) to work on /workspaces/meu-primeiro-etl-airflow/dags/pipeline_etl_pratica.py
[2026-05-15T18:19:59.193+0000] {processor.py:914} INFO - Processing file /workspaces/meu-primeiro-etl-airflow/dags/pipeline_etl_pratica.py for tasks to queue
[2026-05-15T18:19:59.195+0000] {logging_mixin.py:190} INFO - [2026-05-15T18:19:59.194+0000] {dagbag.py:588} INFO - Filling up the DagBag from /workspaces/meu-primeiro-etl-airflow/dags/pipeline_etl_pratica.py
[2026-05-15T18:19:59.203+0000] {processor.py:925} INFO - DAG(s) 'pipeline_etl_pratica' retrieved from /workspaces/meu-primeiro-etl-airflow/dags/pipeline_etl_pratica.py
[2026-05-15T18:19:59.219+0000] {logging_mixin.py:190} INFO - [2026-05-15T18:19:59.219+0000] {dag.py:3239} INFO - Sync 1 DAGs
[2026-05-15T18:19:59.239+0000] {logging_mixin.py:190} INFO - [2026-05-15T18:19:59.239+0000] {dag.py:4180} INFO - Setting next_dagrun for pipeline_etl_pratica to 2026-05-15 00:00:00+00:00, run_after=2026-05-16 00:00:00+00:00
[2026-05-15T18:19:59.257+0000] {processor.py:208} INFO - Processing /workspaces/meu-primeiro-etl-airflow/dags/pipeline_etl_pratica.py took 0.071 seconds
[2026-05-15T18:20:58.143+0000] {processor.py:186} INFO - Started process (PID=102656) to work on /workspaces/meu-primeiro-etl-airflow/dags/pipeline_etl_pratica.py
[2026-05-15T18:20:58.144+0000] {processor.py:914} INFO - Processing file /workspaces/meu-primeiro-etl-airflow/dags/pipeline_etl_pratica.py for tasks to queue
[2026-05-15T18:20:58.146+0000] {logging_mixin.py:190} INFO - [2026-05-15T18:20:58.146+0000] {dagbag.py:588} INFO - Filling up the DagBag from /workspaces/meu-primeiro-etl-airflow/dags/pipeline_etl_pratica.py
[2026-05-15T18:20:58.155+0000] {processor.py:925} INFO - DAG(s) 'pipeline_etl_pratica' retrieved from /workspaces/meu-primeiro-etl-airflow/dags/pipeline_etl_pratica.py
[2026-05-15T18:20:58.169+0000] {logging_mixin.py:190} INFO - [2026-05-15T18:20:58.169+0000] {dag.py:3239} INFO - Sync 1 DAGs
[2026-05-15T18:20:58.192+0000] {logging_mixin.py:190} INFO - [2026-05-15T18:20:58.192+0000] {dag.py:4180} INFO - Setting next_dagrun for pipeline_etl_pratica to 2026-05-15 00:00:00+00:00, run_after=2026-05-16 00:00:00+00:00
[2026-05-15T18:20:58.211+0000] {processor.py:208} INFO - Processing /workspaces/meu-primeiro-etl-airflow/dags/pipeline_etl_pratica.py took 0.073 seconds
[2026-05-15T18:21:58.151+0000] {processor.py:186} INFO - Started process (PID=103123) to work on /workspaces/meu-primeiro-etl-airflow/dags/pipeline_etl_pratica.py
[2026-05-15T18:21:58.152+0000] {processor.py:914} INFO - Processing file /workspaces/meu-primeiro-etl-airflow/dags/pipeline_etl_pratica.py for tasks to queue
[2026-05-15T18:21:58.154+0000] {logging_mixin.py:190} INFO - [2026-05-15T18:21:58.153+0000] {dagbag.py:588} INFO - Filling up the DagBag from /workspaces/meu-primeiro-etl-airflow/dags/pipeline_etl_pratica.py
[2026-05-15T18:21:58.162+0000] {processor.py:925} INFO - DAG(s) 'pipeline_etl_pratica' retrieved from /workspaces/meu-primeiro-etl-airflow/dags/pipeline_etl_pratica.py
[2026-05-15T18:21:58.175+0000] {logging_mixin.py:190} INFO - [2026-05-15T18:21:58.175+0000] {dag.py:3239} INFO - Sync 1 DAGs
[2026-05-15T18:21:58.196+0000] {logging_mixin.py:190} INFO - [2026-05-15T18:21:58.196+0000] {dag.py:4180} INFO - Setting next_dagrun for pipeline_etl_pratica to 2026-05-15 00:00:00+00:00, run_after=2026-05-16 00:00:00+00:00
[2026-05-15T18:21:58.213+0000] {processor.py:208} INFO - Processing /workspaces/meu-primeiro-etl-airflow/dags/pipeline_etl_pratica.py took 0.067 seconds
[2026-05-15T18:22:59.540+0000] {processor.py:186} INFO - Started process (PID=103599) to work on /workspaces/meu-primeiro-etl-airflow/dags/pipeline_etl_pratica.py
[2026-05-15T18:22:59.541+0000] {processor.py:914} INFO - Processing file /workspaces/meu-primeiro-etl-airflow/dags/pipeline_etl_pratica.py for tasks to queue
[2026-05-15T18:22:59.543+0000] {logging_mixin.py:190} INFO - [2026-05-15T18:22:59.543+0000] {dagbag.py:588} INFO - Filling up the DagBag from /workspaces/meu-primeiro-etl-airflow/dags/pipeline_etl_pratica.py
[2026-05-15T18:22:59.552+0000] {processor.py:925} INFO - DAG(s) 'pipeline_etl_pratica' retrieved from /workspaces/meu-primeiro-etl-airflow/dags/pipeline_etl_pratica.py
[2026-05-15T18:22:59.567+0000] {logging_mixin.py:190} INFO - [2026-05-15T18:22:59.567+0000] {dag.py:3239} INFO - Sync 1 DAGs
[2026-05-15T18:22:59.591+0000] {logging_mixin.py:190} INFO - [2026-05-15T18:22:59.591+0000] {dag.py:4180} INFO - Setting next_dagrun for pipeline_etl_pratica to 2026-05-15 00:00:00+00:00, run_after=2026-05-16 00:00:00+00:00
[2026-05-15T18:22:59.612+0000] {processor.py:208} INFO - Processing /workspaces/meu-primeiro-etl-airflow/dags/pipeline_etl_pratica.py took 0.077 seconds
[2026-05-15T18:24:04.460+0000] {processor.py:186} INFO - Started process (PID=104087) to work on /workspaces/meu-primeiro-etl-airflow/dags/pipeline_etl_pratica.py
[2026-05-15T18:24:04.462+0000] {processor.py:914} INFO - Processing file /workspaces/meu-primeiro-etl-airflow/dags/pipeline_etl_pratica.py for tasks to queue
[2026-05-15T18:24:04.465+0000] {logging_mixin.py:190} INFO - [2026-05-15T18:24:04.464+0000] {dagbag.py:588} INFO - Filling up the DagBag from /workspaces/meu-primeiro-etl-airflow/dags/pipeline_etl_pratica.py
[2026-05-15T18:24:04.481+0000] {processor.py:925} INFO - DAG(s) 'pipeline_etl_pratica' retrieved from /workspaces/meu-primeiro-etl-airflow/dags/pipeline_etl_pratica.py
[2026-05-15T18:24:04.541+0000] {logging_mixin.py:190} INFO - [2026-05-15T18:24:04.541+0000] {dag.py:3239} INFO - Sync 1 DAGs
[2026-05-15T18:24:04.618+0000] {logging_mixin.py:190} INFO - [2026-05-15T18:24:04.617+0000] {dag.py:4180} INFO - Setting next_dagrun for pipeline_etl_pratica to 2026-05-15 00:00:00+00:00, run_after=2026-05-16 00:00:00+00:00
[2026-05-15T18:24:04.664+0000] {processor.py:208} INFO - Processing /workspaces/meu-primeiro-etl-airflow/dags/pipeline_etl_pratica.py took 0.212 seconds
[2026-05-15T18:24:39.810+0000] {processor.py:186} INFO - Started process (PID=104491) to work on /workspaces/meu-primeiro-etl-airflow/dags/pipeline_etl_pratica.py
[2026-05-15T18:24:39.811+0000] {processor.py:914} INFO - Processing file /workspaces/meu-primeiro-etl-airflow/dags/pipeline_etl_pratica.py for tasks to queue
[2026-05-15T18:24:39.813+0000] {logging_mixin.py:190} INFO - [2026-05-15T18:24:39.812+0000] {dagbag.py:588} INFO - Filling up the DagBag from /workspaces/meu-primeiro-etl-airflow/dags/pipeline_etl_pratica.py
[2026-05-15T18:24:39.822+0000] {processor.py:925} INFO - DAG(s) 'pipeline_etl_pratica' retrieved from /workspaces/meu-primeiro-etl-airflow/dags/pipeline_etl_pratica.py
[2026-05-15T18:24:39.839+0000] {logging_mixin.py:190} INFO - [2026-05-15T18:24:39.838+0000] {dag.py:3239} INFO - Sync 1 DAGs
[2026-05-15T18:24:39.865+0000] {logging_mixin.py:190} INFO - [2026-05-15T18:24:39.864+0000] {dag.py:4180} INFO - Setting next_dagrun for pipeline_etl_pratica to 2026-05-15 00:00:00+00:00, run_after=2026-05-16 00:00:00+00:00
[2026-05-15T18:24:39.889+0000] {processor.py:208} INFO - Processing /workspaces/meu-primeiro-etl-airflow/dags/pipeline_etl_pratica.py took 0.085 seconds
[2026-05-15T18:25:40.429+0000] {processor.py:186} INFO - Started process (PID=104957) to work on /workspaces/meu-primeiro-etl-airflow/dags/pipeline_etl_pratica.py
[2026-05-15T18:25:40.429+0000] {processor.py:914} INFO - Processing file /workspaces/meu-primeiro-etl-airflow/dags/pipeline_etl_pratica.py for tasks to queue
[2026-05-15T18:25:40.431+0000] {logging_mixin.py:190} INFO - [2026-05-15T18:25:40.431+0000] {dagbag.py:588} INFO - Filling up the DagBag from /workspaces/meu-primeiro-etl-airflow/dags/pipeline_etl_pratica.py
[2026-05-15T18:25:40.440+0000] {processor.py:925} INFO - DAG(s) 'pipeline_etl_pratica' retrieved from /workspaces/meu-primeiro-etl-airflow/dags/pipeline_etl_pratica.py
[2026-05-15T18:25:40.453+0000] {logging_mixin.py:190} INFO - [2026-05-15T18:25:40.453+0000] {dag.py:3239} INFO - Sync 1 DAGs
[2026-05-15T18:25:40.471+0000] {logging_mixin.py:190} INFO - [2026-05-15T18:25:40.470+0000] {dag.py:4180} INFO - Setting next_dagrun for pipeline_etl_pratica to 2026-05-15 00:00:00+00:00, run_after=2026-05-16 00:00:00+00:00
[2026-05-15T18:25:40.506+0000] {processor.py:208} INFO - Processing /workspaces/meu-primeiro-etl-airflow/dags/pipeline_etl_pratica.py took 0.082 seconds
[2026-05-15T18:26:44.099+0000] {processor.py:186} INFO - Started process (PID=105462) to work on /workspaces/meu-primeiro-etl-airflow/dags/pipeline_etl_pratica.py
[2026-05-15T18:26:44.099+0000] {processor.py:914} INFO - Processing file /workspaces/meu-primeiro-etl-airflow/dags/pipeline_etl_pratica.py for tasks to queue
[2026-05-15T18:26:44.101+0000] {logging_mixin.py:190} INFO - [2026-05-15T18:26:44.101+0000] {dagbag.py:588} INFO - Filling up the DagBag from /workspaces/meu-primeiro-etl-airflow/dags/pipeline_etl_pratica.py
[2026-05-15T18:26:44.110+0000] {processor.py:925} INFO - DAG(s) 'pipeline_etl_pratica' retrieved from /workspaces/meu-primeiro-etl-airflow/dags/pipeline_etl_pratica.py
[2026-05-15T18:26:44.125+0000] {logging_mixin.py:190} INFO - [2026-05-15T18:26:44.125+0000] {dag.py:3239} INFO - Sync 1 DAGs
[2026-05-15T18:26:44.144+0000] {logging_mixin.py:190} INFO - [2026-05-15T18:26:44.144+0000] {dag.py:4180} INFO - Setting next_dagrun for pipeline_etl_pratica to 2026-05-15 00:00:00+00:00, run_after=2026-05-16 00:00:00+00:00
[2026-05-15T18:26:44.165+0000] {processor.py:208} INFO - Processing /workspaces/meu-primeiro-etl-airflow/dags/pipeline_etl_pratica.py took 0.071 seconds
[2026-05-15T18:27:48.091+0000] {processor.py:186} INFO - Started process (PID=105939) to work on /workspaces/meu-primeiro-etl-airflow/dags/pipeline_etl_pratica.py
[2026-05-15T18:27:48.092+0000] {processor.py:914} INFO - Processing file /workspaces/meu-primeiro-etl-airflow/dags/pipeline_etl_pratica.py for tasks to queue
[2026-05-15T18:27:48.094+0000] {logging_mixin.py:190} INFO - [2026-05-15T18:27:48.093+0000] {dagbag.py:588} INFO - Filling up the DagBag from /workspaces/meu-primeiro-etl-airflow/dags/pipeline_etl_pratica.py
[2026-05-15T18:27:48.103+0000] {processor.py:925} INFO - DAG(s) 'pipeline_etl_pratica' retrieved from /workspaces/meu-primeiro-etl-airflow/dags/pipeline_etl_pratica.py
[2026-05-15T18:27:48.116+0000] {logging_mixin.py:190} INFO - [2026-05-15T18:27:48.116+0000] {dag.py:3239} INFO - Sync 1 DAGs
[2026-05-15T18:27:48.134+0000] {logging_mixin.py:190} INFO - [2026-05-15T18:27:48.134+0000] {dag.py:4180} INFO - Setting next_dagrun for pipeline_etl_pratica to 2026-05-15 00:00:00+00:00, run_after=2026-05-16 00:00:00+00:00
[2026-05-15T18:27:48.153+0000] {processor.py:208} INFO - Processing /workspaces/meu-primeiro-etl-airflow/dags/pipeline_etl_pratica.py took 0.069 seconds
[2026-05-15T18:28:51.721+0000] {processor.py:186} INFO - Started process (PID=106424) to work on /workspaces/meu-primeiro-etl-airflow/dags/pipeline_etl_pratica.py
[2026-05-15T18:28:51.722+0000] {processor.py:914} INFO - Processing file /workspaces/meu-primeiro-etl-airflow/dags/pipeline_etl_pratica.py for tasks to queue
[2026-05-15T18:28:51.724+0000] {logging_mixin.py:190} INFO - [2026-05-15T18:28:51.723+0000] {dagbag.py:588} INFO - Filling up the DagBag from /workspaces/meu-primeiro-etl-airflow/dags/pipeline_etl_pratica.py
[2026-05-15T18:28:51.732+0000] {processor.py:925} INFO - DAG(s) 'pipeline_etl_pratica' retrieved from /workspaces/meu-primeiro-etl-airflow/dags/pipeline_etl_pratica.py
[2026-05-15T18:28:51.746+0000] {logging_mixin.py:190} INFO - [2026-05-15T18:28:51.745+0000] {dag.py:3239} INFO - Sync 1 DAGs
[2026-05-15T18:28:51.764+0000] {logging_mixin.py:190} INFO - [2026-05-15T18:28:51.764+0000] {dag.py:4180} INFO - Setting next_dagrun for pipeline_etl_pratica to 2026-05-15 00:00:00+00:00, run_after=2026-05-16 00:00:00+00:00
[2026-05-15T18:28:51.784+0000] {processor.py:208} INFO - Processing /workspaces/meu-primeiro-etl-airflow/dags/pipeline_etl_pratica.py took 0.068 seconds
[2026-05-15T18:29:48.839+0000] {processor.py:186} INFO - Started process (PID=106889) to work on /workspaces/meu-primeiro-etl-airflow/dags/pipeline_etl_pratica.py
[2026-05-15T18:29:48.839+0000] {processor.py:914} INFO - Processing file /workspaces/meu-primeiro-etl-airflow/dags/pipeline_etl_pratica.py for tasks to queue
[2026-05-15T18:29:48.841+0000] {logging_mixin.py:190} INFO - [2026-05-15T18:29:48.841+0000] {dagbag.py:588} INFO - Filling up the DagBag from /workspaces/meu-primeiro-etl-airflow/dags/pipeline_etl_pratica.py
[2026-05-15T18:29:48.849+0000] {processor.py:925} INFO - DAG(s) 'pipeline_etl_pratica' retrieved from /workspaces/meu-primeiro-etl-airflow/dags/pipeline_etl_pratica.py
[2026-05-15T18:29:48.862+0000] {logging_mixin.py:190} INFO - [2026-05-15T18:29:48.861+0000] {dag.py:3239} INFO - Sync 1 DAGs
[2026-05-15T18:29:48.881+0000] {logging_mixin.py:190} INFO - [2026-05-15T18:29:48.881+0000] {dag.py:4180} INFO - Setting next_dagrun for pipeline_etl_pratica to 2026-05-15 00:00:00+00:00, run_after=2026-05-16 00:00:00+00:00
[2026-05-15T18:29:48.899+0000] {processor.py:208} INFO - Processing /workspaces/meu-primeiro-etl-airflow/dags/pipeline_etl_pratica.py took 0.065 seconds
[2026-05-15T18:30:47.609+0000] {processor.py:186} INFO - Started process (PID=107354) to work on /workspaces/meu-primeiro-etl-airflow/dags/pipeline_etl_pratica.py
[2026-05-15T18:30:47.610+0000] {processor.py:914} INFO - Processing file /workspaces/meu-primeiro-etl-airflow/dags/pipeline_etl_pratica.py for tasks to queue
[2026-05-15T18:30:47.612+0000] {logging_mixin.py:190} INFO - [2026-05-15T18:30:47.611+0000] {dagbag.py:588} INFO - Filling up the DagBag from /workspaces/meu-primeiro-etl-airflow/dags/pipeline_etl_pratica.py
[2026-05-15T18:30:47.620+0000] {processor.py:925} INFO - DAG(s) 'pipeline_etl_pratica' retrieved from /workspaces/meu-primeiro-etl-airflow/dags/pipeline_etl_pratica.py
[2026-05-15T18:30:47.632+0000] {logging_mixin.py:190} INFO - [2026-05-15T18:30:47.632+0000] {dag.py:3239} INFO - Sync 1 DAGs
[2026-05-15T18:30:47.649+0000] {logging_mixin.py:190} INFO - [2026-05-15T18:30:47.649+0000] {dag.py:4180} INFO - Setting next_dagrun for pipeline_etl_pratica to 2026-05-15 00:00:00+00:00, run_after=2026-05-16 00:00:00+00:00
[2026-05-15T18:30:47.665+0000] {processor.py:208} INFO - Processing /workspaces/meu-primeiro-etl-airflow/dags/pipeline_etl_pratica.py took 0.061 seconds
[2026-05-15T18:31:48.628+0000] {processor.py:186} INFO - Started process (PID=107821) to work on /workspaces/meu-primeiro-etl-airflow/dags/pipeline_etl_pratica.py
[2026-05-15T18:31:48.629+0000] {processor.py:914} INFO - Processing file /workspaces/meu-primeiro-etl-airflow/dags/pipeline_etl_pratica.py for tasks to queue
[2026-05-15T18:31:48.630+0000] {logging_mixin.py:190} INFO - [2026-05-15T18:31:48.630+0000] {dagbag.py:588} INFO - Filling up the DagBag from /workspaces/meu-primeiro-etl-airflow/dags/pipeline_etl_pratica.py
[2026-05-15T18:31:48.640+0000] {processor.py:925} INFO - DAG(s) 'pipeline_etl_pratica' retrieved from /workspaces/meu-primeiro-etl-airflow/dags/pipeline_etl_pratica.py
[2026-05-15T18:31:48.654+0000] {logging_mixin.py:190} INFO - [2026-05-15T18:31:48.654+0000] {dag.py:3239} INFO - Sync 1 DAGs
[2026-05-15T18:31:48.677+0000] {logging_mixin.py:190} INFO - [2026-05-15T18:31:48.677+0000] {dag.py:4180} INFO - Setting next_dagrun for pipeline_etl_pratica to 2026-05-15 00:00:00+00:00, run_after=2026-05-16 00:00:00+00:00
[2026-05-15T18:31:48.701+0000] {processor.py:208} INFO - Processing /workspaces/meu-primeiro-etl-airflow/dags/pipeline_etl_pratica.py took 0.078 seconds
[2026-05-15T18:32:48.002+0000] {processor.py:186} INFO - Started process (PID=108261) to work on /workspaces/meu-primeiro-etl-airflow/dags/pipeline_etl_pratica.py
[2026-05-15T18:32:48.003+0000] {processor.py:914} INFO - Processing file /workspaces/meu-primeiro-etl-airflow/dags/pipeline_etl_pratica.py for tasks to queue
[2026-05-15T18:32:48.005+0000] {logging_mixin.py:190} INFO - [2026-05-15T18:32:48.005+0000] {dagbag.py:588} INFO - Filling up the DagBag from /workspaces/meu-primeiro-etl-airflow/dags/pipeline_etl_pratica.py
[2026-05-15T18:32:48.014+0000] {processor.py:925} INFO - DAG(s) 'pipeline_etl_pratica' retrieved from /workspaces/meu-primeiro-etl-airflow/dags/pipeline_etl_pratica.py
[2026-05-15T18:32:48.029+0000] {logging_mixin.py:190} INFO - [2026-05-15T18:32:48.029+0000] {dag.py:3239} INFO - Sync 1 DAGs
[2026-05-15T18:32:48.049+0000] {logging_mixin.py:190} INFO - [2026-05-15T18:32:48.049+0000] {dag.py:4180} INFO - Setting next_dagrun for pipeline_etl_pratica to 2026-05-15 00:00:00+00:00, run_after=2026-05-16 00:00:00+00:00
[2026-05-15T18:32:48.071+0000] {processor.py:208} INFO - Processing /workspaces/meu-primeiro-etl-airflow/dags/pipeline_etl_pratica.py took 0.075 seconds
[2026-05-15T18:33:53.197+0000] {processor.py:186} INFO - Started process (PID=108773) to work on /workspaces/meu-primeiro-etl-airflow/dags/pipeline_etl_pratica.py
[2026-05-15T18:33:53.198+0000] {processor.py:914} INFO - Processing file /workspaces/meu-primeiro-etl-airflow/dags/pipeline_etl_pratica.py for tasks to queue
[2026-05-15T18:33:53.201+0000] {logging_mixin.py:190} INFO - [2026-05-15T18:33:53.200+0000] {dagbag.py:588} INFO - Filling up the DagBag from /workspaces/meu-primeiro-etl-airflow/dags/pipeline_etl_pratica.py
[2026-05-15T18:33:53.213+0000] {processor.py:925} INFO - DAG(s) 'pipeline_etl_pratica' retrieved from /workspaces/meu-primeiro-etl-airflow/dags/pipeline_etl_pratica.py
[2026-05-15T18:33:53.246+0000] {logging_mixin.py:190} INFO - [2026-05-15T18:33:53.245+0000] {dag.py:3239} INFO - Sync 1 DAGs
[2026-05-15T18:33:53.268+0000] {logging_mixin.py:190} INFO - [2026-05-15T18:33:53.267+0000] {dag.py:4180} INFO - Setting next_dagrun for pipeline_etl_pratica to 2026-05-15 00:00:00+00:00, run_after=2026-05-16 00:00:00+00:00
[2026-05-15T18:33:53.292+0000] {processor.py:208} INFO - Processing /workspaces/meu-primeiro-etl-airflow/dags/pipeline_etl_pratica.py took 0.102 seconds
[2026-05-15T18:34:58.645+0000] {processor.py:186} INFO - Started process (PID=109288) to work on /workspaces/meu-primeiro-etl-airflow/dags/pipeline_etl_pratica.py
[2026-05-15T18:34:58.645+0000] {processor.py:914} INFO - Processing file /workspaces/meu-primeiro-etl-airflow/dags/pipeline_etl_pratica.py for tasks to queue
[2026-05-15T18:34:58.647+0000] {logging_mixin.py:190} INFO - [2026-05-15T18:34:58.647+0000] {dagbag.py:588} INFO - Filling up the DagBag from /workspaces/meu-primeiro-etl-airflow/dags/pipeline_etl_pratica.py
[2026-05-15T18:34:58.655+0000] {processor.py:925} INFO - DAG(s) 'pipeline_etl_pratica' retrieved from /workspaces/meu-primeiro-etl-airflow/dags/pipeline_etl_pratica.py
[2026-05-15T18:34:58.668+0000] {logging_mixin.py:190} INFO - [2026-05-15T18:34:58.668+0000] {dag.py:3239} INFO - Sync 1 DAGs
[2026-05-15T18:34:58.688+0000] {logging_mixin.py:190} INFO - [2026-05-15T18:34:58.688+0000] {dag.py:4180} INFO - Setting next_dagrun for pipeline_etl_pratica to 2026-05-15 00:00:00+00:00, run_after=2026-05-16 00:00:00+00:00
[2026-05-15T18:34:58.706+0000] {processor.py:208} INFO - Processing /workspaces/meu-primeiro-etl-airflow/dags/pipeline_etl_pratica.py took 0.066 seconds
[2026-05-15T18:36:02.377+0000] {processor.py:186} INFO - Started process (PID=109772) to work on /workspaces/meu-primeiro-etl-airflow/dags/pipeline_etl_pratica.py
[2026-05-15T18:36:02.378+0000] {processor.py:914} INFO - Processing file /workspaces/meu-primeiro-etl-airflow/dags/pipeline_etl_pratica.py for tasks to queue
[2026-05-15T18:36:02.380+0000] {logging_mixin.py:190} INFO - [2026-05-15T18:36:02.380+0000] {dagbag.py:588} INFO - Filling up the DagBag from /workspaces/meu-primeiro-etl-airflow/dags/pipeline_etl_pratica.py
[2026-05-15T18:36:02.393+0000] {processor.py:925} INFO - DAG(s) 'pipeline_etl_pratica' retrieved from /workspaces/meu-primeiro-etl-airflow/dags/pipeline_etl_pratica.py
[2026-05-15T18:36:02.408+0000] {logging_mixin.py:190} INFO - [2026-05-15T18:36:02.408+0000] {dag.py:3239} INFO - Sync 1 DAGs
[2026-05-15T18:36:02.440+0000] {logging_mixin.py:190} INFO - [2026-05-15T18:36:02.440+0000] {dag.py:4180} INFO - Setting next_dagrun for pipeline_etl_pratica to 2026-05-15 00:00:00+00:00, run_after=2026-05-16 00:00:00+00:00
[2026-05-15T18:36:02.464+0000] {processor.py:208} INFO - Processing /workspaces/meu-primeiro-etl-airflow/dags/pipeline_etl_pratica.py took 0.094 seconds
[2026-05-15T18:37:02.450+0000] {processor.py:186} INFO - Started process (PID=110234) to work on /workspaces/meu-primeiro-etl-airflow/dags/pipeline_etl_pratica.py
[2026-05-15T18:37:02.451+0000] {processor.py:914} INFO - Processing file /workspaces/meu-primeiro-etl-airflow/dags/pipeline_etl_pratica.py for tasks to queue
[2026-05-15T18:37:02.452+0000] {logging_mixin.py:190} INFO - [2026-05-15T18:37:02.452+0000] {dagbag.py:588} INFO - Filling up the DagBag from /workspaces/meu-primeiro-etl-airflow/dags/pipeline_etl_pratica.py
[2026-05-15T18:37:02.461+0000] {processor.py:925} INFO - DAG(s) 'pipeline_etl_pratica' retrieved from /workspaces/meu-primeiro-etl-airflow/dags/pipeline_etl_pratica.py
[2026-05-15T18:37:02.476+0000] {logging_mixin.py:190} INFO - [2026-05-15T18:37:02.476+0000] {dag.py:3239} INFO - Sync 1 DAGs
[2026-05-15T18:37:02.503+0000] {logging_mixin.py:190} INFO - [2026-05-15T18:37:02.502+0000] {dag.py:4180} INFO - Setting next_dagrun for pipeline_etl_pratica to 2026-05-15 00:00:00+00:00, run_after=2026-05-16 00:00:00+00:00
[2026-05-15T18:37:02.522+0000] {processor.py:208} INFO - Processing /workspaces/meu-primeiro-etl-airflow/dags/pipeline_etl_pratica.py took 0.077 seconds
[2026-05-15T18:38:01.893+0000] {processor.py:186} INFO - Started process (PID=110700) to work on /workspaces/meu-primeiro-etl-airflow/dags/pipeline_etl_pratica.py
[2026-05-15T18:38:01.894+0000] {processor.py:914} INFO - Processing file /workspaces/meu-primeiro-etl-airflow/dags/pipeline_etl_pratica.py for tasks to queue
[2026-05-15T18:38:01.895+0000] {logging_mixin.py:190} INFO - [2026-05-15T18:38:01.895+0000] {dagbag.py:588} INFO - Filling up the DagBag from /workspaces/meu-primeiro-etl-airflow/dags/pipeline_etl_pratica.py
[2026-05-15T18:38:01.904+0000] {processor.py:925} INFO - DAG(s) 'pipeline_etl_pratica' retrieved from /workspaces/meu-primeiro-etl-airflow/dags/pipeline_etl_pratica.py
[2026-05-15T18:38:01.917+0000] {logging_mixin.py:190} INFO - [2026-05-15T18:38:01.916+0000] {dag.py:3239} INFO - Sync 1 DAGs
[2026-05-15T18:38:01.935+0000] {logging_mixin.py:190} INFO - [2026-05-15T18:38:01.934+0000] {dag.py:4180} INFO - Setting next_dagrun for pipeline_etl_pratica to 2026-05-15 00:00:00+00:00, run_after=2026-05-16 00:00:00+00:00
[2026-05-15T18:38:01.953+0000] {processor.py:208} INFO - Processing /workspaces/meu-primeiro-etl-airflow/dags/pipeline_etl_pratica.py took 0.065 seconds
[2026-05-15T18:39:01.086+0000] {processor.py:186} INFO - Started process (PID=111160) to work on /workspaces/meu-primeiro-etl-airflow/dags/pipeline_etl_pratica.py
[2026-05-15T18:39:01.086+0000] {processor.py:914} INFO - Processing file /workspaces/meu-primeiro-etl-airflow/dags/pipeline_etl_pratica.py for tasks to queue
[2026-05-15T18:39:01.089+0000] {logging_mixin.py:190} INFO - [2026-05-15T18:39:01.088+0000] {dagbag.py:588} INFO - Filling up the DagBag from /workspaces/meu-primeiro-etl-airflow/dags/pipeline_etl_pratica.py
[2026-05-15T18:39:01.098+0000] {processor.py:925} INFO - DAG(s) 'pipeline_etl_pratica' retrieved from /workspaces/meu-primeiro-etl-airflow/dags/pipeline_etl_pratica.py
[2026-05-15T18:39:01.110+0000] {logging_mixin.py:190} INFO - [2026-05-15T18:39:01.110+0000] {dag.py:3239} INFO - Sync 1 DAGs
[2026-05-15T18:39:01.127+0000] {logging_mixin.py:190} INFO - [2026-05-15T18:39:01.127+0000] {dag.py:4180} INFO - Setting next_dagrun for pipeline_etl_pratica to 2026-05-15 00:00:00+00:00, run_after=2026-05-16 00:00:00+00:00
[2026-05-15T18:39:01.143+0000] {processor.py:208} INFO - Processing /workspaces/meu-primeiro-etl-airflow/dags/pipeline_etl_pratica.py took 0.063 seconds
[2026-05-15T18:40:02.348+0000] {processor.py:186} INFO - Started process (PID=111646) to work on /workspaces/meu-primeiro-etl-airflow/dags/pipeline_etl_pratica.py
[2026-05-15T18:40:02.349+0000] {processor.py:914} INFO - Processing file /workspaces/meu-primeiro-etl-airflow/dags/pipeline_etl_pratica.py for tasks to queue
[2026-05-15T18:40:02.351+0000] {logging_mixin.py:190} INFO - [2026-05-15T18:40:02.350+0000] {dagbag.py:588} INFO - Filling up the DagBag from /workspaces/meu-primeiro-etl-airflow/dags/pipeline_etl_pratica.py
[2026-05-15T18:40:02.359+0000] {processor.py:925} INFO - DAG(s) 'pipeline_etl_pratica' retrieved from /workspaces/meu-primeiro-etl-airflow/dags/pipeline_etl_pratica.py
[2026-05-15T18:40:02.375+0000] {logging_mixin.py:190} INFO - [2026-05-15T18:40:02.374+0000] {dag.py:3239} INFO - Sync 1 DAGs
[2026-05-15T18:40:02.407+0000] {logging_mixin.py:190} INFO - [2026-05-15T18:40:02.407+0000] {dag.py:4180} INFO - Setting next_dagrun for pipeline_etl_pratica to 2026-05-15 00:00:00+00:00, run_after=2026-05-16 00:00:00+00:00
[2026-05-15T18:40:02.463+0000] {processor.py:208} INFO - Processing /workspaces/meu-primeiro-etl-airflow/dags/pipeline_etl_pratica.py took 0.120 seconds
[2026-05-15T18:41:01.945+0000] {processor.py:186} INFO - Started process (PID=112113) to work on /workspaces/meu-primeiro-etl-airflow/dags/pipeline_etl_pratica.py
[2026-05-15T18:41:01.946+0000] {processor.py:914} INFO - Processing file /workspaces/meu-primeiro-etl-airflow/dags/pipeline_etl_pratica.py for tasks to queue
[2026-05-15T18:41:01.948+0000] {logging_mixin.py:190} INFO - [2026-05-15T18:41:01.947+0000] {dagbag.py:588} INFO - Filling up the DagBag from /workspaces/meu-primeiro-etl-airflow/dags/pipeline_etl_pratica.py
[2026-05-15T18:41:01.957+0000] {processor.py:925} INFO - DAG(s) 'pipeline_etl_pratica' retrieved from /workspaces/meu-primeiro-etl-airflow/dags/pipeline_etl_pratica.py
[2026-05-15T18:41:01.972+0000] {logging_mixin.py:190} INFO - [2026-05-15T18:41:01.972+0000] {dag.py:3239} INFO - Sync 1 DAGs
[2026-05-15T18:41:01.997+0000] {logging_mixin.py:190} INFO - [2026-05-15T18:41:01.996+0000] {dag.py:4180} INFO - Setting next_dagrun for pipeline_etl_pratica to 2026-05-15 00:00:00+00:00, run_after=2026-05-16 00:00:00+00:00
[2026-05-15T18:41:02.016+0000] {processor.py:208} INFO - Processing /workspaces/meu-primeiro-etl-airflow/dags/pipeline_etl_pratica.py took 0.075 seconds
[2026-05-15T18:42:02.805+0000] {processor.py:186} INFO - Started process (PID=112581) to work on /workspaces/meu-primeiro-etl-airflow/dags/pipeline_etl_pratica.py
[2026-05-15T18:42:02.806+0000] {processor.py:914} INFO - Processing file /workspaces/meu-primeiro-etl-airflow/dags/pipeline_etl_pratica.py for tasks to queue
[2026-05-15T18:42:02.808+0000] {logging_mixin.py:190} INFO - [2026-05-15T18:42:02.807+0000] {dagbag.py:588} INFO - Filling up the DagBag from /workspaces/meu-primeiro-etl-airflow/dags/pipeline_etl_pratica.py
[2026-05-15T18:42:02.816+0000] {processor.py:925} INFO - DAG(s) 'pipeline_etl_pratica' retrieved from /workspaces/meu-primeiro-etl-airflow/dags/pipeline_etl_pratica.py
[2026-05-15T18:42:02.831+0000] {logging_mixin.py:190} INFO - [2026-05-15T18:42:02.830+0000] {dag.py:3239} INFO - Sync 1 DAGs
[2026-05-15T18:42:02.850+0000] {logging_mixin.py:190} INFO - [2026-05-15T18:42:02.850+0000] {dag.py:4180} INFO - Setting next_dagrun for pipeline_etl_pratica to 2026-05-15 00:00:00+00:00, run_after=2026-05-16 00:00:00+00:00
[2026-05-15T18:42:02.871+0000] {processor.py:208} INFO - Processing /workspaces/meu-primeiro-etl-airflow/dags/pipeline_etl_pratica.py took 0.070 seconds
[2026-05-15T18:43:01.894+0000] {processor.py:186} INFO - Started process (PID=113026) to work on /workspaces/meu-primeiro-etl-airflow/dags/pipeline_etl_pratica.py
[2026-05-15T18:43:01.895+0000] {processor.py:914} INFO - Processing file /workspaces/meu-primeiro-etl-airflow/dags/pipeline_etl_pratica.py for tasks to queue
[2026-05-15T18:43:01.897+0000] {logging_mixin.py:190} INFO - [2026-05-15T18:43:01.896+0000] {dagbag.py:588} INFO - Filling up the DagBag from /workspaces/meu-primeiro-etl-airflow/dags/pipeline_etl_pratica.py
[2026-05-15T18:43:01.906+0000] {processor.py:925} INFO - DAG(s) 'pipeline_etl_pratica' retrieved from /workspaces/meu-primeiro-etl-airflow/dags/pipeline_etl_pratica.py
[2026-05-15T18:43:01.920+0000] {logging_mixin.py:190} INFO - [2026-05-15T18:43:01.920+0000] {dag.py:3239} INFO - Sync 1 DAGs
[2026-05-15T18:43:01.939+0000] {logging_mixin.py:190} INFO - [2026-05-15T18:43:01.938+0000] {dag.py:4180} INFO - Setting next_dagrun for pipeline_etl_pratica to 2026-05-15 00:00:00+00:00, run_after=2026-05-16 00:00:00+00:00
[2026-05-15T18:43:01.961+0000] {processor.py:208} INFO - Processing /workspaces/meu-primeiro-etl-airflow/dags/pipeline_etl_pratica.py took 0.073 seconds
[2026-05-15T18:44:05.739+0000] {processor.py:186} INFO - Started process (PID=113530) to work on /workspaces/meu-primeiro-etl-airflow/dags/pipeline_etl_pratica.py
[2026-05-15T18:44:05.740+0000] {processor.py:914} INFO - Processing file /workspaces/meu-primeiro-etl-airflow/dags/pipeline_etl_pratica.py for tasks to queue
[2026-05-15T18:44:05.742+0000] {logging_mixin.py:190} INFO - [2026-05-15T18:44:05.741+0000] {dagbag.py:588} INFO - Filling up the DagBag from /workspaces/meu-primeiro-etl-airflow/dags/pipeline_etl_pratica.py
[2026-05-15T18:44:05.750+0000] {processor.py:925} INFO - DAG(s) 'pipeline_etl_pratica' retrieved from /workspaces/meu-primeiro-etl-airflow/dags/pipeline_etl_pratica.py
[2026-05-15T18:44:05.762+0000] {logging_mixin.py:190} INFO - [2026-05-15T18:44:05.762+0000] {dag.py:3239} INFO - Sync 1 DAGs
[2026-05-15T18:44:05.783+0000] {logging_mixin.py:190} INFO - [2026-05-15T18:44:05.783+0000] {dag.py:4180} INFO - Setting next_dagrun for pipeline_etl_pratica to 2026-05-15 00:00:00+00:00, run_after=2026-05-16 00:00:00+00:00
[2026-05-15T18:44:05.801+0000] {processor.py:208} INFO - Processing /workspaces/meu-primeiro-etl-airflow/dags/pipeline_etl_pratica.py took 0.066 seconds
[2026-05-15T18:45:02.013+0000] {processor.py:186} INFO - Started process (PID=113996) to work on /workspaces/meu-primeiro-etl-airflow/dags/pipeline_etl_pratica.py
[2026-05-15T18:45:02.014+0000] {processor.py:914} INFO - Processing file /workspaces/meu-primeiro-etl-airflow/dags/pipeline_etl_pratica.py for tasks to queue
[2026-05-15T18:45:02.017+0000] {logging_mixin.py:190} INFO - [2026-05-15T18:45:02.016+0000] {dagbag.py:588} INFO - Filling up the DagBag from /workspaces/meu-primeiro-etl-airflow/dags/pipeline_etl_pratica.py
[2026-05-15T18:45:02.028+0000] {processor.py:925} INFO - DAG(s) 'pipeline_etl_pratica' retrieved from /workspaces/meu-primeiro-etl-airflow/dags/pipeline_etl_pratica.py
[2026-05-15T18:45:02.046+0000] {logging_mixin.py:190} INFO - [2026-05-15T18:45:02.046+0000] {dag.py:3239} INFO - Sync 1 DAGs
[2026-05-15T18:45:02.076+0000] {logging_mixin.py:190} INFO - [2026-05-15T18:45:02.075+0000] {dag.py:4180} INFO - Setting next_dagrun for pipeline_etl_pratica to 2026-05-15 00:00:00+00:00, run_after=2026-05-16 00:00:00+00:00
[2026-05-15T18:45:02.098+0000] {processor.py:208} INFO - Processing /workspaces/meu-primeiro-etl-airflow/dags/pipeline_etl_pratica.py took 0.092 seconds
[2026-05-15T18:46:02.005+0000] {processor.py:186} INFO - Started process (PID=114462) to work on /workspaces/meu-primeiro-etl-airflow/dags/pipeline_etl_pratica.py
[2026-05-15T18:46:02.007+0000] {processor.py:914} INFO - Processing file /workspaces/meu-primeiro-etl-airflow/dags/pipeline_etl_pratica.py for tasks to queue
[2026-05-15T18:46:02.009+0000] {logging_mixin.py:190} INFO - [2026-05-15T18:46:02.009+0000] {dagbag.py:588} INFO - Filling up the DagBag from /workspaces/meu-primeiro-etl-airflow/dags/pipeline_etl_pratica.py
[2026-05-15T18:46:02.018+0000] {processor.py:925} INFO - DAG(s) 'pipeline_etl_pratica' retrieved from /workspaces/meu-primeiro-etl-airflow/dags/pipeline_etl_pratica.py
[2026-05-15T18:46:02.030+0000] {logging_mixin.py:190} INFO - [2026-05-15T18:46:02.030+0000] {dag.py:3239} INFO - Sync 1 DAGs
[2026-05-15T18:46:02.049+0000] {logging_mixin.py:190} INFO - [2026-05-15T18:46:02.048+0000] {dag.py:4180} INFO - Setting next_dagrun for pipeline_etl_pratica to 2026-05-15 00:00:00+00:00, run_after=2026-05-16 00:00:00+00:00
[2026-05-15T18:46:02.066+0000] {processor.py:208} INFO - Processing /workspaces/meu-primeiro-etl-airflow/dags/pipeline_etl_pratica.py took 0.067 seconds
[2026-05-15T18:47:02.288+0000] {processor.py:186} INFO - Started process (PID=114928) to work on /workspaces/meu-primeiro-etl-airflow/dags/pipeline_etl_pratica.py
[2026-05-15T18:47:02.289+0000] {processor.py:914} INFO - Processing file /workspaces/meu-primeiro-etl-airflow/dags/pipeline_etl_pratica.py for tasks to queue
[2026-05-15T18:47:02.292+0000] {logging_mixin.py:190} INFO - [2026-05-15T18:47:02.291+0000] {dagbag.py:588} INFO - Filling up the DagBag from /workspaces/meu-primeiro-etl-airflow/dags/pipeline_etl_pratica.py
[2026-05-15T18:47:02.301+0000] {processor.py:925} INFO - DAG(s) 'pipeline_etl_pratica' retrieved from /workspaces/meu-primeiro-etl-airflow/dags/pipeline_etl_pratica.py
[2026-05-15T18:47:02.315+0000] {logging_mixin.py:190} INFO - [2026-05-15T18:47:02.315+0000] {dag.py:3239} INFO - Sync 1 DAGs
[2026-05-15T18:47:02.334+0000] {logging_mixin.py:190} INFO - [2026-05-15T18:47:02.334+0000] {dag.py:4180} INFO - Setting next_dagrun for pipeline_etl_pratica to 2026-05-15 00:00:00+00:00, run_after=2026-05-16 00:00:00+00:00
[2026-05-15T18:47:02.353+0000] {processor.py:208} INFO - Processing /workspaces/meu-primeiro-etl-airflow/dags/pipeline_etl_pratica.py took 0.071 seconds
[2026-05-15T18:48:05.516+0000] {processor.py:186} INFO - Started process (PID=115403) to work on /workspaces/meu-primeiro-etl-airflow/dags/pipeline_etl_pratica.py
[2026-05-15T18:48:05.517+0000] {processor.py:914} INFO - Processing file /workspaces/meu-primeiro-etl-airflow/dags/pipeline_etl_pratica.py for tasks to queue
[2026-05-15T18:48:05.518+0000] {logging_mixin.py:190} INFO - [2026-05-15T18:48:05.518+0000] {dagbag.py:588} INFO - Filling up the DagBag from /workspaces/meu-primeiro-etl-airflow/dags/pipeline_etl_pratica.py
[2026-05-15T18:48:05.526+0000] {processor.py:925} INFO - DAG(s) 'pipeline_etl_pratica' retrieved from /workspaces/meu-primeiro-etl-airflow/dags/pipeline_etl_pratica.py
[2026-05-15T18:48:05.538+0000] {logging_mixin.py:190} INFO - [2026-05-15T18:48:05.538+0000] {dag.py:3239} INFO - Sync 1 DAGs
[2026-05-15T18:48:05.555+0000] {logging_mixin.py:190} INFO - [2026-05-15T18:48:05.555+0000] {dag.py:4180} INFO - Setting next_dagrun for pipeline_etl_pratica to 2026-05-15 00:00:00+00:00, run_after=2026-05-16 00:00:00+00:00
[2026-05-15T18:48:05.573+0000] {processor.py:208} INFO - Processing /workspaces/meu-primeiro-etl-airflow/dags/pipeline_etl_pratica.py took 0.061 seconds
[2026-05-15T18:49:05.930+0000] {processor.py:186} INFO - Started process (PID=115870) to work on /workspaces/meu-primeiro-etl-airflow/dags/pipeline_etl_pratica.py
[2026-05-15T18:49:05.931+0000] {processor.py:914} INFO - Processing file /workspaces/meu-primeiro-etl-airflow/dags/pipeline_etl_pratica.py for tasks to queue
[2026-05-15T18:49:05.933+0000] {logging_mixin.py:190} INFO - [2026-05-15T18:49:05.933+0000] {dagbag.py:588} INFO - Filling up the DagBag from /workspaces/meu-primeiro-etl-airflow/dags/pipeline_etl_pratica.py
[2026-05-15T18:49:05.941+0000] {processor.py:925} INFO - DAG(s) 'pipeline_etl_pratica' retrieved from /workspaces/meu-primeiro-etl-airflow/dags/pipeline_etl_pratica.py
[2026-05-15T18:49:05.954+0000] {logging_mixin.py:190} INFO - [2026-05-15T18:49:05.954+0000] {dag.py:3239} INFO - Sync 1 DAGs
[2026-05-15T18:49:05.971+0000] {logging_mixin.py:190} INFO - [2026-05-15T18:49:05.971+0000] {dag.py:4180} INFO - Setting next_dagrun for pipeline_etl_pratica to 2026-05-15 00:00:00+00:00, run_after=2026-05-16 00:00:00+00:00
[2026-05-15T18:49:05.993+0000] {processor.py:208} INFO - Processing /workspaces/meu-primeiro-etl-airflow/dags/pipeline_etl_pratica.py took 0.067 seconds
[2026-05-15T18:50:08.657+0000] {processor.py:186} INFO - Started process (PID=116378) to work on /workspaces/meu-primeiro-etl-airflow/dags/pipeline_etl_pratica.py
[2026-05-15T18:50:08.658+0000] {processor.py:914} INFO - Processing file /workspaces/meu-primeiro-etl-airflow/dags/pipeline_etl_pratica.py for tasks to queue
[2026-05-15T18:50:08.659+0000] {logging_mixin.py:190} INFO - [2026-05-15T18:50:08.659+0000] {dagbag.py:588} INFO - Filling up the DagBag from /workspaces/meu-primeiro-etl-airflow/dags/pipeline_etl_pratica.py
[2026-05-15T18:50:08.667+0000] {processor.py:925} INFO - DAG(s) 'pipeline_etl_pratica' retrieved from /workspaces/meu-primeiro-etl-airflow/dags/pipeline_etl_pratica.py
[2026-05-15T18:50:08.682+0000] {logging_mixin.py:190} INFO - [2026-05-15T18:50:08.682+0000] {dag.py:3239} INFO - Sync 1 DAGs
[2026-05-15T18:50:08.702+0000] {logging_mixin.py:190} INFO - [2026-05-15T18:50:08.702+0000] {dag.py:4180} INFO - Setting next_dagrun for pipeline_etl_pratica to 2026-05-15 00:00:00+00:00, run_after=2026-05-16 00:00:00+00:00
[2026-05-15T18:50:08.719+0000] {processor.py:208} INFO - Processing /workspaces/meu-primeiro-etl-airflow/dags/pipeline_etl_pratica.py took 0.066 seconds
[2026-05-15T18:51:11.648+0000] {processor.py:186} INFO - Started process (PID=116871) to work on /workspaces/meu-primeiro-etl-airflow/dags/pipeline_etl_pratica.py
[2026-05-15T18:51:11.648+0000] {processor.py:914} INFO - Processing file /workspaces/meu-primeiro-etl-airflow/dags/pipeline_etl_pratica.py for tasks to queue
[2026-05-15T18:51:11.650+0000] {logging_mixin.py:190} INFO - [2026-05-15T18:51:11.650+0000] {dagbag.py:588} INFO - Filling up the DagBag from /workspaces/meu-primeiro-etl-airflow/dags/pipeline_etl_pratica.py
[2026-05-15T18:51:11.658+0000] {processor.py:925} INFO - DAG(s) 'pipeline_etl_pratica' retrieved from /workspaces/meu-primeiro-etl-airflow/dags/pipeline_etl_pratica.py
[2026-05-15T18:51:11.670+0000] {logging_mixin.py:190} INFO - [2026-05-15T18:51:11.670+0000] {dag.py:3239} INFO - Sync 1 DAGs
[2026-05-15T18:51:11.692+0000] {logging_mixin.py:190} INFO - [2026-05-15T18:51:11.692+0000] {dag.py:4180} INFO - Setting next_dagrun for pipeline_etl_pratica to 2026-05-15 00:00:00+00:00, run_after=2026-05-16 00:00:00+00:00
[2026-05-15T18:51:11.711+0000] {processor.py:208} INFO - Processing /workspaces/meu-primeiro-etl-airflow/dags/pipeline_etl_pratica.py took 0.068 seconds
[2026-05-15T18:52:10.591+0000] {processor.py:186} INFO - Started process (PID=117312) to work on /workspaces/meu-primeiro-etl-airflow/dags/pipeline_etl_pratica.py
[2026-05-15T18:52:10.592+0000] {processor.py:914} INFO - Processing file /workspaces/meu-primeiro-etl-airflow/dags/pipeline_etl_pratica.py for tasks to queue
[2026-05-15T18:52:10.594+0000] {logging_mixin.py:190} INFO - [2026-05-15T18:52:10.594+0000] {dagbag.py:588} INFO - Filling up the DagBag from /workspaces/meu-primeiro-etl-airflow/dags/pipeline_etl_pratica.py
[2026-05-15T18:52:10.604+0000] {processor.py:925} INFO - DAG(s) 'pipeline_etl_pratica' retrieved from /workspaces/meu-primeiro-etl-airflow/dags/pipeline_etl_pratica.py
[2026-05-15T18:52:10.616+0000] {logging_mixin.py:190} INFO - [2026-05-15T18:52:10.616+0000] {dag.py:3239} INFO - Sync 1 DAGs
[2026-05-15T18:52:10.637+0000] {logging_mixin.py:190} INFO - [2026-05-15T18:52:10.637+0000] {dag.py:4180} INFO - Setting next_dagrun for pipeline_etl_pratica to 2026-05-15 00:00:00+00:00, run_after=2026-05-16 00:00:00+00:00
[2026-05-15T18:52:10.683+0000] {processor.py:208} INFO - Processing /workspaces/meu-primeiro-etl-airflow/dags/pipeline_etl_pratica.py took 0.097 seconds
[2026-05-15T18:53:08.389+0000] {processor.py:186} INFO - Started process (PID=117769) to work on /workspaces/meu-primeiro-etl-airflow/dags/pipeline_etl_pratica.py
[2026-05-15T18:53:08.390+0000] {processor.py:914} INFO - Processing file /workspaces/meu-primeiro-etl-airflow/dags/pipeline_etl_pratica.py for tasks to queue
[2026-05-15T18:53:08.392+0000] {logging_mixin.py:190} INFO - [2026-05-15T18:53:08.391+0000] {dagbag.py:588} INFO - Filling up the DagBag from /workspaces/meu-primeiro-etl-airflow/dags/pipeline_etl_pratica.py
[2026-05-15T18:53:08.401+0000] {processor.py:925} INFO - DAG(s) 'pipeline_etl_pratica' retrieved from /workspaces/meu-primeiro-etl-airflow/dags/pipeline_etl_pratica.py
[2026-05-15T18:53:08.413+0000] {logging_mixin.py:190} INFO - [2026-05-15T18:53:08.413+0000] {dag.py:3239} INFO - Sync 1 DAGs
[2026-05-15T18:53:08.430+0000] {logging_mixin.py:190} INFO - [2026-05-15T18:53:08.430+0000] {dag.py:4180} INFO - Setting next_dagrun for pipeline_etl_pratica to 2026-05-15 00:00:00+00:00, run_after=2026-05-16 00:00:00+00:00
[2026-05-15T18:53:08.446+0000] {processor.py:208} INFO - Processing /workspaces/meu-primeiro-etl-airflow/dags/pipeline_etl_pratica.py took 0.063 seconds
