[2026-05-18T15:20:02.337+0000] {processor.py:186} INFO - Started process (PID=60940) to work on /workspaces/meu-primeiro-etl-airflow/dags/dag_inferencia_titanic.py
[2026-05-18T15:20:02.337+0000] {processor.py:914} INFO - Processing file /workspaces/meu-primeiro-etl-airflow/dags/dag_inferencia_titanic.py for tasks to queue
[2026-05-18T15:20:02.339+0000] {logging_mixin.py:190} INFO - [2026-05-18T15:20:02.339+0000] {dagbag.py:588} INFO - Filling up the DagBag from /workspaces/meu-primeiro-etl-airflow/dags/dag_inferencia_titanic.py
[2026-05-18T15:20:03.396+0000] {processor.py:925} INFO - DAG(s) 'atv7_inferencia_titanic_v1' retrieved from /workspaces/meu-primeiro-etl-airflow/dags/dag_inferencia_titanic.py
[2026-05-18T15:20:03.545+0000] {logging_mixin.py:190} INFO - [2026-05-18T15:20:03.544+0000] {override.py:1900} INFO - Created Permission View: can delete on DAG:atv7_inferencia_titanic_v1
[2026-05-18T15:20:03.559+0000] {logging_mixin.py:190} INFO - [2026-05-18T15:20:03.558+0000] {override.py:1900} INFO - Created Permission View: can read on DAG:atv7_inferencia_titanic_v1
[2026-05-18T15:20:03.589+0000] {logging_mixin.py:190} INFO - [2026-05-18T15:20:03.588+0000] {override.py:1900} INFO - Created Permission View: can edit on DAG:atv7_inferencia_titanic_v1
[2026-05-18T15:20:03.603+0000] {logging_mixin.py:190} INFO - [2026-05-18T15:20:03.602+0000] {override.py:1900} INFO - Created Permission View: can delete on DAG Run:atv7_inferencia_titanic_v1
[2026-05-18T15:20:03.612+0000] {logging_mixin.py:190} INFO - [2026-05-18T15:20:03.612+0000] {override.py:1900} INFO - Created Permission View: can read on DAG Run:atv7_inferencia_titanic_v1
[2026-05-18T15:20:03.621+0000] {logging_mixin.py:190} INFO - [2026-05-18T15:20:03.621+0000] {override.py:1900} INFO - Created Permission View: menu access on DAG Run:atv7_inferencia_titanic_v1
[2026-05-18T15:20:03.634+0000] {logging_mixin.py:190} INFO - [2026-05-18T15:20:03.634+0000] {override.py:1900} INFO - Created Permission View: can create on DAG Run:atv7_inferencia_titanic_v1
[2026-05-18T15:20:03.635+0000] {logging_mixin.py:190} INFO - [2026-05-18T15:20:03.635+0000] {dag.py:3239} INFO - Sync 1 DAGs
[2026-05-18T15:20:03.648+0000] {logging_mixin.py:190} INFO - [2026-05-18T15:20:03.648+0000] {dag.py:3262} INFO - Creating ORM DAG for atv7_inferencia_titanic_v1
[2026-05-18T15:20:03.649+0000] {logging_mixin.py:190} INFO - [2026-05-18T15:20:03.649+0000] {dag.py:4180} INFO - Setting next_dagrun for atv7_inferencia_titanic_v1 to None, run_after=None
[2026-05-18T15:20:03.665+0000] {processor.py:208} INFO - Processing /workspaces/meu-primeiro-etl-airflow/dags/dag_inferencia_titanic.py took 1.332 seconds
[2026-05-18T15:21:13.898+0000] {processor.py:186} INFO - Started process (PID=61852) to work on /workspaces/meu-primeiro-etl-airflow/dags/dag_inferencia_titanic.py
[2026-05-18T15:21:13.899+0000] {processor.py:914} INFO - Processing file /workspaces/meu-primeiro-etl-airflow/dags/dag_inferencia_titanic.py for tasks to queue
[2026-05-18T15:21:13.901+0000] {logging_mixin.py:190} INFO - [2026-05-18T15:21:13.900+0000] {dagbag.py:588} INFO - Filling up the DagBag from /workspaces/meu-primeiro-etl-airflow/dags/dag_inferencia_titanic.py
[2026-05-18T15:21:14.969+0000] {processor.py:925} INFO - DAG(s) 'atv7_inferencia_titanic_v1' retrieved from /workspaces/meu-primeiro-etl-airflow/dags/dag_inferencia_titanic.py
[2026-05-18T15:21:14.978+0000] {logging_mixin.py:190} INFO - [2026-05-18T15:21:14.978+0000] {dag.py:3239} INFO - Sync 1 DAGs
[2026-05-18T15:21:14.989+0000] {logging_mixin.py:190} INFO - [2026-05-18T15:21:14.988+0000] {dag.py:4180} INFO - Setting next_dagrun for atv7_inferencia_titanic_v1 to None, run_after=None
[2026-05-18T15:21:15.005+0000] {processor.py:208} INFO - Processing /workspaces/meu-primeiro-etl-airflow/dags/dag_inferencia_titanic.py took 1.111 seconds
[2026-05-18T15:21:49.801+0000] {processor.py:186} INFO - Started process (PID=62186) to work on /workspaces/meu-primeiro-etl-airflow/dags/dag_inferencia_titanic.py
[2026-05-18T15:21:49.802+0000] {processor.py:914} INFO - Processing file /workspaces/meu-primeiro-etl-airflow/dags/dag_inferencia_titanic.py for tasks to queue
[2026-05-18T15:21:49.804+0000] {logging_mixin.py:190} INFO - [2026-05-18T15:21:49.804+0000] {dagbag.py:588} INFO - Filling up the DagBag from /workspaces/meu-primeiro-etl-airflow/dags/dag_inferencia_titanic.py
[2026-05-18T15:21:50.796+0000] {processor.py:925} INFO - DAG(s) 'atv7_inferencia_titanic_v1' retrieved from /workspaces/meu-primeiro-etl-airflow/dags/dag_inferencia_titanic.py
[2026-05-18T15:21:50.804+0000] {logging_mixin.py:190} INFO - [2026-05-18T15:21:50.804+0000] {dag.py:3239} INFO - Sync 1 DAGs
[2026-05-18T15:21:50.813+0000] {logging_mixin.py:190} INFO - [2026-05-18T15:21:50.813+0000] {dag.py:4180} INFO - Setting next_dagrun for atv7_inferencia_titanic_v1 to None, run_after=None
[2026-05-18T15:21:50.830+0000] {processor.py:208} INFO - Processing /workspaces/meu-primeiro-etl-airflow/dags/dag_inferencia_titanic.py took 1.035 seconds
[2026-05-18T15:22:51.919+0000] {processor.py:186} INFO - Started process (PID=62780) to work on /workspaces/meu-primeiro-etl-airflow/dags/dag_inferencia_titanic.py
[2026-05-18T15:22:51.920+0000] {processor.py:914} INFO - Processing file /workspaces/meu-primeiro-etl-airflow/dags/dag_inferencia_titanic.py for tasks to queue
[2026-05-18T15:22:51.921+0000] {logging_mixin.py:190} INFO - [2026-05-18T15:22:51.921+0000] {dagbag.py:588} INFO - Filling up the DagBag from /workspaces/meu-primeiro-etl-airflow/dags/dag_inferencia_titanic.py
[2026-05-18T15:22:52.906+0000] {processor.py:925} INFO - DAG(s) 'atv7_inferencia_titanic_v1' retrieved from /workspaces/meu-primeiro-etl-airflow/dags/dag_inferencia_titanic.py
[2026-05-18T15:22:52.913+0000] {logging_mixin.py:190} INFO - [2026-05-18T15:22:52.913+0000] {dag.py:3239} INFO - Sync 1 DAGs
[2026-05-18T15:22:52.921+0000] {logging_mixin.py:190} INFO - [2026-05-18T15:22:52.921+0000] {dag.py:4180} INFO - Setting next_dagrun for atv7_inferencia_titanic_v1 to None, run_after=None
[2026-05-18T15:22:52.936+0000] {processor.py:208} INFO - Processing /workspaces/meu-primeiro-etl-airflow/dags/dag_inferencia_titanic.py took 1.021 seconds
[2026-05-18T15:23:55.979+0000] {processor.py:186} INFO - Started process (PID=63412) to work on /workspaces/meu-primeiro-etl-airflow/dags/dag_inferencia_titanic.py
[2026-05-18T15:23:55.980+0000] {processor.py:914} INFO - Processing file /workspaces/meu-primeiro-etl-airflow/dags/dag_inferencia_titanic.py for tasks to queue
[2026-05-18T15:23:55.982+0000] {logging_mixin.py:190} INFO - [2026-05-18T15:23:55.981+0000] {dagbag.py:588} INFO - Filling up the DagBag from /workspaces/meu-primeiro-etl-airflow/dags/dag_inferencia_titanic.py
[2026-05-18T15:23:57.127+0000] {processor.py:925} INFO - DAG(s) 'atv7_inferencia_titanic_v1' retrieved from /workspaces/meu-primeiro-etl-airflow/dags/dag_inferencia_titanic.py
[2026-05-18T15:23:57.137+0000] {logging_mixin.py:190} INFO - [2026-05-18T15:23:57.137+0000] {dag.py:3239} INFO - Sync 1 DAGs
[2026-05-18T15:23:57.146+0000] {logging_mixin.py:190} INFO - [2026-05-18T15:23:57.146+0000] {dag.py:4180} INFO - Setting next_dagrun for atv7_inferencia_titanic_v1 to None, run_after=None
[2026-05-18T15:23:57.161+0000] {processor.py:208} INFO - Processing /workspaces/meu-primeiro-etl-airflow/dags/dag_inferencia_titanic.py took 1.188 seconds
[2026-05-18T15:24:31.757+0000] {processor.py:186} INFO - Started process (PID=63849) to work on /workspaces/meu-primeiro-etl-airflow/dags/dag_inferencia_titanic.py
[2026-05-18T15:24:31.758+0000] {processor.py:914} INFO - Processing file /workspaces/meu-primeiro-etl-airflow/dags/dag_inferencia_titanic.py for tasks to queue
[2026-05-18T15:24:31.760+0000] {logging_mixin.py:190} INFO - [2026-05-18T15:24:31.759+0000] {dagbag.py:588} INFO - Filling up the DagBag from /workspaces/meu-primeiro-etl-airflow/dags/dag_inferencia_titanic.py
[2026-05-18T15:24:32.794+0000] {processor.py:925} INFO - DAG(s) 'atv7_inferencia_titanic_v1' retrieved from /workspaces/meu-primeiro-etl-airflow/dags/dag_inferencia_titanic.py
[2026-05-18T15:24:32.803+0000] {logging_mixin.py:190} INFO - [2026-05-18T15:24:32.803+0000] {dag.py:3239} INFO - Sync 1 DAGs
[2026-05-18T15:24:32.812+0000] {logging_mixin.py:190} INFO - [2026-05-18T15:24:32.812+0000] {dag.py:4180} INFO - Setting next_dagrun for atv7_inferencia_titanic_v1 to None, run_after=None
[2026-05-18T15:24:32.827+0000] {processor.py:208} INFO - Processing /workspaces/meu-primeiro-etl-airflow/dags/dag_inferencia_titanic.py took 1.074 seconds
[2026-05-18T15:25:35.860+0000] {processor.py:186} INFO - Started process (PID=64543) to work on /workspaces/meu-primeiro-etl-airflow/dags/dag_inferencia_titanic.py
[2026-05-18T15:25:35.861+0000] {processor.py:914} INFO - Processing file /workspaces/meu-primeiro-etl-airflow/dags/dag_inferencia_titanic.py for tasks to queue
[2026-05-18T15:25:35.862+0000] {logging_mixin.py:190} INFO - [2026-05-18T15:25:35.862+0000] {dagbag.py:588} INFO - Filling up the DagBag from /workspaces/meu-primeiro-etl-airflow/dags/dag_inferencia_titanic.py
[2026-05-18T15:25:37.105+0000] {processor.py:925} INFO - DAG(s) 'atv7_inferencia_titanic_v1' retrieved from /workspaces/meu-primeiro-etl-airflow/dags/dag_inferencia_titanic.py
[2026-05-18T15:25:37.114+0000] {logging_mixin.py:190} INFO - [2026-05-18T15:25:37.113+0000] {dag.py:3239} INFO - Sync 1 DAGs
[2026-05-18T15:25:37.122+0000] {logging_mixin.py:190} INFO - [2026-05-18T15:25:37.122+0000] {dag.py:4180} INFO - Setting next_dagrun for atv7_inferencia_titanic_v1 to None, run_after=None
[2026-05-18T15:25:37.137+0000] {processor.py:208} INFO - Processing /workspaces/meu-primeiro-etl-airflow/dags/dag_inferencia_titanic.py took 1.282 seconds
[2026-05-18T15:26:39.928+0000] {processor.py:186} INFO - Started process (PID=65194) to work on /workspaces/meu-primeiro-etl-airflow/dags/dag_inferencia_titanic.py
[2026-05-18T15:26:39.929+0000] {processor.py:914} INFO - Processing file /workspaces/meu-primeiro-etl-airflow/dags/dag_inferencia_titanic.py for tasks to queue
[2026-05-18T15:26:39.930+0000] {logging_mixin.py:190} INFO - [2026-05-18T15:26:39.930+0000] {dagbag.py:588} INFO - Filling up the DagBag from /workspaces/meu-primeiro-etl-airflow/dags/dag_inferencia_titanic.py
[2026-05-18T15:26:41.147+0000] {processor.py:925} INFO - DAG(s) 'atv7_inferencia_titanic_v1' retrieved from /workspaces/meu-primeiro-etl-airflow/dags/dag_inferencia_titanic.py
[2026-05-18T15:26:41.155+0000] {logging_mixin.py:190} INFO - [2026-05-18T15:26:41.155+0000] {dag.py:3239} INFO - Sync 1 DAGs
[2026-05-18T15:26:41.167+0000] {logging_mixin.py:190} INFO - [2026-05-18T15:26:41.167+0000] {dag.py:4180} INFO - Setting next_dagrun for atv7_inferencia_titanic_v1 to None, run_after=None
[2026-05-18T15:26:41.186+0000] {processor.py:208} INFO - Processing /workspaces/meu-primeiro-etl-airflow/dags/dag_inferencia_titanic.py took 1.262 seconds
[2026-05-18T15:27:16.582+0000] {processor.py:186} INFO - Started process (PID=65646) to work on /workspaces/meu-primeiro-etl-airflow/dags/dag_inferencia_titanic.py
[2026-05-18T15:27:16.583+0000] {processor.py:914} INFO - Processing file /workspaces/meu-primeiro-etl-airflow/dags/dag_inferencia_titanic.py for tasks to queue
[2026-05-18T15:27:16.585+0000] {logging_mixin.py:190} INFO - [2026-05-18T15:27:16.585+0000] {dagbag.py:588} INFO - Filling up the DagBag from /workspaces/meu-primeiro-etl-airflow/dags/dag_inferencia_titanic.py
[2026-05-18T15:27:17.572+0000] {processor.py:925} INFO - DAG(s) 'atv7_inferencia_titanic_v1' retrieved from /workspaces/meu-primeiro-etl-airflow/dags/dag_inferencia_titanic.py
[2026-05-18T15:27:17.584+0000] {logging_mixin.py:190} INFO - [2026-05-18T15:27:17.583+0000] {dag.py:3239} INFO - Sync 1 DAGs
[2026-05-18T15:27:17.597+0000] {logging_mixin.py:190} INFO - [2026-05-18T15:27:17.597+0000] {dag.py:4180} INFO - Setting next_dagrun for atv7_inferencia_titanic_v1 to None, run_after=None
[2026-05-18T15:27:17.631+0000] {processor.py:208} INFO - Processing /workspaces/meu-primeiro-etl-airflow/dags/dag_inferencia_titanic.py took 1.055 seconds
[2026-05-18T15:28:19.790+0000] {processor.py:186} INFO - Started process (PID=66250) to work on /workspaces/meu-primeiro-etl-airflow/dags/dag_inferencia_titanic.py
[2026-05-18T15:28:19.791+0000] {processor.py:914} INFO - Processing file /workspaces/meu-primeiro-etl-airflow/dags/dag_inferencia_titanic.py for tasks to queue
[2026-05-18T15:28:19.793+0000] {logging_mixin.py:190} INFO - [2026-05-18T15:28:19.792+0000] {dagbag.py:588} INFO - Filling up the DagBag from /workspaces/meu-primeiro-etl-airflow/dags/dag_inferencia_titanic.py
[2026-05-18T15:28:21.084+0000] {processor.py:925} INFO - DAG(s) 'atv7_inferencia_titanic_v1' retrieved from /workspaces/meu-primeiro-etl-airflow/dags/dag_inferencia_titanic.py
[2026-05-18T15:28:21.092+0000] {logging_mixin.py:190} INFO - [2026-05-18T15:28:21.092+0000] {dag.py:3239} INFO - Sync 1 DAGs
[2026-05-18T15:28:21.103+0000] {logging_mixin.py:190} INFO - [2026-05-18T15:28:21.103+0000] {dag.py:4180} INFO - Setting next_dagrun for atv7_inferencia_titanic_v1 to None, run_after=None
[2026-05-18T15:28:21.119+0000] {processor.py:208} INFO - Processing /workspaces/meu-primeiro-etl-airflow/dags/dag_inferencia_titanic.py took 1.332 seconds
[2026-05-18T15:29:22.845+0000] {processor.py:186} INFO - Started process (PID=66892) to work on /workspaces/meu-primeiro-etl-airflow/dags/dag_inferencia_titanic.py
[2026-05-18T15:29:22.847+0000] {processor.py:914} INFO - Processing file /workspaces/meu-primeiro-etl-airflow/dags/dag_inferencia_titanic.py for tasks to queue
[2026-05-18T15:29:22.851+0000] {logging_mixin.py:190} INFO - [2026-05-18T15:29:22.850+0000] {dagbag.py:588} INFO - Filling up the DagBag from /workspaces/meu-primeiro-etl-airflow/dags/dag_inferencia_titanic.py
[2026-05-18T15:29:23.853+0000] {processor.py:925} INFO - DAG(s) 'atv7_inferencia_titanic_v1' retrieved from /workspaces/meu-primeiro-etl-airflow/dags/dag_inferencia_titanic.py
[2026-05-18T15:29:23.862+0000] {logging_mixin.py:190} INFO - [2026-05-18T15:29:23.862+0000] {dag.py:3239} INFO - Sync 1 DAGs
[2026-05-18T15:29:23.872+0000] {logging_mixin.py:190} INFO - [2026-05-18T15:29:23.872+0000] {dag.py:4180} INFO - Setting next_dagrun for atv7_inferencia_titanic_v1 to None, run_after=None
[2026-05-18T15:29:23.921+0000] {processor.py:208} INFO - Processing /workspaces/meu-primeiro-etl-airflow/dags/dag_inferencia_titanic.py took 1.090 seconds
[2026-05-18T15:30:26.905+0000] {processor.py:186} INFO - Started process (PID=67553) to work on /workspaces/meu-primeiro-etl-airflow/dags/dag_inferencia_titanic.py
[2026-05-18T15:30:26.906+0000] {processor.py:914} INFO - Processing file /workspaces/meu-primeiro-etl-airflow/dags/dag_inferencia_titanic.py for tasks to queue
[2026-05-18T15:30:26.909+0000] {logging_mixin.py:190} INFO - [2026-05-18T15:30:26.908+0000] {dagbag.py:588} INFO - Filling up the DagBag from /workspaces/meu-primeiro-etl-airflow/dags/dag_inferencia_titanic.py
[2026-05-18T15:30:28.028+0000] {processor.py:925} INFO - DAG(s) 'atv7_inferencia_titanic_v1' retrieved from /workspaces/meu-primeiro-etl-airflow/dags/dag_inferencia_titanic.py
[2026-05-18T15:30:28.042+0000] {logging_mixin.py:190} INFO - [2026-05-18T15:30:28.042+0000] {dag.py:3239} INFO - Sync 1 DAGs
[2026-05-18T15:30:28.056+0000] {logging_mixin.py:190} INFO - [2026-05-18T15:30:28.056+0000] {dag.py:4180} INFO - Setting next_dagrun for atv7_inferencia_titanic_v1 to None, run_after=None
[2026-05-18T15:30:28.099+0000] {processor.py:208} INFO - Processing /workspaces/meu-primeiro-etl-airflow/dags/dag_inferencia_titanic.py took 1.201 seconds
[2026-05-18T15:31:28.918+0000] {processor.py:186} INFO - Started process (PID=68203) to work on /workspaces/meu-primeiro-etl-airflow/dags/dag_inferencia_titanic.py
[2026-05-18T15:31:28.919+0000] {processor.py:914} INFO - Processing file /workspaces/meu-primeiro-etl-airflow/dags/dag_inferencia_titanic.py for tasks to queue
[2026-05-18T15:31:28.922+0000] {logging_mixin.py:190} INFO - [2026-05-18T15:31:28.922+0000] {dagbag.py:588} INFO - Filling up the DagBag from /workspaces/meu-primeiro-etl-airflow/dags/dag_inferencia_titanic.py
[2026-05-18T15:31:29.893+0000] {processor.py:925} INFO - DAG(s) 'atv7_inferencia_titanic_v1' retrieved from /workspaces/meu-primeiro-etl-airflow/dags/dag_inferencia_titanic.py
[2026-05-18T15:31:29.902+0000] {logging_mixin.py:190} INFO - [2026-05-18T15:31:29.901+0000] {dag.py:3239} INFO - Sync 1 DAGs
[2026-05-18T15:31:29.910+0000] {logging_mixin.py:190} INFO - [2026-05-18T15:31:29.910+0000] {dag.py:4180} INFO - Setting next_dagrun for atv7_inferencia_titanic_v1 to None, run_after=None
[2026-05-18T15:31:29.926+0000] {processor.py:208} INFO - Processing /workspaces/meu-primeiro-etl-airflow/dags/dag_inferencia_titanic.py took 1.014 seconds
[2026-05-18T15:32:34.346+0000] {processor.py:186} INFO - Started process (PID=68877) to work on /workspaces/meu-primeiro-etl-airflow/dags/dag_inferencia_titanic.py
[2026-05-18T15:32:34.347+0000] {processor.py:914} INFO - Processing file /workspaces/meu-primeiro-etl-airflow/dags/dag_inferencia_titanic.py for tasks to queue
[2026-05-18T15:32:34.348+0000] {logging_mixin.py:190} INFO - [2026-05-18T15:32:34.348+0000] {dagbag.py:588} INFO - Filling up the DagBag from /workspaces/meu-primeiro-etl-airflow/dags/dag_inferencia_titanic.py
[2026-05-18T15:32:35.502+0000] {processor.py:925} INFO - DAG(s) 'atv7_inferencia_titanic_v1' retrieved from /workspaces/meu-primeiro-etl-airflow/dags/dag_inferencia_titanic.py
[2026-05-18T15:32:35.510+0000] {logging_mixin.py:190} INFO - [2026-05-18T15:32:35.510+0000] {dag.py:3239} INFO - Sync 1 DAGs
[2026-05-18T15:32:35.519+0000] {logging_mixin.py:190} INFO - [2026-05-18T15:32:35.519+0000] {dag.py:4180} INFO - Setting next_dagrun for atv7_inferencia_titanic_v1 to None, run_after=None
[2026-05-18T15:32:35.534+0000] {processor.py:208} INFO - Processing /workspaces/meu-primeiro-etl-airflow/dags/dag_inferencia_titanic.py took 1.192 seconds
[2026-05-18T15:33:33.424+0000] {processor.py:186} INFO - Started process (PID=69467) to work on /workspaces/meu-primeiro-etl-airflow/dags/dag_inferencia_titanic.py
[2026-05-18T15:33:33.425+0000] {processor.py:914} INFO - Processing file /workspaces/meu-primeiro-etl-airflow/dags/dag_inferencia_titanic.py for tasks to queue
[2026-05-18T15:33:33.426+0000] {logging_mixin.py:190} INFO - [2026-05-18T15:33:33.426+0000] {dagbag.py:588} INFO - Filling up the DagBag from /workspaces/meu-primeiro-etl-airflow/dags/dag_inferencia_titanic.py
[2026-05-18T15:33:34.353+0000] {processor.py:925} INFO - DAG(s) 'atv7_inferencia_titanic_v1' retrieved from /workspaces/meu-primeiro-etl-airflow/dags/dag_inferencia_titanic.py
[2026-05-18T15:33:34.361+0000] {logging_mixin.py:190} INFO - [2026-05-18T15:33:34.360+0000] {dag.py:3239} INFO - Sync 1 DAGs
[2026-05-18T15:33:34.372+0000] {logging_mixin.py:190} INFO - [2026-05-18T15:33:34.372+0000] {dag.py:4180} INFO - Setting next_dagrun for atv7_inferencia_titanic_v1 to None, run_after=None
[2026-05-18T15:33:34.390+0000] {processor.py:208} INFO - Processing /workspaces/meu-primeiro-etl-airflow/dags/dag_inferencia_titanic.py took 0.970 seconds
[2026-05-18T15:34:38.075+0000] {processor.py:186} INFO - Started process (PID=70095) to work on /workspaces/meu-primeiro-etl-airflow/dags/dag_inferencia_titanic.py
[2026-05-18T15:34:38.076+0000] {processor.py:914} INFO - Processing file /workspaces/meu-primeiro-etl-airflow/dags/dag_inferencia_titanic.py for tasks to queue
[2026-05-18T15:34:38.078+0000] {logging_mixin.py:190} INFO - [2026-05-18T15:34:38.077+0000] {dagbag.py:588} INFO - Filling up the DagBag from /workspaces/meu-primeiro-etl-airflow/dags/dag_inferencia_titanic.py
[2026-05-18T15:34:39.159+0000] {processor.py:925} INFO - DAG(s) 'atv7_inferencia_titanic_v1' retrieved from /workspaces/meu-primeiro-etl-airflow/dags/dag_inferencia_titanic.py
[2026-05-18T15:34:39.169+0000] {logging_mixin.py:190} INFO - [2026-05-18T15:34:39.168+0000] {dag.py:3239} INFO - Sync 1 DAGs
[2026-05-18T15:34:39.177+0000] {logging_mixin.py:190} INFO - [2026-05-18T15:34:39.177+0000] {dag.py:4180} INFO - Setting next_dagrun for atv7_inferencia_titanic_v1 to None, run_after=None
[2026-05-18T15:34:39.194+0000] {processor.py:208} INFO - Processing /workspaces/meu-primeiro-etl-airflow/dags/dag_inferencia_titanic.py took 1.124 seconds
[2026-05-18T15:35:42.130+0000] {processor.py:186} INFO - Started process (PID=70810) to work on /workspaces/meu-primeiro-etl-airflow/dags/dag_inferencia_titanic.py
[2026-05-18T15:35:42.131+0000] {processor.py:914} INFO - Processing file /workspaces/meu-primeiro-etl-airflow/dags/dag_inferencia_titanic.py for tasks to queue
[2026-05-18T15:35:42.133+0000] {logging_mixin.py:190} INFO - [2026-05-18T15:35:42.132+0000] {dagbag.py:588} INFO - Filling up the DagBag from /workspaces/meu-primeiro-etl-airflow/dags/dag_inferencia_titanic.py
[2026-05-18T15:35:43.220+0000] {processor.py:925} INFO - DAG(s) 'atv7_inferencia_titanic_v1' retrieved from /workspaces/meu-primeiro-etl-airflow/dags/dag_inferencia_titanic.py
[2026-05-18T15:35:43.228+0000] {logging_mixin.py:190} INFO - [2026-05-18T15:35:43.227+0000] {dag.py:3239} INFO - Sync 1 DAGs
[2026-05-18T15:35:43.236+0000] {logging_mixin.py:190} INFO - [2026-05-18T15:35:43.236+0000] {dag.py:4180} INFO - Setting next_dagrun for atv7_inferencia_titanic_v1 to None, run_after=None
[2026-05-18T15:35:43.251+0000] {processor.py:208} INFO - Processing /workspaces/meu-primeiro-etl-airflow/dags/dag_inferencia_titanic.py took 1.124 seconds
[2026-05-18T15:36:42.247+0000] {processor.py:186} INFO - Started process (PID=71424) to work on /workspaces/meu-primeiro-etl-airflow/dags/dag_inferencia_titanic.py
[2026-05-18T15:36:42.248+0000] {processor.py:914} INFO - Processing file /workspaces/meu-primeiro-etl-airflow/dags/dag_inferencia_titanic.py for tasks to queue
[2026-05-18T15:36:42.250+0000] {logging_mixin.py:190} INFO - [2026-05-18T15:36:42.250+0000] {dagbag.py:588} INFO - Filling up the DagBag from /workspaces/meu-primeiro-etl-airflow/dags/dag_inferencia_titanic.py
[2026-05-18T15:36:43.385+0000] {processor.py:925} INFO - DAG(s) 'atv7_inferencia_titanic_v1' retrieved from /workspaces/meu-primeiro-etl-airflow/dags/dag_inferencia_titanic.py
[2026-05-18T15:36:43.393+0000] {logging_mixin.py:190} INFO - [2026-05-18T15:36:43.393+0000] {dag.py:3239} INFO - Sync 1 DAGs
[2026-05-18T15:36:43.402+0000] {logging_mixin.py:190} INFO - [2026-05-18T15:36:43.402+0000] {dag.py:4180} INFO - Setting next_dagrun for atv7_inferencia_titanic_v1 to None, run_after=None
[2026-05-18T15:36:43.418+0000] {processor.py:208} INFO - Processing /workspaces/meu-primeiro-etl-airflow/dags/dag_inferencia_titanic.py took 1.179 seconds
[2026-05-18T15:37:44.949+0000] {processor.py:186} INFO - Started process (PID=72030) to work on /workspaces/meu-primeiro-etl-airflow/dags/dag_inferencia_titanic.py
[2026-05-18T15:37:44.950+0000] {processor.py:914} INFO - Processing file /workspaces/meu-primeiro-etl-airflow/dags/dag_inferencia_titanic.py for tasks to queue
[2026-05-18T15:37:44.951+0000] {logging_mixin.py:190} INFO - [2026-05-18T15:37:44.951+0000] {dagbag.py:588} INFO - Filling up the DagBag from /workspaces/meu-primeiro-etl-airflow/dags/dag_inferencia_titanic.py
[2026-05-18T15:37:46.091+0000] {processor.py:925} INFO - DAG(s) 'atv7_inferencia_titanic_v1' retrieved from /workspaces/meu-primeiro-etl-airflow/dags/dag_inferencia_titanic.py
[2026-05-18T15:37:46.099+0000] {logging_mixin.py:190} INFO - [2026-05-18T15:37:46.099+0000] {dag.py:3239} INFO - Sync 1 DAGs
[2026-05-18T15:37:46.107+0000] {logging_mixin.py:190} INFO - [2026-05-18T15:37:46.107+0000] {dag.py:4180} INFO - Setting next_dagrun for atv7_inferencia_titanic_v1 to None, run_after=None
[2026-05-18T15:37:46.124+0000] {processor.py:208} INFO - Processing /workspaces/meu-primeiro-etl-airflow/dags/dag_inferencia_titanic.py took 1.179 seconds
[2026-05-18T15:38:48.286+0000] {processor.py:186} INFO - Started process (PID=72666) to work on /workspaces/meu-primeiro-etl-airflow/dags/dag_inferencia_titanic.py
[2026-05-18T15:38:48.287+0000] {processor.py:914} INFO - Processing file /workspaces/meu-primeiro-etl-airflow/dags/dag_inferencia_titanic.py for tasks to queue
[2026-05-18T15:38:48.289+0000] {logging_mixin.py:190} INFO - [2026-05-18T15:38:48.289+0000] {dagbag.py:588} INFO - Filling up the DagBag from /workspaces/meu-primeiro-etl-airflow/dags/dag_inferencia_titanic.py
[2026-05-18T15:38:49.314+0000] {processor.py:925} INFO - DAG(s) 'atv7_inferencia_titanic_v1' retrieved from /workspaces/meu-primeiro-etl-airflow/dags/dag_inferencia_titanic.py
[2026-05-18T15:38:49.328+0000] {logging_mixin.py:190} INFO - [2026-05-18T15:38:49.327+0000] {dag.py:3239} INFO - Sync 1 DAGs
[2026-05-18T15:38:49.342+0000] {logging_mixin.py:190} INFO - [2026-05-18T15:38:49.342+0000] {dag.py:4180} INFO - Setting next_dagrun for atv7_inferencia_titanic_v1 to None, run_after=None
[2026-05-18T15:38:49.363+0000] {processor.py:208} INFO - Processing /workspaces/meu-primeiro-etl-airflow/dags/dag_inferencia_titanic.py took 1.082 seconds
[2026-05-18T15:39:52.568+0000] {processor.py:186} INFO - Started process (PID=73301) to work on /workspaces/meu-primeiro-etl-airflow/dags/dag_inferencia_titanic.py
[2026-05-18T15:39:52.569+0000] {processor.py:914} INFO - Processing file /workspaces/meu-primeiro-etl-airflow/dags/dag_inferencia_titanic.py for tasks to queue
[2026-05-18T15:39:52.571+0000] {logging_mixin.py:190} INFO - [2026-05-18T15:39:52.571+0000] {dagbag.py:588} INFO - Filling up the DagBag from /workspaces/meu-primeiro-etl-airflow/dags/dag_inferencia_titanic.py
[2026-05-18T15:39:53.830+0000] {processor.py:925} INFO - DAG(s) 'atv7_inferencia_titanic_v1' retrieved from /workspaces/meu-primeiro-etl-airflow/dags/dag_inferencia_titanic.py
[2026-05-18T15:39:53.838+0000] {logging_mixin.py:190} INFO - [2026-05-18T15:39:53.838+0000] {dag.py:3239} INFO - Sync 1 DAGs
[2026-05-18T15:39:53.846+0000] {logging_mixin.py:190} INFO - [2026-05-18T15:39:53.846+0000] {dag.py:4180} INFO - Setting next_dagrun for atv7_inferencia_titanic_v1 to None, run_after=None
[2026-05-18T15:39:53.862+0000] {processor.py:208} INFO - Processing /workspaces/meu-primeiro-etl-airflow/dags/dag_inferencia_titanic.py took 1.298 seconds
[2026-05-18T15:40:52.609+0000] {processor.py:186} INFO - Started process (PID=73985) to work on /workspaces/meu-primeiro-etl-airflow/dags/dag_inferencia_titanic.py
[2026-05-18T15:40:52.610+0000] {processor.py:914} INFO - Processing file /workspaces/meu-primeiro-etl-airflow/dags/dag_inferencia_titanic.py for tasks to queue
[2026-05-18T15:40:52.612+0000] {logging_mixin.py:190} INFO - [2026-05-18T15:40:52.611+0000] {dagbag.py:588} INFO - Filling up the DagBag from /workspaces/meu-primeiro-etl-airflow/dags/dag_inferencia_titanic.py
[2026-05-18T15:40:53.620+0000] {processor.py:925} INFO - DAG(s) 'atv7_inferencia_titanic_v1' retrieved from /workspaces/meu-primeiro-etl-airflow/dags/dag_inferencia_titanic.py
[2026-05-18T15:40:53.628+0000] {logging_mixin.py:190} INFO - [2026-05-18T15:40:53.627+0000] {dag.py:3239} INFO - Sync 1 DAGs
[2026-05-18T15:40:53.636+0000] {logging_mixin.py:190} INFO - [2026-05-18T15:40:53.636+0000] {dag.py:4180} INFO - Setting next_dagrun for atv7_inferencia_titanic_v1 to None, run_after=None
[2026-05-18T15:40:53.651+0000] {processor.py:208} INFO - Processing /workspaces/meu-primeiro-etl-airflow/dags/dag_inferencia_titanic.py took 1.046 seconds
[2026-05-18T15:41:29.405+0000] {processor.py:186} INFO - Started process (PID=74400) to work on /workspaces/meu-primeiro-etl-airflow/dags/dag_inferencia_titanic.py
[2026-05-18T15:41:29.406+0000] {processor.py:914} INFO - Processing file /workspaces/meu-primeiro-etl-airflow/dags/dag_inferencia_titanic.py for tasks to queue
[2026-05-18T15:41:29.407+0000] {logging_mixin.py:190} INFO - [2026-05-18T15:41:29.407+0000] {dagbag.py:588} INFO - Filling up the DagBag from /workspaces/meu-primeiro-etl-airflow/dags/dag_inferencia_titanic.py
[2026-05-18T15:41:30.474+0000] {processor.py:925} INFO - DAG(s) 'atv7_inferencia_titanic_v1' retrieved from /workspaces/meu-primeiro-etl-airflow/dags/dag_inferencia_titanic.py
[2026-05-18T15:41:30.483+0000] {logging_mixin.py:190} INFO - [2026-05-18T15:41:30.482+0000] {dag.py:3239} INFO - Sync 1 DAGs
[2026-05-18T15:41:30.495+0000] {logging_mixin.py:190} INFO - [2026-05-18T15:41:30.495+0000] {dag.py:4180} INFO - Setting next_dagrun for atv7_inferencia_titanic_v1 to None, run_after=None
[2026-05-18T15:41:30.510+0000] {processor.py:208} INFO - Processing /workspaces/meu-primeiro-etl-airflow/dags/dag_inferencia_titanic.py took 1.110 seconds
[2026-05-18T15:42:32.400+0000] {processor.py:186} INFO - Started process (PID=75119) to work on /workspaces/meu-primeiro-etl-airflow/dags/dag_inferencia_titanic.py
[2026-05-18T15:42:32.401+0000] {processor.py:914} INFO - Processing file /workspaces/meu-primeiro-etl-airflow/dags/dag_inferencia_titanic.py for tasks to queue
[2026-05-18T15:42:32.403+0000] {logging_mixin.py:190} INFO - [2026-05-18T15:42:32.402+0000] {dagbag.py:588} INFO - Filling up the DagBag from /workspaces/meu-primeiro-etl-airflow/dags/dag_inferencia_titanic.py
[2026-05-18T15:42:33.505+0000] {processor.py:925} INFO - DAG(s) 'atv7_inferencia_titanic_v1' retrieved from /workspaces/meu-primeiro-etl-airflow/dags/dag_inferencia_titanic.py
[2026-05-18T15:42:33.513+0000] {logging_mixin.py:190} INFO - [2026-05-18T15:42:33.512+0000] {dag.py:3239} INFO - Sync 1 DAGs
[2026-05-18T15:42:33.522+0000] {logging_mixin.py:190} INFO - [2026-05-18T15:42:33.521+0000] {dag.py:4180} INFO - Setting next_dagrun for atv7_inferencia_titanic_v1 to None, run_after=None
[2026-05-18T15:42:33.536+0000] {processor.py:208} INFO - Processing /workspaces/meu-primeiro-etl-airflow/dags/dag_inferencia_titanic.py took 1.139 seconds
[2026-05-18T15:45:55.205+0000] {processor.py:186} INFO - Started process (PID=77069) to work on /workspaces/meu-primeiro-etl-airflow/dags/dag_inferencia_titanic.py
[2026-05-18T15:45:55.205+0000] {processor.py:914} INFO - Processing file /workspaces/meu-primeiro-etl-airflow/dags/dag_inferencia_titanic.py for tasks to queue
[2026-05-18T15:45:55.207+0000] {logging_mixin.py:190} INFO - [2026-05-18T15:45:55.207+0000] {dagbag.py:588} INFO - Filling up the DagBag from /workspaces/meu-primeiro-etl-airflow/dags/dag_inferencia_titanic.py
[2026-05-18T15:45:56.281+0000] {processor.py:925} INFO - DAG(s) 'atv7_inferencia_titanic_v1' retrieved from /workspaces/meu-primeiro-etl-airflow/dags/dag_inferencia_titanic.py
[2026-05-18T15:45:56.293+0000] {logging_mixin.py:190} INFO - [2026-05-18T15:45:56.293+0000] {dag.py:3239} INFO - Sync 1 DAGs
[2026-05-18T15:45:56.302+0000] {logging_mixin.py:190} INFO - [2026-05-18T15:45:56.302+0000] {dag.py:4180} INFO - Setting next_dagrun for atv7_inferencia_titanic_v1 to None, run_after=None
[2026-05-18T15:45:56.318+0000] {processor.py:208} INFO - Processing /workspaces/meu-primeiro-etl-airflow/dags/dag_inferencia_titanic.py took 1.117 seconds
[2026-05-18T15:46:56.287+0000] {processor.py:186} INFO - Started process (PID=77873) to work on /workspaces/meu-primeiro-etl-airflow/dags/dag_inferencia_titanic.py
[2026-05-18T15:46:56.287+0000] {processor.py:914} INFO - Processing file /workspaces/meu-primeiro-etl-airflow/dags/dag_inferencia_titanic.py for tasks to queue
[2026-05-18T15:46:56.289+0000] {logging_mixin.py:190} INFO - [2026-05-18T15:46:56.289+0000] {dagbag.py:588} INFO - Filling up the DagBag from /workspaces/meu-primeiro-etl-airflow/dags/dag_inferencia_titanic.py
[2026-05-18T15:46:57.258+0000] {processor.py:925} INFO - DAG(s) 'atv7_inferencia_titanic_v1' retrieved from /workspaces/meu-primeiro-etl-airflow/dags/dag_inferencia_titanic.py
[2026-05-18T15:46:57.266+0000] {logging_mixin.py:190} INFO - [2026-05-18T15:46:57.266+0000] {dag.py:3239} INFO - Sync 1 DAGs
[2026-05-18T15:46:57.277+0000] {logging_mixin.py:190} INFO - [2026-05-18T15:46:57.277+0000] {dag.py:4180} INFO - Setting next_dagrun for atv7_inferencia_titanic_v1 to None, run_after=None
[2026-05-18T15:46:57.294+0000] {processor.py:208} INFO - Processing /workspaces/meu-primeiro-etl-airflow/dags/dag_inferencia_titanic.py took 1.012 seconds
[2026-05-18T15:47:57.313+0000] {processor.py:186} INFO - Started process (PID=78465) to work on /workspaces/meu-primeiro-etl-airflow/dags/dag_inferencia_titanic.py
[2026-05-18T15:47:57.314+0000] {processor.py:914} INFO - Processing file /workspaces/meu-primeiro-etl-airflow/dags/dag_inferencia_titanic.py for tasks to queue
[2026-05-18T15:47:57.316+0000] {logging_mixin.py:190} INFO - [2026-05-18T15:47:57.315+0000] {dagbag.py:588} INFO - Filling up the DagBag from /workspaces/meu-primeiro-etl-airflow/dags/dag_inferencia_titanic.py
[2026-05-18T15:47:58.359+0000] {processor.py:925} INFO - DAG(s) 'atv7_inferencia_titanic_v1' retrieved from /workspaces/meu-primeiro-etl-airflow/dags/dag_inferencia_titanic.py
[2026-05-18T15:47:58.370+0000] {logging_mixin.py:190} INFO - [2026-05-18T15:47:58.369+0000] {dag.py:3239} INFO - Sync 1 DAGs
[2026-05-18T15:47:58.397+0000] {logging_mixin.py:190} INFO - [2026-05-18T15:47:58.397+0000] {dag.py:4180} INFO - Setting next_dagrun for atv7_inferencia_titanic_v1 to None, run_after=None
[2026-05-18T15:47:58.420+0000] {processor.py:208} INFO - Processing /workspaces/meu-primeiro-etl-airflow/dags/dag_inferencia_titanic.py took 1.111 seconds
[2026-05-18T15:49:05.748+0000] {processor.py:186} INFO - Started process (PID=79204) to work on /workspaces/meu-primeiro-etl-airflow/dags/dag_inferencia_titanic.py
[2026-05-18T15:49:05.748+0000] {processor.py:914} INFO - Processing file /workspaces/meu-primeiro-etl-airflow/dags/dag_inferencia_titanic.py for tasks to queue
[2026-05-18T15:49:05.750+0000] {logging_mixin.py:190} INFO - [2026-05-18T15:49:05.749+0000] {dagbag.py:588} INFO - Filling up the DagBag from /workspaces/meu-primeiro-etl-airflow/dags/dag_inferencia_titanic.py
[2026-05-18T15:49:06.772+0000] {processor.py:925} INFO - DAG(s) 'atv7_inferencia_titanic_v1' retrieved from /workspaces/meu-primeiro-etl-airflow/dags/dag_inferencia_titanic.py
[2026-05-18T15:49:06.783+0000] {logging_mixin.py:190} INFO - [2026-05-18T15:49:06.783+0000] {dag.py:3239} INFO - Sync 1 DAGs
[2026-05-18T15:49:06.793+0000] {logging_mixin.py:190} INFO - [2026-05-18T15:49:06.793+0000] {dag.py:4180} INFO - Setting next_dagrun for atv7_inferencia_titanic_v1 to None, run_after=None
[2026-05-18T15:49:06.808+0000] {processor.py:208} INFO - Processing /workspaces/meu-primeiro-etl-airflow/dags/dag_inferencia_titanic.py took 1.064 seconds
[2026-05-18T15:50:09.193+0000] {processor.py:186} INFO - Started process (PID=79840) to work on /workspaces/meu-primeiro-etl-airflow/dags/dag_inferencia_titanic.py
[2026-05-18T15:50:09.194+0000] {processor.py:914} INFO - Processing file /workspaces/meu-primeiro-etl-airflow/dags/dag_inferencia_titanic.py for tasks to queue
[2026-05-18T15:50:09.197+0000] {logging_mixin.py:190} INFO - [2026-05-18T15:50:09.196+0000] {dagbag.py:588} INFO - Filling up the DagBag from /workspaces/meu-primeiro-etl-airflow/dags/dag_inferencia_titanic.py
[2026-05-18T15:50:10.290+0000] {processor.py:925} INFO - DAG(s) 'atv7_inferencia_titanic_v1' retrieved from /workspaces/meu-primeiro-etl-airflow/dags/dag_inferencia_titanic.py
[2026-05-18T15:50:10.297+0000] {logging_mixin.py:190} INFO - [2026-05-18T15:50:10.297+0000] {dag.py:3239} INFO - Sync 1 DAGs
[2026-05-18T15:50:10.306+0000] {logging_mixin.py:190} INFO - [2026-05-18T15:50:10.306+0000] {dag.py:4180} INFO - Setting next_dagrun for atv7_inferencia_titanic_v1 to None, run_after=None
[2026-05-18T15:50:10.320+0000] {processor.py:208} INFO - Processing /workspaces/meu-primeiro-etl-airflow/dags/dag_inferencia_titanic.py took 1.132 seconds
[2026-05-18T15:50:46.233+0000] {processor.py:186} INFO - Started process (PID=80264) to work on /workspaces/meu-primeiro-etl-airflow/dags/dag_inferencia_titanic.py
[2026-05-18T15:50:46.234+0000] {processor.py:914} INFO - Processing file /workspaces/meu-primeiro-etl-airflow/dags/dag_inferencia_titanic.py for tasks to queue
[2026-05-18T15:50:46.235+0000] {logging_mixin.py:190} INFO - [2026-05-18T15:50:46.235+0000] {dagbag.py:588} INFO - Filling up the DagBag from /workspaces/meu-primeiro-etl-airflow/dags/dag_inferencia_titanic.py
[2026-05-18T15:50:47.417+0000] {processor.py:925} INFO - DAG(s) 'atv7_inferencia_titanic_v1' retrieved from /workspaces/meu-primeiro-etl-airflow/dags/dag_inferencia_titanic.py
[2026-05-18T15:50:47.442+0000] {logging_mixin.py:190} INFO - [2026-05-18T15:50:47.441+0000] {dag.py:3239} INFO - Sync 1 DAGs
[2026-05-18T15:50:47.455+0000] {logging_mixin.py:190} INFO - [2026-05-18T15:50:47.455+0000] {dag.py:4180} INFO - Setting next_dagrun for atv7_inferencia_titanic_v1 to None, run_after=None
[2026-05-18T15:50:47.503+0000] {processor.py:208} INFO - Processing /workspaces/meu-primeiro-etl-airflow/dags/dag_inferencia_titanic.py took 1.274 seconds
[2026-05-18T15:51:46.927+0000] {processor.py:186} INFO - Started process (PID=80917) to work on /workspaces/meu-primeiro-etl-airflow/dags/dag_inferencia_titanic.py
[2026-05-18T15:51:46.928+0000] {processor.py:914} INFO - Processing file /workspaces/meu-primeiro-etl-airflow/dags/dag_inferencia_titanic.py for tasks to queue
[2026-05-18T15:51:46.929+0000] {logging_mixin.py:190} INFO - [2026-05-18T15:51:46.928+0000] {dagbag.py:588} INFO - Filling up the DagBag from /workspaces/meu-primeiro-etl-airflow/dags/dag_inferencia_titanic.py
[2026-05-18T15:51:48.008+0000] {processor.py:925} INFO - DAG(s) 'atv7_inferencia_titanic_v1' retrieved from /workspaces/meu-primeiro-etl-airflow/dags/dag_inferencia_titanic.py
[2026-05-18T15:51:48.015+0000] {logging_mixin.py:190} INFO - [2026-05-18T15:51:48.015+0000] {dag.py:3239} INFO - Sync 1 DAGs
[2026-05-18T15:51:48.023+0000] {logging_mixin.py:190} INFO - [2026-05-18T15:51:48.023+0000] {dag.py:4180} INFO - Setting next_dagrun for atv7_inferencia_titanic_v1 to None, run_after=None
[2026-05-18T15:51:48.038+0000] {processor.py:208} INFO - Processing /workspaces/meu-primeiro-etl-airflow/dags/dag_inferencia_titanic.py took 1.115 seconds
[2026-05-18T15:52:45.065+0000] {processor.py:186} INFO - Started process (PID=81431) to work on /workspaces/meu-primeiro-etl-airflow/dags/dag_inferencia_titanic.py
[2026-05-18T15:52:45.066+0000] {processor.py:914} INFO - Processing file /workspaces/meu-primeiro-etl-airflow/dags/dag_inferencia_titanic.py for tasks to queue
[2026-05-18T15:52:45.068+0000] {logging_mixin.py:190} INFO - [2026-05-18T15:52:45.067+0000] {dagbag.py:588} INFO - Filling up the DagBag from /workspaces/meu-primeiro-etl-airflow/dags/dag_inferencia_titanic.py
[2026-05-18T15:52:46.159+0000] {processor.py:925} INFO - DAG(s) 'atv7_inferencia_titanic_v1' retrieved from /workspaces/meu-primeiro-etl-airflow/dags/dag_inferencia_titanic.py
[2026-05-18T15:52:46.167+0000] {logging_mixin.py:190} INFO - [2026-05-18T15:52:46.166+0000] {dag.py:3239} INFO - Sync 1 DAGs
[2026-05-18T15:52:46.178+0000] {logging_mixin.py:190} INFO - [2026-05-18T15:52:46.178+0000] {dag.py:4180} INFO - Setting next_dagrun for atv7_inferencia_titanic_v1 to None, run_after=None
[2026-05-18T15:52:46.194+0000] {processor.py:208} INFO - Processing /workspaces/meu-primeiro-etl-airflow/dags/dag_inferencia_titanic.py took 1.134 seconds
[2026-05-18T15:53:47.457+0000] {processor.py:186} INFO - Started process (PID=81972) to work on /workspaces/meu-primeiro-etl-airflow/dags/dag_inferencia_titanic.py
[2026-05-18T15:53:47.458+0000] {processor.py:914} INFO - Processing file /workspaces/meu-primeiro-etl-airflow/dags/dag_inferencia_titanic.py for tasks to queue
[2026-05-18T15:53:47.460+0000] {logging_mixin.py:190} INFO - [2026-05-18T15:53:47.459+0000] {dagbag.py:588} INFO - Filling up the DagBag from /workspaces/meu-primeiro-etl-airflow/dags/dag_inferencia_titanic.py
[2026-05-18T15:53:48.429+0000] {processor.py:925} INFO - DAG(s) 'atv7_inferencia_titanic_v1' retrieved from /workspaces/meu-primeiro-etl-airflow/dags/dag_inferencia_titanic.py
[2026-05-18T15:53:48.438+0000] {logging_mixin.py:190} INFO - [2026-05-18T15:53:48.438+0000] {dag.py:3239} INFO - Sync 1 DAGs
[2026-05-18T15:53:48.446+0000] {logging_mixin.py:190} INFO - [2026-05-18T15:53:48.446+0000] {dag.py:4180} INFO - Setting next_dagrun for atv7_inferencia_titanic_v1 to None, run_after=None
[2026-05-18T15:53:48.465+0000] {processor.py:208} INFO - Processing /workspaces/meu-primeiro-etl-airflow/dags/dag_inferencia_titanic.py took 1.014 seconds
[2026-05-18T15:54:49.450+0000] {processor.py:186} INFO - Started process (PID=82498) to work on /workspaces/meu-primeiro-etl-airflow/dags/dag_inferencia_titanic.py
[2026-05-18T15:54:49.451+0000] {processor.py:914} INFO - Processing file /workspaces/meu-primeiro-etl-airflow/dags/dag_inferencia_titanic.py for tasks to queue
[2026-05-18T15:54:49.452+0000] {logging_mixin.py:190} INFO - [2026-05-18T15:54:49.452+0000] {dagbag.py:588} INFO - Filling up the DagBag from /workspaces/meu-primeiro-etl-airflow/dags/dag_inferencia_titanic.py
[2026-05-18T15:54:50.775+0000] {processor.py:925} INFO - DAG(s) 'atv7_inferencia_titanic_v1' retrieved from /workspaces/meu-primeiro-etl-airflow/dags/dag_inferencia_titanic.py
[2026-05-18T15:54:50.786+0000] {logging_mixin.py:190} INFO - [2026-05-18T15:54:50.786+0000] {dag.py:3239} INFO - Sync 1 DAGs
[2026-05-18T15:54:50.795+0000] {logging_mixin.py:190} INFO - [2026-05-18T15:54:50.795+0000] {dag.py:4180} INFO - Setting next_dagrun for atv7_inferencia_titanic_v1 to None, run_after=None
[2026-05-18T15:54:50.810+0000] {processor.py:208} INFO - Processing /workspaces/meu-primeiro-etl-airflow/dags/dag_inferencia_titanic.py took 1.364 seconds
[2026-05-18T15:55:49.774+0000] {processor.py:186} INFO - Started process (PID=83026) to work on /workspaces/meu-primeiro-etl-airflow/dags/dag_inferencia_titanic.py
[2026-05-18T15:55:49.775+0000] {processor.py:914} INFO - Processing file /workspaces/meu-primeiro-etl-airflow/dags/dag_inferencia_titanic.py for tasks to queue
[2026-05-18T15:55:49.776+0000] {logging_mixin.py:190} INFO - [2026-05-18T15:55:49.776+0000] {dagbag.py:588} INFO - Filling up the DagBag from /workspaces/meu-primeiro-etl-airflow/dags/dag_inferencia_titanic.py
[2026-05-18T15:55:50.890+0000] {processor.py:925} INFO - DAG(s) 'atv7_inferencia_titanic_v1' retrieved from /workspaces/meu-primeiro-etl-airflow/dags/dag_inferencia_titanic.py
[2026-05-18T15:55:50.902+0000] {logging_mixin.py:190} INFO - [2026-05-18T15:55:50.902+0000] {dag.py:3239} INFO - Sync 1 DAGs
[2026-05-18T15:55:50.912+0000] {logging_mixin.py:190} INFO - [2026-05-18T15:55:50.911+0000] {dag.py:4180} INFO - Setting next_dagrun for atv7_inferencia_titanic_v1 to None, run_after=None
[2026-05-18T15:55:50.927+0000] {processor.py:208} INFO - Processing /workspaces/meu-primeiro-etl-airflow/dags/dag_inferencia_titanic.py took 1.159 seconds
[2026-05-18T15:56:49.328+0000] {processor.py:186} INFO - Started process (PID=83614) to work on /workspaces/meu-primeiro-etl-airflow/dags/dag_inferencia_titanic.py
[2026-05-18T15:56:49.329+0000] {processor.py:914} INFO - Processing file /workspaces/meu-primeiro-etl-airflow/dags/dag_inferencia_titanic.py for tasks to queue
[2026-05-18T15:56:49.331+0000] {logging_mixin.py:190} INFO - [2026-05-18T15:56:49.330+0000] {dagbag.py:588} INFO - Filling up the DagBag from /workspaces/meu-primeiro-etl-airflow/dags/dag_inferencia_titanic.py
[2026-05-18T15:56:50.400+0000] {processor.py:925} INFO - DAG(s) 'atv7_inferencia_titanic_v1' retrieved from /workspaces/meu-primeiro-etl-airflow/dags/dag_inferencia_titanic.py
[2026-05-18T15:56:50.408+0000] {logging_mixin.py:190} INFO - [2026-05-18T15:56:50.407+0000] {dag.py:3239} INFO - Sync 1 DAGs
[2026-05-18T15:56:50.418+0000] {logging_mixin.py:190} INFO - [2026-05-18T15:56:50.418+0000] {dag.py:4180} INFO - Setting next_dagrun for atv7_inferencia_titanic_v1 to None, run_after=None
[2026-05-18T15:56:50.433+0000] {processor.py:208} INFO - Processing /workspaces/meu-primeiro-etl-airflow/dags/dag_inferencia_titanic.py took 1.112 seconds
[2026-05-18T15:57:46.538+0000] {processor.py:186} INFO - Started process (PID=84119) to work on /workspaces/meu-primeiro-etl-airflow/dags/dag_inferencia_titanic.py
[2026-05-18T15:57:46.539+0000] {processor.py:914} INFO - Processing file /workspaces/meu-primeiro-etl-airflow/dags/dag_inferencia_titanic.py for tasks to queue
[2026-05-18T15:57:46.540+0000] {logging_mixin.py:190} INFO - [2026-05-18T15:57:46.539+0000] {dagbag.py:588} INFO - Filling up the DagBag from /workspaces/meu-primeiro-etl-airflow/dags/dag_inferencia_titanic.py
[2026-05-18T15:57:47.659+0000] {processor.py:925} INFO - DAG(s) 'atv7_inferencia_titanic_v1' retrieved from /workspaces/meu-primeiro-etl-airflow/dags/dag_inferencia_titanic.py
[2026-05-18T15:57:47.668+0000] {logging_mixin.py:190} INFO - [2026-05-18T15:57:47.668+0000] {dag.py:3239} INFO - Sync 1 DAGs
[2026-05-18T15:57:47.680+0000] {logging_mixin.py:190} INFO - [2026-05-18T15:57:47.680+0000] {dag.py:4180} INFO - Setting next_dagrun for atv7_inferencia_titanic_v1 to None, run_after=None
[2026-05-18T15:57:47.697+0000] {processor.py:208} INFO - Processing /workspaces/meu-primeiro-etl-airflow/dags/dag_inferencia_titanic.py took 1.163 seconds
[2026-05-18T15:58:44.289+0000] {processor.py:186} INFO - Started process (PID=84619) to work on /workspaces/meu-primeiro-etl-airflow/dags/dag_inferencia_titanic.py
[2026-05-18T15:58:44.290+0000] {processor.py:914} INFO - Processing file /workspaces/meu-primeiro-etl-airflow/dags/dag_inferencia_titanic.py for tasks to queue
[2026-05-18T15:58:44.291+0000] {logging_mixin.py:190} INFO - [2026-05-18T15:58:44.291+0000] {dagbag.py:588} INFO - Filling up the DagBag from /workspaces/meu-primeiro-etl-airflow/dags/dag_inferencia_titanic.py
[2026-05-18T15:58:45.363+0000] {processor.py:925} INFO - DAG(s) 'atv7_inferencia_titanic_v1' retrieved from /workspaces/meu-primeiro-etl-airflow/dags/dag_inferencia_titanic.py
[2026-05-18T15:58:45.375+0000] {logging_mixin.py:190} INFO - [2026-05-18T15:58:45.375+0000] {dag.py:3239} INFO - Sync 1 DAGs
[2026-05-18T15:58:45.387+0000] {logging_mixin.py:190} INFO - [2026-05-18T15:58:45.386+0000] {dag.py:4180} INFO - Setting next_dagrun for atv7_inferencia_titanic_v1 to None, run_after=None
[2026-05-18T15:58:45.421+0000] {processor.py:208} INFO - Processing /workspaces/meu-primeiro-etl-airflow/dags/dag_inferencia_titanic.py took 1.137 seconds
[2026-05-18T15:59:18.790+0000] {processor.py:186} INFO - Started process (PID=84958) to work on /workspaces/meu-primeiro-etl-airflow/dags/dag_inferencia_titanic.py
[2026-05-18T15:59:18.791+0000] {processor.py:914} INFO - Processing file /workspaces/meu-primeiro-etl-airflow/dags/dag_inferencia_titanic.py for tasks to queue
[2026-05-18T15:59:18.792+0000] {logging_mixin.py:190} INFO - [2026-05-18T15:59:18.791+0000] {dagbag.py:588} INFO - Filling up the DagBag from /workspaces/meu-primeiro-etl-airflow/dags/dag_inferencia_titanic.py
[2026-05-18T15:59:19.757+0000] {processor.py:925} INFO - DAG(s) 'atv7_inferencia_titanic_v1' retrieved from /workspaces/meu-primeiro-etl-airflow/dags/dag_inferencia_titanic.py
[2026-05-18T15:59:19.764+0000] {logging_mixin.py:190} INFO - [2026-05-18T15:59:19.764+0000] {dag.py:3239} INFO - Sync 1 DAGs
[2026-05-18T15:59:19.775+0000] {logging_mixin.py:190} INFO - [2026-05-18T15:59:19.775+0000] {dag.py:4180} INFO - Setting next_dagrun for atv7_inferencia_titanic_v1 to None, run_after=None
[2026-05-18T15:59:19.792+0000] {processor.py:208} INFO - Processing /workspaces/meu-primeiro-etl-airflow/dags/dag_inferencia_titanic.py took 1.006 seconds
[2026-05-18T16:00:19.255+0000] {processor.py:186} INFO - Started process (PID=85546) to work on /workspaces/meu-primeiro-etl-airflow/dags/dag_inferencia_titanic.py
[2026-05-18T16:00:19.256+0000] {processor.py:914} INFO - Processing file /workspaces/meu-primeiro-etl-airflow/dags/dag_inferencia_titanic.py for tasks to queue
[2026-05-18T16:00:19.257+0000] {logging_mixin.py:190} INFO - [2026-05-18T16:00:19.256+0000] {dagbag.py:588} INFO - Filling up the DagBag from /workspaces/meu-primeiro-etl-airflow/dags/dag_inferencia_titanic.py
[2026-05-18T16:00:20.322+0000] {processor.py:925} INFO - DAG(s) 'atv7_inferencia_titanic_v1' retrieved from /workspaces/meu-primeiro-etl-airflow/dags/dag_inferencia_titanic.py
[2026-05-18T16:00:20.333+0000] {logging_mixin.py:190} INFO - [2026-05-18T16:00:20.333+0000] {dag.py:3239} INFO - Sync 1 DAGs
[2026-05-18T16:00:20.345+0000] {logging_mixin.py:190} INFO - [2026-05-18T16:00:20.345+0000] {dag.py:4180} INFO - Setting next_dagrun for atv7_inferencia_titanic_v1 to None, run_after=None
[2026-05-18T16:00:20.367+0000] {processor.py:208} INFO - Processing /workspaces/meu-primeiro-etl-airflow/dags/dag_inferencia_titanic.py took 1.116 seconds
[2026-05-18T16:01:26.371+0000] {processor.py:186} INFO - Started process (PID=86179) to work on /workspaces/meu-primeiro-etl-airflow/dags/dag_inferencia_titanic.py
[2026-05-18T16:01:26.372+0000] {processor.py:914} INFO - Processing file /workspaces/meu-primeiro-etl-airflow/dags/dag_inferencia_titanic.py for tasks to queue
[2026-05-18T16:01:26.373+0000] {logging_mixin.py:190} INFO - [2026-05-18T16:01:26.373+0000] {dagbag.py:588} INFO - Filling up the DagBag from /workspaces/meu-primeiro-etl-airflow/dags/dag_inferencia_titanic.py
[2026-05-18T16:01:27.356+0000] {processor.py:925} INFO - DAG(s) 'atv7_inferencia_titanic_v1' retrieved from /workspaces/meu-primeiro-etl-airflow/dags/dag_inferencia_titanic.py
[2026-05-18T16:01:27.366+0000] {logging_mixin.py:190} INFO - [2026-05-18T16:01:27.365+0000] {dag.py:3239} INFO - Sync 1 DAGs
[2026-05-18T16:01:27.377+0000] {logging_mixin.py:190} INFO - [2026-05-18T16:01:27.377+0000] {dag.py:4180} INFO - Setting next_dagrun for atv7_inferencia_titanic_v1 to None, run_after=None
[2026-05-18T16:01:27.422+0000] {processor.py:208} INFO - Processing /workspaces/meu-primeiro-etl-airflow/dags/dag_inferencia_titanic.py took 1.057 seconds
[2026-05-18T16:02:26.220+0000] {processor.py:186} INFO - Started process (PID=86699) to work on /workspaces/meu-primeiro-etl-airflow/dags/dag_inferencia_titanic.py
[2026-05-18T16:02:26.221+0000] {processor.py:914} INFO - Processing file /workspaces/meu-primeiro-etl-airflow/dags/dag_inferencia_titanic.py for tasks to queue
[2026-05-18T16:02:26.222+0000] {logging_mixin.py:190} INFO - [2026-05-18T16:02:26.222+0000] {dagbag.py:588} INFO - Filling up the DagBag from /workspaces/meu-primeiro-etl-airflow/dags/dag_inferencia_titanic.py
[2026-05-18T16:02:27.254+0000] {processor.py:925} INFO - DAG(s) 'atv7_inferencia_titanic_v1' retrieved from /workspaces/meu-primeiro-etl-airflow/dags/dag_inferencia_titanic.py
[2026-05-18T16:02:27.264+0000] {logging_mixin.py:190} INFO - [2026-05-18T16:02:27.263+0000] {dag.py:3239} INFO - Sync 1 DAGs
[2026-05-18T16:02:27.276+0000] {logging_mixin.py:190} INFO - [2026-05-18T16:02:27.275+0000] {dag.py:4180} INFO - Setting next_dagrun for atv7_inferencia_titanic_v1 to None, run_after=None
[2026-05-18T16:02:27.293+0000] {processor.py:208} INFO - Processing /workspaces/meu-primeiro-etl-airflow/dags/dag_inferencia_titanic.py took 1.078 seconds
[2026-05-18T16:03:28.952+0000] {processor.py:186} INFO - Started process (PID=87244) to work on /workspaces/meu-primeiro-etl-airflow/dags/dag_inferencia_titanic.py
[2026-05-18T16:03:28.953+0000] {processor.py:914} INFO - Processing file /workspaces/meu-primeiro-etl-airflow/dags/dag_inferencia_titanic.py for tasks to queue
[2026-05-18T16:03:28.954+0000] {logging_mixin.py:190} INFO - [2026-05-18T16:03:28.954+0000] {dagbag.py:588} INFO - Filling up the DagBag from /workspaces/meu-primeiro-etl-airflow/dags/dag_inferencia_titanic.py
[2026-05-18T16:03:29.900+0000] {processor.py:925} INFO - DAG(s) 'atv7_inferencia_titanic_v1' retrieved from /workspaces/meu-primeiro-etl-airflow/dags/dag_inferencia_titanic.py
[2026-05-18T16:03:29.907+0000] {logging_mixin.py:190} INFO - [2026-05-18T16:03:29.907+0000] {dag.py:3239} INFO - Sync 1 DAGs
[2026-05-18T16:03:29.916+0000] {logging_mixin.py:190} INFO - [2026-05-18T16:03:29.916+0000] {dag.py:4180} INFO - Setting next_dagrun for atv7_inferencia_titanic_v1 to None, run_after=None
[2026-05-18T16:03:29.933+0000] {processor.py:208} INFO - Processing /workspaces/meu-primeiro-etl-airflow/dags/dag_inferencia_titanic.py took 0.986 seconds
[2026-05-18T16:04:26.785+0000] {processor.py:186} INFO - Started process (PID=87753) to work on /workspaces/meu-primeiro-etl-airflow/dags/dag_inferencia_titanic.py
[2026-05-18T16:04:26.786+0000] {processor.py:914} INFO - Processing file /workspaces/meu-primeiro-etl-airflow/dags/dag_inferencia_titanic.py for tasks to queue
[2026-05-18T16:04:26.787+0000] {logging_mixin.py:190} INFO - [2026-05-18T16:04:26.787+0000] {dagbag.py:588} INFO - Filling up the DagBag from /workspaces/meu-primeiro-etl-airflow/dags/dag_inferencia_titanic.py
[2026-05-18T16:04:27.853+0000] {processor.py:925} INFO - DAG(s) 'atv7_inferencia_titanic_v1' retrieved from /workspaces/meu-primeiro-etl-airflow/dags/dag_inferencia_titanic.py
[2026-05-18T16:04:27.861+0000] {logging_mixin.py:190} INFO - [2026-05-18T16:04:27.860+0000] {dag.py:3239} INFO - Sync 1 DAGs
[2026-05-18T16:04:27.872+0000] {logging_mixin.py:190} INFO - [2026-05-18T16:04:27.872+0000] {dag.py:4180} INFO - Setting next_dagrun for atv7_inferencia_titanic_v1 to None, run_after=None
[2026-05-18T16:04:27.893+0000] {processor.py:208} INFO - Processing /workspaces/meu-primeiro-etl-airflow/dags/dag_inferencia_titanic.py took 1.113 seconds
[2026-05-18T16:05:26.429+0000] {processor.py:186} INFO - Started process (PID=88272) to work on /workspaces/meu-primeiro-etl-airflow/dags/dag_inferencia_titanic.py
[2026-05-18T16:05:26.430+0000] {processor.py:914} INFO - Processing file /workspaces/meu-primeiro-etl-airflow/dags/dag_inferencia_titanic.py for tasks to queue
[2026-05-18T16:05:26.431+0000] {logging_mixin.py:190} INFO - [2026-05-18T16:05:26.431+0000] {dagbag.py:588} INFO - Filling up the DagBag from /workspaces/meu-primeiro-etl-airflow/dags/dag_inferencia_titanic.py
[2026-05-18T16:05:27.568+0000] {processor.py:925} INFO - DAG(s) 'atv7_inferencia_titanic_v1' retrieved from /workspaces/meu-primeiro-etl-airflow/dags/dag_inferencia_titanic.py
[2026-05-18T16:05:27.578+0000] {logging_mixin.py:190} INFO - [2026-05-18T16:05:27.578+0000] {dag.py:3239} INFO - Sync 1 DAGs
[2026-05-18T16:05:27.590+0000] {logging_mixin.py:190} INFO - [2026-05-18T16:05:27.590+0000] {dag.py:4180} INFO - Setting next_dagrun for atv7_inferencia_titanic_v1 to None, run_after=None
[2026-05-18T16:05:27.612+0000] {processor.py:208} INFO - Processing /workspaces/meu-primeiro-etl-airflow/dags/dag_inferencia_titanic.py took 1.187 seconds
[2026-05-18T16:06:27.633+0000] {processor.py:186} INFO - Started process (PID=88866) to work on /workspaces/meu-primeiro-etl-airflow/dags/dag_inferencia_titanic.py
[2026-05-18T16:06:27.634+0000] {processor.py:914} INFO - Processing file /workspaces/meu-primeiro-etl-airflow/dags/dag_inferencia_titanic.py for tasks to queue
[2026-05-18T16:06:27.636+0000] {logging_mixin.py:190} INFO - [2026-05-18T16:06:27.635+0000] {dagbag.py:588} INFO - Filling up the DagBag from /workspaces/meu-primeiro-etl-airflow/dags/dag_inferencia_titanic.py
[2026-05-18T16:06:28.715+0000] {processor.py:925} INFO - DAG(s) 'atv7_inferencia_titanic_v1' retrieved from /workspaces/meu-primeiro-etl-airflow/dags/dag_inferencia_titanic.py
[2026-05-18T16:06:28.727+0000] {logging_mixin.py:190} INFO - [2026-05-18T16:06:28.727+0000] {dag.py:3239} INFO - Sync 1 DAGs
[2026-05-18T16:06:28.737+0000] {logging_mixin.py:190} INFO - [2026-05-18T16:06:28.737+0000] {dag.py:4180} INFO - Setting next_dagrun for atv7_inferencia_titanic_v1 to None, run_after=None
[2026-05-18T16:06:28.753+0000] {processor.py:208} INFO - Processing /workspaces/meu-primeiro-etl-airflow/dags/dag_inferencia_titanic.py took 1.127 seconds
[2026-05-18T16:07:02.555+0000] {processor.py:186} INFO - Started process (PID=89188) to work on /workspaces/meu-primeiro-etl-airflow/dags/dag_inferencia_titanic.py
[2026-05-18T16:07:02.556+0000] {processor.py:914} INFO - Processing file /workspaces/meu-primeiro-etl-airflow/dags/dag_inferencia_titanic.py for tasks to queue
[2026-05-18T16:07:02.558+0000] {logging_mixin.py:190} INFO - [2026-05-18T16:07:02.557+0000] {dagbag.py:588} INFO - Filling up the DagBag from /workspaces/meu-primeiro-etl-airflow/dags/dag_inferencia_titanic.py
[2026-05-18T16:07:03.592+0000] {processor.py:925} INFO - DAG(s) 'atv7_inferencia_titanic_v1' retrieved from /workspaces/meu-primeiro-etl-airflow/dags/dag_inferencia_titanic.py
[2026-05-18T16:07:03.600+0000] {logging_mixin.py:190} INFO - [2026-05-18T16:07:03.599+0000] {dag.py:3239} INFO - Sync 1 DAGs
[2026-05-18T16:07:03.609+0000] {logging_mixin.py:190} INFO - [2026-05-18T16:07:03.608+0000] {dag.py:4180} INFO - Setting next_dagrun for atv7_inferencia_titanic_v1 to None, run_after=None
[2026-05-18T16:07:03.624+0000] {processor.py:208} INFO - Processing /workspaces/meu-primeiro-etl-airflow/dags/dag_inferencia_titanic.py took 1.081 seconds
[2026-05-18T16:08:05.233+0000] {processor.py:186} INFO - Started process (PID=89724) to work on /workspaces/meu-primeiro-etl-airflow/dags/dag_inferencia_titanic.py
[2026-05-18T16:08:05.234+0000] {processor.py:914} INFO - Processing file /workspaces/meu-primeiro-etl-airflow/dags/dag_inferencia_titanic.py for tasks to queue
[2026-05-18T16:08:05.236+0000] {logging_mixin.py:190} INFO - [2026-05-18T16:08:05.235+0000] {dagbag.py:588} INFO - Filling up the DagBag from /workspaces/meu-primeiro-etl-airflow/dags/dag_inferencia_titanic.py
[2026-05-18T16:08:06.261+0000] {processor.py:925} INFO - DAG(s) 'atv7_inferencia_titanic_v1' retrieved from /workspaces/meu-primeiro-etl-airflow/dags/dag_inferencia_titanic.py
[2026-05-18T16:08:06.276+0000] {logging_mixin.py:190} INFO - [2026-05-18T16:08:06.275+0000] {dag.py:3239} INFO - Sync 1 DAGs
[2026-05-18T16:08:06.305+0000] {logging_mixin.py:190} INFO - [2026-05-18T16:08:06.305+0000] {dag.py:4180} INFO - Setting next_dagrun for atv7_inferencia_titanic_v1 to None, run_after=None
[2026-05-18T16:08:06.327+0000] {processor.py:208} INFO - Processing /workspaces/meu-primeiro-etl-airflow/dags/dag_inferencia_titanic.py took 1.099 seconds
[2026-05-18T16:09:06.330+0000] {processor.py:186} INFO - Started process (PID=90251) to work on /workspaces/meu-primeiro-etl-airflow/dags/dag_inferencia_titanic.py
[2026-05-18T16:09:06.331+0000] {processor.py:914} INFO - Processing file /workspaces/meu-primeiro-etl-airflow/dags/dag_inferencia_titanic.py for tasks to queue
[2026-05-18T16:09:06.332+0000] {logging_mixin.py:190} INFO - [2026-05-18T16:09:06.331+0000] {dagbag.py:588} INFO - Filling up the DagBag from /workspaces/meu-primeiro-etl-airflow/dags/dag_inferencia_titanic.py
[2026-05-18T16:09:07.343+0000] {processor.py:925} INFO - DAG(s) 'atv7_inferencia_titanic_v1' retrieved from /workspaces/meu-primeiro-etl-airflow/dags/dag_inferencia_titanic.py
[2026-05-18T16:09:07.355+0000] {logging_mixin.py:190} INFO - [2026-05-18T16:09:07.354+0000] {dag.py:3239} INFO - Sync 1 DAGs
[2026-05-18T16:09:07.368+0000] {logging_mixin.py:190} INFO - [2026-05-18T16:09:07.367+0000] {dag.py:4180} INFO - Setting next_dagrun for atv7_inferencia_titanic_v1 to None, run_after=None
[2026-05-18T16:09:07.385+0000] {processor.py:208} INFO - Processing /workspaces/meu-primeiro-etl-airflow/dags/dag_inferencia_titanic.py took 1.059 seconds
[2026-05-18T16:10:07.071+0000] {processor.py:186} INFO - Started process (PID=90779) to work on /workspaces/meu-primeiro-etl-airflow/dags/dag_inferencia_titanic.py
[2026-05-18T16:10:07.071+0000] {processor.py:914} INFO - Processing file /workspaces/meu-primeiro-etl-airflow/dags/dag_inferencia_titanic.py for tasks to queue
[2026-05-18T16:10:07.073+0000] {logging_mixin.py:190} INFO - [2026-05-18T16:10:07.072+0000] {dagbag.py:588} INFO - Filling up the DagBag from /workspaces/meu-primeiro-etl-airflow/dags/dag_inferencia_titanic.py
[2026-05-18T16:10:08.193+0000] {processor.py:925} INFO - DAG(s) 'atv7_inferencia_titanic_v1' retrieved from /workspaces/meu-primeiro-etl-airflow/dags/dag_inferencia_titanic.py
[2026-05-18T16:10:08.202+0000] {logging_mixin.py:190} INFO - [2026-05-18T16:10:08.202+0000] {dag.py:3239} INFO - Sync 1 DAGs
[2026-05-18T16:10:08.210+0000] {logging_mixin.py:190} INFO - [2026-05-18T16:10:08.210+0000] {dag.py:4180} INFO - Setting next_dagrun for atv7_inferencia_titanic_v1 to None, run_after=None
[2026-05-18T16:10:08.226+0000] {processor.py:208} INFO - Processing /workspaces/meu-primeiro-etl-airflow/dags/dag_inferencia_titanic.py took 1.161 seconds
[2026-05-18T16:11:02.636+0000] {processor.py:186} INFO - Started process (PID=91346) to work on /workspaces/meu-primeiro-etl-airflow/dags/dag_inferencia_titanic.py
[2026-05-18T16:11:02.637+0000] {processor.py:914} INFO - Processing file /workspaces/meu-primeiro-etl-airflow/dags/dag_inferencia_titanic.py for tasks to queue
[2026-05-18T16:11:02.638+0000] {logging_mixin.py:190} INFO - [2026-05-18T16:11:02.638+0000] {dagbag.py:588} INFO - Filling up the DagBag from /workspaces/meu-primeiro-etl-airflow/dags/dag_inferencia_titanic.py
[2026-05-18T16:11:03.611+0000] {processor.py:925} INFO - DAG(s) 'atv7_inferencia_titanic_v1' retrieved from /workspaces/meu-primeiro-etl-airflow/dags/dag_inferencia_titanic.py
[2026-05-18T16:11:03.619+0000] {logging_mixin.py:190} INFO - [2026-05-18T16:11:03.619+0000] {dag.py:3239} INFO - Sync 1 DAGs
[2026-05-18T16:11:03.627+0000] {logging_mixin.py:190} INFO - [2026-05-18T16:11:03.627+0000] {dag.py:4180} INFO - Setting next_dagrun for atv7_inferencia_titanic_v1 to None, run_after=None
[2026-05-18T16:11:03.642+0000] {processor.py:208} INFO - Processing /workspaces/meu-primeiro-etl-airflow/dags/dag_inferencia_titanic.py took 1.010 seconds
[2026-05-18T16:12:01.612+0000] {processor.py:186} INFO - Started process (PID=91861) to work on /workspaces/meu-primeiro-etl-airflow/dags/dag_inferencia_titanic.py
[2026-05-18T16:12:01.613+0000] {processor.py:914} INFO - Processing file /workspaces/meu-primeiro-etl-airflow/dags/dag_inferencia_titanic.py for tasks to queue
[2026-05-18T16:12:01.614+0000] {logging_mixin.py:190} INFO - [2026-05-18T16:12:01.614+0000] {dagbag.py:588} INFO - Filling up the DagBag from /workspaces/meu-primeiro-etl-airflow/dags/dag_inferencia_titanic.py
[2026-05-18T16:12:02.613+0000] {processor.py:925} INFO - DAG(s) 'atv7_inferencia_titanic_v1' retrieved from /workspaces/meu-primeiro-etl-airflow/dags/dag_inferencia_titanic.py
[2026-05-18T16:12:02.623+0000] {logging_mixin.py:190} INFO - [2026-05-18T16:12:02.623+0000] {dag.py:3239} INFO - Sync 1 DAGs
[2026-05-18T16:12:02.635+0000] {logging_mixin.py:190} INFO - [2026-05-18T16:12:02.635+0000] {dag.py:4180} INFO - Setting next_dagrun for atv7_inferencia_titanic_v1 to None, run_after=None
[2026-05-18T16:12:02.681+0000] {processor.py:208} INFO - Processing /workspaces/meu-primeiro-etl-airflow/dags/dag_inferencia_titanic.py took 1.072 seconds
[2026-05-18T16:13:01.217+0000] {processor.py:186} INFO - Started process (PID=92364) to work on /workspaces/meu-primeiro-etl-airflow/dags/dag_inferencia_titanic.py
[2026-05-18T16:13:01.217+0000] {processor.py:914} INFO - Processing file /workspaces/meu-primeiro-etl-airflow/dags/dag_inferencia_titanic.py for tasks to queue
[2026-05-18T16:13:01.218+0000] {logging_mixin.py:190} INFO - [2026-05-18T16:13:01.218+0000] {dagbag.py:588} INFO - Filling up the DagBag from /workspaces/meu-primeiro-etl-airflow/dags/dag_inferencia_titanic.py
[2026-05-18T16:13:02.245+0000] {processor.py:925} INFO - DAG(s) 'atv7_inferencia_titanic_v1' retrieved from /workspaces/meu-primeiro-etl-airflow/dags/dag_inferencia_titanic.py
[2026-05-18T16:13:02.253+0000] {logging_mixin.py:190} INFO - [2026-05-18T16:13:02.252+0000] {dag.py:3239} INFO - Sync 1 DAGs
[2026-05-18T16:13:02.261+0000] {logging_mixin.py:190} INFO - [2026-05-18T16:13:02.261+0000] {dag.py:4180} INFO - Setting next_dagrun for atv7_inferencia_titanic_v1 to None, run_after=None
[2026-05-18T16:13:02.278+0000] {processor.py:208} INFO - Processing /workspaces/meu-primeiro-etl-airflow/dags/dag_inferencia_titanic.py took 1.065 seconds
[2026-05-18T16:14:01.813+0000] {processor.py:186} INFO - Started process (PID=92893) to work on /workspaces/meu-primeiro-etl-airflow/dags/dag_inferencia_titanic.py
[2026-05-18T16:14:01.814+0000] {processor.py:914} INFO - Processing file /workspaces/meu-primeiro-etl-airflow/dags/dag_inferencia_titanic.py for tasks to queue
[2026-05-18T16:14:01.815+0000] {logging_mixin.py:190} INFO - [2026-05-18T16:14:01.815+0000] {dagbag.py:588} INFO - Filling up the DagBag from /workspaces/meu-primeiro-etl-airflow/dags/dag_inferencia_titanic.py
[2026-05-18T16:14:02.902+0000] {processor.py:925} INFO - DAG(s) 'atv7_inferencia_titanic_v1' retrieved from /workspaces/meu-primeiro-etl-airflow/dags/dag_inferencia_titanic.py
[2026-05-18T16:14:02.909+0000] {logging_mixin.py:190} INFO - [2026-05-18T16:14:02.909+0000] {dag.py:3239} INFO - Sync 1 DAGs
[2026-05-18T16:14:02.918+0000] {logging_mixin.py:190} INFO - [2026-05-18T16:14:02.917+0000] {dag.py:4180} INFO - Setting next_dagrun for atv7_inferencia_titanic_v1 to None, run_after=None
[2026-05-18T16:14:02.932+0000] {processor.py:208} INFO - Processing /workspaces/meu-primeiro-etl-airflow/dags/dag_inferencia_titanic.py took 1.123 seconds
[2026-05-18T16:15:03.794+0000] {processor.py:186} INFO - Started process (PID=93431) to work on /workspaces/meu-primeiro-etl-airflow/dags/dag_inferencia_titanic.py
[2026-05-18T16:15:03.795+0000] {processor.py:914} INFO - Processing file /workspaces/meu-primeiro-etl-airflow/dags/dag_inferencia_titanic.py for tasks to queue
[2026-05-18T16:15:03.796+0000] {logging_mixin.py:190} INFO - [2026-05-18T16:15:03.795+0000] {dagbag.py:588} INFO - Filling up the DagBag from /workspaces/meu-primeiro-etl-airflow/dags/dag_inferencia_titanic.py
[2026-05-18T16:15:04.967+0000] {processor.py:925} INFO - DAG(s) 'atv7_inferencia_titanic_v1' retrieved from /workspaces/meu-primeiro-etl-airflow/dags/dag_inferencia_titanic.py
[2026-05-18T16:15:04.986+0000] {logging_mixin.py:190} INFO - [2026-05-18T16:15:04.986+0000] {dag.py:3239} INFO - Sync 1 DAGs
[2026-05-18T16:15:05.000+0000] {logging_mixin.py:190} INFO - [2026-05-18T16:15:04.999+0000] {dag.py:4180} INFO - Setting next_dagrun for atv7_inferencia_titanic_v1 to None, run_after=None
[2026-05-18T16:15:05.028+0000] {processor.py:208} INFO - Processing /workspaces/meu-primeiro-etl-airflow/dags/dag_inferencia_titanic.py took 1.238 seconds
[2026-05-18T16:16:01.993+0000] {processor.py:186} INFO - Started process (PID=94010) to work on /workspaces/meu-primeiro-etl-airflow/dags/dag_inferencia_titanic.py
[2026-05-18T16:16:01.994+0000] {processor.py:914} INFO - Processing file /workspaces/meu-primeiro-etl-airflow/dags/dag_inferencia_titanic.py for tasks to queue
[2026-05-18T16:16:01.995+0000] {logging_mixin.py:190} INFO - [2026-05-18T16:16:01.995+0000] {dagbag.py:588} INFO - Filling up the DagBag from /workspaces/meu-primeiro-etl-airflow/dags/dag_inferencia_titanic.py
[2026-05-18T16:16:02.945+0000] {processor.py:925} INFO - DAG(s) 'atv7_inferencia_titanic_v1' retrieved from /workspaces/meu-primeiro-etl-airflow/dags/dag_inferencia_titanic.py
[2026-05-18T16:16:02.959+0000] {logging_mixin.py:190} INFO - [2026-05-18T16:16:02.958+0000] {dag.py:3239} INFO - Sync 1 DAGs
[2026-05-18T16:16:02.975+0000] {logging_mixin.py:190} INFO - [2026-05-18T16:16:02.974+0000] {dag.py:4180} INFO - Setting next_dagrun for atv7_inferencia_titanic_v1 to None, run_after=None
[2026-05-18T16:16:02.994+0000] {processor.py:208} INFO - Processing /workspaces/meu-primeiro-etl-airflow/dags/dag_inferencia_titanic.py took 1.008 seconds
[2026-05-18T16:17:04.581+0000] {processor.py:186} INFO - Started process (PID=94547) to work on /workspaces/meu-primeiro-etl-airflow/dags/dag_inferencia_titanic.py
[2026-05-18T16:17:04.582+0000] {processor.py:914} INFO - Processing file /workspaces/meu-primeiro-etl-airflow/dags/dag_inferencia_titanic.py for tasks to queue
[2026-05-18T16:17:04.583+0000] {logging_mixin.py:190} INFO - [2026-05-18T16:17:04.583+0000] {dagbag.py:588} INFO - Filling up the DagBag from /workspaces/meu-primeiro-etl-airflow/dags/dag_inferencia_titanic.py
[2026-05-18T16:17:05.585+0000] {processor.py:925} INFO - DAG(s) 'atv7_inferencia_titanic_v1' retrieved from /workspaces/meu-primeiro-etl-airflow/dags/dag_inferencia_titanic.py
[2026-05-18T16:17:05.594+0000] {logging_mixin.py:190} INFO - [2026-05-18T16:17:05.593+0000] {dag.py:3239} INFO - Sync 1 DAGs
[2026-05-18T16:17:05.602+0000] {logging_mixin.py:190} INFO - [2026-05-18T16:17:05.602+0000] {dag.py:4180} INFO - Setting next_dagrun for atv7_inferencia_titanic_v1 to None, run_after=None
[2026-05-18T16:17:05.616+0000] {processor.py:208} INFO - Processing /workspaces/meu-primeiro-etl-airflow/dags/dag_inferencia_titanic.py took 1.041 seconds
[2026-05-18T16:18:06.777+0000] {processor.py:186} INFO - Started process (PID=95087) to work on /workspaces/meu-primeiro-etl-airflow/dags/dag_inferencia_titanic.py
[2026-05-18T16:18:06.778+0000] {processor.py:914} INFO - Processing file /workspaces/meu-primeiro-etl-airflow/dags/dag_inferencia_titanic.py for tasks to queue
[2026-05-18T16:18:06.779+0000] {logging_mixin.py:190} INFO - [2026-05-18T16:18:06.778+0000] {dagbag.py:588} INFO - Filling up the DagBag from /workspaces/meu-primeiro-etl-airflow/dags/dag_inferencia_titanic.py
[2026-05-18T16:18:07.698+0000] {processor.py:925} INFO - DAG(s) 'atv7_inferencia_titanic_v1' retrieved from /workspaces/meu-primeiro-etl-airflow/dags/dag_inferencia_titanic.py
[2026-05-18T16:18:07.706+0000] {logging_mixin.py:190} INFO - [2026-05-18T16:18:07.705+0000] {dag.py:3239} INFO - Sync 1 DAGs
[2026-05-18T16:18:07.714+0000] {logging_mixin.py:190} INFO - [2026-05-18T16:18:07.714+0000] {dag.py:4180} INFO - Setting next_dagrun for atv7_inferencia_titanic_v1 to None, run_after=None
[2026-05-18T16:18:07.729+0000] {processor.py:208} INFO - Processing /workspaces/meu-primeiro-etl-airflow/dags/dag_inferencia_titanic.py took 0.957 seconds
[2026-05-18T16:19:08.467+0000] {processor.py:186} INFO - Started process (PID=95618) to work on /workspaces/meu-primeiro-etl-airflow/dags/dag_inferencia_titanic.py
[2026-05-18T16:19:08.468+0000] {processor.py:914} INFO - Processing file /workspaces/meu-primeiro-etl-airflow/dags/dag_inferencia_titanic.py for tasks to queue
[2026-05-18T16:19:08.469+0000] {logging_mixin.py:190} INFO - [2026-05-18T16:19:08.469+0000] {dagbag.py:588} INFO - Filling up the DagBag from /workspaces/meu-primeiro-etl-airflow/dags/dag_inferencia_titanic.py
[2026-05-18T16:19:09.552+0000] {processor.py:925} INFO - DAG(s) 'atv7_inferencia_titanic_v1' retrieved from /workspaces/meu-primeiro-etl-airflow/dags/dag_inferencia_titanic.py
[2026-05-18T16:19:09.560+0000] {logging_mixin.py:190} INFO - [2026-05-18T16:19:09.560+0000] {dag.py:3239} INFO - Sync 1 DAGs
[2026-05-18T16:19:09.574+0000] {logging_mixin.py:190} INFO - [2026-05-18T16:19:09.574+0000] {dag.py:4180} INFO - Setting next_dagrun for atv7_inferencia_titanic_v1 to None, run_after=None
[2026-05-18T16:19:09.608+0000] {processor.py:208} INFO - Processing /workspaces/meu-primeiro-etl-airflow/dags/dag_inferencia_titanic.py took 1.146 seconds
[2026-05-18T16:19:43.134+0000] {processor.py:186} INFO - Started process (PID=95894) to work on /workspaces/meu-primeiro-etl-airflow/dags/dag_inferencia_titanic.py
[2026-05-18T16:19:43.135+0000] {processor.py:914} INFO - Processing file /workspaces/meu-primeiro-etl-airflow/dags/dag_inferencia_titanic.py for tasks to queue
[2026-05-18T16:19:43.136+0000] {logging_mixin.py:190} INFO - [2026-05-18T16:19:43.135+0000] {dagbag.py:588} INFO - Filling up the DagBag from /workspaces/meu-primeiro-etl-airflow/dags/dag_inferencia_titanic.py
[2026-05-18T16:19:44.140+0000] {processor.py:925} INFO - DAG(s) 'atv7_inferencia_titanic_v1' retrieved from /workspaces/meu-primeiro-etl-airflow/dags/dag_inferencia_titanic.py
[2026-05-18T16:19:44.148+0000] {logging_mixin.py:190} INFO - [2026-05-18T16:19:44.147+0000] {dag.py:3239} INFO - Sync 1 DAGs
[2026-05-18T16:19:44.156+0000] {logging_mixin.py:190} INFO - [2026-05-18T16:19:44.156+0000] {dag.py:4180} INFO - Setting next_dagrun for atv7_inferencia_titanic_v1 to None, run_after=None
[2026-05-18T16:19:44.176+0000] {processor.py:208} INFO - Processing /workspaces/meu-primeiro-etl-airflow/dags/dag_inferencia_titanic.py took 1.047 seconds
[2026-05-18T16:20:47.206+0000] {processor.py:186} INFO - Started process (PID=96436) to work on /workspaces/meu-primeiro-etl-airflow/dags/dag_inferencia_titanic.py
[2026-05-18T16:20:47.207+0000] {processor.py:914} INFO - Processing file /workspaces/meu-primeiro-etl-airflow/dags/dag_inferencia_titanic.py for tasks to queue
[2026-05-18T16:20:47.208+0000] {logging_mixin.py:190} INFO - [2026-05-18T16:20:47.208+0000] {dagbag.py:588} INFO - Filling up the DagBag from /workspaces/meu-primeiro-etl-airflow/dags/dag_inferencia_titanic.py
[2026-05-18T16:20:48.198+0000] {processor.py:925} INFO - DAG(s) 'atv7_inferencia_titanic_v1' retrieved from /workspaces/meu-primeiro-etl-airflow/dags/dag_inferencia_titanic.py
[2026-05-18T16:20:48.207+0000] {logging_mixin.py:190} INFO - [2026-05-18T16:20:48.206+0000] {dag.py:3239} INFO - Sync 1 DAGs
[2026-05-18T16:20:48.215+0000] {logging_mixin.py:190} INFO - [2026-05-18T16:20:48.215+0000] {dag.py:4180} INFO - Setting next_dagrun for atv7_inferencia_titanic_v1 to None, run_after=None
[2026-05-18T16:20:48.231+0000] {processor.py:208} INFO - Processing /workspaces/meu-primeiro-etl-airflow/dags/dag_inferencia_titanic.py took 1.029 seconds
[2026-05-18T16:21:52.559+0000] {processor.py:186} INFO - Started process (PID=97056) to work on /workspaces/meu-primeiro-etl-airflow/dags/dag_inferencia_titanic.py
[2026-05-18T16:21:52.560+0000] {processor.py:914} INFO - Processing file /workspaces/meu-primeiro-etl-airflow/dags/dag_inferencia_titanic.py for tasks to queue
[2026-05-18T16:21:52.561+0000] {logging_mixin.py:190} INFO - [2026-05-18T16:21:52.561+0000] {dagbag.py:588} INFO - Filling up the DagBag from /workspaces/meu-primeiro-etl-airflow/dags/dag_inferencia_titanic.py
[2026-05-18T16:21:53.497+0000] {processor.py:925} INFO - DAG(s) 'atv7_inferencia_titanic_v1' retrieved from /workspaces/meu-primeiro-etl-airflow/dags/dag_inferencia_titanic.py
[2026-05-18T16:21:53.504+0000] {logging_mixin.py:190} INFO - [2026-05-18T16:21:53.504+0000] {dag.py:3239} INFO - Sync 1 DAGs
[2026-05-18T16:21:53.512+0000] {logging_mixin.py:190} INFO - [2026-05-18T16:21:53.512+0000] {dag.py:4180} INFO - Setting next_dagrun for atv7_inferencia_titanic_v1 to None, run_after=None
[2026-05-18T16:21:53.527+0000] {processor.py:208} INFO - Processing /workspaces/meu-primeiro-etl-airflow/dags/dag_inferencia_titanic.py took 0.972 seconds
[2026-05-18T16:22:54.730+0000] {processor.py:186} INFO - Started process (PID=97587) to work on /workspaces/meu-primeiro-etl-airflow/dags/dag_inferencia_titanic.py
[2026-05-18T16:22:54.731+0000] {processor.py:914} INFO - Processing file /workspaces/meu-primeiro-etl-airflow/dags/dag_inferencia_titanic.py for tasks to queue
[2026-05-18T16:22:54.732+0000] {logging_mixin.py:190} INFO - [2026-05-18T16:22:54.732+0000] {dagbag.py:588} INFO - Filling up the DagBag from /workspaces/meu-primeiro-etl-airflow/dags/dag_inferencia_titanic.py
[2026-05-18T16:22:55.869+0000] {processor.py:925} INFO - DAG(s) 'atv7_inferencia_titanic_v1' retrieved from /workspaces/meu-primeiro-etl-airflow/dags/dag_inferencia_titanic.py
[2026-05-18T16:22:55.879+0000] {logging_mixin.py:190} INFO - [2026-05-18T16:22:55.879+0000] {dag.py:3239} INFO - Sync 1 DAGs
[2026-05-18T16:22:55.890+0000] {logging_mixin.py:190} INFO - [2026-05-18T16:22:55.890+0000] {dag.py:4180} INFO - Setting next_dagrun for atv7_inferencia_titanic_v1 to None, run_after=None
[2026-05-18T16:22:55.906+0000] {processor.py:208} INFO - Processing /workspaces/meu-primeiro-etl-airflow/dags/dag_inferencia_titanic.py took 1.179 seconds
[2026-05-18T16:23:32.371+0000] {processor.py:186} INFO - Started process (PID=97880) to work on /workspaces/meu-primeiro-etl-airflow/dags/dag_inferencia_titanic.py
[2026-05-18T16:23:32.372+0000] {processor.py:914} INFO - Processing file /workspaces/meu-primeiro-etl-airflow/dags/dag_inferencia_titanic.py for tasks to queue
[2026-05-18T16:23:32.373+0000] {logging_mixin.py:190} INFO - [2026-05-18T16:23:32.372+0000] {dagbag.py:588} INFO - Filling up the DagBag from /workspaces/meu-primeiro-etl-airflow/dags/dag_inferencia_titanic.py
[2026-05-18T16:23:33.417+0000] {processor.py:925} INFO - DAG(s) 'atv7_inferencia_titanic_v1' retrieved from /workspaces/meu-primeiro-etl-airflow/dags/dag_inferencia_titanic.py
[2026-05-18T16:23:33.425+0000] {logging_mixin.py:190} INFO - [2026-05-18T16:23:33.425+0000] {dag.py:3239} INFO - Sync 1 DAGs
[2026-05-18T16:23:33.434+0000] {logging_mixin.py:190} INFO - [2026-05-18T16:23:33.434+0000] {dag.py:4180} INFO - Setting next_dagrun for atv7_inferencia_titanic_v1 to None, run_after=None
[2026-05-18T16:23:33.451+0000] {processor.py:208} INFO - Processing /workspaces/meu-primeiro-etl-airflow/dags/dag_inferencia_titanic.py took 1.088 seconds
[2026-05-18T16:24:06.833+0000] {processor.py:186} INFO - Started process (PID=98215) to work on /workspaces/meu-primeiro-etl-airflow/dags/dag_inferencia_titanic.py
[2026-05-18T16:24:06.834+0000] {processor.py:914} INFO - Processing file /workspaces/meu-primeiro-etl-airflow/dags/dag_inferencia_titanic.py for tasks to queue
[2026-05-18T16:24:06.835+0000] {logging_mixin.py:190} INFO - [2026-05-18T16:24:06.835+0000] {dagbag.py:588} INFO - Filling up the DagBag from /workspaces/meu-primeiro-etl-airflow/dags/dag_inferencia_titanic.py
[2026-05-18T16:24:07.906+0000] {processor.py:925} INFO - DAG(s) 'atv7_inferencia_titanic_v1' retrieved from /workspaces/meu-primeiro-etl-airflow/dags/dag_inferencia_titanic.py
[2026-05-18T16:24:07.945+0000] {logging_mixin.py:190} INFO - [2026-05-18T16:24:07.942+0000] {dag.py:3239} INFO - Sync 1 DAGs
[2026-05-18T16:24:07.960+0000] {logging_mixin.py:190} INFO - [2026-05-18T16:24:07.960+0000] {dag.py:4180} INFO - Setting next_dagrun for atv7_inferencia_titanic_v1 to None, run_after=None
[2026-05-18T16:24:07.992+0000] {processor.py:208} INFO - Processing /workspaces/meu-primeiro-etl-airflow/dags/dag_inferencia_titanic.py took 1.164 seconds
[2026-05-18T16:24:42.056+0000] {processor.py:186} INFO - Started process (PID=98482) to work on /workspaces/meu-primeiro-etl-airflow/dags/dag_inferencia_titanic.py
[2026-05-18T16:24:42.057+0000] {processor.py:914} INFO - Processing file /workspaces/meu-primeiro-etl-airflow/dags/dag_inferencia_titanic.py for tasks to queue
[2026-05-18T16:24:42.058+0000] {logging_mixin.py:190} INFO - [2026-05-18T16:24:42.058+0000] {dagbag.py:588} INFO - Filling up the DagBag from /workspaces/meu-primeiro-etl-airflow/dags/dag_inferencia_titanic.py
[2026-05-18T16:24:43.056+0000] {processor.py:925} INFO - DAG(s) 'atv7_inferencia_titanic_v1' retrieved from /workspaces/meu-primeiro-etl-airflow/dags/dag_inferencia_titanic.py
[2026-05-18T16:24:43.064+0000] {logging_mixin.py:190} INFO - [2026-05-18T16:24:43.063+0000] {dag.py:3239} INFO - Sync 1 DAGs
[2026-05-18T16:24:43.075+0000] {logging_mixin.py:190} INFO - [2026-05-18T16:24:43.075+0000] {dag.py:4180} INFO - Setting next_dagrun for atv7_inferencia_titanic_v1 to None, run_after=None
[2026-05-18T16:24:43.093+0000] {processor.py:208} INFO - Processing /workspaces/meu-primeiro-etl-airflow/dags/dag_inferencia_titanic.py took 1.041 seconds
[2026-05-18T16:25:19.160+0000] {processor.py:186} INFO - Started process (PID=98833) to work on /workspaces/meu-primeiro-etl-airflow/dags/dag_inferencia_titanic.py
[2026-05-18T16:25:19.161+0000] {processor.py:914} INFO - Processing file /workspaces/meu-primeiro-etl-airflow/dags/dag_inferencia_titanic.py for tasks to queue
[2026-05-18T16:25:19.162+0000] {logging_mixin.py:190} INFO - [2026-05-18T16:25:19.161+0000] {dagbag.py:588} INFO - Filling up the DagBag from /workspaces/meu-primeiro-etl-airflow/dags/dag_inferencia_titanic.py
[2026-05-18T16:25:20.156+0000] {processor.py:925} INFO - DAG(s) 'atv7_inferencia_titanic_v1' retrieved from /workspaces/meu-primeiro-etl-airflow/dags/dag_inferencia_titanic.py
[2026-05-18T16:25:20.166+0000] {logging_mixin.py:190} INFO - [2026-05-18T16:25:20.166+0000] {dag.py:3239} INFO - Sync 1 DAGs
[2026-05-18T16:25:20.179+0000] {logging_mixin.py:190} INFO - [2026-05-18T16:25:20.179+0000] {dag.py:4180} INFO - Setting next_dagrun for atv7_inferencia_titanic_v1 to None, run_after=None
[2026-05-18T16:25:20.196+0000] {processor.py:208} INFO - Processing /workspaces/meu-primeiro-etl-airflow/dags/dag_inferencia_titanic.py took 1.041 seconds
[2026-05-18T16:26:18.057+0000] {processor.py:186} INFO - Started process (PID=99391) to work on /workspaces/meu-primeiro-etl-airflow/dags/dag_inferencia_titanic.py
[2026-05-18T16:26:18.058+0000] {processor.py:914} INFO - Processing file /workspaces/meu-primeiro-etl-airflow/dags/dag_inferencia_titanic.py for tasks to queue
[2026-05-18T16:26:18.059+0000] {logging_mixin.py:190} INFO - [2026-05-18T16:26:18.058+0000] {dagbag.py:588} INFO - Filling up the DagBag from /workspaces/meu-primeiro-etl-airflow/dags/dag_inferencia_titanic.py
[2026-05-18T16:26:18.914+0000] {processor.py:925} INFO - DAG(s) 'atv7_inferencia_titanic_v1' retrieved from /workspaces/meu-primeiro-etl-airflow/dags/dag_inferencia_titanic.py
[2026-05-18T16:26:18.923+0000] {logging_mixin.py:190} INFO - [2026-05-18T16:26:18.923+0000] {dag.py:3239} INFO - Sync 1 DAGs
[2026-05-18T16:26:18.933+0000] {logging_mixin.py:190} INFO - [2026-05-18T16:26:18.932+0000] {dag.py:4180} INFO - Setting next_dagrun for atv7_inferencia_titanic_v1 to None, run_after=None
[2026-05-18T16:26:18.948+0000] {processor.py:208} INFO - Processing /workspaces/meu-primeiro-etl-airflow/dags/dag_inferencia_titanic.py took 0.895 seconds
[2026-05-18T16:27:20.055+0000] {processor.py:186} INFO - Started process (PID=99926) to work on /workspaces/meu-primeiro-etl-airflow/dags/dag_inferencia_titanic.py
[2026-05-18T16:27:20.058+0000] {processor.py:914} INFO - Processing file /workspaces/meu-primeiro-etl-airflow/dags/dag_inferencia_titanic.py for tasks to queue
[2026-05-18T16:27:20.059+0000] {logging_mixin.py:190} INFO - [2026-05-18T16:27:20.059+0000] {dagbag.py:588} INFO - Filling up the DagBag from /workspaces/meu-primeiro-etl-airflow/dags/dag_inferencia_titanic.py
[2026-05-18T16:27:21.096+0000] {processor.py:925} INFO - DAG(s) 'atv7_inferencia_titanic_v1' retrieved from /workspaces/meu-primeiro-etl-airflow/dags/dag_inferencia_titanic.py
[2026-05-18T16:27:21.106+0000] {logging_mixin.py:190} INFO - [2026-05-18T16:27:21.105+0000] {dag.py:3239} INFO - Sync 1 DAGs
[2026-05-18T16:27:21.115+0000] {logging_mixin.py:190} INFO - [2026-05-18T16:27:21.115+0000] {dag.py:4180} INFO - Setting next_dagrun for atv7_inferencia_titanic_v1 to None, run_after=None
[2026-05-18T16:27:21.130+0000] {processor.py:208} INFO - Processing /workspaces/meu-primeiro-etl-airflow/dags/dag_inferencia_titanic.py took 1.081 seconds
[2026-05-18T16:28:23.607+0000] {processor.py:186} INFO - Started process (PID=100486) to work on /workspaces/meu-primeiro-etl-airflow/dags/dag_inferencia_titanic.py
[2026-05-18T16:28:23.608+0000] {processor.py:914} INFO - Processing file /workspaces/meu-primeiro-etl-airflow/dags/dag_inferencia_titanic.py for tasks to queue
[2026-05-18T16:28:23.609+0000] {logging_mixin.py:190} INFO - [2026-05-18T16:28:23.609+0000] {dagbag.py:588} INFO - Filling up the DagBag from /workspaces/meu-primeiro-etl-airflow/dags/dag_inferencia_titanic.py
[2026-05-18T16:28:24.421+0000] {processor.py:925} INFO - DAG(s) 'atv7_inferencia_titanic_v1' retrieved from /workspaces/meu-primeiro-etl-airflow/dags/dag_inferencia_titanic.py
[2026-05-18T16:28:24.433+0000] {logging_mixin.py:190} INFO - [2026-05-18T16:28:24.432+0000] {dag.py:3239} INFO - Sync 1 DAGs
[2026-05-18T16:28:24.443+0000] {logging_mixin.py:190} INFO - [2026-05-18T16:28:24.443+0000] {dag.py:4180} INFO - Setting next_dagrun for atv7_inferencia_titanic_v1 to None, run_after=None
[2026-05-18T16:28:24.458+0000] {processor.py:208} INFO - Processing /workspaces/meu-primeiro-etl-airflow/dags/dag_inferencia_titanic.py took 0.855 seconds
[2026-05-18T16:29:26.111+0000] {processor.py:186} INFO - Started process (PID=101030) to work on /workspaces/meu-primeiro-etl-airflow/dags/dag_inferencia_titanic.py
[2026-05-18T16:29:26.112+0000] {processor.py:914} INFO - Processing file /workspaces/meu-primeiro-etl-airflow/dags/dag_inferencia_titanic.py for tasks to queue
[2026-05-18T16:29:26.113+0000] {logging_mixin.py:190} INFO - [2026-05-18T16:29:26.113+0000] {dagbag.py:588} INFO - Filling up the DagBag from /workspaces/meu-primeiro-etl-airflow/dags/dag_inferencia_titanic.py
[2026-05-18T16:29:26.955+0000] {processor.py:925} INFO - DAG(s) 'atv7_inferencia_titanic_v1' retrieved from /workspaces/meu-primeiro-etl-airflow/dags/dag_inferencia_titanic.py
[2026-05-18T16:29:26.969+0000] {logging_mixin.py:190} INFO - [2026-05-18T16:29:26.968+0000] {dag.py:3239} INFO - Sync 1 DAGs
[2026-05-18T16:29:26.979+0000] {logging_mixin.py:190} INFO - [2026-05-18T16:29:26.979+0000] {dag.py:4180} INFO - Setting next_dagrun for atv7_inferencia_titanic_v1 to None, run_after=None
[2026-05-18T16:29:26.996+0000] {processor.py:208} INFO - Processing /workspaces/meu-primeiro-etl-airflow/dags/dag_inferencia_titanic.py took 0.894 seconds
[2026-05-18T16:30:28.108+0000] {processor.py:186} INFO - Started process (PID=101562) to work on /workspaces/meu-primeiro-etl-airflow/dags/dag_inferencia_titanic.py
[2026-05-18T16:30:28.109+0000] {processor.py:914} INFO - Processing file /workspaces/meu-primeiro-etl-airflow/dags/dag_inferencia_titanic.py for tasks to queue
[2026-05-18T16:30:28.110+0000] {logging_mixin.py:190} INFO - [2026-05-18T16:30:28.109+0000] {dagbag.py:588} INFO - Filling up the DagBag from /workspaces/meu-primeiro-etl-airflow/dags/dag_inferencia_titanic.py
[2026-05-18T16:30:28.935+0000] {processor.py:925} INFO - DAG(s) 'atv7_inferencia_titanic_v1' retrieved from /workspaces/meu-primeiro-etl-airflow/dags/dag_inferencia_titanic.py
[2026-05-18T16:30:28.944+0000] {logging_mixin.py:190} INFO - [2026-05-18T16:30:28.943+0000] {dag.py:3239} INFO - Sync 1 DAGs
[2026-05-18T16:30:28.954+0000] {logging_mixin.py:190} INFO - [2026-05-18T16:30:28.954+0000] {dag.py:4180} INFO - Setting next_dagrun for atv7_inferencia_titanic_v1 to None, run_after=None
[2026-05-18T16:30:28.971+0000] {processor.py:208} INFO - Processing /workspaces/meu-primeiro-etl-airflow/dags/dag_inferencia_titanic.py took 0.867 seconds
[2026-05-18T16:31:33.994+0000] {processor.py:186} INFO - Started process (PID=102178) to work on /workspaces/meu-primeiro-etl-airflow/dags/dag_inferencia_titanic.py
[2026-05-18T16:31:33.995+0000] {processor.py:914} INFO - Processing file /workspaces/meu-primeiro-etl-airflow/dags/dag_inferencia_titanic.py for tasks to queue
[2026-05-18T16:31:33.996+0000] {logging_mixin.py:190} INFO - [2026-05-18T16:31:33.996+0000] {dagbag.py:588} INFO - Filling up the DagBag from /workspaces/meu-primeiro-etl-airflow/dags/dag_inferencia_titanic.py
[2026-05-18T16:31:34.869+0000] {processor.py:925} INFO - DAG(s) 'atv7_inferencia_titanic_v1' retrieved from /workspaces/meu-primeiro-etl-airflow/dags/dag_inferencia_titanic.py
[2026-05-18T16:31:34.906+0000] {logging_mixin.py:190} INFO - [2026-05-18T16:31:34.902+0000] {dag.py:3239} INFO - Sync 1 DAGs
[2026-05-18T16:31:34.919+0000] {logging_mixin.py:190} INFO - [2026-05-18T16:31:34.918+0000] {dag.py:4180} INFO - Setting next_dagrun for atv7_inferencia_titanic_v1 to None, run_after=None
[2026-05-18T16:31:34.934+0000] {processor.py:208} INFO - Processing /workspaces/meu-primeiro-etl-airflow/dags/dag_inferencia_titanic.py took 0.945 seconds
[2026-05-18T16:32:33.697+0000] {processor.py:186} INFO - Started process (PID=102708) to work on /workspaces/meu-primeiro-etl-airflow/dags/dag_inferencia_titanic.py
[2026-05-18T16:32:33.697+0000] {processor.py:914} INFO - Processing file /workspaces/meu-primeiro-etl-airflow/dags/dag_inferencia_titanic.py for tasks to queue
[2026-05-18T16:32:33.698+0000] {logging_mixin.py:190} INFO - [2026-05-18T16:32:33.698+0000] {dagbag.py:588} INFO - Filling up the DagBag from /workspaces/meu-primeiro-etl-airflow/dags/dag_inferencia_titanic.py
[2026-05-18T16:32:34.633+0000] {processor.py:925} INFO - DAG(s) 'atv7_inferencia_titanic_v1' retrieved from /workspaces/meu-primeiro-etl-airflow/dags/dag_inferencia_titanic.py
[2026-05-18T16:32:34.642+0000] {logging_mixin.py:190} INFO - [2026-05-18T16:32:34.642+0000] {dag.py:3239} INFO - Sync 1 DAGs
[2026-05-18T16:32:34.652+0000] {logging_mixin.py:190} INFO - [2026-05-18T16:32:34.652+0000] {dag.py:4180} INFO - Setting next_dagrun for atv7_inferencia_titanic_v1 to None, run_after=None
[2026-05-18T16:32:34.668+0000] {processor.py:208} INFO - Processing /workspaces/meu-primeiro-etl-airflow/dags/dag_inferencia_titanic.py took 0.976 seconds
[2026-05-18T16:33:36.820+0000] {processor.py:186} INFO - Started process (PID=103243) to work on /workspaces/meu-primeiro-etl-airflow/dags/dag_inferencia_titanic.py
[2026-05-18T16:33:36.821+0000] {processor.py:914} INFO - Processing file /workspaces/meu-primeiro-etl-airflow/dags/dag_inferencia_titanic.py for tasks to queue
[2026-05-18T16:33:36.822+0000] {logging_mixin.py:190} INFO - [2026-05-18T16:33:36.822+0000] {dagbag.py:588} INFO - Filling up the DagBag from /workspaces/meu-primeiro-etl-airflow/dags/dag_inferencia_titanic.py
[2026-05-18T16:33:37.679+0000] {processor.py:925} INFO - DAG(s) 'atv7_inferencia_titanic_v1' retrieved from /workspaces/meu-primeiro-etl-airflow/dags/dag_inferencia_titanic.py
[2026-05-18T16:33:37.690+0000] {logging_mixin.py:190} INFO - [2026-05-18T16:33:37.689+0000] {dag.py:3239} INFO - Sync 1 DAGs
[2026-05-18T16:33:37.699+0000] {logging_mixin.py:190} INFO - [2026-05-18T16:33:37.699+0000] {dag.py:4180} INFO - Setting next_dagrun for atv7_inferencia_titanic_v1 to None, run_after=None
[2026-05-18T16:33:37.850+0000] {processor.py:208} INFO - Processing /workspaces/meu-primeiro-etl-airflow/dags/dag_inferencia_titanic.py took 1.034 seconds
