[2026-05-18T15:19:58.558+0000] {processor.py:186} INFO - Started process (PID=60837) to work on /workspaces/meu-primeiro-etl-airflow/dags/dag_treino_titanic.py
[2026-05-18T15:19:58.559+0000] {processor.py:914} INFO - Processing file /workspaces/meu-primeiro-etl-airflow/dags/dag_treino_titanic.py for tasks to queue
[2026-05-18T15:19:58.561+0000] {logging_mixin.py:190} INFO - [2026-05-18T15:19:58.561+0000] {dagbag.py:588} INFO - Filling up the DagBag from /workspaces/meu-primeiro-etl-airflow/dags/dag_treino_titanic.py
[2026-05-18T15:20:01.051+0000] {processor.py:925} INFO - DAG(s) 'atv7_treino_titanic_v1' retrieved from /workspaces/meu-primeiro-etl-airflow/dags/dag_treino_titanic.py
[2026-05-18T15:20:01.148+0000] {logging_mixin.py:190} INFO - [2026-05-18T15:20:01.147+0000] {override.py:1900} INFO - Created Permission View: can delete on DAG:atv7_treino_titanic_v1
[2026-05-18T15:20:01.157+0000] {logging_mixin.py:190} INFO - [2026-05-18T15:20:01.157+0000] {override.py:1900} INFO - Created Permission View: can read on DAG:atv7_treino_titanic_v1
[2026-05-18T15:20:01.164+0000] {logging_mixin.py:190} INFO - [2026-05-18T15:20:01.164+0000] {override.py:1900} INFO - Created Permission View: can edit on DAG:atv7_treino_titanic_v1
[2026-05-18T15:20:01.175+0000] {logging_mixin.py:190} INFO - [2026-05-18T15:20:01.174+0000] {override.py:1900} INFO - Created Permission View: can delete on DAG Run:atv7_treino_titanic_v1
[2026-05-18T15:20:01.183+0000] {logging_mixin.py:190} INFO - [2026-05-18T15:20:01.182+0000] {override.py:1900} INFO - Created Permission View: can read on DAG Run:atv7_treino_titanic_v1
[2026-05-18T15:20:01.190+0000] {logging_mixin.py:190} INFO - [2026-05-18T15:20:01.190+0000] {override.py:1900} INFO - Created Permission View: menu access on DAG Run:atv7_treino_titanic_v1
[2026-05-18T15:20:01.197+0000] {logging_mixin.py:190} INFO - [2026-05-18T15:20:01.197+0000] {override.py:1900} INFO - Created Permission View: can create on DAG Run:atv7_treino_titanic_v1
[2026-05-18T15:20:01.198+0000] {logging_mixin.py:190} INFO - [2026-05-18T15:20:01.198+0000] {dag.py:3239} INFO - Sync 1 DAGs
[2026-05-18T15:20:01.208+0000] {logging_mixin.py:190} INFO - [2026-05-18T15:20:01.208+0000] {dag.py:3262} INFO - Creating ORM DAG for atv7_treino_titanic_v1
[2026-05-18T15:20:01.209+0000] {logging_mixin.py:190} INFO - [2026-05-18T15:20:01.208+0000] {dag.py:4180} INFO - Setting next_dagrun for atv7_treino_titanic_v1 to None, run_after=None
[2026-05-18T15:20:01.228+0000] {processor.py:208} INFO - Processing /workspaces/meu-primeiro-etl-airflow/dags/dag_treino_titanic.py took 2.675 seconds
[2026-05-18T15:21:11.348+0000] {processor.py:186} INFO - Started process (PID=61789) to work on /workspaces/meu-primeiro-etl-airflow/dags/dag_treino_titanic.py
[2026-05-18T15:21:11.349+0000] {processor.py:914} INFO - Processing file /workspaces/meu-primeiro-etl-airflow/dags/dag_treino_titanic.py for tasks to queue
[2026-05-18T15:21:11.350+0000] {logging_mixin.py:190} INFO - [2026-05-18T15:21:11.350+0000] {dagbag.py:588} INFO - Filling up the DagBag from /workspaces/meu-primeiro-etl-airflow/dags/dag_treino_titanic.py
[2026-05-18T15:21:12.731+0000] {processor.py:925} INFO - DAG(s) 'atv7_treino_titanic_v1' retrieved from /workspaces/meu-primeiro-etl-airflow/dags/dag_treino_titanic.py
[2026-05-18T15:21:12.740+0000] {logging_mixin.py:190} INFO - [2026-05-18T15:21:12.739+0000] {dag.py:3239} INFO - Sync 1 DAGs
[2026-05-18T15:21:12.748+0000] {logging_mixin.py:190} INFO - [2026-05-18T15:21:12.748+0000] {dag.py:4180} INFO - Setting next_dagrun for atv7_treino_titanic_v1 to None, run_after=None
[2026-05-18T15:21:12.765+0000] {processor.py:208} INFO - Processing /workspaces/meu-primeiro-etl-airflow/dags/dag_treino_titanic.py took 1.421 seconds
[2026-05-18T15:21:47.434+0000] {processor.py:186} INFO - Started process (PID=62102) to work on /workspaces/meu-primeiro-etl-airflow/dags/dag_treino_titanic.py
[2026-05-18T15:21:47.435+0000] {processor.py:914} INFO - Processing file /workspaces/meu-primeiro-etl-airflow/dags/dag_treino_titanic.py for tasks to queue
[2026-05-18T15:21:47.436+0000] {logging_mixin.py:190} INFO - [2026-05-18T15:21:47.436+0000] {dagbag.py:588} INFO - Filling up the DagBag from /workspaces/meu-primeiro-etl-airflow/dags/dag_treino_titanic.py
[2026-05-18T15:21:48.669+0000] {processor.py:925} INFO - DAG(s) 'atv7_treino_titanic_v1' retrieved from /workspaces/meu-primeiro-etl-airflow/dags/dag_treino_titanic.py
[2026-05-18T15:21:48.680+0000] {logging_mixin.py:190} INFO - [2026-05-18T15:21:48.680+0000] {dag.py:3239} INFO - Sync 1 DAGs
[2026-05-18T15:21:48.691+0000] {logging_mixin.py:190} INFO - [2026-05-18T15:21:48.691+0000] {dag.py:4180} INFO - Setting next_dagrun for atv7_treino_titanic_v1 to None, run_after=None
[2026-05-18T15:21:48.707+0000] {processor.py:208} INFO - Processing /workspaces/meu-primeiro-etl-airflow/dags/dag_treino_titanic.py took 1.277 seconds
[2026-05-18T15:22:49.471+0000] {processor.py:186} INFO - Started process (PID=62704) to work on /workspaces/meu-primeiro-etl-airflow/dags/dag_treino_titanic.py
[2026-05-18T15:22:49.472+0000] {processor.py:914} INFO - Processing file /workspaces/meu-primeiro-etl-airflow/dags/dag_treino_titanic.py for tasks to queue
[2026-05-18T15:22:49.474+0000] {logging_mixin.py:190} INFO - [2026-05-18T15:22:49.474+0000] {dagbag.py:588} INFO - Filling up the DagBag from /workspaces/meu-primeiro-etl-airflow/dags/dag_treino_titanic.py
[2026-05-18T15:22:50.785+0000] {processor.py:925} INFO - DAG(s) 'atv7_treino_titanic_v1' retrieved from /workspaces/meu-primeiro-etl-airflow/dags/dag_treino_titanic.py
[2026-05-18T15:22:50.794+0000] {logging_mixin.py:190} INFO - [2026-05-18T15:22:50.794+0000] {dag.py:3239} INFO - Sync 1 DAGs
[2026-05-18T15:22:50.802+0000] {logging_mixin.py:190} INFO - [2026-05-18T15:22:50.802+0000] {dag.py:4180} INFO - Setting next_dagrun for atv7_treino_titanic_v1 to None, run_after=None
[2026-05-18T15:22:50.818+0000] {processor.py:208} INFO - Processing /workspaces/meu-primeiro-etl-airflow/dags/dag_treino_titanic.py took 1.352 seconds
[2026-05-18T15:23:23.770+0000] {processor.py:186} INFO - Started process (PID=63090) to work on /workspaces/meu-primeiro-etl-airflow/dags/dag_treino_titanic.py
[2026-05-18T15:23:23.771+0000] {processor.py:914} INFO - Processing file /workspaces/meu-primeiro-etl-airflow/dags/dag_treino_titanic.py for tasks to queue
[2026-05-18T15:23:23.773+0000] {logging_mixin.py:190} INFO - [2026-05-18T15:23:23.772+0000] {dagbag.py:588} INFO - Filling up the DagBag from /workspaces/meu-primeiro-etl-airflow/dags/dag_treino_titanic.py
[2026-05-18T15:23:25.071+0000] {processor.py:925} INFO - DAG(s) 'atv7_treino_titanic_v1' retrieved from /workspaces/meu-primeiro-etl-airflow/dags/dag_treino_titanic.py
[2026-05-18T15:23:25.084+0000] {logging_mixin.py:190} INFO - [2026-05-18T15:23:25.082+0000] {dag.py:3239} INFO - Sync 1 DAGs
[2026-05-18T15:23:25.102+0000] {logging_mixin.py:190} INFO - [2026-05-18T15:23:25.101+0000] {dag.py:4180} INFO - Setting next_dagrun for atv7_treino_titanic_v1 to None, run_after=None
[2026-05-18T15:23:25.131+0000] {processor.py:208} INFO - Processing /workspaces/meu-primeiro-etl-airflow/dags/dag_treino_titanic.py took 1.367 seconds
[2026-05-18T15:24:29.329+0000] {processor.py:186} INFO - Started process (PID=63799) to work on /workspaces/meu-primeiro-etl-airflow/dags/dag_treino_titanic.py
[2026-05-18T15:24:29.331+0000] {processor.py:914} INFO - Processing file /workspaces/meu-primeiro-etl-airflow/dags/dag_treino_titanic.py for tasks to queue
[2026-05-18T15:24:29.335+0000] {logging_mixin.py:190} INFO - [2026-05-18T15:24:29.334+0000] {dagbag.py:588} INFO - Filling up the DagBag from /workspaces/meu-primeiro-etl-airflow/dags/dag_treino_titanic.py
[2026-05-18T15:24:30.556+0000] {processor.py:925} INFO - DAG(s) 'atv7_treino_titanic_v1' retrieved from /workspaces/meu-primeiro-etl-airflow/dags/dag_treino_titanic.py
[2026-05-18T15:24:30.567+0000] {logging_mixin.py:190} INFO - [2026-05-18T15:24:30.566+0000] {dag.py:3239} INFO - Sync 1 DAGs
[2026-05-18T15:24:30.592+0000] {logging_mixin.py:190} INFO - [2026-05-18T15:24:30.590+0000] {dag.py:4180} INFO - Setting next_dagrun for atv7_treino_titanic_v1 to None, run_after=None
[2026-05-18T15:24:30.651+0000] {processor.py:208} INFO - Processing /workspaces/meu-primeiro-etl-airflow/dags/dag_treino_titanic.py took 1.336 seconds
[2026-05-18T15:25:04.157+0000] {processor.py:186} INFO - Started process (PID=64219) to work on /workspaces/meu-primeiro-etl-airflow/dags/dag_treino_titanic.py
[2026-05-18T15:25:04.158+0000] {processor.py:914} INFO - Processing file /workspaces/meu-primeiro-etl-airflow/dags/dag_treino_titanic.py for tasks to queue
[2026-05-18T15:25:04.160+0000] {logging_mixin.py:190} INFO - [2026-05-18T15:25:04.159+0000] {dagbag.py:588} INFO - Filling up the DagBag from /workspaces/meu-primeiro-etl-airflow/dags/dag_treino_titanic.py
[2026-05-18T15:25:05.213+0000] {processor.py:925} INFO - DAG(s) 'atv7_treino_titanic_v1' retrieved from /workspaces/meu-primeiro-etl-airflow/dags/dag_treino_titanic.py
[2026-05-18T15:25:05.222+0000] {logging_mixin.py:190} INFO - [2026-05-18T15:25:05.221+0000] {dag.py:3239} INFO - Sync 1 DAGs
[2026-05-18T15:25:05.230+0000] {logging_mixin.py:190} INFO - [2026-05-18T15:25:05.230+0000] {dag.py:4180} INFO - Setting next_dagrun for atv7_treino_titanic_v1 to None, run_after=None
[2026-05-18T15:25:05.245+0000] {processor.py:208} INFO - Processing /workspaces/meu-primeiro-etl-airflow/dags/dag_treino_titanic.py took 1.093 seconds
[2026-05-18T15:26:07.938+0000] {processor.py:186} INFO - Started process (PID=64897) to work on /workspaces/meu-primeiro-etl-airflow/dags/dag_treino_titanic.py
[2026-05-18T15:26:07.938+0000] {processor.py:914} INFO - Processing file /workspaces/meu-primeiro-etl-airflow/dags/dag_treino_titanic.py for tasks to queue
[2026-05-18T15:26:07.940+0000] {logging_mixin.py:190} INFO - [2026-05-18T15:26:07.940+0000] {dagbag.py:588} INFO - Filling up the DagBag from /workspaces/meu-primeiro-etl-airflow/dags/dag_treino_titanic.py
[2026-05-18T15:26:09.142+0000] {processor.py:925} INFO - DAG(s) 'atv7_treino_titanic_v1' retrieved from /workspaces/meu-primeiro-etl-airflow/dags/dag_treino_titanic.py
[2026-05-18T15:26:09.151+0000] {logging_mixin.py:190} INFO - [2026-05-18T15:26:09.150+0000] {dag.py:3239} INFO - Sync 1 DAGs
[2026-05-18T15:26:09.159+0000] {logging_mixin.py:190} INFO - [2026-05-18T15:26:09.159+0000] {dag.py:4180} INFO - Setting next_dagrun for atv7_treino_titanic_v1 to None, run_after=None
[2026-05-18T15:26:09.176+0000] {processor.py:208} INFO - Processing /workspaces/meu-primeiro-etl-airflow/dags/dag_treino_titanic.py took 1.242 seconds
[2026-05-18T15:27:14.336+0000] {processor.py:186} INFO - Started process (PID=65601) to work on /workspaces/meu-primeiro-etl-airflow/dags/dag_treino_titanic.py
[2026-05-18T15:27:14.336+0000] {processor.py:914} INFO - Processing file /workspaces/meu-primeiro-etl-airflow/dags/dag_treino_titanic.py for tasks to queue
[2026-05-18T15:27:14.338+0000] {logging_mixin.py:190} INFO - [2026-05-18T15:27:14.338+0000] {dagbag.py:588} INFO - Filling up the DagBag from /workspaces/meu-primeiro-etl-airflow/dags/dag_treino_titanic.py
[2026-05-18T15:27:15.466+0000] {processor.py:925} INFO - DAG(s) 'atv7_treino_titanic_v1' retrieved from /workspaces/meu-primeiro-etl-airflow/dags/dag_treino_titanic.py
[2026-05-18T15:27:15.478+0000] {logging_mixin.py:190} INFO - [2026-05-18T15:27:15.476+0000] {dag.py:3239} INFO - Sync 1 DAGs
[2026-05-18T15:27:15.487+0000] {logging_mixin.py:190} INFO - [2026-05-18T15:27:15.487+0000] {dag.py:4180} INFO - Setting next_dagrun for atv7_treino_titanic_v1 to None, run_after=None
[2026-05-18T15:27:15.503+0000] {processor.py:208} INFO - Processing /workspaces/meu-primeiro-etl-airflow/dags/dag_treino_titanic.py took 1.171 seconds
[2026-05-18T15:27:47.989+0000] {processor.py:186} INFO - Started process (PID=65886) to work on /workspaces/meu-primeiro-etl-airflow/dags/dag_treino_titanic.py
[2026-05-18T15:27:47.990+0000] {processor.py:914} INFO - Processing file /workspaces/meu-primeiro-etl-airflow/dags/dag_treino_titanic.py for tasks to queue
[2026-05-18T15:27:47.992+0000] {logging_mixin.py:190} INFO - [2026-05-18T15:27:47.991+0000] {dagbag.py:588} INFO - Filling up the DagBag from /workspaces/meu-primeiro-etl-airflow/dags/dag_treino_titanic.py
[2026-05-18T15:27:49.487+0000] {processor.py:925} INFO - DAG(s) 'atv7_treino_titanic_v1' retrieved from /workspaces/meu-primeiro-etl-airflow/dags/dag_treino_titanic.py
[2026-05-18T15:27:49.495+0000] {logging_mixin.py:190} INFO - [2026-05-18T15:27:49.495+0000] {dag.py:3239} INFO - Sync 1 DAGs
[2026-05-18T15:27:49.509+0000] {logging_mixin.py:190} INFO - [2026-05-18T15:27:49.508+0000] {dag.py:4180} INFO - Setting next_dagrun for atv7_treino_titanic_v1 to None, run_after=None
[2026-05-18T15:27:49.526+0000] {processor.py:208} INFO - Processing /workspaces/meu-primeiro-etl-airflow/dags/dag_treino_titanic.py took 1.541 seconds
[2026-05-18T15:28:50.255+0000] {processor.py:186} INFO - Started process (PID=66547) to work on /workspaces/meu-primeiro-etl-airflow/dags/dag_treino_titanic.py
[2026-05-18T15:28:50.256+0000] {processor.py:914} INFO - Processing file /workspaces/meu-primeiro-etl-airflow/dags/dag_treino_titanic.py for tasks to queue
[2026-05-18T15:28:50.257+0000] {logging_mixin.py:190} INFO - [2026-05-18T15:28:50.257+0000] {dagbag.py:588} INFO - Filling up the DagBag from /workspaces/meu-primeiro-etl-airflow/dags/dag_treino_titanic.py
[2026-05-18T15:28:51.415+0000] {processor.py:925} INFO - DAG(s) 'atv7_treino_titanic_v1' retrieved from /workspaces/meu-primeiro-etl-airflow/dags/dag_treino_titanic.py
[2026-05-18T15:28:51.423+0000] {logging_mixin.py:190} INFO - [2026-05-18T15:28:51.423+0000] {dag.py:3239} INFO - Sync 1 DAGs
[2026-05-18T15:28:51.432+0000] {logging_mixin.py:190} INFO - [2026-05-18T15:28:51.432+0000] {dag.py:4180} INFO - Setting next_dagrun for atv7_treino_titanic_v1 to None, run_after=None
[2026-05-18T15:28:51.448+0000] {processor.py:208} INFO - Processing /workspaces/meu-primeiro-etl-airflow/dags/dag_treino_titanic.py took 1.197 seconds
[2026-05-18T15:29:54.807+0000] {processor.py:186} INFO - Started process (PID=67181) to work on /workspaces/meu-primeiro-etl-airflow/dags/dag_treino_titanic.py
[2026-05-18T15:29:54.807+0000] {processor.py:914} INFO - Processing file /workspaces/meu-primeiro-etl-airflow/dags/dag_treino_titanic.py for tasks to queue
[2026-05-18T15:29:54.809+0000] {logging_mixin.py:190} INFO - [2026-05-18T15:29:54.809+0000] {dagbag.py:588} INFO - Filling up the DagBag from /workspaces/meu-primeiro-etl-airflow/dags/dag_treino_titanic.py
[2026-05-18T15:29:55.985+0000] {processor.py:925} INFO - DAG(s) 'atv7_treino_titanic_v1' retrieved from /workspaces/meu-primeiro-etl-airflow/dags/dag_treino_titanic.py
[2026-05-18T15:29:55.995+0000] {logging_mixin.py:190} INFO - [2026-05-18T15:29:55.994+0000] {dag.py:3239} INFO - Sync 1 DAGs
[2026-05-18T15:29:56.005+0000] {logging_mixin.py:190} INFO - [2026-05-18T15:29:56.005+0000] {dag.py:4180} INFO - Setting next_dagrun for atv7_treino_titanic_v1 to None, run_after=None
[2026-05-18T15:29:56.021+0000] {processor.py:208} INFO - Processing /workspaces/meu-primeiro-etl-airflow/dags/dag_treino_titanic.py took 1.219 seconds
[2026-05-18T15:30:58.555+0000] {processor.py:186} INFO - Started process (PID=67907) to work on /workspaces/meu-primeiro-etl-airflow/dags/dag_treino_titanic.py
[2026-05-18T15:30:58.556+0000] {processor.py:914} INFO - Processing file /workspaces/meu-primeiro-etl-airflow/dags/dag_treino_titanic.py for tasks to queue
[2026-05-18T15:30:58.557+0000] {logging_mixin.py:190} INFO - [2026-05-18T15:30:58.557+0000] {dagbag.py:588} INFO - Filling up the DagBag from /workspaces/meu-primeiro-etl-airflow/dags/dag_treino_titanic.py
[2026-05-18T15:30:59.703+0000] {processor.py:925} INFO - DAG(s) 'atv7_treino_titanic_v1' retrieved from /workspaces/meu-primeiro-etl-airflow/dags/dag_treino_titanic.py
[2026-05-18T15:30:59.711+0000] {logging_mixin.py:190} INFO - [2026-05-18T15:30:59.710+0000] {dag.py:3239} INFO - Sync 1 DAGs
[2026-05-18T15:30:59.719+0000] {logging_mixin.py:190} INFO - [2026-05-18T15:30:59.719+0000] {dag.py:4180} INFO - Setting next_dagrun for atv7_treino_titanic_v1 to None, run_after=None
[2026-05-18T15:30:59.734+0000] {processor.py:208} INFO - Processing /workspaces/meu-primeiro-etl-airflow/dags/dag_treino_titanic.py took 1.183 seconds
[2026-05-18T15:31:58.330+0000] {processor.py:186} INFO - Started process (PID=68489) to work on /workspaces/meu-primeiro-etl-airflow/dags/dag_treino_titanic.py
[2026-05-18T15:31:58.331+0000] {processor.py:914} INFO - Processing file /workspaces/meu-primeiro-etl-airflow/dags/dag_treino_titanic.py for tasks to queue
[2026-05-18T15:31:58.333+0000] {logging_mixin.py:190} INFO - [2026-05-18T15:31:58.332+0000] {dagbag.py:588} INFO - Filling up the DagBag from /workspaces/meu-primeiro-etl-airflow/dags/dag_treino_titanic.py
[2026-05-18T15:31:59.557+0000] {processor.py:925} INFO - DAG(s) 'atv7_treino_titanic_v1' retrieved from /workspaces/meu-primeiro-etl-airflow/dags/dag_treino_titanic.py
[2026-05-18T15:31:59.565+0000] {logging_mixin.py:190} INFO - [2026-05-18T15:31:59.565+0000] {dag.py:3239} INFO - Sync 1 DAGs
[2026-05-18T15:31:59.579+0000] {logging_mixin.py:190} INFO - [2026-05-18T15:31:59.579+0000] {dag.py:4180} INFO - Setting next_dagrun for atv7_treino_titanic_v1 to None, run_after=None
[2026-05-18T15:31:59.597+0000] {processor.py:208} INFO - Processing /workspaces/meu-primeiro-etl-airflow/dags/dag_treino_titanic.py took 1.270 seconds
[2026-05-18T15:32:31.985+0000] {processor.py:186} INFO - Started process (PID=68832) to work on /workspaces/meu-primeiro-etl-airflow/dags/dag_treino_titanic.py
[2026-05-18T15:32:31.986+0000] {processor.py:914} INFO - Processing file /workspaces/meu-primeiro-etl-airflow/dags/dag_treino_titanic.py for tasks to queue
[2026-05-18T15:32:31.989+0000] {logging_mixin.py:190} INFO - [2026-05-18T15:32:31.988+0000] {dagbag.py:588} INFO - Filling up the DagBag from /workspaces/meu-primeiro-etl-airflow/dags/dag_treino_titanic.py
[2026-05-18T15:32:33.244+0000] {processor.py:925} INFO - DAG(s) 'atv7_treino_titanic_v1' retrieved from /workspaces/meu-primeiro-etl-airflow/dags/dag_treino_titanic.py
[2026-05-18T15:32:33.252+0000] {logging_mixin.py:190} INFO - [2026-05-18T15:32:33.251+0000] {dag.py:3239} INFO - Sync 1 DAGs
[2026-05-18T15:32:33.260+0000] {logging_mixin.py:190} INFO - [2026-05-18T15:32:33.260+0000] {dag.py:4180} INFO - Setting next_dagrun for atv7_treino_titanic_v1 to None, run_after=None
[2026-05-18T15:32:33.277+0000] {processor.py:208} INFO - Processing /workspaces/meu-primeiro-etl-airflow/dags/dag_treino_titanic.py took 1.298 seconds
[2026-05-18T15:33:31.078+0000] {processor.py:186} INFO - Started process (PID=69445) to work on /workspaces/meu-primeiro-etl-airflow/dags/dag_treino_titanic.py
[2026-05-18T15:33:31.079+0000] {processor.py:914} INFO - Processing file /workspaces/meu-primeiro-etl-airflow/dags/dag_treino_titanic.py for tasks to queue
[2026-05-18T15:33:31.081+0000] {logging_mixin.py:190} INFO - [2026-05-18T15:33:31.081+0000] {dagbag.py:588} INFO - Filling up the DagBag from /workspaces/meu-primeiro-etl-airflow/dags/dag_treino_titanic.py
[2026-05-18T15:33:32.272+0000] {processor.py:925} INFO - DAG(s) 'atv7_treino_titanic_v1' retrieved from /workspaces/meu-primeiro-etl-airflow/dags/dag_treino_titanic.py
[2026-05-18T15:33:32.283+0000] {logging_mixin.py:190} INFO - [2026-05-18T15:33:32.283+0000] {dag.py:3239} INFO - Sync 1 DAGs
[2026-05-18T15:33:32.292+0000] {logging_mixin.py:190} INFO - [2026-05-18T15:33:32.292+0000] {dag.py:4180} INFO - Setting next_dagrun for atv7_treino_titanic_v1 to None, run_after=None
[2026-05-18T15:33:32.308+0000] {processor.py:208} INFO - Processing /workspaces/meu-primeiro-etl-airflow/dags/dag_treino_titanic.py took 1.235 seconds
[2026-05-18T15:34:05.915+0000] {processor.py:186} INFO - Started process (PID=69769) to work on /workspaces/meu-primeiro-etl-airflow/dags/dag_treino_titanic.py
[2026-05-18T15:34:05.916+0000] {processor.py:914} INFO - Processing file /workspaces/meu-primeiro-etl-airflow/dags/dag_treino_titanic.py for tasks to queue
[2026-05-18T15:34:05.919+0000] {logging_mixin.py:190} INFO - [2026-05-18T15:34:05.918+0000] {dagbag.py:588} INFO - Filling up the DagBag from /workspaces/meu-primeiro-etl-airflow/dags/dag_treino_titanic.py
[2026-05-18T15:34:07.320+0000] {processor.py:925} INFO - DAG(s) 'atv7_treino_titanic_v1' retrieved from /workspaces/meu-primeiro-etl-airflow/dags/dag_treino_titanic.py
[2026-05-18T15:34:07.330+0000] {logging_mixin.py:190} INFO - [2026-05-18T15:34:07.329+0000] {dag.py:3239} INFO - Sync 1 DAGs
[2026-05-18T15:34:07.338+0000] {logging_mixin.py:190} INFO - [2026-05-18T15:34:07.338+0000] {dag.py:4180} INFO - Setting next_dagrun for atv7_treino_titanic_v1 to None, run_after=None
[2026-05-18T15:34:07.354+0000] {processor.py:208} INFO - Processing /workspaces/meu-primeiro-etl-airflow/dags/dag_treino_titanic.py took 1.446 seconds
[2026-05-18T15:35:10.016+0000] {processor.py:186} INFO - Started process (PID=70509) to work on /workspaces/meu-primeiro-etl-airflow/dags/dag_treino_titanic.py
[2026-05-18T15:35:10.017+0000] {processor.py:914} INFO - Processing file /workspaces/meu-primeiro-etl-airflow/dags/dag_treino_titanic.py for tasks to queue
[2026-05-18T15:35:10.018+0000] {logging_mixin.py:190} INFO - [2026-05-18T15:35:10.018+0000] {dagbag.py:588} INFO - Filling up the DagBag from /workspaces/meu-primeiro-etl-airflow/dags/dag_treino_titanic.py
[2026-05-18T15:35:11.236+0000] {processor.py:925} INFO - DAG(s) 'atv7_treino_titanic_v1' retrieved from /workspaces/meu-primeiro-etl-airflow/dags/dag_treino_titanic.py
[2026-05-18T15:35:11.249+0000] {logging_mixin.py:190} INFO - [2026-05-18T15:35:11.248+0000] {dag.py:3239} INFO - Sync 1 DAGs
[2026-05-18T15:35:11.268+0000] {logging_mixin.py:190} INFO - [2026-05-18T15:35:11.268+0000] {dag.py:4180} INFO - Setting next_dagrun for atv7_treino_titanic_v1 to None, run_after=None
[2026-05-18T15:35:11.299+0000] {processor.py:208} INFO - Processing /workspaces/meu-primeiro-etl-airflow/dags/dag_treino_titanic.py took 1.287 seconds
[2026-05-18T15:36:11.909+0000] {processor.py:186} INFO - Started process (PID=71170) to work on /workspaces/meu-primeiro-etl-airflow/dags/dag_treino_titanic.py
[2026-05-18T15:36:11.909+0000] {processor.py:914} INFO - Processing file /workspaces/meu-primeiro-etl-airflow/dags/dag_treino_titanic.py for tasks to queue
[2026-05-18T15:36:11.911+0000] {logging_mixin.py:190} INFO - [2026-05-18T15:36:11.911+0000] {dagbag.py:588} INFO - Filling up the DagBag from /workspaces/meu-primeiro-etl-airflow/dags/dag_treino_titanic.py
[2026-05-18T15:36:12.951+0000] {processor.py:925} INFO - DAG(s) 'atv7_treino_titanic_v1' retrieved from /workspaces/meu-primeiro-etl-airflow/dags/dag_treino_titanic.py
[2026-05-18T15:36:12.960+0000] {logging_mixin.py:190} INFO - [2026-05-18T15:36:12.960+0000] {dag.py:3239} INFO - Sync 1 DAGs
[2026-05-18T15:36:12.970+0000] {logging_mixin.py:190} INFO - [2026-05-18T15:36:12.970+0000] {dag.py:4180} INFO - Setting next_dagrun for atv7_treino_titanic_v1 to None, run_after=None
[2026-05-18T15:36:12.988+0000] {processor.py:208} INFO - Processing /workspaces/meu-primeiro-etl-airflow/dags/dag_treino_titanic.py took 1.084 seconds
[2026-05-18T15:37:12.058+0000] {processor.py:186} INFO - Started process (PID=71756) to work on /workspaces/meu-primeiro-etl-airflow/dags/dag_treino_titanic.py
[2026-05-18T15:37:12.059+0000] {processor.py:914} INFO - Processing file /workspaces/meu-primeiro-etl-airflow/dags/dag_treino_titanic.py for tasks to queue
[2026-05-18T15:37:12.060+0000] {logging_mixin.py:190} INFO - [2026-05-18T15:37:12.060+0000] {dagbag.py:588} INFO - Filling up the DagBag from /workspaces/meu-primeiro-etl-airflow/dags/dag_treino_titanic.py
[2026-05-18T15:37:13.206+0000] {processor.py:925} INFO - DAG(s) 'atv7_treino_titanic_v1' retrieved from /workspaces/meu-primeiro-etl-airflow/dags/dag_treino_titanic.py
[2026-05-18T15:37:13.214+0000] {logging_mixin.py:190} INFO - [2026-05-18T15:37:13.213+0000] {dag.py:3239} INFO - Sync 1 DAGs
[2026-05-18T15:37:13.226+0000] {logging_mixin.py:190} INFO - [2026-05-18T15:37:13.226+0000] {dag.py:4180} INFO - Setting next_dagrun for atv7_treino_titanic_v1 to None, run_after=None
[2026-05-18T15:37:13.244+0000] {processor.py:208} INFO - Processing /workspaces/meu-primeiro-etl-airflow/dags/dag_treino_titanic.py took 1.190 seconds
[2026-05-18T15:38:12.846+0000] {processor.py:186} INFO - Started process (PID=72348) to work on /workspaces/meu-primeiro-etl-airflow/dags/dag_treino_titanic.py
[2026-05-18T15:38:12.847+0000] {processor.py:914} INFO - Processing file /workspaces/meu-primeiro-etl-airflow/dags/dag_treino_titanic.py for tasks to queue
[2026-05-18T15:38:12.849+0000] {logging_mixin.py:190} INFO - [2026-05-18T15:38:12.849+0000] {dagbag.py:588} INFO - Filling up the DagBag from /workspaces/meu-primeiro-etl-airflow/dags/dag_treino_titanic.py
[2026-05-18T15:38:13.951+0000] {processor.py:925} INFO - DAG(s) 'atv7_treino_titanic_v1' retrieved from /workspaces/meu-primeiro-etl-airflow/dags/dag_treino_titanic.py
[2026-05-18T15:38:13.961+0000] {logging_mixin.py:190} INFO - [2026-05-18T15:38:13.960+0000] {dag.py:3239} INFO - Sync 1 DAGs
[2026-05-18T15:38:13.972+0000] {logging_mixin.py:190} INFO - [2026-05-18T15:38:13.972+0000] {dag.py:4180} INFO - Setting next_dagrun for atv7_treino_titanic_v1 to None, run_after=None
[2026-05-18T15:38:13.989+0000] {processor.py:208} INFO - Processing /workspaces/meu-primeiro-etl-airflow/dags/dag_treino_titanic.py took 1.150 seconds
[2026-05-18T15:38:45.942+0000] {processor.py:186} INFO - Started process (PID=72621) to work on /workspaces/meu-primeiro-etl-airflow/dags/dag_treino_titanic.py
[2026-05-18T15:38:45.943+0000] {processor.py:914} INFO - Processing file /workspaces/meu-primeiro-etl-airflow/dags/dag_treino_titanic.py for tasks to queue
[2026-05-18T15:38:45.945+0000] {logging_mixin.py:190} INFO - [2026-05-18T15:38:45.944+0000] {dagbag.py:588} INFO - Filling up the DagBag from /workspaces/meu-primeiro-etl-airflow/dags/dag_treino_titanic.py
[2026-05-18T15:38:47.117+0000] {processor.py:925} INFO - DAG(s) 'atv7_treino_titanic_v1' retrieved from /workspaces/meu-primeiro-etl-airflow/dags/dag_treino_titanic.py
[2026-05-18T15:38:47.126+0000] {logging_mixin.py:190} INFO - [2026-05-18T15:38:47.125+0000] {dag.py:3239} INFO - Sync 1 DAGs
[2026-05-18T15:38:47.134+0000] {logging_mixin.py:190} INFO - [2026-05-18T15:38:47.134+0000] {dag.py:4180} INFO - Setting next_dagrun for atv7_treino_titanic_v1 to None, run_after=None
[2026-05-18T15:38:47.151+0000] {processor.py:208} INFO - Processing /workspaces/meu-primeiro-etl-airflow/dags/dag_treino_titanic.py took 1.215 seconds
[2026-05-18T15:39:20.782+0000] {processor.py:186} INFO - Started process (PID=72973) to work on /workspaces/meu-primeiro-etl-airflow/dags/dag_treino_titanic.py
[2026-05-18T15:39:20.783+0000] {processor.py:914} INFO - Processing file /workspaces/meu-primeiro-etl-airflow/dags/dag_treino_titanic.py for tasks to queue
[2026-05-18T15:39:20.785+0000] {logging_mixin.py:190} INFO - [2026-05-18T15:39:20.784+0000] {dagbag.py:588} INFO - Filling up the DagBag from /workspaces/meu-primeiro-etl-airflow/dags/dag_treino_titanic.py
[2026-05-18T15:39:21.955+0000] {processor.py:925} INFO - DAG(s) 'atv7_treino_titanic_v1' retrieved from /workspaces/meu-primeiro-etl-airflow/dags/dag_treino_titanic.py
[2026-05-18T15:39:21.963+0000] {logging_mixin.py:190} INFO - [2026-05-18T15:39:21.963+0000] {dag.py:3239} INFO - Sync 1 DAGs
[2026-05-18T15:39:21.977+0000] {logging_mixin.py:190} INFO - [2026-05-18T15:39:21.976+0000] {dag.py:4180} INFO - Setting next_dagrun for atv7_treino_titanic_v1 to None, run_after=None
[2026-05-18T15:39:21.994+0000] {processor.py:208} INFO - Processing /workspaces/meu-primeiro-etl-airflow/dags/dag_treino_titanic.py took 1.218 seconds
[2026-05-18T15:40:24.632+0000] {processor.py:186} INFO - Started process (PID=73723) to work on /workspaces/meu-primeiro-etl-airflow/dags/dag_treino_titanic.py
[2026-05-18T15:40:24.633+0000] {processor.py:914} INFO - Processing file /workspaces/meu-primeiro-etl-airflow/dags/dag_treino_titanic.py for tasks to queue
[2026-05-18T15:40:24.634+0000] {logging_mixin.py:190} INFO - [2026-05-18T15:40:24.634+0000] {dagbag.py:588} INFO - Filling up the DagBag from /workspaces/meu-primeiro-etl-airflow/dags/dag_treino_titanic.py
[2026-05-18T15:40:25.749+0000] {processor.py:925} INFO - DAG(s) 'atv7_treino_titanic_v1' retrieved from /workspaces/meu-primeiro-etl-airflow/dags/dag_treino_titanic.py
[2026-05-18T15:40:25.757+0000] {logging_mixin.py:190} INFO - [2026-05-18T15:40:25.757+0000] {dag.py:3239} INFO - Sync 1 DAGs
[2026-05-18T15:40:25.769+0000] {logging_mixin.py:190} INFO - [2026-05-18T15:40:25.769+0000] {dag.py:4180} INFO - Setting next_dagrun for atv7_treino_titanic_v1 to None, run_after=None
[2026-05-18T15:40:25.791+0000] {processor.py:208} INFO - Processing /workspaces/meu-primeiro-etl-airflow/dags/dag_treino_titanic.py took 1.163 seconds
[2026-05-18T15:41:27.214+0000] {processor.py:186} INFO - Started process (PID=74348) to work on /workspaces/meu-primeiro-etl-airflow/dags/dag_treino_titanic.py
[2026-05-18T15:41:27.215+0000] {processor.py:914} INFO - Processing file /workspaces/meu-primeiro-etl-airflow/dags/dag_treino_titanic.py for tasks to queue
[2026-05-18T15:41:27.216+0000] {logging_mixin.py:190} INFO - [2026-05-18T15:41:27.216+0000] {dagbag.py:588} INFO - Filling up the DagBag from /workspaces/meu-primeiro-etl-airflow/dags/dag_treino_titanic.py
[2026-05-18T15:41:28.316+0000] {processor.py:925} INFO - DAG(s) 'atv7_treino_titanic_v1' retrieved from /workspaces/meu-primeiro-etl-airflow/dags/dag_treino_titanic.py
[2026-05-18T15:41:28.326+0000] {logging_mixin.py:190} INFO - [2026-05-18T15:41:28.325+0000] {dag.py:3239} INFO - Sync 1 DAGs
[2026-05-18T15:41:28.334+0000] {logging_mixin.py:190} INFO - [2026-05-18T15:41:28.334+0000] {dag.py:4180} INFO - Setting next_dagrun for atv7_treino_titanic_v1 to None, run_after=None
[2026-05-18T15:41:28.352+0000] {processor.py:208} INFO - Processing /workspaces/meu-primeiro-etl-airflow/dags/dag_treino_titanic.py took 1.143 seconds
[2026-05-18T15:42:00.783+0000] {processor.py:186} INFO - Started process (PID=74696) to work on /workspaces/meu-primeiro-etl-airflow/dags/dag_treino_titanic.py
[2026-05-18T15:42:00.784+0000] {processor.py:914} INFO - Processing file /workspaces/meu-primeiro-etl-airflow/dags/dag_treino_titanic.py for tasks to queue
[2026-05-18T15:42:00.786+0000] {logging_mixin.py:190} INFO - [2026-05-18T15:42:00.785+0000] {dagbag.py:588} INFO - Filling up the DagBag from /workspaces/meu-primeiro-etl-airflow/dags/dag_treino_titanic.py
[2026-05-18T15:42:01.868+0000] {processor.py:925} INFO - DAG(s) 'atv7_treino_titanic_v1' retrieved from /workspaces/meu-primeiro-etl-airflow/dags/dag_treino_titanic.py
[2026-05-18T15:42:01.878+0000] {logging_mixin.py:190} INFO - [2026-05-18T15:42:01.877+0000] {dag.py:3239} INFO - Sync 1 DAGs
[2026-05-18T15:42:01.897+0000] {logging_mixin.py:190} INFO - [2026-05-18T15:42:01.897+0000] {dag.py:4180} INFO - Setting next_dagrun for atv7_treino_titanic_v1 to None, run_after=None
[2026-05-18T15:42:01.925+0000] {processor.py:208} INFO - Processing /workspaces/meu-primeiro-etl-airflow/dags/dag_treino_titanic.py took 1.148 seconds
[2026-05-18T15:43:02.024+0000] {processor.py:186} INFO - Started process (PID=75466) to work on /workspaces/meu-primeiro-etl-airflow/dags/dag_treino_titanic.py
[2026-05-18T15:43:02.025+0000] {processor.py:914} INFO - Processing file /workspaces/meu-primeiro-etl-airflow/dags/dag_treino_titanic.py for tasks to queue
[2026-05-18T15:43:02.027+0000] {logging_mixin.py:190} INFO - [2026-05-18T15:43:02.026+0000] {dagbag.py:588} INFO - Filling up the DagBag from /workspaces/meu-primeiro-etl-airflow/dags/dag_treino_titanic.py
[2026-05-18T15:43:03.249+0000] {processor.py:925} INFO - DAG(s) 'atv7_treino_titanic_v1' retrieved from /workspaces/meu-primeiro-etl-airflow/dags/dag_treino_titanic.py
[2026-05-18T15:43:03.257+0000] {logging_mixin.py:190} INFO - [2026-05-18T15:43:03.257+0000] {dag.py:3239} INFO - Sync 1 DAGs
[2026-05-18T15:43:03.267+0000] {logging_mixin.py:190} INFO - [2026-05-18T15:43:03.267+0000] {dag.py:4180} INFO - Setting next_dagrun for atv7_treino_titanic_v1 to None, run_after=None
[2026-05-18T15:43:03.285+0000] {processor.py:208} INFO - Processing /workspaces/meu-primeiro-etl-airflow/dags/dag_treino_titanic.py took 1.265 seconds
[2026-05-18T15:45:51.838+0000] {processor.py:186} INFO - Started process (PID=77012) to work on /workspaces/meu-primeiro-etl-airflow/dags/dag_treino_titanic.py
[2026-05-18T15:45:51.839+0000] {processor.py:914} INFO - Processing file /workspaces/meu-primeiro-etl-airflow/dags/dag_treino_titanic.py for tasks to queue
[2026-05-18T15:45:51.841+0000] {logging_mixin.py:190} INFO - [2026-05-18T15:45:51.840+0000] {dagbag.py:588} INFO - Filling up the DagBag from /workspaces/meu-primeiro-etl-airflow/dags/dag_treino_titanic.py
[2026-05-18T15:45:54.070+0000] {processor.py:925} INFO - DAG(s) 'atv7_treino_titanic_v1' retrieved from /workspaces/meu-primeiro-etl-airflow/dags/dag_treino_titanic.py
[2026-05-18T15:45:54.096+0000] {logging_mixin.py:190} INFO - [2026-05-18T15:45:54.095+0000] {dag.py:3239} INFO - Sync 1 DAGs
[2026-05-18T15:45:54.106+0000] {logging_mixin.py:190} INFO - [2026-05-18T15:45:54.105+0000] {dag.py:4180} INFO - Setting next_dagrun for atv7_treino_titanic_v1 to None, run_after=None
[2026-05-18T15:45:54.124+0000] {processor.py:208} INFO - Processing /workspaces/meu-primeiro-etl-airflow/dags/dag_treino_titanic.py took 2.291 seconds
[2026-05-18T15:46:54.583+0000] {processor.py:186} INFO - Started process (PID=77807) to work on /workspaces/meu-primeiro-etl-airflow/dags/dag_treino_titanic.py
[2026-05-18T15:46:54.591+0000] {processor.py:914} INFO - Processing file /workspaces/meu-primeiro-etl-airflow/dags/dag_treino_titanic.py for tasks to queue
[2026-05-18T15:46:54.597+0000] {logging_mixin.py:190} INFO - [2026-05-18T15:46:54.594+0000] {dagbag.py:588} INFO - Filling up the DagBag from /workspaces/meu-primeiro-etl-airflow/dags/dag_treino_titanic.py
[2026-05-18T15:46:55.879+0000] {processor.py:925} INFO - DAG(s) 'atv7_treino_titanic_v1' retrieved from /workspaces/meu-primeiro-etl-airflow/dags/dag_treino_titanic.py
[2026-05-18T15:46:55.892+0000] {logging_mixin.py:190} INFO - [2026-05-18T15:46:55.891+0000] {dag.py:3239} INFO - Sync 1 DAGs
[2026-05-18T15:46:55.903+0000] {logging_mixin.py:190} INFO - [2026-05-18T15:46:55.902+0000] {dag.py:4180} INFO - Setting next_dagrun for atv7_treino_titanic_v1 to None, run_after=None
[2026-05-18T15:46:55.922+0000] {processor.py:208} INFO - Processing /workspaces/meu-primeiro-etl-airflow/dags/dag_treino_titanic.py took 1.358 seconds
[2026-05-18T15:47:54.974+0000] {processor.py:186} INFO - Started process (PID=78420) to work on /workspaces/meu-primeiro-etl-airflow/dags/dag_treino_titanic.py
[2026-05-18T15:47:54.975+0000] {processor.py:914} INFO - Processing file /workspaces/meu-primeiro-etl-airflow/dags/dag_treino_titanic.py for tasks to queue
[2026-05-18T15:47:54.978+0000] {logging_mixin.py:190} INFO - [2026-05-18T15:47:54.977+0000] {dagbag.py:588} INFO - Filling up the DagBag from /workspaces/meu-primeiro-etl-airflow/dags/dag_treino_titanic.py
[2026-05-18T15:47:56.180+0000] {processor.py:925} INFO - DAG(s) 'atv7_treino_titanic_v1' retrieved from /workspaces/meu-primeiro-etl-airflow/dags/dag_treino_titanic.py
[2026-05-18T15:47:56.196+0000] {logging_mixin.py:190} INFO - [2026-05-18T15:47:56.195+0000] {dag.py:3239} INFO - Sync 1 DAGs
[2026-05-18T15:47:56.215+0000] {logging_mixin.py:190} INFO - [2026-05-18T15:47:56.214+0000] {dag.py:4180} INFO - Setting next_dagrun for atv7_treino_titanic_v1 to None, run_after=None
[2026-05-18T15:47:56.250+0000] {processor.py:208} INFO - Processing /workspaces/meu-primeiro-etl-airflow/dags/dag_treino_titanic.py took 1.282 seconds
[2026-05-18T15:48:29.323+0000] {processor.py:186} INFO - Started process (PID=78741) to work on /workspaces/meu-primeiro-etl-airflow/dags/dag_treino_titanic.py
[2026-05-18T15:48:29.324+0000] {processor.py:914} INFO - Processing file /workspaces/meu-primeiro-etl-airflow/dags/dag_treino_titanic.py for tasks to queue
[2026-05-18T15:48:29.326+0000] {logging_mixin.py:190} INFO - [2026-05-18T15:48:29.326+0000] {dagbag.py:588} INFO - Filling up the DagBag from /workspaces/meu-primeiro-etl-airflow/dags/dag_treino_titanic.py
[2026-05-18T15:48:30.508+0000] {processor.py:925} INFO - DAG(s) 'atv7_treino_titanic_v1' retrieved from /workspaces/meu-primeiro-etl-airflow/dags/dag_treino_titanic.py
[2026-05-18T15:48:30.516+0000] {logging_mixin.py:190} INFO - [2026-05-18T15:48:30.515+0000] {dag.py:3239} INFO - Sync 1 DAGs
[2026-05-18T15:48:30.524+0000] {logging_mixin.py:190} INFO - [2026-05-18T15:48:30.524+0000] {dag.py:4180} INFO - Setting next_dagrun for atv7_treino_titanic_v1 to None, run_after=None
[2026-05-18T15:48:30.541+0000] {processor.py:208} INFO - Processing /workspaces/meu-primeiro-etl-airflow/dags/dag_treino_titanic.py took 1.225 seconds
[2026-05-18T15:49:03.915+0000] {processor.py:186} INFO - Started process (PID=79140) to work on /workspaces/meu-primeiro-etl-airflow/dags/dag_treino_titanic.py
[2026-05-18T15:49:03.922+0000] {processor.py:914} INFO - Processing file /workspaces/meu-primeiro-etl-airflow/dags/dag_treino_titanic.py for tasks to queue
[2026-05-18T15:49:03.927+0000] {logging_mixin.py:190} INFO - [2026-05-18T15:49:03.926+0000] {dagbag.py:588} INFO - Filling up the DagBag from /workspaces/meu-primeiro-etl-airflow/dags/dag_treino_titanic.py
[2026-05-18T15:49:05.220+0000] {processor.py:925} INFO - DAG(s) 'atv7_treino_titanic_v1' retrieved from /workspaces/meu-primeiro-etl-airflow/dags/dag_treino_titanic.py
[2026-05-18T15:49:05.230+0000] {logging_mixin.py:190} INFO - [2026-05-18T15:49:05.228+0000] {dag.py:3239} INFO - Sync 1 DAGs
[2026-05-18T15:49:05.238+0000] {logging_mixin.py:190} INFO - [2026-05-18T15:49:05.238+0000] {dag.py:4180} INFO - Setting next_dagrun for atv7_treino_titanic_v1 to None, run_after=None
[2026-05-18T15:49:05.255+0000] {processor.py:208} INFO - Processing /workspaces/meu-primeiro-etl-airflow/dags/dag_treino_titanic.py took 1.379 seconds
[2026-05-18T15:49:37.038+0000] {processor.py:186} INFO - Started process (PID=79446) to work on /workspaces/meu-primeiro-etl-airflow/dags/dag_treino_titanic.py
[2026-05-18T15:49:37.039+0000] {processor.py:914} INFO - Processing file /workspaces/meu-primeiro-etl-airflow/dags/dag_treino_titanic.py for tasks to queue
[2026-05-18T15:49:37.041+0000] {logging_mixin.py:190} INFO - [2026-05-18T15:49:37.041+0000] {dagbag.py:588} INFO - Filling up the DagBag from /workspaces/meu-primeiro-etl-airflow/dags/dag_treino_titanic.py
[2026-05-18T15:49:38.315+0000] {processor.py:925} INFO - DAG(s) 'atv7_treino_titanic_v1' retrieved from /workspaces/meu-primeiro-etl-airflow/dags/dag_treino_titanic.py
[2026-05-18T15:49:38.330+0000] {logging_mixin.py:190} INFO - [2026-05-18T15:49:38.329+0000] {dag.py:3239} INFO - Sync 1 DAGs
[2026-05-18T15:49:38.352+0000] {logging_mixin.py:190} INFO - [2026-05-18T15:49:38.351+0000] {dag.py:4180} INFO - Setting next_dagrun for atv7_treino_titanic_v1 to None, run_after=None
[2026-05-18T15:49:38.378+0000] {processor.py:208} INFO - Processing /workspaces/meu-primeiro-etl-airflow/dags/dag_treino_titanic.py took 1.346 seconds
[2026-05-18T15:50:43.498+0000] {processor.py:186} INFO - Started process (PID=80182) to work on /workspaces/meu-primeiro-etl-airflow/dags/dag_treino_titanic.py
[2026-05-18T15:50:43.501+0000] {processor.py:914} INFO - Processing file /workspaces/meu-primeiro-etl-airflow/dags/dag_treino_titanic.py for tasks to queue
[2026-05-18T15:50:43.507+0000] {logging_mixin.py:190} INFO - [2026-05-18T15:50:43.504+0000] {dagbag.py:588} INFO - Filling up the DagBag from /workspaces/meu-primeiro-etl-airflow/dags/dag_treino_titanic.py
[2026-05-18T15:50:45.120+0000] {processor.py:925} INFO - DAG(s) 'atv7_treino_titanic_v1' retrieved from /workspaces/meu-primeiro-etl-airflow/dags/dag_treino_titanic.py
[2026-05-18T15:50:45.129+0000] {logging_mixin.py:190} INFO - [2026-05-18T15:50:45.128+0000] {dag.py:3239} INFO - Sync 1 DAGs
[2026-05-18T15:50:45.139+0000] {logging_mixin.py:190} INFO - [2026-05-18T15:50:45.138+0000] {dag.py:4180} INFO - Setting next_dagrun for atv7_treino_titanic_v1 to None, run_after=None
[2026-05-18T15:50:45.153+0000] {processor.py:208} INFO - Processing /workspaces/meu-primeiro-etl-airflow/dags/dag_treino_titanic.py took 1.675 seconds
[2026-05-18T15:51:16.607+0000] {processor.py:186} INFO - Started process (PID=80673) to work on /workspaces/meu-primeiro-etl-airflow/dags/dag_treino_titanic.py
[2026-05-18T15:51:16.607+0000] {processor.py:914} INFO - Processing file /workspaces/meu-primeiro-etl-airflow/dags/dag_treino_titanic.py for tasks to queue
[2026-05-18T15:51:16.608+0000] {logging_mixin.py:190} INFO - [2026-05-18T15:51:16.608+0000] {dagbag.py:588} INFO - Filling up the DagBag from /workspaces/meu-primeiro-etl-airflow/dags/dag_treino_titanic.py
[2026-05-18T15:51:17.942+0000] {processor.py:925} INFO - DAG(s) 'atv7_treino_titanic_v1' retrieved from /workspaces/meu-primeiro-etl-airflow/dags/dag_treino_titanic.py
[2026-05-18T15:51:17.950+0000] {logging_mixin.py:190} INFO - [2026-05-18T15:51:17.950+0000] {dag.py:3239} INFO - Sync 1 DAGs
[2026-05-18T15:51:17.959+0000] {logging_mixin.py:190} INFO - [2026-05-18T15:51:17.959+0000] {dag.py:4180} INFO - Setting next_dagrun for atv7_treino_titanic_v1 to None, run_after=None
[2026-05-18T15:51:17.975+0000] {processor.py:208} INFO - Processing /workspaces/meu-primeiro-etl-airflow/dags/dag_treino_titanic.py took 1.373 seconds
[2026-05-18T15:52:15.894+0000] {processor.py:186} INFO - Started process (PID=81206) to work on /workspaces/meu-primeiro-etl-airflow/dags/dag_treino_titanic.py
[2026-05-18T15:52:15.895+0000] {processor.py:914} INFO - Processing file /workspaces/meu-primeiro-etl-airflow/dags/dag_treino_titanic.py for tasks to queue
[2026-05-18T15:52:15.896+0000] {logging_mixin.py:190} INFO - [2026-05-18T15:52:15.895+0000] {dagbag.py:588} INFO - Filling up the DagBag from /workspaces/meu-primeiro-etl-airflow/dags/dag_treino_titanic.py
[2026-05-18T15:52:16.953+0000] {processor.py:925} INFO - DAG(s) 'atv7_treino_titanic_v1' retrieved from /workspaces/meu-primeiro-etl-airflow/dags/dag_treino_titanic.py
[2026-05-18T15:52:16.961+0000] {logging_mixin.py:190} INFO - [2026-05-18T15:52:16.960+0000] {dag.py:3239} INFO - Sync 1 DAGs
[2026-05-18T15:52:16.973+0000] {logging_mixin.py:190} INFO - [2026-05-18T15:52:16.973+0000] {dag.py:4180} INFO - Setting next_dagrun for atv7_treino_titanic_v1 to None, run_after=None
[2026-05-18T15:52:16.995+0000] {processor.py:208} INFO - Processing /workspaces/meu-primeiro-etl-airflow/dags/dag_treino_titanic.py took 1.106 seconds
[2026-05-18T15:53:15.422+0000] {processor.py:186} INFO - Started process (PID=81726) to work on /workspaces/meu-primeiro-etl-airflow/dags/dag_treino_titanic.py
[2026-05-18T15:53:15.423+0000] {processor.py:914} INFO - Processing file /workspaces/meu-primeiro-etl-airflow/dags/dag_treino_titanic.py for tasks to queue
[2026-05-18T15:53:15.423+0000] {logging_mixin.py:190} INFO - [2026-05-18T15:53:15.423+0000] {dagbag.py:588} INFO - Filling up the DagBag from /workspaces/meu-primeiro-etl-airflow/dags/dag_treino_titanic.py
[2026-05-18T15:53:16.587+0000] {processor.py:925} INFO - DAG(s) 'atv7_treino_titanic_v1' retrieved from /workspaces/meu-primeiro-etl-airflow/dags/dag_treino_titanic.py
[2026-05-18T15:53:16.595+0000] {logging_mixin.py:190} INFO - [2026-05-18T15:53:16.594+0000] {dag.py:3239} INFO - Sync 1 DAGs
[2026-05-18T15:53:16.603+0000] {logging_mixin.py:190} INFO - [2026-05-18T15:53:16.603+0000] {dag.py:4180} INFO - Setting next_dagrun for atv7_treino_titanic_v1 to None, run_after=None
[2026-05-18T15:53:16.619+0000] {processor.py:208} INFO - Processing /workspaces/meu-primeiro-etl-airflow/dags/dag_treino_titanic.py took 1.202 seconds
[2026-05-18T15:54:17.810+0000] {processor.py:186} INFO - Started process (PID=82259) to work on /workspaces/meu-primeiro-etl-airflow/dags/dag_treino_titanic.py
[2026-05-18T15:54:17.811+0000] {processor.py:914} INFO - Processing file /workspaces/meu-primeiro-etl-airflow/dags/dag_treino_titanic.py for tasks to queue
[2026-05-18T15:54:17.812+0000] {logging_mixin.py:190} INFO - [2026-05-18T15:54:17.811+0000] {dagbag.py:588} INFO - Filling up the DagBag from /workspaces/meu-primeiro-etl-airflow/dags/dag_treino_titanic.py
[2026-05-18T15:54:19.025+0000] {processor.py:925} INFO - DAG(s) 'atv7_treino_titanic_v1' retrieved from /workspaces/meu-primeiro-etl-airflow/dags/dag_treino_titanic.py
[2026-05-18T15:54:19.033+0000] {logging_mixin.py:190} INFO - [2026-05-18T15:54:19.032+0000] {dag.py:3239} INFO - Sync 1 DAGs
[2026-05-18T15:54:19.041+0000] {logging_mixin.py:190} INFO - [2026-05-18T15:54:19.041+0000] {dag.py:4180} INFO - Setting next_dagrun for atv7_treino_titanic_v1 to None, run_after=None
[2026-05-18T15:54:19.057+0000] {processor.py:208} INFO - Processing /workspaces/meu-primeiro-etl-airflow/dags/dag_treino_titanic.py took 1.251 seconds
[2026-05-18T15:55:20.111+0000] {processor.py:186} INFO - Started process (PID=82800) to work on /workspaces/meu-primeiro-etl-airflow/dags/dag_treino_titanic.py
[2026-05-18T15:55:20.112+0000] {processor.py:914} INFO - Processing file /workspaces/meu-primeiro-etl-airflow/dags/dag_treino_titanic.py for tasks to queue
[2026-05-18T15:55:20.113+0000] {logging_mixin.py:190} INFO - [2026-05-18T15:55:20.112+0000] {dagbag.py:588} INFO - Filling up the DagBag from /workspaces/meu-primeiro-etl-airflow/dags/dag_treino_titanic.py
[2026-05-18T15:55:21.136+0000] {processor.py:925} INFO - DAG(s) 'atv7_treino_titanic_v1' retrieved from /workspaces/meu-primeiro-etl-airflow/dags/dag_treino_titanic.py
[2026-05-18T15:55:21.146+0000] {logging_mixin.py:190} INFO - [2026-05-18T15:55:21.145+0000] {dag.py:3239} INFO - Sync 1 DAGs
[2026-05-18T15:55:21.157+0000] {logging_mixin.py:190} INFO - [2026-05-18T15:55:21.157+0000] {dag.py:4180} INFO - Setting next_dagrun for atv7_treino_titanic_v1 to None, run_after=None
[2026-05-18T15:55:21.196+0000] {processor.py:208} INFO - Processing /workspaces/meu-primeiro-etl-airflow/dags/dag_treino_titanic.py took 1.091 seconds
[2026-05-18T15:56:20.692+0000] {processor.py:186} INFO - Started process (PID=83389) to work on /workspaces/meu-primeiro-etl-airflow/dags/dag_treino_titanic.py
[2026-05-18T15:56:20.693+0000] {processor.py:914} INFO - Processing file /workspaces/meu-primeiro-etl-airflow/dags/dag_treino_titanic.py for tasks to queue
[2026-05-18T15:56:20.694+0000] {logging_mixin.py:190} INFO - [2026-05-18T15:56:20.694+0000] {dagbag.py:588} INFO - Filling up the DagBag from /workspaces/meu-primeiro-etl-airflow/dags/dag_treino_titanic.py
[2026-05-18T15:56:21.776+0000] {processor.py:925} INFO - DAG(s) 'atv7_treino_titanic_v1' retrieved from /workspaces/meu-primeiro-etl-airflow/dags/dag_treino_titanic.py
[2026-05-18T15:56:21.789+0000] {logging_mixin.py:190} INFO - [2026-05-18T15:56:21.789+0000] {dag.py:3239} INFO - Sync 1 DAGs
[2026-05-18T15:56:21.798+0000] {logging_mixin.py:190} INFO - [2026-05-18T15:56:21.798+0000] {dag.py:4180} INFO - Setting next_dagrun for atv7_treino_titanic_v1 to None, run_after=None
[2026-05-18T15:56:21.813+0000] {processor.py:208} INFO - Processing /workspaces/meu-primeiro-etl-airflow/dags/dag_treino_titanic.py took 1.124 seconds
[2026-05-18T15:57:19.715+0000] {processor.py:186} INFO - Started process (PID=83906) to work on /workspaces/meu-primeiro-etl-airflow/dags/dag_treino_titanic.py
[2026-05-18T15:57:19.725+0000] {processor.py:914} INFO - Processing file /workspaces/meu-primeiro-etl-airflow/dags/dag_treino_titanic.py for tasks to queue
[2026-05-18T15:57:19.734+0000] {logging_mixin.py:190} INFO - [2026-05-18T15:57:19.730+0000] {dagbag.py:588} INFO - Filling up the DagBag from /workspaces/meu-primeiro-etl-airflow/dags/dag_treino_titanic.py
[2026-05-18T15:57:20.902+0000] {processor.py:925} INFO - DAG(s) 'atv7_treino_titanic_v1' retrieved from /workspaces/meu-primeiro-etl-airflow/dags/dag_treino_titanic.py
[2026-05-18T15:57:20.910+0000] {logging_mixin.py:190} INFO - [2026-05-18T15:57:20.910+0000] {dag.py:3239} INFO - Sync 1 DAGs
[2026-05-18T15:57:20.918+0000] {logging_mixin.py:190} INFO - [2026-05-18T15:57:20.918+0000] {dag.py:4180} INFO - Setting next_dagrun for atv7_treino_titanic_v1 to None, run_after=None
[2026-05-18T15:57:20.933+0000] {processor.py:208} INFO - Processing /workspaces/meu-primeiro-etl-airflow/dags/dag_treino_titanic.py took 1.240 seconds
[2026-05-18T15:58:14.902+0000] {processor.py:186} INFO - Started process (PID=84392) to work on /workspaces/meu-primeiro-etl-airflow/dags/dag_treino_titanic.py
[2026-05-18T15:58:14.903+0000] {processor.py:914} INFO - Processing file /workspaces/meu-primeiro-etl-airflow/dags/dag_treino_titanic.py for tasks to queue
[2026-05-18T15:58:14.903+0000] {logging_mixin.py:190} INFO - [2026-05-18T15:58:14.903+0000] {dagbag.py:588} INFO - Filling up the DagBag from /workspaces/meu-primeiro-etl-airflow/dags/dag_treino_titanic.py
[2026-05-18T15:58:16.157+0000] {processor.py:925} INFO - DAG(s) 'atv7_treino_titanic_v1' retrieved from /workspaces/meu-primeiro-etl-airflow/dags/dag_treino_titanic.py
[2026-05-18T15:58:16.168+0000] {logging_mixin.py:190} INFO - [2026-05-18T15:58:16.167+0000] {dag.py:3239} INFO - Sync 1 DAGs
[2026-05-18T15:58:16.178+0000] {logging_mixin.py:190} INFO - [2026-05-18T15:58:16.178+0000] {dag.py:4180} INFO - Setting next_dagrun for atv7_treino_titanic_v1 to None, run_after=None
[2026-05-18T15:58:16.196+0000] {processor.py:208} INFO - Processing /workspaces/meu-primeiro-etl-airflow/dags/dag_treino_titanic.py took 1.298 seconds
[2026-05-18T15:59:16.544+0000] {processor.py:186} INFO - Started process (PID=84948) to work on /workspaces/meu-primeiro-etl-airflow/dags/dag_treino_titanic.py
[2026-05-18T15:59:16.545+0000] {processor.py:914} INFO - Processing file /workspaces/meu-primeiro-etl-airflow/dags/dag_treino_titanic.py for tasks to queue
[2026-05-18T15:59:16.546+0000] {logging_mixin.py:190} INFO - [2026-05-18T15:59:16.546+0000] {dagbag.py:588} INFO - Filling up the DagBag from /workspaces/meu-primeiro-etl-airflow/dags/dag_treino_titanic.py
[2026-05-18T15:59:17.621+0000] {processor.py:925} INFO - DAG(s) 'atv7_treino_titanic_v1' retrieved from /workspaces/meu-primeiro-etl-airflow/dags/dag_treino_titanic.py
[2026-05-18T15:59:17.630+0000] {logging_mixin.py:190} INFO - [2026-05-18T15:59:17.630+0000] {dag.py:3239} INFO - Sync 1 DAGs
[2026-05-18T15:59:17.640+0000] {logging_mixin.py:190} INFO - [2026-05-18T15:59:17.639+0000] {dag.py:4180} INFO - Setting next_dagrun for atv7_treino_titanic_v1 to None, run_after=None
[2026-05-18T15:59:17.655+0000] {processor.py:208} INFO - Processing /workspaces/meu-primeiro-etl-airflow/dags/dag_treino_titanic.py took 1.121 seconds
[2026-05-18T15:59:49.532+0000] {processor.py:186} INFO - Started process (PID=85190) to work on /workspaces/meu-primeiro-etl-airflow/dags/dag_treino_titanic.py
[2026-05-18T15:59:49.533+0000] {processor.py:914} INFO - Processing file /workspaces/meu-primeiro-etl-airflow/dags/dag_treino_titanic.py for tasks to queue
[2026-05-18T15:59:49.533+0000] {logging_mixin.py:190} INFO - [2026-05-18T15:59:49.533+0000] {dagbag.py:588} INFO - Filling up the DagBag from /workspaces/meu-primeiro-etl-airflow/dags/dag_treino_titanic.py
[2026-05-18T15:59:50.698+0000] {processor.py:925} INFO - DAG(s) 'atv7_treino_titanic_v1' retrieved from /workspaces/meu-primeiro-etl-airflow/dags/dag_treino_titanic.py
[2026-05-18T15:59:50.706+0000] {logging_mixin.py:190} INFO - [2026-05-18T15:59:50.705+0000] {dag.py:3239} INFO - Sync 1 DAGs
[2026-05-18T15:59:50.714+0000] {logging_mixin.py:190} INFO - [2026-05-18T15:59:50.714+0000] {dag.py:4180} INFO - Setting next_dagrun for atv7_treino_titanic_v1 to None, run_after=None
[2026-05-18T15:59:50.729+0000] {processor.py:208} INFO - Processing /workspaces/meu-primeiro-etl-airflow/dags/dag_treino_titanic.py took 1.201 seconds
[2026-05-18T16:00:50.515+0000] {processor.py:186} INFO - Started process (PID=85817) to work on /workspaces/meu-primeiro-etl-airflow/dags/dag_treino_titanic.py
[2026-05-18T16:00:50.516+0000] {processor.py:914} INFO - Processing file /workspaces/meu-primeiro-etl-airflow/dags/dag_treino_titanic.py for tasks to queue
[2026-05-18T16:00:50.517+0000] {logging_mixin.py:190} INFO - [2026-05-18T16:00:50.517+0000] {dagbag.py:588} INFO - Filling up the DagBag from /workspaces/meu-primeiro-etl-airflow/dags/dag_treino_titanic.py
[2026-05-18T16:00:51.586+0000] {processor.py:925} INFO - DAG(s) 'atv7_treino_titanic_v1' retrieved from /workspaces/meu-primeiro-etl-airflow/dags/dag_treino_titanic.py
[2026-05-18T16:00:51.595+0000] {logging_mixin.py:190} INFO - [2026-05-18T16:00:51.595+0000] {dag.py:3239} INFO - Sync 1 DAGs
[2026-05-18T16:00:51.606+0000] {logging_mixin.py:190} INFO - [2026-05-18T16:00:51.606+0000] {dag.py:4180} INFO - Setting next_dagrun for atv7_treino_titanic_v1 to None, run_after=None
[2026-05-18T16:00:51.621+0000] {processor.py:208} INFO - Processing /workspaces/meu-primeiro-etl-airflow/dags/dag_treino_titanic.py took 1.110 seconds
[2026-05-18T16:01:24.763+0000] {processor.py:186} INFO - Started process (PID=86164) to work on /workspaces/meu-primeiro-etl-airflow/dags/dag_treino_titanic.py
[2026-05-18T16:01:24.764+0000] {processor.py:914} INFO - Processing file /workspaces/meu-primeiro-etl-airflow/dags/dag_treino_titanic.py for tasks to queue
[2026-05-18T16:01:24.765+0000] {logging_mixin.py:190} INFO - [2026-05-18T16:01:24.764+0000] {dagbag.py:588} INFO - Filling up the DagBag from /workspaces/meu-primeiro-etl-airflow/dags/dag_treino_titanic.py
[2026-05-18T16:01:25.928+0000] {processor.py:925} INFO - DAG(s) 'atv7_treino_titanic_v1' retrieved from /workspaces/meu-primeiro-etl-airflow/dags/dag_treino_titanic.py
[2026-05-18T16:01:25.946+0000] {logging_mixin.py:190} INFO - [2026-05-18T16:01:25.945+0000] {dag.py:3239} INFO - Sync 1 DAGs
[2026-05-18T16:01:25.966+0000] {logging_mixin.py:190} INFO - [2026-05-18T16:01:25.966+0000] {dag.py:4180} INFO - Setting next_dagrun for atv7_treino_titanic_v1 to None, run_after=None
[2026-05-18T16:01:25.997+0000] {processor.py:208} INFO - Processing /workspaces/meu-primeiro-etl-airflow/dags/dag_treino_titanic.py took 1.238 seconds
[2026-05-18T16:02:23.969+0000] {processor.py:186} INFO - Started process (PID=86689) to work on /workspaces/meu-primeiro-etl-airflow/dags/dag_treino_titanic.py
[2026-05-18T16:02:23.970+0000] {processor.py:914} INFO - Processing file /workspaces/meu-primeiro-etl-airflow/dags/dag_treino_titanic.py for tasks to queue
[2026-05-18T16:02:23.971+0000] {logging_mixin.py:190} INFO - [2026-05-18T16:02:23.971+0000] {dagbag.py:588} INFO - Filling up the DagBag from /workspaces/meu-primeiro-etl-airflow/dags/dag_treino_titanic.py
[2026-05-18T16:02:25.069+0000] {processor.py:925} INFO - DAG(s) 'atv7_treino_titanic_v1' retrieved from /workspaces/meu-primeiro-etl-airflow/dags/dag_treino_titanic.py
[2026-05-18T16:02:25.080+0000] {logging_mixin.py:190} INFO - [2026-05-18T16:02:25.079+0000] {dag.py:3239} INFO - Sync 1 DAGs
[2026-05-18T16:02:25.092+0000] {logging_mixin.py:190} INFO - [2026-05-18T16:02:25.091+0000] {dag.py:4180} INFO - Setting next_dagrun for atv7_treino_titanic_v1 to None, run_after=None
[2026-05-18T16:02:25.109+0000] {processor.py:208} INFO - Processing /workspaces/meu-primeiro-etl-airflow/dags/dag_treino_titanic.py took 1.145 seconds
[2026-05-18T16:02:56.989+0000] {processor.py:186} INFO - Started process (PID=86999) to work on /workspaces/meu-primeiro-etl-airflow/dags/dag_treino_titanic.py
[2026-05-18T16:02:56.990+0000] {processor.py:914} INFO - Processing file /workspaces/meu-primeiro-etl-airflow/dags/dag_treino_titanic.py for tasks to queue
[2026-05-18T16:02:56.991+0000] {logging_mixin.py:190} INFO - [2026-05-18T16:02:56.990+0000] {dagbag.py:588} INFO - Filling up the DagBag from /workspaces/meu-primeiro-etl-airflow/dags/dag_treino_titanic.py
[2026-05-18T16:02:58.018+0000] {processor.py:925} INFO - DAG(s) 'atv7_treino_titanic_v1' retrieved from /workspaces/meu-primeiro-etl-airflow/dags/dag_treino_titanic.py
[2026-05-18T16:02:58.026+0000] {logging_mixin.py:190} INFO - [2026-05-18T16:02:58.026+0000] {dag.py:3239} INFO - Sync 1 DAGs
[2026-05-18T16:02:58.035+0000] {logging_mixin.py:190} INFO - [2026-05-18T16:02:58.035+0000] {dag.py:4180} INFO - Setting next_dagrun for atv7_treino_titanic_v1 to None, run_after=None
[2026-05-18T16:02:58.049+0000] {processor.py:208} INFO - Processing /workspaces/meu-primeiro-etl-airflow/dags/dag_treino_titanic.py took 1.065 seconds
[2026-05-18T16:03:55.965+0000] {processor.py:186} INFO - Started process (PID=87517) to work on /workspaces/meu-primeiro-etl-airflow/dags/dag_treino_titanic.py
[2026-05-18T16:03:55.966+0000] {processor.py:914} INFO - Processing file /workspaces/meu-primeiro-etl-airflow/dags/dag_treino_titanic.py for tasks to queue
[2026-05-18T16:03:55.967+0000] {logging_mixin.py:190} INFO - [2026-05-18T16:03:55.967+0000] {dagbag.py:588} INFO - Filling up the DagBag from /workspaces/meu-primeiro-etl-airflow/dags/dag_treino_titanic.py
[2026-05-18T16:03:57.051+0000] {processor.py:925} INFO - DAG(s) 'atv7_treino_titanic_v1' retrieved from /workspaces/meu-primeiro-etl-airflow/dags/dag_treino_titanic.py
[2026-05-18T16:03:57.060+0000] {logging_mixin.py:190} INFO - [2026-05-18T16:03:57.059+0000] {dag.py:3239} INFO - Sync 1 DAGs
[2026-05-18T16:03:57.072+0000] {logging_mixin.py:190} INFO - [2026-05-18T16:03:57.072+0000] {dag.py:4180} INFO - Setting next_dagrun for atv7_treino_titanic_v1 to None, run_after=None
[2026-05-18T16:03:57.090+0000] {processor.py:208} INFO - Processing /workspaces/meu-primeiro-etl-airflow/dags/dag_treino_titanic.py took 1.129 seconds
[2026-05-18T16:04:57.864+0000] {processor.py:186} INFO - Started process (PID=88054) to work on /workspaces/meu-primeiro-etl-airflow/dags/dag_treino_titanic.py
[2026-05-18T16:04:57.865+0000] {processor.py:914} INFO - Processing file /workspaces/meu-primeiro-etl-airflow/dags/dag_treino_titanic.py for tasks to queue
[2026-05-18T16:04:57.866+0000] {logging_mixin.py:190} INFO - [2026-05-18T16:04:57.866+0000] {dagbag.py:588} INFO - Filling up the DagBag from /workspaces/meu-primeiro-etl-airflow/dags/dag_treino_titanic.py
[2026-05-18T16:04:58.937+0000] {processor.py:925} INFO - DAG(s) 'atv7_treino_titanic_v1' retrieved from /workspaces/meu-primeiro-etl-airflow/dags/dag_treino_titanic.py
[2026-05-18T16:04:58.945+0000] {logging_mixin.py:190} INFO - [2026-05-18T16:04:58.945+0000] {dag.py:3239} INFO - Sync 1 DAGs
[2026-05-18T16:04:58.954+0000] {logging_mixin.py:190} INFO - [2026-05-18T16:04:58.954+0000] {dag.py:4180} INFO - Setting next_dagrun for atv7_treino_titanic_v1 to None, run_after=None
[2026-05-18T16:04:58.971+0000] {processor.py:208} INFO - Processing /workspaces/meu-primeiro-etl-airflow/dags/dag_treino_titanic.py took 1.112 seconds
[2026-05-18T16:05:56.147+0000] {processor.py:186} INFO - Started process (PID=88597) to work on /workspaces/meu-primeiro-etl-airflow/dags/dag_treino_titanic.py
[2026-05-18T16:05:56.147+0000] {processor.py:914} INFO - Processing file /workspaces/meu-primeiro-etl-airflow/dags/dag_treino_titanic.py for tasks to queue
[2026-05-18T16:05:56.148+0000] {logging_mixin.py:190} INFO - [2026-05-18T16:05:56.148+0000] {dagbag.py:588} INFO - Filling up the DagBag from /workspaces/meu-primeiro-etl-airflow/dags/dag_treino_titanic.py
[2026-05-18T16:05:57.352+0000] {processor.py:925} INFO - DAG(s) 'atv7_treino_titanic_v1' retrieved from /workspaces/meu-primeiro-etl-airflow/dags/dag_treino_titanic.py
[2026-05-18T16:05:57.361+0000] {logging_mixin.py:190} INFO - [2026-05-18T16:05:57.360+0000] {dag.py:3239} INFO - Sync 1 DAGs
[2026-05-18T16:05:57.372+0000] {logging_mixin.py:190} INFO - [2026-05-18T16:05:57.372+0000] {dag.py:4180} INFO - Setting next_dagrun for atv7_treino_titanic_v1 to None, run_after=None
[2026-05-18T16:05:57.390+0000] {processor.py:208} INFO - Processing /workspaces/meu-primeiro-etl-airflow/dags/dag_treino_titanic.py took 1.248 seconds
[2026-05-18T16:07:00.776+0000] {processor.py:186} INFO - Started process (PID=89180) to work on /workspaces/meu-primeiro-etl-airflow/dags/dag_treino_titanic.py
[2026-05-18T16:07:00.777+0000] {processor.py:914} INFO - Processing file /workspaces/meu-primeiro-etl-airflow/dags/dag_treino_titanic.py for tasks to queue
[2026-05-18T16:07:00.779+0000] {logging_mixin.py:190} INFO - [2026-05-18T16:07:00.778+0000] {dagbag.py:588} INFO - Filling up the DagBag from /workspaces/meu-primeiro-etl-airflow/dags/dag_treino_titanic.py
[2026-05-18T16:07:01.872+0000] {processor.py:925} INFO - DAG(s) 'atv7_treino_titanic_v1' retrieved from /workspaces/meu-primeiro-etl-airflow/dags/dag_treino_titanic.py
[2026-05-18T16:07:01.883+0000] {logging_mixin.py:190} INFO - [2026-05-18T16:07:01.882+0000] {dag.py:3239} INFO - Sync 1 DAGs
[2026-05-18T16:07:01.894+0000] {logging_mixin.py:190} INFO - [2026-05-18T16:07:01.893+0000] {dag.py:4180} INFO - Setting next_dagrun for atv7_treino_titanic_v1 to None, run_after=None
[2026-05-18T16:07:01.909+0000] {processor.py:208} INFO - Processing /workspaces/meu-primeiro-etl-airflow/dags/dag_treino_titanic.py took 1.138 seconds
[2026-05-18T16:07:33.851+0000] {processor.py:186} INFO - Started process (PID=89428) to work on /workspaces/meu-primeiro-etl-airflow/dags/dag_treino_titanic.py
[2026-05-18T16:07:33.852+0000] {processor.py:914} INFO - Processing file /workspaces/meu-primeiro-etl-airflow/dags/dag_treino_titanic.py for tasks to queue
[2026-05-18T16:07:33.853+0000] {logging_mixin.py:190} INFO - [2026-05-18T16:07:33.853+0000] {dagbag.py:588} INFO - Filling up the DagBag from /workspaces/meu-primeiro-etl-airflow/dags/dag_treino_titanic.py
[2026-05-18T16:07:34.950+0000] {processor.py:925} INFO - DAG(s) 'atv7_treino_titanic_v1' retrieved from /workspaces/meu-primeiro-etl-airflow/dags/dag_treino_titanic.py
[2026-05-18T16:07:34.958+0000] {logging_mixin.py:190} INFO - [2026-05-18T16:07:34.958+0000] {dag.py:3239} INFO - Sync 1 DAGs
[2026-05-18T16:07:34.967+0000] {logging_mixin.py:190} INFO - [2026-05-18T16:07:34.967+0000] {dag.py:4180} INFO - Setting next_dagrun for atv7_treino_titanic_v1 to None, run_after=None
[2026-05-18T16:07:34.985+0000] {processor.py:208} INFO - Processing /workspaces/meu-primeiro-etl-airflow/dags/dag_treino_titanic.py took 1.138 seconds
[2026-05-18T16:08:34.290+0000] {processor.py:186} INFO - Started process (PID=89956) to work on /workspaces/meu-primeiro-etl-airflow/dags/dag_treino_titanic.py
[2026-05-18T16:08:34.290+0000] {processor.py:914} INFO - Processing file /workspaces/meu-primeiro-etl-airflow/dags/dag_treino_titanic.py for tasks to queue
[2026-05-18T16:08:34.291+0000] {logging_mixin.py:190} INFO - [2026-05-18T16:08:34.291+0000] {dagbag.py:588} INFO - Filling up the DagBag from /workspaces/meu-primeiro-etl-airflow/dags/dag_treino_titanic.py
[2026-05-18T16:08:35.353+0000] {processor.py:925} INFO - DAG(s) 'atv7_treino_titanic_v1' retrieved from /workspaces/meu-primeiro-etl-airflow/dags/dag_treino_titanic.py
[2026-05-18T16:08:35.362+0000] {logging_mixin.py:190} INFO - [2026-05-18T16:08:35.362+0000] {dag.py:3239} INFO - Sync 1 DAGs
[2026-05-18T16:08:35.385+0000] {logging_mixin.py:190} INFO - [2026-05-18T16:08:35.385+0000] {dag.py:4180} INFO - Setting next_dagrun for atv7_treino_titanic_v1 to None, run_after=None
[2026-05-18T16:08:35.402+0000] {processor.py:208} INFO - Processing /workspaces/meu-primeiro-etl-airflow/dags/dag_treino_titanic.py took 1.116 seconds
[2026-05-18T16:09:37.650+0000] {processor.py:186} INFO - Started process (PID=90492) to work on /workspaces/meu-primeiro-etl-airflow/dags/dag_treino_titanic.py
[2026-05-18T16:09:37.651+0000] {processor.py:914} INFO - Processing file /workspaces/meu-primeiro-etl-airflow/dags/dag_treino_titanic.py for tasks to queue
[2026-05-18T16:09:37.653+0000] {logging_mixin.py:190} INFO - [2026-05-18T16:09:37.652+0000] {dagbag.py:588} INFO - Filling up the DagBag from /workspaces/meu-primeiro-etl-airflow/dags/dag_treino_titanic.py
[2026-05-18T16:09:38.894+0000] {processor.py:925} INFO - DAG(s) 'atv7_treino_titanic_v1' retrieved from /workspaces/meu-primeiro-etl-airflow/dags/dag_treino_titanic.py
[2026-05-18T16:09:38.901+0000] {logging_mixin.py:190} INFO - [2026-05-18T16:09:38.901+0000] {dag.py:3239} INFO - Sync 1 DAGs
[2026-05-18T16:09:38.910+0000] {logging_mixin.py:190} INFO - [2026-05-18T16:09:38.909+0000] {dag.py:4180} INFO - Setting next_dagrun for atv7_treino_titanic_v1 to None, run_after=None
[2026-05-18T16:09:38.924+0000] {processor.py:208} INFO - Processing /workspaces/meu-primeiro-etl-airflow/dags/dag_treino_titanic.py took 1.280 seconds
[2026-05-18T16:10:36.900+0000] {processor.py:186} INFO - Started process (PID=91010) to work on /workspaces/meu-primeiro-etl-airflow/dags/dag_treino_titanic.py
[2026-05-18T16:10:36.901+0000] {processor.py:914} INFO - Processing file /workspaces/meu-primeiro-etl-airflow/dags/dag_treino_titanic.py for tasks to queue
[2026-05-18T16:10:36.902+0000] {logging_mixin.py:190} INFO - [2026-05-18T16:10:36.902+0000] {dagbag.py:588} INFO - Filling up the DagBag from /workspaces/meu-primeiro-etl-airflow/dags/dag_treino_titanic.py
[2026-05-18T16:10:38.022+0000] {processor.py:925} INFO - DAG(s) 'atv7_treino_titanic_v1' retrieved from /workspaces/meu-primeiro-etl-airflow/dags/dag_treino_titanic.py
[2026-05-18T16:10:38.035+0000] {logging_mixin.py:190} INFO - [2026-05-18T16:10:38.034+0000] {dag.py:3239} INFO - Sync 1 DAGs
[2026-05-18T16:10:38.048+0000] {logging_mixin.py:190} INFO - [2026-05-18T16:10:38.048+0000] {dag.py:4180} INFO - Setting next_dagrun for atv7_treino_titanic_v1 to None, run_after=None
[2026-05-18T16:10:38.066+0000] {processor.py:208} INFO - Processing /workspaces/meu-primeiro-etl-airflow/dags/dag_treino_titanic.py took 1.170 seconds
[2026-05-18T16:11:30.702+0000] {processor.py:186} INFO - Started process (PID=91553) to work on /workspaces/meu-primeiro-etl-airflow/dags/dag_treino_titanic.py
[2026-05-18T16:11:30.703+0000] {processor.py:914} INFO - Processing file /workspaces/meu-primeiro-etl-airflow/dags/dag_treino_titanic.py for tasks to queue
[2026-05-18T16:11:30.704+0000] {logging_mixin.py:190} INFO - [2026-05-18T16:11:30.704+0000] {dagbag.py:588} INFO - Filling up the DagBag from /workspaces/meu-primeiro-etl-airflow/dags/dag_treino_titanic.py
[2026-05-18T16:11:31.893+0000] {processor.py:925} INFO - DAG(s) 'atv7_treino_titanic_v1' retrieved from /workspaces/meu-primeiro-etl-airflow/dags/dag_treino_titanic.py
[2026-05-18T16:11:31.902+0000] {logging_mixin.py:190} INFO - [2026-05-18T16:11:31.900+0000] {dag.py:3239} INFO - Sync 1 DAGs
[2026-05-18T16:11:31.910+0000] {logging_mixin.py:190} INFO - [2026-05-18T16:11:31.910+0000] {dag.py:4180} INFO - Setting next_dagrun for atv7_treino_titanic_v1 to None, run_after=None
[2026-05-18T16:11:31.924+0000] {processor.py:208} INFO - Processing /workspaces/meu-primeiro-etl-airflow/dags/dag_treino_titanic.py took 1.233 seconds
[2026-05-18T16:12:33.133+0000] {processor.py:186} INFO - Started process (PID=92104) to work on /workspaces/meu-primeiro-etl-airflow/dags/dag_treino_titanic.py
[2026-05-18T16:12:33.135+0000] {processor.py:914} INFO - Processing file /workspaces/meu-primeiro-etl-airflow/dags/dag_treino_titanic.py for tasks to queue
[2026-05-18T16:12:33.136+0000] {logging_mixin.py:190} INFO - [2026-05-18T16:12:33.136+0000] {dagbag.py:588} INFO - Filling up the DagBag from /workspaces/meu-primeiro-etl-airflow/dags/dag_treino_titanic.py
[2026-05-18T16:12:34.251+0000] {processor.py:925} INFO - DAG(s) 'atv7_treino_titanic_v1' retrieved from /workspaces/meu-primeiro-etl-airflow/dags/dag_treino_titanic.py
[2026-05-18T16:12:34.259+0000] {logging_mixin.py:190} INFO - [2026-05-18T16:12:34.259+0000] {dag.py:3239} INFO - Sync 1 DAGs
[2026-05-18T16:12:34.270+0000] {logging_mixin.py:190} INFO - [2026-05-18T16:12:34.270+0000] {dag.py:4180} INFO - Setting next_dagrun for atv7_treino_titanic_v1 to None, run_after=None
[2026-05-18T16:12:34.290+0000] {processor.py:208} INFO - Processing /workspaces/meu-primeiro-etl-airflow/dags/dag_treino_titanic.py took 1.163 seconds
[2026-05-18T16:13:33.357+0000] {processor.py:186} INFO - Started process (PID=92631) to work on /workspaces/meu-primeiro-etl-airflow/dags/dag_treino_titanic.py
[2026-05-18T16:13:33.357+0000] {processor.py:914} INFO - Processing file /workspaces/meu-primeiro-etl-airflow/dags/dag_treino_titanic.py for tasks to queue
[2026-05-18T16:13:33.358+0000] {logging_mixin.py:190} INFO - [2026-05-18T16:13:33.358+0000] {dagbag.py:588} INFO - Filling up the DagBag from /workspaces/meu-primeiro-etl-airflow/dags/dag_treino_titanic.py
[2026-05-18T16:13:34.428+0000] {processor.py:925} INFO - DAG(s) 'atv7_treino_titanic_v1' retrieved from /workspaces/meu-primeiro-etl-airflow/dags/dag_treino_titanic.py
[2026-05-18T16:13:34.436+0000] {logging_mixin.py:190} INFO - [2026-05-18T16:13:34.436+0000] {dag.py:3239} INFO - Sync 1 DAGs
[2026-05-18T16:13:34.445+0000] {logging_mixin.py:190} INFO - [2026-05-18T16:13:34.445+0000] {dag.py:4180} INFO - Setting next_dagrun for atv7_treino_titanic_v1 to None, run_after=None
[2026-05-18T16:13:34.460+0000] {processor.py:208} INFO - Processing /workspaces/meu-primeiro-etl-airflow/dags/dag_treino_titanic.py took 1.107 seconds
[2026-05-18T16:14:33.326+0000] {processor.py:186} INFO - Started process (PID=93140) to work on /workspaces/meu-primeiro-etl-airflow/dags/dag_treino_titanic.py
[2026-05-18T16:14:33.329+0000] {processor.py:914} INFO - Processing file /workspaces/meu-primeiro-etl-airflow/dags/dag_treino_titanic.py for tasks to queue
[2026-05-18T16:14:33.330+0000] {logging_mixin.py:190} INFO - [2026-05-18T16:14:33.330+0000] {dagbag.py:588} INFO - Filling up the DagBag from /workspaces/meu-primeiro-etl-airflow/dags/dag_treino_titanic.py
[2026-05-18T16:14:34.520+0000] {processor.py:925} INFO - DAG(s) 'atv7_treino_titanic_v1' retrieved from /workspaces/meu-primeiro-etl-airflow/dags/dag_treino_titanic.py
[2026-05-18T16:14:34.528+0000] {logging_mixin.py:190} INFO - [2026-05-18T16:14:34.528+0000] {dag.py:3239} INFO - Sync 1 DAGs
[2026-05-18T16:14:34.538+0000] {logging_mixin.py:190} INFO - [2026-05-18T16:14:34.538+0000] {dag.py:4180} INFO - Setting next_dagrun for atv7_treino_titanic_v1 to None, run_after=None
[2026-05-18T16:14:34.553+0000] {processor.py:208} INFO - Processing /workspaces/meu-primeiro-etl-airflow/dags/dag_treino_titanic.py took 1.236 seconds
[2026-05-18T16:15:34.690+0000] {processor.py:186} INFO - Started process (PID=93672) to work on /workspaces/meu-primeiro-etl-airflow/dags/dag_treino_titanic.py
[2026-05-18T16:15:34.691+0000] {processor.py:914} INFO - Processing file /workspaces/meu-primeiro-etl-airflow/dags/dag_treino_titanic.py for tasks to queue
[2026-05-18T16:15:34.692+0000] {logging_mixin.py:190} INFO - [2026-05-18T16:15:34.692+0000] {dagbag.py:588} INFO - Filling up the DagBag from /workspaces/meu-primeiro-etl-airflow/dags/dag_treino_titanic.py
[2026-05-18T16:15:35.877+0000] {processor.py:925} INFO - DAG(s) 'atv7_treino_titanic_v1' retrieved from /workspaces/meu-primeiro-etl-airflow/dags/dag_treino_titanic.py
[2026-05-18T16:15:35.889+0000] {logging_mixin.py:190} INFO - [2026-05-18T16:15:35.889+0000] {dag.py:3239} INFO - Sync 1 DAGs
[2026-05-18T16:15:35.902+0000] {logging_mixin.py:190} INFO - [2026-05-18T16:15:35.902+0000] {dag.py:4180} INFO - Setting next_dagrun for atv7_treino_titanic_v1 to None, run_after=None
[2026-05-18T16:15:35.950+0000] {processor.py:208} INFO - Processing /workspaces/meu-primeiro-etl-airflow/dags/dag_treino_titanic.py took 1.263 seconds
[2026-05-18T16:16:33.292+0000] {processor.py:186} INFO - Started process (PID=94251) to work on /workspaces/meu-primeiro-etl-airflow/dags/dag_treino_titanic.py
[2026-05-18T16:16:33.293+0000] {processor.py:914} INFO - Processing file /workspaces/meu-primeiro-etl-airflow/dags/dag_treino_titanic.py for tasks to queue
[2026-05-18T16:16:33.295+0000] {logging_mixin.py:190} INFO - [2026-05-18T16:16:33.293+0000] {dagbag.py:588} INFO - Filling up the DagBag from /workspaces/meu-primeiro-etl-airflow/dags/dag_treino_titanic.py
[2026-05-18T16:16:34.291+0000] {processor.py:925} INFO - DAG(s) 'atv7_treino_titanic_v1' retrieved from /workspaces/meu-primeiro-etl-airflow/dags/dag_treino_titanic.py
[2026-05-18T16:16:34.299+0000] {logging_mixin.py:190} INFO - [2026-05-18T16:16:34.299+0000] {dag.py:3239} INFO - Sync 1 DAGs
[2026-05-18T16:16:34.308+0000] {logging_mixin.py:190} INFO - [2026-05-18T16:16:34.308+0000] {dag.py:4180} INFO - Setting next_dagrun for atv7_treino_titanic_v1 to None, run_after=None
[2026-05-18T16:16:34.323+0000] {processor.py:208} INFO - Processing /workspaces/meu-primeiro-etl-airflow/dags/dag_treino_titanic.py took 1.043 seconds
[2026-05-18T16:17:34.732+0000] {processor.py:186} INFO - Started process (PID=94780) to work on /workspaces/meu-primeiro-etl-airflow/dags/dag_treino_titanic.py
[2026-05-18T16:17:34.733+0000] {processor.py:914} INFO - Processing file /workspaces/meu-primeiro-etl-airflow/dags/dag_treino_titanic.py for tasks to queue
[2026-05-18T16:17:34.734+0000] {logging_mixin.py:190} INFO - [2026-05-18T16:17:34.733+0000] {dagbag.py:588} INFO - Filling up the DagBag from /workspaces/meu-primeiro-etl-airflow/dags/dag_treino_titanic.py
[2026-05-18T16:17:35.830+0000] {processor.py:925} INFO - DAG(s) 'atv7_treino_titanic_v1' retrieved from /workspaces/meu-primeiro-etl-airflow/dags/dag_treino_titanic.py
[2026-05-18T16:17:35.838+0000] {logging_mixin.py:190} INFO - [2026-05-18T16:17:35.837+0000] {dag.py:3239} INFO - Sync 1 DAGs
[2026-05-18T16:17:35.846+0000] {logging_mixin.py:190} INFO - [2026-05-18T16:17:35.846+0000] {dag.py:4180} INFO - Setting next_dagrun for atv7_treino_titanic_v1 to None, run_after=None
[2026-05-18T16:17:35.861+0000] {processor.py:208} INFO - Processing /workspaces/meu-primeiro-etl-airflow/dags/dag_treino_titanic.py took 1.133 seconds
[2026-05-18T16:18:38.087+0000] {processor.py:186} INFO - Started process (PID=95327) to work on /workspaces/meu-primeiro-etl-airflow/dags/dag_treino_titanic.py
[2026-05-18T16:18:38.088+0000] {processor.py:914} INFO - Processing file /workspaces/meu-primeiro-etl-airflow/dags/dag_treino_titanic.py for tasks to queue
[2026-05-18T16:18:38.089+0000] {logging_mixin.py:190} INFO - [2026-05-18T16:18:38.089+0000] {dagbag.py:588} INFO - Filling up the DagBag from /workspaces/meu-primeiro-etl-airflow/dags/dag_treino_titanic.py
[2026-05-18T16:18:39.191+0000] {processor.py:925} INFO - DAG(s) 'atv7_treino_titanic_v1' retrieved from /workspaces/meu-primeiro-etl-airflow/dags/dag_treino_titanic.py
[2026-05-18T16:18:39.199+0000] {logging_mixin.py:190} INFO - [2026-05-18T16:18:39.199+0000] {dag.py:3239} INFO - Sync 1 DAGs
[2026-05-18T16:18:39.208+0000] {logging_mixin.py:190} INFO - [2026-05-18T16:18:39.207+0000] {dag.py:4180} INFO - Setting next_dagrun for atv7_treino_titanic_v1 to None, run_after=None
[2026-05-18T16:18:39.225+0000] {processor.py:208} INFO - Processing /workspaces/meu-primeiro-etl-airflow/dags/dag_treino_titanic.py took 1.143 seconds
[2026-05-18T16:19:40.884+0000] {processor.py:186} INFO - Started process (PID=95866) to work on /workspaces/meu-primeiro-etl-airflow/dags/dag_treino_titanic.py
[2026-05-18T16:19:40.885+0000] {processor.py:914} INFO - Processing file /workspaces/meu-primeiro-etl-airflow/dags/dag_treino_titanic.py for tasks to queue
[2026-05-18T16:19:40.886+0000] {logging_mixin.py:190} INFO - [2026-05-18T16:19:40.886+0000] {dagbag.py:588} INFO - Filling up the DagBag from /workspaces/meu-primeiro-etl-airflow/dags/dag_treino_titanic.py
[2026-05-18T16:19:42.027+0000] {processor.py:925} INFO - DAG(s) 'atv7_treino_titanic_v1' retrieved from /workspaces/meu-primeiro-etl-airflow/dags/dag_treino_titanic.py
[2026-05-18T16:19:42.036+0000] {logging_mixin.py:190} INFO - [2026-05-18T16:19:42.035+0000] {dag.py:3239} INFO - Sync 1 DAGs
[2026-05-18T16:19:42.048+0000] {logging_mixin.py:190} INFO - [2026-05-18T16:19:42.047+0000] {dag.py:4180} INFO - Setting next_dagrun for atv7_treino_titanic_v1 to None, run_after=None
[2026-05-18T16:19:42.062+0000] {processor.py:208} INFO - Processing /workspaces/meu-primeiro-etl-airflow/dags/dag_treino_titanic.py took 1.183 seconds
[2026-05-18T16:20:12.729+0000] {processor.py:186} INFO - Started process (PID=96188) to work on /workspaces/meu-primeiro-etl-airflow/dags/dag_treino_titanic.py
[2026-05-18T16:20:12.730+0000] {processor.py:914} INFO - Processing file /workspaces/meu-primeiro-etl-airflow/dags/dag_treino_titanic.py for tasks to queue
[2026-05-18T16:20:12.731+0000] {logging_mixin.py:190} INFO - [2026-05-18T16:20:12.730+0000] {dagbag.py:588} INFO - Filling up the DagBag from /workspaces/meu-primeiro-etl-airflow/dags/dag_treino_titanic.py
[2026-05-18T16:20:13.727+0000] {processor.py:925} INFO - DAG(s) 'atv7_treino_titanic_v1' retrieved from /workspaces/meu-primeiro-etl-airflow/dags/dag_treino_titanic.py
[2026-05-18T16:20:13.735+0000] {logging_mixin.py:190} INFO - [2026-05-18T16:20:13.735+0000] {dag.py:3239} INFO - Sync 1 DAGs
[2026-05-18T16:20:13.744+0000] {logging_mixin.py:190} INFO - [2026-05-18T16:20:13.744+0000] {dag.py:4180} INFO - Setting next_dagrun for atv7_treino_titanic_v1 to None, run_after=None
[2026-05-18T16:20:13.760+0000] {processor.py:208} INFO - Processing /workspaces/meu-primeiro-etl-airflow/dags/dag_treino_titanic.py took 1.035 seconds
[2026-05-18T16:20:44.943+0000] {processor.py:186} INFO - Started process (PID=96426) to work on /workspaces/meu-primeiro-etl-airflow/dags/dag_treino_titanic.py
[2026-05-18T16:20:44.944+0000] {processor.py:914} INFO - Processing file /workspaces/meu-primeiro-etl-airflow/dags/dag_treino_titanic.py for tasks to queue
[2026-05-18T16:20:44.945+0000] {logging_mixin.py:190} INFO - [2026-05-18T16:20:44.944+0000] {dagbag.py:588} INFO - Filling up the DagBag from /workspaces/meu-primeiro-etl-airflow/dags/dag_treino_titanic.py
[2026-05-18T16:20:46.098+0000] {processor.py:925} INFO - DAG(s) 'atv7_treino_titanic_v1' retrieved from /workspaces/meu-primeiro-etl-airflow/dags/dag_treino_titanic.py
[2026-05-18T16:20:46.106+0000] {logging_mixin.py:190} INFO - [2026-05-18T16:20:46.105+0000] {dag.py:3239} INFO - Sync 1 DAGs
[2026-05-18T16:20:46.117+0000] {logging_mixin.py:190} INFO - [2026-05-18T16:20:46.117+0000] {dag.py:4180} INFO - Setting next_dagrun for atv7_treino_titanic_v1 to None, run_after=None
[2026-05-18T16:20:46.133+0000] {processor.py:208} INFO - Processing /workspaces/meu-primeiro-etl-airflow/dags/dag_treino_titanic.py took 1.193 seconds
[2026-05-18T16:21:17.004+0000] {processor.py:186} INFO - Started process (PID=96733) to work on /workspaces/meu-primeiro-etl-airflow/dags/dag_treino_titanic.py
[2026-05-18T16:21:17.005+0000] {processor.py:914} INFO - Processing file /workspaces/meu-primeiro-etl-airflow/dags/dag_treino_titanic.py for tasks to queue
[2026-05-18T16:21:17.006+0000] {logging_mixin.py:190} INFO - [2026-05-18T16:21:17.006+0000] {dagbag.py:588} INFO - Filling up the DagBag from /workspaces/meu-primeiro-etl-airflow/dags/dag_treino_titanic.py
[2026-05-18T16:21:18.128+0000] {processor.py:925} INFO - DAG(s) 'atv7_treino_titanic_v1' retrieved from /workspaces/meu-primeiro-etl-airflow/dags/dag_treino_titanic.py
[2026-05-18T16:21:18.135+0000] {logging_mixin.py:190} INFO - [2026-05-18T16:21:18.135+0000] {dag.py:3239} INFO - Sync 1 DAGs
[2026-05-18T16:21:18.144+0000] {logging_mixin.py:190} INFO - [2026-05-18T16:21:18.143+0000] {dag.py:4180} INFO - Setting next_dagrun for atv7_treino_titanic_v1 to None, run_after=None
[2026-05-18T16:21:18.159+0000] {processor.py:208} INFO - Processing /workspaces/meu-primeiro-etl-airflow/dags/dag_treino_titanic.py took 1.162 seconds
[2026-05-18T16:21:50.212+0000] {processor.py:186} INFO - Started process (PID=96986) to work on /workspaces/meu-primeiro-etl-airflow/dags/dag_treino_titanic.py
[2026-05-18T16:21:50.213+0000] {processor.py:914} INFO - Processing file /workspaces/meu-primeiro-etl-airflow/dags/dag_treino_titanic.py for tasks to queue
[2026-05-18T16:21:50.214+0000] {logging_mixin.py:190} INFO - [2026-05-18T16:21:50.213+0000] {dagbag.py:588} INFO - Filling up the DagBag from /workspaces/meu-primeiro-etl-airflow/dags/dag_treino_titanic.py
[2026-05-18T16:21:51.463+0000] {processor.py:925} INFO - DAG(s) 'atv7_treino_titanic_v1' retrieved from /workspaces/meu-primeiro-etl-airflow/dags/dag_treino_titanic.py
[2026-05-18T16:21:51.473+0000] {logging_mixin.py:190} INFO - [2026-05-18T16:21:51.473+0000] {dag.py:3239} INFO - Sync 1 DAGs
[2026-05-18T16:21:51.484+0000] {logging_mixin.py:190} INFO - [2026-05-18T16:21:51.484+0000] {dag.py:4180} INFO - Setting next_dagrun for atv7_treino_titanic_v1 to None, run_after=None
[2026-05-18T16:21:51.500+0000] {processor.py:208} INFO - Processing /workspaces/meu-primeiro-etl-airflow/dags/dag_treino_titanic.py took 1.294 seconds
[2026-05-18T16:22:23.393+0000] {processor.py:186} INFO - Started process (PID=97296) to work on /workspaces/meu-primeiro-etl-airflow/dags/dag_treino_titanic.py
[2026-05-18T16:22:23.394+0000] {processor.py:914} INFO - Processing file /workspaces/meu-primeiro-etl-airflow/dags/dag_treino_titanic.py for tasks to queue
[2026-05-18T16:22:23.398+0000] {logging_mixin.py:190} INFO - [2026-05-18T16:22:23.397+0000] {dagbag.py:588} INFO - Filling up the DagBag from /workspaces/meu-primeiro-etl-airflow/dags/dag_treino_titanic.py
[2026-05-18T16:22:24.455+0000] {processor.py:925} INFO - DAG(s) 'atv7_treino_titanic_v1' retrieved from /workspaces/meu-primeiro-etl-airflow/dags/dag_treino_titanic.py
[2026-05-18T16:22:24.464+0000] {logging_mixin.py:190} INFO - [2026-05-18T16:22:24.463+0000] {dag.py:3239} INFO - Sync 1 DAGs
[2026-05-18T16:22:24.475+0000] {logging_mixin.py:190} INFO - [2026-05-18T16:22:24.475+0000] {dag.py:4180} INFO - Setting next_dagrun for atv7_treino_titanic_v1 to None, run_after=None
[2026-05-18T16:22:24.493+0000] {processor.py:208} INFO - Processing /workspaces/meu-primeiro-etl-airflow/dags/dag_treino_titanic.py took 1.116 seconds
[2026-05-18T16:23:30.132+0000] {processor.py:186} INFO - Started process (PID=97869) to work on /workspaces/meu-primeiro-etl-airflow/dags/dag_treino_titanic.py
[2026-05-18T16:23:30.132+0000] {processor.py:914} INFO - Processing file /workspaces/meu-primeiro-etl-airflow/dags/dag_treino_titanic.py for tasks to queue
[2026-05-18T16:23:30.133+0000] {logging_mixin.py:190} INFO - [2026-05-18T16:23:30.133+0000] {dagbag.py:588} INFO - Filling up the DagBag from /workspaces/meu-primeiro-etl-airflow/dags/dag_treino_titanic.py
[2026-05-18T16:23:31.225+0000] {processor.py:925} INFO - DAG(s) 'atv7_treino_titanic_v1' retrieved from /workspaces/meu-primeiro-etl-airflow/dags/dag_treino_titanic.py
[2026-05-18T16:23:31.233+0000] {logging_mixin.py:190} INFO - [2026-05-18T16:23:31.232+0000] {dag.py:3239} INFO - Sync 1 DAGs
[2026-05-18T16:23:31.241+0000] {logging_mixin.py:190} INFO - [2026-05-18T16:23:31.241+0000] {dag.py:4180} INFO - Setting next_dagrun for atv7_treino_titanic_v1 to None, run_after=None
[2026-05-18T16:23:31.256+0000] {processor.py:208} INFO - Processing /workspaces/meu-primeiro-etl-airflow/dags/dag_treino_titanic.py took 1.129 seconds
[2026-05-18T16:24:04.667+0000] {processor.py:186} INFO - Started process (PID=98187) to work on /workspaces/meu-primeiro-etl-airflow/dags/dag_treino_titanic.py
[2026-05-18T16:24:04.668+0000] {processor.py:914} INFO - Processing file /workspaces/meu-primeiro-etl-airflow/dags/dag_treino_titanic.py for tasks to queue
[2026-05-18T16:24:04.669+0000] {logging_mixin.py:190} INFO - [2026-05-18T16:24:04.668+0000] {dagbag.py:588} INFO - Filling up the DagBag from /workspaces/meu-primeiro-etl-airflow/dags/dag_treino_titanic.py
[2026-05-18T16:24:05.725+0000] {processor.py:925} INFO - DAG(s) 'atv7_treino_titanic_v1' retrieved from /workspaces/meu-primeiro-etl-airflow/dags/dag_treino_titanic.py
[2026-05-18T16:24:05.734+0000] {logging_mixin.py:190} INFO - [2026-05-18T16:24:05.732+0000] {dag.py:3239} INFO - Sync 1 DAGs
[2026-05-18T16:24:05.742+0000] {logging_mixin.py:190} INFO - [2026-05-18T16:24:05.742+0000] {dag.py:4180} INFO - Setting next_dagrun for atv7_treino_titanic_v1 to None, run_after=None
[2026-05-18T16:24:05.758+0000] {processor.py:208} INFO - Processing /workspaces/meu-primeiro-etl-airflow/dags/dag_treino_titanic.py took 1.096 seconds
[2026-05-18T16:24:39.818+0000] {processor.py:186} INFO - Started process (PID=98466) to work on /workspaces/meu-primeiro-etl-airflow/dags/dag_treino_titanic.py
[2026-05-18T16:24:39.819+0000] {processor.py:914} INFO - Processing file /workspaces/meu-primeiro-etl-airflow/dags/dag_treino_titanic.py for tasks to queue
[2026-05-18T16:24:39.820+0000] {logging_mixin.py:190} INFO - [2026-05-18T16:24:39.820+0000] {dagbag.py:588} INFO - Filling up the DagBag from /workspaces/meu-primeiro-etl-airflow/dags/dag_treino_titanic.py
[2026-05-18T16:24:40.936+0000] {processor.py:925} INFO - DAG(s) 'atv7_treino_titanic_v1' retrieved from /workspaces/meu-primeiro-etl-airflow/dags/dag_treino_titanic.py
[2026-05-18T16:24:40.947+0000] {logging_mixin.py:190} INFO - [2026-05-18T16:24:40.946+0000] {dag.py:3239} INFO - Sync 1 DAGs
[2026-05-18T16:24:40.958+0000] {logging_mixin.py:190} INFO - [2026-05-18T16:24:40.958+0000] {dag.py:4180} INFO - Setting next_dagrun for atv7_treino_titanic_v1 to None, run_after=None
[2026-05-18T16:24:40.973+0000] {processor.py:208} INFO - Processing /workspaces/meu-primeiro-etl-airflow/dags/dag_treino_titanic.py took 1.159 seconds
[2026-05-18T16:25:17.430+0000] {processor.py:186} INFO - Started process (PID=98799) to work on /workspaces/meu-primeiro-etl-airflow/dags/dag_treino_titanic.py
[2026-05-18T16:25:17.431+0000] {processor.py:914} INFO - Processing file /workspaces/meu-primeiro-etl-airflow/dags/dag_treino_titanic.py for tasks to queue
[2026-05-18T16:25:17.432+0000] {logging_mixin.py:190} INFO - [2026-05-18T16:25:17.431+0000] {dagbag.py:588} INFO - Filling up the DagBag from /workspaces/meu-primeiro-etl-airflow/dags/dag_treino_titanic.py
[2026-05-18T16:25:18.497+0000] {processor.py:925} INFO - DAG(s) 'atv7_treino_titanic_v1' retrieved from /workspaces/meu-primeiro-etl-airflow/dags/dag_treino_titanic.py
[2026-05-18T16:25:18.660+0000] {logging_mixin.py:190} INFO - [2026-05-18T16:25:18.507+0000] {dag.py:3239} INFO - Sync 1 DAGs
[2026-05-18T16:25:18.670+0000] {logging_mixin.py:190} INFO - [2026-05-18T16:25:18.670+0000] {dag.py:4180} INFO - Setting next_dagrun for atv7_treino_titanic_v1 to None, run_after=None
[2026-05-18T16:25:18.688+0000] {processor.py:208} INFO - Processing /workspaces/meu-primeiro-etl-airflow/dags/dag_treino_titanic.py took 1.262 seconds
[2026-05-18T16:25:50.278+0000] {processor.py:186} INFO - Started process (PID=99066) to work on /workspaces/meu-primeiro-etl-airflow/dags/dag_treino_titanic.py
[2026-05-18T16:25:50.280+0000] {processor.py:914} INFO - Processing file /workspaces/meu-primeiro-etl-airflow/dags/dag_treino_titanic.py for tasks to queue
[2026-05-18T16:25:50.282+0000] {logging_mixin.py:190} INFO - [2026-05-18T16:25:50.281+0000] {dagbag.py:588} INFO - Filling up the DagBag from /workspaces/meu-primeiro-etl-airflow/dags/dag_treino_titanic.py
[2026-05-18T16:25:51.226+0000] {processor.py:925} INFO - DAG(s) 'atv7_treino_titanic_v1' retrieved from /workspaces/meu-primeiro-etl-airflow/dags/dag_treino_titanic.py
[2026-05-18T16:25:51.236+0000] {logging_mixin.py:190} INFO - [2026-05-18T16:25:51.235+0000] {dag.py:3239} INFO - Sync 1 DAGs
[2026-05-18T16:25:51.245+0000] {logging_mixin.py:190} INFO - [2026-05-18T16:25:51.245+0000] {dag.py:4180} INFO - Setting next_dagrun for atv7_treino_titanic_v1 to None, run_after=None
[2026-05-18T16:25:51.261+0000] {processor.py:208} INFO - Processing /workspaces/meu-primeiro-etl-airflow/dags/dag_treino_titanic.py took 0.991 seconds
[2026-05-18T16:26:49.029+0000] {processor.py:186} INFO - Started process (PID=99631) to work on /workspaces/meu-primeiro-etl-airflow/dags/dag_treino_titanic.py
[2026-05-18T16:26:49.030+0000] {processor.py:914} INFO - Processing file /workspaces/meu-primeiro-etl-airflow/dags/dag_treino_titanic.py for tasks to queue
[2026-05-18T16:26:49.030+0000] {logging_mixin.py:190} INFO - [2026-05-18T16:26:49.030+0000] {dagbag.py:588} INFO - Filling up the DagBag from /workspaces/meu-primeiro-etl-airflow/dags/dag_treino_titanic.py
[2026-05-18T16:26:50.230+0000] {processor.py:925} INFO - DAG(s) 'atv7_treino_titanic_v1' retrieved from /workspaces/meu-primeiro-etl-airflow/dags/dag_treino_titanic.py
[2026-05-18T16:26:50.237+0000] {logging_mixin.py:190} INFO - [2026-05-18T16:26:50.237+0000] {dag.py:3239} INFO - Sync 1 DAGs
[2026-05-18T16:26:50.245+0000] {logging_mixin.py:190} INFO - [2026-05-18T16:26:50.245+0000] {dag.py:4180} INFO - Setting next_dagrun for atv7_treino_titanic_v1 to None, run_after=None
[2026-05-18T16:26:50.261+0000] {processor.py:208} INFO - Processing /workspaces/meu-primeiro-etl-airflow/dags/dag_treino_titanic.py took 1.236 seconds
[2026-05-18T16:27:52.029+0000] {processor.py:186} INFO - Started process (PID=100210) to work on /workspaces/meu-primeiro-etl-airflow/dags/dag_treino_titanic.py
[2026-05-18T16:27:52.032+0000] {processor.py:914} INFO - Processing file /workspaces/meu-primeiro-etl-airflow/dags/dag_treino_titanic.py for tasks to queue
[2026-05-18T16:27:52.033+0000] {logging_mixin.py:190} INFO - [2026-05-18T16:27:52.033+0000] {dagbag.py:588} INFO - Filling up the DagBag from /workspaces/meu-primeiro-etl-airflow/dags/dag_treino_titanic.py
[2026-05-18T16:27:53.150+0000] {processor.py:925} INFO - DAG(s) 'atv7_treino_titanic_v1' retrieved from /workspaces/meu-primeiro-etl-airflow/dags/dag_treino_titanic.py
[2026-05-18T16:27:53.308+0000] {logging_mixin.py:190} INFO - [2026-05-18T16:27:53.307+0000] {dag.py:3239} INFO - Sync 1 DAGs
[2026-05-18T16:27:53.316+0000] {logging_mixin.py:190} INFO - [2026-05-18T16:27:53.316+0000] {dag.py:4180} INFO - Setting next_dagrun for atv7_treino_titanic_v1 to None, run_after=None
[2026-05-18T16:27:53.332+0000] {processor.py:208} INFO - Processing /workspaces/meu-primeiro-etl-airflow/dags/dag_treino_titanic.py took 1.310 seconds
[2026-05-18T16:28:54.695+0000] {processor.py:186} INFO - Started process (PID=100787) to work on /workspaces/meu-primeiro-etl-airflow/dags/dag_treino_titanic.py
[2026-05-18T16:28:54.696+0000] {processor.py:914} INFO - Processing file /workspaces/meu-primeiro-etl-airflow/dags/dag_treino_titanic.py for tasks to queue
[2026-05-18T16:28:54.697+0000] {logging_mixin.py:190} INFO - [2026-05-18T16:28:54.697+0000] {dagbag.py:588} INFO - Filling up the DagBag from /workspaces/meu-primeiro-etl-airflow/dags/dag_treino_titanic.py
[2026-05-18T16:28:55.627+0000] {processor.py:925} INFO - DAG(s) 'atv7_treino_titanic_v1' retrieved from /workspaces/meu-primeiro-etl-airflow/dags/dag_treino_titanic.py
[2026-05-18T16:28:55.775+0000] {logging_mixin.py:190} INFO - [2026-05-18T16:28:55.774+0000] {dag.py:3239} INFO - Sync 1 DAGs
[2026-05-18T16:28:55.786+0000] {logging_mixin.py:190} INFO - [2026-05-18T16:28:55.786+0000] {dag.py:4180} INFO - Setting next_dagrun for atv7_treino_titanic_v1 to None, run_after=None
[2026-05-18T16:28:55.801+0000] {processor.py:208} INFO - Processing /workspaces/meu-primeiro-etl-airflow/dags/dag_treino_titanic.py took 1.110 seconds
[2026-05-18T16:29:56.714+0000] {processor.py:186} INFO - Started process (PID=101321) to work on /workspaces/meu-primeiro-etl-airflow/dags/dag_treino_titanic.py
[2026-05-18T16:29:56.715+0000] {processor.py:914} INFO - Processing file /workspaces/meu-primeiro-etl-airflow/dags/dag_treino_titanic.py for tasks to queue
[2026-05-18T16:29:56.716+0000] {logging_mixin.py:190} INFO - [2026-05-18T16:29:56.716+0000] {dagbag.py:588} INFO - Filling up the DagBag from /workspaces/meu-primeiro-etl-airflow/dags/dag_treino_titanic.py
[2026-05-18T16:29:57.634+0000] {processor.py:925} INFO - DAG(s) 'atv7_treino_titanic_v1' retrieved from /workspaces/meu-primeiro-etl-airflow/dags/dag_treino_titanic.py
[2026-05-18T16:29:57.803+0000] {logging_mixin.py:190} INFO - [2026-05-18T16:29:57.644+0000] {dag.py:3239} INFO - Sync 1 DAGs
[2026-05-18T16:29:57.812+0000] {logging_mixin.py:190} INFO - [2026-05-18T16:29:57.812+0000] {dag.py:4180} INFO - Setting next_dagrun for atv7_treino_titanic_v1 to None, run_after=None
[2026-05-18T16:29:57.826+0000] {processor.py:208} INFO - Processing /workspaces/meu-primeiro-etl-airflow/dags/dag_treino_titanic.py took 1.116 seconds
[2026-05-18T16:30:59.114+0000] {processor.py:186} INFO - Started process (PID=101912) to work on /workspaces/meu-primeiro-etl-airflow/dags/dag_treino_titanic.py
[2026-05-18T16:30:59.115+0000] {processor.py:914} INFO - Processing file /workspaces/meu-primeiro-etl-airflow/dags/dag_treino_titanic.py for tasks to queue
[2026-05-18T16:30:59.116+0000] {logging_mixin.py:190} INFO - [2026-05-18T16:30:59.116+0000] {dagbag.py:588} INFO - Filling up the DagBag from /workspaces/meu-primeiro-etl-airflow/dags/dag_treino_titanic.py
[2026-05-18T16:31:00.225+0000] {processor.py:925} INFO - DAG(s) 'atv7_treino_titanic_v1' retrieved from /workspaces/meu-primeiro-etl-airflow/dags/dag_treino_titanic.py
[2026-05-18T16:31:00.236+0000] {logging_mixin.py:190} INFO - [2026-05-18T16:31:00.234+0000] {dag.py:3239} INFO - Sync 1 DAGs
[2026-05-18T16:31:00.393+0000] {logging_mixin.py:190} INFO - [2026-05-18T16:31:00.392+0000] {dag.py:4180} INFO - Setting next_dagrun for atv7_treino_titanic_v1 to None, run_after=None
[2026-05-18T16:31:00.408+0000] {processor.py:208} INFO - Processing /workspaces/meu-primeiro-etl-airflow/dags/dag_treino_titanic.py took 1.301 seconds
[2026-05-18T16:31:31.637+0000] {processor.py:186} INFO - Started process (PID=102162) to work on /workspaces/meu-primeiro-etl-airflow/dags/dag_treino_titanic.py
[2026-05-18T16:31:31.638+0000] {processor.py:914} INFO - Processing file /workspaces/meu-primeiro-etl-airflow/dags/dag_treino_titanic.py for tasks to queue
[2026-05-18T16:31:31.639+0000] {logging_mixin.py:190} INFO - [2026-05-18T16:31:31.638+0000] {dagbag.py:588} INFO - Filling up the DagBag from /workspaces/meu-primeiro-etl-airflow/dags/dag_treino_titanic.py
[2026-05-18T16:31:32.843+0000] {processor.py:925} INFO - DAG(s) 'atv7_treino_titanic_v1' retrieved from /workspaces/meu-primeiro-etl-airflow/dags/dag_treino_titanic.py
[2026-05-18T16:31:32.851+0000] {logging_mixin.py:190} INFO - [2026-05-18T16:31:32.850+0000] {dag.py:3239} INFO - Sync 1 DAGs
[2026-05-18T16:31:32.859+0000] {logging_mixin.py:190} INFO - [2026-05-18T16:31:32.859+0000] {dag.py:4180} INFO - Setting next_dagrun for atv7_treino_titanic_v1 to None, run_after=None
[2026-05-18T16:31:32.878+0000] {processor.py:208} INFO - Processing /workspaces/meu-primeiro-etl-airflow/dags/dag_treino_titanic.py took 1.245 seconds
[2026-05-18T16:32:31.323+0000] {processor.py:186} INFO - Started process (PID=102688) to work on /workspaces/meu-primeiro-etl-airflow/dags/dag_treino_titanic.py
[2026-05-18T16:32:31.324+0000] {processor.py:914} INFO - Processing file /workspaces/meu-primeiro-etl-airflow/dags/dag_treino_titanic.py for tasks to queue
[2026-05-18T16:32:31.325+0000] {logging_mixin.py:190} INFO - [2026-05-18T16:32:31.325+0000] {dagbag.py:588} INFO - Filling up the DagBag from /workspaces/meu-primeiro-etl-airflow/dags/dag_treino_titanic.py
[2026-05-18T16:32:32.537+0000] {processor.py:925} INFO - DAG(s) 'atv7_treino_titanic_v1' retrieved from /workspaces/meu-primeiro-etl-airflow/dags/dag_treino_titanic.py
[2026-05-18T16:32:32.545+0000] {logging_mixin.py:190} INFO - [2026-05-18T16:32:32.544+0000] {dag.py:3239} INFO - Sync 1 DAGs
[2026-05-18T16:32:32.553+0000] {logging_mixin.py:190} INFO - [2026-05-18T16:32:32.553+0000] {dag.py:4180} INFO - Setting next_dagrun for atv7_treino_titanic_v1 to None, run_after=None
[2026-05-18T16:32:32.569+0000] {processor.py:208} INFO - Processing /workspaces/meu-primeiro-etl-airflow/dags/dag_treino_titanic.py took 1.253 seconds
[2026-05-18T16:33:05.345+0000] {processor.py:186} INFO - Started process (PID=103004) to work on /workspaces/meu-primeiro-etl-airflow/dags/dag_treino_titanic.py
[2026-05-18T16:33:05.346+0000] {processor.py:914} INFO - Processing file /workspaces/meu-primeiro-etl-airflow/dags/dag_treino_titanic.py for tasks to queue
[2026-05-18T16:33:05.347+0000] {logging_mixin.py:190} INFO - [2026-05-18T16:33:05.346+0000] {dagbag.py:588} INFO - Filling up the DagBag from /workspaces/meu-primeiro-etl-airflow/dags/dag_treino_titanic.py
[2026-05-18T16:33:06.664+0000] {processor.py:925} INFO - DAG(s) 'atv7_treino_titanic_v1' retrieved from /workspaces/meu-primeiro-etl-airflow/dags/dag_treino_titanic.py
[2026-05-18T16:33:06.674+0000] {logging_mixin.py:190} INFO - [2026-05-18T16:33:06.674+0000] {dag.py:3239} INFO - Sync 1 DAGs
[2026-05-18T16:33:06.687+0000] {logging_mixin.py:190} INFO - [2026-05-18T16:33:06.687+0000] {dag.py:4180} INFO - Setting next_dagrun for atv7_treino_titanic_v1 to None, run_after=None
[2026-05-18T16:33:06.705+0000] {processor.py:208} INFO - Processing /workspaces/meu-primeiro-etl-airflow/dags/dag_treino_titanic.py took 1.364 seconds
