[2026-05-27T14:32:35.518+0000] {processor.py:186} INFO - Started process (PID=24425) to work on /workspaces/meu-primeiro-etl-airflow/airflow/dags/dag_contagem_linhas.py
[2026-05-27T14:32:35.519+0000] {processor.py:914} INFO - Processing file /workspaces/meu-primeiro-etl-airflow/airflow/dags/dag_contagem_linhas.py for tasks to queue
[2026-05-27T14:32:35.520+0000] {logging_mixin.py:190} INFO - [2026-05-27T14:32:35.520+0000] {dagbag.py:588} INFO - Filling up the DagBag from /workspaces/meu-primeiro-etl-airflow/airflow/dags/dag_contagem_linhas.py
[2026-05-27T14:32:35.529+0000] {processor.py:925} INFO - DAG(s) 'contagem_linhas_dag' retrieved from /workspaces/meu-primeiro-etl-airflow/airflow/dags/dag_contagem_linhas.py
[2026-05-27T14:32:35.558+0000] {logging_mixin.py:190} INFO - [2026-05-27T14:32:35.557+0000] {dag.py:3239} INFO - Sync 1 DAGs
[2026-05-27T14:32:35.583+0000] {logging_mixin.py:190} INFO - [2026-05-27T14:32:35.583+0000] {dag.py:4180} INFO - Setting next_dagrun for contagem_linhas_dag to None, run_after=None
[2026-05-27T14:32:35.617+0000] {processor.py:208} INFO - Processing /workspaces/meu-primeiro-etl-airflow/airflow/dags/dag_contagem_linhas.py took 0.103 seconds
[2026-05-27T14:33:07.339+0000] {processor.py:186} INFO - Started process (PID=24665) to work on /workspaces/meu-primeiro-etl-airflow/airflow/dags/dag_contagem_linhas.py
[2026-05-27T14:33:07.339+0000] {processor.py:914} INFO - Processing file /workspaces/meu-primeiro-etl-airflow/airflow/dags/dag_contagem_linhas.py for tasks to queue
[2026-05-27T14:33:07.341+0000] {logging_mixin.py:190} INFO - [2026-05-27T14:33:07.341+0000] {dagbag.py:588} INFO - Filling up the DagBag from /workspaces/meu-primeiro-etl-airflow/airflow/dags/dag_contagem_linhas.py
[2026-05-27T14:33:07.348+0000] {processor.py:925} INFO - DAG(s) 'contagem_linhas_dag' retrieved from /workspaces/meu-primeiro-etl-airflow/airflow/dags/dag_contagem_linhas.py
[2026-05-27T14:33:07.367+0000] {logging_mixin.py:190} INFO - [2026-05-27T14:33:07.367+0000] {dag.py:3239} INFO - Sync 1 DAGs
[2026-05-27T14:33:07.376+0000] {logging_mixin.py:190} INFO - [2026-05-27T14:33:07.376+0000] {dag.py:4180} INFO - Setting next_dagrun for contagem_linhas_dag to None, run_after=None
[2026-05-27T14:33:07.395+0000] {processor.py:208} INFO - Processing /workspaces/meu-primeiro-etl-airflow/airflow/dags/dag_contagem_linhas.py took 0.061 seconds
[2026-05-27T14:33:38.798+0000] {processor.py:186} INFO - Started process (PID=25016) to work on /workspaces/meu-primeiro-etl-airflow/airflow/dags/dag_contagem_linhas.py
[2026-05-27T14:33:38.799+0000] {processor.py:914} INFO - Processing file /workspaces/meu-primeiro-etl-airflow/airflow/dags/dag_contagem_linhas.py for tasks to queue
[2026-05-27T14:33:38.800+0000] {logging_mixin.py:190} INFO - [2026-05-27T14:33:38.799+0000] {dagbag.py:588} INFO - Filling up the DagBag from /workspaces/meu-primeiro-etl-airflow/airflow/dags/dag_contagem_linhas.py
[2026-05-27T14:33:38.807+0000] {processor.py:925} INFO - DAG(s) 'contagem_linhas_dag' retrieved from /workspaces/meu-primeiro-etl-airflow/airflow/dags/dag_contagem_linhas.py
[2026-05-27T14:33:38.824+0000] {logging_mixin.py:190} INFO - [2026-05-27T14:33:38.823+0000] {dag.py:3239} INFO - Sync 1 DAGs
[2026-05-27T14:33:38.835+0000] {logging_mixin.py:190} INFO - [2026-05-27T14:33:38.835+0000] {dag.py:4180} INFO - Setting next_dagrun for contagem_linhas_dag to None, run_after=None
[2026-05-27T14:33:38.850+0000] {processor.py:208} INFO - Processing /workspaces/meu-primeiro-etl-airflow/airflow/dags/dag_contagem_linhas.py took 0.057 seconds
[2026-05-27T14:34:09.580+0000] {processor.py:186} INFO - Started process (PID=25251) to work on /workspaces/meu-primeiro-etl-airflow/airflow/dags/dag_contagem_linhas.py
[2026-05-27T14:34:09.581+0000] {processor.py:914} INFO - Processing file /workspaces/meu-primeiro-etl-airflow/airflow/dags/dag_contagem_linhas.py for tasks to queue
[2026-05-27T14:34:09.582+0000] {logging_mixin.py:190} INFO - [2026-05-27T14:34:09.582+0000] {dagbag.py:588} INFO - Filling up the DagBag from /workspaces/meu-primeiro-etl-airflow/airflow/dags/dag_contagem_linhas.py
[2026-05-27T14:34:09.590+0000] {processor.py:925} INFO - DAG(s) 'contagem_linhas_dag' retrieved from /workspaces/meu-primeiro-etl-airflow/airflow/dags/dag_contagem_linhas.py
[2026-05-27T14:34:09.607+0000] {logging_mixin.py:190} INFO - [2026-05-27T14:34:09.607+0000] {dag.py:3239} INFO - Sync 1 DAGs
[2026-05-27T14:34:09.617+0000] {logging_mixin.py:190} INFO - [2026-05-27T14:34:09.617+0000] {dag.py:4180} INFO - Setting next_dagrun for contagem_linhas_dag to None, run_after=None
[2026-05-27T14:34:09.633+0000] {processor.py:208} INFO - Processing /workspaces/meu-primeiro-etl-airflow/airflow/dags/dag_contagem_linhas.py took 0.057 seconds
[2026-05-27T14:34:41.803+0000] {processor.py:186} INFO - Started process (PID=25549) to work on /workspaces/meu-primeiro-etl-airflow/airflow/dags/dag_contagem_linhas.py
[2026-05-27T14:34:41.803+0000] {processor.py:914} INFO - Processing file /workspaces/meu-primeiro-etl-airflow/airflow/dags/dag_contagem_linhas.py for tasks to queue
[2026-05-27T14:34:41.804+0000] {logging_mixin.py:190} INFO - [2026-05-27T14:34:41.804+0000] {dagbag.py:588} INFO - Filling up the DagBag from /workspaces/meu-primeiro-etl-airflow/airflow/dags/dag_contagem_linhas.py
[2026-05-27T14:34:41.815+0000] {processor.py:925} INFO - DAG(s) 'contagem_linhas_dag' retrieved from /workspaces/meu-primeiro-etl-airflow/airflow/dags/dag_contagem_linhas.py
[2026-05-27T14:34:41.839+0000] {logging_mixin.py:190} INFO - [2026-05-27T14:34:41.839+0000] {dag.py:3239} INFO - Sync 1 DAGs
[2026-05-27T14:34:41.850+0000] {logging_mixin.py:190} INFO - [2026-05-27T14:34:41.850+0000] {dag.py:4180} INFO - Setting next_dagrun for contagem_linhas_dag to None, run_after=None
[2026-05-27T14:34:41.874+0000] {processor.py:208} INFO - Processing /workspaces/meu-primeiro-etl-airflow/airflow/dags/dag_contagem_linhas.py took 0.076 seconds
[2026-05-27T14:35:13.661+0000] {processor.py:186} INFO - Started process (PID=25809) to work on /workspaces/meu-primeiro-etl-airflow/airflow/dags/dag_contagem_linhas.py
[2026-05-27T14:35:13.661+0000] {processor.py:914} INFO - Processing file /workspaces/meu-primeiro-etl-airflow/airflow/dags/dag_contagem_linhas.py for tasks to queue
[2026-05-27T14:35:13.662+0000] {logging_mixin.py:190} INFO - [2026-05-27T14:35:13.662+0000] {dagbag.py:588} INFO - Filling up the DagBag from /workspaces/meu-primeiro-etl-airflow/airflow/dags/dag_contagem_linhas.py
[2026-05-27T14:35:13.672+0000] {processor.py:925} INFO - DAG(s) 'contagem_linhas_dag' retrieved from /workspaces/meu-primeiro-etl-airflow/airflow/dags/dag_contagem_linhas.py
[2026-05-27T14:35:13.690+0000] {logging_mixin.py:190} INFO - [2026-05-27T14:35:13.689+0000] {dag.py:3239} INFO - Sync 1 DAGs
[2026-05-27T14:35:13.700+0000] {logging_mixin.py:190} INFO - [2026-05-27T14:35:13.700+0000] {dag.py:4180} INFO - Setting next_dagrun for contagem_linhas_dag to None, run_after=None
[2026-05-27T14:35:13.744+0000] {processor.py:208} INFO - Processing /workspaces/meu-primeiro-etl-airflow/airflow/dags/dag_contagem_linhas.py took 0.088 seconds
[2026-05-27T14:35:45.240+0000] {processor.py:186} INFO - Started process (PID=26097) to work on /workspaces/meu-primeiro-etl-airflow/airflow/dags/dag_contagem_linhas.py
[2026-05-27T14:35:45.240+0000] {processor.py:914} INFO - Processing file /workspaces/meu-primeiro-etl-airflow/airflow/dags/dag_contagem_linhas.py for tasks to queue
[2026-05-27T14:35:45.241+0000] {logging_mixin.py:190} INFO - [2026-05-27T14:35:45.241+0000] {dagbag.py:588} INFO - Filling up the DagBag from /workspaces/meu-primeiro-etl-airflow/airflow/dags/dag_contagem_linhas.py
[2026-05-27T14:35:45.249+0000] {processor.py:925} INFO - DAG(s) 'contagem_linhas_dag' retrieved from /workspaces/meu-primeiro-etl-airflow/airflow/dags/dag_contagem_linhas.py
[2026-05-27T14:35:45.267+0000] {logging_mixin.py:190} INFO - [2026-05-27T14:35:45.267+0000] {dag.py:3239} INFO - Sync 1 DAGs
[2026-05-27T14:35:45.279+0000] {logging_mixin.py:190} INFO - [2026-05-27T14:35:45.278+0000] {dag.py:4180} INFO - Setting next_dagrun for contagem_linhas_dag to None, run_after=None
[2026-05-27T14:35:45.295+0000] {processor.py:208} INFO - Processing /workspaces/meu-primeiro-etl-airflow/airflow/dags/dag_contagem_linhas.py took 0.060 seconds
[2026-05-27T14:36:16.917+0000] {processor.py:186} INFO - Started process (PID=26360) to work on /workspaces/meu-primeiro-etl-airflow/airflow/dags/dag_contagem_linhas.py
[2026-05-27T14:36:16.918+0000] {processor.py:914} INFO - Processing file /workspaces/meu-primeiro-etl-airflow/airflow/dags/dag_contagem_linhas.py for tasks to queue
[2026-05-27T14:36:16.919+0000] {logging_mixin.py:190} INFO - [2026-05-27T14:36:16.919+0000] {dagbag.py:588} INFO - Filling up the DagBag from /workspaces/meu-primeiro-etl-airflow/airflow/dags/dag_contagem_linhas.py
[2026-05-27T14:36:16.930+0000] {processor.py:925} INFO - DAG(s) 'contagem_linhas_dag' retrieved from /workspaces/meu-primeiro-etl-airflow/airflow/dags/dag_contagem_linhas.py
[2026-05-27T14:36:16.968+0000] {logging_mixin.py:190} INFO - [2026-05-27T14:36:16.967+0000] {dag.py:3239} INFO - Sync 1 DAGs
[2026-05-27T14:36:16.997+0000] {logging_mixin.py:190} INFO - [2026-05-27T14:36:16.997+0000] {dag.py:4180} INFO - Setting next_dagrun for contagem_linhas_dag to None, run_after=None
[2026-05-27T14:36:17.043+0000] {processor.py:208} INFO - Processing /workspaces/meu-primeiro-etl-airflow/airflow/dags/dag_contagem_linhas.py took 0.134 seconds
[2026-05-27T14:36:49.045+0000] {processor.py:186} INFO - Started process (PID=26795) to work on /workspaces/meu-primeiro-etl-airflow/airflow/dags/dag_contagem_linhas.py
[2026-05-27T14:36:49.046+0000] {processor.py:914} INFO - Processing file /workspaces/meu-primeiro-etl-airflow/airflow/dags/dag_contagem_linhas.py for tasks to queue
[2026-05-27T14:36:49.047+0000] {logging_mixin.py:190} INFO - [2026-05-27T14:36:49.046+0000] {dagbag.py:588} INFO - Filling up the DagBag from /workspaces/meu-primeiro-etl-airflow/airflow/dags/dag_contagem_linhas.py
[2026-05-27T14:36:49.055+0000] {processor.py:925} INFO - DAG(s) 'contagem_linhas_dag' retrieved from /workspaces/meu-primeiro-etl-airflow/airflow/dags/dag_contagem_linhas.py
[2026-05-27T14:36:49.074+0000] {logging_mixin.py:190} INFO - [2026-05-27T14:36:49.074+0000] {dag.py:3239} INFO - Sync 1 DAGs
[2026-05-27T14:36:49.084+0000] {logging_mixin.py:190} INFO - [2026-05-27T14:36:49.084+0000] {dag.py:4180} INFO - Setting next_dagrun for contagem_linhas_dag to None, run_after=None
[2026-05-27T14:36:49.101+0000] {processor.py:208} INFO - Processing /workspaces/meu-primeiro-etl-airflow/airflow/dags/dag_contagem_linhas.py took 0.060 seconds
[2026-05-27T14:37:20.102+0000] {processor.py:186} INFO - Started process (PID=27066) to work on /workspaces/meu-primeiro-etl-airflow/airflow/dags/dag_contagem_linhas.py
[2026-05-27T14:37:20.102+0000] {processor.py:914} INFO - Processing file /workspaces/meu-primeiro-etl-airflow/airflow/dags/dag_contagem_linhas.py for tasks to queue
[2026-05-27T14:37:20.103+0000] {logging_mixin.py:190} INFO - [2026-05-27T14:37:20.103+0000] {dagbag.py:588} INFO - Filling up the DagBag from /workspaces/meu-primeiro-etl-airflow/airflow/dags/dag_contagem_linhas.py
[2026-05-27T14:37:20.114+0000] {processor.py:925} INFO - DAG(s) 'contagem_linhas_dag' retrieved from /workspaces/meu-primeiro-etl-airflow/airflow/dags/dag_contagem_linhas.py
[2026-05-27T14:37:20.144+0000] {logging_mixin.py:190} INFO - [2026-05-27T14:37:20.143+0000] {dag.py:3239} INFO - Sync 1 DAGs
[2026-05-27T14:37:20.157+0000] {logging_mixin.py:190} INFO - [2026-05-27T14:37:20.157+0000] {dag.py:4180} INFO - Setting next_dagrun for contagem_linhas_dag to None, run_after=None
[2026-05-27T14:37:20.204+0000] {processor.py:208} INFO - Processing /workspaces/meu-primeiro-etl-airflow/airflow/dags/dag_contagem_linhas.py took 0.107 seconds
[2026-05-27T14:37:52.040+0000] {processor.py:186} INFO - Started process (PID=27344) to work on /workspaces/meu-primeiro-etl-airflow/airflow/dags/dag_contagem_linhas.py
[2026-05-27T14:37:52.041+0000] {processor.py:914} INFO - Processing file /workspaces/meu-primeiro-etl-airflow/airflow/dags/dag_contagem_linhas.py for tasks to queue
[2026-05-27T14:37:52.042+0000] {logging_mixin.py:190} INFO - [2026-05-27T14:37:52.042+0000] {dagbag.py:588} INFO - Filling up the DagBag from /workspaces/meu-primeiro-etl-airflow/airflow/dags/dag_contagem_linhas.py
[2026-05-27T14:37:52.050+0000] {processor.py:925} INFO - DAG(s) 'contagem_linhas_dag' retrieved from /workspaces/meu-primeiro-etl-airflow/airflow/dags/dag_contagem_linhas.py
[2026-05-27T14:37:52.067+0000] {logging_mixin.py:190} INFO - [2026-05-27T14:37:52.067+0000] {dag.py:3239} INFO - Sync 1 DAGs
[2026-05-27T14:37:52.078+0000] {logging_mixin.py:190} INFO - [2026-05-27T14:37:52.077+0000] {dag.py:4180} INFO - Setting next_dagrun for contagem_linhas_dag to None, run_after=None
[2026-05-27T14:37:52.095+0000] {processor.py:208} INFO - Processing /workspaces/meu-primeiro-etl-airflow/airflow/dags/dag_contagem_linhas.py took 0.063 seconds
[2026-05-27T14:38:24.989+0000] {processor.py:186} INFO - Started process (PID=27641) to work on /workspaces/meu-primeiro-etl-airflow/airflow/dags/dag_contagem_linhas.py
[2026-05-27T14:38:24.990+0000] {processor.py:914} INFO - Processing file /workspaces/meu-primeiro-etl-airflow/airflow/dags/dag_contagem_linhas.py for tasks to queue
[2026-05-27T14:38:24.991+0000] {logging_mixin.py:190} INFO - [2026-05-27T14:38:24.991+0000] {dagbag.py:588} INFO - Filling up the DagBag from /workspaces/meu-primeiro-etl-airflow/airflow/dags/dag_contagem_linhas.py
[2026-05-27T14:38:25.004+0000] {processor.py:925} INFO - DAG(s) 'contagem_linhas_dag' retrieved from /workspaces/meu-primeiro-etl-airflow/airflow/dags/dag_contagem_linhas.py
[2026-05-27T14:38:25.038+0000] {logging_mixin.py:190} INFO - [2026-05-27T14:38:25.037+0000] {dag.py:3239} INFO - Sync 1 DAGs
[2026-05-27T14:38:25.063+0000] {logging_mixin.py:190} INFO - [2026-05-27T14:38:25.063+0000] {dag.py:4180} INFO - Setting next_dagrun for contagem_linhas_dag to None, run_after=None
[2026-05-27T14:38:25.094+0000] {processor.py:208} INFO - Processing /workspaces/meu-primeiro-etl-airflow/airflow/dags/dag_contagem_linhas.py took 0.114 seconds
[2026-05-27T14:38:57.147+0000] {processor.py:186} INFO - Started process (PID=27855) to work on /workspaces/meu-primeiro-etl-airflow/airflow/dags/dag_contagem_linhas.py
[2026-05-27T14:38:57.147+0000] {processor.py:914} INFO - Processing file /workspaces/meu-primeiro-etl-airflow/airflow/dags/dag_contagem_linhas.py for tasks to queue
[2026-05-27T14:38:57.149+0000] {logging_mixin.py:190} INFO - [2026-05-27T14:38:57.148+0000] {dagbag.py:588} INFO - Filling up the DagBag from /workspaces/meu-primeiro-etl-airflow/airflow/dags/dag_contagem_linhas.py
[2026-05-27T14:38:57.156+0000] {processor.py:925} INFO - DAG(s) 'contagem_linhas_dag' retrieved from /workspaces/meu-primeiro-etl-airflow/airflow/dags/dag_contagem_linhas.py
[2026-05-27T14:38:57.172+0000] {logging_mixin.py:190} INFO - [2026-05-27T14:38:57.172+0000] {dag.py:3239} INFO - Sync 1 DAGs
[2026-05-27T14:38:57.182+0000] {logging_mixin.py:190} INFO - [2026-05-27T14:38:57.182+0000] {dag.py:4180} INFO - Setting next_dagrun for contagem_linhas_dag to None, run_after=None
[2026-05-27T14:38:57.199+0000] {processor.py:208} INFO - Processing /workspaces/meu-primeiro-etl-airflow/airflow/dags/dag_contagem_linhas.py took 0.056 seconds
[2026-05-27T14:39:29.101+0000] {processor.py:186} INFO - Started process (PID=28646) to work on /workspaces/meu-primeiro-etl-airflow/airflow/dags/dag_contagem_linhas.py
[2026-05-27T14:39:29.101+0000] {processor.py:914} INFO - Processing file /workspaces/meu-primeiro-etl-airflow/airflow/dags/dag_contagem_linhas.py for tasks to queue
[2026-05-27T14:39:29.102+0000] {logging_mixin.py:190} INFO - [2026-05-27T14:39:29.102+0000] {dagbag.py:588} INFO - Filling up the DagBag from /workspaces/meu-primeiro-etl-airflow/airflow/dags/dag_contagem_linhas.py
[2026-05-27T14:39:29.112+0000] {processor.py:925} INFO - DAG(s) 'contagem_linhas_dag' retrieved from /workspaces/meu-primeiro-etl-airflow/airflow/dags/dag_contagem_linhas.py
[2026-05-27T14:39:29.134+0000] {logging_mixin.py:190} INFO - [2026-05-27T14:39:29.134+0000] {dag.py:3239} INFO - Sync 1 DAGs
[2026-05-27T14:39:29.144+0000] {logging_mixin.py:190} INFO - [2026-05-27T14:39:29.144+0000] {dag.py:4180} INFO - Setting next_dagrun for contagem_linhas_dag to None, run_after=None
[2026-05-27T14:39:29.161+0000] {processor.py:208} INFO - Processing /workspaces/meu-primeiro-etl-airflow/airflow/dags/dag_contagem_linhas.py took 0.066 seconds
[2026-05-27T14:40:15.407+0000] {processor.py:186} INFO - Started process (PID=29202) to work on /workspaces/meu-primeiro-etl-airflow/airflow/dags/dag_contagem_linhas.py
[2026-05-27T14:40:15.408+0000] {processor.py:914} INFO - Processing file /workspaces/meu-primeiro-etl-airflow/airflow/dags/dag_contagem_linhas.py for tasks to queue
[2026-05-27T14:40:15.409+0000] {logging_mixin.py:190} INFO - [2026-05-27T14:40:15.409+0000] {dagbag.py:588} INFO - Filling up the DagBag from /workspaces/meu-primeiro-etl-airflow/airflow/dags/dag_contagem_linhas.py
[2026-05-27T14:40:15.423+0000] {processor.py:925} INFO - DAG(s) 'contagem_linhas_dag' retrieved from /workspaces/meu-primeiro-etl-airflow/airflow/dags/dag_contagem_linhas.py
[2026-05-27T14:40:15.444+0000] {logging_mixin.py:190} INFO - [2026-05-27T14:40:15.444+0000] {dag.py:3239} INFO - Sync 1 DAGs
[2026-05-27T14:40:15.454+0000] {logging_mixin.py:190} INFO - [2026-05-27T14:40:15.454+0000] {dag.py:4180} INFO - Setting next_dagrun for contagem_linhas_dag to None, run_after=None
[2026-05-27T14:40:15.474+0000] {processor.py:208} INFO - Processing /workspaces/meu-primeiro-etl-airflow/airflow/dags/dag_contagem_linhas.py took 0.074 seconds
[2026-05-27T14:40:46.953+0000] {processor.py:186} INFO - Started process (PID=29555) to work on /workspaces/meu-primeiro-etl-airflow/airflow/dags/dag_contagem_linhas.py
[2026-05-27T14:40:46.954+0000] {processor.py:914} INFO - Processing file /workspaces/meu-primeiro-etl-airflow/airflow/dags/dag_contagem_linhas.py for tasks to queue
[2026-05-27T14:40:46.956+0000] {logging_mixin.py:190} INFO - [2026-05-27T14:40:46.955+0000] {dagbag.py:588} INFO - Filling up the DagBag from /workspaces/meu-primeiro-etl-airflow/airflow/dags/dag_contagem_linhas.py
[2026-05-27T14:40:46.968+0000] {processor.py:925} INFO - DAG(s) 'contagem_linhas_dag' retrieved from /workspaces/meu-primeiro-etl-airflow/airflow/dags/dag_contagem_linhas.py
[2026-05-27T14:40:46.997+0000] {logging_mixin.py:190} INFO - [2026-05-27T14:40:46.997+0000] {dag.py:3239} INFO - Sync 1 DAGs
[2026-05-27T14:40:47.015+0000] {logging_mixin.py:190} INFO - [2026-05-27T14:40:47.015+0000] {dag.py:4180} INFO - Setting next_dagrun for contagem_linhas_dag to None, run_after=None
[2026-05-27T14:40:47.055+0000] {processor.py:208} INFO - Processing /workspaces/meu-primeiro-etl-airflow/airflow/dags/dag_contagem_linhas.py took 0.113 seconds
[2026-05-27T14:41:17.736+0000] {processor.py:186} INFO - Started process (PID=29833) to work on /workspaces/meu-primeiro-etl-airflow/airflow/dags/dag_contagem_linhas.py
[2026-05-27T14:41:17.737+0000] {processor.py:914} INFO - Processing file /workspaces/meu-primeiro-etl-airflow/airflow/dags/dag_contagem_linhas.py for tasks to queue
[2026-05-27T14:41:17.738+0000] {logging_mixin.py:190} INFO - [2026-05-27T14:41:17.738+0000] {dagbag.py:588} INFO - Filling up the DagBag from /workspaces/meu-primeiro-etl-airflow/airflow/dags/dag_contagem_linhas.py
[2026-05-27T14:41:17.746+0000] {processor.py:925} INFO - DAG(s) 'contagem_linhas_dag' retrieved from /workspaces/meu-primeiro-etl-airflow/airflow/dags/dag_contagem_linhas.py
[2026-05-27T14:41:17.764+0000] {logging_mixin.py:190} INFO - [2026-05-27T14:41:17.764+0000] {dag.py:3239} INFO - Sync 1 DAGs
[2026-05-27T14:41:17.775+0000] {logging_mixin.py:190} INFO - [2026-05-27T14:41:17.775+0000] {dag.py:4180} INFO - Setting next_dagrun for contagem_linhas_dag to None, run_after=None
[2026-05-27T14:41:17.792+0000] {processor.py:208} INFO - Processing /workspaces/meu-primeiro-etl-airflow/airflow/dags/dag_contagem_linhas.py took 0.063 seconds
[2026-05-27T14:41:49.274+0000] {processor.py:186} INFO - Started process (PID=30068) to work on /workspaces/meu-primeiro-etl-airflow/airflow/dags/dag_contagem_linhas.py
[2026-05-27T14:41:49.275+0000] {processor.py:914} INFO - Processing file /workspaces/meu-primeiro-etl-airflow/airflow/dags/dag_contagem_linhas.py for tasks to queue
[2026-05-27T14:41:49.276+0000] {logging_mixin.py:190} INFO - [2026-05-27T14:41:49.276+0000] {dagbag.py:588} INFO - Filling up the DagBag from /workspaces/meu-primeiro-etl-airflow/airflow/dags/dag_contagem_linhas.py
[2026-05-27T14:41:49.283+0000] {processor.py:925} INFO - DAG(s) 'contagem_linhas_dag' retrieved from /workspaces/meu-primeiro-etl-airflow/airflow/dags/dag_contagem_linhas.py
[2026-05-27T14:41:49.301+0000] {logging_mixin.py:190} INFO - [2026-05-27T14:41:49.300+0000] {dag.py:3239} INFO - Sync 1 DAGs
[2026-05-27T14:41:49.313+0000] {logging_mixin.py:190} INFO - [2026-05-27T14:41:49.313+0000] {dag.py:4180} INFO - Setting next_dagrun for contagem_linhas_dag to None, run_after=None
[2026-05-27T14:41:49.331+0000] {processor.py:208} INFO - Processing /workspaces/meu-primeiro-etl-airflow/airflow/dags/dag_contagem_linhas.py took 0.062 seconds
[2026-05-27T14:42:19.485+0000] {processor.py:186} INFO - Started process (PID=30364) to work on /workspaces/meu-primeiro-etl-airflow/airflow/dags/dag_contagem_linhas.py
[2026-05-27T14:42:19.485+0000] {processor.py:914} INFO - Processing file /workspaces/meu-primeiro-etl-airflow/airflow/dags/dag_contagem_linhas.py for tasks to queue
[2026-05-27T14:42:19.486+0000] {logging_mixin.py:190} INFO - [2026-05-27T14:42:19.486+0000] {dagbag.py:588} INFO - Filling up the DagBag from /workspaces/meu-primeiro-etl-airflow/airflow/dags/dag_contagem_linhas.py
[2026-05-27T14:42:19.494+0000] {processor.py:925} INFO - DAG(s) 'contagem_linhas_dag' retrieved from /workspaces/meu-primeiro-etl-airflow/airflow/dags/dag_contagem_linhas.py
[2026-05-27T14:42:19.517+0000] {logging_mixin.py:190} INFO - [2026-05-27T14:42:19.516+0000] {dag.py:3239} INFO - Sync 1 DAGs
[2026-05-27T14:42:19.529+0000] {logging_mixin.py:190} INFO - [2026-05-27T14:42:19.529+0000] {dag.py:4180} INFO - Setting next_dagrun for contagem_linhas_dag to None, run_after=None
[2026-05-27T14:42:19.547+0000] {processor.py:208} INFO - Processing /workspaces/meu-primeiro-etl-airflow/airflow/dags/dag_contagem_linhas.py took 0.068 seconds
[2026-05-27T14:42:51.373+0000] {processor.py:186} INFO - Started process (PID=30633) to work on /workspaces/meu-primeiro-etl-airflow/airflow/dags/dag_contagem_linhas.py
[2026-05-27T14:42:51.376+0000] {processor.py:914} INFO - Processing file /workspaces/meu-primeiro-etl-airflow/airflow/dags/dag_contagem_linhas.py for tasks to queue
[2026-05-27T14:42:51.378+0000] {logging_mixin.py:190} INFO - [2026-05-27T14:42:51.377+0000] {dagbag.py:588} INFO - Filling up the DagBag from /workspaces/meu-primeiro-etl-airflow/airflow/dags/dag_contagem_linhas.py
[2026-05-27T14:42:51.394+0000] {processor.py:925} INFO - DAG(s) 'contagem_linhas_dag' retrieved from /workspaces/meu-primeiro-etl-airflow/airflow/dags/dag_contagem_linhas.py
[2026-05-27T14:42:51.423+0000] {logging_mixin.py:190} INFO - [2026-05-27T14:42:51.423+0000] {dag.py:3239} INFO - Sync 1 DAGs
[2026-05-27T14:42:51.435+0000] {logging_mixin.py:190} INFO - [2026-05-27T14:42:51.435+0000] {dag.py:4180} INFO - Setting next_dagrun for contagem_linhas_dag to None, run_after=None
[2026-05-27T14:42:51.452+0000] {processor.py:208} INFO - Processing /workspaces/meu-primeiro-etl-airflow/airflow/dags/dag_contagem_linhas.py took 0.088 seconds
[2026-05-27T14:43:22.499+0000] {processor.py:186} INFO - Started process (PID=30991) to work on /workspaces/meu-primeiro-etl-airflow/airflow/dags/dag_contagem_linhas.py
[2026-05-27T14:43:22.500+0000] {processor.py:914} INFO - Processing file /workspaces/meu-primeiro-etl-airflow/airflow/dags/dag_contagem_linhas.py for tasks to queue
[2026-05-27T14:43:22.501+0000] {logging_mixin.py:190} INFO - [2026-05-27T14:43:22.501+0000] {dagbag.py:588} INFO - Filling up the DagBag from /workspaces/meu-primeiro-etl-airflow/airflow/dags/dag_contagem_linhas.py
[2026-05-27T14:43:22.510+0000] {processor.py:925} INFO - DAG(s) 'contagem_linhas_dag' retrieved from /workspaces/meu-primeiro-etl-airflow/airflow/dags/dag_contagem_linhas.py
[2026-05-27T14:43:22.533+0000] {logging_mixin.py:190} INFO - [2026-05-27T14:43:22.533+0000] {dag.py:3239} INFO - Sync 1 DAGs
[2026-05-27T14:43:22.543+0000] {logging_mixin.py:190} INFO - [2026-05-27T14:43:22.543+0000] {dag.py:4180} INFO - Setting next_dagrun for contagem_linhas_dag to None, run_after=None
[2026-05-27T14:43:22.560+0000] {processor.py:208} INFO - Processing /workspaces/meu-primeiro-etl-airflow/airflow/dags/dag_contagem_linhas.py took 0.066 seconds
[2026-05-27T14:43:57.171+0000] {processor.py:186} INFO - Started process (PID=31372) to work on /workspaces/meu-primeiro-etl-airflow/airflow/dags/dag_contagem_linhas.py
[2026-05-27T14:43:57.207+0000] {processor.py:914} INFO - Processing file /workspaces/meu-primeiro-etl-airflow/airflow/dags/dag_contagem_linhas.py for tasks to queue
[2026-05-27T14:43:57.217+0000] {logging_mixin.py:190} INFO - [2026-05-27T14:43:57.208+0000] {dagbag.py:588} INFO - Filling up the DagBag from /workspaces/meu-primeiro-etl-airflow/airflow/dags/dag_contagem_linhas.py
[2026-05-27T14:43:57.334+0000] {processor.py:925} INFO - DAG(s) 'contagem_linhas_dag' retrieved from /workspaces/meu-primeiro-etl-airflow/airflow/dags/dag_contagem_linhas.py
[2026-05-27T14:43:57.513+0000] {logging_mixin.py:190} INFO - [2026-05-27T14:43:57.513+0000] {dag.py:3239} INFO - Sync 1 DAGs
[2026-05-27T14:43:57.607+0000] {logging_mixin.py:190} INFO - [2026-05-27T14:43:57.606+0000] {dag.py:4180} INFO - Setting next_dagrun for contagem_linhas_dag to None, run_after=None
[2026-05-27T14:43:57.644+0000] {processor.py:208} INFO - Processing /workspaces/meu-primeiro-etl-airflow/airflow/dags/dag_contagem_linhas.py took 0.511 seconds
[2026-05-27T14:44:28.919+0000] {processor.py:186} INFO - Started process (PID=31895) to work on /workspaces/meu-primeiro-etl-airflow/airflow/dags/dag_contagem_linhas.py
[2026-05-27T14:44:28.920+0000] {processor.py:914} INFO - Processing file /workspaces/meu-primeiro-etl-airflow/airflow/dags/dag_contagem_linhas.py for tasks to queue
[2026-05-27T14:44:28.922+0000] {logging_mixin.py:190} INFO - [2026-05-27T14:44:28.922+0000] {dagbag.py:588} INFO - Filling up the DagBag from /workspaces/meu-primeiro-etl-airflow/airflow/dags/dag_contagem_linhas.py
[2026-05-27T14:44:28.933+0000] {processor.py:925} INFO - DAG(s) 'contagem_linhas_dag' retrieved from /workspaces/meu-primeiro-etl-airflow/airflow/dags/dag_contagem_linhas.py
[2026-05-27T14:44:28.953+0000] {logging_mixin.py:190} INFO - [2026-05-27T14:44:28.953+0000] {dag.py:3239} INFO - Sync 1 DAGs
[2026-05-27T14:44:28.964+0000] {logging_mixin.py:190} INFO - [2026-05-27T14:44:28.964+0000] {dag.py:4180} INFO - Setting next_dagrun for contagem_linhas_dag to None, run_after=None
[2026-05-27T14:44:29.073+0000] {processor.py:208} INFO - Processing /workspaces/meu-primeiro-etl-airflow/airflow/dags/dag_contagem_linhas.py took 0.161 seconds
[2026-05-27T14:45:01.285+0000] {processor.py:186} INFO - Started process (PID=32369) to work on /workspaces/meu-primeiro-etl-airflow/airflow/dags/dag_contagem_linhas.py
[2026-05-27T14:45:01.287+0000] {processor.py:914} INFO - Processing file /workspaces/meu-primeiro-etl-airflow/airflow/dags/dag_contagem_linhas.py for tasks to queue
[2026-05-27T14:45:01.288+0000] {logging_mixin.py:190} INFO - [2026-05-27T14:45:01.288+0000] {dagbag.py:588} INFO - Filling up the DagBag from /workspaces/meu-primeiro-etl-airflow/airflow/dags/dag_contagem_linhas.py
[2026-05-27T14:45:01.297+0000] {processor.py:925} INFO - DAG(s) 'contagem_linhas_dag' retrieved from /workspaces/meu-primeiro-etl-airflow/airflow/dags/dag_contagem_linhas.py
[2026-05-27T14:45:01.318+0000] {logging_mixin.py:190} INFO - [2026-05-27T14:45:01.318+0000] {dag.py:3239} INFO - Sync 1 DAGs
[2026-05-27T14:45:01.428+0000] {logging_mixin.py:190} INFO - [2026-05-27T14:45:01.428+0000] {dag.py:4180} INFO - Setting next_dagrun for contagem_linhas_dag to None, run_after=None
[2026-05-27T14:45:01.467+0000] {processor.py:208} INFO - Processing /workspaces/meu-primeiro-etl-airflow/airflow/dags/dag_contagem_linhas.py took 0.188 seconds
[2026-05-27T14:45:31.937+0000] {processor.py:186} INFO - Started process (PID=32820) to work on /workspaces/meu-primeiro-etl-airflow/airflow/dags/dag_contagem_linhas.py
[2026-05-27T14:45:31.938+0000] {processor.py:914} INFO - Processing file /workspaces/meu-primeiro-etl-airflow/airflow/dags/dag_contagem_linhas.py for tasks to queue
[2026-05-27T14:45:31.939+0000] {logging_mixin.py:190} INFO - [2026-05-27T14:45:31.938+0000] {dagbag.py:588} INFO - Filling up the DagBag from /workspaces/meu-primeiro-etl-airflow/airflow/dags/dag_contagem_linhas.py
[2026-05-27T14:45:31.946+0000] {processor.py:925} INFO - DAG(s) 'contagem_linhas_dag' retrieved from /workspaces/meu-primeiro-etl-airflow/airflow/dags/dag_contagem_linhas.py
[2026-05-27T14:45:31.965+0000] {logging_mixin.py:190} INFO - [2026-05-27T14:45:31.965+0000] {dag.py:3239} INFO - Sync 1 DAGs
[2026-05-27T14:45:32.079+0000] {logging_mixin.py:190} INFO - [2026-05-27T14:45:32.079+0000] {dag.py:4180} INFO - Setting next_dagrun for contagem_linhas_dag to None, run_after=None
[2026-05-27T14:45:32.096+0000] {processor.py:208} INFO - Processing /workspaces/meu-primeiro-etl-airflow/airflow/dags/dag_contagem_linhas.py took 0.166 seconds
[2026-05-27T14:46:06.031+0000] {processor.py:186} INFO - Started process (PID=33060) to work on /workspaces/meu-primeiro-etl-airflow/airflow/dags/dag_contagem_linhas.py
[2026-05-27T14:46:06.032+0000] {processor.py:914} INFO - Processing file /workspaces/meu-primeiro-etl-airflow/airflow/dags/dag_contagem_linhas.py for tasks to queue
[2026-05-27T14:46:06.034+0000] {logging_mixin.py:190} INFO - [2026-05-27T14:46:06.033+0000] {dagbag.py:588} INFO - Filling up the DagBag from /workspaces/meu-primeiro-etl-airflow/airflow/dags/dag_contagem_linhas.py
[2026-05-27T14:46:06.043+0000] {processor.py:925} INFO - DAG(s) 'contagem_linhas_dag' retrieved from /workspaces/meu-primeiro-etl-airflow/airflow/dags/dag_contagem_linhas.py
[2026-05-27T14:46:06.159+0000] {logging_mixin.py:190} INFO - [2026-05-27T14:46:06.159+0000] {dag.py:3239} INFO - Sync 1 DAGs
[2026-05-27T14:46:06.167+0000] {logging_mixin.py:190} INFO - [2026-05-27T14:46:06.167+0000] {dag.py:4180} INFO - Setting next_dagrun for contagem_linhas_dag to None, run_after=None
[2026-05-27T14:46:06.182+0000] {processor.py:208} INFO - Processing /workspaces/meu-primeiro-etl-airflow/airflow/dags/dag_contagem_linhas.py took 0.159 seconds
[2026-05-27T14:46:37.047+0000] {processor.py:186} INFO - Started process (PID=33342) to work on /workspaces/meu-primeiro-etl-airflow/airflow/dags/dag_contagem_linhas.py
[2026-05-27T14:46:37.048+0000] {processor.py:914} INFO - Processing file /workspaces/meu-primeiro-etl-airflow/airflow/dags/dag_contagem_linhas.py for tasks to queue
[2026-05-27T14:46:37.049+0000] {logging_mixin.py:190} INFO - [2026-05-27T14:46:37.049+0000] {dagbag.py:588} INFO - Filling up the DagBag from /workspaces/meu-primeiro-etl-airflow/airflow/dags/dag_contagem_linhas.py
[2026-05-27T14:46:37.058+0000] {processor.py:925} INFO - DAG(s) 'contagem_linhas_dag' retrieved from /workspaces/meu-primeiro-etl-airflow/airflow/dags/dag_contagem_linhas.py
[2026-05-27T14:46:37.186+0000] {logging_mixin.py:190} INFO - [2026-05-27T14:46:37.186+0000] {dag.py:3239} INFO - Sync 1 DAGs
[2026-05-27T14:46:37.194+0000] {logging_mixin.py:190} INFO - [2026-05-27T14:46:37.193+0000] {dag.py:4180} INFO - Setting next_dagrun for contagem_linhas_dag to None, run_after=None
[2026-05-27T14:46:37.209+0000] {processor.py:208} INFO - Processing /workspaces/meu-primeiro-etl-airflow/airflow/dags/dag_contagem_linhas.py took 0.167 seconds
[2026-05-27T14:47:08.451+0000] {processor.py:186} INFO - Started process (PID=33554) to work on /workspaces/meu-primeiro-etl-airflow/airflow/dags/dag_contagem_linhas.py
[2026-05-27T14:47:08.452+0000] {processor.py:914} INFO - Processing file /workspaces/meu-primeiro-etl-airflow/airflow/dags/dag_contagem_linhas.py for tasks to queue
[2026-05-27T14:47:08.554+0000] {logging_mixin.py:190} INFO - [2026-05-27T14:47:08.553+0000] {dagbag.py:588} INFO - Filling up the DagBag from /workspaces/meu-primeiro-etl-airflow/airflow/dags/dag_contagem_linhas.py
[2026-05-27T14:47:08.559+0000] {processor.py:925} INFO - DAG(s) 'contagem_linhas_dag' retrieved from /workspaces/meu-primeiro-etl-airflow/airflow/dags/dag_contagem_linhas.py
[2026-05-27T14:47:08.573+0000] {logging_mixin.py:190} INFO - [2026-05-27T14:47:08.573+0000] {dag.py:3239} INFO - Sync 1 DAGs
[2026-05-27T14:47:08.583+0000] {logging_mixin.py:190} INFO - [2026-05-27T14:47:08.583+0000] {dag.py:4180} INFO - Setting next_dagrun for contagem_linhas_dag to None, run_after=None
[2026-05-27T14:47:08.606+0000] {processor.py:208} INFO - Processing /workspaces/meu-primeiro-etl-airflow/airflow/dags/dag_contagem_linhas.py took 0.160 seconds
[2026-05-27T14:47:40.652+0000] {processor.py:186} INFO - Started process (PID=34016) to work on /workspaces/meu-primeiro-etl-airflow/airflow/dags/dag_contagem_linhas.py
[2026-05-27T14:47:40.653+0000] {processor.py:914} INFO - Processing file /workspaces/meu-primeiro-etl-airflow/airflow/dags/dag_contagem_linhas.py for tasks to queue
[2026-05-27T14:47:40.655+0000] {logging_mixin.py:190} INFO - [2026-05-27T14:47:40.654+0000] {dagbag.py:588} INFO - Filling up the DagBag from /workspaces/meu-primeiro-etl-airflow/airflow/dags/dag_contagem_linhas.py
[2026-05-27T14:47:40.665+0000] {processor.py:925} INFO - DAG(s) 'contagem_linhas_dag' retrieved from /workspaces/meu-primeiro-etl-airflow/airflow/dags/dag_contagem_linhas.py
[2026-05-27T14:47:40.692+0000] {logging_mixin.py:190} INFO - [2026-05-27T14:47:40.692+0000] {dag.py:3239} INFO - Sync 1 DAGs
[2026-05-27T14:47:40.712+0000] {logging_mixin.py:190} INFO - [2026-05-27T14:47:40.711+0000] {dag.py:4180} INFO - Setting next_dagrun for contagem_linhas_dag to None, run_after=None
[2026-05-27T14:47:40.832+0000] {processor.py:208} INFO - Processing /workspaces/meu-primeiro-etl-airflow/airflow/dags/dag_contagem_linhas.py took 0.189 seconds
[2026-05-27T14:48:18.373+0000] {processor.py:186} INFO - Started process (PID=34781) to work on /workspaces/meu-primeiro-etl-airflow/airflow/dags/dag_contagem_linhas.py
[2026-05-27T14:48:18.374+0000] {processor.py:914} INFO - Processing file /workspaces/meu-primeiro-etl-airflow/airflow/dags/dag_contagem_linhas.py for tasks to queue
[2026-05-27T14:48:18.375+0000] {logging_mixin.py:190} INFO - [2026-05-27T14:48:18.375+0000] {dagbag.py:588} INFO - Filling up the DagBag from /workspaces/meu-primeiro-etl-airflow/airflow/dags/dag_contagem_linhas.py
[2026-05-27T14:48:18.385+0000] {processor.py:925} INFO - DAG(s) 'contagem_linhas_dag' retrieved from /workspaces/meu-primeiro-etl-airflow/airflow/dags/dag_contagem_linhas.py
[2026-05-27T14:48:18.406+0000] {logging_mixin.py:190} INFO - [2026-05-27T14:48:18.406+0000] {dag.py:3239} INFO - Sync 1 DAGs
[2026-05-27T14:48:18.420+0000] {logging_mixin.py:190} INFO - [2026-05-27T14:48:18.419+0000] {dag.py:4180} INFO - Setting next_dagrun for contagem_linhas_dag to None, run_after=None
[2026-05-27T14:48:18.437+0000] {processor.py:208} INFO - Processing /workspaces/meu-primeiro-etl-airflow/airflow/dags/dag_contagem_linhas.py took 0.071 seconds
[2026-05-27T14:48:50.138+0000] {processor.py:186} INFO - Started process (PID=35290) to work on /workspaces/meu-primeiro-etl-airflow/airflow/dags/dag_contagem_linhas.py
[2026-05-27T14:48:50.138+0000] {processor.py:914} INFO - Processing file /workspaces/meu-primeiro-etl-airflow/airflow/dags/dag_contagem_linhas.py for tasks to queue
[2026-05-27T14:48:50.139+0000] {logging_mixin.py:190} INFO - [2026-05-27T14:48:50.139+0000] {dagbag.py:588} INFO - Filling up the DagBag from /workspaces/meu-primeiro-etl-airflow/airflow/dags/dag_contagem_linhas.py
[2026-05-27T14:48:50.147+0000] {processor.py:925} INFO - DAG(s) 'contagem_linhas_dag' retrieved from /workspaces/meu-primeiro-etl-airflow/airflow/dags/dag_contagem_linhas.py
[2026-05-27T14:48:50.164+0000] {logging_mixin.py:190} INFO - [2026-05-27T14:48:50.164+0000] {dag.py:3239} INFO - Sync 1 DAGs
[2026-05-27T14:48:50.174+0000] {logging_mixin.py:190} INFO - [2026-05-27T14:48:50.174+0000] {dag.py:4180} INFO - Setting next_dagrun for contagem_linhas_dag to None, run_after=None
[2026-05-27T14:48:50.191+0000] {processor.py:208} INFO - Processing /workspaces/meu-primeiro-etl-airflow/airflow/dags/dag_contagem_linhas.py took 0.060 seconds
[2026-05-27T14:49:20.670+0000] {processor.py:186} INFO - Started process (PID=35562) to work on /workspaces/meu-primeiro-etl-airflow/airflow/dags/dag_contagem_linhas.py
[2026-05-27T14:49:20.671+0000] {processor.py:914} INFO - Processing file /workspaces/meu-primeiro-etl-airflow/airflow/dags/dag_contagem_linhas.py for tasks to queue
[2026-05-27T14:49:20.673+0000] {logging_mixin.py:190} INFO - [2026-05-27T14:49:20.672+0000] {dagbag.py:588} INFO - Filling up the DagBag from /workspaces/meu-primeiro-etl-airflow/airflow/dags/dag_contagem_linhas.py
[2026-05-27T14:49:20.685+0000] {processor.py:925} INFO - DAG(s) 'contagem_linhas_dag' retrieved from /workspaces/meu-primeiro-etl-airflow/airflow/dags/dag_contagem_linhas.py
[2026-05-27T14:49:20.715+0000] {logging_mixin.py:190} INFO - [2026-05-27T14:49:20.714+0000] {dag.py:3239} INFO - Sync 1 DAGs
[2026-05-27T14:49:20.733+0000] {logging_mixin.py:190} INFO - [2026-05-27T14:49:20.733+0000] {dag.py:4180} INFO - Setting next_dagrun for contagem_linhas_dag to None, run_after=None
[2026-05-27T14:49:20.793+0000] {processor.py:208} INFO - Processing /workspaces/meu-primeiro-etl-airflow/airflow/dags/dag_contagem_linhas.py took 0.138 seconds
[2026-05-27T14:50:01.405+0000] {processor.py:186} INFO - Started process (PID=36273) to work on /workspaces/meu-primeiro-etl-airflow/airflow/dags/dag_contagem_linhas.py
[2026-05-27T14:50:01.406+0000] {processor.py:914} INFO - Processing file /workspaces/meu-primeiro-etl-airflow/airflow/dags/dag_contagem_linhas.py for tasks to queue
[2026-05-27T14:50:01.408+0000] {logging_mixin.py:190} INFO - [2026-05-27T14:50:01.407+0000] {dagbag.py:588} INFO - Filling up the DagBag from /workspaces/meu-primeiro-etl-airflow/airflow/dags/dag_contagem_linhas.py
[2026-05-27T14:50:01.422+0000] {processor.py:925} INFO - DAG(s) 'contagem_linhas_dag' retrieved from /workspaces/meu-primeiro-etl-airflow/airflow/dags/dag_contagem_linhas.py
[2026-05-27T14:50:01.446+0000] {logging_mixin.py:190} INFO - [2026-05-27T14:50:01.446+0000] {dag.py:3239} INFO - Sync 1 DAGs
[2026-05-27T14:50:01.470+0000] {logging_mixin.py:190} INFO - [2026-05-27T14:50:01.469+0000] {dag.py:4180} INFO - Setting next_dagrun for contagem_linhas_dag to None, run_after=None
[2026-05-27T14:50:01.498+0000] {processor.py:208} INFO - Processing /workspaces/meu-primeiro-etl-airflow/airflow/dags/dag_contagem_linhas.py took 0.101 seconds
[2026-05-27T14:50:32.535+0000] {processor.py:186} INFO - Started process (PID=36845) to work on /workspaces/meu-primeiro-etl-airflow/airflow/dags/dag_contagem_linhas.py
[2026-05-27T14:50:32.535+0000] {processor.py:914} INFO - Processing file /workspaces/meu-primeiro-etl-airflow/airflow/dags/dag_contagem_linhas.py for tasks to queue
[2026-05-27T14:50:32.536+0000] {logging_mixin.py:190} INFO - [2026-05-27T14:50:32.536+0000] {dagbag.py:588} INFO - Filling up the DagBag from /workspaces/meu-primeiro-etl-airflow/airflow/dags/dag_contagem_linhas.py
[2026-05-27T14:50:32.544+0000] {processor.py:925} INFO - DAG(s) 'contagem_linhas_dag' retrieved from /workspaces/meu-primeiro-etl-airflow/airflow/dags/dag_contagem_linhas.py
[2026-05-27T14:50:32.563+0000] {logging_mixin.py:190} INFO - [2026-05-27T14:50:32.563+0000] {dag.py:3239} INFO - Sync 1 DAGs
[2026-05-27T14:50:32.573+0000] {logging_mixin.py:190} INFO - [2026-05-27T14:50:32.573+0000] {dag.py:4180} INFO - Setting next_dagrun for contagem_linhas_dag to None, run_after=None
[2026-05-27T14:50:32.589+0000] {processor.py:208} INFO - Processing /workspaces/meu-primeiro-etl-airflow/airflow/dags/dag_contagem_linhas.py took 0.060 seconds
[2026-05-27T14:51:03.839+0000] {processor.py:186} INFO - Started process (PID=37357) to work on /workspaces/meu-primeiro-etl-airflow/airflow/dags/dag_contagem_linhas.py
[2026-05-27T14:51:03.841+0000] {processor.py:914} INFO - Processing file /workspaces/meu-primeiro-etl-airflow/airflow/dags/dag_contagem_linhas.py for tasks to queue
[2026-05-27T14:51:03.844+0000] {logging_mixin.py:190} INFO - [2026-05-27T14:51:03.842+0000] {dagbag.py:588} INFO - Filling up the DagBag from /workspaces/meu-primeiro-etl-airflow/airflow/dags/dag_contagem_linhas.py
[2026-05-27T14:51:03.861+0000] {processor.py:925} INFO - DAG(s) 'contagem_linhas_dag' retrieved from /workspaces/meu-primeiro-etl-airflow/airflow/dags/dag_contagem_linhas.py
[2026-05-27T14:51:03.889+0000] {logging_mixin.py:190} INFO - [2026-05-27T14:51:03.889+0000] {dag.py:3239} INFO - Sync 1 DAGs
[2026-05-27T14:51:03.921+0000] {logging_mixin.py:190} INFO - [2026-05-27T14:51:03.921+0000] {dag.py:4180} INFO - Setting next_dagrun for contagem_linhas_dag to None, run_after=None
[2026-05-27T14:51:03.975+0000] {processor.py:208} INFO - Processing /workspaces/meu-primeiro-etl-airflow/airflow/dags/dag_contagem_linhas.py took 0.154 seconds
[2026-05-27T14:51:34.340+0000] {processor.py:186} INFO - Started process (PID=37763) to work on /workspaces/meu-primeiro-etl-airflow/airflow/dags/dag_contagem_linhas.py
[2026-05-27T14:51:34.340+0000] {processor.py:914} INFO - Processing file /workspaces/meu-primeiro-etl-airflow/airflow/dags/dag_contagem_linhas.py for tasks to queue
[2026-05-27T14:51:34.342+0000] {logging_mixin.py:190} INFO - [2026-05-27T14:51:34.341+0000] {dagbag.py:588} INFO - Filling up the DagBag from /workspaces/meu-primeiro-etl-airflow/airflow/dags/dag_contagem_linhas.py
[2026-05-27T14:51:34.350+0000] {processor.py:925} INFO - DAG(s) 'contagem_linhas_dag' retrieved from /workspaces/meu-primeiro-etl-airflow/airflow/dags/dag_contagem_linhas.py
[2026-05-27T14:51:34.369+0000] {logging_mixin.py:190} INFO - [2026-05-27T14:51:34.369+0000] {dag.py:3239} INFO - Sync 1 DAGs
[2026-05-27T14:51:34.380+0000] {logging_mixin.py:190} INFO - [2026-05-27T14:51:34.380+0000] {dag.py:4180} INFO - Setting next_dagrun for contagem_linhas_dag to None, run_after=None
[2026-05-27T14:51:34.397+0000] {processor.py:208} INFO - Processing /workspaces/meu-primeiro-etl-airflow/airflow/dags/dag_contagem_linhas.py took 0.065 seconds
[2026-05-27T14:52:07.284+0000] {processor.py:186} INFO - Started process (PID=38426) to work on /workspaces/meu-primeiro-etl-airflow/airflow/dags/dag_contagem_linhas.py
[2026-05-27T14:52:07.284+0000] {processor.py:914} INFO - Processing file /workspaces/meu-primeiro-etl-airflow/airflow/dags/dag_contagem_linhas.py for tasks to queue
[2026-05-27T14:52:07.286+0000] {logging_mixin.py:190} INFO - [2026-05-27T14:52:07.285+0000] {dagbag.py:588} INFO - Filling up the DagBag from /workspaces/meu-primeiro-etl-airflow/airflow/dags/dag_contagem_linhas.py
[2026-05-27T14:52:07.296+0000] {processor.py:925} INFO - DAG(s) 'contagem_linhas_dag' retrieved from /workspaces/meu-primeiro-etl-airflow/airflow/dags/dag_contagem_linhas.py
[2026-05-27T14:52:07.321+0000] {logging_mixin.py:190} INFO - [2026-05-27T14:52:07.321+0000] {dag.py:3239} INFO - Sync 1 DAGs
[2026-05-27T14:52:07.336+0000] {logging_mixin.py:190} INFO - [2026-05-27T14:52:07.336+0000] {dag.py:4180} INFO - Setting next_dagrun for contagem_linhas_dag to None, run_after=None
[2026-05-27T14:52:07.361+0000] {processor.py:208} INFO - Processing /workspaces/meu-primeiro-etl-airflow/airflow/dags/dag_contagem_linhas.py took 0.083 seconds
[2026-05-27T14:52:38.735+0000] {processor.py:186} INFO - Started process (PID=38950) to work on /workspaces/meu-primeiro-etl-airflow/airflow/dags/dag_contagem_linhas.py
[2026-05-27T14:52:38.736+0000] {processor.py:914} INFO - Processing file /workspaces/meu-primeiro-etl-airflow/airflow/dags/dag_contagem_linhas.py for tasks to queue
[2026-05-27T14:52:38.737+0000] {logging_mixin.py:190} INFO - [2026-05-27T14:52:38.737+0000] {dagbag.py:588} INFO - Filling up the DagBag from /workspaces/meu-primeiro-etl-airflow/airflow/dags/dag_contagem_linhas.py
[2026-05-27T14:52:38.746+0000] {processor.py:925} INFO - DAG(s) 'contagem_linhas_dag' retrieved from /workspaces/meu-primeiro-etl-airflow/airflow/dags/dag_contagem_linhas.py
[2026-05-27T14:52:38.764+0000] {logging_mixin.py:190} INFO - [2026-05-27T14:52:38.764+0000] {dag.py:3239} INFO - Sync 1 DAGs
[2026-05-27T14:52:38.776+0000] {logging_mixin.py:190} INFO - [2026-05-27T14:52:38.776+0000] {dag.py:4180} INFO - Setting next_dagrun for contagem_linhas_dag to None, run_after=None
[2026-05-27T14:52:38.794+0000] {processor.py:208} INFO - Processing /workspaces/meu-primeiro-etl-airflow/airflow/dags/dag_contagem_linhas.py took 0.065 seconds
[2026-05-27T14:53:16.014+0000] {processor.py:186} INFO - Started process (PID=39556) to work on /workspaces/meu-primeiro-etl-airflow/airflow/dags/dag_contagem_linhas.py
[2026-05-27T14:53:16.015+0000] {processor.py:914} INFO - Processing file /workspaces/meu-primeiro-etl-airflow/airflow/dags/dag_contagem_linhas.py for tasks to queue
[2026-05-27T14:53:16.017+0000] {logging_mixin.py:190} INFO - [2026-05-27T14:53:16.016+0000] {dagbag.py:588} INFO - Filling up the DagBag from /workspaces/meu-primeiro-etl-airflow/airflow/dags/dag_contagem_linhas.py
[2026-05-27T14:53:16.027+0000] {processor.py:925} INFO - DAG(s) 'contagem_linhas_dag' retrieved from /workspaces/meu-primeiro-etl-airflow/airflow/dags/dag_contagem_linhas.py
[2026-05-27T14:53:16.046+0000] {logging_mixin.py:190} INFO - [2026-05-27T14:53:16.046+0000] {dag.py:3239} INFO - Sync 1 DAGs
[2026-05-27T14:53:16.057+0000] {logging_mixin.py:190} INFO - [2026-05-27T14:53:16.057+0000] {dag.py:4180} INFO - Setting next_dagrun for contagem_linhas_dag to None, run_after=None
[2026-05-27T14:53:16.076+0000] {processor.py:208} INFO - Processing /workspaces/meu-primeiro-etl-airflow/airflow/dags/dag_contagem_linhas.py took 0.072 seconds
[2026-05-27T14:53:46.547+0000] {processor.py:186} INFO - Started process (PID=40155) to work on /workspaces/meu-primeiro-etl-airflow/airflow/dags/dag_contagem_linhas.py
[2026-05-27T14:53:46.547+0000] {processor.py:914} INFO - Processing file /workspaces/meu-primeiro-etl-airflow/airflow/dags/dag_contagem_linhas.py for tasks to queue
[2026-05-27T14:53:46.548+0000] {logging_mixin.py:190} INFO - [2026-05-27T14:53:46.548+0000] {dagbag.py:588} INFO - Filling up the DagBag from /workspaces/meu-primeiro-etl-airflow/airflow/dags/dag_contagem_linhas.py
[2026-05-27T14:53:46.557+0000] {processor.py:925} INFO - DAG(s) 'contagem_linhas_dag' retrieved from /workspaces/meu-primeiro-etl-airflow/airflow/dags/dag_contagem_linhas.py
[2026-05-27T14:53:46.575+0000] {logging_mixin.py:190} INFO - [2026-05-27T14:53:46.575+0000] {dag.py:3239} INFO - Sync 1 DAGs
[2026-05-27T14:53:46.585+0000] {logging_mixin.py:190} INFO - [2026-05-27T14:53:46.585+0000] {dag.py:4180} INFO - Setting next_dagrun for contagem_linhas_dag to None, run_after=None
[2026-05-27T14:53:46.604+0000] {processor.py:208} INFO - Processing /workspaces/meu-primeiro-etl-airflow/airflow/dags/dag_contagem_linhas.py took 0.064 seconds
[2026-05-27T14:54:17.085+0000] {processor.py:186} INFO - Started process (PID=40381) to work on /workspaces/meu-primeiro-etl-airflow/airflow/dags/dag_contagem_linhas.py
[2026-05-27T14:54:17.088+0000] {processor.py:914} INFO - Processing file /workspaces/meu-primeiro-etl-airflow/airflow/dags/dag_contagem_linhas.py for tasks to queue
[2026-05-27T14:54:17.090+0000] {logging_mixin.py:190} INFO - [2026-05-27T14:54:17.089+0000] {dagbag.py:588} INFO - Filling up the DagBag from /workspaces/meu-primeiro-etl-airflow/airflow/dags/dag_contagem_linhas.py
[2026-05-27T14:54:17.098+0000] {processor.py:925} INFO - DAG(s) 'contagem_linhas_dag' retrieved from /workspaces/meu-primeiro-etl-airflow/airflow/dags/dag_contagem_linhas.py
[2026-05-27T14:54:17.120+0000] {logging_mixin.py:190} INFO - [2026-05-27T14:54:17.119+0000] {dag.py:3239} INFO - Sync 1 DAGs
[2026-05-27T14:54:17.133+0000] {logging_mixin.py:190} INFO - [2026-05-27T14:54:17.132+0000] {dag.py:4180} INFO - Setting next_dagrun for contagem_linhas_dag to None, run_after=None
[2026-05-27T14:54:17.150+0000] {processor.py:208} INFO - Processing /workspaces/meu-primeiro-etl-airflow/airflow/dags/dag_contagem_linhas.py took 0.079 seconds
[2026-05-27T14:54:48.964+0000] {processor.py:186} INFO - Started process (PID=40630) to work on /workspaces/meu-primeiro-etl-airflow/airflow/dags/dag_contagem_linhas.py
[2026-05-27T14:54:48.965+0000] {processor.py:914} INFO - Processing file /workspaces/meu-primeiro-etl-airflow/airflow/dags/dag_contagem_linhas.py for tasks to queue
[2026-05-27T14:54:48.966+0000] {logging_mixin.py:190} INFO - [2026-05-27T14:54:48.965+0000] {dagbag.py:588} INFO - Filling up the DagBag from /workspaces/meu-primeiro-etl-airflow/airflow/dags/dag_contagem_linhas.py
[2026-05-27T14:54:48.975+0000] {processor.py:925} INFO - DAG(s) 'contagem_linhas_dag' retrieved from /workspaces/meu-primeiro-etl-airflow/airflow/dags/dag_contagem_linhas.py
[2026-05-27T14:54:48.997+0000] {logging_mixin.py:190} INFO - [2026-05-27T14:54:48.996+0000] {dag.py:3239} INFO - Sync 1 DAGs
[2026-05-27T14:54:49.008+0000] {logging_mixin.py:190} INFO - [2026-05-27T14:54:49.007+0000] {dag.py:4180} INFO - Setting next_dagrun for contagem_linhas_dag to None, run_after=None
[2026-05-27T14:54:49.028+0000] {processor.py:208} INFO - Processing /workspaces/meu-primeiro-etl-airflow/airflow/dags/dag_contagem_linhas.py took 0.070 seconds
[2026-05-27T14:55:21.316+0000] {processor.py:186} INFO - Started process (PID=41104) to work on /workspaces/meu-primeiro-etl-airflow/airflow/dags/dag_contagem_linhas.py
[2026-05-27T14:55:21.317+0000] {processor.py:914} INFO - Processing file /workspaces/meu-primeiro-etl-airflow/airflow/dags/dag_contagem_linhas.py for tasks to queue
[2026-05-27T14:55:21.318+0000] {logging_mixin.py:190} INFO - [2026-05-27T14:55:21.318+0000] {dagbag.py:588} INFO - Filling up the DagBag from /workspaces/meu-primeiro-etl-airflow/airflow/dags/dag_contagem_linhas.py
[2026-05-27T14:55:21.328+0000] {processor.py:925} INFO - DAG(s) 'contagem_linhas_dag' retrieved from /workspaces/meu-primeiro-etl-airflow/airflow/dags/dag_contagem_linhas.py
[2026-05-27T14:55:21.346+0000] {logging_mixin.py:190} INFO - [2026-05-27T14:55:21.346+0000] {dag.py:3239} INFO - Sync 1 DAGs
[2026-05-27T14:55:21.356+0000] {logging_mixin.py:190} INFO - [2026-05-27T14:55:21.356+0000] {dag.py:4180} INFO - Setting next_dagrun for contagem_linhas_dag to None, run_after=None
[2026-05-27T14:55:21.373+0000] {processor.py:208} INFO - Processing /workspaces/meu-primeiro-etl-airflow/airflow/dags/dag_contagem_linhas.py took 0.065 seconds
[2026-05-27T14:55:54.004+0000] {processor.py:186} INFO - Started process (PID=41384) to work on /workspaces/meu-primeiro-etl-airflow/airflow/dags/dag_contagem_linhas.py
[2026-05-27T14:55:54.005+0000] {processor.py:914} INFO - Processing file /workspaces/meu-primeiro-etl-airflow/airflow/dags/dag_contagem_linhas.py for tasks to queue
[2026-05-27T14:55:54.007+0000] {logging_mixin.py:190} INFO - [2026-05-27T14:55:54.006+0000] {dagbag.py:588} INFO - Filling up the DagBag from /workspaces/meu-primeiro-etl-airflow/airflow/dags/dag_contagem_linhas.py
[2026-05-27T14:55:54.022+0000] {processor.py:925} INFO - DAG(s) 'contagem_linhas_dag' retrieved from /workspaces/meu-primeiro-etl-airflow/airflow/dags/dag_contagem_linhas.py
[2026-05-27T14:55:54.052+0000] {logging_mixin.py:190} INFO - [2026-05-27T14:55:54.052+0000] {dag.py:3239} INFO - Sync 1 DAGs
[2026-05-27T14:55:54.064+0000] {logging_mixin.py:190} INFO - [2026-05-27T14:55:54.064+0000] {dag.py:4180} INFO - Setting next_dagrun for contagem_linhas_dag to None, run_after=None
[2026-05-27T14:55:54.081+0000] {processor.py:208} INFO - Processing /workspaces/meu-primeiro-etl-airflow/airflow/dags/dag_contagem_linhas.py took 0.087 seconds
[2026-05-27T14:56:25.814+0000] {processor.py:186} INFO - Started process (PID=41662) to work on /workspaces/meu-primeiro-etl-airflow/airflow/dags/dag_contagem_linhas.py
[2026-05-27T14:56:25.815+0000] {processor.py:914} INFO - Processing file /workspaces/meu-primeiro-etl-airflow/airflow/dags/dag_contagem_linhas.py for tasks to queue
[2026-05-27T14:56:25.817+0000] {logging_mixin.py:190} INFO - [2026-05-27T14:56:25.817+0000] {dagbag.py:588} INFO - Filling up the DagBag from /workspaces/meu-primeiro-etl-airflow/airflow/dags/dag_contagem_linhas.py
[2026-05-27T14:56:25.827+0000] {processor.py:925} INFO - DAG(s) 'contagem_linhas_dag' retrieved from /workspaces/meu-primeiro-etl-airflow/airflow/dags/dag_contagem_linhas.py
[2026-05-27T14:56:25.846+0000] {logging_mixin.py:190} INFO - [2026-05-27T14:56:25.846+0000] {dag.py:3239} INFO - Sync 1 DAGs
[2026-05-27T14:56:25.857+0000] {logging_mixin.py:190} INFO - [2026-05-27T14:56:25.857+0000] {dag.py:4180} INFO - Setting next_dagrun for contagem_linhas_dag to None, run_after=None
[2026-05-27T14:56:25.874+0000] {processor.py:208} INFO - Processing /workspaces/meu-primeiro-etl-airflow/airflow/dags/dag_contagem_linhas.py took 0.070 seconds
[2026-05-27T14:56:57.193+0000] {processor.py:186} INFO - Started process (PID=41876) to work on /workspaces/meu-primeiro-etl-airflow/airflow/dags/dag_contagem_linhas.py
[2026-05-27T14:56:57.194+0000] {processor.py:914} INFO - Processing file /workspaces/meu-primeiro-etl-airflow/airflow/dags/dag_contagem_linhas.py for tasks to queue
[2026-05-27T14:56:57.195+0000] {logging_mixin.py:190} INFO - [2026-05-27T14:56:57.195+0000] {dagbag.py:588} INFO - Filling up the DagBag from /workspaces/meu-primeiro-etl-airflow/airflow/dags/dag_contagem_linhas.py
[2026-05-27T14:56:57.203+0000] {processor.py:925} INFO - DAG(s) 'contagem_linhas_dag' retrieved from /workspaces/meu-primeiro-etl-airflow/airflow/dags/dag_contagem_linhas.py
[2026-05-27T14:56:57.228+0000] {logging_mixin.py:190} INFO - [2026-05-27T14:56:57.227+0000] {dag.py:3239} INFO - Sync 1 DAGs
[2026-05-27T14:56:57.238+0000] {logging_mixin.py:190} INFO - [2026-05-27T14:56:57.238+0000] {dag.py:4180} INFO - Setting next_dagrun for contagem_linhas_dag to None, run_after=None
[2026-05-27T14:56:57.255+0000] {processor.py:208} INFO - Processing /workspaces/meu-primeiro-etl-airflow/airflow/dags/dag_contagem_linhas.py took 0.067 seconds
[2026-05-27T14:57:28.956+0000] {processor.py:186} INFO - Started process (PID=42210) to work on /workspaces/meu-primeiro-etl-airflow/airflow/dags/dag_contagem_linhas.py
[2026-05-27T14:57:28.957+0000] {processor.py:914} INFO - Processing file /workspaces/meu-primeiro-etl-airflow/airflow/dags/dag_contagem_linhas.py for tasks to queue
[2026-05-27T14:57:28.958+0000] {logging_mixin.py:190} INFO - [2026-05-27T14:57:28.957+0000] {dagbag.py:588} INFO - Filling up the DagBag from /workspaces/meu-primeiro-etl-airflow/airflow/dags/dag_contagem_linhas.py
[2026-05-27T14:57:28.965+0000] {processor.py:925} INFO - DAG(s) 'contagem_linhas_dag' retrieved from /workspaces/meu-primeiro-etl-airflow/airflow/dags/dag_contagem_linhas.py
[2026-05-27T14:57:28.984+0000] {logging_mixin.py:190} INFO - [2026-05-27T14:57:28.983+0000] {dag.py:3239} INFO - Sync 1 DAGs
[2026-05-27T14:57:29.001+0000] {logging_mixin.py:190} INFO - [2026-05-27T14:57:29.001+0000] {dag.py:4180} INFO - Setting next_dagrun for contagem_linhas_dag to None, run_after=None
[2026-05-27T14:57:29.020+0000] {processor.py:208} INFO - Processing /workspaces/meu-primeiro-etl-airflow/airflow/dags/dag_contagem_linhas.py took 0.070 seconds
[2026-05-27T14:58:00.922+0000] {processor.py:186} INFO - Started process (PID=42605) to work on /workspaces/meu-primeiro-etl-airflow/airflow/dags/dag_contagem_linhas.py
[2026-05-27T14:58:00.923+0000] {processor.py:914} INFO - Processing file /workspaces/meu-primeiro-etl-airflow/airflow/dags/dag_contagem_linhas.py for tasks to queue
[2026-05-27T14:58:00.924+0000] {logging_mixin.py:190} INFO - [2026-05-27T14:58:00.924+0000] {dagbag.py:588} INFO - Filling up the DagBag from /workspaces/meu-primeiro-etl-airflow/airflow/dags/dag_contagem_linhas.py
[2026-05-27T14:58:00.933+0000] {processor.py:925} INFO - DAG(s) 'contagem_linhas_dag' retrieved from /workspaces/meu-primeiro-etl-airflow/airflow/dags/dag_contagem_linhas.py
[2026-05-27T14:58:00.951+0000] {logging_mixin.py:190} INFO - [2026-05-27T14:58:00.951+0000] {dag.py:3239} INFO - Sync 1 DAGs
[2026-05-27T14:58:00.962+0000] {logging_mixin.py:190} INFO - [2026-05-27T14:58:00.961+0000] {dag.py:4180} INFO - Setting next_dagrun for contagem_linhas_dag to None, run_after=None
[2026-05-27T14:58:00.994+0000] {processor.py:208} INFO - Processing /workspaces/meu-primeiro-etl-airflow/airflow/dags/dag_contagem_linhas.py took 0.080 seconds
[2026-05-27T14:58:34.477+0000] {processor.py:186} INFO - Started process (PID=42979) to work on /workspaces/meu-primeiro-etl-airflow/airflow/dags/dag_contagem_linhas.py
[2026-05-27T14:58:34.477+0000] {processor.py:914} INFO - Processing file /workspaces/meu-primeiro-etl-airflow/airflow/dags/dag_contagem_linhas.py for tasks to queue
[2026-05-27T14:58:34.479+0000] {logging_mixin.py:190} INFO - [2026-05-27T14:58:34.478+0000] {dagbag.py:588} INFO - Filling up the DagBag from /workspaces/meu-primeiro-etl-airflow/airflow/dags/dag_contagem_linhas.py
[2026-05-27T14:58:34.487+0000] {processor.py:925} INFO - DAG(s) 'contagem_linhas_dag' retrieved from /workspaces/meu-primeiro-etl-airflow/airflow/dags/dag_contagem_linhas.py
[2026-05-27T14:58:34.505+0000] {logging_mixin.py:190} INFO - [2026-05-27T14:58:34.504+0000] {dag.py:3239} INFO - Sync 1 DAGs
[2026-05-27T14:58:34.520+0000] {logging_mixin.py:190} INFO - [2026-05-27T14:58:34.520+0000] {dag.py:4180} INFO - Setting next_dagrun for contagem_linhas_dag to None, run_after=None
[2026-05-27T14:58:34.545+0000] {processor.py:208} INFO - Processing /workspaces/meu-primeiro-etl-airflow/airflow/dags/dag_contagem_linhas.py took 0.074 seconds
[2026-05-27T14:59:05.888+0000] {processor.py:186} INFO - Started process (PID=43285) to work on /workspaces/meu-primeiro-etl-airflow/airflow/dags/dag_contagem_linhas.py
[2026-05-27T14:59:05.889+0000] {processor.py:914} INFO - Processing file /workspaces/meu-primeiro-etl-airflow/airflow/dags/dag_contagem_linhas.py for tasks to queue
[2026-05-27T14:59:05.890+0000] {logging_mixin.py:190} INFO - [2026-05-27T14:59:05.890+0000] {dagbag.py:588} INFO - Filling up the DagBag from /workspaces/meu-primeiro-etl-airflow/airflow/dags/dag_contagem_linhas.py
[2026-05-27T14:59:05.898+0000] {processor.py:925} INFO - DAG(s) 'contagem_linhas_dag' retrieved from /workspaces/meu-primeiro-etl-airflow/airflow/dags/dag_contagem_linhas.py
[2026-05-27T14:59:05.920+0000] {logging_mixin.py:190} INFO - [2026-05-27T14:59:05.920+0000] {dag.py:3239} INFO - Sync 1 DAGs
[2026-05-27T14:59:05.935+0000] {logging_mixin.py:190} INFO - [2026-05-27T14:59:05.935+0000] {dag.py:4180} INFO - Setting next_dagrun for contagem_linhas_dag to None, run_after=None
[2026-05-27T14:59:05.952+0000] {processor.py:208} INFO - Processing /workspaces/meu-primeiro-etl-airflow/airflow/dags/dag_contagem_linhas.py took 0.070 seconds
[2026-05-27T14:59:36.585+0000] {processor.py:186} INFO - Started process (PID=43688) to work on /workspaces/meu-primeiro-etl-airflow/airflow/dags/dag_contagem_linhas.py
[2026-05-27T14:59:36.586+0000] {processor.py:914} INFO - Processing file /workspaces/meu-primeiro-etl-airflow/airflow/dags/dag_contagem_linhas.py for tasks to queue
[2026-05-27T14:59:36.587+0000] {logging_mixin.py:190} INFO - [2026-05-27T14:59:36.587+0000] {dagbag.py:588} INFO - Filling up the DagBag from /workspaces/meu-primeiro-etl-airflow/airflow/dags/dag_contagem_linhas.py
[2026-05-27T14:59:36.599+0000] {processor.py:925} INFO - DAG(s) 'contagem_linhas_dag' retrieved from /workspaces/meu-primeiro-etl-airflow/airflow/dags/dag_contagem_linhas.py
[2026-05-27T14:59:36.622+0000] {logging_mixin.py:190} INFO - [2026-05-27T14:59:36.622+0000] {dag.py:3239} INFO - Sync 1 DAGs
[2026-05-27T14:59:36.635+0000] {logging_mixin.py:190} INFO - [2026-05-27T14:59:36.634+0000] {dag.py:4180} INFO - Setting next_dagrun for contagem_linhas_dag to None, run_after=None
[2026-05-27T14:59:36.652+0000] {processor.py:208} INFO - Processing /workspaces/meu-primeiro-etl-airflow/airflow/dags/dag_contagem_linhas.py took 0.073 seconds
[2026-05-27T15:00:08.302+0000] {processor.py:186} INFO - Started process (PID=44044) to work on /workspaces/meu-primeiro-etl-airflow/airflow/dags/dag_contagem_linhas.py
[2026-05-27T15:00:08.303+0000] {processor.py:914} INFO - Processing file /workspaces/meu-primeiro-etl-airflow/airflow/dags/dag_contagem_linhas.py for tasks to queue
[2026-05-27T15:00:08.304+0000] {logging_mixin.py:190} INFO - [2026-05-27T15:00:08.304+0000] {dagbag.py:588} INFO - Filling up the DagBag from /workspaces/meu-primeiro-etl-airflow/airflow/dags/dag_contagem_linhas.py
[2026-05-27T15:00:08.313+0000] {processor.py:925} INFO - DAG(s) 'contagem_linhas_dag' retrieved from /workspaces/meu-primeiro-etl-airflow/airflow/dags/dag_contagem_linhas.py
[2026-05-27T15:00:08.335+0000] {logging_mixin.py:190} INFO - [2026-05-27T15:00:08.335+0000] {dag.py:3239} INFO - Sync 1 DAGs
[2026-05-27T15:00:08.345+0000] {logging_mixin.py:190} INFO - [2026-05-27T15:00:08.345+0000] {dag.py:4180} INFO - Setting next_dagrun for contagem_linhas_dag to None, run_after=None
[2026-05-27T15:00:08.364+0000] {processor.py:208} INFO - Processing /workspaces/meu-primeiro-etl-airflow/airflow/dags/dag_contagem_linhas.py took 0.068 seconds
