[2026-05-27T14:32:36.758+0000] {processor.py:186} INFO - Started process (PID=24433) to work on /workspaces/meu-primeiro-etl-airflow/airflow/dags/dag_treino_titanic.py
[2026-05-27T14:32:36.759+0000] {processor.py:914} INFO - Processing file /workspaces/meu-primeiro-etl-airflow/airflow/dags/dag_treino_titanic.py for tasks to queue
[2026-05-27T14:32:36.761+0000] {logging_mixin.py:190} INFO - [2026-05-27T14:32:36.760+0000] {dagbag.py:588} INFO - Filling up the DagBag from /workspaces/meu-primeiro-etl-airflow/airflow/dags/dag_treino_titanic.py
[2026-05-27T14:32:39.053+0000] {processor.py:925} INFO - DAG(s) 'atv7_treino_titanic_v1' retrieved from /workspaces/meu-primeiro-etl-airflow/airflow/dags/dag_treino_titanic.py
[2026-05-27T14:32:39.065+0000] {logging_mixin.py:190} INFO - [2026-05-27T14:32:39.065+0000] {dag.py:3239} INFO - Sync 1 DAGs
[2026-05-27T14:32:39.073+0000] {logging_mixin.py:190} INFO - [2026-05-27T14:32:39.073+0000] {dag.py:4180} INFO - Setting next_dagrun for atv7_treino_titanic_v1 to None, run_after=None
[2026-05-27T14:32:39.089+0000] {processor.py:208} INFO - Processing /workspaces/meu-primeiro-etl-airflow/airflow/dags/dag_treino_titanic.py took 2.337 seconds
[2026-05-27T14:33:09.501+0000] {processor.py:186} INFO - Started process (PID=24678) to work on /workspaces/meu-primeiro-etl-airflow/airflow/dags/dag_treino_titanic.py
[2026-05-27T14:33:09.502+0000] {processor.py:914} INFO - Processing file /workspaces/meu-primeiro-etl-airflow/airflow/dags/dag_treino_titanic.py for tasks to queue
[2026-05-27T14:33:09.503+0000] {logging_mixin.py:190} INFO - [2026-05-27T14:33:09.503+0000] {dagbag.py:588} INFO - Filling up the DagBag from /workspaces/meu-primeiro-etl-airflow/airflow/dags/dag_treino_titanic.py
[2026-05-27T14:33:10.885+0000] {processor.py:925} INFO - DAG(s) 'atv7_treino_titanic_v1' retrieved from /workspaces/meu-primeiro-etl-airflow/airflow/dags/dag_treino_titanic.py
[2026-05-27T14:33:10.898+0000] {logging_mixin.py:190} INFO - [2026-05-27T14:33:10.897+0000] {dag.py:3239} INFO - Sync 1 DAGs
[2026-05-27T14:33:10.906+0000] {logging_mixin.py:190} INFO - [2026-05-27T14:33:10.906+0000] {dag.py:4180} INFO - Setting next_dagrun for atv7_treino_titanic_v1 to None, run_after=None
[2026-05-27T14:33:10.923+0000] {processor.py:208} INFO - Processing /workspaces/meu-primeiro-etl-airflow/airflow/dags/dag_treino_titanic.py took 1.426 seconds
[2026-05-27T14:33:41.657+0000] {processor.py:186} INFO - Started process (PID=25036) to work on /workspaces/meu-primeiro-etl-airflow/airflow/dags/dag_treino_titanic.py
[2026-05-27T14:33:41.658+0000] {processor.py:914} INFO - Processing file /workspaces/meu-primeiro-etl-airflow/airflow/dags/dag_treino_titanic.py for tasks to queue
[2026-05-27T14:33:41.659+0000] {logging_mixin.py:190} INFO - [2026-05-27T14:33:41.659+0000] {dagbag.py:588} INFO - Filling up the DagBag from /workspaces/meu-primeiro-etl-airflow/airflow/dags/dag_treino_titanic.py
[2026-05-27T14:33:43.140+0000] {processor.py:925} INFO - DAG(s) 'atv7_treino_titanic_v1' retrieved from /workspaces/meu-primeiro-etl-airflow/airflow/dags/dag_treino_titanic.py
[2026-05-27T14:33:43.152+0000] {logging_mixin.py:190} INFO - [2026-05-27T14:33:43.152+0000] {dag.py:3239} INFO - Sync 1 DAGs
[2026-05-27T14:33:43.160+0000] {logging_mixin.py:190} INFO - [2026-05-27T14:33:43.160+0000] {dag.py:4180} INFO - Setting next_dagrun for atv7_treino_titanic_v1 to None, run_after=None
[2026-05-27T14:33:43.175+0000] {processor.py:208} INFO - Processing /workspaces/meu-primeiro-etl-airflow/airflow/dags/dag_treino_titanic.py took 1.523 seconds
[2026-05-27T14:34:13.579+0000] {processor.py:186} INFO - Started process (PID=25296) to work on /workspaces/meu-primeiro-etl-airflow/airflow/dags/dag_treino_titanic.py
[2026-05-27T14:34:13.580+0000] {processor.py:914} INFO - Processing file /workspaces/meu-primeiro-etl-airflow/airflow/dags/dag_treino_titanic.py for tasks to queue
[2026-05-27T14:34:13.581+0000] {logging_mixin.py:190} INFO - [2026-05-27T14:34:13.580+0000] {dagbag.py:588} INFO - Filling up the DagBag from /workspaces/meu-primeiro-etl-airflow/airflow/dags/dag_treino_titanic.py
[2026-05-27T14:34:14.901+0000] {processor.py:925} INFO - DAG(s) 'atv7_treino_titanic_v1' retrieved from /workspaces/meu-primeiro-etl-airflow/airflow/dags/dag_treino_titanic.py
[2026-05-27T14:34:14.914+0000] {logging_mixin.py:190} INFO - [2026-05-27T14:34:14.914+0000] {dag.py:3239} INFO - Sync 1 DAGs
[2026-05-27T14:34:14.925+0000] {logging_mixin.py:190} INFO - [2026-05-27T14:34:14.924+0000] {dag.py:4180} INFO - Setting next_dagrun for atv7_treino_titanic_v1 to None, run_after=None
[2026-05-27T14:34:14.940+0000] {processor.py:208} INFO - Processing /workspaces/meu-primeiro-etl-airflow/airflow/dags/dag_treino_titanic.py took 1.365 seconds
[2026-05-27T14:34:45.034+0000] {processor.py:186} INFO - Started process (PID=25589) to work on /workspaces/meu-primeiro-etl-airflow/airflow/dags/dag_treino_titanic.py
[2026-05-27T14:34:45.035+0000] {processor.py:914} INFO - Processing file /workspaces/meu-primeiro-etl-airflow/airflow/dags/dag_treino_titanic.py for tasks to queue
[2026-05-27T14:34:45.037+0000] {logging_mixin.py:190} INFO - [2026-05-27T14:34:45.036+0000] {dagbag.py:588} INFO - Filling up the DagBag from /workspaces/meu-primeiro-etl-airflow/airflow/dags/dag_treino_titanic.py
[2026-05-27T14:34:46.965+0000] {processor.py:925} INFO - DAG(s) 'atv7_treino_titanic_v1' retrieved from /workspaces/meu-primeiro-etl-airflow/airflow/dags/dag_treino_titanic.py
[2026-05-27T14:34:46.981+0000] {logging_mixin.py:190} INFO - [2026-05-27T14:34:46.981+0000] {dag.py:3239} INFO - Sync 1 DAGs
[2026-05-27T14:34:46.992+0000] {logging_mixin.py:190} INFO - [2026-05-27T14:34:46.992+0000] {dag.py:4180} INFO - Setting next_dagrun for atv7_treino_titanic_v1 to None, run_after=None
[2026-05-27T14:34:47.012+0000] {processor.py:208} INFO - Processing /workspaces/meu-primeiro-etl-airflow/airflow/dags/dag_treino_titanic.py took 1.990 seconds
[2026-05-27T14:35:17.100+0000] {processor.py:186} INFO - Started process (PID=25884) to work on /workspaces/meu-primeiro-etl-airflow/airflow/dags/dag_treino_titanic.py
[2026-05-27T14:35:17.100+0000] {processor.py:914} INFO - Processing file /workspaces/meu-primeiro-etl-airflow/airflow/dags/dag_treino_titanic.py for tasks to queue
[2026-05-27T14:35:17.102+0000] {logging_mixin.py:190} INFO - [2026-05-27T14:35:17.101+0000] {dagbag.py:588} INFO - Filling up the DagBag from /workspaces/meu-primeiro-etl-airflow/airflow/dags/dag_treino_titanic.py
[2026-05-27T14:35:19.228+0000] {processor.py:925} INFO - DAG(s) 'atv7_treino_titanic_v1' retrieved from /workspaces/meu-primeiro-etl-airflow/airflow/dags/dag_treino_titanic.py
[2026-05-27T14:35:19.244+0000] {logging_mixin.py:190} INFO - [2026-05-27T14:35:19.243+0000] {dag.py:3239} INFO - Sync 1 DAGs
[2026-05-27T14:35:19.254+0000] {logging_mixin.py:190} INFO - [2026-05-27T14:35:19.254+0000] {dag.py:4180} INFO - Setting next_dagrun for atv7_treino_titanic_v1 to None, run_after=None
[2026-05-27T14:35:19.306+0000] {processor.py:208} INFO - Processing /workspaces/meu-primeiro-etl-airflow/airflow/dags/dag_treino_titanic.py took 2.213 seconds
[2026-05-27T14:35:49.488+0000] {processor.py:186} INFO - Started process (PID=26124) to work on /workspaces/meu-primeiro-etl-airflow/airflow/dags/dag_treino_titanic.py
[2026-05-27T14:35:49.488+0000] {processor.py:914} INFO - Processing file /workspaces/meu-primeiro-etl-airflow/airflow/dags/dag_treino_titanic.py for tasks to queue
[2026-05-27T14:35:49.489+0000] {logging_mixin.py:190} INFO - [2026-05-27T14:35:49.489+0000] {dagbag.py:588} INFO - Filling up the DagBag from /workspaces/meu-primeiro-etl-airflow/airflow/dags/dag_treino_titanic.py
[2026-05-27T14:35:50.966+0000] {processor.py:925} INFO - DAG(s) 'atv7_treino_titanic_v1' retrieved from /workspaces/meu-primeiro-etl-airflow/airflow/dags/dag_treino_titanic.py
[2026-05-27T14:35:50.978+0000] {logging_mixin.py:190} INFO - [2026-05-27T14:35:50.978+0000] {dag.py:3239} INFO - Sync 1 DAGs
[2026-05-27T14:35:50.989+0000] {logging_mixin.py:190} INFO - [2026-05-27T14:35:50.989+0000] {dag.py:4180} INFO - Setting next_dagrun for atv7_treino_titanic_v1 to None, run_after=None
[2026-05-27T14:35:51.006+0000] {processor.py:208} INFO - Processing /workspaces/meu-primeiro-etl-airflow/airflow/dags/dag_treino_titanic.py took 1.523 seconds
[2026-05-27T14:36:21.306+0000] {processor.py:186} INFO - Started process (PID=26424) to work on /workspaces/meu-primeiro-etl-airflow/airflow/dags/dag_treino_titanic.py
[2026-05-27T14:36:21.306+0000] {processor.py:914} INFO - Processing file /workspaces/meu-primeiro-etl-airflow/airflow/dags/dag_treino_titanic.py for tasks to queue
[2026-05-27T14:36:21.307+0000] {logging_mixin.py:190} INFO - [2026-05-27T14:36:21.307+0000] {dagbag.py:588} INFO - Filling up the DagBag from /workspaces/meu-primeiro-etl-airflow/airflow/dags/dag_treino_titanic.py
[2026-05-27T14:36:22.771+0000] {processor.py:925} INFO - DAG(s) 'atv7_treino_titanic_v1' retrieved from /workspaces/meu-primeiro-etl-airflow/airflow/dags/dag_treino_titanic.py
[2026-05-27T14:36:22.784+0000] {logging_mixin.py:190} INFO - [2026-05-27T14:36:22.783+0000] {dag.py:3239} INFO - Sync 1 DAGs
[2026-05-27T14:36:22.793+0000] {logging_mixin.py:190} INFO - [2026-05-27T14:36:22.792+0000] {dag.py:4180} INFO - Setting next_dagrun for atv7_treino_titanic_v1 to None, run_after=None
[2026-05-27T14:36:22.809+0000] {processor.py:208} INFO - Processing /workspaces/meu-primeiro-etl-airflow/airflow/dags/dag_treino_titanic.py took 1.508 seconds
[2026-05-27T14:36:53.291+0000] {processor.py:186} INFO - Started process (PID=26818) to work on /workspaces/meu-primeiro-etl-airflow/airflow/dags/dag_treino_titanic.py
[2026-05-27T14:36:53.291+0000] {processor.py:914} INFO - Processing file /workspaces/meu-primeiro-etl-airflow/airflow/dags/dag_treino_titanic.py for tasks to queue
[2026-05-27T14:36:53.293+0000] {logging_mixin.py:190} INFO - [2026-05-27T14:36:53.292+0000] {dagbag.py:588} INFO - Filling up the DagBag from /workspaces/meu-primeiro-etl-airflow/airflow/dags/dag_treino_titanic.py
[2026-05-27T14:36:54.935+0000] {processor.py:925} INFO - DAG(s) 'atv7_treino_titanic_v1' retrieved from /workspaces/meu-primeiro-etl-airflow/airflow/dags/dag_treino_titanic.py
[2026-05-27T14:36:54.948+0000] {logging_mixin.py:190} INFO - [2026-05-27T14:36:54.947+0000] {dag.py:3239} INFO - Sync 1 DAGs
[2026-05-27T14:36:54.956+0000] {logging_mixin.py:190} INFO - [2026-05-27T14:36:54.956+0000] {dag.py:4180} INFO - Setting next_dagrun for atv7_treino_titanic_v1 to None, run_after=None
[2026-05-27T14:36:54.973+0000] {processor.py:208} INFO - Processing /workspaces/meu-primeiro-etl-airflow/airflow/dags/dag_treino_titanic.py took 1.687 seconds
[2026-05-27T14:37:25.767+0000] {processor.py:186} INFO - Started process (PID=27165) to work on /workspaces/meu-primeiro-etl-airflow/airflow/dags/dag_treino_titanic.py
[2026-05-27T14:37:25.768+0000] {processor.py:914} INFO - Processing file /workspaces/meu-primeiro-etl-airflow/airflow/dags/dag_treino_titanic.py for tasks to queue
[2026-05-27T14:37:25.770+0000] {logging_mixin.py:190} INFO - [2026-05-27T14:37:25.769+0000] {dagbag.py:588} INFO - Filling up the DagBag from /workspaces/meu-primeiro-etl-airflow/airflow/dags/dag_treino_titanic.py
[2026-05-27T14:37:27.594+0000] {processor.py:925} INFO - DAG(s) 'atv7_treino_titanic_v1' retrieved from /workspaces/meu-primeiro-etl-airflow/airflow/dags/dag_treino_titanic.py
[2026-05-27T14:37:27.608+0000] {logging_mixin.py:190} INFO - [2026-05-27T14:37:27.607+0000] {dag.py:3239} INFO - Sync 1 DAGs
[2026-05-27T14:37:27.623+0000] {logging_mixin.py:190} INFO - [2026-05-27T14:37:27.623+0000] {dag.py:4180} INFO - Setting next_dagrun for atv7_treino_titanic_v1 to None, run_after=None
[2026-05-27T14:37:27.646+0000] {processor.py:208} INFO - Processing /workspaces/meu-primeiro-etl-airflow/airflow/dags/dag_treino_titanic.py took 1.886 seconds
[2026-05-27T14:37:57.941+0000] {processor.py:186} INFO - Started process (PID=27394) to work on /workspaces/meu-primeiro-etl-airflow/airflow/dags/dag_treino_titanic.py
[2026-05-27T14:37:57.941+0000] {processor.py:914} INFO - Processing file /workspaces/meu-primeiro-etl-airflow/airflow/dags/dag_treino_titanic.py for tasks to queue
[2026-05-27T14:37:57.943+0000] {logging_mixin.py:190} INFO - [2026-05-27T14:37:57.942+0000] {dagbag.py:588} INFO - Filling up the DagBag from /workspaces/meu-primeiro-etl-airflow/airflow/dags/dag_treino_titanic.py
[2026-05-27T14:37:59.478+0000] {processor.py:925} INFO - DAG(s) 'atv7_treino_titanic_v1' retrieved from /workspaces/meu-primeiro-etl-airflow/airflow/dags/dag_treino_titanic.py
[2026-05-27T14:37:59.491+0000] {logging_mixin.py:190} INFO - [2026-05-27T14:37:59.491+0000] {dag.py:3239} INFO - Sync 1 DAGs
[2026-05-27T14:37:59.500+0000] {logging_mixin.py:190} INFO - [2026-05-27T14:37:59.500+0000] {dag.py:4180} INFO - Setting next_dagrun for atv7_treino_titanic_v1 to None, run_after=None
[2026-05-27T14:37:59.521+0000] {processor.py:208} INFO - Processing /workspaces/meu-primeiro-etl-airflow/airflow/dags/dag_treino_titanic.py took 1.589 seconds
[2026-05-27T14:38:30.229+0000] {processor.py:186} INFO - Started process (PID=27685) to work on /workspaces/meu-primeiro-etl-airflow/airflow/dags/dag_treino_titanic.py
[2026-05-27T14:38:30.230+0000] {processor.py:914} INFO - Processing file /workspaces/meu-primeiro-etl-airflow/airflow/dags/dag_treino_titanic.py for tasks to queue
[2026-05-27T14:38:30.231+0000] {logging_mixin.py:190} INFO - [2026-05-27T14:38:30.231+0000] {dagbag.py:588} INFO - Filling up the DagBag from /workspaces/meu-primeiro-etl-airflow/airflow/dags/dag_treino_titanic.py
[2026-05-27T14:38:31.799+0000] {processor.py:925} INFO - DAG(s) 'atv7_treino_titanic_v1' retrieved from /workspaces/meu-primeiro-etl-airflow/airflow/dags/dag_treino_titanic.py
[2026-05-27T14:38:31.815+0000] {logging_mixin.py:190} INFO - [2026-05-27T14:38:31.815+0000] {dag.py:3239} INFO - Sync 1 DAGs
[2026-05-27T14:38:31.828+0000] {logging_mixin.py:190} INFO - [2026-05-27T14:38:31.827+0000] {dag.py:4180} INFO - Setting next_dagrun for atv7_treino_titanic_v1 to None, run_after=None
[2026-05-27T14:38:31.848+0000] {processor.py:208} INFO - Processing /workspaces/meu-primeiro-etl-airflow/airflow/dags/dag_treino_titanic.py took 1.624 seconds
[2026-05-27T14:39:02.288+0000] {processor.py:186} INFO - Started process (PID=27898) to work on /workspaces/meu-primeiro-etl-airflow/airflow/dags/dag_treino_titanic.py
[2026-05-27T14:39:02.288+0000] {processor.py:914} INFO - Processing file /workspaces/meu-primeiro-etl-airflow/airflow/dags/dag_treino_titanic.py for tasks to queue
[2026-05-27T14:39:02.289+0000] {logging_mixin.py:190} INFO - [2026-05-27T14:39:02.289+0000] {dagbag.py:588} INFO - Filling up the DagBag from /workspaces/meu-primeiro-etl-airflow/airflow/dags/dag_treino_titanic.py
[2026-05-27T14:39:03.744+0000] {processor.py:925} INFO - DAG(s) 'atv7_treino_titanic_v1' retrieved from /workspaces/meu-primeiro-etl-airflow/airflow/dags/dag_treino_titanic.py
[2026-05-27T14:39:03.756+0000] {logging_mixin.py:190} INFO - [2026-05-27T14:39:03.756+0000] {dag.py:3239} INFO - Sync 1 DAGs
[2026-05-27T14:39:03.764+0000] {logging_mixin.py:190} INFO - [2026-05-27T14:39:03.764+0000] {dag.py:4180} INFO - Setting next_dagrun for atv7_treino_titanic_v1 to None, run_after=None
[2026-05-27T14:39:03.781+0000] {processor.py:208} INFO - Processing /workspaces/meu-primeiro-etl-airflow/airflow/dags/dag_treino_titanic.py took 1.497 seconds
[2026-05-27T14:39:34.253+0000] {processor.py:186} INFO - Started process (PID=28700) to work on /workspaces/meu-primeiro-etl-airflow/airflow/dags/dag_treino_titanic.py
[2026-05-27T14:39:34.254+0000] {processor.py:914} INFO - Processing file /workspaces/meu-primeiro-etl-airflow/airflow/dags/dag_treino_titanic.py for tasks to queue
[2026-05-27T14:39:34.256+0000] {logging_mixin.py:190} INFO - [2026-05-27T14:39:34.255+0000] {dagbag.py:588} INFO - Filling up the DagBag from /workspaces/meu-primeiro-etl-airflow/airflow/dags/dag_treino_titanic.py
[2026-05-27T14:39:36.631+0000] {processor.py:925} INFO - DAG(s) 'atv7_treino_titanic_v1' retrieved from /workspaces/meu-primeiro-etl-airflow/airflow/dags/dag_treino_titanic.py
[2026-05-27T14:39:36.649+0000] {logging_mixin.py:190} INFO - [2026-05-27T14:39:36.649+0000] {dag.py:3239} INFO - Sync 1 DAGs
[2026-05-27T14:39:36.662+0000] {logging_mixin.py:190} INFO - [2026-05-27T14:39:36.662+0000] {dag.py:4180} INFO - Setting next_dagrun for atv7_treino_titanic_v1 to None, run_after=None
[2026-05-27T14:39:36.789+0000] {processor.py:208} INFO - Processing /workspaces/meu-primeiro-etl-airflow/airflow/dags/dag_treino_titanic.py took 2.542 seconds
[2026-05-27T14:40:15.725+0000] {processor.py:186} INFO - Started process (PID=29203) to work on /workspaces/meu-primeiro-etl-airflow/airflow/dags/dag_treino_titanic.py
[2026-05-27T14:40:15.727+0000] {processor.py:914} INFO - Processing file /workspaces/meu-primeiro-etl-airflow/airflow/dags/dag_treino_titanic.py for tasks to queue
[2026-05-27T14:40:15.728+0000] {logging_mixin.py:190} INFO - [2026-05-27T14:40:15.727+0000] {dagbag.py:588} INFO - Filling up the DagBag from /workspaces/meu-primeiro-etl-airflow/airflow/dags/dag_treino_titanic.py
[2026-05-27T14:40:17.761+0000] {processor.py:925} INFO - DAG(s) 'atv7_treino_titanic_v1' retrieved from /workspaces/meu-primeiro-etl-airflow/airflow/dags/dag_treino_titanic.py
[2026-05-27T14:40:17.774+0000] {logging_mixin.py:190} INFO - [2026-05-27T14:40:17.773+0000] {dag.py:3239} INFO - Sync 1 DAGs
[2026-05-27T14:40:17.782+0000] {logging_mixin.py:190} INFO - [2026-05-27T14:40:17.782+0000] {dag.py:4180} INFO - Setting next_dagrun for atv7_treino_titanic_v1 to None, run_after=None
[2026-05-27T14:40:17.799+0000] {processor.py:208} INFO - Processing /workspaces/meu-primeiro-etl-airflow/airflow/dags/dag_treino_titanic.py took 2.082 seconds
[2026-05-27T14:40:48.234+0000] {processor.py:186} INFO - Started process (PID=29557) to work on /workspaces/meu-primeiro-etl-airflow/airflow/dags/dag_treino_titanic.py
[2026-05-27T14:40:48.237+0000] {processor.py:914} INFO - Processing file /workspaces/meu-primeiro-etl-airflow/airflow/dags/dag_treino_titanic.py for tasks to queue
[2026-05-27T14:40:48.242+0000] {logging_mixin.py:190} INFO - [2026-05-27T14:40:48.239+0000] {dagbag.py:588} INFO - Filling up the DagBag from /workspaces/meu-primeiro-etl-airflow/airflow/dags/dag_treino_titanic.py
[2026-05-27T14:40:50.367+0000] {processor.py:925} INFO - DAG(s) 'atv7_treino_titanic_v1' retrieved from /workspaces/meu-primeiro-etl-airflow/airflow/dags/dag_treino_titanic.py
[2026-05-27T14:40:50.382+0000] {logging_mixin.py:190} INFO - [2026-05-27T14:40:50.382+0000] {dag.py:3239} INFO - Sync 1 DAGs
[2026-05-27T14:40:50.398+0000] {logging_mixin.py:190} INFO - [2026-05-27T14:40:50.398+0000] {dag.py:4180} INFO - Setting next_dagrun for atv7_treino_titanic_v1 to None, run_after=None
[2026-05-27T14:40:50.431+0000] {processor.py:208} INFO - Processing /workspaces/meu-primeiro-etl-airflow/airflow/dags/dag_treino_titanic.py took 2.224 seconds
[2026-05-27T14:41:20.684+0000] {processor.py:186} INFO - Started process (PID=29848) to work on /workspaces/meu-primeiro-etl-airflow/airflow/dags/dag_treino_titanic.py
[2026-05-27T14:41:20.685+0000] {processor.py:914} INFO - Processing file /workspaces/meu-primeiro-etl-airflow/airflow/dags/dag_treino_titanic.py for tasks to queue
[2026-05-27T14:41:20.690+0000] {logging_mixin.py:190} INFO - [2026-05-27T14:41:20.689+0000] {dagbag.py:588} INFO - Filling up the DagBag from /workspaces/meu-primeiro-etl-airflow/airflow/dags/dag_treino_titanic.py
[2026-05-27T14:41:22.312+0000] {processor.py:925} INFO - DAG(s) 'atv7_treino_titanic_v1' retrieved from /workspaces/meu-primeiro-etl-airflow/airflow/dags/dag_treino_titanic.py
[2026-05-27T14:41:22.329+0000] {logging_mixin.py:190} INFO - [2026-05-27T14:41:22.329+0000] {dag.py:3239} INFO - Sync 1 DAGs
[2026-05-27T14:41:22.343+0000] {logging_mixin.py:190} INFO - [2026-05-27T14:41:22.343+0000] {dag.py:4180} INFO - Setting next_dagrun for atv7_treino_titanic_v1 to None, run_after=None
[2026-05-27T14:41:22.360+0000] {processor.py:208} INFO - Processing /workspaces/meu-primeiro-etl-airflow/airflow/dags/dag_treino_titanic.py took 1.688 seconds
[2026-05-27T14:41:52.484+0000] {processor.py:186} INFO - Started process (PID=30088) to work on /workspaces/meu-primeiro-etl-airflow/airflow/dags/dag_treino_titanic.py
[2026-05-27T14:41:52.485+0000] {processor.py:914} INFO - Processing file /workspaces/meu-primeiro-etl-airflow/airflow/dags/dag_treino_titanic.py for tasks to queue
[2026-05-27T14:41:52.485+0000] {logging_mixin.py:190} INFO - [2026-05-27T14:41:52.485+0000] {dagbag.py:588} INFO - Filling up the DagBag from /workspaces/meu-primeiro-etl-airflow/airflow/dags/dag_treino_titanic.py
[2026-05-27T14:41:54.228+0000] {processor.py:925} INFO - DAG(s) 'atv7_treino_titanic_v1' retrieved from /workspaces/meu-primeiro-etl-airflow/airflow/dags/dag_treino_titanic.py
[2026-05-27T14:41:54.245+0000] {logging_mixin.py:190} INFO - [2026-05-27T14:41:54.245+0000] {dag.py:3239} INFO - Sync 1 DAGs
[2026-05-27T14:41:54.254+0000] {logging_mixin.py:190} INFO - [2026-05-27T14:41:54.254+0000] {dag.py:4180} INFO - Setting next_dagrun for atv7_treino_titanic_v1 to None, run_after=None
[2026-05-27T14:41:54.277+0000] {processor.py:208} INFO - Processing /workspaces/meu-primeiro-etl-airflow/airflow/dags/dag_treino_titanic.py took 1.799 seconds
[2026-05-27T14:42:24.485+0000] {processor.py:186} INFO - Started process (PID=30466) to work on /workspaces/meu-primeiro-etl-airflow/airflow/dags/dag_treino_titanic.py
[2026-05-27T14:42:24.486+0000] {processor.py:914} INFO - Processing file /workspaces/meu-primeiro-etl-airflow/airflow/dags/dag_treino_titanic.py for tasks to queue
[2026-05-27T14:42:24.487+0000] {logging_mixin.py:190} INFO - [2026-05-27T14:42:24.486+0000] {dagbag.py:588} INFO - Filling up the DagBag from /workspaces/meu-primeiro-etl-airflow/airflow/dags/dag_treino_titanic.py
[2026-05-27T14:42:26.001+0000] {processor.py:925} INFO - DAG(s) 'atv7_treino_titanic_v1' retrieved from /workspaces/meu-primeiro-etl-airflow/airflow/dags/dag_treino_titanic.py
[2026-05-27T14:42:26.016+0000] {logging_mixin.py:190} INFO - [2026-05-27T14:42:26.016+0000] {dag.py:3239} INFO - Sync 1 DAGs
[2026-05-27T14:42:26.027+0000] {logging_mixin.py:190} INFO - [2026-05-27T14:42:26.027+0000] {dag.py:4180} INFO - Setting next_dagrun for atv7_treino_titanic_v1 to None, run_after=None
[2026-05-27T14:42:26.043+0000] {processor.py:208} INFO - Processing /workspaces/meu-primeiro-etl-airflow/airflow/dags/dag_treino_titanic.py took 1.563 seconds
[2026-05-27T14:42:56.462+0000] {processor.py:186} INFO - Started process (PID=30677) to work on /workspaces/meu-primeiro-etl-airflow/airflow/dags/dag_treino_titanic.py
[2026-05-27T14:42:56.463+0000] {processor.py:914} INFO - Processing file /workspaces/meu-primeiro-etl-airflow/airflow/dags/dag_treino_titanic.py for tasks to queue
[2026-05-27T14:42:56.464+0000] {logging_mixin.py:190} INFO - [2026-05-27T14:42:56.463+0000] {dagbag.py:588} INFO - Filling up the DagBag from /workspaces/meu-primeiro-etl-airflow/airflow/dags/dag_treino_titanic.py
[2026-05-27T14:42:58.025+0000] {processor.py:925} INFO - DAG(s) 'atv7_treino_titanic_v1' retrieved from /workspaces/meu-primeiro-etl-airflow/airflow/dags/dag_treino_titanic.py
[2026-05-27T14:42:58.044+0000] {logging_mixin.py:190} INFO - [2026-05-27T14:42:58.044+0000] {dag.py:3239} INFO - Sync 1 DAGs
[2026-05-27T14:42:58.052+0000] {logging_mixin.py:190} INFO - [2026-05-27T14:42:58.052+0000] {dag.py:4180} INFO - Setting next_dagrun for atv7_treino_titanic_v1 to None, run_after=None
[2026-05-27T14:42:58.067+0000] {processor.py:208} INFO - Processing /workspaces/meu-primeiro-etl-airflow/airflow/dags/dag_treino_titanic.py took 1.611 seconds
[2026-05-27T14:43:28.202+0000] {processor.py:186} INFO - Started process (PID=31049) to work on /workspaces/meu-primeiro-etl-airflow/airflow/dags/dag_treino_titanic.py
[2026-05-27T14:43:28.203+0000] {processor.py:914} INFO - Processing file /workspaces/meu-primeiro-etl-airflow/airflow/dags/dag_treino_titanic.py for tasks to queue
[2026-05-27T14:43:28.204+0000] {logging_mixin.py:190} INFO - [2026-05-27T14:43:28.204+0000] {dagbag.py:588} INFO - Filling up the DagBag from /workspaces/meu-primeiro-etl-airflow/airflow/dags/dag_treino_titanic.py
[2026-05-27T14:43:29.797+0000] {processor.py:925} INFO - DAG(s) 'atv7_treino_titanic_v1' retrieved from /workspaces/meu-primeiro-etl-airflow/airflow/dags/dag_treino_titanic.py
[2026-05-27T14:43:29.811+0000] {logging_mixin.py:190} INFO - [2026-05-27T14:43:29.810+0000] {dag.py:3239} INFO - Sync 1 DAGs
[2026-05-27T14:43:29.823+0000] {logging_mixin.py:190} INFO - [2026-05-27T14:43:29.823+0000] {dag.py:4180} INFO - Setting next_dagrun for atv7_treino_titanic_v1 to None, run_after=None
[2026-05-27T14:43:29.840+0000] {processor.py:208} INFO - Processing /workspaces/meu-primeiro-etl-airflow/airflow/dags/dag_treino_titanic.py took 1.647 seconds
[2026-05-27T14:43:59.972+0000] {processor.py:186} INFO - Started process (PID=31451) to work on /workspaces/meu-primeiro-etl-airflow/airflow/dags/dag_treino_titanic.py
[2026-05-27T14:43:59.975+0000] {processor.py:914} INFO - Processing file /workspaces/meu-primeiro-etl-airflow/airflow/dags/dag_treino_titanic.py for tasks to queue
[2026-05-27T14:43:59.977+0000] {logging_mixin.py:190} INFO - [2026-05-27T14:43:59.976+0000] {dagbag.py:588} INFO - Filling up the DagBag from /workspaces/meu-primeiro-etl-airflow/airflow/dags/dag_treino_titanic.py
[2026-05-27T14:44:01.620+0000] {processor.py:925} INFO - DAG(s) 'atv7_treino_titanic_v1' retrieved from /workspaces/meu-primeiro-etl-airflow/airflow/dags/dag_treino_titanic.py
[2026-05-27T14:44:01.634+0000] {logging_mixin.py:190} INFO - [2026-05-27T14:44:01.634+0000] {dag.py:3239} INFO - Sync 1 DAGs
[2026-05-27T14:44:01.642+0000] {logging_mixin.py:190} INFO - [2026-05-27T14:44:01.642+0000] {dag.py:4180} INFO - Setting next_dagrun for atv7_treino_titanic_v1 to None, run_after=None
[2026-05-27T14:44:01.660+0000] {processor.py:208} INFO - Processing /workspaces/meu-primeiro-etl-airflow/airflow/dags/dag_treino_titanic.py took 1.696 seconds
[2026-05-27T14:44:32.302+0000] {processor.py:186} INFO - Started process (PID=31972) to work on /workspaces/meu-primeiro-etl-airflow/airflow/dags/dag_treino_titanic.py
[2026-05-27T14:44:32.303+0000] {processor.py:914} INFO - Processing file /workspaces/meu-primeiro-etl-airflow/airflow/dags/dag_treino_titanic.py for tasks to queue
[2026-05-27T14:44:32.305+0000] {logging_mixin.py:190} INFO - [2026-05-27T14:44:32.305+0000] {dagbag.py:588} INFO - Filling up the DagBag from /workspaces/meu-primeiro-etl-airflow/airflow/dags/dag_treino_titanic.py
[2026-05-27T14:44:33.948+0000] {processor.py:925} INFO - DAG(s) 'atv7_treino_titanic_v1' retrieved from /workspaces/meu-primeiro-etl-airflow/airflow/dags/dag_treino_titanic.py
[2026-05-27T14:44:33.960+0000] {logging_mixin.py:190} INFO - [2026-05-27T14:44:33.960+0000] {dag.py:3239} INFO - Sync 1 DAGs
[2026-05-27T14:44:33.969+0000] {logging_mixin.py:190} INFO - [2026-05-27T14:44:33.969+0000] {dag.py:4180} INFO - Setting next_dagrun for atv7_treino_titanic_v1 to None, run_after=None
[2026-05-27T14:44:33.985+0000] {processor.py:208} INFO - Processing /workspaces/meu-primeiro-etl-airflow/airflow/dags/dag_treino_titanic.py took 1.703 seconds
[2026-05-27T14:45:04.406+0000] {processor.py:186} INFO - Started process (PID=32389) to work on /workspaces/meu-primeiro-etl-airflow/airflow/dags/dag_treino_titanic.py
[2026-05-27T14:45:04.407+0000] {processor.py:914} INFO - Processing file /workspaces/meu-primeiro-etl-airflow/airflow/dags/dag_treino_titanic.py for tasks to queue
[2026-05-27T14:45:04.409+0000] {logging_mixin.py:190} INFO - [2026-05-27T14:45:04.408+0000] {dagbag.py:588} INFO - Filling up the DagBag from /workspaces/meu-primeiro-etl-airflow/airflow/dags/dag_treino_titanic.py
[2026-05-27T14:45:06.221+0000] {processor.py:925} INFO - DAG(s) 'atv7_treino_titanic_v1' retrieved from /workspaces/meu-primeiro-etl-airflow/airflow/dags/dag_treino_titanic.py
[2026-05-27T14:45:06.235+0000] {logging_mixin.py:190} INFO - [2026-05-27T14:45:06.234+0000] {dag.py:3239} INFO - Sync 1 DAGs
[2026-05-27T14:45:06.244+0000] {logging_mixin.py:190} INFO - [2026-05-27T14:45:06.244+0000] {dag.py:4180} INFO - Setting next_dagrun for atv7_treino_titanic_v1 to None, run_after=None
[2026-05-27T14:45:06.260+0000] {processor.py:208} INFO - Processing /workspaces/meu-primeiro-etl-airflow/airflow/dags/dag_treino_titanic.py took 1.864 seconds
[2026-05-27T14:45:36.476+0000] {processor.py:186} INFO - Started process (PID=32843) to work on /workspaces/meu-primeiro-etl-airflow/airflow/dags/dag_treino_titanic.py
[2026-05-27T14:45:36.476+0000] {processor.py:914} INFO - Processing file /workspaces/meu-primeiro-etl-airflow/airflow/dags/dag_treino_titanic.py for tasks to queue
[2026-05-27T14:45:36.477+0000] {logging_mixin.py:190} INFO - [2026-05-27T14:45:36.477+0000] {dagbag.py:588} INFO - Filling up the DagBag from /workspaces/meu-primeiro-etl-airflow/airflow/dags/dag_treino_titanic.py
[2026-05-27T14:45:37.877+0000] {processor.py:925} INFO - DAG(s) 'atv7_treino_titanic_v1' retrieved from /workspaces/meu-primeiro-etl-airflow/airflow/dags/dag_treino_titanic.py
[2026-05-27T14:45:37.904+0000] {logging_mixin.py:190} INFO - [2026-05-27T14:45:37.903+0000] {dag.py:3239} INFO - Sync 1 DAGs
[2026-05-27T14:45:37.928+0000] {logging_mixin.py:190} INFO - [2026-05-27T14:45:37.928+0000] {dag.py:4180} INFO - Setting next_dagrun for atv7_treino_titanic_v1 to None, run_after=None
[2026-05-27T14:45:37.949+0000] {processor.py:208} INFO - Processing /workspaces/meu-primeiro-etl-airflow/airflow/dags/dag_treino_titanic.py took 1.479 seconds
[2026-05-27T14:46:08.153+0000] {processor.py:186} INFO - Started process (PID=33073) to work on /workspaces/meu-primeiro-etl-airflow/airflow/dags/dag_treino_titanic.py
[2026-05-27T14:46:08.154+0000] {processor.py:914} INFO - Processing file /workspaces/meu-primeiro-etl-airflow/airflow/dags/dag_treino_titanic.py for tasks to queue
[2026-05-27T14:46:08.155+0000] {logging_mixin.py:190} INFO - [2026-05-27T14:46:08.155+0000] {dagbag.py:588} INFO - Filling up the DagBag from /workspaces/meu-primeiro-etl-airflow/airflow/dags/dag_treino_titanic.py
[2026-05-27T14:46:09.781+0000] {processor.py:925} INFO - DAG(s) 'atv7_treino_titanic_v1' retrieved from /workspaces/meu-primeiro-etl-airflow/airflow/dags/dag_treino_titanic.py
[2026-05-27T14:46:09.794+0000] {logging_mixin.py:190} INFO - [2026-05-27T14:46:09.793+0000] {dag.py:3239} INFO - Sync 1 DAGs
[2026-05-27T14:46:09.802+0000] {logging_mixin.py:190} INFO - [2026-05-27T14:46:09.801+0000] {dag.py:4180} INFO - Setting next_dagrun for atv7_treino_titanic_v1 to None, run_after=None
[2026-05-27T14:46:09.818+0000] {processor.py:208} INFO - Processing /workspaces/meu-primeiro-etl-airflow/airflow/dags/dag_treino_titanic.py took 1.671 seconds
[2026-05-27T14:46:40.057+0000] {processor.py:186} INFO - Started process (PID=33370) to work on /workspaces/meu-primeiro-etl-airflow/airflow/dags/dag_treino_titanic.py
[2026-05-27T14:46:40.058+0000] {processor.py:914} INFO - Processing file /workspaces/meu-primeiro-etl-airflow/airflow/dags/dag_treino_titanic.py for tasks to queue
[2026-05-27T14:46:40.060+0000] {logging_mixin.py:190} INFO - [2026-05-27T14:46:40.059+0000] {dagbag.py:588} INFO - Filling up the DagBag from /workspaces/meu-primeiro-etl-airflow/airflow/dags/dag_treino_titanic.py
[2026-05-27T14:46:41.532+0000] {processor.py:925} INFO - DAG(s) 'atv7_treino_titanic_v1' retrieved from /workspaces/meu-primeiro-etl-airflow/airflow/dags/dag_treino_titanic.py
[2026-05-27T14:46:41.545+0000] {logging_mixin.py:190} INFO - [2026-05-27T14:46:41.545+0000] {dag.py:3239} INFO - Sync 1 DAGs
[2026-05-27T14:46:41.554+0000] {logging_mixin.py:190} INFO - [2026-05-27T14:46:41.554+0000] {dag.py:4180} INFO - Setting next_dagrun for atv7_treino_titanic_v1 to None, run_after=None
[2026-05-27T14:46:41.569+0000] {processor.py:208} INFO - Processing /workspaces/meu-primeiro-etl-airflow/airflow/dags/dag_treino_titanic.py took 1.525 seconds
[2026-05-27T14:47:11.898+0000] {processor.py:186} INFO - Started process (PID=33594) to work on /workspaces/meu-primeiro-etl-airflow/airflow/dags/dag_treino_titanic.py
[2026-05-27T14:47:11.899+0000] {processor.py:914} INFO - Processing file /workspaces/meu-primeiro-etl-airflow/airflow/dags/dag_treino_titanic.py for tasks to queue
[2026-05-27T14:47:11.900+0000] {logging_mixin.py:190} INFO - [2026-05-27T14:47:11.899+0000] {dagbag.py:588} INFO - Filling up the DagBag from /workspaces/meu-primeiro-etl-airflow/airflow/dags/dag_treino_titanic.py
[2026-05-27T14:47:13.212+0000] {processor.py:925} INFO - DAG(s) 'atv7_treino_titanic_v1' retrieved from /workspaces/meu-primeiro-etl-airflow/airflow/dags/dag_treino_titanic.py
[2026-05-27T14:47:13.228+0000] {logging_mixin.py:190} INFO - [2026-05-27T14:47:13.227+0000] {dag.py:3239} INFO - Sync 1 DAGs
[2026-05-27T14:47:13.239+0000] {logging_mixin.py:190} INFO - [2026-05-27T14:47:13.239+0000] {dag.py:4180} INFO - Setting next_dagrun for atv7_treino_titanic_v1 to None, run_after=None
[2026-05-27T14:47:13.257+0000] {processor.py:208} INFO - Processing /workspaces/meu-primeiro-etl-airflow/airflow/dags/dag_treino_titanic.py took 1.478 seconds
[2026-05-27T14:47:43.448+0000] {processor.py:186} INFO - Started process (PID=34110) to work on /workspaces/meu-primeiro-etl-airflow/airflow/dags/dag_treino_titanic.py
[2026-05-27T14:47:43.449+0000] {processor.py:914} INFO - Processing file /workspaces/meu-primeiro-etl-airflow/airflow/dags/dag_treino_titanic.py for tasks to queue
[2026-05-27T14:47:43.450+0000] {logging_mixin.py:190} INFO - [2026-05-27T14:47:43.450+0000] {dagbag.py:588} INFO - Filling up the DagBag from /workspaces/meu-primeiro-etl-airflow/airflow/dags/dag_treino_titanic.py
[2026-05-27T14:47:45.096+0000] {processor.py:925} INFO - DAG(s) 'atv7_treino_titanic_v1' retrieved from /workspaces/meu-primeiro-etl-airflow/airflow/dags/dag_treino_titanic.py
[2026-05-27T14:47:45.119+0000] {logging_mixin.py:190} INFO - [2026-05-27T14:47:45.119+0000] {dag.py:3239} INFO - Sync 1 DAGs
[2026-05-27T14:47:45.135+0000] {logging_mixin.py:190} INFO - [2026-05-27T14:47:45.135+0000] {dag.py:4180} INFO - Setting next_dagrun for atv7_treino_titanic_v1 to None, run_after=None
[2026-05-27T14:47:45.165+0000] {processor.py:208} INFO - Processing /workspaces/meu-primeiro-etl-airflow/airflow/dags/dag_treino_titanic.py took 1.725 seconds
[2026-05-27T14:48:19.532+0000] {processor.py:186} INFO - Started process (PID=34783) to work on /workspaces/meu-primeiro-etl-airflow/airflow/dags/dag_treino_titanic.py
[2026-05-27T14:48:19.533+0000] {processor.py:914} INFO - Processing file /workspaces/meu-primeiro-etl-airflow/airflow/dags/dag_treino_titanic.py for tasks to queue
[2026-05-27T14:48:19.534+0000] {logging_mixin.py:190} INFO - [2026-05-27T14:48:19.534+0000] {dagbag.py:588} INFO - Filling up the DagBag from /workspaces/meu-primeiro-etl-airflow/airflow/dags/dag_treino_titanic.py
[2026-05-27T14:48:21.062+0000] {processor.py:925} INFO - DAG(s) 'atv7_treino_titanic_v1' retrieved from /workspaces/meu-primeiro-etl-airflow/airflow/dags/dag_treino_titanic.py
[2026-05-27T14:48:21.074+0000] {logging_mixin.py:190} INFO - [2026-05-27T14:48:21.074+0000] {dag.py:3239} INFO - Sync 1 DAGs
[2026-05-27T14:48:21.083+0000] {logging_mixin.py:190} INFO - [2026-05-27T14:48:21.082+0000] {dag.py:4180} INFO - Setting next_dagrun for atv7_treino_titanic_v1 to None, run_after=None
[2026-05-27T14:48:21.098+0000] {processor.py:208} INFO - Processing /workspaces/meu-primeiro-etl-airflow/airflow/dags/dag_treino_titanic.py took 1.571 seconds
[2026-05-27T14:48:51.293+0000] {processor.py:186} INFO - Started process (PID=35292) to work on /workspaces/meu-primeiro-etl-airflow/airflow/dags/dag_treino_titanic.py
[2026-05-27T14:48:51.294+0000] {processor.py:914} INFO - Processing file /workspaces/meu-primeiro-etl-airflow/airflow/dags/dag_treino_titanic.py for tasks to queue
[2026-05-27T14:48:51.295+0000] {logging_mixin.py:190} INFO - [2026-05-27T14:48:51.294+0000] {dagbag.py:588} INFO - Filling up the DagBag from /workspaces/meu-primeiro-etl-airflow/airflow/dags/dag_treino_titanic.py
[2026-05-27T14:48:52.736+0000] {processor.py:925} INFO - DAG(s) 'atv7_treino_titanic_v1' retrieved from /workspaces/meu-primeiro-etl-airflow/airflow/dags/dag_treino_titanic.py
[2026-05-27T14:48:52.754+0000] {logging_mixin.py:190} INFO - [2026-05-27T14:48:52.754+0000] {dag.py:3239} INFO - Sync 1 DAGs
[2026-05-27T14:48:52.767+0000] {logging_mixin.py:190} INFO - [2026-05-27T14:48:52.767+0000] {dag.py:4180} INFO - Setting next_dagrun for atv7_treino_titanic_v1 to None, run_after=None
[2026-05-27T14:48:52.793+0000] {processor.py:208} INFO - Processing /workspaces/meu-primeiro-etl-airflow/airflow/dags/dag_treino_titanic.py took 1.509 seconds
[2026-05-27T14:49:22.972+0000] {processor.py:186} INFO - Started process (PID=35571) to work on /workspaces/meu-primeiro-etl-airflow/airflow/dags/dag_treino_titanic.py
[2026-05-27T14:49:22.973+0000] {processor.py:914} INFO - Processing file /workspaces/meu-primeiro-etl-airflow/airflow/dags/dag_treino_titanic.py for tasks to queue
[2026-05-27T14:49:22.974+0000] {logging_mixin.py:190} INFO - [2026-05-27T14:49:22.973+0000] {dagbag.py:588} INFO - Filling up the DagBag from /workspaces/meu-primeiro-etl-airflow/airflow/dags/dag_treino_titanic.py
[2026-05-27T14:49:25.007+0000] {processor.py:925} INFO - DAG(s) 'atv7_treino_titanic_v1' retrieved from /workspaces/meu-primeiro-etl-airflow/airflow/dags/dag_treino_titanic.py
[2026-05-27T14:49:25.066+0000] {logging_mixin.py:190} INFO - [2026-05-27T14:49:25.065+0000] {dag.py:3239} INFO - Sync 1 DAGs
[2026-05-27T14:49:25.098+0000] {logging_mixin.py:190} INFO - [2026-05-27T14:49:25.098+0000] {dag.py:4180} INFO - Setting next_dagrun for atv7_treino_titanic_v1 to None, run_after=None
[2026-05-27T14:49:25.175+0000] {processor.py:208} INFO - Processing /workspaces/meu-primeiro-etl-airflow/airflow/dags/dag_treino_titanic.py took 2.209 seconds
[2026-05-27T14:50:05.413+0000] {processor.py:186} INFO - Started process (PID=36318) to work on /workspaces/meu-primeiro-etl-airflow/airflow/dags/dag_treino_titanic.py
[2026-05-27T14:50:05.414+0000] {processor.py:914} INFO - Processing file /workspaces/meu-primeiro-etl-airflow/airflow/dags/dag_treino_titanic.py for tasks to queue
[2026-05-27T14:50:05.415+0000] {logging_mixin.py:190} INFO - [2026-05-27T14:50:05.414+0000] {dagbag.py:588} INFO - Filling up the DagBag from /workspaces/meu-primeiro-etl-airflow/airflow/dags/dag_treino_titanic.py
[2026-05-27T14:50:07.071+0000] {processor.py:925} INFO - DAG(s) 'atv7_treino_titanic_v1' retrieved from /workspaces/meu-primeiro-etl-airflow/airflow/dags/dag_treino_titanic.py
[2026-05-27T14:50:07.084+0000] {logging_mixin.py:190} INFO - [2026-05-27T14:50:07.084+0000] {dag.py:3239} INFO - Sync 1 DAGs
[2026-05-27T14:50:07.093+0000] {logging_mixin.py:190} INFO - [2026-05-27T14:50:07.093+0000] {dag.py:4180} INFO - Setting next_dagrun for atv7_treino_titanic_v1 to None, run_after=None
[2026-05-27T14:50:07.110+0000] {processor.py:208} INFO - Processing /workspaces/meu-primeiro-etl-airflow/airflow/dags/dag_treino_titanic.py took 1.705 seconds
[2026-05-27T14:50:38.193+0000] {processor.py:186} INFO - Started process (PID=36957) to work on /workspaces/meu-primeiro-etl-airflow/airflow/dags/dag_treino_titanic.py
[2026-05-27T14:50:38.194+0000] {processor.py:914} INFO - Processing file /workspaces/meu-primeiro-etl-airflow/airflow/dags/dag_treino_titanic.py for tasks to queue
[2026-05-27T14:50:38.195+0000] {logging_mixin.py:190} INFO - [2026-05-27T14:50:38.195+0000] {dagbag.py:588} INFO - Filling up the DagBag from /workspaces/meu-primeiro-etl-airflow/airflow/dags/dag_treino_titanic.py
[2026-05-27T14:50:39.494+0000] {processor.py:925} INFO - DAG(s) 'atv7_treino_titanic_v1' retrieved from /workspaces/meu-primeiro-etl-airflow/airflow/dags/dag_treino_titanic.py
[2026-05-27T14:50:39.508+0000] {logging_mixin.py:190} INFO - [2026-05-27T14:50:39.507+0000] {dag.py:3239} INFO - Sync 1 DAGs
[2026-05-27T14:50:39.519+0000] {logging_mixin.py:190} INFO - [2026-05-27T14:50:39.519+0000] {dag.py:4180} INFO - Setting next_dagrun for atv7_treino_titanic_v1 to None, run_after=None
[2026-05-27T14:50:39.537+0000] {processor.py:208} INFO - Processing /workspaces/meu-primeiro-etl-airflow/airflow/dags/dag_treino_titanic.py took 1.350 seconds
[2026-05-27T14:51:12.307+0000] {processor.py:186} INFO - Started process (PID=37427) to work on /workspaces/meu-primeiro-etl-airflow/airflow/dags/dag_treino_titanic.py
[2026-05-27T14:51:12.308+0000] {processor.py:914} INFO - Processing file /workspaces/meu-primeiro-etl-airflow/airflow/dags/dag_treino_titanic.py for tasks to queue
[2026-05-27T14:51:12.309+0000] {logging_mixin.py:190} INFO - [2026-05-27T14:51:12.309+0000] {dagbag.py:588} INFO - Filling up the DagBag from /workspaces/meu-primeiro-etl-airflow/airflow/dags/dag_treino_titanic.py
[2026-05-27T14:51:14.156+0000] {processor.py:925} INFO - DAG(s) 'atv7_treino_titanic_v1' retrieved from /workspaces/meu-primeiro-etl-airflow/airflow/dags/dag_treino_titanic.py
[2026-05-27T14:51:14.170+0000] {logging_mixin.py:190} INFO - [2026-05-27T14:51:14.170+0000] {dag.py:3239} INFO - Sync 1 DAGs
[2026-05-27T14:51:14.178+0000] {logging_mixin.py:190} INFO - [2026-05-27T14:51:14.178+0000] {dag.py:4180} INFO - Setting next_dagrun for atv7_treino_titanic_v1 to None, run_after=None
[2026-05-27T14:51:14.194+0000] {processor.py:208} INFO - Processing /workspaces/meu-primeiro-etl-airflow/airflow/dags/dag_treino_titanic.py took 1.893 seconds
[2026-05-27T14:51:50.549+0000] {processor.py:186} INFO - Started process (PID=38092) to work on /workspaces/meu-primeiro-etl-airflow/airflow/dags/dag_treino_titanic.py
[2026-05-27T14:51:50.550+0000] {processor.py:914} INFO - Processing file /workspaces/meu-primeiro-etl-airflow/airflow/dags/dag_treino_titanic.py for tasks to queue
[2026-05-27T14:51:50.551+0000] {logging_mixin.py:190} INFO - [2026-05-27T14:51:50.551+0000] {dagbag.py:588} INFO - Filling up the DagBag from /workspaces/meu-primeiro-etl-airflow/airflow/dags/dag_treino_titanic.py
[2026-05-27T14:51:52.100+0000] {processor.py:925} INFO - DAG(s) 'atv7_treino_titanic_v1' retrieved from /workspaces/meu-primeiro-etl-airflow/airflow/dags/dag_treino_titanic.py
[2026-05-27T14:51:52.115+0000] {logging_mixin.py:190} INFO - [2026-05-27T14:51:52.114+0000] {dag.py:3239} INFO - Sync 1 DAGs
[2026-05-27T14:51:52.126+0000] {logging_mixin.py:190} INFO - [2026-05-27T14:51:52.126+0000] {dag.py:4180} INFO - Setting next_dagrun for atv7_treino_titanic_v1 to None, run_after=None
[2026-05-27T14:51:52.143+0000] {processor.py:208} INFO - Processing /workspaces/meu-primeiro-etl-airflow/airflow/dags/dag_treino_titanic.py took 1.599 seconds
[2026-05-27T14:52:22.972+0000] {processor.py:186} INFO - Started process (PID=38720) to work on /workspaces/meu-primeiro-etl-airflow/airflow/dags/dag_treino_titanic.py
[2026-05-27T14:52:22.973+0000] {processor.py:914} INFO - Processing file /workspaces/meu-primeiro-etl-airflow/airflow/dags/dag_treino_titanic.py for tasks to queue
[2026-05-27T14:52:22.974+0000] {logging_mixin.py:190} INFO - [2026-05-27T14:52:22.974+0000] {dagbag.py:588} INFO - Filling up the DagBag from /workspaces/meu-primeiro-etl-airflow/airflow/dags/dag_treino_titanic.py
[2026-05-27T14:52:24.474+0000] {processor.py:925} INFO - DAG(s) 'atv7_treino_titanic_v1' retrieved from /workspaces/meu-primeiro-etl-airflow/airflow/dags/dag_treino_titanic.py
[2026-05-27T14:52:24.520+0000] {logging_mixin.py:190} INFO - [2026-05-27T14:52:24.519+0000] {dag.py:3239} INFO - Sync 1 DAGs
[2026-05-27T14:52:24.543+0000] {logging_mixin.py:190} INFO - [2026-05-27T14:52:24.542+0000] {dag.py:4180} INFO - Setting next_dagrun for atv7_treino_titanic_v1 to None, run_after=None
[2026-05-27T14:52:24.582+0000] {processor.py:208} INFO - Processing /workspaces/meu-primeiro-etl-airflow/airflow/dags/dag_treino_titanic.py took 1.616 seconds
[2026-05-27T14:52:54.939+0000] {processor.py:186} INFO - Started process (PID=39208) to work on /workspaces/meu-primeiro-etl-airflow/airflow/dags/dag_treino_titanic.py
[2026-05-27T14:52:54.940+0000] {processor.py:914} INFO - Processing file /workspaces/meu-primeiro-etl-airflow/airflow/dags/dag_treino_titanic.py for tasks to queue
[2026-05-27T14:52:54.941+0000] {logging_mixin.py:190} INFO - [2026-05-27T14:52:54.941+0000] {dagbag.py:588} INFO - Filling up the DagBag from /workspaces/meu-primeiro-etl-airflow/airflow/dags/dag_treino_titanic.py
[2026-05-27T14:52:56.396+0000] {processor.py:925} INFO - DAG(s) 'atv7_treino_titanic_v1' retrieved from /workspaces/meu-primeiro-etl-airflow/airflow/dags/dag_treino_titanic.py
[2026-05-27T14:52:56.414+0000] {logging_mixin.py:190} INFO - [2026-05-27T14:52:56.414+0000] {dag.py:3239} INFO - Sync 1 DAGs
[2026-05-27T14:52:56.426+0000] {logging_mixin.py:190} INFO - [2026-05-27T14:52:56.425+0000] {dag.py:4180} INFO - Setting next_dagrun for atv7_treino_titanic_v1 to None, run_after=None
[2026-05-27T14:52:56.442+0000] {processor.py:208} INFO - Processing /workspaces/meu-primeiro-etl-airflow/airflow/dags/dag_treino_titanic.py took 1.508 seconds
[2026-05-27T14:53:30.034+0000] {processor.py:186} INFO - Started process (PID=39837) to work on /workspaces/meu-primeiro-etl-airflow/airflow/dags/dag_treino_titanic.py
[2026-05-27T14:53:30.035+0000] {processor.py:914} INFO - Processing file /workspaces/meu-primeiro-etl-airflow/airflow/dags/dag_treino_titanic.py for tasks to queue
[2026-05-27T14:53:30.036+0000] {logging_mixin.py:190} INFO - [2026-05-27T14:53:30.036+0000] {dagbag.py:588} INFO - Filling up the DagBag from /workspaces/meu-primeiro-etl-airflow/airflow/dags/dag_treino_titanic.py
[2026-05-27T14:53:31.566+0000] {processor.py:925} INFO - DAG(s) 'atv7_treino_titanic_v1' retrieved from /workspaces/meu-primeiro-etl-airflow/airflow/dags/dag_treino_titanic.py
[2026-05-27T14:53:31.580+0000] {logging_mixin.py:190} INFO - [2026-05-27T14:53:31.580+0000] {dag.py:3239} INFO - Sync 1 DAGs
[2026-05-27T14:53:31.588+0000] {logging_mixin.py:190} INFO - [2026-05-27T14:53:31.588+0000] {dag.py:4180} INFO - Setting next_dagrun for atv7_treino_titanic_v1 to None, run_after=None
[2026-05-27T14:53:31.604+0000] {processor.py:208} INFO - Processing /workspaces/meu-primeiro-etl-airflow/airflow/dags/dag_treino_titanic.py took 1.576 seconds
[2026-05-27T14:54:02.457+0000] {processor.py:186} INFO - Started process (PID=40264) to work on /workspaces/meu-primeiro-etl-airflow/airflow/dags/dag_treino_titanic.py
[2026-05-27T14:54:02.459+0000] {processor.py:914} INFO - Processing file /workspaces/meu-primeiro-etl-airflow/airflow/dags/dag_treino_titanic.py for tasks to queue
[2026-05-27T14:54:02.461+0000] {logging_mixin.py:190} INFO - [2026-05-27T14:54:02.461+0000] {dagbag.py:588} INFO - Filling up the DagBag from /workspaces/meu-primeiro-etl-airflow/airflow/dags/dag_treino_titanic.py
[2026-05-27T14:54:03.867+0000] {processor.py:925} INFO - DAG(s) 'atv7_treino_titanic_v1' retrieved from /workspaces/meu-primeiro-etl-airflow/airflow/dags/dag_treino_titanic.py
[2026-05-27T14:54:03.887+0000] {logging_mixin.py:190} INFO - [2026-05-27T14:54:03.886+0000] {dag.py:3239} INFO - Sync 1 DAGs
[2026-05-27T14:54:03.898+0000] {logging_mixin.py:190} INFO - [2026-05-27T14:54:03.898+0000] {dag.py:4180} INFO - Setting next_dagrun for atv7_treino_titanic_v1 to None, run_after=None
[2026-05-27T14:54:03.941+0000] {processor.py:208} INFO - Processing /workspaces/meu-primeiro-etl-airflow/airflow/dags/dag_treino_titanic.py took 1.491 seconds
[2026-05-27T14:54:34.198+0000] {processor.py:186} INFO - Started process (PID=40533) to work on /workspaces/meu-primeiro-etl-airflow/airflow/dags/dag_treino_titanic.py
[2026-05-27T14:54:34.199+0000] {processor.py:914} INFO - Processing file /workspaces/meu-primeiro-etl-airflow/airflow/dags/dag_treino_titanic.py for tasks to queue
[2026-05-27T14:54:34.200+0000] {logging_mixin.py:190} INFO - [2026-05-27T14:54:34.200+0000] {dagbag.py:588} INFO - Filling up the DagBag from /workspaces/meu-primeiro-etl-airflow/airflow/dags/dag_treino_titanic.py
[2026-05-27T14:54:35.725+0000] {processor.py:925} INFO - DAG(s) 'atv7_treino_titanic_v1' retrieved from /workspaces/meu-primeiro-etl-airflow/airflow/dags/dag_treino_titanic.py
[2026-05-27T14:54:35.738+0000] {logging_mixin.py:190} INFO - [2026-05-27T14:54:35.738+0000] {dag.py:3239} INFO - Sync 1 DAGs
[2026-05-27T14:54:35.748+0000] {logging_mixin.py:190} INFO - [2026-05-27T14:54:35.747+0000] {dag.py:4180} INFO - Setting next_dagrun for atv7_treino_titanic_v1 to None, run_after=None
[2026-05-27T14:54:35.763+0000] {processor.py:208} INFO - Processing /workspaces/meu-primeiro-etl-airflow/airflow/dags/dag_treino_titanic.py took 1.571 seconds
[2026-05-27T14:55:08.664+0000] {processor.py:186} INFO - Started process (PID=40894) to work on /workspaces/meu-primeiro-etl-airflow/airflow/dags/dag_treino_titanic.py
[2026-05-27T14:55:08.665+0000] {processor.py:914} INFO - Processing file /workspaces/meu-primeiro-etl-airflow/airflow/dags/dag_treino_titanic.py for tasks to queue
[2026-05-27T14:55:08.666+0000] {logging_mixin.py:190} INFO - [2026-05-27T14:55:08.666+0000] {dagbag.py:588} INFO - Filling up the DagBag from /workspaces/meu-primeiro-etl-airflow/airflow/dags/dag_treino_titanic.py
[2026-05-27T14:55:10.898+0000] {processor.py:925} INFO - DAG(s) 'atv7_treino_titanic_v1' retrieved from /workspaces/meu-primeiro-etl-airflow/airflow/dags/dag_treino_titanic.py
[2026-05-27T14:55:10.911+0000] {logging_mixin.py:190} INFO - [2026-05-27T14:55:10.911+0000] {dag.py:3239} INFO - Sync 1 DAGs
[2026-05-27T14:55:10.922+0000] {logging_mixin.py:190} INFO - [2026-05-27T14:55:10.922+0000] {dag.py:4180} INFO - Setting next_dagrun for atv7_treino_titanic_v1 to None, run_after=None
[2026-05-27T14:55:10.940+0000] {processor.py:208} INFO - Processing /workspaces/meu-primeiro-etl-airflow/airflow/dags/dag_treino_titanic.py took 2.317 seconds
[2026-05-27T14:55:41.659+0000] {processor.py:186} INFO - Started process (PID=41288) to work on /workspaces/meu-primeiro-etl-airflow/airflow/dags/dag_treino_titanic.py
[2026-05-27T14:55:41.660+0000] {processor.py:914} INFO - Processing file /workspaces/meu-primeiro-etl-airflow/airflow/dags/dag_treino_titanic.py for tasks to queue
[2026-05-27T14:55:41.661+0000] {logging_mixin.py:190} INFO - [2026-05-27T14:55:41.660+0000] {dagbag.py:588} INFO - Filling up the DagBag from /workspaces/meu-primeiro-etl-airflow/airflow/dags/dag_treino_titanic.py
[2026-05-27T14:55:43.012+0000] {processor.py:925} INFO - DAG(s) 'atv7_treino_titanic_v1' retrieved from /workspaces/meu-primeiro-etl-airflow/airflow/dags/dag_treino_titanic.py
[2026-05-27T14:55:43.029+0000] {logging_mixin.py:190} INFO - [2026-05-27T14:55:43.028+0000] {dag.py:3239} INFO - Sync 1 DAGs
[2026-05-27T14:55:43.037+0000] {logging_mixin.py:190} INFO - [2026-05-27T14:55:43.037+0000] {dag.py:4180} INFO - Setting next_dagrun for atv7_treino_titanic_v1 to None, run_after=None
[2026-05-27T14:55:43.052+0000] {processor.py:208} INFO - Processing /workspaces/meu-primeiro-etl-airflow/airflow/dags/dag_treino_titanic.py took 1.400 seconds
[2026-05-27T14:56:13.840+0000] {processor.py:186} INFO - Started process (PID=41503) to work on /workspaces/meu-primeiro-etl-airflow/airflow/dags/dag_treino_titanic.py
[2026-05-27T14:56:13.840+0000] {processor.py:914} INFO - Processing file /workspaces/meu-primeiro-etl-airflow/airflow/dags/dag_treino_titanic.py for tasks to queue
[2026-05-27T14:56:13.841+0000] {logging_mixin.py:190} INFO - [2026-05-27T14:56:13.841+0000] {dagbag.py:588} INFO - Filling up the DagBag from /workspaces/meu-primeiro-etl-airflow/airflow/dags/dag_treino_titanic.py
[2026-05-27T14:56:15.312+0000] {processor.py:925} INFO - DAG(s) 'atv7_treino_titanic_v1' retrieved from /workspaces/meu-primeiro-etl-airflow/airflow/dags/dag_treino_titanic.py
[2026-05-27T14:56:15.327+0000] {logging_mixin.py:190} INFO - [2026-05-27T14:56:15.327+0000] {dag.py:3239} INFO - Sync 1 DAGs
[2026-05-27T14:56:15.335+0000] {logging_mixin.py:190} INFO - [2026-05-27T14:56:15.335+0000] {dag.py:4180} INFO - Setting next_dagrun for atv7_treino_titanic_v1 to None, run_after=None
[2026-05-27T14:56:15.352+0000] {processor.py:208} INFO - Processing /workspaces/meu-primeiro-etl-airflow/airflow/dags/dag_treino_titanic.py took 1.519 seconds
[2026-05-27T14:56:45.540+0000] {processor.py:186} INFO - Started process (PID=41794) to work on /workspaces/meu-primeiro-etl-airflow/airflow/dags/dag_treino_titanic.py
[2026-05-27T14:56:45.541+0000] {processor.py:914} INFO - Processing file /workspaces/meu-primeiro-etl-airflow/airflow/dags/dag_treino_titanic.py for tasks to queue
[2026-05-27T14:56:45.542+0000] {logging_mixin.py:190} INFO - [2026-05-27T14:56:45.542+0000] {dagbag.py:588} INFO - Filling up the DagBag from /workspaces/meu-primeiro-etl-airflow/airflow/dags/dag_treino_titanic.py
[2026-05-27T14:56:47.056+0000] {processor.py:925} INFO - DAG(s) 'atv7_treino_titanic_v1' retrieved from /workspaces/meu-primeiro-etl-airflow/airflow/dags/dag_treino_titanic.py
[2026-05-27T14:56:47.069+0000] {logging_mixin.py:190} INFO - [2026-05-27T14:56:47.068+0000] {dag.py:3239} INFO - Sync 1 DAGs
[2026-05-27T14:56:47.077+0000] {logging_mixin.py:190} INFO - [2026-05-27T14:56:47.077+0000] {dag.py:4180} INFO - Setting next_dagrun for atv7_treino_titanic_v1 to None, run_after=None
[2026-05-27T14:56:47.093+0000] {processor.py:208} INFO - Processing /workspaces/meu-primeiro-etl-airflow/airflow/dags/dag_treino_titanic.py took 1.558 seconds
[2026-05-27T14:57:17.206+0000] {processor.py:186} INFO - Started process (PID=42032) to work on /workspaces/meu-primeiro-etl-airflow/airflow/dags/dag_treino_titanic.py
[2026-05-27T14:57:17.209+0000] {processor.py:914} INFO - Processing file /workspaces/meu-primeiro-etl-airflow/airflow/dags/dag_treino_titanic.py for tasks to queue
[2026-05-27T14:57:17.211+0000] {logging_mixin.py:190} INFO - [2026-05-27T14:57:17.210+0000] {dagbag.py:588} INFO - Filling up the DagBag from /workspaces/meu-primeiro-etl-airflow/airflow/dags/dag_treino_titanic.py
[2026-05-27T14:57:18.837+0000] {processor.py:925} INFO - DAG(s) 'atv7_treino_titanic_v1' retrieved from /workspaces/meu-primeiro-etl-airflow/airflow/dags/dag_treino_titanic.py
[2026-05-27T14:57:18.852+0000] {logging_mixin.py:190} INFO - [2026-05-27T14:57:18.852+0000] {dag.py:3239} INFO - Sync 1 DAGs
[2026-05-27T14:57:18.860+0000] {logging_mixin.py:190} INFO - [2026-05-27T14:57:18.860+0000] {dag.py:4180} INFO - Setting next_dagrun for atv7_treino_titanic_v1 to None, run_after=None
[2026-05-27T14:57:18.876+0000] {processor.py:208} INFO - Processing /workspaces/meu-primeiro-etl-airflow/airflow/dags/dag_treino_titanic.py took 1.678 seconds
[2026-05-27T14:57:49.061+0000] {processor.py:186} INFO - Started process (PID=42514) to work on /workspaces/meu-primeiro-etl-airflow/airflow/dags/dag_treino_titanic.py
[2026-05-27T14:57:49.061+0000] {processor.py:914} INFO - Processing file /workspaces/meu-primeiro-etl-airflow/airflow/dags/dag_treino_titanic.py for tasks to queue
[2026-05-27T14:57:49.062+0000] {logging_mixin.py:190} INFO - [2026-05-27T14:57:49.062+0000] {dagbag.py:588} INFO - Filling up the DagBag from /workspaces/meu-primeiro-etl-airflow/airflow/dags/dag_treino_titanic.py
[2026-05-27T14:57:50.806+0000] {processor.py:925} INFO - DAG(s) 'atv7_treino_titanic_v1' retrieved from /workspaces/meu-primeiro-etl-airflow/airflow/dags/dag_treino_titanic.py
[2026-05-27T14:57:50.822+0000] {logging_mixin.py:190} INFO - [2026-05-27T14:57:50.822+0000] {dag.py:3239} INFO - Sync 1 DAGs
[2026-05-27T14:57:50.833+0000] {logging_mixin.py:190} INFO - [2026-05-27T14:57:50.832+0000] {dag.py:4180} INFO - Setting next_dagrun for atv7_treino_titanic_v1 to None, run_after=None
[2026-05-27T14:57:50.849+0000] {processor.py:208} INFO - Processing /workspaces/meu-primeiro-etl-airflow/airflow/dags/dag_treino_titanic.py took 1.794 seconds
[2026-05-27T14:58:21.248+0000] {processor.py:186} INFO - Started process (PID=42818) to work on /workspaces/meu-primeiro-etl-airflow/airflow/dags/dag_treino_titanic.py
[2026-05-27T14:58:21.248+0000] {processor.py:914} INFO - Processing file /workspaces/meu-primeiro-etl-airflow/airflow/dags/dag_treino_titanic.py for tasks to queue
[2026-05-27T14:58:21.249+0000] {logging_mixin.py:190} INFO - [2026-05-27T14:58:21.249+0000] {dagbag.py:588} INFO - Filling up the DagBag from /workspaces/meu-primeiro-etl-airflow/airflow/dags/dag_treino_titanic.py
[2026-05-27T14:58:22.586+0000] {processor.py:925} INFO - DAG(s) 'atv7_treino_titanic_v1' retrieved from /workspaces/meu-primeiro-etl-airflow/airflow/dags/dag_treino_titanic.py
[2026-05-27T14:58:22.598+0000] {logging_mixin.py:190} INFO - [2026-05-27T14:58:22.598+0000] {dag.py:3239} INFO - Sync 1 DAGs
[2026-05-27T14:58:22.607+0000] {logging_mixin.py:190} INFO - [2026-05-27T14:58:22.607+0000] {dag.py:4180} INFO - Setting next_dagrun for atv7_treino_titanic_v1 to None, run_after=None
[2026-05-27T14:58:22.625+0000] {processor.py:208} INFO - Processing /workspaces/meu-primeiro-etl-airflow/airflow/dags/dag_treino_titanic.py took 1.384 seconds
