[2026-05-27T14:32:40.221+0000] {processor.py:186} INFO - Started process (PID=24456) to work on /workspaces/meu-primeiro-etl-airflow/airflow/dags/dag_inferencia_titanic.py
[2026-05-27T14:32:40.222+0000] {processor.py:914} INFO - Processing file /workspaces/meu-primeiro-etl-airflow/airflow/dags/dag_inferencia_titanic.py for tasks to queue
[2026-05-27T14:32:40.224+0000] {logging_mixin.py:190} INFO - [2026-05-27T14:32:40.224+0000] {dagbag.py:588} INFO - Filling up the DagBag from /workspaces/meu-primeiro-etl-airflow/airflow/dags/dag_inferencia_titanic.py
[2026-05-27T14:32:41.665+0000] {processor.py:925} INFO - DAG(s) 'atv7_inferencia_titanic_v1' retrieved from /workspaces/meu-primeiro-etl-airflow/airflow/dags/dag_inferencia_titanic.py
[2026-05-27T14:32:41.677+0000] {logging_mixin.py:190} INFO - [2026-05-27T14:32:41.676+0000] {dag.py:3239} INFO - Sync 1 DAGs
[2026-05-27T14:32:41.686+0000] {logging_mixin.py:190} INFO - [2026-05-27T14:32:41.685+0000] {dag.py:4180} INFO - Setting next_dagrun for atv7_inferencia_titanic_v1 to None, run_after=None
[2026-05-27T14:32:41.700+0000] {processor.py:208} INFO - Processing /workspaces/meu-primeiro-etl-airflow/airflow/dags/dag_inferencia_titanic.py took 1.486 seconds
[2026-05-27T14:33:12.047+0000] {processor.py:186} INFO - Started process (PID=24712) to work on /workspaces/meu-primeiro-etl-airflow/airflow/dags/dag_inferencia_titanic.py
[2026-05-27T14:33:12.048+0000] {processor.py:914} INFO - Processing file /workspaces/meu-primeiro-etl-airflow/airflow/dags/dag_inferencia_titanic.py for tasks to queue
[2026-05-27T14:33:12.050+0000] {logging_mixin.py:190} INFO - [2026-05-27T14:33:12.049+0000] {dagbag.py:588} INFO - Filling up the DagBag from /workspaces/meu-primeiro-etl-airflow/airflow/dags/dag_inferencia_titanic.py
[2026-05-27T14:33:13.244+0000] {processor.py:925} INFO - DAG(s) 'atv7_inferencia_titanic_v1' retrieved from /workspaces/meu-primeiro-etl-airflow/airflow/dags/dag_inferencia_titanic.py
[2026-05-27T14:33:13.256+0000] {logging_mixin.py:190} INFO - [2026-05-27T14:33:13.255+0000] {dag.py:3239} INFO - Sync 1 DAGs
[2026-05-27T14:33:13.264+0000] {logging_mixin.py:190} INFO - [2026-05-27T14:33:13.263+0000] {dag.py:4180} INFO - Setting next_dagrun for atv7_inferencia_titanic_v1 to None, run_after=None
[2026-05-27T14:33:13.278+0000] {processor.py:208} INFO - Processing /workspaces/meu-primeiro-etl-airflow/airflow/dags/dag_inferencia_titanic.py took 1.235 seconds
[2026-05-27T14:33:44.303+0000] {processor.py:186} INFO - Started process (PID=25065) to work on /workspaces/meu-primeiro-etl-airflow/airflow/dags/dag_inferencia_titanic.py
[2026-05-27T14:33:44.304+0000] {processor.py:914} INFO - Processing file /workspaces/meu-primeiro-etl-airflow/airflow/dags/dag_inferencia_titanic.py for tasks to queue
[2026-05-27T14:33:44.305+0000] {logging_mixin.py:190} INFO - [2026-05-27T14:33:44.304+0000] {dagbag.py:588} INFO - Filling up the DagBag from /workspaces/meu-primeiro-etl-airflow/airflow/dags/dag_inferencia_titanic.py
[2026-05-27T14:33:46.020+0000] {processor.py:925} INFO - DAG(s) 'atv7_inferencia_titanic_v1' retrieved from /workspaces/meu-primeiro-etl-airflow/airflow/dags/dag_inferencia_titanic.py
[2026-05-27T14:33:46.036+0000] {logging_mixin.py:190} INFO - [2026-05-27T14:33:46.035+0000] {dag.py:3239} INFO - Sync 1 DAGs
[2026-05-27T14:33:46.049+0000] {logging_mixin.py:190} INFO - [2026-05-27T14:33:46.049+0000] {dag.py:4180} INFO - Setting next_dagrun for atv7_inferencia_titanic_v1 to None, run_after=None
[2026-05-27T14:33:46.065+0000] {processor.py:208} INFO - Processing /workspaces/meu-primeiro-etl-airflow/airflow/dags/dag_inferencia_titanic.py took 1.766 seconds
[2026-05-27T14:34:17.064+0000] {processor.py:186} INFO - Started process (PID=25372) to work on /workspaces/meu-primeiro-etl-airflow/airflow/dags/dag_inferencia_titanic.py
[2026-05-27T14:34:17.065+0000] {processor.py:914} INFO - Processing file /workspaces/meu-primeiro-etl-airflow/airflow/dags/dag_inferencia_titanic.py for tasks to queue
[2026-05-27T14:34:17.067+0000] {logging_mixin.py:190} INFO - [2026-05-27T14:34:17.066+0000] {dagbag.py:588} INFO - Filling up the DagBag from /workspaces/meu-primeiro-etl-airflow/airflow/dags/dag_inferencia_titanic.py
[2026-05-27T14:34:18.539+0000] {processor.py:925} INFO - DAG(s) 'atv7_inferencia_titanic_v1' retrieved from /workspaces/meu-primeiro-etl-airflow/airflow/dags/dag_inferencia_titanic.py
[2026-05-27T14:34:18.551+0000] {logging_mixin.py:190} INFO - [2026-05-27T14:34:18.551+0000] {dag.py:3239} INFO - Sync 1 DAGs
[2026-05-27T14:34:18.559+0000] {logging_mixin.py:190} INFO - [2026-05-27T14:34:18.559+0000] {dag.py:4180} INFO - Setting next_dagrun for atv7_inferencia_titanic_v1 to None, run_after=None
[2026-05-27T14:34:18.575+0000] {processor.py:208} INFO - Processing /workspaces/meu-primeiro-etl-airflow/airflow/dags/dag_inferencia_titanic.py took 1.517 seconds
[2026-05-27T14:34:49.112+0000] {processor.py:186} INFO - Started process (PID=25606) to work on /workspaces/meu-primeiro-etl-airflow/airflow/dags/dag_inferencia_titanic.py
[2026-05-27T14:34:49.113+0000] {processor.py:914} INFO - Processing file /workspaces/meu-primeiro-etl-airflow/airflow/dags/dag_inferencia_titanic.py for tasks to queue
[2026-05-27T14:34:49.114+0000] {logging_mixin.py:190} INFO - [2026-05-27T14:34:49.113+0000] {dagbag.py:588} INFO - Filling up the DagBag from /workspaces/meu-primeiro-etl-airflow/airflow/dags/dag_inferencia_titanic.py
[2026-05-27T14:34:50.515+0000] {processor.py:925} INFO - DAG(s) 'atv7_inferencia_titanic_v1' retrieved from /workspaces/meu-primeiro-etl-airflow/airflow/dags/dag_inferencia_titanic.py
[2026-05-27T14:34:50.536+0000] {logging_mixin.py:190} INFO - [2026-05-27T14:34:50.535+0000] {dag.py:3239} INFO - Sync 1 DAGs
[2026-05-27T14:34:50.549+0000] {logging_mixin.py:190} INFO - [2026-05-27T14:34:50.549+0000] {dag.py:4180} INFO - Setting next_dagrun for atv7_inferencia_titanic_v1 to None, run_after=None
[2026-05-27T14:34:50.576+0000] {processor.py:208} INFO - Processing /workspaces/meu-primeiro-etl-airflow/airflow/dags/dag_inferencia_titanic.py took 1.470 seconds
[2026-05-27T14:35:21.483+0000] {processor.py:186} INFO - Started process (PID=25909) to work on /workspaces/meu-primeiro-etl-airflow/airflow/dags/dag_inferencia_titanic.py
[2026-05-27T14:35:21.484+0000] {processor.py:914} INFO - Processing file /workspaces/meu-primeiro-etl-airflow/airflow/dags/dag_inferencia_titanic.py for tasks to queue
[2026-05-27T14:35:21.485+0000] {logging_mixin.py:190} INFO - [2026-05-27T14:35:21.484+0000] {dagbag.py:588} INFO - Filling up the DagBag from /workspaces/meu-primeiro-etl-airflow/airflow/dags/dag_inferencia_titanic.py
[2026-05-27T14:35:23.189+0000] {processor.py:925} INFO - DAG(s) 'atv7_inferencia_titanic_v1' retrieved from /workspaces/meu-primeiro-etl-airflow/airflow/dags/dag_inferencia_titanic.py
[2026-05-27T14:35:23.202+0000] {logging_mixin.py:190} INFO - [2026-05-27T14:35:23.201+0000] {dag.py:3239} INFO - Sync 1 DAGs
[2026-05-27T14:35:23.211+0000] {logging_mixin.py:190} INFO - [2026-05-27T14:35:23.211+0000] {dag.py:4180} INFO - Setting next_dagrun for atv7_inferencia_titanic_v1 to None, run_after=None
[2026-05-27T14:35:23.228+0000] {processor.py:208} INFO - Processing /workspaces/meu-primeiro-etl-airflow/airflow/dags/dag_inferencia_titanic.py took 1.749 seconds
[2026-05-27T14:35:53.997+0000] {processor.py:186} INFO - Started process (PID=26147) to work on /workspaces/meu-primeiro-etl-airflow/airflow/dags/dag_inferencia_titanic.py
[2026-05-27T14:35:53.998+0000] {processor.py:914} INFO - Processing file /workspaces/meu-primeiro-etl-airflow/airflow/dags/dag_inferencia_titanic.py for tasks to queue
[2026-05-27T14:35:53.999+0000] {logging_mixin.py:190} INFO - [2026-05-27T14:35:53.998+0000] {dagbag.py:588} INFO - Filling up the DagBag from /workspaces/meu-primeiro-etl-airflow/airflow/dags/dag_inferencia_titanic.py
[2026-05-27T14:35:55.537+0000] {processor.py:925} INFO - DAG(s) 'atv7_inferencia_titanic_v1' retrieved from /workspaces/meu-primeiro-etl-airflow/airflow/dags/dag_inferencia_titanic.py
[2026-05-27T14:35:55.552+0000] {logging_mixin.py:190} INFO - [2026-05-27T14:35:55.552+0000] {dag.py:3239} INFO - Sync 1 DAGs
[2026-05-27T14:35:55.561+0000] {logging_mixin.py:190} INFO - [2026-05-27T14:35:55.561+0000] {dag.py:4180} INFO - Setting next_dagrun for atv7_inferencia_titanic_v1 to None, run_after=None
[2026-05-27T14:35:55.578+0000] {processor.py:208} INFO - Processing /workspaces/meu-primeiro-etl-airflow/airflow/dags/dag_inferencia_titanic.py took 1.585 seconds
[2026-05-27T14:36:25.695+0000] {processor.py:186} INFO - Started process (PID=26467) to work on /workspaces/meu-primeiro-etl-airflow/airflow/dags/dag_inferencia_titanic.py
[2026-05-27T14:36:25.696+0000] {processor.py:914} INFO - Processing file /workspaces/meu-primeiro-etl-airflow/airflow/dags/dag_inferencia_titanic.py for tasks to queue
[2026-05-27T14:36:25.697+0000] {logging_mixin.py:190} INFO - [2026-05-27T14:36:25.697+0000] {dagbag.py:588} INFO - Filling up the DagBag from /workspaces/meu-primeiro-etl-airflow/airflow/dags/dag_inferencia_titanic.py
[2026-05-27T14:36:27.030+0000] {processor.py:925} INFO - DAG(s) 'atv7_inferencia_titanic_v1' retrieved from /workspaces/meu-primeiro-etl-airflow/airflow/dags/dag_inferencia_titanic.py
[2026-05-27T14:36:27.043+0000] {logging_mixin.py:190} INFO - [2026-05-27T14:36:27.042+0000] {dag.py:3239} INFO - Sync 1 DAGs
[2026-05-27T14:36:27.051+0000] {logging_mixin.py:190} INFO - [2026-05-27T14:36:27.050+0000] {dag.py:4180} INFO - Setting next_dagrun for atv7_inferencia_titanic_v1 to None, run_after=None
[2026-05-27T14:36:27.069+0000] {processor.py:208} INFO - Processing /workspaces/meu-primeiro-etl-airflow/airflow/dags/dag_inferencia_titanic.py took 1.379 seconds
[2026-05-27T14:36:57.394+0000] {processor.py:186} INFO - Started process (PID=26855) to work on /workspaces/meu-primeiro-etl-airflow/airflow/dags/dag_inferencia_titanic.py
[2026-05-27T14:36:57.395+0000] {processor.py:914} INFO - Processing file /workspaces/meu-primeiro-etl-airflow/airflow/dags/dag_inferencia_titanic.py for tasks to queue
[2026-05-27T14:36:57.396+0000] {logging_mixin.py:190} INFO - [2026-05-27T14:36:57.395+0000] {dagbag.py:588} INFO - Filling up the DagBag from /workspaces/meu-primeiro-etl-airflow/airflow/dags/dag_inferencia_titanic.py
[2026-05-27T14:36:58.790+0000] {processor.py:925} INFO - DAG(s) 'atv7_inferencia_titanic_v1' retrieved from /workspaces/meu-primeiro-etl-airflow/airflow/dags/dag_inferencia_titanic.py
[2026-05-27T14:36:58.815+0000] {logging_mixin.py:190} INFO - [2026-05-27T14:36:58.815+0000] {dag.py:3239} INFO - Sync 1 DAGs
[2026-05-27T14:36:58.847+0000] {logging_mixin.py:190} INFO - [2026-05-27T14:36:58.847+0000] {dag.py:4180} INFO - Setting next_dagrun for atv7_inferencia_titanic_v1 to None, run_after=None
[2026-05-27T14:36:58.863+0000] {processor.py:208} INFO - Processing /workspaces/meu-primeiro-etl-airflow/airflow/dags/dag_inferencia_titanic.py took 1.477 seconds
[2026-05-27T14:37:29.099+0000] {processor.py:186} INFO - Started process (PID=27194) to work on /workspaces/meu-primeiro-etl-airflow/airflow/dags/dag_inferencia_titanic.py
[2026-05-27T14:37:29.100+0000] {processor.py:914} INFO - Processing file /workspaces/meu-primeiro-etl-airflow/airflow/dags/dag_inferencia_titanic.py for tasks to queue
[2026-05-27T14:37:29.101+0000] {logging_mixin.py:190} INFO - [2026-05-27T14:37:29.101+0000] {dagbag.py:588} INFO - Filling up the DagBag from /workspaces/meu-primeiro-etl-airflow/airflow/dags/dag_inferencia_titanic.py
[2026-05-27T14:37:30.656+0000] {processor.py:925} INFO - DAG(s) 'atv7_inferencia_titanic_v1' retrieved from /workspaces/meu-primeiro-etl-airflow/airflow/dags/dag_inferencia_titanic.py
[2026-05-27T14:37:30.674+0000] {logging_mixin.py:190} INFO - [2026-05-27T14:37:30.674+0000] {dag.py:3239} INFO - Sync 1 DAGs
[2026-05-27T14:37:30.687+0000] {logging_mixin.py:190} INFO - [2026-05-27T14:37:30.687+0000] {dag.py:4180} INFO - Setting next_dagrun for atv7_inferencia_titanic_v1 to None, run_after=None
[2026-05-27T14:37:30.706+0000] {processor.py:208} INFO - Processing /workspaces/meu-primeiro-etl-airflow/airflow/dags/dag_inferencia_titanic.py took 1.611 seconds
[2026-05-27T14:38:01.033+0000] {processor.py:186} INFO - Started process (PID=27412) to work on /workspaces/meu-primeiro-etl-airflow/airflow/dags/dag_inferencia_titanic.py
[2026-05-27T14:38:01.034+0000] {processor.py:914} INFO - Processing file /workspaces/meu-primeiro-etl-airflow/airflow/dags/dag_inferencia_titanic.py for tasks to queue
[2026-05-27T14:38:01.035+0000] {logging_mixin.py:190} INFO - [2026-05-27T14:38:01.034+0000] {dagbag.py:588} INFO - Filling up the DagBag from /workspaces/meu-primeiro-etl-airflow/airflow/dags/dag_inferencia_titanic.py
[2026-05-27T14:38:02.369+0000] {processor.py:925} INFO - DAG(s) 'atv7_inferencia_titanic_v1' retrieved from /workspaces/meu-primeiro-etl-airflow/airflow/dags/dag_inferencia_titanic.py
[2026-05-27T14:38:02.385+0000] {logging_mixin.py:190} INFO - [2026-05-27T14:38:02.385+0000] {dag.py:3239} INFO - Sync 1 DAGs
[2026-05-27T14:38:02.402+0000] {logging_mixin.py:190} INFO - [2026-05-27T14:38:02.402+0000] {dag.py:4180} INFO - Setting next_dagrun for atv7_inferencia_titanic_v1 to None, run_after=None
[2026-05-27T14:38:02.428+0000] {processor.py:208} INFO - Processing /workspaces/meu-primeiro-etl-airflow/airflow/dags/dag_inferencia_titanic.py took 1.401 seconds
[2026-05-27T14:38:32.990+0000] {processor.py:186} INFO - Started process (PID=27703) to work on /workspaces/meu-primeiro-etl-airflow/airflow/dags/dag_inferencia_titanic.py
[2026-05-27T14:38:32.990+0000] {processor.py:914} INFO - Processing file /workspaces/meu-primeiro-etl-airflow/airflow/dags/dag_inferencia_titanic.py for tasks to queue
[2026-05-27T14:38:32.991+0000] {logging_mixin.py:190} INFO - [2026-05-27T14:38:32.991+0000] {dagbag.py:588} INFO - Filling up the DagBag from /workspaces/meu-primeiro-etl-airflow/airflow/dags/dag_inferencia_titanic.py
[2026-05-27T14:38:34.378+0000] {processor.py:925} INFO - DAG(s) 'atv7_inferencia_titanic_v1' retrieved from /workspaces/meu-primeiro-etl-airflow/airflow/dags/dag_inferencia_titanic.py
[2026-05-27T14:38:34.393+0000] {logging_mixin.py:190} INFO - [2026-05-27T14:38:34.393+0000] {dag.py:3239} INFO - Sync 1 DAGs
[2026-05-27T14:38:34.435+0000] {logging_mixin.py:190} INFO - [2026-05-27T14:38:34.434+0000] {dag.py:4180} INFO - Setting next_dagrun for atv7_inferencia_titanic_v1 to None, run_after=None
[2026-05-27T14:38:34.461+0000] {processor.py:208} INFO - Processing /workspaces/meu-primeiro-etl-airflow/airflow/dags/dag_inferencia_titanic.py took 1.477 seconds
[2026-05-27T14:39:04.882+0000] {processor.py:186} INFO - Started process (PID=27916) to work on /workspaces/meu-primeiro-etl-airflow/airflow/dags/dag_inferencia_titanic.py
[2026-05-27T14:39:04.883+0000] {processor.py:914} INFO - Processing file /workspaces/meu-primeiro-etl-airflow/airflow/dags/dag_inferencia_titanic.py for tasks to queue
[2026-05-27T14:39:04.884+0000] {logging_mixin.py:190} INFO - [2026-05-27T14:39:04.884+0000] {dagbag.py:588} INFO - Filling up the DagBag from /workspaces/meu-primeiro-etl-airflow/airflow/dags/dag_inferencia_titanic.py
[2026-05-27T14:39:06.234+0000] {processor.py:925} INFO - DAG(s) 'atv7_inferencia_titanic_v1' retrieved from /workspaces/meu-primeiro-etl-airflow/airflow/dags/dag_inferencia_titanic.py
[2026-05-27T14:39:06.246+0000] {logging_mixin.py:190} INFO - [2026-05-27T14:39:06.246+0000] {dag.py:3239} INFO - Sync 1 DAGs
[2026-05-27T14:39:06.254+0000] {logging_mixin.py:190} INFO - [2026-05-27T14:39:06.254+0000] {dag.py:4180} INFO - Setting next_dagrun for atv7_inferencia_titanic_v1 to None, run_after=None
[2026-05-27T14:39:06.270+0000] {processor.py:208} INFO - Processing /workspaces/meu-primeiro-etl-airflow/airflow/dags/dag_inferencia_titanic.py took 1.392 seconds
[2026-05-27T14:39:37.296+0000] {processor.py:186} INFO - Started process (PID=28753) to work on /workspaces/meu-primeiro-etl-airflow/airflow/dags/dag_inferencia_titanic.py
[2026-05-27T14:39:37.297+0000] {processor.py:914} INFO - Processing file /workspaces/meu-primeiro-etl-airflow/airflow/dags/dag_inferencia_titanic.py for tasks to queue
[2026-05-27T14:39:37.298+0000] {logging_mixin.py:190} INFO - [2026-05-27T14:39:37.298+0000] {dagbag.py:588} INFO - Filling up the DagBag from /workspaces/meu-primeiro-etl-airflow/airflow/dags/dag_inferencia_titanic.py
[2026-05-27T14:39:40.007+0000] {processor.py:925} INFO - DAG(s) 'atv7_inferencia_titanic_v1' retrieved from /workspaces/meu-primeiro-etl-airflow/airflow/dags/dag_inferencia_titanic.py
[2026-05-27T14:39:40.026+0000] {logging_mixin.py:190} INFO - [2026-05-27T14:39:40.026+0000] {dag.py:3239} INFO - Sync 1 DAGs
[2026-05-27T14:39:40.043+0000] {logging_mixin.py:190} INFO - [2026-05-27T14:39:40.043+0000] {dag.py:4180} INFO - Setting next_dagrun for atv7_inferencia_titanic_v1 to None, run_after=None
[2026-05-27T14:39:40.139+0000] {processor.py:208} INFO - Processing /workspaces/meu-primeiro-etl-airflow/airflow/dags/dag_inferencia_titanic.py took 2.854 seconds
[2026-05-27T14:40:18.875+0000] {processor.py:186} INFO - Started process (PID=29281) to work on /workspaces/meu-primeiro-etl-airflow/airflow/dags/dag_inferencia_titanic.py
[2026-05-27T14:40:18.876+0000] {processor.py:914} INFO - Processing file /workspaces/meu-primeiro-etl-airflow/airflow/dags/dag_inferencia_titanic.py for tasks to queue
[2026-05-27T14:40:18.877+0000] {logging_mixin.py:190} INFO - [2026-05-27T14:40:18.877+0000] {dagbag.py:588} INFO - Filling up the DagBag from /workspaces/meu-primeiro-etl-airflow/airflow/dags/dag_inferencia_titanic.py
[2026-05-27T14:40:20.375+0000] {processor.py:925} INFO - DAG(s) 'atv7_inferencia_titanic_v1' retrieved from /workspaces/meu-primeiro-etl-airflow/airflow/dags/dag_inferencia_titanic.py
[2026-05-27T14:40:20.387+0000] {logging_mixin.py:190} INFO - [2026-05-27T14:40:20.387+0000] {dag.py:3239} INFO - Sync 1 DAGs
[2026-05-27T14:40:20.398+0000] {logging_mixin.py:190} INFO - [2026-05-27T14:40:20.398+0000] {dag.py:4180} INFO - Setting next_dagrun for atv7_inferencia_titanic_v1 to None, run_after=None
[2026-05-27T14:40:20.416+0000] {processor.py:208} INFO - Processing /workspaces/meu-primeiro-etl-airflow/airflow/dags/dag_inferencia_titanic.py took 1.547 seconds
[2026-05-27T14:40:50.936+0000] {processor.py:186} INFO - Started process (PID=29575) to work on /workspaces/meu-primeiro-etl-airflow/airflow/dags/dag_inferencia_titanic.py
[2026-05-27T14:40:50.937+0000] {processor.py:914} INFO - Processing file /workspaces/meu-primeiro-etl-airflow/airflow/dags/dag_inferencia_titanic.py for tasks to queue
[2026-05-27T14:40:50.938+0000] {logging_mixin.py:190} INFO - [2026-05-27T14:40:50.938+0000] {dagbag.py:588} INFO - Filling up the DagBag from /workspaces/meu-primeiro-etl-airflow/airflow/dags/dag_inferencia_titanic.py
[2026-05-27T14:40:52.464+0000] {processor.py:925} INFO - DAG(s) 'atv7_inferencia_titanic_v1' retrieved from /workspaces/meu-primeiro-etl-airflow/airflow/dags/dag_inferencia_titanic.py
[2026-05-27T14:40:52.483+0000] {logging_mixin.py:190} INFO - [2026-05-27T14:40:52.483+0000] {dag.py:3239} INFO - Sync 1 DAGs
[2026-05-27T14:40:52.496+0000] {logging_mixin.py:190} INFO - [2026-05-27T14:40:52.495+0000] {dag.py:4180} INFO - Setting next_dagrun for atv7_inferencia_titanic_v1 to None, run_after=None
[2026-05-27T14:40:52.513+0000] {processor.py:208} INFO - Processing /workspaces/meu-primeiro-etl-airflow/airflow/dags/dag_inferencia_titanic.py took 1.583 seconds
[2026-05-27T14:41:22.882+0000] {processor.py:186} INFO - Started process (PID=29877) to work on /workspaces/meu-primeiro-etl-airflow/airflow/dags/dag_inferencia_titanic.py
[2026-05-27T14:41:22.883+0000] {processor.py:914} INFO - Processing file /workspaces/meu-primeiro-etl-airflow/airflow/dags/dag_inferencia_titanic.py for tasks to queue
[2026-05-27T14:41:22.884+0000] {logging_mixin.py:190} INFO - [2026-05-27T14:41:22.883+0000] {dagbag.py:588} INFO - Filling up the DagBag from /workspaces/meu-primeiro-etl-airflow/airflow/dags/dag_inferencia_titanic.py
[2026-05-27T14:41:24.456+0000] {processor.py:925} INFO - DAG(s) 'atv7_inferencia_titanic_v1' retrieved from /workspaces/meu-primeiro-etl-airflow/airflow/dags/dag_inferencia_titanic.py
[2026-05-27T14:41:24.469+0000] {logging_mixin.py:190} INFO - [2026-05-27T14:41:24.469+0000] {dag.py:3239} INFO - Sync 1 DAGs
[2026-05-27T14:41:24.477+0000] {logging_mixin.py:190} INFO - [2026-05-27T14:41:24.477+0000] {dag.py:4180} INFO - Setting next_dagrun for atv7_inferencia_titanic_v1 to None, run_after=None
[2026-05-27T14:41:24.492+0000] {processor.py:208} INFO - Processing /workspaces/meu-primeiro-etl-airflow/airflow/dags/dag_inferencia_titanic.py took 1.616 seconds
[2026-05-27T14:41:54.832+0000] {processor.py:186} INFO - Started process (PID=30118) to work on /workspaces/meu-primeiro-etl-airflow/airflow/dags/dag_inferencia_titanic.py
[2026-05-27T14:41:54.833+0000] {processor.py:914} INFO - Processing file /workspaces/meu-primeiro-etl-airflow/airflow/dags/dag_inferencia_titanic.py for tasks to queue
[2026-05-27T14:41:54.834+0000] {logging_mixin.py:190} INFO - [2026-05-27T14:41:54.834+0000] {dagbag.py:588} INFO - Filling up the DagBag from /workspaces/meu-primeiro-etl-airflow/airflow/dags/dag_inferencia_titanic.py
[2026-05-27T14:41:58.111+0000] {processor.py:925} INFO - DAG(s) 'atv7_inferencia_titanic_v1' retrieved from /workspaces/meu-primeiro-etl-airflow/airflow/dags/dag_inferencia_titanic.py
[2026-05-27T14:41:58.150+0000] {logging_mixin.py:190} INFO - [2026-05-27T14:41:58.147+0000] {dag.py:3239} INFO - Sync 1 DAGs
[2026-05-27T14:41:58.162+0000] {logging_mixin.py:190} INFO - [2026-05-27T14:41:58.162+0000] {dag.py:4180} INFO - Setting next_dagrun for atv7_inferencia_titanic_v1 to None, run_after=None
[2026-05-27T14:41:58.216+0000] {processor.py:208} INFO - Processing /workspaces/meu-primeiro-etl-airflow/airflow/dags/dag_inferencia_titanic.py took 3.394 seconds
[2026-05-27T14:42:29.191+0000] {processor.py:186} INFO - Started process (PID=30486) to work on /workspaces/meu-primeiro-etl-airflow/airflow/dags/dag_inferencia_titanic.py
[2026-05-27T14:42:29.192+0000] {processor.py:914} INFO - Processing file /workspaces/meu-primeiro-etl-airflow/airflow/dags/dag_inferencia_titanic.py for tasks to queue
[2026-05-27T14:42:29.193+0000] {logging_mixin.py:190} INFO - [2026-05-27T14:42:29.193+0000] {dagbag.py:588} INFO - Filling up the DagBag from /workspaces/meu-primeiro-etl-airflow/airflow/dags/dag_inferencia_titanic.py
[2026-05-27T14:42:30.747+0000] {processor.py:925} INFO - DAG(s) 'atv7_inferencia_titanic_v1' retrieved from /workspaces/meu-primeiro-etl-airflow/airflow/dags/dag_inferencia_titanic.py
[2026-05-27T14:42:30.759+0000] {logging_mixin.py:190} INFO - [2026-05-27T14:42:30.758+0000] {dag.py:3239} INFO - Sync 1 DAGs
[2026-05-27T14:42:30.769+0000] {logging_mixin.py:190} INFO - [2026-05-27T14:42:30.769+0000] {dag.py:4180} INFO - Setting next_dagrun for atv7_inferencia_titanic_v1 to None, run_after=None
[2026-05-27T14:42:30.789+0000] {processor.py:208} INFO - Processing /workspaces/meu-primeiro-etl-airflow/airflow/dags/dag_inferencia_titanic.py took 1.603 seconds
[2026-05-27T14:43:01.196+0000] {processor.py:186} INFO - Started process (PID=30707) to work on /workspaces/meu-primeiro-etl-airflow/airflow/dags/dag_inferencia_titanic.py
[2026-05-27T14:43:01.196+0000] {processor.py:914} INFO - Processing file /workspaces/meu-primeiro-etl-airflow/airflow/dags/dag_inferencia_titanic.py for tasks to queue
[2026-05-27T14:43:01.197+0000] {logging_mixin.py:190} INFO - [2026-05-27T14:43:01.197+0000] {dagbag.py:588} INFO - Filling up the DagBag from /workspaces/meu-primeiro-etl-airflow/airflow/dags/dag_inferencia_titanic.py
[2026-05-27T14:43:02.645+0000] {processor.py:925} INFO - DAG(s) 'atv7_inferencia_titanic_v1' retrieved from /workspaces/meu-primeiro-etl-airflow/airflow/dags/dag_inferencia_titanic.py
[2026-05-27T14:43:02.656+0000] {logging_mixin.py:190} INFO - [2026-05-27T14:43:02.656+0000] {dag.py:3239} INFO - Sync 1 DAGs
[2026-05-27T14:43:02.665+0000] {logging_mixin.py:190} INFO - [2026-05-27T14:43:02.664+0000] {dag.py:4180} INFO - Setting next_dagrun for atv7_inferencia_titanic_v1 to None, run_after=None
[2026-05-27T14:43:02.681+0000] {processor.py:208} INFO - Processing /workspaces/meu-primeiro-etl-airflow/airflow/dags/dag_inferencia_titanic.py took 1.491 seconds
[2026-05-27T14:43:33.011+0000] {processor.py:186} INFO - Started process (PID=31075) to work on /workspaces/meu-primeiro-etl-airflow/airflow/dags/dag_inferencia_titanic.py
[2026-05-27T14:43:33.012+0000] {processor.py:914} INFO - Processing file /workspaces/meu-primeiro-etl-airflow/airflow/dags/dag_inferencia_titanic.py for tasks to queue
[2026-05-27T14:43:33.014+0000] {logging_mixin.py:190} INFO - [2026-05-27T14:43:33.013+0000] {dagbag.py:588} INFO - Filling up the DagBag from /workspaces/meu-primeiro-etl-airflow/airflow/dags/dag_inferencia_titanic.py
[2026-05-27T14:43:34.735+0000] {processor.py:925} INFO - DAG(s) 'atv7_inferencia_titanic_v1' retrieved from /workspaces/meu-primeiro-etl-airflow/airflow/dags/dag_inferencia_titanic.py
[2026-05-27T14:43:34.747+0000] {logging_mixin.py:190} INFO - [2026-05-27T14:43:34.746+0000] {dag.py:3239} INFO - Sync 1 DAGs
[2026-05-27T14:43:34.755+0000] {logging_mixin.py:190} INFO - [2026-05-27T14:43:34.755+0000] {dag.py:4180} INFO - Setting next_dagrun for atv7_inferencia_titanic_v1 to None, run_after=None
[2026-05-27T14:43:34.771+0000] {processor.py:208} INFO - Processing /workspaces/meu-primeiro-etl-airflow/airflow/dags/dag_inferencia_titanic.py took 1.767 seconds
[2026-05-27T14:44:04.857+0000] {processor.py:186} INFO - Started process (PID=31539) to work on /workspaces/meu-primeiro-etl-airflow/airflow/dags/dag_inferencia_titanic.py
[2026-05-27T14:44:04.859+0000] {processor.py:914} INFO - Processing file /workspaces/meu-primeiro-etl-airflow/airflow/dags/dag_inferencia_titanic.py for tasks to queue
[2026-05-27T14:44:04.860+0000] {logging_mixin.py:190} INFO - [2026-05-27T14:44:04.859+0000] {dagbag.py:588} INFO - Filling up the DagBag from /workspaces/meu-primeiro-etl-airflow/airflow/dags/dag_inferencia_titanic.py
[2026-05-27T14:44:06.149+0000] {processor.py:925} INFO - DAG(s) 'atv7_inferencia_titanic_v1' retrieved from /workspaces/meu-primeiro-etl-airflow/airflow/dags/dag_inferencia_titanic.py
[2026-05-27T14:44:06.161+0000] {logging_mixin.py:190} INFO - [2026-05-27T14:44:06.161+0000] {dag.py:3239} INFO - Sync 1 DAGs
[2026-05-27T14:44:06.170+0000] {logging_mixin.py:190} INFO - [2026-05-27T14:44:06.169+0000] {dag.py:4180} INFO - Setting next_dagrun for atv7_inferencia_titanic_v1 to None, run_after=None
[2026-05-27T14:44:06.189+0000] {processor.py:208} INFO - Processing /workspaces/meu-primeiro-etl-airflow/airflow/dags/dag_inferencia_titanic.py took 1.338 seconds
[2026-05-27T14:44:36.275+0000] {processor.py:186} INFO - Started process (PID=32015) to work on /workspaces/meu-primeiro-etl-airflow/airflow/dags/dag_inferencia_titanic.py
[2026-05-27T14:44:36.275+0000] {processor.py:914} INFO - Processing file /workspaces/meu-primeiro-etl-airflow/airflow/dags/dag_inferencia_titanic.py for tasks to queue
[2026-05-27T14:44:36.276+0000] {logging_mixin.py:190} INFO - [2026-05-27T14:44:36.276+0000] {dagbag.py:588} INFO - Filling up the DagBag from /workspaces/meu-primeiro-etl-airflow/airflow/dags/dag_inferencia_titanic.py
[2026-05-27T14:44:38.073+0000] {processor.py:925} INFO - DAG(s) 'atv7_inferencia_titanic_v1' retrieved from /workspaces/meu-primeiro-etl-airflow/airflow/dags/dag_inferencia_titanic.py
[2026-05-27T14:44:38.095+0000] {logging_mixin.py:190} INFO - [2026-05-27T14:44:38.094+0000] {dag.py:3239} INFO - Sync 1 DAGs
[2026-05-27T14:44:38.109+0000] {logging_mixin.py:190} INFO - [2026-05-27T14:44:38.109+0000] {dag.py:4180} INFO - Setting next_dagrun for atv7_inferencia_titanic_v1 to None, run_after=None
[2026-05-27T14:44:38.152+0000] {processor.py:208} INFO - Processing /workspaces/meu-primeiro-etl-airflow/airflow/dags/dag_inferencia_titanic.py took 1.883 seconds
[2026-05-27T14:45:08.404+0000] {processor.py:186} INFO - Started process (PID=32487) to work on /workspaces/meu-primeiro-etl-airflow/airflow/dags/dag_inferencia_titanic.py
[2026-05-27T14:45:08.405+0000] {processor.py:914} INFO - Processing file /workspaces/meu-primeiro-etl-airflow/airflow/dags/dag_inferencia_titanic.py for tasks to queue
[2026-05-27T14:45:08.406+0000] {logging_mixin.py:190} INFO - [2026-05-27T14:45:08.406+0000] {dagbag.py:588} INFO - Filling up the DagBag from /workspaces/meu-primeiro-etl-airflow/airflow/dags/dag_inferencia_titanic.py
[2026-05-27T14:45:09.841+0000] {processor.py:925} INFO - DAG(s) 'atv7_inferencia_titanic_v1' retrieved from /workspaces/meu-primeiro-etl-airflow/airflow/dags/dag_inferencia_titanic.py
[2026-05-27T14:45:09.854+0000] {logging_mixin.py:190} INFO - [2026-05-27T14:45:09.854+0000] {dag.py:3239} INFO - Sync 1 DAGs
[2026-05-27T14:45:09.862+0000] {logging_mixin.py:190} INFO - [2026-05-27T14:45:09.862+0000] {dag.py:4180} INFO - Setting next_dagrun for atv7_inferencia_titanic_v1 to None, run_after=None
[2026-05-27T14:45:09.877+0000] {processor.py:208} INFO - Processing /workspaces/meu-primeiro-etl-airflow/airflow/dags/dag_inferencia_titanic.py took 1.479 seconds
[2026-05-27T14:45:39.975+0000] {processor.py:186} INFO - Started process (PID=32881) to work on /workspaces/meu-primeiro-etl-airflow/airflow/dags/dag_inferencia_titanic.py
[2026-05-27T14:45:39.976+0000] {processor.py:914} INFO - Processing file /workspaces/meu-primeiro-etl-airflow/airflow/dags/dag_inferencia_titanic.py for tasks to queue
[2026-05-27T14:45:39.977+0000] {logging_mixin.py:190} INFO - [2026-05-27T14:45:39.977+0000] {dagbag.py:588} INFO - Filling up the DagBag from /workspaces/meu-primeiro-etl-airflow/airflow/dags/dag_inferencia_titanic.py
[2026-05-27T14:45:41.361+0000] {processor.py:925} INFO - DAG(s) 'atv7_inferencia_titanic_v1' retrieved from /workspaces/meu-primeiro-etl-airflow/airflow/dags/dag_inferencia_titanic.py
[2026-05-27T14:45:41.374+0000] {logging_mixin.py:190} INFO - [2026-05-27T14:45:41.374+0000] {dag.py:3239} INFO - Sync 1 DAGs
[2026-05-27T14:45:41.382+0000] {logging_mixin.py:190} INFO - [2026-05-27T14:45:41.382+0000] {dag.py:4180} INFO - Setting next_dagrun for atv7_inferencia_titanic_v1 to None, run_after=None
[2026-05-27T14:45:41.397+0000] {processor.py:208} INFO - Processing /workspaces/meu-primeiro-etl-airflow/airflow/dags/dag_inferencia_titanic.py took 1.428 seconds
[2026-05-27T14:46:11.568+0000] {processor.py:186} INFO - Started process (PID=33108) to work on /workspaces/meu-primeiro-etl-airflow/airflow/dags/dag_inferencia_titanic.py
[2026-05-27T14:46:11.569+0000] {processor.py:914} INFO - Processing file /workspaces/meu-primeiro-etl-airflow/airflow/dags/dag_inferencia_titanic.py for tasks to queue
[2026-05-27T14:46:11.570+0000] {logging_mixin.py:190} INFO - [2026-05-27T14:46:11.570+0000] {dagbag.py:588} INFO - Filling up the DagBag from /workspaces/meu-primeiro-etl-airflow/airflow/dags/dag_inferencia_titanic.py
[2026-05-27T14:46:13.228+0000] {processor.py:925} INFO - DAG(s) 'atv7_inferencia_titanic_v1' retrieved from /workspaces/meu-primeiro-etl-airflow/airflow/dags/dag_inferencia_titanic.py
[2026-05-27T14:46:13.248+0000] {logging_mixin.py:190} INFO - [2026-05-27T14:46:13.248+0000] {dag.py:3239} INFO - Sync 1 DAGs
[2026-05-27T14:46:13.263+0000] {logging_mixin.py:190} INFO - [2026-05-27T14:46:13.263+0000] {dag.py:4180} INFO - Setting next_dagrun for atv7_inferencia_titanic_v1 to None, run_after=None
[2026-05-27T14:46:13.292+0000] {processor.py:208} INFO - Processing /workspaces/meu-primeiro-etl-airflow/airflow/dags/dag_inferencia_titanic.py took 1.729 seconds
[2026-05-27T14:46:43.499+0000] {processor.py:186} INFO - Started process (PID=33393) to work on /workspaces/meu-primeiro-etl-airflow/airflow/dags/dag_inferencia_titanic.py
[2026-05-27T14:46:43.499+0000] {processor.py:914} INFO - Processing file /workspaces/meu-primeiro-etl-airflow/airflow/dags/dag_inferencia_titanic.py for tasks to queue
[2026-05-27T14:46:43.500+0000] {logging_mixin.py:190} INFO - [2026-05-27T14:46:43.500+0000] {dagbag.py:588} INFO - Filling up the DagBag from /workspaces/meu-primeiro-etl-airflow/airflow/dags/dag_inferencia_titanic.py
[2026-05-27T14:46:45.008+0000] {processor.py:925} INFO - DAG(s) 'atv7_inferencia_titanic_v1' retrieved from /workspaces/meu-primeiro-etl-airflow/airflow/dags/dag_inferencia_titanic.py
[2026-05-27T14:46:45.024+0000] {logging_mixin.py:190} INFO - [2026-05-27T14:46:45.024+0000] {dag.py:3239} INFO - Sync 1 DAGs
[2026-05-27T14:46:45.035+0000] {logging_mixin.py:190} INFO - [2026-05-27T14:46:45.035+0000] {dag.py:4180} INFO - Setting next_dagrun for atv7_inferencia_titanic_v1 to None, run_after=None
[2026-05-27T14:46:45.053+0000] {processor.py:208} INFO - Processing /workspaces/meu-primeiro-etl-airflow/airflow/dags/dag_inferencia_titanic.py took 1.560 seconds
[2026-05-27T14:47:15.278+0000] {processor.py:186} INFO - Started process (PID=33607) to work on /workspaces/meu-primeiro-etl-airflow/airflow/dags/dag_inferencia_titanic.py
[2026-05-27T14:47:15.279+0000] {processor.py:914} INFO - Processing file /workspaces/meu-primeiro-etl-airflow/airflow/dags/dag_inferencia_titanic.py for tasks to queue
[2026-05-27T14:47:15.280+0000] {logging_mixin.py:190} INFO - [2026-05-27T14:47:15.279+0000] {dagbag.py:588} INFO - Filling up the DagBag from /workspaces/meu-primeiro-etl-airflow/airflow/dags/dag_inferencia_titanic.py
[2026-05-27T14:47:16.689+0000] {processor.py:925} INFO - DAG(s) 'atv7_inferencia_titanic_v1' retrieved from /workspaces/meu-primeiro-etl-airflow/airflow/dags/dag_inferencia_titanic.py
[2026-05-27T14:47:16.701+0000] {logging_mixin.py:190} INFO - [2026-05-27T14:47:16.701+0000] {dag.py:3239} INFO - Sync 1 DAGs
[2026-05-27T14:47:16.710+0000] {logging_mixin.py:190} INFO - [2026-05-27T14:47:16.710+0000] {dag.py:4180} INFO - Setting next_dagrun for atv7_inferencia_titanic_v1 to None, run_after=None
[2026-05-27T14:47:16.730+0000] {processor.py:208} INFO - Processing /workspaces/meu-primeiro-etl-airflow/airflow/dags/dag_inferencia_titanic.py took 1.552 seconds
[2026-05-27T14:47:46.870+0000] {processor.py:186} INFO - Started process (PID=34153) to work on /workspaces/meu-primeiro-etl-airflow/airflow/dags/dag_inferencia_titanic.py
[2026-05-27T14:47:46.870+0000] {processor.py:914} INFO - Processing file /workspaces/meu-primeiro-etl-airflow/airflow/dags/dag_inferencia_titanic.py for tasks to queue
[2026-05-27T14:47:46.871+0000] {logging_mixin.py:190} INFO - [2026-05-27T14:47:46.871+0000] {dagbag.py:588} INFO - Filling up the DagBag from /workspaces/meu-primeiro-etl-airflow/airflow/dags/dag_inferencia_titanic.py
[2026-05-27T14:47:48.138+0000] {processor.py:925} INFO - DAG(s) 'atv7_inferencia_titanic_v1' retrieved from /workspaces/meu-primeiro-etl-airflow/airflow/dags/dag_inferencia_titanic.py
[2026-05-27T14:47:48.150+0000] {logging_mixin.py:190} INFO - [2026-05-27T14:47:48.150+0000] {dag.py:3239} INFO - Sync 1 DAGs
[2026-05-27T14:47:48.159+0000] {logging_mixin.py:190} INFO - [2026-05-27T14:47:48.158+0000] {dag.py:4180} INFO - Setting next_dagrun for atv7_inferencia_titanic_v1 to None, run_after=None
[2026-05-27T14:47:48.175+0000] {processor.py:208} INFO - Processing /workspaces/meu-primeiro-etl-airflow/airflow/dags/dag_inferencia_titanic.py took 1.312 seconds
[2026-05-27T14:48:21.229+0000] {processor.py:186} INFO - Started process (PID=34794) to work on /workspaces/meu-primeiro-etl-airflow/airflow/dags/dag_inferencia_titanic.py
[2026-05-27T14:48:21.240+0000] {processor.py:914} INFO - Processing file /workspaces/meu-primeiro-etl-airflow/airflow/dags/dag_inferencia_titanic.py for tasks to queue
[2026-05-27T14:48:21.241+0000] {logging_mixin.py:190} INFO - [2026-05-27T14:48:21.241+0000] {dagbag.py:588} INFO - Filling up the DagBag from /workspaces/meu-primeiro-etl-airflow/airflow/dags/dag_inferencia_titanic.py
[2026-05-27T14:48:22.817+0000] {processor.py:925} INFO - DAG(s) 'atv7_inferencia_titanic_v1' retrieved from /workspaces/meu-primeiro-etl-airflow/airflow/dags/dag_inferencia_titanic.py
[2026-05-27T14:48:22.840+0000] {logging_mixin.py:190} INFO - [2026-05-27T14:48:22.839+0000] {dag.py:3239} INFO - Sync 1 DAGs
[2026-05-27T14:48:22.857+0000] {logging_mixin.py:190} INFO - [2026-05-27T14:48:22.856+0000] {dag.py:4180} INFO - Setting next_dagrun for atv7_inferencia_titanic_v1 to None, run_after=None
[2026-05-27T14:48:22.890+0000] {processor.py:208} INFO - Processing /workspaces/meu-primeiro-etl-airflow/airflow/dags/dag_inferencia_titanic.py took 1.669 seconds
[2026-05-27T14:48:53.945+0000] {processor.py:186} INFO - Started process (PID=35328) to work on /workspaces/meu-primeiro-etl-airflow/airflow/dags/dag_inferencia_titanic.py
[2026-05-27T14:48:53.946+0000] {processor.py:914} INFO - Processing file /workspaces/meu-primeiro-etl-airflow/airflow/dags/dag_inferencia_titanic.py for tasks to queue
[2026-05-27T14:48:53.947+0000] {logging_mixin.py:190} INFO - [2026-05-27T14:48:53.947+0000] {dagbag.py:588} INFO - Filling up the DagBag from /workspaces/meu-primeiro-etl-airflow/airflow/dags/dag_inferencia_titanic.py
[2026-05-27T14:48:55.242+0000] {processor.py:925} INFO - DAG(s) 'atv7_inferencia_titanic_v1' retrieved from /workspaces/meu-primeiro-etl-airflow/airflow/dags/dag_inferencia_titanic.py
[2026-05-27T14:48:55.254+0000] {logging_mixin.py:190} INFO - [2026-05-27T14:48:55.254+0000] {dag.py:3239} INFO - Sync 1 DAGs
[2026-05-27T14:48:55.263+0000] {logging_mixin.py:190} INFO - [2026-05-27T14:48:55.263+0000] {dag.py:4180} INFO - Setting next_dagrun for atv7_inferencia_titanic_v1 to None, run_after=None
[2026-05-27T14:48:55.278+0000] {processor.py:208} INFO - Processing /workspaces/meu-primeiro-etl-airflow/airflow/dags/dag_inferencia_titanic.py took 1.339 seconds
[2026-05-27T14:49:25.990+0000] {processor.py:186} INFO - Started process (PID=35612) to work on /workspaces/meu-primeiro-etl-airflow/airflow/dags/dag_inferencia_titanic.py
[2026-05-27T14:49:25.992+0000] {processor.py:914} INFO - Processing file /workspaces/meu-primeiro-etl-airflow/airflow/dags/dag_inferencia_titanic.py for tasks to queue
[2026-05-27T14:49:25.995+0000] {logging_mixin.py:190} INFO - [2026-05-27T14:49:25.994+0000] {dagbag.py:588} INFO - Filling up the DagBag from /workspaces/meu-primeiro-etl-airflow/airflow/dags/dag_inferencia_titanic.py
[2026-05-27T14:49:28.396+0000] {processor.py:925} INFO - DAG(s) 'atv7_inferencia_titanic_v1' retrieved from /workspaces/meu-primeiro-etl-airflow/airflow/dags/dag_inferencia_titanic.py
[2026-05-27T14:49:28.416+0000] {logging_mixin.py:190} INFO - [2026-05-27T14:49:28.415+0000] {dag.py:3239} INFO - Sync 1 DAGs
[2026-05-27T14:49:28.429+0000] {logging_mixin.py:190} INFO - [2026-05-27T14:49:28.429+0000] {dag.py:4180} INFO - Setting next_dagrun for atv7_inferencia_titanic_v1 to None, run_after=None
[2026-05-27T14:49:28.480+0000] {processor.py:208} INFO - Processing /workspaces/meu-primeiro-etl-airflow/airflow/dags/dag_inferencia_titanic.py took 2.506 seconds
[2026-05-27T14:50:08.215+0000] {processor.py:186} INFO - Started process (PID=36383) to work on /workspaces/meu-primeiro-etl-airflow/airflow/dags/dag_inferencia_titanic.py
[2026-05-27T14:50:08.221+0000] {processor.py:914} INFO - Processing file /workspaces/meu-primeiro-etl-airflow/airflow/dags/dag_inferencia_titanic.py for tasks to queue
[2026-05-27T14:50:08.222+0000] {logging_mixin.py:190} INFO - [2026-05-27T14:50:08.221+0000] {dagbag.py:588} INFO - Filling up the DagBag from /workspaces/meu-primeiro-etl-airflow/airflow/dags/dag_inferencia_titanic.py
[2026-05-27T14:50:09.613+0000] {processor.py:925} INFO - DAG(s) 'atv7_inferencia_titanic_v1' retrieved from /workspaces/meu-primeiro-etl-airflow/airflow/dags/dag_inferencia_titanic.py
[2026-05-27T14:50:09.630+0000] {logging_mixin.py:190} INFO - [2026-05-27T14:50:09.630+0000] {dag.py:3239} INFO - Sync 1 DAGs
[2026-05-27T14:50:09.640+0000] {logging_mixin.py:190} INFO - [2026-05-27T14:50:09.640+0000] {dag.py:4180} INFO - Setting next_dagrun for atv7_inferencia_titanic_v1 to None, run_after=None
[2026-05-27T14:50:09.691+0000] {processor.py:208} INFO - Processing /workspaces/meu-primeiro-etl-airflow/airflow/dags/dag_inferencia_titanic.py took 1.484 seconds
[2026-05-27T14:50:40.662+0000] {processor.py:186} INFO - Started process (PID=36993) to work on /workspaces/meu-primeiro-etl-airflow/airflow/dags/dag_inferencia_titanic.py
[2026-05-27T14:50:40.663+0000] {processor.py:914} INFO - Processing file /workspaces/meu-primeiro-etl-airflow/airflow/dags/dag_inferencia_titanic.py for tasks to queue
[2026-05-27T14:50:40.664+0000] {logging_mixin.py:190} INFO - [2026-05-27T14:50:40.664+0000] {dagbag.py:588} INFO - Filling up the DagBag from /workspaces/meu-primeiro-etl-airflow/airflow/dags/dag_inferencia_titanic.py
[2026-05-27T14:50:42.026+0000] {processor.py:925} INFO - DAG(s) 'atv7_inferencia_titanic_v1' retrieved from /workspaces/meu-primeiro-etl-airflow/airflow/dags/dag_inferencia_titanic.py
[2026-05-27T14:50:42.039+0000] {logging_mixin.py:190} INFO - [2026-05-27T14:50:42.039+0000] {dag.py:3239} INFO - Sync 1 DAGs
[2026-05-27T14:50:42.048+0000] {logging_mixin.py:190} INFO - [2026-05-27T14:50:42.047+0000] {dag.py:4180} INFO - Setting next_dagrun for atv7_inferencia_titanic_v1 to None, run_after=None
[2026-05-27T14:50:42.063+0000] {processor.py:208} INFO - Processing /workspaces/meu-primeiro-etl-airflow/airflow/dags/dag_inferencia_titanic.py took 1.407 seconds
[2026-05-27T14:51:15.280+0000] {processor.py:186} INFO - Started process (PID=37443) to work on /workspaces/meu-primeiro-etl-airflow/airflow/dags/dag_inferencia_titanic.py
[2026-05-27T14:51:15.281+0000] {processor.py:914} INFO - Processing file /workspaces/meu-primeiro-etl-airflow/airflow/dags/dag_inferencia_titanic.py for tasks to queue
[2026-05-27T14:51:15.282+0000] {logging_mixin.py:190} INFO - [2026-05-27T14:51:15.281+0000] {dagbag.py:588} INFO - Filling up the DagBag from /workspaces/meu-primeiro-etl-airflow/airflow/dags/dag_inferencia_titanic.py
[2026-05-27T14:51:16.726+0000] {processor.py:925} INFO - DAG(s) 'atv7_inferencia_titanic_v1' retrieved from /workspaces/meu-primeiro-etl-airflow/airflow/dags/dag_inferencia_titanic.py
[2026-05-27T14:51:16.739+0000] {logging_mixin.py:190} INFO - [2026-05-27T14:51:16.739+0000] {dag.py:3239} INFO - Sync 1 DAGs
[2026-05-27T14:51:16.748+0000] {logging_mixin.py:190} INFO - [2026-05-27T14:51:16.747+0000] {dag.py:4180} INFO - Setting next_dagrun for atv7_inferencia_titanic_v1 to None, run_after=None
[2026-05-27T14:51:16.763+0000] {processor.py:208} INFO - Processing /workspaces/meu-primeiro-etl-airflow/airflow/dags/dag_inferencia_titanic.py took 1.490 seconds
[2026-05-27T14:51:56.950+0000] {processor.py:186} INFO - Started process (PID=38229) to work on /workspaces/meu-primeiro-etl-airflow/airflow/dags/dag_inferencia_titanic.py
[2026-05-27T14:51:56.951+0000] {processor.py:914} INFO - Processing file /workspaces/meu-primeiro-etl-airflow/airflow/dags/dag_inferencia_titanic.py for tasks to queue
[2026-05-27T14:51:56.952+0000] {logging_mixin.py:190} INFO - [2026-05-27T14:51:56.952+0000] {dagbag.py:588} INFO - Filling up the DagBag from /workspaces/meu-primeiro-etl-airflow/airflow/dags/dag_inferencia_titanic.py
[2026-05-27T14:51:58.231+0000] {processor.py:925} INFO - DAG(s) 'atv7_inferencia_titanic_v1' retrieved from /workspaces/meu-primeiro-etl-airflow/airflow/dags/dag_inferencia_titanic.py
[2026-05-27T14:51:58.249+0000] {logging_mixin.py:190} INFO - [2026-05-27T14:51:58.248+0000] {dag.py:3239} INFO - Sync 1 DAGs
[2026-05-27T14:51:58.269+0000] {logging_mixin.py:190} INFO - [2026-05-27T14:51:58.269+0000] {dag.py:4180} INFO - Setting next_dagrun for atv7_inferencia_titanic_v1 to None, run_after=None
[2026-05-27T14:51:58.292+0000] {processor.py:208} INFO - Processing /workspaces/meu-primeiro-etl-airflow/airflow/dags/dag_inferencia_titanic.py took 1.347 seconds
[2026-05-27T14:52:28.878+0000] {processor.py:186} INFO - Started process (PID=38817) to work on /workspaces/meu-primeiro-etl-airflow/airflow/dags/dag_inferencia_titanic.py
[2026-05-27T14:52:28.879+0000] {processor.py:914} INFO - Processing file /workspaces/meu-primeiro-etl-airflow/airflow/dags/dag_inferencia_titanic.py for tasks to queue
[2026-05-27T14:52:28.880+0000] {logging_mixin.py:190} INFO - [2026-05-27T14:52:28.879+0000] {dagbag.py:588} INFO - Filling up the DagBag from /workspaces/meu-primeiro-etl-airflow/airflow/dags/dag_inferencia_titanic.py
[2026-05-27T14:52:30.354+0000] {processor.py:925} INFO - DAG(s) 'atv7_inferencia_titanic_v1' retrieved from /workspaces/meu-primeiro-etl-airflow/airflow/dags/dag_inferencia_titanic.py
[2026-05-27T14:52:30.367+0000] {logging_mixin.py:190} INFO - [2026-05-27T14:52:30.367+0000] {dag.py:3239} INFO - Sync 1 DAGs
[2026-05-27T14:52:30.376+0000] {logging_mixin.py:190} INFO - [2026-05-27T14:52:30.376+0000] {dag.py:4180} INFO - Setting next_dagrun for atv7_inferencia_titanic_v1 to None, run_after=None
[2026-05-27T14:52:30.392+0000] {processor.py:208} INFO - Processing /workspaces/meu-primeiro-etl-airflow/airflow/dags/dag_inferencia_titanic.py took 1.520 seconds
[2026-05-27T14:53:00.676+0000] {processor.py:186} INFO - Started process (PID=39258) to work on /workspaces/meu-primeiro-etl-airflow/airflow/dags/dag_inferencia_titanic.py
[2026-05-27T14:53:00.677+0000] {processor.py:914} INFO - Processing file /workspaces/meu-primeiro-etl-airflow/airflow/dags/dag_inferencia_titanic.py for tasks to queue
[2026-05-27T14:53:00.678+0000] {logging_mixin.py:190} INFO - [2026-05-27T14:53:00.678+0000] {dagbag.py:588} INFO - Filling up the DagBag from /workspaces/meu-primeiro-etl-airflow/airflow/dags/dag_inferencia_titanic.py
[2026-05-27T14:53:02.051+0000] {processor.py:925} INFO - DAG(s) 'atv7_inferencia_titanic_v1' retrieved from /workspaces/meu-primeiro-etl-airflow/airflow/dags/dag_inferencia_titanic.py
[2026-05-27T14:53:02.064+0000] {logging_mixin.py:190} INFO - [2026-05-27T14:53:02.063+0000] {dag.py:3239} INFO - Sync 1 DAGs
[2026-05-27T14:53:02.073+0000] {logging_mixin.py:190} INFO - [2026-05-27T14:53:02.073+0000] {dag.py:4180} INFO - Setting next_dagrun for atv7_inferencia_titanic_v1 to None, run_after=None
[2026-05-27T14:53:02.088+0000] {processor.py:208} INFO - Processing /workspaces/meu-primeiro-etl-airflow/airflow/dags/dag_inferencia_titanic.py took 1.419 seconds
[2026-05-27T14:53:35.949+0000] {processor.py:186} INFO - Started process (PID=39955) to work on /workspaces/meu-primeiro-etl-airflow/airflow/dags/dag_inferencia_titanic.py
[2026-05-27T14:53:35.950+0000] {processor.py:914} INFO - Processing file /workspaces/meu-primeiro-etl-airflow/airflow/dags/dag_inferencia_titanic.py for tasks to queue
[2026-05-27T14:53:35.951+0000] {logging_mixin.py:190} INFO - [2026-05-27T14:53:35.951+0000] {dagbag.py:588} INFO - Filling up the DagBag from /workspaces/meu-primeiro-etl-airflow/airflow/dags/dag_inferencia_titanic.py
[2026-05-27T14:53:37.267+0000] {processor.py:925} INFO - DAG(s) 'atv7_inferencia_titanic_v1' retrieved from /workspaces/meu-primeiro-etl-airflow/airflow/dags/dag_inferencia_titanic.py
[2026-05-27T14:53:37.279+0000] {logging_mixin.py:190} INFO - [2026-05-27T14:53:37.279+0000] {dag.py:3239} INFO - Sync 1 DAGs
[2026-05-27T14:53:37.288+0000] {logging_mixin.py:190} INFO - [2026-05-27T14:53:37.288+0000] {dag.py:4180} INFO - Setting next_dagrun for atv7_inferencia_titanic_v1 to None, run_after=None
[2026-05-27T14:53:37.303+0000] {processor.py:208} INFO - Processing /workspaces/meu-primeiro-etl-airflow/airflow/dags/dag_inferencia_titanic.py took 1.360 seconds
[2026-05-27T14:54:07.452+0000] {processor.py:186} INFO - Started process (PID=40284) to work on /workspaces/meu-primeiro-etl-airflow/airflow/dags/dag_inferencia_titanic.py
[2026-05-27T14:54:07.453+0000] {processor.py:914} INFO - Processing file /workspaces/meu-primeiro-etl-airflow/airflow/dags/dag_inferencia_titanic.py for tasks to queue
[2026-05-27T14:54:07.454+0000] {logging_mixin.py:190} INFO - [2026-05-27T14:54:07.453+0000] {dagbag.py:588} INFO - Filling up the DagBag from /workspaces/meu-primeiro-etl-airflow/airflow/dags/dag_inferencia_titanic.py
[2026-05-27T14:54:08.832+0000] {processor.py:925} INFO - DAG(s) 'atv7_inferencia_titanic_v1' retrieved from /workspaces/meu-primeiro-etl-airflow/airflow/dags/dag_inferencia_titanic.py
[2026-05-27T14:54:08.851+0000] {logging_mixin.py:190} INFO - [2026-05-27T14:54:08.850+0000] {dag.py:3239} INFO - Sync 1 DAGs
[2026-05-27T14:54:08.863+0000] {logging_mixin.py:190} INFO - [2026-05-27T14:54:08.863+0000] {dag.py:4180} INFO - Setting next_dagrun for atv7_inferencia_titanic_v1 to None, run_after=None
[2026-05-27T14:54:08.883+0000] {processor.py:208} INFO - Processing /workspaces/meu-primeiro-etl-airflow/airflow/dags/dag_inferencia_titanic.py took 1.437 seconds
[2026-05-27T14:54:39.134+0000] {processor.py:186} INFO - Started process (PID=40559) to work on /workspaces/meu-primeiro-etl-airflow/airflow/dags/dag_inferencia_titanic.py
[2026-05-27T14:54:39.134+0000] {processor.py:914} INFO - Processing file /workspaces/meu-primeiro-etl-airflow/airflow/dags/dag_inferencia_titanic.py for tasks to queue
[2026-05-27T14:54:39.135+0000] {logging_mixin.py:190} INFO - [2026-05-27T14:54:39.135+0000] {dagbag.py:588} INFO - Filling up the DagBag from /workspaces/meu-primeiro-etl-airflow/airflow/dags/dag_inferencia_titanic.py
[2026-05-27T14:54:40.494+0000] {processor.py:925} INFO - DAG(s) 'atv7_inferencia_titanic_v1' retrieved from /workspaces/meu-primeiro-etl-airflow/airflow/dags/dag_inferencia_titanic.py
[2026-05-27T14:54:40.507+0000] {logging_mixin.py:190} INFO - [2026-05-27T14:54:40.506+0000] {dag.py:3239} INFO - Sync 1 DAGs
[2026-05-27T14:54:40.518+0000] {logging_mixin.py:190} INFO - [2026-05-27T14:54:40.517+0000] {dag.py:4180} INFO - Setting next_dagrun for atv7_inferencia_titanic_v1 to None, run_after=None
[2026-05-27T14:54:40.534+0000] {processor.py:208} INFO - Processing /workspaces/meu-primeiro-etl-airflow/airflow/dags/dag_inferencia_titanic.py took 1.406 seconds
[2026-05-27T14:55:16.320+0000] {processor.py:186} INFO - Started process (PID=41014) to work on /workspaces/meu-primeiro-etl-airflow/airflow/dags/dag_inferencia_titanic.py
[2026-05-27T14:55:16.321+0000] {processor.py:914} INFO - Processing file /workspaces/meu-primeiro-etl-airflow/airflow/dags/dag_inferencia_titanic.py for tasks to queue
[2026-05-27T14:55:16.323+0000] {logging_mixin.py:190} INFO - [2026-05-27T14:55:16.322+0000] {dagbag.py:588} INFO - Filling up the DagBag from /workspaces/meu-primeiro-etl-airflow/airflow/dags/dag_inferencia_titanic.py
[2026-05-27T14:55:17.680+0000] {processor.py:925} INFO - DAG(s) 'atv7_inferencia_titanic_v1' retrieved from /workspaces/meu-primeiro-etl-airflow/airflow/dags/dag_inferencia_titanic.py
[2026-05-27T14:55:17.692+0000] {logging_mixin.py:190} INFO - [2026-05-27T14:55:17.692+0000] {dag.py:3239} INFO - Sync 1 DAGs
[2026-05-27T14:55:17.700+0000] {logging_mixin.py:190} INFO - [2026-05-27T14:55:17.700+0000] {dag.py:4180} INFO - Setting next_dagrun for atv7_inferencia_titanic_v1 to None, run_after=None
[2026-05-27T14:55:17.716+0000] {processor.py:208} INFO - Processing /workspaces/meu-primeiro-etl-airflow/airflow/dags/dag_inferencia_titanic.py took 1.404 seconds
[2026-05-27T14:55:48.124+0000] {processor.py:186} INFO - Started process (PID=41339) to work on /workspaces/meu-primeiro-etl-airflow/airflow/dags/dag_inferencia_titanic.py
[2026-05-27T14:55:48.125+0000] {processor.py:914} INFO - Processing file /workspaces/meu-primeiro-etl-airflow/airflow/dags/dag_inferencia_titanic.py for tasks to queue
[2026-05-27T14:55:48.126+0000] {logging_mixin.py:190} INFO - [2026-05-27T14:55:48.126+0000] {dagbag.py:588} INFO - Filling up the DagBag from /workspaces/meu-primeiro-etl-airflow/airflow/dags/dag_inferencia_titanic.py
[2026-05-27T14:55:49.405+0000] {processor.py:925} INFO - DAG(s) 'atv7_inferencia_titanic_v1' retrieved from /workspaces/meu-primeiro-etl-airflow/airflow/dags/dag_inferencia_titanic.py
[2026-05-27T14:55:49.420+0000] {logging_mixin.py:190} INFO - [2026-05-27T14:55:49.420+0000] {dag.py:3239} INFO - Sync 1 DAGs
[2026-05-27T14:55:49.430+0000] {logging_mixin.py:190} INFO - [2026-05-27T14:55:49.430+0000] {dag.py:4180} INFO - Setting next_dagrun for atv7_inferencia_titanic_v1 to None, run_after=None
[2026-05-27T14:55:49.445+0000] {processor.py:208} INFO - Processing /workspaces/meu-primeiro-etl-airflow/airflow/dags/dag_inferencia_titanic.py took 1.329 seconds
[2026-05-27T14:56:19.967+0000] {processor.py:186} INFO - Started process (PID=41612) to work on /workspaces/meu-primeiro-etl-airflow/airflow/dags/dag_inferencia_titanic.py
[2026-05-27T14:56:19.968+0000] {processor.py:914} INFO - Processing file /workspaces/meu-primeiro-etl-airflow/airflow/dags/dag_inferencia_titanic.py for tasks to queue
[2026-05-27T14:56:19.969+0000] {logging_mixin.py:190} INFO - [2026-05-27T14:56:19.969+0000] {dagbag.py:588} INFO - Filling up the DagBag from /workspaces/meu-primeiro-etl-airflow/airflow/dags/dag_inferencia_titanic.py
[2026-05-27T14:56:21.198+0000] {processor.py:925} INFO - DAG(s) 'atv7_inferencia_titanic_v1' retrieved from /workspaces/meu-primeiro-etl-airflow/airflow/dags/dag_inferencia_titanic.py
[2026-05-27T14:56:21.216+0000] {logging_mixin.py:190} INFO - [2026-05-27T14:56:21.216+0000] {dag.py:3239} INFO - Sync 1 DAGs
[2026-05-27T14:56:21.228+0000] {logging_mixin.py:190} INFO - [2026-05-27T14:56:21.228+0000] {dag.py:4180} INFO - Setting next_dagrun for atv7_inferencia_titanic_v1 to None, run_after=None
[2026-05-27T14:56:21.246+0000] {processor.py:208} INFO - Processing /workspaces/meu-primeiro-etl-airflow/airflow/dags/dag_inferencia_titanic.py took 1.287 seconds
[2026-05-27T14:56:51.540+0000] {processor.py:186} INFO - Started process (PID=41821) to work on /workspaces/meu-primeiro-etl-airflow/airflow/dags/dag_inferencia_titanic.py
[2026-05-27T14:56:51.541+0000] {processor.py:914} INFO - Processing file /workspaces/meu-primeiro-etl-airflow/airflow/dags/dag_inferencia_titanic.py for tasks to queue
[2026-05-27T14:56:51.542+0000] {logging_mixin.py:190} INFO - [2026-05-27T14:56:51.541+0000] {dagbag.py:588} INFO - Filling up the DagBag from /workspaces/meu-primeiro-etl-airflow/airflow/dags/dag_inferencia_titanic.py
[2026-05-27T14:56:52.899+0000] {processor.py:925} INFO - DAG(s) 'atv7_inferencia_titanic_v1' retrieved from /workspaces/meu-primeiro-etl-airflow/airflow/dags/dag_inferencia_titanic.py
[2026-05-27T14:56:52.917+0000] {logging_mixin.py:190} INFO - [2026-05-27T14:56:52.917+0000] {dag.py:3239} INFO - Sync 1 DAGs
[2026-05-27T14:56:52.931+0000] {logging_mixin.py:190} INFO - [2026-05-27T14:56:52.931+0000] {dag.py:4180} INFO - Setting next_dagrun for atv7_inferencia_titanic_v1 to None, run_after=None
[2026-05-27T14:56:52.948+0000] {processor.py:208} INFO - Processing /workspaces/meu-primeiro-etl-airflow/airflow/dags/dag_inferencia_titanic.py took 1.415 seconds
[2026-05-27T14:57:23.265+0000] {processor.py:186} INFO - Started process (PID=42155) to work on /workspaces/meu-primeiro-etl-airflow/airflow/dags/dag_inferencia_titanic.py
[2026-05-27T14:57:23.266+0000] {processor.py:914} INFO - Processing file /workspaces/meu-primeiro-etl-airflow/airflow/dags/dag_inferencia_titanic.py for tasks to queue
[2026-05-27T14:57:23.267+0000] {logging_mixin.py:190} INFO - [2026-05-27T14:57:23.267+0000] {dagbag.py:588} INFO - Filling up the DagBag from /workspaces/meu-primeiro-etl-airflow/airflow/dags/dag_inferencia_titanic.py
[2026-05-27T14:57:24.559+0000] {processor.py:925} INFO - DAG(s) 'atv7_inferencia_titanic_v1' retrieved from /workspaces/meu-primeiro-etl-airflow/airflow/dags/dag_inferencia_titanic.py
[2026-05-27T14:57:24.571+0000] {logging_mixin.py:190} INFO - [2026-05-27T14:57:24.571+0000] {dag.py:3239} INFO - Sync 1 DAGs
[2026-05-27T14:57:24.580+0000] {logging_mixin.py:190} INFO - [2026-05-27T14:57:24.580+0000] {dag.py:4180} INFO - Setting next_dagrun for atv7_inferencia_titanic_v1 to None, run_after=None
[2026-05-27T14:57:24.595+0000] {processor.py:208} INFO - Processing /workspaces/meu-primeiro-etl-airflow/airflow/dags/dag_inferencia_titanic.py took 1.336 seconds
[2026-05-27T14:57:55.262+0000] {processor.py:186} INFO - Started process (PID=42551) to work on /workspaces/meu-primeiro-etl-airflow/airflow/dags/dag_inferencia_titanic.py
[2026-05-27T14:57:55.263+0000] {processor.py:914} INFO - Processing file /workspaces/meu-primeiro-etl-airflow/airflow/dags/dag_inferencia_titanic.py for tasks to queue
[2026-05-27T14:57:55.265+0000] {logging_mixin.py:190} INFO - [2026-05-27T14:57:55.265+0000] {dagbag.py:588} INFO - Filling up the DagBag from /workspaces/meu-primeiro-etl-airflow/airflow/dags/dag_inferencia_titanic.py
[2026-05-27T14:57:56.921+0000] {processor.py:925} INFO - DAG(s) 'atv7_inferencia_titanic_v1' retrieved from /workspaces/meu-primeiro-etl-airflow/airflow/dags/dag_inferencia_titanic.py
[2026-05-27T14:57:56.938+0000] {logging_mixin.py:190} INFO - [2026-05-27T14:57:56.937+0000] {dag.py:3239} INFO - Sync 1 DAGs
[2026-05-27T14:57:56.946+0000] {logging_mixin.py:190} INFO - [2026-05-27T14:57:56.946+0000] {dag.py:4180} INFO - Setting next_dagrun for atv7_inferencia_titanic_v1 to None, run_after=None
[2026-05-27T14:57:56.962+0000] {processor.py:208} INFO - Processing /workspaces/meu-primeiro-etl-airflow/airflow/dags/dag_inferencia_titanic.py took 1.712 seconds
[2026-05-27T14:58:27.695+0000] {processor.py:186} INFO - Started process (PID=42888) to work on /workspaces/meu-primeiro-etl-airflow/airflow/dags/dag_inferencia_titanic.py
[2026-05-27T14:58:27.696+0000] {processor.py:914} INFO - Processing file /workspaces/meu-primeiro-etl-airflow/airflow/dags/dag_inferencia_titanic.py for tasks to queue
[2026-05-27T14:58:27.697+0000] {logging_mixin.py:190} INFO - [2026-05-27T14:58:27.697+0000] {dagbag.py:588} INFO - Filling up the DagBag from /workspaces/meu-primeiro-etl-airflow/airflow/dags/dag_inferencia_titanic.py
[2026-05-27T14:58:29.329+0000] {processor.py:925} INFO - DAG(s) 'atv7_inferencia_titanic_v1' retrieved from /workspaces/meu-primeiro-etl-airflow/airflow/dags/dag_inferencia_titanic.py
[2026-05-27T14:58:29.349+0000] {logging_mixin.py:190} INFO - [2026-05-27T14:58:29.347+0000] {dag.py:3239} INFO - Sync 1 DAGs
[2026-05-27T14:58:29.364+0000] {logging_mixin.py:190} INFO - [2026-05-27T14:58:29.364+0000] {dag.py:4180} INFO - Setting next_dagrun for atv7_inferencia_titanic_v1 to None, run_after=None
[2026-05-27T14:58:29.434+0000] {processor.py:208} INFO - Processing /workspaces/meu-primeiro-etl-airflow/airflow/dags/dag_inferencia_titanic.py took 1.745 seconds
