[2026-05-27T14:32:15.533+0000] {processor.py:186} INFO - Started process (PID=24102) to work on /workspaces/meu-primeiro-etl-airflow/airflow/dags/dag_pipeline_ml.py
[2026-05-27T14:32:15.534+0000] {processor.py:914} INFO - Processing file /workspaces/meu-primeiro-etl-airflow/airflow/dags/dag_pipeline_ml.py for tasks to queue
[2026-05-27T14:32:15.536+0000] {logging_mixin.py:190} INFO - [2026-05-27T14:32:15.536+0000] {dagbag.py:588} INFO - Filling up the DagBag from /workspaces/meu-primeiro-etl-airflow/airflow/dags/dag_pipeline_ml.py
[2026-05-27T14:32:33.038+0000] {logging_mixin.py:190} INFO - [2026-05-27T14:32:32.968+0000] {dagbag.py:387} ERROR - Failed to import: /workspaces/meu-primeiro-etl-airflow/airflow/dags/dag_pipeline_ml.py
Traceback (most recent call last):
  File "/usr/local/python/3.12.1/lib/python3.12/site-packages/airflow/models/dagbag.py", line 383, in parse
    loader.exec_module(new_module)
  File "<frozen importlib._bootstrap_external>", line 994, in exec_module
  File "<frozen importlib._bootstrap>", line 488, in _call_with_frames_removed
  File "/workspaces/meu-primeiro-etl-airflow/airflow/dags/dag_pipeline_ml.py", line 65, in <module>
    with DAG(
         ^^^^
TypeError: DAG.__init__() got an unexpected keyword argument 'schudele_interval'
[2026-05-27T14:32:33.039+0000] {processor.py:927} WARNING - No viable dags retrieved from /workspaces/meu-primeiro-etl-airflow/airflow/dags/dag_pipeline_ml.py
[2026-05-27T14:32:33.094+0000] {processor.py:208} INFO - Processing /workspaces/meu-primeiro-etl-airflow/airflow/dags/dag_pipeline_ml.py took 17.570 seconds
[2026-05-27T14:33:03.441+0000] {processor.py:186} INFO - Started process (PID=24635) to work on /workspaces/meu-primeiro-etl-airflow/airflow/dags/dag_pipeline_ml.py
[2026-05-27T14:33:03.442+0000] {processor.py:914} INFO - Processing file /workspaces/meu-primeiro-etl-airflow/airflow/dags/dag_pipeline_ml.py for tasks to queue
[2026-05-27T14:33:03.444+0000] {logging_mixin.py:190} INFO - [2026-05-27T14:33:03.443+0000] {dagbag.py:588} INFO - Filling up the DagBag from /workspaces/meu-primeiro-etl-airflow/airflow/dags/dag_pipeline_ml.py
[2026-05-27T14:33:05.111+0000] {logging_mixin.py:190} INFO - [2026-05-27T14:33:05.110+0000] {dagbag.py:387} ERROR - Failed to import: /workspaces/meu-primeiro-etl-airflow/airflow/dags/dag_pipeline_ml.py
Traceback (most recent call last):
  File "/usr/local/python/3.12.1/lib/python3.12/site-packages/airflow/models/dagbag.py", line 383, in parse
    loader.exec_module(new_module)
  File "<frozen importlib._bootstrap_external>", line 994, in exec_module
  File "<frozen importlib._bootstrap>", line 488, in _call_with_frames_removed
  File "/workspaces/meu-primeiro-etl-airflow/airflow/dags/dag_pipeline_ml.py", line 65, in <module>
    with DAG(
         ^^^^
TypeError: DAG.__init__() got an unexpected keyword argument 'schudele_interval'
[2026-05-27T14:33:05.112+0000] {processor.py:927} WARNING - No viable dags retrieved from /workspaces/meu-primeiro-etl-airflow/airflow/dags/dag_pipeline_ml.py
[2026-05-27T14:33:05.126+0000] {processor.py:208} INFO - Processing /workspaces/meu-primeiro-etl-airflow/airflow/dags/dag_pipeline_ml.py took 1.688 seconds
[2026-05-27T14:33:35.206+0000] {processor.py:186} INFO - Started process (PID=24996) to work on /workspaces/meu-primeiro-etl-airflow/airflow/dags/dag_pipeline_ml.py
[2026-05-27T14:33:35.207+0000] {processor.py:914} INFO - Processing file /workspaces/meu-primeiro-etl-airflow/airflow/dags/dag_pipeline_ml.py for tasks to queue
[2026-05-27T14:33:35.207+0000] {logging_mixin.py:190} INFO - [2026-05-27T14:33:35.207+0000] {dagbag.py:588} INFO - Filling up the DagBag from /workspaces/meu-primeiro-etl-airflow/airflow/dags/dag_pipeline_ml.py
[2026-05-27T14:33:36.571+0000] {logging_mixin.py:190} INFO - [2026-05-27T14:33:36.570+0000] {dagbag.py:387} ERROR - Failed to import: /workspaces/meu-primeiro-etl-airflow/airflow/dags/dag_pipeline_ml.py
Traceback (most recent call last):
  File "/usr/local/python/3.12.1/lib/python3.12/site-packages/airflow/models/dagbag.py", line 383, in parse
    loader.exec_module(new_module)
  File "<frozen importlib._bootstrap_external>", line 994, in exec_module
  File "<frozen importlib._bootstrap>", line 488, in _call_with_frames_removed
  File "/workspaces/meu-primeiro-etl-airflow/airflow/dags/dag_pipeline_ml.py", line 65, in <module>
    with DAG(
         ^^^^
TypeError: DAG.__init__() got an unexpected keyword argument 'schudele_interval'
[2026-05-27T14:33:36.572+0000] {processor.py:927} WARNING - No viable dags retrieved from /workspaces/meu-primeiro-etl-airflow/airflow/dags/dag_pipeline_ml.py
[2026-05-27T14:33:36.583+0000] {processor.py:208} INFO - Processing /workspaces/meu-primeiro-etl-airflow/airflow/dags/dag_pipeline_ml.py took 1.383 seconds
[2026-05-27T14:34:06.680+0000] {processor.py:186} INFO - Started process (PID=25238) to work on /workspaces/meu-primeiro-etl-airflow/airflow/dags/dag_pipeline_ml.py
[2026-05-27T14:34:06.681+0000] {processor.py:914} INFO - Processing file /workspaces/meu-primeiro-etl-airflow/airflow/dags/dag_pipeline_ml.py for tasks to queue
[2026-05-27T14:34:06.682+0000] {logging_mixin.py:190} INFO - [2026-05-27T14:34:06.682+0000] {dagbag.py:588} INFO - Filling up the DagBag from /workspaces/meu-primeiro-etl-airflow/airflow/dags/dag_pipeline_ml.py
[2026-05-27T14:34:08.025+0000] {logging_mixin.py:190} INFO - [2026-05-27T14:34:08.024+0000] {dagbag.py:387} ERROR - Failed to import: /workspaces/meu-primeiro-etl-airflow/airflow/dags/dag_pipeline_ml.py
Traceback (most recent call last):
  File "/usr/local/python/3.12.1/lib/python3.12/site-packages/airflow/models/dagbag.py", line 383, in parse
    loader.exec_module(new_module)
  File "<frozen importlib._bootstrap_external>", line 994, in exec_module
  File "<frozen importlib._bootstrap>", line 488, in _call_with_frames_removed
  File "/workspaces/meu-primeiro-etl-airflow/airflow/dags/dag_pipeline_ml.py", line 65, in <module>
    with DAG(
         ^^^^
TypeError: DAG.__init__() got an unexpected keyword argument 'schudele_interval'
[2026-05-27T14:34:08.026+0000] {processor.py:927} WARNING - No viable dags retrieved from /workspaces/meu-primeiro-etl-airflow/airflow/dags/dag_pipeline_ml.py
[2026-05-27T14:34:08.037+0000] {processor.py:208} INFO - Processing /workspaces/meu-primeiro-etl-airflow/airflow/dags/dag_pipeline_ml.py took 1.361 seconds
[2026-05-27T14:34:38.154+0000] {processor.py:186} INFO - Started process (PID=25525) to work on /workspaces/meu-primeiro-etl-airflow/airflow/dags/dag_pipeline_ml.py
[2026-05-27T14:34:38.155+0000] {processor.py:914} INFO - Processing file /workspaces/meu-primeiro-etl-airflow/airflow/dags/dag_pipeline_ml.py for tasks to queue
[2026-05-27T14:34:38.156+0000] {logging_mixin.py:190} INFO - [2026-05-27T14:34:38.156+0000] {dagbag.py:588} INFO - Filling up the DagBag from /workspaces/meu-primeiro-etl-airflow/airflow/dags/dag_pipeline_ml.py
[2026-05-27T14:34:39.717+0000] {logging_mixin.py:190} INFO - [2026-05-27T14:34:39.715+0000] {dagbag.py:387} ERROR - Failed to import: /workspaces/meu-primeiro-etl-airflow/airflow/dags/dag_pipeline_ml.py
Traceback (most recent call last):
  File "/usr/local/python/3.12.1/lib/python3.12/site-packages/airflow/models/dagbag.py", line 383, in parse
    loader.exec_module(new_module)
  File "<frozen importlib._bootstrap_external>", line 994, in exec_module
  File "<frozen importlib._bootstrap>", line 488, in _call_with_frames_removed
  File "/workspaces/meu-primeiro-etl-airflow/airflow/dags/dag_pipeline_ml.py", line 65, in <module>
    with DAG(
         ^^^^
TypeError: DAG.__init__() got an unexpected keyword argument 'schudele_interval'
[2026-05-27T14:34:39.718+0000] {processor.py:927} WARNING - No viable dags retrieved from /workspaces/meu-primeiro-etl-airflow/airflow/dags/dag_pipeline_ml.py
[2026-05-27T14:34:39.735+0000] {processor.py:208} INFO - Processing /workspaces/meu-primeiro-etl-airflow/airflow/dags/dag_pipeline_ml.py took 1.585 seconds
[2026-05-27T14:35:09.842+0000] {processor.py:186} INFO - Started process (PID=25763) to work on /workspaces/meu-primeiro-etl-airflow/airflow/dags/dag_pipeline_ml.py
[2026-05-27T14:35:09.844+0000] {processor.py:914} INFO - Processing file /workspaces/meu-primeiro-etl-airflow/airflow/dags/dag_pipeline_ml.py for tasks to queue
[2026-05-27T14:35:09.845+0000] {logging_mixin.py:190} INFO - [2026-05-27T14:35:09.844+0000] {dagbag.py:588} INFO - Filling up the DagBag from /workspaces/meu-primeiro-etl-airflow/airflow/dags/dag_pipeline_ml.py
[2026-05-27T14:35:11.867+0000] {logging_mixin.py:190} INFO - [2026-05-27T14:35:11.863+0000] {dagbag.py:387} ERROR - Failed to import: /workspaces/meu-primeiro-etl-airflow/airflow/dags/dag_pipeline_ml.py
Traceback (most recent call last):
  File "/usr/local/python/3.12.1/lib/python3.12/site-packages/airflow/models/dagbag.py", line 383, in parse
    loader.exec_module(new_module)
  File "<frozen importlib._bootstrap_external>", line 994, in exec_module
  File "<frozen importlib._bootstrap>", line 488, in _call_with_frames_removed
  File "/workspaces/meu-primeiro-etl-airflow/airflow/dags/dag_pipeline_ml.py", line 65, in <module>
    with DAG(
         ^^^^
TypeError: DAG.__init__() got an unexpected keyword argument 'schudele_interval'
[2026-05-27T14:35:11.867+0000] {processor.py:927} WARNING - No viable dags retrieved from /workspaces/meu-primeiro-etl-airflow/airflow/dags/dag_pipeline_ml.py
[2026-05-27T14:35:12.009+0000] {processor.py:208} INFO - Processing /workspaces/meu-primeiro-etl-airflow/airflow/dags/dag_pipeline_ml.py took 2.172 seconds
[2026-05-27T14:35:42.262+0000] {processor.py:186} INFO - Started process (PID=26065) to work on /workspaces/meu-primeiro-etl-airflow/airflow/dags/dag_pipeline_ml.py
[2026-05-27T14:35:42.263+0000] {processor.py:914} INFO - Processing file /workspaces/meu-primeiro-etl-airflow/airflow/dags/dag_pipeline_ml.py for tasks to queue
[2026-05-27T14:35:42.265+0000] {logging_mixin.py:190} INFO - [2026-05-27T14:35:42.264+0000] {dagbag.py:588} INFO - Filling up the DagBag from /workspaces/meu-primeiro-etl-airflow/airflow/dags/dag_pipeline_ml.py
[2026-05-27T14:35:43.861+0000] {logging_mixin.py:190} INFO - [2026-05-27T14:35:43.860+0000] {dagbag.py:387} ERROR - Failed to import: /workspaces/meu-primeiro-etl-airflow/airflow/dags/dag_pipeline_ml.py
Traceback (most recent call last):
  File "/usr/local/python/3.12.1/lib/python3.12/site-packages/airflow/models/dagbag.py", line 383, in parse
    loader.exec_module(new_module)
  File "<frozen importlib._bootstrap_external>", line 994, in exec_module
  File "<frozen importlib._bootstrap>", line 488, in _call_with_frames_removed
  File "/workspaces/meu-primeiro-etl-airflow/airflow/dags/dag_pipeline_ml.py", line 65, in <module>
    with DAG(
         ^^^^
TypeError: DAG.__init__() got an unexpected keyword argument 'schudele_interval'
[2026-05-27T14:35:43.861+0000] {processor.py:927} WARNING - No viable dags retrieved from /workspaces/meu-primeiro-etl-airflow/airflow/dags/dag_pipeline_ml.py
[2026-05-27T14:35:43.875+0000] {processor.py:208} INFO - Processing /workspaces/meu-primeiro-etl-airflow/airflow/dags/dag_pipeline_ml.py took 1.630 seconds
[2026-05-27T14:36:14.044+0000] {processor.py:186} INFO - Started process (PID=26305) to work on /workspaces/meu-primeiro-etl-airflow/airflow/dags/dag_pipeline_ml.py
[2026-05-27T14:36:14.045+0000] {processor.py:914} INFO - Processing file /workspaces/meu-primeiro-etl-airflow/airflow/dags/dag_pipeline_ml.py for tasks to queue
[2026-05-27T14:36:14.046+0000] {logging_mixin.py:190} INFO - [2026-05-27T14:36:14.045+0000] {dagbag.py:588} INFO - Filling up the DagBag from /workspaces/meu-primeiro-etl-airflow/airflow/dags/dag_pipeline_ml.py
[2026-05-27T14:36:15.610+0000] {logging_mixin.py:190} INFO - [2026-05-27T14:36:15.609+0000] {dagbag.py:387} ERROR - Failed to import: /workspaces/meu-primeiro-etl-airflow/airflow/dags/dag_pipeline_ml.py
Traceback (most recent call last):
  File "/usr/local/python/3.12.1/lib/python3.12/site-packages/airflow/models/dagbag.py", line 383, in parse
    loader.exec_module(new_module)
  File "<frozen importlib._bootstrap_external>", line 994, in exec_module
  File "<frozen importlib._bootstrap>", line 488, in _call_with_frames_removed
  File "/workspaces/meu-primeiro-etl-airflow/airflow/dags/dag_pipeline_ml.py", line 65, in <module>
    with DAG(
         ^^^^
TypeError: DAG.__init__() got an unexpected keyword argument 'schudele_interval'
[2026-05-27T14:36:15.612+0000] {processor.py:927} WARNING - No viable dags retrieved from /workspaces/meu-primeiro-etl-airflow/airflow/dags/dag_pipeline_ml.py
[2026-05-27T14:36:15.628+0000] {processor.py:208} INFO - Processing /workspaces/meu-primeiro-etl-airflow/airflow/dags/dag_pipeline_ml.py took 1.588 seconds
[2026-05-27T14:36:45.731+0000] {processor.py:186} INFO - Started process (PID=26776) to work on /workspaces/meu-primeiro-etl-airflow/airflow/dags/dag_pipeline_ml.py
[2026-05-27T14:36:45.732+0000] {processor.py:914} INFO - Processing file /workspaces/meu-primeiro-etl-airflow/airflow/dags/dag_pipeline_ml.py for tasks to queue
[2026-05-27T14:36:45.733+0000] {logging_mixin.py:190} INFO - [2026-05-27T14:36:45.732+0000] {dagbag.py:588} INFO - Filling up the DagBag from /workspaces/meu-primeiro-etl-airflow/airflow/dags/dag_pipeline_ml.py
[2026-05-27T14:36:47.242+0000] {logging_mixin.py:190} INFO - [2026-05-27T14:36:47.241+0000] {dagbag.py:387} ERROR - Failed to import: /workspaces/meu-primeiro-etl-airflow/airflow/dags/dag_pipeline_ml.py
Traceback (most recent call last):
  File "/usr/local/python/3.12.1/lib/python3.12/site-packages/airflow/models/dagbag.py", line 383, in parse
    loader.exec_module(new_module)
  File "<frozen importlib._bootstrap_external>", line 994, in exec_module
  File "<frozen importlib._bootstrap>", line 488, in _call_with_frames_removed
  File "/workspaces/meu-primeiro-etl-airflow/airflow/dags/dag_pipeline_ml.py", line 65, in <module>
    with DAG(
         ^^^^
TypeError: DAG.__init__() got an unexpected keyword argument 'schudele_interval'
[2026-05-27T14:36:47.242+0000] {processor.py:927} WARNING - No viable dags retrieved from /workspaces/meu-primeiro-etl-airflow/airflow/dags/dag_pipeline_ml.py
[2026-05-27T14:36:47.253+0000] {processor.py:208} INFO - Processing /workspaces/meu-primeiro-etl-airflow/airflow/dags/dag_pipeline_ml.py took 1.527 seconds
[2026-05-27T14:37:17.413+0000] {processor.py:186} INFO - Started process (PID=27049) to work on /workspaces/meu-primeiro-etl-airflow/airflow/dags/dag_pipeline_ml.py
[2026-05-27T14:37:17.414+0000] {processor.py:914} INFO - Processing file /workspaces/meu-primeiro-etl-airflow/airflow/dags/dag_pipeline_ml.py for tasks to queue
[2026-05-27T14:37:17.417+0000] {logging_mixin.py:190} INFO - [2026-05-27T14:37:17.417+0000] {dagbag.py:588} INFO - Filling up the DagBag from /workspaces/meu-primeiro-etl-airflow/airflow/dags/dag_pipeline_ml.py
[2026-05-27T14:37:18.891+0000] {logging_mixin.py:190} INFO - [2026-05-27T14:37:18.890+0000] {dagbag.py:387} ERROR - Failed to import: /workspaces/meu-primeiro-etl-airflow/airflow/dags/dag_pipeline_ml.py
Traceback (most recent call last):
  File "/usr/local/python/3.12.1/lib/python3.12/site-packages/airflow/models/dagbag.py", line 383, in parse
    loader.exec_module(new_module)
  File "<frozen importlib._bootstrap_external>", line 994, in exec_module
  File "<frozen importlib._bootstrap>", line 488, in _call_with_frames_removed
  File "/workspaces/meu-primeiro-etl-airflow/airflow/dags/dag_pipeline_ml.py", line 65, in <module>
    with DAG(
         ^^^^
TypeError: DAG.__init__() got an unexpected keyword argument 'schudele_interval'
[2026-05-27T14:37:18.891+0000] {processor.py:927} WARNING - No viable dags retrieved from /workspaces/meu-primeiro-etl-airflow/airflow/dags/dag_pipeline_ml.py
[2026-05-27T14:37:18.902+0000] {processor.py:208} INFO - Processing /workspaces/meu-primeiro-etl-airflow/airflow/dags/dag_pipeline_ml.py took 1.497 seconds
[2026-05-27T14:37:48.988+0000] {processor.py:186} INFO - Started process (PID=27331) to work on /workspaces/meu-primeiro-etl-airflow/airflow/dags/dag_pipeline_ml.py
[2026-05-27T14:37:48.989+0000] {processor.py:914} INFO - Processing file /workspaces/meu-primeiro-etl-airflow/airflow/dags/dag_pipeline_ml.py for tasks to queue
[2026-05-27T14:37:48.990+0000] {logging_mixin.py:190} INFO - [2026-05-27T14:37:48.990+0000] {dagbag.py:588} INFO - Filling up the DagBag from /workspaces/meu-primeiro-etl-airflow/airflow/dags/dag_pipeline_ml.py
[2026-05-27T14:37:50.388+0000] {logging_mixin.py:190} INFO - [2026-05-27T14:37:50.387+0000] {dagbag.py:387} ERROR - Failed to import: /workspaces/meu-primeiro-etl-airflow/airflow/dags/dag_pipeline_ml.py
Traceback (most recent call last):
  File "/usr/local/python/3.12.1/lib/python3.12/site-packages/airflow/models/dagbag.py", line 383, in parse
    loader.exec_module(new_module)
  File "<frozen importlib._bootstrap_external>", line 994, in exec_module
  File "<frozen importlib._bootstrap>", line 488, in _call_with_frames_removed
  File "/workspaces/meu-primeiro-etl-airflow/airflow/dags/dag_pipeline_ml.py", line 65, in <module>
    with DAG(
         ^^^^
TypeError: DAG.__init__() got an unexpected keyword argument 'schudele_interval'
[2026-05-27T14:37:50.389+0000] {processor.py:927} WARNING - No viable dags retrieved from /workspaces/meu-primeiro-etl-airflow/airflow/dags/dag_pipeline_ml.py
[2026-05-27T14:37:50.400+0000] {processor.py:208} INFO - Processing /workspaces/meu-primeiro-etl-airflow/airflow/dags/dag_pipeline_ml.py took 1.416 seconds
[2026-05-27T14:38:20.713+0000] {processor.py:186} INFO - Started process (PID=27617) to work on /workspaces/meu-primeiro-etl-airflow/airflow/dags/dag_pipeline_ml.py
[2026-05-27T14:38:20.715+0000] {processor.py:914} INFO - Processing file /workspaces/meu-primeiro-etl-airflow/airflow/dags/dag_pipeline_ml.py for tasks to queue
[2026-05-27T14:38:20.720+0000] {logging_mixin.py:190} INFO - [2026-05-27T14:38:20.719+0000] {dagbag.py:588} INFO - Filling up the DagBag from /workspaces/meu-primeiro-etl-airflow/airflow/dags/dag_pipeline_ml.py
[2026-05-27T14:38:23.371+0000] {logging_mixin.py:190} INFO - [2026-05-27T14:38:23.369+0000] {dagbag.py:387} ERROR - Failed to import: /workspaces/meu-primeiro-etl-airflow/airflow/dags/dag_pipeline_ml.py
Traceback (most recent call last):
  File "/usr/local/python/3.12.1/lib/python3.12/site-packages/airflow/models/dagbag.py", line 383, in parse
    loader.exec_module(new_module)
  File "<frozen importlib._bootstrap_external>", line 994, in exec_module
  File "<frozen importlib._bootstrap>", line 488, in _call_with_frames_removed
  File "/workspaces/meu-primeiro-etl-airflow/airflow/dags/dag_pipeline_ml.py", line 65, in <module>
    with DAG(
         ^^^^
TypeError: DAG.__init__() got an unexpected keyword argument 'schudele_interval'
[2026-05-27T14:38:23.372+0000] {processor.py:927} WARNING - No viable dags retrieved from /workspaces/meu-primeiro-etl-airflow/airflow/dags/dag_pipeline_ml.py
[2026-05-27T14:38:23.386+0000] {processor.py:208} INFO - Processing /workspaces/meu-primeiro-etl-airflow/airflow/dags/dag_pipeline_ml.py took 2.712 seconds
[2026-05-27T14:38:53.549+0000] {processor.py:186} INFO - Started process (PID=27841) to work on /workspaces/meu-primeiro-etl-airflow/airflow/dags/dag_pipeline_ml.py
[2026-05-27T14:38:53.549+0000] {processor.py:914} INFO - Processing file /workspaces/meu-primeiro-etl-airflow/airflow/dags/dag_pipeline_ml.py for tasks to queue
[2026-05-27T14:38:53.550+0000] {logging_mixin.py:190} INFO - [2026-05-27T14:38:53.550+0000] {dagbag.py:588} INFO - Filling up the DagBag from /workspaces/meu-primeiro-etl-airflow/airflow/dags/dag_pipeline_ml.py
[2026-05-27T14:38:55.099+0000] {processor.py:925} INFO - DAG(s) 'pipeline_metricas_machine_learning_v1' retrieved from /workspaces/meu-primeiro-etl-airflow/airflow/dags/dag_pipeline_ml.py
[2026-05-27T14:38:55.327+0000] {logging_mixin.py:190} INFO - [2026-05-27T14:38:55.326+0000] {override.py:1900} INFO - Created Permission View: can edit on DAG:pipeline_metricas_machine_learning_v1
[2026-05-27T14:38:55.339+0000] {logging_mixin.py:190} INFO - [2026-05-27T14:38:55.338+0000] {override.py:1900} INFO - Created Permission View: can delete on DAG:pipeline_metricas_machine_learning_v1
[2026-05-27T14:38:55.344+0000] {logging_mixin.py:190} INFO - [2026-05-27T14:38:55.344+0000] {override.py:1900} INFO - Created Permission View: can read on DAG:pipeline_metricas_machine_learning_v1
[2026-05-27T14:38:55.355+0000] {logging_mixin.py:190} INFO - [2026-05-27T14:38:55.355+0000] {override.py:1900} INFO - Created Permission View: can delete on DAG Run:pipeline_metricas_machine_learning_v1
[2026-05-27T14:38:55.364+0000] {logging_mixin.py:190} INFO - [2026-05-27T14:38:55.364+0000] {override.py:1900} INFO - Created Permission View: can create on DAG Run:pipeline_metricas_machine_learning_v1
[2026-05-27T14:38:55.370+0000] {logging_mixin.py:190} INFO - [2026-05-27T14:38:55.370+0000] {override.py:1900} INFO - Created Permission View: menu access on DAG Run:pipeline_metricas_machine_learning_v1
[2026-05-27T14:38:55.377+0000] {logging_mixin.py:190} INFO - [2026-05-27T14:38:55.377+0000] {override.py:1900} INFO - Created Permission View: can read on DAG Run:pipeline_metricas_machine_learning_v1
[2026-05-27T14:38:55.378+0000] {logging_mixin.py:190} INFO - [2026-05-27T14:38:55.377+0000] {dag.py:3239} INFO - Sync 1 DAGs
[2026-05-27T14:38:55.386+0000] {logging_mixin.py:190} INFO - [2026-05-27T14:38:55.386+0000] {dag.py:3262} INFO - Creating ORM DAG for pipeline_metricas_machine_learning_v1
[2026-05-27T14:38:55.386+0000] {logging_mixin.py:190} INFO - [2026-05-27T14:38:55.386+0000] {dag.py:4180} INFO - Setting next_dagrun for pipeline_metricas_machine_learning_v1 to None, run_after=None
[2026-05-27T14:38:55.404+0000] {processor.py:208} INFO - Processing /workspaces/meu-primeiro-etl-airflow/airflow/dags/dag_pipeline_ml.py took 1.860 seconds
[2026-05-27T14:39:25.530+0000] {processor.py:186} INFO - Started process (PID=28603) to work on /workspaces/meu-primeiro-etl-airflow/airflow/dags/dag_pipeline_ml.py
[2026-05-27T14:39:25.531+0000] {processor.py:914} INFO - Processing file /workspaces/meu-primeiro-etl-airflow/airflow/dags/dag_pipeline_ml.py for tasks to queue
[2026-05-27T14:39:25.532+0000] {logging_mixin.py:190} INFO - [2026-05-27T14:39:25.532+0000] {dagbag.py:588} INFO - Filling up the DagBag from /workspaces/meu-primeiro-etl-airflow/airflow/dags/dag_pipeline_ml.py
[2026-05-27T14:39:27.145+0000] {processor.py:925} INFO - DAG(s) 'pipeline_metricas_machine_learning_v1' retrieved from /workspaces/meu-primeiro-etl-airflow/airflow/dags/dag_pipeline_ml.py
[2026-05-27T14:39:27.158+0000] {logging_mixin.py:190} INFO - [2026-05-27T14:39:27.158+0000] {dag.py:3239} INFO - Sync 1 DAGs
[2026-05-27T14:39:27.166+0000] {logging_mixin.py:190} INFO - [2026-05-27T14:39:27.166+0000] {dag.py:4180} INFO - Setting next_dagrun for pipeline_metricas_machine_learning_v1 to None, run_after=None
[2026-05-27T14:39:27.181+0000] {processor.py:208} INFO - Processing /workspaces/meu-primeiro-etl-airflow/airflow/dags/dag_pipeline_ml.py took 1.655 seconds
[2026-05-27T14:39:58.760+0000] {processor.py:186} INFO - Started process (PID=29016) to work on /workspaces/meu-primeiro-etl-airflow/airflow/dags/dag_pipeline_ml.py
[2026-05-27T14:39:58.761+0000] {processor.py:914} INFO - Processing file /workspaces/meu-primeiro-etl-airflow/airflow/dags/dag_pipeline_ml.py for tasks to queue
[2026-05-27T14:39:58.762+0000] {logging_mixin.py:190} INFO - [2026-05-27T14:39:58.762+0000] {dagbag.py:588} INFO - Filling up the DagBag from /workspaces/meu-primeiro-etl-airflow/airflow/dags/dag_pipeline_ml.py
[2026-05-27T14:40:05.359+0000] {processor.py:925} INFO - DAG(s) 'pipeline_metricas_machine_learning_v1' retrieved from /workspaces/meu-primeiro-etl-airflow/airflow/dags/dag_pipeline_ml.py
[2026-05-27T14:40:05.424+0000] {logging_mixin.py:190} INFO - [2026-05-27T14:40:05.423+0000] {dag.py:3239} INFO - Sync 1 DAGs
[2026-05-27T14:40:05.457+0000] {logging_mixin.py:190} INFO - [2026-05-27T14:40:05.457+0000] {dag.py:4180} INFO - Setting next_dagrun for pipeline_metricas_machine_learning_v1 to None, run_after=None
[2026-05-27T14:40:06.078+0000] {processor.py:208} INFO - Processing /workspaces/meu-primeiro-etl-airflow/airflow/dags/dag_pipeline_ml.py took 7.338 seconds
[2026-05-27T14:40:36.647+0000] {processor.py:186} INFO - Started process (PID=29471) to work on /workspaces/meu-primeiro-etl-airflow/airflow/dags/dag_pipeline_ml.py
[2026-05-27T14:40:36.648+0000] {processor.py:914} INFO - Processing file /workspaces/meu-primeiro-etl-airflow/airflow/dags/dag_pipeline_ml.py for tasks to queue
[2026-05-27T14:40:36.650+0000] {logging_mixin.py:190} INFO - [2026-05-27T14:40:36.649+0000] {dagbag.py:588} INFO - Filling up the DagBag from /workspaces/meu-primeiro-etl-airflow/airflow/dags/dag_pipeline_ml.py
[2026-05-27T14:40:38.290+0000] {processor.py:925} INFO - DAG(s) 'pipeline_metricas_machine_learning_v1' retrieved from /workspaces/meu-primeiro-etl-airflow/airflow/dags/dag_pipeline_ml.py
[2026-05-27T14:40:38.303+0000] {logging_mixin.py:190} INFO - [2026-05-27T14:40:38.303+0000] {dag.py:3239} INFO - Sync 1 DAGs
[2026-05-27T14:40:38.315+0000] {logging_mixin.py:190} INFO - [2026-05-27T14:40:38.315+0000] {dag.py:4180} INFO - Setting next_dagrun for pipeline_metricas_machine_learning_v1 to None, run_after=None
[2026-05-27T14:40:38.338+0000] {processor.py:208} INFO - Processing /workspaces/meu-primeiro-etl-airflow/airflow/dags/dag_pipeline_ml.py took 1.701 seconds
[2026-05-27T14:41:08.703+0000] {processor.py:186} INFO - Started process (PID=29701) to work on /workspaces/meu-primeiro-etl-airflow/airflow/dags/dag_pipeline_ml.py
[2026-05-27T14:41:08.704+0000] {processor.py:914} INFO - Processing file /workspaces/meu-primeiro-etl-airflow/airflow/dags/dag_pipeline_ml.py for tasks to queue
[2026-05-27T14:41:08.705+0000] {logging_mixin.py:190} INFO - [2026-05-27T14:41:08.705+0000] {dagbag.py:588} INFO - Filling up the DagBag from /workspaces/meu-primeiro-etl-airflow/airflow/dags/dag_pipeline_ml.py
[2026-05-27T14:41:10.082+0000] {processor.py:925} INFO - DAG(s) 'pipeline_metricas_machine_learning_v1' retrieved from /workspaces/meu-primeiro-etl-airflow/airflow/dags/dag_pipeline_ml.py
[2026-05-27T14:41:10.099+0000] {logging_mixin.py:190} INFO - [2026-05-27T14:41:10.099+0000] {dag.py:3239} INFO - Sync 1 DAGs
[2026-05-27T14:41:10.114+0000] {logging_mixin.py:190} INFO - [2026-05-27T14:41:10.114+0000] {dag.py:4180} INFO - Setting next_dagrun for pipeline_metricas_machine_learning_v1 to None, run_after=None
[2026-05-27T14:41:10.132+0000] {processor.py:208} INFO - Processing /workspaces/meu-primeiro-etl-airflow/airflow/dags/dag_pipeline_ml.py took 1.434 seconds
[2026-05-27T14:41:40.737+0000] {processor.py:186} INFO - Started process (PID=30005) to work on /workspaces/meu-primeiro-etl-airflow/airflow/dags/dag_pipeline_ml.py
[2026-05-27T14:41:40.738+0000] {processor.py:914} INFO - Processing file /workspaces/meu-primeiro-etl-airflow/airflow/dags/dag_pipeline_ml.py for tasks to queue
[2026-05-27T14:41:40.739+0000] {logging_mixin.py:190} INFO - [2026-05-27T14:41:40.739+0000] {dagbag.py:588} INFO - Filling up the DagBag from /workspaces/meu-primeiro-etl-airflow/airflow/dags/dag_pipeline_ml.py
[2026-05-27T14:41:42.383+0000] {processor.py:925} INFO - DAG(s) 'pipeline_metricas_machine_learning_v1' retrieved from /workspaces/meu-primeiro-etl-airflow/airflow/dags/dag_pipeline_ml.py
[2026-05-27T14:41:42.397+0000] {logging_mixin.py:190} INFO - [2026-05-27T14:41:42.396+0000] {dag.py:3239} INFO - Sync 1 DAGs
[2026-05-27T14:41:42.404+0000] {logging_mixin.py:190} INFO - [2026-05-27T14:41:42.404+0000] {dag.py:4180} INFO - Setting next_dagrun for pipeline_metricas_machine_learning_v1 to None, run_after=None
[2026-05-27T14:41:42.423+0000] {processor.py:208} INFO - Processing /workspaces/meu-primeiro-etl-airflow/airflow/dags/dag_pipeline_ml.py took 1.691 seconds
[2026-05-27T14:42:12.538+0000] {processor.py:186} INFO - Started process (PID=30246) to work on /workspaces/meu-primeiro-etl-airflow/airflow/dags/dag_pipeline_ml.py
[2026-05-27T14:42:12.540+0000] {processor.py:914} INFO - Processing file /workspaces/meu-primeiro-etl-airflow/airflow/dags/dag_pipeline_ml.py for tasks to queue
[2026-05-27T14:42:12.541+0000] {logging_mixin.py:190} INFO - [2026-05-27T14:42:12.541+0000] {dagbag.py:588} INFO - Filling up the DagBag from /workspaces/meu-primeiro-etl-airflow/airflow/dags/dag_pipeline_ml.py
[2026-05-27T14:42:14.364+0000] {processor.py:925} INFO - DAG(s) 'pipeline_metricas_machine_learning_v1' retrieved from /workspaces/meu-primeiro-etl-airflow/airflow/dags/dag_pipeline_ml.py
[2026-05-27T14:42:14.378+0000] {logging_mixin.py:190} INFO - [2026-05-27T14:42:14.378+0000] {dag.py:3239} INFO - Sync 1 DAGs
[2026-05-27T14:42:14.386+0000] {logging_mixin.py:190} INFO - [2026-05-27T14:42:14.386+0000] {dag.py:4180} INFO - Setting next_dagrun for pipeline_metricas_machine_learning_v1 to None, run_after=None
[2026-05-27T14:42:14.401+0000] {processor.py:208} INFO - Processing /workspaces/meu-primeiro-etl-airflow/airflow/dags/dag_pipeline_ml.py took 1.877 seconds
[2026-05-27T14:42:44.911+0000] {processor.py:186} INFO - Started process (PID=30602) to work on /workspaces/meu-primeiro-etl-airflow/airflow/dags/dag_pipeline_ml.py
[2026-05-27T14:42:44.912+0000] {processor.py:914} INFO - Processing file /workspaces/meu-primeiro-etl-airflow/airflow/dags/dag_pipeline_ml.py for tasks to queue
[2026-05-27T14:42:44.914+0000] {logging_mixin.py:190} INFO - [2026-05-27T14:42:44.913+0000] {dagbag.py:588} INFO - Filling up the DagBag from /workspaces/meu-primeiro-etl-airflow/airflow/dags/dag_pipeline_ml.py
[2026-05-27T14:42:46.300+0000] {processor.py:925} INFO - DAG(s) 'pipeline_metricas_machine_learning_v1' retrieved from /workspaces/meu-primeiro-etl-airflow/airflow/dags/dag_pipeline_ml.py
[2026-05-27T14:42:46.319+0000] {logging_mixin.py:190} INFO - [2026-05-27T14:42:46.318+0000] {dag.py:3239} INFO - Sync 1 DAGs
[2026-05-27T14:42:46.332+0000] {logging_mixin.py:190} INFO - [2026-05-27T14:42:46.332+0000] {dag.py:4180} INFO - Setting next_dagrun for pipeline_metricas_machine_learning_v1 to None, run_after=None
[2026-05-27T14:42:46.362+0000] {processor.py:208} INFO - Processing /workspaces/meu-primeiro-etl-airflow/airflow/dags/dag_pipeline_ml.py took 1.457 seconds
[2026-05-27T14:43:17.042+0000] {processor.py:186} INFO - Started process (PID=30923) to work on /workspaces/meu-primeiro-etl-airflow/airflow/dags/dag_pipeline_ml.py
[2026-05-27T14:43:17.044+0000] {processor.py:914} INFO - Processing file /workspaces/meu-primeiro-etl-airflow/airflow/dags/dag_pipeline_ml.py for tasks to queue
[2026-05-27T14:43:17.045+0000] {logging_mixin.py:190} INFO - [2026-05-27T14:43:17.045+0000] {dagbag.py:588} INFO - Filling up the DagBag from /workspaces/meu-primeiro-etl-airflow/airflow/dags/dag_pipeline_ml.py
[2026-05-27T14:43:18.890+0000] {processor.py:925} INFO - DAG(s) 'pipeline_metricas_machine_learning_v1' retrieved from /workspaces/meu-primeiro-etl-airflow/airflow/dags/dag_pipeline_ml.py
[2026-05-27T14:43:18.903+0000] {logging_mixin.py:190} INFO - [2026-05-27T14:43:18.902+0000] {dag.py:3239} INFO - Sync 1 DAGs
[2026-05-27T14:43:18.913+0000] {logging_mixin.py:190} INFO - [2026-05-27T14:43:18.913+0000] {dag.py:4180} INFO - Setting next_dagrun for pipeline_metricas_machine_learning_v1 to None, run_after=None
[2026-05-27T14:43:18.937+0000] {processor.py:208} INFO - Processing /workspaces/meu-primeiro-etl-airflow/airflow/dags/dag_pipeline_ml.py took 1.901 seconds
[2026-05-27T14:43:49.853+0000] {processor.py:186} INFO - Started process (PID=31264) to work on /workspaces/meu-primeiro-etl-airflow/airflow/dags/dag_pipeline_ml.py
[2026-05-27T14:43:49.855+0000] {processor.py:914} INFO - Processing file /workspaces/meu-primeiro-etl-airflow/airflow/dags/dag_pipeline_ml.py for tasks to queue
[2026-05-27T14:43:49.857+0000] {logging_mixin.py:190} INFO - [2026-05-27T14:43:49.856+0000] {dagbag.py:588} INFO - Filling up the DagBag from /workspaces/meu-primeiro-etl-airflow/airflow/dags/dag_pipeline_ml.py
[2026-05-27T14:43:52.322+0000] {processor.py:925} INFO - DAG(s) 'pipeline_metricas_machine_learning_v1' retrieved from /workspaces/meu-primeiro-etl-airflow/airflow/dags/dag_pipeline_ml.py
[2026-05-27T14:43:52.344+0000] {logging_mixin.py:190} INFO - [2026-05-27T14:43:52.344+0000] {dag.py:3239} INFO - Sync 1 DAGs
[2026-05-27T14:43:52.358+0000] {logging_mixin.py:190} INFO - [2026-05-27T14:43:52.358+0000] {dag.py:4180} INFO - Setting next_dagrun for pipeline_metricas_machine_learning_v1 to None, run_after=None
[2026-05-27T14:43:52.489+0000] {processor.py:208} INFO - Processing /workspaces/meu-primeiro-etl-airflow/airflow/dags/dag_pipeline_ml.py took 2.649 seconds
[2026-05-27T14:44:23.919+0000] {processor.py:186} INFO - Started process (PID=31790) to work on /workspaces/meu-primeiro-etl-airflow/airflow/dags/dag_pipeline_ml.py
[2026-05-27T14:44:23.920+0000] {processor.py:914} INFO - Processing file /workspaces/meu-primeiro-etl-airflow/airflow/dags/dag_pipeline_ml.py for tasks to queue
[2026-05-27T14:44:23.921+0000] {logging_mixin.py:190} INFO - [2026-05-27T14:44:23.921+0000] {dagbag.py:588} INFO - Filling up the DagBag from /workspaces/meu-primeiro-etl-airflow/airflow/dags/dag_pipeline_ml.py
[2026-05-27T14:44:25.360+0000] {processor.py:925} INFO - DAG(s) 'pipeline_metricas_machine_learning_v1' retrieved from /workspaces/meu-primeiro-etl-airflow/airflow/dags/dag_pipeline_ml.py
[2026-05-27T14:44:25.376+0000] {logging_mixin.py:190} INFO - [2026-05-27T14:44:25.375+0000] {dag.py:3239} INFO - Sync 1 DAGs
[2026-05-27T14:44:25.384+0000] {logging_mixin.py:190} INFO - [2026-05-27T14:44:25.384+0000] {dag.py:4180} INFO - Setting next_dagrun for pipeline_metricas_machine_learning_v1 to None, run_after=None
[2026-05-27T14:44:25.401+0000] {processor.py:208} INFO - Processing /workspaces/meu-primeiro-etl-airflow/airflow/dags/dag_pipeline_ml.py took 1.489 seconds
[2026-05-27T14:44:55.852+0000] {processor.py:186} INFO - Started process (PID=32319) to work on /workspaces/meu-primeiro-etl-airflow/airflow/dags/dag_pipeline_ml.py
[2026-05-27T14:44:55.852+0000] {processor.py:914} INFO - Processing file /workspaces/meu-primeiro-etl-airflow/airflow/dags/dag_pipeline_ml.py for tasks to queue
[2026-05-27T14:44:55.853+0000] {logging_mixin.py:190} INFO - [2026-05-27T14:44:55.853+0000] {dagbag.py:588} INFO - Filling up the DagBag from /workspaces/meu-primeiro-etl-airflow/airflow/dags/dag_pipeline_ml.py
[2026-05-27T14:44:57.374+0000] {processor.py:925} INFO - DAG(s) 'pipeline_metricas_machine_learning_v1' retrieved from /workspaces/meu-primeiro-etl-airflow/airflow/dags/dag_pipeline_ml.py
[2026-05-27T14:44:57.390+0000] {logging_mixin.py:190} INFO - [2026-05-27T14:44:57.389+0000] {dag.py:3239} INFO - Sync 1 DAGs
[2026-05-27T14:44:57.399+0000] {logging_mixin.py:190} INFO - [2026-05-27T14:44:57.398+0000] {dag.py:4180} INFO - Setting next_dagrun for pipeline_metricas_machine_learning_v1 to None, run_after=None
[2026-05-27T14:44:57.421+0000] {processor.py:208} INFO - Processing /workspaces/meu-primeiro-etl-airflow/airflow/dags/dag_pipeline_ml.py took 1.575 seconds
[2026-05-27T14:45:27.939+0000] {processor.py:186} INFO - Started process (PID=32781) to work on /workspaces/meu-primeiro-etl-airflow/airflow/dags/dag_pipeline_ml.py
[2026-05-27T14:45:27.940+0000] {processor.py:914} INFO - Processing file /workspaces/meu-primeiro-etl-airflow/airflow/dags/dag_pipeline_ml.py for tasks to queue
[2026-05-27T14:45:27.941+0000] {logging_mixin.py:190} INFO - [2026-05-27T14:45:27.940+0000] {dagbag.py:588} INFO - Filling up the DagBag from /workspaces/meu-primeiro-etl-airflow/airflow/dags/dag_pipeline_ml.py
[2026-05-27T14:45:29.566+0000] {processor.py:925} INFO - DAG(s) 'pipeline_metricas_machine_learning_v1' retrieved from /workspaces/meu-primeiro-etl-airflow/airflow/dags/dag_pipeline_ml.py
[2026-05-27T14:45:29.579+0000] {logging_mixin.py:190} INFO - [2026-05-27T14:45:29.579+0000] {dag.py:3239} INFO - Sync 1 DAGs
[2026-05-27T14:45:29.588+0000] {logging_mixin.py:190} INFO - [2026-05-27T14:45:29.588+0000] {dag.py:4180} INFO - Setting next_dagrun for pipeline_metricas_machine_learning_v1 to None, run_after=None
[2026-05-27T14:45:29.604+0000] {processor.py:208} INFO - Processing /workspaces/meu-primeiro-etl-airflow/airflow/dags/dag_pipeline_ml.py took 1.673 seconds
[2026-05-27T14:46:00.257+0000] {processor.py:186} INFO - Started process (PID=33027) to work on /workspaces/meu-primeiro-etl-airflow/airflow/dags/dag_pipeline_ml.py
[2026-05-27T14:46:00.258+0000] {processor.py:914} INFO - Processing file /workspaces/meu-primeiro-etl-airflow/airflow/dags/dag_pipeline_ml.py for tasks to queue
[2026-05-27T14:46:00.259+0000] {logging_mixin.py:190} INFO - [2026-05-27T14:46:00.259+0000] {dagbag.py:588} INFO - Filling up the DagBag from /workspaces/meu-primeiro-etl-airflow/airflow/dags/dag_pipeline_ml.py
[2026-05-27T14:46:01.650+0000] {processor.py:925} INFO - DAG(s) 'pipeline_metricas_machine_learning_v1' retrieved from /workspaces/meu-primeiro-etl-airflow/airflow/dags/dag_pipeline_ml.py
[2026-05-27T14:46:01.664+0000] {logging_mixin.py:190} INFO - [2026-05-27T14:46:01.663+0000] {dag.py:3239} INFO - Sync 1 DAGs
[2026-05-27T14:46:01.672+0000] {logging_mixin.py:190} INFO - [2026-05-27T14:46:01.672+0000] {dag.py:4180} INFO - Setting next_dagrun for pipeline_metricas_machine_learning_v1 to None, run_after=None
[2026-05-27T14:46:01.687+0000] {processor.py:208} INFO - Processing /workspaces/meu-primeiro-etl-airflow/airflow/dags/dag_pipeline_ml.py took 1.436 seconds
[2026-05-27T14:46:32.289+0000] {processor.py:186} INFO - Started process (PID=33310) to work on /workspaces/meu-primeiro-etl-airflow/airflow/dags/dag_pipeline_ml.py
[2026-05-27T14:46:32.290+0000] {processor.py:914} INFO - Processing file /workspaces/meu-primeiro-etl-airflow/airflow/dags/dag_pipeline_ml.py for tasks to queue
[2026-05-27T14:46:32.291+0000] {logging_mixin.py:190} INFO - [2026-05-27T14:46:32.290+0000] {dagbag.py:588} INFO - Filling up the DagBag from /workspaces/meu-primeiro-etl-airflow/airflow/dags/dag_pipeline_ml.py
[2026-05-27T14:46:33.789+0000] {processor.py:925} INFO - DAG(s) 'pipeline_metricas_machine_learning_v1' retrieved from /workspaces/meu-primeiro-etl-airflow/airflow/dags/dag_pipeline_ml.py
[2026-05-27T14:46:33.805+0000] {logging_mixin.py:190} INFO - [2026-05-27T14:46:33.804+0000] {dag.py:3239} INFO - Sync 1 DAGs
[2026-05-27T14:46:33.815+0000] {logging_mixin.py:190} INFO - [2026-05-27T14:46:33.815+0000] {dag.py:4180} INFO - Setting next_dagrun for pipeline_metricas_machine_learning_v1 to None, run_after=None
[2026-05-27T14:46:33.838+0000] {processor.py:208} INFO - Processing /workspaces/meu-primeiro-etl-airflow/airflow/dags/dag_pipeline_ml.py took 1.555 seconds
[2026-05-27T14:47:03.928+0000] {processor.py:186} INFO - Started process (PID=33527) to work on /workspaces/meu-primeiro-etl-airflow/airflow/dags/dag_pipeline_ml.py
[2026-05-27T14:47:03.929+0000] {processor.py:914} INFO - Processing file /workspaces/meu-primeiro-etl-airflow/airflow/dags/dag_pipeline_ml.py for tasks to queue
[2026-05-27T14:47:04.082+0000] {logging_mixin.py:190} INFO - [2026-05-27T14:47:04.082+0000] {dagbag.py:588} INFO - Filling up the DagBag from /workspaces/meu-primeiro-etl-airflow/airflow/dags/dag_pipeline_ml.py
[2026-05-27T14:47:05.382+0000] {processor.py:925} INFO - DAG(s) 'pipeline_metricas_machine_learning_v1' retrieved from /workspaces/meu-primeiro-etl-airflow/airflow/dags/dag_pipeline_ml.py
[2026-05-27T14:47:05.395+0000] {logging_mixin.py:190} INFO - [2026-05-27T14:47:05.395+0000] {dag.py:3239} INFO - Sync 1 DAGs
[2026-05-27T14:47:05.403+0000] {logging_mixin.py:190} INFO - [2026-05-27T14:47:05.403+0000] {dag.py:4180} INFO - Setting next_dagrun for pipeline_metricas_machine_learning_v1 to None, run_after=None
[2026-05-27T14:47:05.420+0000] {processor.py:208} INFO - Processing /workspaces/meu-primeiro-etl-airflow/airflow/dags/dag_pipeline_ml.py took 1.500 seconds
[2026-05-27T14:47:35.798+0000] {processor.py:186} INFO - Started process (PID=33926) to work on /workspaces/meu-primeiro-etl-airflow/airflow/dags/dag_pipeline_ml.py
[2026-05-27T14:47:35.800+0000] {processor.py:914} INFO - Processing file /workspaces/meu-primeiro-etl-airflow/airflow/dags/dag_pipeline_ml.py for tasks to queue
[2026-05-27T14:47:35.802+0000] {logging_mixin.py:190} INFO - [2026-05-27T14:47:35.802+0000] {dagbag.py:588} INFO - Filling up the DagBag from /workspaces/meu-primeiro-etl-airflow/airflow/dags/dag_pipeline_ml.py
[2026-05-27T14:47:37.446+0000] {processor.py:925} INFO - DAG(s) 'pipeline_metricas_machine_learning_v1' retrieved from /workspaces/meu-primeiro-etl-airflow/airflow/dags/dag_pipeline_ml.py
[2026-05-27T14:47:37.461+0000] {logging_mixin.py:190} INFO - [2026-05-27T14:47:37.461+0000] {dag.py:3239} INFO - Sync 1 DAGs
[2026-05-27T14:47:37.471+0000] {logging_mixin.py:190} INFO - [2026-05-27T14:47:37.471+0000] {dag.py:4180} INFO - Setting next_dagrun for pipeline_metricas_machine_learning_v1 to None, run_after=None
[2026-05-27T14:47:37.489+0000] {processor.py:208} INFO - Processing /workspaces/meu-primeiro-etl-airflow/airflow/dags/dag_pipeline_ml.py took 1.702 seconds
[2026-05-27T14:48:08.608+0000] {processor.py:186} INFO - Started process (PID=34583) to work on /workspaces/meu-primeiro-etl-airflow/airflow/dags/dag_pipeline_ml.py
[2026-05-27T14:48:08.608+0000] {processor.py:914} INFO - Processing file /workspaces/meu-primeiro-etl-airflow/airflow/dags/dag_pipeline_ml.py for tasks to queue
[2026-05-27T14:48:08.610+0000] {logging_mixin.py:190} INFO - [2026-05-27T14:48:08.609+0000] {dagbag.py:588} INFO - Filling up the DagBag from /workspaces/meu-primeiro-etl-airflow/airflow/dags/dag_pipeline_ml.py
[2026-05-27T14:48:09.928+0000] {processor.py:925} INFO - DAG(s) 'pipeline_metricas_machine_learning_v1' retrieved from /workspaces/meu-primeiro-etl-airflow/airflow/dags/dag_pipeline_ml.py
[2026-05-27T14:48:09.952+0000] {logging_mixin.py:190} INFO - [2026-05-27T14:48:09.951+0000] {dag.py:3239} INFO - Sync 1 DAGs
[2026-05-27T14:48:09.964+0000] {logging_mixin.py:190} INFO - [2026-05-27T14:48:09.964+0000] {dag.py:4180} INFO - Setting next_dagrun for pipeline_metricas_machine_learning_v1 to None, run_after=None
[2026-05-27T14:48:10.002+0000] {processor.py:208} INFO - Processing /workspaces/meu-primeiro-etl-airflow/airflow/dags/dag_pipeline_ml.py took 1.402 seconds
[2026-05-27T14:48:40.246+0000] {processor.py:186} INFO - Started process (PID=35166) to work on /workspaces/meu-primeiro-etl-airflow/airflow/dags/dag_pipeline_ml.py
[2026-05-27T14:48:40.248+0000] {processor.py:914} INFO - Processing file /workspaces/meu-primeiro-etl-airflow/airflow/dags/dag_pipeline_ml.py for tasks to queue
[2026-05-27T14:48:40.250+0000] {logging_mixin.py:190} INFO - [2026-05-27T14:48:40.249+0000] {dagbag.py:588} INFO - Filling up the DagBag from /workspaces/meu-primeiro-etl-airflow/airflow/dags/dag_pipeline_ml.py
[2026-05-27T14:48:41.674+0000] {processor.py:925} INFO - DAG(s) 'pipeline_metricas_machine_learning_v1' retrieved from /workspaces/meu-primeiro-etl-airflow/airflow/dags/dag_pipeline_ml.py
[2026-05-27T14:48:41.688+0000] {logging_mixin.py:190} INFO - [2026-05-27T14:48:41.687+0000] {dag.py:3239} INFO - Sync 1 DAGs
[2026-05-27T14:48:41.696+0000] {logging_mixin.py:190} INFO - [2026-05-27T14:48:41.696+0000] {dag.py:4180} INFO - Setting next_dagrun for pipeline_metricas_machine_learning_v1 to None, run_after=None
[2026-05-27T14:48:41.713+0000] {processor.py:208} INFO - Processing /workspaces/meu-primeiro-etl-airflow/airflow/dags/dag_pipeline_ml.py took 1.474 seconds
[2026-05-27T14:49:12.595+0000] {processor.py:186} INFO - Started process (PID=35436) to work on /workspaces/meu-primeiro-etl-airflow/airflow/dags/dag_pipeline_ml.py
[2026-05-27T14:49:12.595+0000] {processor.py:914} INFO - Processing file /workspaces/meu-primeiro-etl-airflow/airflow/dags/dag_pipeline_ml.py for tasks to queue
[2026-05-27T14:49:12.597+0000] {logging_mixin.py:190} INFO - [2026-05-27T14:49:12.597+0000] {dagbag.py:588} INFO - Filling up the DagBag from /workspaces/meu-primeiro-etl-airflow/airflow/dags/dag_pipeline_ml.py
[2026-05-27T14:49:14.241+0000] {processor.py:925} INFO - DAG(s) 'pipeline_metricas_machine_learning_v1' retrieved from /workspaces/meu-primeiro-etl-airflow/airflow/dags/dag_pipeline_ml.py
[2026-05-27T14:49:14.254+0000] {logging_mixin.py:190} INFO - [2026-05-27T14:49:14.254+0000] {dag.py:3239} INFO - Sync 1 DAGs
[2026-05-27T14:49:14.262+0000] {logging_mixin.py:190} INFO - [2026-05-27T14:49:14.262+0000] {dag.py:4180} INFO - Setting next_dagrun for pipeline_metricas_machine_learning_v1 to None, run_after=None
[2026-05-27T14:49:14.278+0000] {processor.py:208} INFO - Processing /workspaces/meu-primeiro-etl-airflow/airflow/dags/dag_pipeline_ml.py took 1.692 seconds
[2026-05-27T14:49:29.592+0000] {processor.py:186} INFO - Started process (PID=35631) to work on /workspaces/meu-primeiro-etl-airflow/airflow/dags/dag_pipeline_ml.py
[2026-05-27T14:49:29.593+0000] {processor.py:914} INFO - Processing file /workspaces/meu-primeiro-etl-airflow/airflow/dags/dag_pipeline_ml.py for tasks to queue
[2026-05-27T14:49:29.594+0000] {logging_mixin.py:190} INFO - [2026-05-27T14:49:29.594+0000] {dagbag.py:588} INFO - Filling up the DagBag from /workspaces/meu-primeiro-etl-airflow/airflow/dags/dag_pipeline_ml.py
[2026-05-27T14:49:31.247+0000] {processor.py:925} INFO - DAG(s) 'pipeline_metricas_machine_learning_v1' retrieved from /workspaces/meu-primeiro-etl-airflow/airflow/dags/dag_pipeline_ml.py
[2026-05-27T14:49:31.261+0000] {logging_mixin.py:190} INFO - [2026-05-27T14:49:31.261+0000] {dag.py:3239} INFO - Sync 1 DAGs
[2026-05-27T14:49:31.271+0000] {logging_mixin.py:190} INFO - [2026-05-27T14:49:31.271+0000] {dag.py:4180} INFO - Setting next_dagrun for pipeline_metricas_machine_learning_v1 to None, run_after=None
[2026-05-27T14:49:31.287+0000] {processor.py:208} INFO - Processing /workspaces/meu-primeiro-etl-airflow/airflow/dags/dag_pipeline_ml.py took 1.701 seconds
[2026-05-27T14:50:02.656+0000] {processor.py:186} INFO - Started process (PID=36275) to work on /workspaces/meu-primeiro-etl-airflow/airflow/dags/dag_pipeline_ml.py
[2026-05-27T14:50:02.657+0000] {processor.py:914} INFO - Processing file /workspaces/meu-primeiro-etl-airflow/airflow/dags/dag_pipeline_ml.py for tasks to queue
[2026-05-27T14:50:02.658+0000] {logging_mixin.py:190} INFO - [2026-05-27T14:50:02.658+0000] {dagbag.py:588} INFO - Filling up the DagBag from /workspaces/meu-primeiro-etl-airflow/airflow/dags/dag_pipeline_ml.py
[2026-05-27T14:50:04.212+0000] {processor.py:925} INFO - DAG(s) 'pipeline_metricas_machine_learning_v1' retrieved from /workspaces/meu-primeiro-etl-airflow/airflow/dags/dag_pipeline_ml.py
[2026-05-27T14:50:04.229+0000] {logging_mixin.py:190} INFO - [2026-05-27T14:50:04.229+0000] {dag.py:3239} INFO - Sync 1 DAGs
[2026-05-27T14:50:04.238+0000] {logging_mixin.py:190} INFO - [2026-05-27T14:50:04.238+0000] {dag.py:4180} INFO - Setting next_dagrun for pipeline_metricas_machine_learning_v1 to None, run_after=None
[2026-05-27T14:50:04.263+0000] {processor.py:208} INFO - Processing /workspaces/meu-primeiro-etl-airflow/airflow/dags/dag_pipeline_ml.py took 1.613 seconds
[2026-05-27T14:50:35.295+0000] {processor.py:186} INFO - Started process (PID=36880) to work on /workspaces/meu-primeiro-etl-airflow/airflow/dags/dag_pipeline_ml.py
[2026-05-27T14:50:35.296+0000] {processor.py:914} INFO - Processing file /workspaces/meu-primeiro-etl-airflow/airflow/dags/dag_pipeline_ml.py for tasks to queue
[2026-05-27T14:50:35.297+0000] {logging_mixin.py:190} INFO - [2026-05-27T14:50:35.297+0000] {dagbag.py:588} INFO - Filling up the DagBag from /workspaces/meu-primeiro-etl-airflow/airflow/dags/dag_pipeline_ml.py
[2026-05-27T14:50:36.947+0000] {processor.py:925} INFO - DAG(s) 'pipeline_metricas_machine_learning_v1' retrieved from /workspaces/meu-primeiro-etl-airflow/airflow/dags/dag_pipeline_ml.py
[2026-05-27T14:50:36.972+0000] {logging_mixin.py:190} INFO - [2026-05-27T14:50:36.971+0000] {dag.py:3239} INFO - Sync 1 DAGs
[2026-05-27T14:50:36.980+0000] {logging_mixin.py:190} INFO - [2026-05-27T14:50:36.980+0000] {dag.py:4180} INFO - Setting next_dagrun for pipeline_metricas_machine_learning_v1 to None, run_after=None
[2026-05-27T14:50:36.995+0000] {processor.py:208} INFO - Processing /workspaces/meu-primeiro-etl-airflow/airflow/dags/dag_pipeline_ml.py took 1.706 seconds
[2026-05-27T14:51:04.944+0000] {processor.py:186} INFO - Started process (PID=37366) to work on /workspaces/meu-primeiro-etl-airflow/airflow/dags/dag_pipeline_ml.py
[2026-05-27T14:51:04.945+0000] {processor.py:914} INFO - Processing file /workspaces/meu-primeiro-etl-airflow/airflow/dags/dag_pipeline_ml.py for tasks to queue
[2026-05-27T14:51:04.946+0000] {logging_mixin.py:190} INFO - [2026-05-27T14:51:04.946+0000] {dagbag.py:588} INFO - Filling up the DagBag from /workspaces/meu-primeiro-etl-airflow/airflow/dags/dag_pipeline_ml.py
[2026-05-27T14:51:06.503+0000] {processor.py:925} INFO - DAG(s) 'pipeline_metricas_machine_learning_v1' retrieved from /workspaces/meu-primeiro-etl-airflow/airflow/dags/dag_pipeline_ml.py
[2026-05-27T14:51:06.521+0000] {logging_mixin.py:190} INFO - [2026-05-27T14:51:06.521+0000] {dag.py:3239} INFO - Sync 1 DAGs
[2026-05-27T14:51:06.534+0000] {logging_mixin.py:190} INFO - [2026-05-27T14:51:06.533+0000] {dag.py:4180} INFO - Setting next_dagrun for pipeline_metricas_machine_learning_v1 to None, run_after=None
[2026-05-27T14:51:06.562+0000] {processor.py:208} INFO - Processing /workspaces/meu-primeiro-etl-airflow/airflow/dags/dag_pipeline_ml.py took 1.626 seconds
[2026-05-27T14:51:09.160+0000] {processor.py:186} INFO - Started process (PID=37407) to work on /workspaces/meu-primeiro-etl-airflow/airflow/dags/dag_pipeline_ml.py
[2026-05-27T14:51:09.163+0000] {processor.py:914} INFO - Processing file /workspaces/meu-primeiro-etl-airflow/airflow/dags/dag_pipeline_ml.py for tasks to queue
[2026-05-27T14:51:09.170+0000] {logging_mixin.py:190} INFO - [2026-05-27T14:51:09.170+0000] {dagbag.py:588} INFO - Filling up the DagBag from /workspaces/meu-primeiro-etl-airflow/airflow/dags/dag_pipeline_ml.py
[2026-05-27T14:51:11.984+0000] {processor.py:925} INFO - DAG(s) 'pipeline_metricas_machine_learning_v1' retrieved from /workspaces/meu-primeiro-etl-airflow/airflow/dags/dag_pipeline_ml.py
[2026-05-27T14:51:12.002+0000] {logging_mixin.py:190} INFO - [2026-05-27T14:51:12.002+0000] {dag.py:3239} INFO - Sync 1 DAGs
[2026-05-27T14:51:12.012+0000] {logging_mixin.py:190} INFO - [2026-05-27T14:51:12.012+0000] {dag.py:4180} INFO - Setting next_dagrun for pipeline_metricas_machine_learning_v1 to None, run_after=None
[2026-05-27T14:51:12.029+0000] {processor.py:208} INFO - Processing /workspaces/meu-primeiro-etl-airflow/airflow/dags/dag_pipeline_ml.py took 2.925 seconds
[2026-05-27T14:51:44.388+0000] {processor.py:186} INFO - Started process (PID=37957) to work on /workspaces/meu-primeiro-etl-airflow/airflow/dags/dag_pipeline_ml.py
[2026-05-27T14:51:44.389+0000] {processor.py:914} INFO - Processing file /workspaces/meu-primeiro-etl-airflow/airflow/dags/dag_pipeline_ml.py for tasks to queue
[2026-05-27T14:51:44.391+0000] {logging_mixin.py:190} INFO - [2026-05-27T14:51:44.390+0000] {dagbag.py:588} INFO - Filling up the DagBag from /workspaces/meu-primeiro-etl-airflow/airflow/dags/dag_pipeline_ml.py
[2026-05-27T14:51:46.015+0000] {processor.py:925} INFO - DAG(s) 'pipeline_metricas_machine_learning_v1' retrieved from /workspaces/meu-primeiro-etl-airflow/airflow/dags/dag_pipeline_ml.py
[2026-05-27T14:51:46.037+0000] {logging_mixin.py:190} INFO - [2026-05-27T14:51:46.037+0000] {dag.py:3239} INFO - Sync 1 DAGs
[2026-05-27T14:51:46.050+0000] {logging_mixin.py:190} INFO - [2026-05-27T14:51:46.050+0000] {dag.py:4180} INFO - Setting next_dagrun for pipeline_metricas_machine_learning_v1 to None, run_after=None
[2026-05-27T14:51:46.090+0000] {processor.py:208} INFO - Processing /workspaces/meu-primeiro-etl-airflow/airflow/dags/dag_pipeline_ml.py took 1.708 seconds
[2026-05-27T14:52:17.236+0000] {processor.py:186} INFO - Started process (PID=38615) to work on /workspaces/meu-primeiro-etl-airflow/airflow/dags/dag_pipeline_ml.py
[2026-05-27T14:52:17.237+0000] {processor.py:914} INFO - Processing file /workspaces/meu-primeiro-etl-airflow/airflow/dags/dag_pipeline_ml.py for tasks to queue
[2026-05-27T14:52:17.238+0000] {logging_mixin.py:190} INFO - [2026-05-27T14:52:17.238+0000] {dagbag.py:588} INFO - Filling up the DagBag from /workspaces/meu-primeiro-etl-airflow/airflow/dags/dag_pipeline_ml.py
[2026-05-27T14:52:18.636+0000] {processor.py:925} INFO - DAG(s) 'pipeline_metricas_machine_learning_v1' retrieved from /workspaces/meu-primeiro-etl-airflow/airflow/dags/dag_pipeline_ml.py
[2026-05-27T14:52:18.650+0000] {logging_mixin.py:190} INFO - [2026-05-27T14:52:18.650+0000] {dag.py:3239} INFO - Sync 1 DAGs
[2026-05-27T14:52:18.658+0000] {logging_mixin.py:190} INFO - [2026-05-27T14:52:18.658+0000] {dag.py:4180} INFO - Setting next_dagrun for pipeline_metricas_machine_learning_v1 to None, run_after=None
[2026-05-27T14:52:18.674+0000] {processor.py:208} INFO - Processing /workspaces/meu-primeiro-etl-airflow/airflow/dags/dag_pipeline_ml.py took 1.446 seconds
[2026-05-27T14:52:48.837+0000] {processor.py:186} INFO - Started process (PID=39164) to work on /workspaces/meu-primeiro-etl-airflow/airflow/dags/dag_pipeline_ml.py
[2026-05-27T14:52:48.838+0000] {processor.py:914} INFO - Processing file /workspaces/meu-primeiro-etl-airflow/airflow/dags/dag_pipeline_ml.py for tasks to queue
[2026-05-27T14:52:48.839+0000] {logging_mixin.py:190} INFO - [2026-05-27T14:52:48.839+0000] {dagbag.py:588} INFO - Filling up the DagBag from /workspaces/meu-primeiro-etl-airflow/airflow/dags/dag_pipeline_ml.py
[2026-05-27T14:52:50.291+0000] {processor.py:925} INFO - DAG(s) 'pipeline_metricas_machine_learning_v1' retrieved from /workspaces/meu-primeiro-etl-airflow/airflow/dags/dag_pipeline_ml.py
[2026-05-27T14:52:50.305+0000] {logging_mixin.py:190} INFO - [2026-05-27T14:52:50.304+0000] {dag.py:3239} INFO - Sync 1 DAGs
[2026-05-27T14:52:50.315+0000] {logging_mixin.py:190} INFO - [2026-05-27T14:52:50.315+0000] {dag.py:4180} INFO - Setting next_dagrun for pipeline_metricas_machine_learning_v1 to None, run_after=None
[2026-05-27T14:52:50.334+0000] {processor.py:208} INFO - Processing /workspaces/meu-primeiro-etl-airflow/airflow/dags/dag_pipeline_ml.py took 1.503 seconds
[2026-05-27T14:53:24.262+0000] {processor.py:186} INFO - Started process (PID=39709) to work on /workspaces/meu-primeiro-etl-airflow/airflow/dags/dag_pipeline_ml.py
[2026-05-27T14:53:24.262+0000] {processor.py:914} INFO - Processing file /workspaces/meu-primeiro-etl-airflow/airflow/dags/dag_pipeline_ml.py for tasks to queue
[2026-05-27T14:53:24.264+0000] {logging_mixin.py:190} INFO - [2026-05-27T14:53:24.263+0000] {dagbag.py:588} INFO - Filling up the DagBag from /workspaces/meu-primeiro-etl-airflow/airflow/dags/dag_pipeline_ml.py
[2026-05-27T14:53:25.762+0000] {processor.py:925} INFO - DAG(s) 'pipeline_metricas_machine_learning_v1' retrieved from /workspaces/meu-primeiro-etl-airflow/airflow/dags/dag_pipeline_ml.py
[2026-05-27T14:53:25.776+0000] {logging_mixin.py:190} INFO - [2026-05-27T14:53:25.776+0000] {dag.py:3239} INFO - Sync 1 DAGs
[2026-05-27T14:53:25.784+0000] {logging_mixin.py:190} INFO - [2026-05-27T14:53:25.784+0000] {dag.py:4180} INFO - Setting next_dagrun for pipeline_metricas_machine_learning_v1 to None, run_after=None
[2026-05-27T14:53:25.801+0000] {processor.py:208} INFO - Processing /workspaces/meu-primeiro-etl-airflow/airflow/dags/dag_pipeline_ml.py took 1.545 seconds
[2026-05-27T14:53:55.987+0000] {processor.py:186} INFO - Started process (PID=40213) to work on /workspaces/meu-primeiro-etl-airflow/airflow/dags/dag_pipeline_ml.py
[2026-05-27T14:53:55.988+0000] {processor.py:914} INFO - Processing file /workspaces/meu-primeiro-etl-airflow/airflow/dags/dag_pipeline_ml.py for tasks to queue
[2026-05-27T14:53:55.989+0000] {logging_mixin.py:190} INFO - [2026-05-27T14:53:55.988+0000] {dagbag.py:588} INFO - Filling up the DagBag from /workspaces/meu-primeiro-etl-airflow/airflow/dags/dag_pipeline_ml.py
[2026-05-27T14:53:57.337+0000] {processor.py:925} INFO - DAG(s) 'pipeline_metricas_machine_learning_v1' retrieved from /workspaces/meu-primeiro-etl-airflow/airflow/dags/dag_pipeline_ml.py
[2026-05-27T14:53:57.351+0000] {logging_mixin.py:190} INFO - [2026-05-27T14:53:57.350+0000] {dag.py:3239} INFO - Sync 1 DAGs
[2026-05-27T14:53:57.360+0000] {logging_mixin.py:190} INFO - [2026-05-27T14:53:57.360+0000] {dag.py:4180} INFO - Setting next_dagrun for pipeline_metricas_machine_learning_v1 to None, run_after=None
[2026-05-27T14:53:57.375+0000] {processor.py:208} INFO - Processing /workspaces/meu-primeiro-etl-airflow/airflow/dags/dag_pipeline_ml.py took 1.395 seconds
[2026-05-27T14:54:27.585+0000] {processor.py:186} INFO - Started process (PID=40487) to work on /workspaces/meu-primeiro-etl-airflow/airflow/dags/dag_pipeline_ml.py
[2026-05-27T14:54:27.586+0000] {processor.py:914} INFO - Processing file /workspaces/meu-primeiro-etl-airflow/airflow/dags/dag_pipeline_ml.py for tasks to queue
[2026-05-27T14:54:27.587+0000] {logging_mixin.py:190} INFO - [2026-05-27T14:54:27.587+0000] {dagbag.py:588} INFO - Filling up the DagBag from /workspaces/meu-primeiro-etl-airflow/airflow/dags/dag_pipeline_ml.py
[2026-05-27T14:54:28.807+0000] {processor.py:925} INFO - DAG(s) 'pipeline_metricas_machine_learning_v1' retrieved from /workspaces/meu-primeiro-etl-airflow/airflow/dags/dag_pipeline_ml.py
[2026-05-27T14:54:28.825+0000] {logging_mixin.py:190} INFO - [2026-05-27T14:54:28.824+0000] {dag.py:3239} INFO - Sync 1 DAGs
[2026-05-27T14:54:28.834+0000] {logging_mixin.py:190} INFO - [2026-05-27T14:54:28.834+0000] {dag.py:4180} INFO - Setting next_dagrun for pipeline_metricas_machine_learning_v1 to None, run_after=None
[2026-05-27T14:54:28.850+0000] {processor.py:208} INFO - Processing /workspaces/meu-primeiro-etl-airflow/airflow/dags/dag_pipeline_ml.py took 1.271 seconds
[2026-05-27T14:54:58.981+0000] {processor.py:186} INFO - Started process (PID=40695) to work on /workspaces/meu-primeiro-etl-airflow/airflow/dags/dag_pipeline_ml.py
[2026-05-27T14:54:58.981+0000] {processor.py:914} INFO - Processing file /workspaces/meu-primeiro-etl-airflow/airflow/dags/dag_pipeline_ml.py for tasks to queue
[2026-05-27T14:54:58.983+0000] {logging_mixin.py:190} INFO - [2026-05-27T14:54:58.982+0000] {dagbag.py:588} INFO - Filling up the DagBag from /workspaces/meu-primeiro-etl-airflow/airflow/dags/dag_pipeline_ml.py
[2026-05-27T14:55:00.350+0000] {processor.py:925} INFO - DAG(s) 'pipeline_metricas_machine_learning_v1' retrieved from /workspaces/meu-primeiro-etl-airflow/airflow/dags/dag_pipeline_ml.py
[2026-05-27T14:55:00.364+0000] {logging_mixin.py:190} INFO - [2026-05-27T14:55:00.364+0000] {dag.py:3239} INFO - Sync 1 DAGs
[2026-05-27T14:55:00.372+0000] {logging_mixin.py:190} INFO - [2026-05-27T14:55:00.372+0000] {dag.py:4180} INFO - Setting next_dagrun for pipeline_metricas_machine_learning_v1 to None, run_after=None
[2026-05-27T14:55:00.388+0000] {processor.py:208} INFO - Processing /workspaces/meu-primeiro-etl-airflow/airflow/dags/dag_pipeline_ml.py took 1.413 seconds
[2026-05-27T14:55:31.093+0000] {processor.py:186} INFO - Started process (PID=41220) to work on /workspaces/meu-primeiro-etl-airflow/airflow/dags/dag_pipeline_ml.py
[2026-05-27T14:55:31.094+0000] {processor.py:914} INFO - Processing file /workspaces/meu-primeiro-etl-airflow/airflow/dags/dag_pipeline_ml.py for tasks to queue
[2026-05-27T14:55:31.095+0000] {logging_mixin.py:190} INFO - [2026-05-27T14:55:31.094+0000] {dagbag.py:588} INFO - Filling up the DagBag from /workspaces/meu-primeiro-etl-airflow/airflow/dags/dag_pipeline_ml.py
[2026-05-27T14:55:32.370+0000] {processor.py:925} INFO - DAG(s) 'pipeline_metricas_machine_learning_v1' retrieved from /workspaces/meu-primeiro-etl-airflow/airflow/dags/dag_pipeline_ml.py
[2026-05-27T14:55:32.385+0000] {logging_mixin.py:190} INFO - [2026-05-27T14:55:32.385+0000] {dag.py:3239} INFO - Sync 1 DAGs
[2026-05-27T14:55:32.393+0000] {logging_mixin.py:190} INFO - [2026-05-27T14:55:32.393+0000] {dag.py:4180} INFO - Setting next_dagrun for pipeline_metricas_machine_learning_v1 to None, run_after=None
[2026-05-27T14:55:32.410+0000] {processor.py:208} INFO - Processing /workspaces/meu-primeiro-etl-airflow/airflow/dags/dag_pipeline_ml.py took 1.323 seconds
[2026-05-27T14:56:02.591+0000] {processor.py:186} INFO - Started process (PID=41436) to work on /workspaces/meu-primeiro-etl-airflow/airflow/dags/dag_pipeline_ml.py
[2026-05-27T14:56:02.591+0000] {processor.py:914} INFO - Processing file /workspaces/meu-primeiro-etl-airflow/airflow/dags/dag_pipeline_ml.py for tasks to queue
[2026-05-27T14:56:02.593+0000] {logging_mixin.py:190} INFO - [2026-05-27T14:56:02.592+0000] {dagbag.py:588} INFO - Filling up the DagBag from /workspaces/meu-primeiro-etl-airflow/airflow/dags/dag_pipeline_ml.py
[2026-05-27T14:56:03.835+0000] {processor.py:925} INFO - DAG(s) 'pipeline_metricas_machine_learning_v1' retrieved from /workspaces/meu-primeiro-etl-airflow/airflow/dags/dag_pipeline_ml.py
[2026-05-27T14:56:03.848+0000] {logging_mixin.py:190} INFO - [2026-05-27T14:56:03.848+0000] {dag.py:3239} INFO - Sync 1 DAGs
[2026-05-27T14:56:03.856+0000] {logging_mixin.py:190} INFO - [2026-05-27T14:56:03.856+0000] {dag.py:4180} INFO - Setting next_dagrun for pipeline_metricas_machine_learning_v1 to None, run_after=None
[2026-05-27T14:56:03.871+0000] {processor.py:208} INFO - Processing /workspaces/meu-primeiro-etl-airflow/airflow/dags/dag_pipeline_ml.py took 1.286 seconds
[2026-05-27T14:56:33.961+0000] {processor.py:186} INFO - Started process (PID=41701) to work on /workspaces/meu-primeiro-etl-airflow/airflow/dags/dag_pipeline_ml.py
[2026-05-27T14:56:33.962+0000] {processor.py:914} INFO - Processing file /workspaces/meu-primeiro-etl-airflow/airflow/dags/dag_pipeline_ml.py for tasks to queue
[2026-05-27T14:56:33.963+0000] {logging_mixin.py:190} INFO - [2026-05-27T14:56:33.963+0000] {dagbag.py:588} INFO - Filling up the DagBag from /workspaces/meu-primeiro-etl-airflow/airflow/dags/dag_pipeline_ml.py
[2026-05-27T14:56:35.405+0000] {processor.py:925} INFO - DAG(s) 'pipeline_metricas_machine_learning_v1' retrieved from /workspaces/meu-primeiro-etl-airflow/airflow/dags/dag_pipeline_ml.py
[2026-05-27T14:56:35.426+0000] {logging_mixin.py:190} INFO - [2026-05-27T14:56:35.425+0000] {dag.py:3239} INFO - Sync 1 DAGs
[2026-05-27T14:56:35.436+0000] {logging_mixin.py:190} INFO - [2026-05-27T14:56:35.435+0000] {dag.py:4180} INFO - Setting next_dagrun for pipeline_metricas_machine_learning_v1 to None, run_after=None
[2026-05-27T14:56:35.451+0000] {processor.py:208} INFO - Processing /workspaces/meu-primeiro-etl-airflow/airflow/dags/dag_pipeline_ml.py took 1.495 seconds
[2026-05-27T14:57:05.570+0000] {processor.py:186} INFO - Started process (PID=41922) to work on /workspaces/meu-primeiro-etl-airflow/airflow/dags/dag_pipeline_ml.py
[2026-05-27T14:57:05.573+0000] {processor.py:914} INFO - Processing file /workspaces/meu-primeiro-etl-airflow/airflow/dags/dag_pipeline_ml.py for tasks to queue
[2026-05-27T14:57:05.575+0000] {logging_mixin.py:190} INFO - [2026-05-27T14:57:05.574+0000] {dagbag.py:588} INFO - Filling up the DagBag from /workspaces/meu-primeiro-etl-airflow/airflow/dags/dag_pipeline_ml.py
[2026-05-27T14:57:07.099+0000] {processor.py:925} INFO - DAG(s) 'pipeline_metricas_machine_learning_v1' retrieved from /workspaces/meu-primeiro-etl-airflow/airflow/dags/dag_pipeline_ml.py
[2026-05-27T14:57:07.114+0000] {logging_mixin.py:190} INFO - [2026-05-27T14:57:07.114+0000] {dag.py:3239} INFO - Sync 1 DAGs
[2026-05-27T14:57:07.130+0000] {logging_mixin.py:190} INFO - [2026-05-27T14:57:07.130+0000] {dag.py:4180} INFO - Setting next_dagrun for pipeline_metricas_machine_learning_v1 to None, run_after=None
[2026-05-27T14:57:07.149+0000] {processor.py:208} INFO - Processing /workspaces/meu-primeiro-etl-airflow/airflow/dags/dag_pipeline_ml.py took 1.602 seconds
[2026-05-27T14:57:37.266+0000] {processor.py:186} INFO - Started process (PID=42264) to work on /workspaces/meu-primeiro-etl-airflow/airflow/dags/dag_pipeline_ml.py
[2026-05-27T14:57:37.267+0000] {processor.py:914} INFO - Processing file /workspaces/meu-primeiro-etl-airflow/airflow/dags/dag_pipeline_ml.py for tasks to queue
[2026-05-27T14:57:37.268+0000] {logging_mixin.py:190} INFO - [2026-05-27T14:57:37.268+0000] {dagbag.py:588} INFO - Filling up the DagBag from /workspaces/meu-primeiro-etl-airflow/airflow/dags/dag_pipeline_ml.py
[2026-05-27T14:57:39.084+0000] {processor.py:925} INFO - DAG(s) 'pipeline_metricas_machine_learning_v1' retrieved from /workspaces/meu-primeiro-etl-airflow/airflow/dags/dag_pipeline_ml.py
[2026-05-27T14:57:39.097+0000] {logging_mixin.py:190} INFO - [2026-05-27T14:57:39.096+0000] {dag.py:3239} INFO - Sync 1 DAGs
[2026-05-27T14:57:39.106+0000] {logging_mixin.py:190} INFO - [2026-05-27T14:57:39.105+0000] {dag.py:4180} INFO - Setting next_dagrun for pipeline_metricas_machine_learning_v1 to None, run_after=None
[2026-05-27T14:57:39.125+0000] {processor.py:208} INFO - Processing /workspaces/meu-primeiro-etl-airflow/airflow/dags/dag_pipeline_ml.py took 1.866 seconds
[2026-05-27T14:58:09.199+0000] {processor.py:186} INFO - Started process (PID=42671) to work on /workspaces/meu-primeiro-etl-airflow/airflow/dags/dag_pipeline_ml.py
[2026-05-27T14:58:09.200+0000] {processor.py:914} INFO - Processing file /workspaces/meu-primeiro-etl-airflow/airflow/dags/dag_pipeline_ml.py for tasks to queue
[2026-05-27T14:58:09.201+0000] {logging_mixin.py:190} INFO - [2026-05-27T14:58:09.201+0000] {dagbag.py:588} INFO - Filling up the DagBag from /workspaces/meu-primeiro-etl-airflow/airflow/dags/dag_pipeline_ml.py
[2026-05-27T14:58:10.481+0000] {processor.py:925} INFO - DAG(s) 'pipeline_metricas_machine_learning_v1' retrieved from /workspaces/meu-primeiro-etl-airflow/airflow/dags/dag_pipeline_ml.py
[2026-05-27T14:58:10.521+0000] {logging_mixin.py:190} INFO - [2026-05-27T14:58:10.520+0000] {dag.py:3239} INFO - Sync 1 DAGs
[2026-05-27T14:58:10.538+0000] {logging_mixin.py:190} INFO - [2026-05-27T14:58:10.538+0000] {dag.py:4180} INFO - Setting next_dagrun for pipeline_metricas_machine_learning_v1 to None, run_after=None
[2026-05-27T14:58:10.571+0000] {processor.py:208} INFO - Processing /workspaces/meu-primeiro-etl-airflow/airflow/dags/dag_pipeline_ml.py took 1.377 seconds
[2026-05-27T14:58:40.706+0000] {processor.py:186} INFO - Started process (PID=43046) to work on /workspaces/meu-primeiro-etl-airflow/airflow/dags/dag_pipeline_ml.py
[2026-05-27T14:58:40.707+0000] {processor.py:914} INFO - Processing file /workspaces/meu-primeiro-etl-airflow/airflow/dags/dag_pipeline_ml.py for tasks to queue
[2026-05-27T14:58:40.709+0000] {logging_mixin.py:190} INFO - [2026-05-27T14:58:40.708+0000] {dagbag.py:588} INFO - Filling up the DagBag from /workspaces/meu-primeiro-etl-airflow/airflow/dags/dag_pipeline_ml.py
[2026-05-27T14:58:42.073+0000] {processor.py:925} INFO - DAG(s) 'pipeline_metricas_machine_learning_v1' retrieved from /workspaces/meu-primeiro-etl-airflow/airflow/dags/dag_pipeline_ml.py
[2026-05-27T14:58:42.087+0000] {logging_mixin.py:190} INFO - [2026-05-27T14:58:42.087+0000] {dag.py:3239} INFO - Sync 1 DAGs
[2026-05-27T14:58:42.095+0000] {logging_mixin.py:190} INFO - [2026-05-27T14:58:42.095+0000] {dag.py:4180} INFO - Setting next_dagrun for pipeline_metricas_machine_learning_v1 to None, run_after=None
[2026-05-27T14:58:42.112+0000] {processor.py:208} INFO - Processing /workspaces/meu-primeiro-etl-airflow/airflow/dags/dag_pipeline_ml.py took 1.414 seconds
[2026-05-27T14:59:12.319+0000] {processor.py:186} INFO - Started process (PID=43345) to work on /workspaces/meu-primeiro-etl-airflow/airflow/dags/dag_pipeline_ml.py
[2026-05-27T14:59:12.324+0000] {processor.py:914} INFO - Processing file /workspaces/meu-primeiro-etl-airflow/airflow/dags/dag_pipeline_ml.py for tasks to queue
[2026-05-27T14:59:12.326+0000] {logging_mixin.py:190} INFO - [2026-05-27T14:59:12.325+0000] {dagbag.py:588} INFO - Filling up the DagBag from /workspaces/meu-primeiro-etl-airflow/airflow/dags/dag_pipeline_ml.py
[2026-05-27T14:59:14.154+0000] {processor.py:925} INFO - DAG(s) 'pipeline_metricas_machine_learning_v1' retrieved from /workspaces/meu-primeiro-etl-airflow/airflow/dags/dag_pipeline_ml.py
[2026-05-27T14:59:14.168+0000] {logging_mixin.py:190} INFO - [2026-05-27T14:59:14.168+0000] {dag.py:3239} INFO - Sync 1 DAGs
[2026-05-27T14:59:14.176+0000] {logging_mixin.py:190} INFO - [2026-05-27T14:59:14.176+0000] {dag.py:4180} INFO - Setting next_dagrun for pipeline_metricas_machine_learning_v1 to None, run_after=None
[2026-05-27T14:59:14.191+0000] {processor.py:208} INFO - Processing /workspaces/meu-primeiro-etl-airflow/airflow/dags/dag_pipeline_ml.py took 1.880 seconds
[2026-05-27T14:59:44.296+0000] {processor.py:186} INFO - Started process (PID=43759) to work on /workspaces/meu-primeiro-etl-airflow/airflow/dags/dag_pipeline_ml.py
[2026-05-27T14:59:44.297+0000] {processor.py:914} INFO - Processing file /workspaces/meu-primeiro-etl-airflow/airflow/dags/dag_pipeline_ml.py for tasks to queue
[2026-05-27T14:59:44.298+0000] {logging_mixin.py:190} INFO - [2026-05-27T14:59:44.298+0000] {dagbag.py:588} INFO - Filling up the DagBag from /workspaces/meu-primeiro-etl-airflow/airflow/dags/dag_pipeline_ml.py
[2026-05-27T14:59:45.675+0000] {processor.py:925} INFO - DAG(s) 'pipeline_metricas_machine_learning_v1' retrieved from /workspaces/meu-primeiro-etl-airflow/airflow/dags/dag_pipeline_ml.py
[2026-05-27T14:59:45.691+0000] {logging_mixin.py:190} INFO - [2026-05-27T14:59:45.691+0000] {dag.py:3239} INFO - Sync 1 DAGs
[2026-05-27T14:59:45.703+0000] {logging_mixin.py:190} INFO - [2026-05-27T14:59:45.703+0000] {dag.py:4180} INFO - Setting next_dagrun for pipeline_metricas_machine_learning_v1 to None, run_after=None
[2026-05-27T14:59:45.727+0000] {processor.py:208} INFO - Processing /workspaces/meu-primeiro-etl-airflow/airflow/dags/dag_pipeline_ml.py took 1.437 seconds
[2026-05-27T15:00:15.897+0000] {processor.py:186} INFO - Started process (PID=44177) to work on /workspaces/meu-primeiro-etl-airflow/airflow/dags/dag_pipeline_ml.py
[2026-05-27T15:00:15.898+0000] {processor.py:914} INFO - Processing file /workspaces/meu-primeiro-etl-airflow/airflow/dags/dag_pipeline_ml.py for tasks to queue
[2026-05-27T15:00:15.900+0000] {logging_mixin.py:190} INFO - [2026-05-27T15:00:15.900+0000] {dagbag.py:588} INFO - Filling up the DagBag from /workspaces/meu-primeiro-etl-airflow/airflow/dags/dag_pipeline_ml.py
[2026-05-27T15:00:17.278+0000] {processor.py:925} INFO - DAG(s) 'pipeline_metricas_machine_learning_v1' retrieved from /workspaces/meu-primeiro-etl-airflow/airflow/dags/dag_pipeline_ml.py
[2026-05-27T15:00:17.292+0000] {logging_mixin.py:190} INFO - [2026-05-27T15:00:17.291+0000] {dag.py:3239} INFO - Sync 1 DAGs
[2026-05-27T15:00:17.300+0000] {logging_mixin.py:190} INFO - [2026-05-27T15:00:17.300+0000] {dag.py:4180} INFO - Setting next_dagrun for pipeline_metricas_machine_learning_v1 to None, run_after=None
[2026-05-27T15:00:17.317+0000] {processor.py:208} INFO - Processing /workspaces/meu-primeiro-etl-airflow/airflow/dags/dag_pipeline_ml.py took 1.430 seconds
