[2026-05-27T14:32:34.384+0000] {processor.py:186} INFO - Started process (PID=24423) to work on /workspaces/meu-primeiro-etl-airflow/airflow/dags/dag_etl_spark_vendas.py
[2026-05-27T14:32:34.385+0000] {processor.py:914} INFO - Processing file /workspaces/meu-primeiro-etl-airflow/airflow/dags/dag_etl_spark_vendas.py for tasks to queue
[2026-05-27T14:32:34.386+0000] {logging_mixin.py:190} INFO - [2026-05-27T14:32:34.386+0000] {dagbag.py:588} INFO - Filling up the DagBag from /workspaces/meu-primeiro-etl-airflow/airflow/dags/dag_etl_spark_vendas.py
[2026-05-27T14:32:34.390+0000] {logging_mixin.py:190} INFO - [2026-05-27T14:32:34.390+0000] {dagbag.py:387} ERROR - Failed to import: /workspaces/meu-primeiro-etl-airflow/airflow/dags/dag_etl_spark_vendas.py
Traceback (most recent call last):
  File "/usr/local/python/3.12.1/lib/python3.12/site-packages/airflow/models/dagbag.py", line 383, in parse
    loader.exec_module(new_module)
  File "<frozen importlib._bootstrap_external>", line 994, in exec_module
  File "<frozen importlib._bootstrap>", line 488, in _call_with_frames_removed
  File "/workspaces/meu-primeiro-etl-airflow/airflow/dags/dag_etl_spark_vendas.py", line 1, in <module>
    import matplotlib.pyplot as plt
ModuleNotFoundError: No module named 'matplotlib'
[2026-05-27T14:32:34.391+0000] {processor.py:927} WARNING - No viable dags retrieved from /workspaces/meu-primeiro-etl-airflow/airflow/dags/dag_etl_spark_vendas.py
[2026-05-27T14:32:34.411+0000] {processor.py:208} INFO - Processing /workspaces/meu-primeiro-etl-airflow/airflow/dags/dag_etl_spark_vendas.py took 0.030 seconds
[2026-05-27T14:33:06.196+0000] {processor.py:186} INFO - Started process (PID=24656) to work on /workspaces/meu-primeiro-etl-airflow/airflow/dags/dag_etl_spark_vendas.py
[2026-05-27T14:33:06.196+0000] {processor.py:914} INFO - Processing file /workspaces/meu-primeiro-etl-airflow/airflow/dags/dag_etl_spark_vendas.py for tasks to queue
[2026-05-27T14:33:06.198+0000] {logging_mixin.py:190} INFO - [2026-05-27T14:33:06.198+0000] {dagbag.py:588} INFO - Filling up the DagBag from /workspaces/meu-primeiro-etl-airflow/airflow/dags/dag_etl_spark_vendas.py
[2026-05-27T14:33:06.201+0000] {logging_mixin.py:190} INFO - [2026-05-27T14:33:06.200+0000] {dagbag.py:387} ERROR - Failed to import: /workspaces/meu-primeiro-etl-airflow/airflow/dags/dag_etl_spark_vendas.py
Traceback (most recent call last):
  File "/usr/local/python/3.12.1/lib/python3.12/site-packages/airflow/models/dagbag.py", line 383, in parse
    loader.exec_module(new_module)
  File "<frozen importlib._bootstrap_external>", line 994, in exec_module
  File "<frozen importlib._bootstrap>", line 488, in _call_with_frames_removed
  File "/workspaces/meu-primeiro-etl-airflow/airflow/dags/dag_etl_spark_vendas.py", line 1, in <module>
    import matplotlib.pyplot as plt
ModuleNotFoundError: No module named 'matplotlib'
[2026-05-27T14:33:06.201+0000] {processor.py:927} WARNING - No viable dags retrieved from /workspaces/meu-primeiro-etl-airflow/airflow/dags/dag_etl_spark_vendas.py
[2026-05-27T14:33:06.216+0000] {processor.py:208} INFO - Processing /workspaces/meu-primeiro-etl-airflow/airflow/dags/dag_etl_spark_vendas.py took 0.025 seconds
[2026-05-27T14:33:37.659+0000] {processor.py:186} INFO - Started process (PID=25008) to work on /workspaces/meu-primeiro-etl-airflow/airflow/dags/dag_etl_spark_vendas.py
[2026-05-27T14:33:37.659+0000] {processor.py:914} INFO - Processing file /workspaces/meu-primeiro-etl-airflow/airflow/dags/dag_etl_spark_vendas.py for tasks to queue
[2026-05-27T14:33:37.660+0000] {logging_mixin.py:190} INFO - [2026-05-27T14:33:37.660+0000] {dagbag.py:588} INFO - Filling up the DagBag from /workspaces/meu-primeiro-etl-airflow/airflow/dags/dag_etl_spark_vendas.py
[2026-05-27T14:33:37.663+0000] {logging_mixin.py:190} INFO - [2026-05-27T14:33:37.662+0000] {dagbag.py:387} ERROR - Failed to import: /workspaces/meu-primeiro-etl-airflow/airflow/dags/dag_etl_spark_vendas.py
Traceback (most recent call last):
  File "/usr/local/python/3.12.1/lib/python3.12/site-packages/airflow/models/dagbag.py", line 383, in parse
    loader.exec_module(new_module)
  File "<frozen importlib._bootstrap_external>", line 994, in exec_module
  File "<frozen importlib._bootstrap>", line 488, in _call_with_frames_removed
  File "/workspaces/meu-primeiro-etl-airflow/airflow/dags/dag_etl_spark_vendas.py", line 1, in <module>
    import matplotlib.pyplot as plt
ModuleNotFoundError: No module named 'matplotlib'
[2026-05-27T14:33:37.664+0000] {processor.py:927} WARNING - No viable dags retrieved from /workspaces/meu-primeiro-etl-airflow/airflow/dags/dag_etl_spark_vendas.py
[2026-05-27T14:33:37.678+0000] {processor.py:208} INFO - Processing /workspaces/meu-primeiro-etl-airflow/airflow/dags/dag_etl_spark_vendas.py took 0.023 seconds
[2026-05-27T14:34:08.440+0000] {processor.py:186} INFO - Started process (PID=25242) to work on /workspaces/meu-primeiro-etl-airflow/airflow/dags/dag_etl_spark_vendas.py
[2026-05-27T14:34:08.441+0000] {processor.py:914} INFO - Processing file /workspaces/meu-primeiro-etl-airflow/airflow/dags/dag_etl_spark_vendas.py for tasks to queue
[2026-05-27T14:34:08.442+0000] {logging_mixin.py:190} INFO - [2026-05-27T14:34:08.441+0000] {dagbag.py:588} INFO - Filling up the DagBag from /workspaces/meu-primeiro-etl-airflow/airflow/dags/dag_etl_spark_vendas.py
[2026-05-27T14:34:08.444+0000] {logging_mixin.py:190} INFO - [2026-05-27T14:34:08.444+0000] {dagbag.py:387} ERROR - Failed to import: /workspaces/meu-primeiro-etl-airflow/airflow/dags/dag_etl_spark_vendas.py
Traceback (most recent call last):
  File "/usr/local/python/3.12.1/lib/python3.12/site-packages/airflow/models/dagbag.py", line 383, in parse
    loader.exec_module(new_module)
  File "<frozen importlib._bootstrap_external>", line 994, in exec_module
  File "<frozen importlib._bootstrap>", line 488, in _call_with_frames_removed
  File "/workspaces/meu-primeiro-etl-airflow/airflow/dags/dag_etl_spark_vendas.py", line 1, in <module>
    import matplotlib.pyplot as plt
ModuleNotFoundError: No module named 'matplotlib'
[2026-05-27T14:34:08.445+0000] {processor.py:927} WARNING - No viable dags retrieved from /workspaces/meu-primeiro-etl-airflow/airflow/dags/dag_etl_spark_vendas.py
[2026-05-27T14:34:08.464+0000] {processor.py:208} INFO - Processing /workspaces/meu-primeiro-etl-airflow/airflow/dags/dag_etl_spark_vendas.py took 0.029 seconds
[2026-05-27T14:34:40.647+0000] {processor.py:186} INFO - Started process (PID=25546) to work on /workspaces/meu-primeiro-etl-airflow/airflow/dags/dag_etl_spark_vendas.py
[2026-05-27T14:34:40.653+0000] {processor.py:914} INFO - Processing file /workspaces/meu-primeiro-etl-airflow/airflow/dags/dag_etl_spark_vendas.py for tasks to queue
[2026-05-27T14:34:40.657+0000] {logging_mixin.py:190} INFO - [2026-05-27T14:34:40.657+0000] {dagbag.py:588} INFO - Filling up the DagBag from /workspaces/meu-primeiro-etl-airflow/airflow/dags/dag_etl_spark_vendas.py
[2026-05-27T14:34:40.667+0000] {logging_mixin.py:190} INFO - [2026-05-27T14:34:40.664+0000] {dagbag.py:387} ERROR - Failed to import: /workspaces/meu-primeiro-etl-airflow/airflow/dags/dag_etl_spark_vendas.py
Traceback (most recent call last):
  File "/usr/local/python/3.12.1/lib/python3.12/site-packages/airflow/models/dagbag.py", line 383, in parse
    loader.exec_module(new_module)
  File "<frozen importlib._bootstrap_external>", line 994, in exec_module
  File "<frozen importlib._bootstrap>", line 488, in _call_with_frames_removed
  File "/workspaces/meu-primeiro-etl-airflow/airflow/dags/dag_etl_spark_vendas.py", line 1, in <module>
    import matplotlib.pyplot as plt
ModuleNotFoundError: No module named 'matplotlib'
[2026-05-27T14:34:40.668+0000] {processor.py:927} WARNING - No viable dags retrieved from /workspaces/meu-primeiro-etl-airflow/airflow/dags/dag_etl_spark_vendas.py
[2026-05-27T14:34:40.692+0000] {processor.py:208} INFO - Processing /workspaces/meu-primeiro-etl-airflow/airflow/dags/dag_etl_spark_vendas.py took 0.059 seconds
[2026-05-27T14:35:12.442+0000] {processor.py:186} INFO - Started process (PID=25778) to work on /workspaces/meu-primeiro-etl-airflow/airflow/dags/dag_etl_spark_vendas.py
[2026-05-27T14:35:12.444+0000] {processor.py:914} INFO - Processing file /workspaces/meu-primeiro-etl-airflow/airflow/dags/dag_etl_spark_vendas.py for tasks to queue
[2026-05-27T14:35:12.444+0000] {logging_mixin.py:190} INFO - [2026-05-27T14:35:12.444+0000] {dagbag.py:588} INFO - Filling up the DagBag from /workspaces/meu-primeiro-etl-airflow/airflow/dags/dag_etl_spark_vendas.py
[2026-05-27T14:35:12.448+0000] {logging_mixin.py:190} INFO - [2026-05-27T14:35:12.448+0000] {dagbag.py:387} ERROR - Failed to import: /workspaces/meu-primeiro-etl-airflow/airflow/dags/dag_etl_spark_vendas.py
Traceback (most recent call last):
  File "/usr/local/python/3.12.1/lib/python3.12/site-packages/airflow/models/dagbag.py", line 383, in parse
    loader.exec_module(new_module)
  File "<frozen importlib._bootstrap_external>", line 994, in exec_module
  File "<frozen importlib._bootstrap>", line 488, in _call_with_frames_removed
  File "/workspaces/meu-primeiro-etl-airflow/airflow/dags/dag_etl_spark_vendas.py", line 1, in <module>
    import matplotlib.pyplot as plt
ModuleNotFoundError: No module named 'matplotlib'
[2026-05-27T14:35:12.449+0000] {processor.py:927} WARNING - No viable dags retrieved from /workspaces/meu-primeiro-etl-airflow/airflow/dags/dag_etl_spark_vendas.py
[2026-05-27T14:35:12.475+0000] {processor.py:208} INFO - Processing /workspaces/meu-primeiro-etl-airflow/airflow/dags/dag_etl_spark_vendas.py took 0.037 seconds
[2026-05-27T14:35:45.001+0000] {processor.py:186} INFO - Started process (PID=26095) to work on /workspaces/meu-primeiro-etl-airflow/airflow/dags/dag_etl_spark_vendas.py
[2026-05-27T14:35:45.002+0000] {processor.py:914} INFO - Processing file /workspaces/meu-primeiro-etl-airflow/airflow/dags/dag_etl_spark_vendas.py for tasks to queue
[2026-05-27T14:35:45.003+0000] {logging_mixin.py:190} INFO - [2026-05-27T14:35:45.002+0000] {dagbag.py:588} INFO - Filling up the DagBag from /workspaces/meu-primeiro-etl-airflow/airflow/dags/dag_etl_spark_vendas.py
[2026-05-27T14:35:45.006+0000] {logging_mixin.py:190} INFO - [2026-05-27T14:35:45.005+0000] {dagbag.py:387} ERROR - Failed to import: /workspaces/meu-primeiro-etl-airflow/airflow/dags/dag_etl_spark_vendas.py
Traceback (most recent call last):
  File "/usr/local/python/3.12.1/lib/python3.12/site-packages/airflow/models/dagbag.py", line 383, in parse
    loader.exec_module(new_module)
  File "<frozen importlib._bootstrap_external>", line 994, in exec_module
  File "<frozen importlib._bootstrap>", line 488, in _call_with_frames_removed
  File "/workspaces/meu-primeiro-etl-airflow/airflow/dags/dag_etl_spark_vendas.py", line 1, in <module>
    import matplotlib.pyplot as plt
ModuleNotFoundError: No module named 'matplotlib'
[2026-05-27T14:35:45.006+0000] {processor.py:927} WARNING - No viable dags retrieved from /workspaces/meu-primeiro-etl-airflow/airflow/dags/dag_etl_spark_vendas.py
[2026-05-27T14:35:45.021+0000] {processor.py:208} INFO - Processing /workspaces/meu-primeiro-etl-airflow/airflow/dags/dag_etl_spark_vendas.py took 0.025 seconds
[2026-05-27T14:36:16.696+0000] {processor.py:186} INFO - Started process (PID=26359) to work on /workspaces/meu-primeiro-etl-airflow/airflow/dags/dag_etl_spark_vendas.py
[2026-05-27T14:36:16.697+0000] {processor.py:914} INFO - Processing file /workspaces/meu-primeiro-etl-airflow/airflow/dags/dag_etl_spark_vendas.py for tasks to queue
[2026-05-27T14:36:16.698+0000] {logging_mixin.py:190} INFO - [2026-05-27T14:36:16.698+0000] {dagbag.py:588} INFO - Filling up the DagBag from /workspaces/meu-primeiro-etl-airflow/airflow/dags/dag_etl_spark_vendas.py
[2026-05-27T14:36:16.701+0000] {logging_mixin.py:190} INFO - [2026-05-27T14:36:16.700+0000] {dagbag.py:387} ERROR - Failed to import: /workspaces/meu-primeiro-etl-airflow/airflow/dags/dag_etl_spark_vendas.py
Traceback (most recent call last):
  File "/usr/local/python/3.12.1/lib/python3.12/site-packages/airflow/models/dagbag.py", line 383, in parse
    loader.exec_module(new_module)
  File "<frozen importlib._bootstrap_external>", line 994, in exec_module
  File "<frozen importlib._bootstrap>", line 488, in _call_with_frames_removed
  File "/workspaces/meu-primeiro-etl-airflow/airflow/dags/dag_etl_spark_vendas.py", line 1, in <module>
    import matplotlib.pyplot as plt
ModuleNotFoundError: No module named 'matplotlib'
[2026-05-27T14:36:16.701+0000] {processor.py:927} WARNING - No viable dags retrieved from /workspaces/meu-primeiro-etl-airflow/airflow/dags/dag_etl_spark_vendas.py
[2026-05-27T14:36:16.724+0000] {processor.py:208} INFO - Processing /workspaces/meu-primeiro-etl-airflow/airflow/dags/dag_etl_spark_vendas.py took 0.033 seconds
[2026-05-27T14:36:48.386+0000] {processor.py:186} INFO - Started process (PID=26794) to work on /workspaces/meu-primeiro-etl-airflow/airflow/dags/dag_etl_spark_vendas.py
[2026-05-27T14:36:48.386+0000] {processor.py:914} INFO - Processing file /workspaces/meu-primeiro-etl-airflow/airflow/dags/dag_etl_spark_vendas.py for tasks to queue
[2026-05-27T14:36:48.387+0000] {logging_mixin.py:190} INFO - [2026-05-27T14:36:48.387+0000] {dagbag.py:588} INFO - Filling up the DagBag from /workspaces/meu-primeiro-etl-airflow/airflow/dags/dag_etl_spark_vendas.py
[2026-05-27T14:36:48.390+0000] {logging_mixin.py:190} INFO - [2026-05-27T14:36:48.389+0000] {dagbag.py:387} ERROR - Failed to import: /workspaces/meu-primeiro-etl-airflow/airflow/dags/dag_etl_spark_vendas.py
Traceback (most recent call last):
  File "/usr/local/python/3.12.1/lib/python3.12/site-packages/airflow/models/dagbag.py", line 383, in parse
    loader.exec_module(new_module)
  File "<frozen importlib._bootstrap_external>", line 994, in exec_module
  File "<frozen importlib._bootstrap>", line 488, in _call_with_frames_removed
  File "/workspaces/meu-primeiro-etl-airflow/airflow/dags/dag_etl_spark_vendas.py", line 1, in <module>
    import matplotlib.pyplot as plt
ModuleNotFoundError: No module named 'matplotlib'
[2026-05-27T14:36:48.391+0000] {processor.py:927} WARNING - No viable dags retrieved from /workspaces/meu-primeiro-etl-airflow/airflow/dags/dag_etl_spark_vendas.py
[2026-05-27T14:36:48.406+0000] {processor.py:208} INFO - Processing /workspaces/meu-primeiro-etl-airflow/airflow/dags/dag_etl_spark_vendas.py took 0.025 seconds
[2026-05-27T14:37:18.967+0000] {processor.py:186} INFO - Started process (PID=27059) to work on /workspaces/meu-primeiro-etl-airflow/airflow/dags/dag_etl_spark_vendas.py
[2026-05-27T14:37:18.967+0000] {processor.py:914} INFO - Processing file /workspaces/meu-primeiro-etl-airflow/airflow/dags/dag_etl_spark_vendas.py for tasks to queue
[2026-05-27T14:37:18.968+0000] {logging_mixin.py:190} INFO - [2026-05-27T14:37:18.968+0000] {dagbag.py:588} INFO - Filling up the DagBag from /workspaces/meu-primeiro-etl-airflow/airflow/dags/dag_etl_spark_vendas.py
[2026-05-27T14:37:18.972+0000] {logging_mixin.py:190} INFO - [2026-05-27T14:37:18.971+0000] {dagbag.py:387} ERROR - Failed to import: /workspaces/meu-primeiro-etl-airflow/airflow/dags/dag_etl_spark_vendas.py
Traceback (most recent call last):
  File "/usr/local/python/3.12.1/lib/python3.12/site-packages/airflow/models/dagbag.py", line 383, in parse
    loader.exec_module(new_module)
  File "<frozen importlib._bootstrap_external>", line 994, in exec_module
  File "<frozen importlib._bootstrap>", line 488, in _call_with_frames_removed
  File "/workspaces/meu-primeiro-etl-airflow/airflow/dags/dag_etl_spark_vendas.py", line 1, in <module>
    import matplotlib.pyplot as plt
ModuleNotFoundError: No module named 'matplotlib'
[2026-05-27T14:37:18.973+0000] {processor.py:927} WARNING - No viable dags retrieved from /workspaces/meu-primeiro-etl-airflow/airflow/dags/dag_etl_spark_vendas.py
[2026-05-27T14:37:18.987+0000] {processor.py:208} INFO - Processing /workspaces/meu-primeiro-etl-airflow/airflow/dags/dag_etl_spark_vendas.py took 0.025 seconds
[2026-05-27T14:37:50.882+0000] {processor.py:186} INFO - Started process (PID=27336) to work on /workspaces/meu-primeiro-etl-airflow/airflow/dags/dag_etl_spark_vendas.py
[2026-05-27T14:37:50.883+0000] {processor.py:914} INFO - Processing file /workspaces/meu-primeiro-etl-airflow/airflow/dags/dag_etl_spark_vendas.py for tasks to queue
[2026-05-27T14:37:50.884+0000] {logging_mixin.py:190} INFO - [2026-05-27T14:37:50.884+0000] {dagbag.py:588} INFO - Filling up the DagBag from /workspaces/meu-primeiro-etl-airflow/airflow/dags/dag_etl_spark_vendas.py
[2026-05-27T14:37:50.887+0000] {logging_mixin.py:190} INFO - [2026-05-27T14:37:50.886+0000] {dagbag.py:387} ERROR - Failed to import: /workspaces/meu-primeiro-etl-airflow/airflow/dags/dag_etl_spark_vendas.py
Traceback (most recent call last):
  File "/usr/local/python/3.12.1/lib/python3.12/site-packages/airflow/models/dagbag.py", line 383, in parse
    loader.exec_module(new_module)
  File "<frozen importlib._bootstrap_external>", line 994, in exec_module
  File "<frozen importlib._bootstrap>", line 488, in _call_with_frames_removed
  File "/workspaces/meu-primeiro-etl-airflow/airflow/dags/dag_etl_spark_vendas.py", line 1, in <module>
    import matplotlib.pyplot as plt
ModuleNotFoundError: No module named 'matplotlib'
[2026-05-27T14:37:50.887+0000] {processor.py:927} WARNING - No viable dags retrieved from /workspaces/meu-primeiro-etl-airflow/airflow/dags/dag_etl_spark_vendas.py
[2026-05-27T14:37:50.903+0000] {processor.py:208} INFO - Processing /workspaces/meu-primeiro-etl-airflow/airflow/dags/dag_etl_spark_vendas.py took 0.025 seconds
[2026-05-27T14:38:24.526+0000] {processor.py:186} INFO - Started process (PID=27630) to work on /workspaces/meu-primeiro-etl-airflow/airflow/dags/dag_etl_spark_vendas.py
[2026-05-27T14:38:24.527+0000] {processor.py:914} INFO - Processing file /workspaces/meu-primeiro-etl-airflow/airflow/dags/dag_etl_spark_vendas.py for tasks to queue
[2026-05-27T14:38:24.528+0000] {logging_mixin.py:190} INFO - [2026-05-27T14:38:24.528+0000] {dagbag.py:588} INFO - Filling up the DagBag from /workspaces/meu-primeiro-etl-airflow/airflow/dags/dag_etl_spark_vendas.py
[2026-05-27T14:38:24.534+0000] {logging_mixin.py:190} INFO - [2026-05-27T14:38:24.533+0000] {dagbag.py:387} ERROR - Failed to import: /workspaces/meu-primeiro-etl-airflow/airflow/dags/dag_etl_spark_vendas.py
Traceback (most recent call last):
  File "/usr/local/python/3.12.1/lib/python3.12/site-packages/airflow/models/dagbag.py", line 383, in parse
    loader.exec_module(new_module)
  File "<frozen importlib._bootstrap_external>", line 994, in exec_module
  File "<frozen importlib._bootstrap>", line 488, in _call_with_frames_removed
  File "/workspaces/meu-primeiro-etl-airflow/airflow/dags/dag_etl_spark_vendas.py", line 1, in <module>
    import matplotlib.pyplot as plt
ModuleNotFoundError: No module named 'matplotlib'
[2026-05-27T14:38:24.535+0000] {processor.py:927} WARNING - No viable dags retrieved from /workspaces/meu-primeiro-etl-airflow/airflow/dags/dag_etl_spark_vendas.py
[2026-05-27T14:38:24.557+0000] {processor.py:208} INFO - Processing /workspaces/meu-primeiro-etl-airflow/airflow/dags/dag_etl_spark_vendas.py took 0.038 seconds
[2026-05-27T14:38:56.500+0000] {processor.py:186} INFO - Started process (PID=27853) to work on /workspaces/meu-primeiro-etl-airflow/airflow/dags/dag_etl_spark_vendas.py
[2026-05-27T14:38:56.501+0000] {processor.py:914} INFO - Processing file /workspaces/meu-primeiro-etl-airflow/airflow/dags/dag_etl_spark_vendas.py for tasks to queue
[2026-05-27T14:38:56.502+0000] {logging_mixin.py:190} INFO - [2026-05-27T14:38:56.502+0000] {dagbag.py:588} INFO - Filling up the DagBag from /workspaces/meu-primeiro-etl-airflow/airflow/dags/dag_etl_spark_vendas.py
[2026-05-27T14:38:56.505+0000] {logging_mixin.py:190} INFO - [2026-05-27T14:38:56.504+0000] {dagbag.py:387} ERROR - Failed to import: /workspaces/meu-primeiro-etl-airflow/airflow/dags/dag_etl_spark_vendas.py
Traceback (most recent call last):
  File "/usr/local/python/3.12.1/lib/python3.12/site-packages/airflow/models/dagbag.py", line 383, in parse
    loader.exec_module(new_module)
  File "<frozen importlib._bootstrap_external>", line 994, in exec_module
  File "<frozen importlib._bootstrap>", line 488, in _call_with_frames_removed
  File "/workspaces/meu-primeiro-etl-airflow/airflow/dags/dag_etl_spark_vendas.py", line 1, in <module>
    import matplotlib.pyplot as plt
ModuleNotFoundError: No module named 'matplotlib'
[2026-05-27T14:38:56.505+0000] {processor.py:927} WARNING - No viable dags retrieved from /workspaces/meu-primeiro-etl-airflow/airflow/dags/dag_etl_spark_vendas.py
[2026-05-27T14:38:56.528+0000] {processor.py:208} INFO - Processing /workspaces/meu-primeiro-etl-airflow/airflow/dags/dag_etl_spark_vendas.py took 0.033 seconds
[2026-05-27T14:39:28.288+0000] {processor.py:186} INFO - Started process (PID=28626) to work on /workspaces/meu-primeiro-etl-airflow/airflow/dags/dag_etl_spark_vendas.py
[2026-05-27T14:39:28.289+0000] {processor.py:914} INFO - Processing file /workspaces/meu-primeiro-etl-airflow/airflow/dags/dag_etl_spark_vendas.py for tasks to queue
[2026-05-27T14:39:28.291+0000] {logging_mixin.py:190} INFO - [2026-05-27T14:39:28.290+0000] {dagbag.py:588} INFO - Filling up the DagBag from /workspaces/meu-primeiro-etl-airflow/airflow/dags/dag_etl_spark_vendas.py
[2026-05-27T14:39:28.296+0000] {logging_mixin.py:190} INFO - [2026-05-27T14:39:28.294+0000] {dagbag.py:387} ERROR - Failed to import: /workspaces/meu-primeiro-etl-airflow/airflow/dags/dag_etl_spark_vendas.py
Traceback (most recent call last):
  File "/usr/local/python/3.12.1/lib/python3.12/site-packages/airflow/models/dagbag.py", line 383, in parse
    loader.exec_module(new_module)
  File "<frozen importlib._bootstrap_external>", line 994, in exec_module
  File "<frozen importlib._bootstrap>", line 488, in _call_with_frames_removed
  File "/workspaces/meu-primeiro-etl-airflow/airflow/dags/dag_etl_spark_vendas.py", line 1, in <module>
    import matplotlib.pyplot as plt
ModuleNotFoundError: No module named 'matplotlib'
[2026-05-27T14:39:28.296+0000] {processor.py:927} WARNING - No viable dags retrieved from /workspaces/meu-primeiro-etl-airflow/airflow/dags/dag_etl_spark_vendas.py
[2026-05-27T14:39:28.322+0000] {processor.py:208} INFO - Processing /workspaces/meu-primeiro-etl-airflow/airflow/dags/dag_etl_spark_vendas.py took 0.041 seconds
[2026-05-27T14:40:07.351+0000] {processor.py:186} INFO - Started process (PID=29084) to work on /workspaces/meu-primeiro-etl-airflow/airflow/dags/dag_etl_spark_vendas.py
[2026-05-27T14:40:07.358+0000] {processor.py:914} INFO - Processing file /workspaces/meu-primeiro-etl-airflow/airflow/dags/dag_etl_spark_vendas.py for tasks to queue
[2026-05-27T14:40:07.360+0000] {logging_mixin.py:190} INFO - [2026-05-27T14:40:07.360+0000] {dagbag.py:588} INFO - Filling up the DagBag from /workspaces/meu-primeiro-etl-airflow/airflow/dags/dag_etl_spark_vendas.py
[2026-05-27T14:40:12.496+0000] {logging_mixin.py:190} INFO - [2026-05-27T14:40:12.495+0000] {font_manager.py:1639} INFO - generated new fontManager
[2026-05-27T14:40:13.980+0000] {processor.py:925} INFO - DAG(s) 'atv_etl_spark_e_airflow_v1' retrieved from /workspaces/meu-primeiro-etl-airflow/airflow/dags/dag_etl_spark_vendas.py
[2026-05-27T14:40:14.195+0000] {logging_mixin.py:190} INFO - [2026-05-27T14:40:14.195+0000] {dag.py:3239} INFO - Sync 1 DAGs
[2026-05-27T14:40:14.207+0000] {logging_mixin.py:190} INFO - [2026-05-27T14:40:14.207+0000] {dag.py:4180} INFO - Setting next_dagrun for atv_etl_spark_e_airflow_v1 to None, run_after=None
[2026-05-27T14:40:14.255+0000] {processor.py:208} INFO - Processing /workspaces/meu-primeiro-etl-airflow/airflow/dags/dag_etl_spark_vendas.py took 6.928 seconds
[2026-05-27T14:40:44.478+0000] {processor.py:186} INFO - Started process (PID=29534) to work on /workspaces/meu-primeiro-etl-airflow/airflow/dags/dag_etl_spark_vendas.py
[2026-05-27T14:40:44.479+0000] {processor.py:914} INFO - Processing file /workspaces/meu-primeiro-etl-airflow/airflow/dags/dag_etl_spark_vendas.py for tasks to queue
[2026-05-27T14:40:44.480+0000] {logging_mixin.py:190} INFO - [2026-05-27T14:40:44.480+0000] {dagbag.py:588} INFO - Filling up the DagBag from /workspaces/meu-primeiro-etl-airflow/airflow/dags/dag_etl_spark_vendas.py
[2026-05-27T14:40:45.783+0000] {processor.py:925} INFO - DAG(s) 'atv_etl_spark_e_airflow_v1' retrieved from /workspaces/meu-primeiro-etl-airflow/airflow/dags/dag_etl_spark_vendas.py
[2026-05-27T14:40:45.796+0000] {logging_mixin.py:190} INFO - [2026-05-27T14:40:45.796+0000] {dag.py:3239} INFO - Sync 1 DAGs
[2026-05-27T14:40:45.805+0000] {logging_mixin.py:190} INFO - [2026-05-27T14:40:45.805+0000] {dag.py:4180} INFO - Setting next_dagrun for atv_etl_spark_e_airflow_v1 to None, run_after=None
[2026-05-27T14:40:45.828+0000] {processor.py:208} INFO - Processing /workspaces/meu-primeiro-etl-airflow/airflow/dags/dag_etl_spark_vendas.py took 1.356 seconds
[2026-05-27T14:41:15.972+0000] {processor.py:186} INFO - Started process (PID=29761) to work on /workspaces/meu-primeiro-etl-airflow/airflow/dags/dag_etl_spark_vendas.py
[2026-05-27T14:41:15.973+0000] {processor.py:914} INFO - Processing file /workspaces/meu-primeiro-etl-airflow/airflow/dags/dag_etl_spark_vendas.py for tasks to queue
[2026-05-27T14:41:15.975+0000] {logging_mixin.py:190} INFO - [2026-05-27T14:41:15.974+0000] {dagbag.py:588} INFO - Filling up the DagBag from /workspaces/meu-primeiro-etl-airflow/airflow/dags/dag_etl_spark_vendas.py
[2026-05-27T14:41:17.051+0000] {processor.py:925} INFO - DAG(s) 'atv_etl_spark_e_airflow_v1' retrieved from /workspaces/meu-primeiro-etl-airflow/airflow/dags/dag_etl_spark_vendas.py
[2026-05-27T14:41:17.064+0000] {logging_mixin.py:190} INFO - [2026-05-27T14:41:17.064+0000] {dag.py:3239} INFO - Sync 1 DAGs
[2026-05-27T14:41:17.072+0000] {logging_mixin.py:190} INFO - [2026-05-27T14:41:17.072+0000] {dag.py:4180} INFO - Setting next_dagrun for atv_etl_spark_e_airflow_v1 to None, run_after=None
[2026-05-27T14:41:17.088+0000] {processor.py:208} INFO - Processing /workspaces/meu-primeiro-etl-airflow/airflow/dags/dag_etl_spark_vendas.py took 1.126 seconds
[2026-05-27T14:41:47.237+0000] {processor.py:186} INFO - Started process (PID=30058) to work on /workspaces/meu-primeiro-etl-airflow/airflow/dags/dag_etl_spark_vendas.py
[2026-05-27T14:41:47.237+0000] {processor.py:914} INFO - Processing file /workspaces/meu-primeiro-etl-airflow/airflow/dags/dag_etl_spark_vendas.py for tasks to queue
[2026-05-27T14:41:47.238+0000] {logging_mixin.py:190} INFO - [2026-05-27T14:41:47.238+0000] {dagbag.py:588} INFO - Filling up the DagBag from /workspaces/meu-primeiro-etl-airflow/airflow/dags/dag_etl_spark_vendas.py
[2026-05-27T14:41:48.143+0000] {processor.py:925} INFO - DAG(s) 'atv_etl_spark_e_airflow_v1' retrieved from /workspaces/meu-primeiro-etl-airflow/airflow/dags/dag_etl_spark_vendas.py
[2026-05-27T14:41:48.156+0000] {logging_mixin.py:190} INFO - [2026-05-27T14:41:48.156+0000] {dag.py:3239} INFO - Sync 1 DAGs
[2026-05-27T14:41:48.164+0000] {logging_mixin.py:190} INFO - [2026-05-27T14:41:48.164+0000] {dag.py:4180} INFO - Setting next_dagrun for atv_etl_spark_e_airflow_v1 to None, run_after=None
[2026-05-27T14:41:48.181+0000] {processor.py:208} INFO - Processing /workspaces/meu-primeiro-etl-airflow/airflow/dags/dag_etl_spark_vendas.py took 0.950 seconds
[2026-05-27T14:42:18.300+0000] {processor.py:186} INFO - Started process (PID=30355) to work on /workspaces/meu-primeiro-etl-airflow/airflow/dags/dag_etl_spark_vendas.py
[2026-05-27T14:42:18.301+0000] {processor.py:914} INFO - Processing file /workspaces/meu-primeiro-etl-airflow/airflow/dags/dag_etl_spark_vendas.py for tasks to queue
[2026-05-27T14:42:18.302+0000] {logging_mixin.py:190} INFO - [2026-05-27T14:42:18.301+0000] {dagbag.py:588} INFO - Filling up the DagBag from /workspaces/meu-primeiro-etl-airflow/airflow/dags/dag_etl_spark_vendas.py
[2026-05-27T14:42:19.222+0000] {processor.py:925} INFO - DAG(s) 'atv_etl_spark_e_airflow_v1' retrieved from /workspaces/meu-primeiro-etl-airflow/airflow/dags/dag_etl_spark_vendas.py
[2026-05-27T14:42:19.236+0000] {logging_mixin.py:190} INFO - [2026-05-27T14:42:19.236+0000] {dag.py:3239} INFO - Sync 1 DAGs
[2026-05-27T14:42:19.245+0000] {logging_mixin.py:190} INFO - [2026-05-27T14:42:19.245+0000] {dag.py:4180} INFO - Setting next_dagrun for atv_etl_spark_e_airflow_v1 to None, run_after=None
[2026-05-27T14:42:19.261+0000] {processor.py:208} INFO - Processing /workspaces/meu-primeiro-etl-airflow/airflow/dags/dag_etl_spark_vendas.py took 0.967 seconds
[2026-05-27T14:42:49.421+0000] {processor.py:186} INFO - Started process (PID=30626) to work on /workspaces/meu-primeiro-etl-airflow/airflow/dags/dag_etl_spark_vendas.py
[2026-05-27T14:42:49.422+0000] {processor.py:914} INFO - Processing file /workspaces/meu-primeiro-etl-airflow/airflow/dags/dag_etl_spark_vendas.py for tasks to queue
[2026-05-27T14:42:49.424+0000] {logging_mixin.py:190} INFO - [2026-05-27T14:42:49.423+0000] {dagbag.py:588} INFO - Filling up the DagBag from /workspaces/meu-primeiro-etl-airflow/airflow/dags/dag_etl_spark_vendas.py
[2026-05-27T14:42:50.261+0000] {processor.py:925} INFO - DAG(s) 'atv_etl_spark_e_airflow_v1' retrieved from /workspaces/meu-primeiro-etl-airflow/airflow/dags/dag_etl_spark_vendas.py
[2026-05-27T14:42:50.274+0000] {logging_mixin.py:190} INFO - [2026-05-27T14:42:50.274+0000] {dag.py:3239} INFO - Sync 1 DAGs
[2026-05-27T14:42:50.282+0000] {logging_mixin.py:190} INFO - [2026-05-27T14:42:50.282+0000] {dag.py:4180} INFO - Setting next_dagrun for atv_etl_spark_e_airflow_v1 to None, run_after=None
[2026-05-27T14:42:50.298+0000] {processor.py:208} INFO - Processing /workspaces/meu-primeiro-etl-airflow/airflow/dags/dag_etl_spark_vendas.py took 0.885 seconds
[2026-05-27T14:43:20.464+0000] {processor.py:186} INFO - Started process (PID=30984) to work on /workspaces/meu-primeiro-etl-airflow/airflow/dags/dag_etl_spark_vendas.py
[2026-05-27T14:43:20.465+0000] {processor.py:914} INFO - Processing file /workspaces/meu-primeiro-etl-airflow/airflow/dags/dag_etl_spark_vendas.py for tasks to queue
[2026-05-27T14:43:20.466+0000] {logging_mixin.py:190} INFO - [2026-05-27T14:43:20.466+0000] {dagbag.py:588} INFO - Filling up the DagBag from /workspaces/meu-primeiro-etl-airflow/airflow/dags/dag_etl_spark_vendas.py
[2026-05-27T14:43:21.379+0000] {processor.py:925} INFO - DAG(s) 'atv_etl_spark_e_airflow_v1' retrieved from /workspaces/meu-primeiro-etl-airflow/airflow/dags/dag_etl_spark_vendas.py
[2026-05-27T14:43:21.391+0000] {logging_mixin.py:190} INFO - [2026-05-27T14:43:21.391+0000] {dag.py:3239} INFO - Sync 1 DAGs
[2026-05-27T14:43:21.403+0000] {logging_mixin.py:190} INFO - [2026-05-27T14:43:21.403+0000] {dag.py:4180} INFO - Setting next_dagrun for atv_etl_spark_e_airflow_v1 to None, run_after=None
[2026-05-27T14:43:21.425+0000] {processor.py:208} INFO - Processing /workspaces/meu-primeiro-etl-airflow/airflow/dags/dag_etl_spark_vendas.py took 0.970 seconds
[2026-05-27T14:43:53.674+0000] {processor.py:186} INFO - Started process (PID=31307) to work on /workspaces/meu-primeiro-etl-airflow/airflow/dags/dag_etl_spark_vendas.py
[2026-05-27T14:43:53.677+0000] {processor.py:914} INFO - Processing file /workspaces/meu-primeiro-etl-airflow/airflow/dags/dag_etl_spark_vendas.py for tasks to queue
[2026-05-27T14:43:53.679+0000] {logging_mixin.py:190} INFO - [2026-05-27T14:43:53.679+0000] {dagbag.py:588} INFO - Filling up the DagBag from /workspaces/meu-primeiro-etl-airflow/airflow/dags/dag_etl_spark_vendas.py
[2026-05-27T14:43:55.841+0000] {processor.py:925} INFO - DAG(s) 'atv_etl_spark_e_airflow_v1' retrieved from /workspaces/meu-primeiro-etl-airflow/airflow/dags/dag_etl_spark_vendas.py
[2026-05-27T14:43:55.858+0000] {logging_mixin.py:190} INFO - [2026-05-27T14:43:55.858+0000] {dag.py:3239} INFO - Sync 1 DAGs
[2026-05-27T14:43:55.869+0000] {logging_mixin.py:190} INFO - [2026-05-27T14:43:55.869+0000] {dag.py:4180} INFO - Setting next_dagrun for atv_etl_spark_e_airflow_v1 to None, run_after=None
[2026-05-27T14:43:55.889+0000] {processor.py:208} INFO - Processing /workspaces/meu-primeiro-etl-airflow/airflow/dags/dag_etl_spark_vendas.py took 2.223 seconds
[2026-05-27T14:44:26.481+0000] {processor.py:186} INFO - Started process (PID=31833) to work on /workspaces/meu-primeiro-etl-airflow/airflow/dags/dag_etl_spark_vendas.py
[2026-05-27T14:44:26.481+0000] {processor.py:914} INFO - Processing file /workspaces/meu-primeiro-etl-airflow/airflow/dags/dag_etl_spark_vendas.py for tasks to queue
[2026-05-27T14:44:26.483+0000] {logging_mixin.py:190} INFO - [2026-05-27T14:44:26.482+0000] {dagbag.py:588} INFO - Filling up the DagBag from /workspaces/meu-primeiro-etl-airflow/airflow/dags/dag_etl_spark_vendas.py
[2026-05-27T14:44:27.745+0000] {processor.py:925} INFO - DAG(s) 'atv_etl_spark_e_airflow_v1' retrieved from /workspaces/meu-primeiro-etl-airflow/airflow/dags/dag_etl_spark_vendas.py
[2026-05-27T14:44:27.763+0000] {logging_mixin.py:190} INFO - [2026-05-27T14:44:27.763+0000] {dag.py:3239} INFO - Sync 1 DAGs
[2026-05-27T14:44:27.779+0000] {logging_mixin.py:190} INFO - [2026-05-27T14:44:27.779+0000] {dag.py:4180} INFO - Setting next_dagrun for atv_etl_spark_e_airflow_v1 to None, run_after=None
[2026-05-27T14:44:27.804+0000] {processor.py:208} INFO - Processing /workspaces/meu-primeiro-etl-airflow/airflow/dags/dag_etl_spark_vendas.py took 1.330 seconds
[2026-05-27T14:44:58.523+0000] {processor.py:186} INFO - Started process (PID=32349) to work on /workspaces/meu-primeiro-etl-airflow/airflow/dags/dag_etl_spark_vendas.py
[2026-05-27T14:44:58.524+0000] {processor.py:914} INFO - Processing file /workspaces/meu-primeiro-etl-airflow/airflow/dags/dag_etl_spark_vendas.py for tasks to queue
[2026-05-27T14:44:58.525+0000] {logging_mixin.py:190} INFO - [2026-05-27T14:44:58.525+0000] {dagbag.py:588} INFO - Filling up the DagBag from /workspaces/meu-primeiro-etl-airflow/airflow/dags/dag_etl_spark_vendas.py
[2026-05-27T14:45:00.097+0000] {processor.py:925} INFO - DAG(s) 'atv_etl_spark_e_airflow_v1' retrieved from /workspaces/meu-primeiro-etl-airflow/airflow/dags/dag_etl_spark_vendas.py
[2026-05-27T14:45:00.112+0000] {logging_mixin.py:190} INFO - [2026-05-27T14:45:00.112+0000] {dag.py:3239} INFO - Sync 1 DAGs
[2026-05-27T14:45:00.124+0000] {logging_mixin.py:190} INFO - [2026-05-27T14:45:00.124+0000] {dag.py:4180} INFO - Setting next_dagrun for atv_etl_spark_e_airflow_v1 to None, run_after=None
[2026-05-27T14:45:00.141+0000] {processor.py:208} INFO - Processing /workspaces/meu-primeiro-etl-airflow/airflow/dags/dag_etl_spark_vendas.py took 1.626 seconds
[2026-05-27T14:45:30.690+0000] {processor.py:186} INFO - Started process (PID=32811) to work on /workspaces/meu-primeiro-etl-airflow/airflow/dags/dag_etl_spark_vendas.py
[2026-05-27T14:45:30.691+0000] {processor.py:914} INFO - Processing file /workspaces/meu-primeiro-etl-airflow/airflow/dags/dag_etl_spark_vendas.py for tasks to queue
[2026-05-27T14:45:30.692+0000] {logging_mixin.py:190} INFO - [2026-05-27T14:45:30.691+0000] {dagbag.py:588} INFO - Filling up the DagBag from /workspaces/meu-primeiro-etl-airflow/airflow/dags/dag_etl_spark_vendas.py
[2026-05-27T14:45:31.662+0000] {processor.py:925} INFO - DAG(s) 'atv_etl_spark_e_airflow_v1' retrieved from /workspaces/meu-primeiro-etl-airflow/airflow/dags/dag_etl_spark_vendas.py
[2026-05-27T14:45:31.674+0000] {logging_mixin.py:190} INFO - [2026-05-27T14:45:31.674+0000] {dag.py:3239} INFO - Sync 1 DAGs
[2026-05-27T14:45:31.683+0000] {logging_mixin.py:190} INFO - [2026-05-27T14:45:31.683+0000] {dag.py:4180} INFO - Setting next_dagrun for atv_etl_spark_e_airflow_v1 to None, run_after=None
[2026-05-27T14:45:31.699+0000] {processor.py:208} INFO - Processing /workspaces/meu-primeiro-etl-airflow/airflow/dags/dag_etl_spark_vendas.py took 1.015 seconds
[2026-05-27T14:46:02.870+0000] {processor.py:186} INFO - Started process (PID=33043) to work on /workspaces/meu-primeiro-etl-airflow/airflow/dags/dag_etl_spark_vendas.py
[2026-05-27T14:46:02.873+0000] {processor.py:914} INFO - Processing file /workspaces/meu-primeiro-etl-airflow/airflow/dags/dag_etl_spark_vendas.py for tasks to queue
[2026-05-27T14:46:02.886+0000] {logging_mixin.py:190} INFO - [2026-05-27T14:46:02.874+0000] {dagbag.py:588} INFO - Filling up the DagBag from /workspaces/meu-primeiro-etl-airflow/airflow/dags/dag_etl_spark_vendas.py
[2026-05-27T14:46:04.858+0000] {processor.py:925} INFO - DAG(s) 'atv_etl_spark_e_airflow_v1' retrieved from /workspaces/meu-primeiro-etl-airflow/airflow/dags/dag_etl_spark_vendas.py
[2026-05-27T14:46:04.871+0000] {logging_mixin.py:190} INFO - [2026-05-27T14:46:04.871+0000] {dag.py:3239} INFO - Sync 1 DAGs
[2026-05-27T14:46:04.880+0000] {logging_mixin.py:190} INFO - [2026-05-27T14:46:04.880+0000] {dag.py:4180} INFO - Setting next_dagrun for atv_etl_spark_e_airflow_v1 to None, run_after=None
[2026-05-27T14:46:04.901+0000] {processor.py:208} INFO - Processing /workspaces/meu-primeiro-etl-airflow/airflow/dags/dag_etl_spark_vendas.py took 2.044 seconds
[2026-05-27T14:46:34.990+0000] {processor.py:186} INFO - Started process (PID=33338) to work on /workspaces/meu-primeiro-etl-airflow/airflow/dags/dag_etl_spark_vendas.py
[2026-05-27T14:46:34.991+0000] {processor.py:914} INFO - Processing file /workspaces/meu-primeiro-etl-airflow/airflow/dags/dag_etl_spark_vendas.py for tasks to queue
[2026-05-27T14:46:34.992+0000] {logging_mixin.py:190} INFO - [2026-05-27T14:46:34.992+0000] {dagbag.py:588} INFO - Filling up the DagBag from /workspaces/meu-primeiro-etl-airflow/airflow/dags/dag_etl_spark_vendas.py
[2026-05-27T14:46:35.890+0000] {processor.py:925} INFO - DAG(s) 'atv_etl_spark_e_airflow_v1' retrieved from /workspaces/meu-primeiro-etl-airflow/airflow/dags/dag_etl_spark_vendas.py
[2026-05-27T14:46:35.903+0000] {logging_mixin.py:190} INFO - [2026-05-27T14:46:35.903+0000] {dag.py:3239} INFO - Sync 1 DAGs
[2026-05-27T14:46:35.914+0000] {logging_mixin.py:190} INFO - [2026-05-27T14:46:35.913+0000] {dag.py:4180} INFO - Setting next_dagrun for atv_etl_spark_e_airflow_v1 to None, run_after=None
[2026-05-27T14:46:35.931+0000] {processor.py:208} INFO - Processing /workspaces/meu-primeiro-etl-airflow/airflow/dags/dag_etl_spark_vendas.py took 0.946 seconds
[2026-05-27T14:47:06.503+0000] {processor.py:186} INFO - Started process (PID=33550) to work on /workspaces/meu-primeiro-etl-airflow/airflow/dags/dag_etl_spark_vendas.py
[2026-05-27T14:47:06.504+0000] {processor.py:914} INFO - Processing file /workspaces/meu-primeiro-etl-airflow/airflow/dags/dag_etl_spark_vendas.py for tasks to queue
[2026-05-27T14:47:06.627+0000] {logging_mixin.py:190} INFO - [2026-05-27T14:47:06.627+0000] {dagbag.py:588} INFO - Filling up the DagBag from /workspaces/meu-primeiro-etl-airflow/airflow/dags/dag_etl_spark_vendas.py
[2026-05-27T14:47:07.333+0000] {processor.py:925} INFO - DAG(s) 'atv_etl_spark_e_airflow_v1' retrieved from /workspaces/meu-primeiro-etl-airflow/airflow/dags/dag_etl_spark_vendas.py
[2026-05-27T14:47:07.347+0000] {logging_mixin.py:190} INFO - [2026-05-27T14:47:07.346+0000] {dag.py:3239} INFO - Sync 1 DAGs
[2026-05-27T14:47:07.355+0000] {logging_mixin.py:190} INFO - [2026-05-27T14:47:07.355+0000] {dag.py:4180} INFO - Setting next_dagrun for atv_etl_spark_e_airflow_v1 to None, run_after=None
[2026-05-27T14:47:07.371+0000] {processor.py:208} INFO - Processing /workspaces/meu-primeiro-etl-airflow/airflow/dags/dag_etl_spark_vendas.py took 0.876 seconds
[2026-05-27T14:47:38.567+0000] {processor.py:186} INFO - Started process (PID=34006) to work on /workspaces/meu-primeiro-etl-airflow/airflow/dags/dag_etl_spark_vendas.py
[2026-05-27T14:47:38.568+0000] {processor.py:914} INFO - Processing file /workspaces/meu-primeiro-etl-airflow/airflow/dags/dag_etl_spark_vendas.py for tasks to queue
[2026-05-27T14:47:38.569+0000] {logging_mixin.py:190} INFO - [2026-05-27T14:47:38.569+0000] {dagbag.py:588} INFO - Filling up the DagBag from /workspaces/meu-primeiro-etl-airflow/airflow/dags/dag_etl_spark_vendas.py
[2026-05-27T14:47:39.499+0000] {processor.py:925} INFO - DAG(s) 'atv_etl_spark_e_airflow_v1' retrieved from /workspaces/meu-primeiro-etl-airflow/airflow/dags/dag_etl_spark_vendas.py
[2026-05-27T14:47:39.519+0000] {logging_mixin.py:190} INFO - [2026-05-27T14:47:39.519+0000] {dag.py:3239} INFO - Sync 1 DAGs
[2026-05-27T14:47:39.533+0000] {logging_mixin.py:190} INFO - [2026-05-27T14:47:39.533+0000] {dag.py:4180} INFO - Setting next_dagrun for atv_etl_spark_e_airflow_v1 to None, run_after=None
[2026-05-27T14:47:39.555+0000] {processor.py:208} INFO - Processing /workspaces/meu-primeiro-etl-airflow/airflow/dags/dag_etl_spark_vendas.py took 0.994 seconds
[2026-05-27T14:48:16.229+0000] {processor.py:186} INFO - Started process (PID=34705) to work on /workspaces/meu-primeiro-etl-airflow/airflow/dags/dag_etl_spark_vendas.py
[2026-05-27T14:48:16.233+0000] {processor.py:914} INFO - Processing file /workspaces/meu-primeiro-etl-airflow/airflow/dags/dag_etl_spark_vendas.py for tasks to queue
[2026-05-27T14:48:16.234+0000] {logging_mixin.py:190} INFO - [2026-05-27T14:48:16.234+0000] {dagbag.py:588} INFO - Filling up the DagBag from /workspaces/meu-primeiro-etl-airflow/airflow/dags/dag_etl_spark_vendas.py
[2026-05-27T14:48:17.479+0000] {processor.py:925} INFO - DAG(s) 'atv_etl_spark_e_airflow_v1' retrieved from /workspaces/meu-primeiro-etl-airflow/airflow/dags/dag_etl_spark_vendas.py
[2026-05-27T14:48:17.492+0000] {logging_mixin.py:190} INFO - [2026-05-27T14:48:17.492+0000] {dag.py:3239} INFO - Sync 1 DAGs
[2026-05-27T14:48:17.500+0000] {logging_mixin.py:190} INFO - [2026-05-27T14:48:17.500+0000] {dag.py:4180} INFO - Setting next_dagrun for atv_etl_spark_e_airflow_v1 to None, run_after=None
[2026-05-27T14:48:17.526+0000] {processor.py:208} INFO - Processing /workspaces/meu-primeiro-etl-airflow/airflow/dags/dag_etl_spark_vendas.py took 1.305 seconds
[2026-05-27T14:48:48.271+0000] {processor.py:186} INFO - Started process (PID=35280) to work on /workspaces/meu-primeiro-etl-airflow/airflow/dags/dag_etl_spark_vendas.py
[2026-05-27T14:48:48.272+0000] {processor.py:914} INFO - Processing file /workspaces/meu-primeiro-etl-airflow/airflow/dags/dag_etl_spark_vendas.py for tasks to queue
[2026-05-27T14:48:48.273+0000] {logging_mixin.py:190} INFO - [2026-05-27T14:48:48.272+0000] {dagbag.py:588} INFO - Filling up the DagBag from /workspaces/meu-primeiro-etl-airflow/airflow/dags/dag_etl_spark_vendas.py
[2026-05-27T14:48:49.019+0000] {processor.py:925} INFO - DAG(s) 'atv_etl_spark_e_airflow_v1' retrieved from /workspaces/meu-primeiro-etl-airflow/airflow/dags/dag_etl_spark_vendas.py
[2026-05-27T14:48:49.034+0000] {logging_mixin.py:190} INFO - [2026-05-27T14:48:49.033+0000] {dag.py:3239} INFO - Sync 1 DAGs
[2026-05-27T14:48:49.043+0000] {logging_mixin.py:190} INFO - [2026-05-27T14:48:49.043+0000] {dag.py:4180} INFO - Setting next_dagrun for atv_etl_spark_e_airflow_v1 to None, run_after=None
[2026-05-27T14:48:49.058+0000] {processor.py:208} INFO - Processing /workspaces/meu-primeiro-etl-airflow/airflow/dags/dag_etl_spark_vendas.py took 0.793 seconds
[2026-05-27T14:49:19.184+0000] {processor.py:186} INFO - Started process (PID=35554) to work on /workspaces/meu-primeiro-etl-airflow/airflow/dags/dag_etl_spark_vendas.py
[2026-05-27T14:49:19.185+0000] {processor.py:914} INFO - Processing file /workspaces/meu-primeiro-etl-airflow/airflow/dags/dag_etl_spark_vendas.py for tasks to queue
[2026-05-27T14:49:19.187+0000] {logging_mixin.py:190} INFO - [2026-05-27T14:49:19.186+0000] {dagbag.py:588} INFO - Filling up the DagBag from /workspaces/meu-primeiro-etl-airflow/airflow/dags/dag_etl_spark_vendas.py
[2026-05-27T14:49:20.064+0000] {processor.py:925} INFO - DAG(s) 'atv_etl_spark_e_airflow_v1' retrieved from /workspaces/meu-primeiro-etl-airflow/airflow/dags/dag_etl_spark_vendas.py
[2026-05-27T14:49:20.077+0000] {logging_mixin.py:190} INFO - [2026-05-27T14:49:20.077+0000] {dag.py:3239} INFO - Sync 1 DAGs
[2026-05-27T14:49:20.086+0000] {logging_mixin.py:190} INFO - [2026-05-27T14:49:20.086+0000] {dag.py:4180} INFO - Setting next_dagrun for atv_etl_spark_e_airflow_v1 to None, run_after=None
[2026-05-27T14:49:20.102+0000] {processor.py:208} INFO - Processing /workspaces/meu-primeiro-etl-airflow/airflow/dags/dag_etl_spark_vendas.py took 0.930 seconds
[2026-05-27T14:49:55.185+0000] {processor.py:186} INFO - Started process (PID=36120) to work on /workspaces/meu-primeiro-etl-airflow/airflow/dags/dag_etl_spark_vendas.py
[2026-05-27T14:49:55.186+0000] {processor.py:914} INFO - Processing file /workspaces/meu-primeiro-etl-airflow/airflow/dags/dag_etl_spark_vendas.py for tasks to queue
[2026-05-27T14:49:55.188+0000] {logging_mixin.py:190} INFO - [2026-05-27T14:49:55.187+0000] {dagbag.py:588} INFO - Filling up the DagBag from /workspaces/meu-primeiro-etl-airflow/airflow/dags/dag_etl_spark_vendas.py
[2026-05-27T14:49:56.240+0000] {processor.py:925} INFO - DAG(s) 'atv_etl_spark_e_airflow_v1' retrieved from /workspaces/meu-primeiro-etl-airflow/airflow/dags/dag_etl_spark_vendas.py
[2026-05-27T14:49:56.253+0000] {logging_mixin.py:190} INFO - [2026-05-27T14:49:56.253+0000] {dag.py:3239} INFO - Sync 1 DAGs
[2026-05-27T14:49:56.262+0000] {logging_mixin.py:190} INFO - [2026-05-27T14:49:56.262+0000] {dag.py:4180} INFO - Setting next_dagrun for atv_etl_spark_e_airflow_v1 to None, run_after=None
[2026-05-27T14:49:56.278+0000] {processor.py:208} INFO - Processing /workspaces/meu-primeiro-etl-airflow/airflow/dags/dag_etl_spark_vendas.py took 1.102 seconds
[2026-05-27T14:50:26.695+0000] {processor.py:186} INFO - Started process (PID=36759) to work on /workspaces/meu-primeiro-etl-airflow/airflow/dags/dag_etl_spark_vendas.py
[2026-05-27T14:50:26.695+0000] {processor.py:914} INFO - Processing file /workspaces/meu-primeiro-etl-airflow/airflow/dags/dag_etl_spark_vendas.py for tasks to queue
[2026-05-27T14:50:26.696+0000] {logging_mixin.py:190} INFO - [2026-05-27T14:50:26.696+0000] {dagbag.py:588} INFO - Filling up the DagBag from /workspaces/meu-primeiro-etl-airflow/airflow/dags/dag_etl_spark_vendas.py
[2026-05-27T14:50:27.972+0000] {processor.py:925} INFO - DAG(s) 'atv_etl_spark_e_airflow_v1' retrieved from /workspaces/meu-primeiro-etl-airflow/airflow/dags/dag_etl_spark_vendas.py
[2026-05-27T14:50:27.985+0000] {logging_mixin.py:190} INFO - [2026-05-27T14:50:27.985+0000] {dag.py:3239} INFO - Sync 1 DAGs
[2026-05-27T14:50:28.005+0000] {logging_mixin.py:190} INFO - [2026-05-27T14:50:28.004+0000] {dag.py:4180} INFO - Setting next_dagrun for atv_etl_spark_e_airflow_v1 to None, run_after=None
[2026-05-27T14:50:28.026+0000] {processor.py:208} INFO - Processing /workspaces/meu-primeiro-etl-airflow/airflow/dags/dag_etl_spark_vendas.py took 1.337 seconds
[2026-05-27T14:50:58.305+0000] {processor.py:186} INFO - Started process (PID=37329) to work on /workspaces/meu-primeiro-etl-airflow/airflow/dags/dag_etl_spark_vendas.py
[2026-05-27T14:50:58.306+0000] {processor.py:914} INFO - Processing file /workspaces/meu-primeiro-etl-airflow/airflow/dags/dag_etl_spark_vendas.py for tasks to queue
[2026-05-27T14:50:58.308+0000] {logging_mixin.py:190} INFO - [2026-05-27T14:50:58.307+0000] {dagbag.py:588} INFO - Filling up the DagBag from /workspaces/meu-primeiro-etl-airflow/airflow/dags/dag_etl_spark_vendas.py
[2026-05-27T14:50:59.177+0000] {processor.py:925} INFO - DAG(s) 'atv_etl_spark_e_airflow_v1' retrieved from /workspaces/meu-primeiro-etl-airflow/airflow/dags/dag_etl_spark_vendas.py
[2026-05-27T14:50:59.190+0000] {logging_mixin.py:190} INFO - [2026-05-27T14:50:59.190+0000] {dag.py:3239} INFO - Sync 1 DAGs
[2026-05-27T14:50:59.198+0000] {logging_mixin.py:190} INFO - [2026-05-27T14:50:59.198+0000] {dag.py:4180} INFO - Setting next_dagrun for atv_etl_spark_e_airflow_v1 to None, run_after=None
[2026-05-27T14:50:59.234+0000] {processor.py:208} INFO - Processing /workspaces/meu-primeiro-etl-airflow/airflow/dags/dag_etl_spark_vendas.py took 0.935 seconds
[2026-05-27T14:51:30.327+0000] {processor.py:186} INFO - Started process (PID=37704) to work on /workspaces/meu-primeiro-etl-airflow/airflow/dags/dag_etl_spark_vendas.py
[2026-05-27T14:51:30.327+0000] {processor.py:914} INFO - Processing file /workspaces/meu-primeiro-etl-airflow/airflow/dags/dag_etl_spark_vendas.py for tasks to queue
[2026-05-27T14:51:30.329+0000] {logging_mixin.py:190} INFO - [2026-05-27T14:51:30.328+0000] {dagbag.py:588} INFO - Filling up the DagBag from /workspaces/meu-primeiro-etl-airflow/airflow/dags/dag_etl_spark_vendas.py
[2026-05-27T14:51:31.480+0000] {processor.py:925} INFO - DAG(s) 'atv_etl_spark_e_airflow_v1' retrieved from /workspaces/meu-primeiro-etl-airflow/airflow/dags/dag_etl_spark_vendas.py
[2026-05-27T14:51:31.494+0000] {logging_mixin.py:190} INFO - [2026-05-27T14:51:31.493+0000] {dag.py:3239} INFO - Sync 1 DAGs
[2026-05-27T14:51:31.504+0000] {logging_mixin.py:190} INFO - [2026-05-27T14:51:31.504+0000] {dag.py:4180} INFO - Setting next_dagrun for atv_etl_spark_e_airflow_v1 to None, run_after=None
[2026-05-27T14:51:31.523+0000] {processor.py:208} INFO - Processing /workspaces/meu-primeiro-etl-airflow/airflow/dags/dag_etl_spark_vendas.py took 1.204 seconds
[2026-05-27T14:52:05.115+0000] {processor.py:186} INFO - Started process (PID=38375) to work on /workspaces/meu-primeiro-etl-airflow/airflow/dags/dag_etl_spark_vendas.py
[2026-05-27T14:52:05.116+0000] {processor.py:914} INFO - Processing file /workspaces/meu-primeiro-etl-airflow/airflow/dags/dag_etl_spark_vendas.py for tasks to queue
[2026-05-27T14:52:05.118+0000] {logging_mixin.py:190} INFO - [2026-05-27T14:52:05.117+0000] {dagbag.py:588} INFO - Filling up the DagBag from /workspaces/meu-primeiro-etl-airflow/airflow/dags/dag_etl_spark_vendas.py
[2026-05-27T14:52:06.129+0000] {processor.py:925} INFO - DAG(s) 'atv_etl_spark_e_airflow_v1' retrieved from /workspaces/meu-primeiro-etl-airflow/airflow/dags/dag_etl_spark_vendas.py
[2026-05-27T14:52:06.146+0000] {logging_mixin.py:190} INFO - [2026-05-27T14:52:06.146+0000] {dag.py:3239} INFO - Sync 1 DAGs
[2026-05-27T14:52:06.156+0000] {logging_mixin.py:190} INFO - [2026-05-27T14:52:06.156+0000] {dag.py:4180} INFO - Setting next_dagrun for atv_etl_spark_e_airflow_v1 to None, run_after=None
[2026-05-27T14:52:06.172+0000] {processor.py:208} INFO - Processing /workspaces/meu-primeiro-etl-airflow/airflow/dags/dag_etl_spark_vendas.py took 1.064 seconds
[2026-05-27T14:52:36.623+0000] {processor.py:186} INFO - Started process (PID=38936) to work on /workspaces/meu-primeiro-etl-airflow/airflow/dags/dag_etl_spark_vendas.py
[2026-05-27T14:52:36.623+0000] {processor.py:914} INFO - Processing file /workspaces/meu-primeiro-etl-airflow/airflow/dags/dag_etl_spark_vendas.py for tasks to queue
[2026-05-27T14:52:36.625+0000] {logging_mixin.py:190} INFO - [2026-05-27T14:52:36.625+0000] {dagbag.py:588} INFO - Filling up the DagBag from /workspaces/meu-primeiro-etl-airflow/airflow/dags/dag_etl_spark_vendas.py
[2026-05-27T14:52:37.485+0000] {processor.py:925} INFO - DAG(s) 'atv_etl_spark_e_airflow_v1' retrieved from /workspaces/meu-primeiro-etl-airflow/airflow/dags/dag_etl_spark_vendas.py
[2026-05-27T14:52:37.501+0000] {logging_mixin.py:190} INFO - [2026-05-27T14:52:37.501+0000] {dag.py:3239} INFO - Sync 1 DAGs
[2026-05-27T14:52:37.514+0000] {logging_mixin.py:190} INFO - [2026-05-27T14:52:37.514+0000] {dag.py:4180} INFO - Setting next_dagrun for atv_etl_spark_e_airflow_v1 to None, run_after=None
[2026-05-27T14:52:37.537+0000] {processor.py:208} INFO - Processing /workspaces/meu-primeiro-etl-airflow/airflow/dags/dag_etl_spark_vendas.py took 0.922 seconds
[2026-05-27T14:53:11.054+0000] {processor.py:186} INFO - Started process (PID=39462) to work on /workspaces/meu-primeiro-etl-airflow/airflow/dags/dag_etl_spark_vendas.py
[2026-05-27T14:53:11.055+0000] {processor.py:914} INFO - Processing file /workspaces/meu-primeiro-etl-airflow/airflow/dags/dag_etl_spark_vendas.py for tasks to queue
[2026-05-27T14:53:11.056+0000] {logging_mixin.py:190} INFO - [2026-05-27T14:53:11.056+0000] {dagbag.py:588} INFO - Filling up the DagBag from /workspaces/meu-primeiro-etl-airflow/airflow/dags/dag_etl_spark_vendas.py
[2026-05-27T14:53:11.820+0000] {processor.py:925} INFO - DAG(s) 'atv_etl_spark_e_airflow_v1' retrieved from /workspaces/meu-primeiro-etl-airflow/airflow/dags/dag_etl_spark_vendas.py
[2026-05-27T14:53:11.834+0000] {logging_mixin.py:190} INFO - [2026-05-27T14:53:11.834+0000] {dag.py:3239} INFO - Sync 1 DAGs
[2026-05-27T14:53:11.850+0000] {logging_mixin.py:190} INFO - [2026-05-27T14:53:11.850+0000] {dag.py:4180} INFO - Setting next_dagrun for atv_etl_spark_e_airflow_v1 to None, run_after=None
[2026-05-27T14:53:11.866+0000] {processor.py:208} INFO - Processing /workspaces/meu-primeiro-etl-airflow/airflow/dags/dag_etl_spark_vendas.py took 0.818 seconds
[2026-05-27T14:53:43.016+0000] {processor.py:186} INFO - Started process (PID=40076) to work on /workspaces/meu-primeiro-etl-airflow/airflow/dags/dag_etl_spark_vendas.py
[2026-05-27T14:53:43.016+0000] {processor.py:914} INFO - Processing file /workspaces/meu-primeiro-etl-airflow/airflow/dags/dag_etl_spark_vendas.py for tasks to queue
[2026-05-27T14:53:43.018+0000] {logging_mixin.py:190} INFO - [2026-05-27T14:53:43.017+0000] {dagbag.py:588} INFO - Filling up the DagBag from /workspaces/meu-primeiro-etl-airflow/airflow/dags/dag_etl_spark_vendas.py
[2026-05-27T14:53:43.980+0000] {processor.py:925} INFO - DAG(s) 'atv_etl_spark_e_airflow_v1' retrieved from /workspaces/meu-primeiro-etl-airflow/airflow/dags/dag_etl_spark_vendas.py
[2026-05-27T14:53:43.993+0000] {logging_mixin.py:190} INFO - [2026-05-27T14:53:43.993+0000] {dag.py:3239} INFO - Sync 1 DAGs
[2026-05-27T14:53:44.003+0000] {logging_mixin.py:190} INFO - [2026-05-27T14:53:44.003+0000] {dag.py:4180} INFO - Setting next_dagrun for atv_etl_spark_e_airflow_v1 to None, run_after=None
[2026-05-27T14:53:44.021+0000] {processor.py:208} INFO - Processing /workspaces/meu-primeiro-etl-airflow/airflow/dags/dag_etl_spark_vendas.py took 1.020 seconds
[2026-05-27T14:54:15.117+0000] {processor.py:186} INFO - Started process (PID=40352) to work on /workspaces/meu-primeiro-etl-airflow/airflow/dags/dag_etl_spark_vendas.py
[2026-05-27T14:54:15.118+0000] {processor.py:914} INFO - Processing file /workspaces/meu-primeiro-etl-airflow/airflow/dags/dag_etl_spark_vendas.py for tasks to queue
[2026-05-27T14:54:15.119+0000] {logging_mixin.py:190} INFO - [2026-05-27T14:54:15.119+0000] {dagbag.py:588} INFO - Filling up the DagBag from /workspaces/meu-primeiro-etl-airflow/airflow/dags/dag_etl_spark_vendas.py
[2026-05-27T14:54:15.886+0000] {processor.py:925} INFO - DAG(s) 'atv_etl_spark_e_airflow_v1' retrieved from /workspaces/meu-primeiro-etl-airflow/airflow/dags/dag_etl_spark_vendas.py
[2026-05-27T14:54:15.898+0000] {logging_mixin.py:190} INFO - [2026-05-27T14:54:15.898+0000] {dag.py:3239} INFO - Sync 1 DAGs
[2026-05-27T14:54:15.908+0000] {logging_mixin.py:190} INFO - [2026-05-27T14:54:15.908+0000] {dag.py:4180} INFO - Setting next_dagrun for atv_etl_spark_e_airflow_v1 to None, run_after=None
[2026-05-27T14:54:15.927+0000] {processor.py:208} INFO - Processing /workspaces/meu-primeiro-etl-airflow/airflow/dags/dag_etl_spark_vendas.py took 0.818 seconds
[2026-05-27T14:54:47.006+0000] {processor.py:186} INFO - Started process (PID=40620) to work on /workspaces/meu-primeiro-etl-airflow/airflow/dags/dag_etl_spark_vendas.py
[2026-05-27T14:54:47.007+0000] {processor.py:914} INFO - Processing file /workspaces/meu-primeiro-etl-airflow/airflow/dags/dag_etl_spark_vendas.py for tasks to queue
[2026-05-27T14:54:47.008+0000] {logging_mixin.py:190} INFO - [2026-05-27T14:54:47.007+0000] {dagbag.py:588} INFO - Filling up the DagBag from /workspaces/meu-primeiro-etl-airflow/airflow/dags/dag_etl_spark_vendas.py
[2026-05-27T14:54:47.822+0000] {processor.py:925} INFO - DAG(s) 'atv_etl_spark_e_airflow_v1' retrieved from /workspaces/meu-primeiro-etl-airflow/airflow/dags/dag_etl_spark_vendas.py
[2026-05-27T14:54:47.836+0000] {logging_mixin.py:190} INFO - [2026-05-27T14:54:47.836+0000] {dag.py:3239} INFO - Sync 1 DAGs
[2026-05-27T14:54:47.844+0000] {logging_mixin.py:190} INFO - [2026-05-27T14:54:47.844+0000] {dag.py:4180} INFO - Setting next_dagrun for atv_etl_spark_e_airflow_v1 to None, run_after=None
[2026-05-27T14:54:47.860+0000] {processor.py:208} INFO - Processing /workspaces/meu-primeiro-etl-airflow/airflow/dags/dag_etl_spark_vendas.py took 0.860 seconds
[2026-05-27T14:55:20.229+0000] {processor.py:186} INFO - Started process (PID=41089) to work on /workspaces/meu-primeiro-etl-airflow/airflow/dags/dag_etl_spark_vendas.py
[2026-05-27T14:55:20.230+0000] {processor.py:914} INFO - Processing file /workspaces/meu-primeiro-etl-airflow/airflow/dags/dag_etl_spark_vendas.py for tasks to queue
[2026-05-27T14:55:20.231+0000] {logging_mixin.py:190} INFO - [2026-05-27T14:55:20.231+0000] {dagbag.py:588} INFO - Filling up the DagBag from /workspaces/meu-primeiro-etl-airflow/airflow/dags/dag_etl_spark_vendas.py
[2026-05-27T14:55:21.118+0000] {processor.py:925} INFO - DAG(s) 'atv_etl_spark_e_airflow_v1' retrieved from /workspaces/meu-primeiro-etl-airflow/airflow/dags/dag_etl_spark_vendas.py
[2026-05-27T14:55:21.134+0000] {logging_mixin.py:190} INFO - [2026-05-27T14:55:21.134+0000] {dag.py:3239} INFO - Sync 1 DAGs
[2026-05-27T14:55:21.145+0000] {logging_mixin.py:190} INFO - [2026-05-27T14:55:21.145+0000] {dag.py:4180} INFO - Setting next_dagrun for atv_etl_spark_e_airflow_v1 to None, run_after=None
[2026-05-27T14:55:21.163+0000] {processor.py:208} INFO - Processing /workspaces/meu-primeiro-etl-airflow/airflow/dags/dag_etl_spark_vendas.py took 0.942 seconds
[2026-05-27T14:55:52.050+0000] {processor.py:186} INFO - Started process (PID=41361) to work on /workspaces/meu-primeiro-etl-airflow/airflow/dags/dag_etl_spark_vendas.py
[2026-05-27T14:55:52.051+0000] {processor.py:914} INFO - Processing file /workspaces/meu-primeiro-etl-airflow/airflow/dags/dag_etl_spark_vendas.py for tasks to queue
[2026-05-27T14:55:52.052+0000] {logging_mixin.py:190} INFO - [2026-05-27T14:55:52.052+0000] {dagbag.py:588} INFO - Filling up the DagBag from /workspaces/meu-primeiro-etl-airflow/airflow/dags/dag_etl_spark_vendas.py
[2026-05-27T14:55:52.861+0000] {processor.py:925} INFO - DAG(s) 'atv_etl_spark_e_airflow_v1' retrieved from /workspaces/meu-primeiro-etl-airflow/airflow/dags/dag_etl_spark_vendas.py
[2026-05-27T14:55:52.874+0000] {logging_mixin.py:190} INFO - [2026-05-27T14:55:52.874+0000] {dag.py:3239} INFO - Sync 1 DAGs
[2026-05-27T14:55:52.882+0000] {logging_mixin.py:190} INFO - [2026-05-27T14:55:52.882+0000] {dag.py:4180} INFO - Setting next_dagrun for atv_etl_spark_e_airflow_v1 to None, run_after=None
[2026-05-27T14:55:52.898+0000] {processor.py:208} INFO - Processing /workspaces/meu-primeiro-etl-airflow/airflow/dags/dag_etl_spark_vendas.py took 0.854 seconds
[2026-05-27T14:56:23.755+0000] {processor.py:186} INFO - Started process (PID=41633) to work on /workspaces/meu-primeiro-etl-airflow/airflow/dags/dag_etl_spark_vendas.py
[2026-05-27T14:56:23.755+0000] {processor.py:914} INFO - Processing file /workspaces/meu-primeiro-etl-airflow/airflow/dags/dag_etl_spark_vendas.py for tasks to queue
[2026-05-27T14:56:23.757+0000] {logging_mixin.py:190} INFO - [2026-05-27T14:56:23.756+0000] {dagbag.py:588} INFO - Filling up the DagBag from /workspaces/meu-primeiro-etl-airflow/airflow/dags/dag_etl_spark_vendas.py
[2026-05-27T14:56:24.552+0000] {processor.py:925} INFO - DAG(s) 'atv_etl_spark_e_airflow_v1' retrieved from /workspaces/meu-primeiro-etl-airflow/airflow/dags/dag_etl_spark_vendas.py
[2026-05-27T14:56:24.584+0000] {logging_mixin.py:190} INFO - [2026-05-27T14:56:24.583+0000] {dag.py:3239} INFO - Sync 1 DAGs
[2026-05-27T14:56:24.628+0000] {logging_mixin.py:190} INFO - [2026-05-27T14:56:24.628+0000] {dag.py:4180} INFO - Setting next_dagrun for atv_etl_spark_e_airflow_v1 to None, run_after=None
[2026-05-27T14:56:24.654+0000] {processor.py:208} INFO - Processing /workspaces/meu-primeiro-etl-airflow/airflow/dags/dag_etl_spark_vendas.py took 0.905 seconds
[2026-05-27T14:56:55.635+0000] {processor.py:186} INFO - Started process (PID=41867) to work on /workspaces/meu-primeiro-etl-airflow/airflow/dags/dag_etl_spark_vendas.py
[2026-05-27T14:56:55.636+0000] {processor.py:914} INFO - Processing file /workspaces/meu-primeiro-etl-airflow/airflow/dags/dag_etl_spark_vendas.py for tasks to queue
[2026-05-27T14:56:55.637+0000] {logging_mixin.py:190} INFO - [2026-05-27T14:56:55.637+0000] {dagbag.py:588} INFO - Filling up the DagBag from /workspaces/meu-primeiro-etl-airflow/airflow/dags/dag_etl_spark_vendas.py
[2026-05-27T14:56:56.440+0000] {processor.py:925} INFO - DAG(s) 'atv_etl_spark_e_airflow_v1' retrieved from /workspaces/meu-primeiro-etl-airflow/airflow/dags/dag_etl_spark_vendas.py
[2026-05-27T14:56:56.456+0000] {logging_mixin.py:190} INFO - [2026-05-27T14:56:56.456+0000] {dag.py:3239} INFO - Sync 1 DAGs
[2026-05-27T14:56:56.466+0000] {logging_mixin.py:190} INFO - [2026-05-27T14:56:56.466+0000] {dag.py:4180} INFO - Setting next_dagrun for atv_etl_spark_e_airflow_v1 to None, run_after=None
[2026-05-27T14:56:56.493+0000] {processor.py:208} INFO - Processing /workspaces/meu-primeiro-etl-airflow/airflow/dags/dag_etl_spark_vendas.py took 0.864 seconds
[2026-05-27T14:57:27.260+0000] {processor.py:186} INFO - Started process (PID=42194) to work on /workspaces/meu-primeiro-etl-airflow/airflow/dags/dag_etl_spark_vendas.py
[2026-05-27T14:57:27.261+0000] {processor.py:914} INFO - Processing file /workspaces/meu-primeiro-etl-airflow/airflow/dags/dag_etl_spark_vendas.py for tasks to queue
[2026-05-27T14:57:27.262+0000] {logging_mixin.py:190} INFO - [2026-05-27T14:57:27.262+0000] {dagbag.py:588} INFO - Filling up the DagBag from /workspaces/meu-primeiro-etl-airflow/airflow/dags/dag_etl_spark_vendas.py
[2026-05-27T14:57:28.196+0000] {processor.py:925} INFO - DAG(s) 'atv_etl_spark_e_airflow_v1' retrieved from /workspaces/meu-primeiro-etl-airflow/airflow/dags/dag_etl_spark_vendas.py
[2026-05-27T14:57:28.210+0000] {logging_mixin.py:190} INFO - [2026-05-27T14:57:28.209+0000] {dag.py:3239} INFO - Sync 1 DAGs
[2026-05-27T14:57:28.222+0000] {logging_mixin.py:190} INFO - [2026-05-27T14:57:28.222+0000] {dag.py:4180} INFO - Setting next_dagrun for atv_etl_spark_e_airflow_v1 to None, run_after=None
[2026-05-27T14:57:28.238+0000] {processor.py:208} INFO - Processing /workspaces/meu-primeiro-etl-airflow/airflow/dags/dag_etl_spark_vendas.py took 0.984 seconds
[2026-05-27T14:57:59.655+0000] {processor.py:186} INFO - Started process (PID=42597) to work on /workspaces/meu-primeiro-etl-airflow/airflow/dags/dag_etl_spark_vendas.py
[2026-05-27T14:57:59.656+0000] {processor.py:914} INFO - Processing file /workspaces/meu-primeiro-etl-airflow/airflow/dags/dag_etl_spark_vendas.py for tasks to queue
[2026-05-27T14:57:59.657+0000] {logging_mixin.py:190} INFO - [2026-05-27T14:57:59.657+0000] {dagbag.py:588} INFO - Filling up the DagBag from /workspaces/meu-primeiro-etl-airflow/airflow/dags/dag_etl_spark_vendas.py
[2026-05-27T14:58:00.704+0000] {processor.py:925} INFO - DAG(s) 'atv_etl_spark_e_airflow_v1' retrieved from /workspaces/meu-primeiro-etl-airflow/airflow/dags/dag_etl_spark_vendas.py
[2026-05-27T14:58:00.722+0000] {logging_mixin.py:190} INFO - [2026-05-27T14:58:00.722+0000] {dag.py:3239} INFO - Sync 1 DAGs
[2026-05-27T14:58:00.733+0000] {logging_mixin.py:190} INFO - [2026-05-27T14:58:00.733+0000] {dag.py:4180} INFO - Setting next_dagrun for atv_etl_spark_e_airflow_v1 to None, run_after=None
[2026-05-27T14:58:00.751+0000] {processor.py:208} INFO - Processing /workspaces/meu-primeiro-etl-airflow/airflow/dags/dag_etl_spark_vendas.py took 1.101 seconds
[2026-05-27T14:58:31.964+0000] {processor.py:186} INFO - Started process (PID=42955) to work on /workspaces/meu-primeiro-etl-airflow/airflow/dags/dag_etl_spark_vendas.py
[2026-05-27T14:58:31.965+0000] {processor.py:914} INFO - Processing file /workspaces/meu-primeiro-etl-airflow/airflow/dags/dag_etl_spark_vendas.py for tasks to queue
[2026-05-27T14:58:31.966+0000] {logging_mixin.py:190} INFO - [2026-05-27T14:58:31.966+0000] {dagbag.py:588} INFO - Filling up the DagBag from /workspaces/meu-primeiro-etl-airflow/airflow/dags/dag_etl_spark_vendas.py
[2026-05-27T14:58:33.314+0000] {processor.py:925} INFO - DAG(s) 'atv_etl_spark_e_airflow_v1' retrieved from /workspaces/meu-primeiro-etl-airflow/airflow/dags/dag_etl_spark_vendas.py
[2026-05-27T14:58:33.331+0000] {logging_mixin.py:190} INFO - [2026-05-27T14:58:33.331+0000] {dag.py:3239} INFO - Sync 1 DAGs
[2026-05-27T14:58:33.339+0000] {logging_mixin.py:190} INFO - [2026-05-27T14:58:33.339+0000] {dag.py:4180} INFO - Setting next_dagrun for atv_etl_spark_e_airflow_v1 to None, run_after=None
[2026-05-27T14:58:33.363+0000] {processor.py:208} INFO - Processing /workspaces/meu-primeiro-etl-airflow/airflow/dags/dag_etl_spark_vendas.py took 1.405 seconds
[2026-05-27T14:59:03.857+0000] {processor.py:186} INFO - Started process (PID=43275) to work on /workspaces/meu-primeiro-etl-airflow/airflow/dags/dag_etl_spark_vendas.py
[2026-05-27T14:59:03.859+0000] {processor.py:914} INFO - Processing file /workspaces/meu-primeiro-etl-airflow/airflow/dags/dag_etl_spark_vendas.py for tasks to queue
[2026-05-27T14:59:03.862+0000] {logging_mixin.py:190} INFO - [2026-05-27T14:59:03.861+0000] {dagbag.py:588} INFO - Filling up the DagBag from /workspaces/meu-primeiro-etl-airflow/airflow/dags/dag_etl_spark_vendas.py
[2026-05-27T14:59:04.730+0000] {processor.py:925} INFO - DAG(s) 'atv_etl_spark_e_airflow_v1' retrieved from /workspaces/meu-primeiro-etl-airflow/airflow/dags/dag_etl_spark_vendas.py
[2026-05-27T14:59:04.742+0000] {logging_mixin.py:190} INFO - [2026-05-27T14:59:04.742+0000] {dag.py:3239} INFO - Sync 1 DAGs
[2026-05-27T14:59:04.750+0000] {logging_mixin.py:190} INFO - [2026-05-27T14:59:04.750+0000] {dag.py:4180} INFO - Setting next_dagrun for atv_etl_spark_e_airflow_v1 to None, run_after=None
[2026-05-27T14:59:04.766+0000] {processor.py:208} INFO - Processing /workspaces/meu-primeiro-etl-airflow/airflow/dags/dag_etl_spark_vendas.py took 0.922 seconds
[2026-05-27T14:59:35.490+0000] {processor.py:186} INFO - Started process (PID=43676) to work on /workspaces/meu-primeiro-etl-airflow/airflow/dags/dag_etl_spark_vendas.py
[2026-05-27T14:59:35.491+0000] {processor.py:914} INFO - Processing file /workspaces/meu-primeiro-etl-airflow/airflow/dags/dag_etl_spark_vendas.py for tasks to queue
[2026-05-27T14:59:35.492+0000] {logging_mixin.py:190} INFO - [2026-05-27T14:59:35.492+0000] {dagbag.py:588} INFO - Filling up the DagBag from /workspaces/meu-primeiro-etl-airflow/airflow/dags/dag_etl_spark_vendas.py
[2026-05-27T14:59:36.385+0000] {processor.py:925} INFO - DAG(s) 'atv_etl_spark_e_airflow_v1' retrieved from /workspaces/meu-primeiro-etl-airflow/airflow/dags/dag_etl_spark_vendas.py
[2026-05-27T14:59:36.398+0000] {logging_mixin.py:190} INFO - [2026-05-27T14:59:36.398+0000] {dag.py:3239} INFO - Sync 1 DAGs
[2026-05-27T14:59:36.406+0000] {logging_mixin.py:190} INFO - [2026-05-27T14:59:36.406+0000] {dag.py:4180} INFO - Setting next_dagrun for atv_etl_spark_e_airflow_v1 to None, run_after=None
[2026-05-27T14:59:36.425+0000] {processor.py:208} INFO - Processing /workspaces/meu-primeiro-etl-airflow/airflow/dags/dag_etl_spark_vendas.py took 0.943 seconds
[2026-05-27T15:00:07.163+0000] {processor.py:186} INFO - Started process (PID=43995) to work on /workspaces/meu-primeiro-etl-airflow/airflow/dags/dag_etl_spark_vendas.py
[2026-05-27T15:00:07.164+0000] {processor.py:914} INFO - Processing file /workspaces/meu-primeiro-etl-airflow/airflow/dags/dag_etl_spark_vendas.py for tasks to queue
[2026-05-27T15:00:07.165+0000] {logging_mixin.py:190} INFO - [2026-05-27T15:00:07.165+0000] {dagbag.py:588} INFO - Filling up the DagBag from /workspaces/meu-primeiro-etl-airflow/airflow/dags/dag_etl_spark_vendas.py
[2026-05-27T15:00:08.081+0000] {processor.py:925} INFO - DAG(s) 'atv_etl_spark_e_airflow_v1' retrieved from /workspaces/meu-primeiro-etl-airflow/airflow/dags/dag_etl_spark_vendas.py
[2026-05-27T15:00:08.094+0000] {logging_mixin.py:190} INFO - [2026-05-27T15:00:08.094+0000] {dag.py:3239} INFO - Sync 1 DAGs
[2026-05-27T15:00:08.102+0000] {logging_mixin.py:190} INFO - [2026-05-27T15:00:08.102+0000] {dag.py:4180} INFO - Setting next_dagrun for atv_etl_spark_e_airflow_v1 to None, run_after=None
[2026-05-27T15:00:08.122+0000] {processor.py:208} INFO - Processing /workspaces/meu-primeiro-etl-airflow/airflow/dags/dag_etl_spark_vendas.py took 0.964 seconds
