[2026-05-18T15:12:24.040+0000] {processor.py:186} INFO - Started process (PID=55304) to work on /workspaces/meu-primeiro-etl-airflow/dags/dag_treino_titanic.py
[2026-05-18T15:12:24.041+0000] {processor.py:914} INFO - Processing file /workspaces/meu-primeiro-etl-airflow/dags/dag_treino_titanic.py for tasks to queue
[2026-05-18T15:12:24.043+0000] {logging_mixin.py:190} INFO - [2026-05-18T15:12:24.043+0000] {dagbag.py:588} INFO - Filling up the DagBag from /workspaces/meu-primeiro-etl-airflow/dags/dag_treino_titanic.py
[2026-05-18T15:12:34.192+0000] {processor.py:925} INFO - DAG(s) 'atv7_treino_titanic_v1' retrieved from /workspaces/meu-primeiro-etl-airflow/dags/dag_treino_titanic.py
[2026-05-18T15:12:34.207+0000] {logging_mixin.py:190} INFO - [2026-05-18T15:12:34.207+0000] {dag.py:3239} INFO - Sync 1 DAGs
[2026-05-18T15:12:34.216+0000] {logging_mixin.py:190} INFO - [2026-05-18T15:12:34.216+0000] {dag.py:4180} INFO - Setting next_dagrun for atv7_treino_titanic_v1 to None, run_after=None
[2026-05-18T15:12:34.229+0000] {processor.py:208} INFO - Processing /workspaces/meu-primeiro-etl-airflow/dags/dag_treino_titanic.py took 10.194 seconds
[2026-05-18T15:13:04.655+0000] {processor.py:186} INFO - Started process (PID=56072) to work on /workspaces/meu-primeiro-etl-airflow/dags/dag_treino_titanic.py
[2026-05-18T15:13:04.656+0000] {processor.py:914} INFO - Processing file /workspaces/meu-primeiro-etl-airflow/dags/dag_treino_titanic.py for tasks to queue
[2026-05-18T15:13:04.657+0000] {logging_mixin.py:190} INFO - [2026-05-18T15:13:04.657+0000] {dagbag.py:588} INFO - Filling up the DagBag from /workspaces/meu-primeiro-etl-airflow/dags/dag_treino_titanic.py
[2026-05-18T15:13:06.220+0000] {processor.py:925} INFO - DAG(s) 'atv7_treino_titanic_v1' retrieved from /workspaces/meu-primeiro-etl-airflow/dags/dag_treino_titanic.py
[2026-05-18T15:13:06.234+0000] {logging_mixin.py:190} INFO - [2026-05-18T15:13:06.234+0000] {dag.py:3239} INFO - Sync 1 DAGs
[2026-05-18T15:13:06.243+0000] {logging_mixin.py:190} INFO - [2026-05-18T15:13:06.243+0000] {dag.py:4180} INFO - Setting next_dagrun for atv7_treino_titanic_v1 to None, run_after=None
[2026-05-18T15:13:06.257+0000] {processor.py:208} INFO - Processing /workspaces/meu-primeiro-etl-airflow/dags/dag_treino_titanic.py took 1.606 seconds
[2026-05-18T15:13:36.801+0000] {processor.py:186} INFO - Started process (PID=56483) to work on /workspaces/meu-primeiro-etl-airflow/dags/dag_treino_titanic.py
[2026-05-18T15:13:36.802+0000] {processor.py:914} INFO - Processing file /workspaces/meu-primeiro-etl-airflow/dags/dag_treino_titanic.py for tasks to queue
[2026-05-18T15:13:36.804+0000] {logging_mixin.py:190} INFO - [2026-05-18T15:13:36.803+0000] {dagbag.py:588} INFO - Filling up the DagBag from /workspaces/meu-primeiro-etl-airflow/dags/dag_treino_titanic.py
[2026-05-18T15:13:38.254+0000] {processor.py:925} INFO - DAG(s) 'atv7_treino_titanic_v1' retrieved from /workspaces/meu-primeiro-etl-airflow/dags/dag_treino_titanic.py
[2026-05-18T15:13:38.268+0000] {logging_mixin.py:190} INFO - [2026-05-18T15:13:38.268+0000] {dag.py:3239} INFO - Sync 1 DAGs
[2026-05-18T15:13:38.279+0000] {logging_mixin.py:190} INFO - [2026-05-18T15:13:38.278+0000] {dag.py:4180} INFO - Setting next_dagrun for atv7_treino_titanic_v1 to None, run_after=None
[2026-05-18T15:13:38.296+0000] {processor.py:208} INFO - Processing /workspaces/meu-primeiro-etl-airflow/dags/dag_treino_titanic.py took 1.498 seconds
[2026-05-18T15:14:08.796+0000] {processor.py:186} INFO - Started process (PID=57420) to work on /workspaces/meu-primeiro-etl-airflow/dags/dag_treino_titanic.py
[2026-05-18T15:14:08.797+0000] {processor.py:914} INFO - Processing file /workspaces/meu-primeiro-etl-airflow/dags/dag_treino_titanic.py for tasks to queue
[2026-05-18T15:14:08.798+0000] {logging_mixin.py:190} INFO - [2026-05-18T15:14:08.798+0000] {dagbag.py:588} INFO - Filling up the DagBag from /workspaces/meu-primeiro-etl-airflow/dags/dag_treino_titanic.py
[2026-05-18T15:14:10.704+0000] {processor.py:925} INFO - DAG(s) 'atv7_treino_titanic_v1' retrieved from /workspaces/meu-primeiro-etl-airflow/dags/dag_treino_titanic.py
[2026-05-18T15:14:10.716+0000] {logging_mixin.py:190} INFO - [2026-05-18T15:14:10.716+0000] {dag.py:3239} INFO - Sync 1 DAGs
[2026-05-18T15:14:10.725+0000] {logging_mixin.py:190} INFO - [2026-05-18T15:14:10.725+0000] {dag.py:4180} INFO - Setting next_dagrun for atv7_treino_titanic_v1 to None, run_after=None
[2026-05-18T15:14:10.739+0000] {processor.py:208} INFO - Processing /workspaces/meu-primeiro-etl-airflow/dags/dag_treino_titanic.py took 1.947 seconds
[2026-05-18T15:14:40.927+0000] {processor.py:186} INFO - Started process (PID=57772) to work on /workspaces/meu-primeiro-etl-airflow/dags/dag_treino_titanic.py
[2026-05-18T15:14:40.928+0000] {processor.py:914} INFO - Processing file /workspaces/meu-primeiro-etl-airflow/dags/dag_treino_titanic.py for tasks to queue
[2026-05-18T15:14:40.929+0000] {logging_mixin.py:190} INFO - [2026-05-18T15:14:40.929+0000] {dagbag.py:588} INFO - Filling up the DagBag from /workspaces/meu-primeiro-etl-airflow/dags/dag_treino_titanic.py
[2026-05-18T15:14:42.431+0000] {processor.py:925} INFO - DAG(s) 'atv7_treino_titanic_v1' retrieved from /workspaces/meu-primeiro-etl-airflow/dags/dag_treino_titanic.py
[2026-05-18T15:14:42.448+0000] {logging_mixin.py:190} INFO - [2026-05-18T15:14:42.447+0000] {dag.py:3239} INFO - Sync 1 DAGs
[2026-05-18T15:14:42.456+0000] {logging_mixin.py:190} INFO - [2026-05-18T15:14:42.456+0000] {dag.py:4180} INFO - Setting next_dagrun for atv7_treino_titanic_v1 to None, run_after=None
[2026-05-18T15:14:42.472+0000] {processor.py:208} INFO - Processing /workspaces/meu-primeiro-etl-airflow/dags/dag_treino_titanic.py took 1.550 seconds
[2026-05-18T15:15:12.618+0000] {processor.py:186} INFO - Started process (PID=58071) to work on /workspaces/meu-primeiro-etl-airflow/dags/dag_treino_titanic.py
[2026-05-18T15:15:12.618+0000] {processor.py:914} INFO - Processing file /workspaces/meu-primeiro-etl-airflow/dags/dag_treino_titanic.py for tasks to queue
[2026-05-18T15:15:12.620+0000] {logging_mixin.py:190} INFO - [2026-05-18T15:15:12.620+0000] {dagbag.py:588} INFO - Filling up the DagBag from /workspaces/meu-primeiro-etl-airflow/dags/dag_treino_titanic.py
[2026-05-18T15:15:14.384+0000] {processor.py:925} INFO - DAG(s) 'atv7_treino_titanic_v1' retrieved from /workspaces/meu-primeiro-etl-airflow/dags/dag_treino_titanic.py
[2026-05-18T15:15:14.399+0000] {logging_mixin.py:190} INFO - [2026-05-18T15:15:14.398+0000] {dag.py:3239} INFO - Sync 1 DAGs
[2026-05-18T15:15:14.410+0000] {logging_mixin.py:190} INFO - [2026-05-18T15:15:14.410+0000] {dag.py:4180} INFO - Setting next_dagrun for atv7_treino_titanic_v1 to None, run_after=None
[2026-05-18T15:15:14.425+0000] {processor.py:208} INFO - Processing /workspaces/meu-primeiro-etl-airflow/dags/dag_treino_titanic.py took 1.811 seconds
[2026-05-18T15:15:44.468+0000] {processor.py:186} INFO - Started process (PID=58394) to work on /workspaces/meu-primeiro-etl-airflow/dags/dag_treino_titanic.py
[2026-05-18T15:15:44.469+0000] {processor.py:914} INFO - Processing file /workspaces/meu-primeiro-etl-airflow/dags/dag_treino_titanic.py for tasks to queue
[2026-05-18T15:15:44.471+0000] {logging_mixin.py:190} INFO - [2026-05-18T15:15:44.470+0000] {dagbag.py:588} INFO - Filling up the DagBag from /workspaces/meu-primeiro-etl-airflow/dags/dag_treino_titanic.py
[2026-05-18T15:15:45.973+0000] {processor.py:925} INFO - DAG(s) 'atv7_treino_titanic_v1' retrieved from /workspaces/meu-primeiro-etl-airflow/dags/dag_treino_titanic.py
[2026-05-18T15:15:45.988+0000] {logging_mixin.py:190} INFO - [2026-05-18T15:15:45.988+0000] {dag.py:3239} INFO - Sync 1 DAGs
[2026-05-18T15:15:45.997+0000] {logging_mixin.py:190} INFO - [2026-05-18T15:15:45.997+0000] {dag.py:4180} INFO - Setting next_dagrun for atv7_treino_titanic_v1 to None, run_after=None
[2026-05-18T15:15:46.012+0000] {processor.py:208} INFO - Processing /workspaces/meu-primeiro-etl-airflow/dags/dag_treino_titanic.py took 1.549 seconds
[2026-05-18T15:16:16.092+0000] {processor.py:186} INFO - Started process (PID=58754) to work on /workspaces/meu-primeiro-etl-airflow/dags/dag_treino_titanic.py
[2026-05-18T15:16:16.092+0000] {processor.py:914} INFO - Processing file /workspaces/meu-primeiro-etl-airflow/dags/dag_treino_titanic.py for tasks to queue
[2026-05-18T15:16:16.094+0000] {logging_mixin.py:190} INFO - [2026-05-18T15:16:16.094+0000] {dagbag.py:588} INFO - Filling up the DagBag from /workspaces/meu-primeiro-etl-airflow/dags/dag_treino_titanic.py
[2026-05-18T15:16:18.229+0000] {processor.py:925} INFO - DAG(s) 'atv7_treino_titanic_v1' retrieved from /workspaces/meu-primeiro-etl-airflow/dags/dag_treino_titanic.py
[2026-05-18T15:16:18.244+0000] {logging_mixin.py:190} INFO - [2026-05-18T15:16:18.244+0000] {dag.py:3239} INFO - Sync 1 DAGs
[2026-05-18T15:16:18.254+0000] {logging_mixin.py:190} INFO - [2026-05-18T15:16:18.254+0000] {dag.py:4180} INFO - Setting next_dagrun for atv7_treino_titanic_v1 to None, run_after=None
[2026-05-18T15:16:18.270+0000] {processor.py:208} INFO - Processing /workspaces/meu-primeiro-etl-airflow/dags/dag_treino_titanic.py took 2.182 seconds
[2026-05-18T15:16:48.398+0000] {processor.py:186} INFO - Started process (PID=59094) to work on /workspaces/meu-primeiro-etl-airflow/dags/dag_treino_titanic.py
[2026-05-18T15:16:48.399+0000] {processor.py:914} INFO - Processing file /workspaces/meu-primeiro-etl-airflow/dags/dag_treino_titanic.py for tasks to queue
[2026-05-18T15:16:48.400+0000] {logging_mixin.py:190} INFO - [2026-05-18T15:16:48.400+0000] {dagbag.py:588} INFO - Filling up the DagBag from /workspaces/meu-primeiro-etl-airflow/dags/dag_treino_titanic.py
[2026-05-18T15:16:49.839+0000] {processor.py:925} INFO - DAG(s) 'atv7_treino_titanic_v1' retrieved from /workspaces/meu-primeiro-etl-airflow/dags/dag_treino_titanic.py
[2026-05-18T15:16:49.851+0000] {logging_mixin.py:190} INFO - [2026-05-18T15:16:49.851+0000] {dag.py:3239} INFO - Sync 1 DAGs
[2026-05-18T15:16:49.861+0000] {logging_mixin.py:190} INFO - [2026-05-18T15:16:49.861+0000] {dag.py:4180} INFO - Setting next_dagrun for atv7_treino_titanic_v1 to None, run_after=None
[2026-05-18T15:16:49.878+0000] {processor.py:208} INFO - Processing /workspaces/meu-primeiro-etl-airflow/dags/dag_treino_titanic.py took 1.484 seconds
[2026-05-18T22:00:00.878+0000] {processor.py:186} INFO - Started process (PID=10837) to work on /workspaces/meu-primeiro-etl-airflow/dags/dag_treino_titanic.py
[2026-05-18T22:00:00.900+0000] {processor.py:914} INFO - Processing file /workspaces/meu-primeiro-etl-airflow/dags/dag_treino_titanic.py for tasks to queue
[2026-05-18T22:00:00.907+0000] {logging_mixin.py:190} INFO - [2026-05-18T22:00:00.905+0000] {dagbag.py:588} INFO - Filling up the DagBag from /workspaces/meu-primeiro-etl-airflow/dags/dag_treino_titanic.py
[2026-05-18T22:00:02.558+0000] {processor.py:925} INFO - DAG(s) 'atv7_treino_titanic_v1' retrieved from /workspaces/meu-primeiro-etl-airflow/dags/dag_treino_titanic.py
[2026-05-18T22:00:02.570+0000] {logging_mixin.py:190} INFO - [2026-05-18T22:00:02.569+0000] {dag.py:3239} INFO - Sync 1 DAGs
[2026-05-18T22:00:02.578+0000] {logging_mixin.py:190} INFO - [2026-05-18T22:00:02.578+0000] {dag.py:4180} INFO - Setting next_dagrun for atv7_treino_titanic_v1 to None, run_after=None
[2026-05-18T22:00:02.593+0000] {processor.py:208} INFO - Processing /workspaces/meu-primeiro-etl-airflow/dags/dag_treino_titanic.py took 1.721 seconds
[2026-05-18T22:00:32.833+0000] {processor.py:186} INFO - Started process (PID=11189) to work on /workspaces/meu-primeiro-etl-airflow/dags/dag_treino_titanic.py
[2026-05-18T22:00:32.833+0000] {processor.py:914} INFO - Processing file /workspaces/meu-primeiro-etl-airflow/dags/dag_treino_titanic.py for tasks to queue
[2026-05-18T22:00:32.837+0000] {logging_mixin.py:190} INFO - [2026-05-18T22:00:32.835+0000] {dagbag.py:588} INFO - Filling up the DagBag from /workspaces/meu-primeiro-etl-airflow/dags/dag_treino_titanic.py
[2026-05-18T22:00:34.512+0000] {processor.py:925} INFO - DAG(s) 'atv7_treino_titanic_v1' retrieved from /workspaces/meu-primeiro-etl-airflow/dags/dag_treino_titanic.py
[2026-05-18T22:00:34.527+0000] {logging_mixin.py:190} INFO - [2026-05-18T22:00:34.526+0000] {dag.py:3239} INFO - Sync 1 DAGs
[2026-05-18T22:00:34.538+0000] {logging_mixin.py:190} INFO - [2026-05-18T22:00:34.537+0000] {dag.py:4180} INFO - Setting next_dagrun for atv7_treino_titanic_v1 to None, run_after=None
[2026-05-18T22:00:34.574+0000] {processor.py:208} INFO - Processing /workspaces/meu-primeiro-etl-airflow/dags/dag_treino_titanic.py took 1.746 seconds
[2026-05-18T22:01:05.576+0000] {processor.py:186} INFO - Started process (PID=11599) to work on /workspaces/meu-primeiro-etl-airflow/dags/dag_treino_titanic.py
[2026-05-18T22:01:05.577+0000] {processor.py:914} INFO - Processing file /workspaces/meu-primeiro-etl-airflow/dags/dag_treino_titanic.py for tasks to queue
[2026-05-18T22:01:05.578+0000] {logging_mixin.py:190} INFO - [2026-05-18T22:01:05.578+0000] {dagbag.py:588} INFO - Filling up the DagBag from /workspaces/meu-primeiro-etl-airflow/dags/dag_treino_titanic.py
[2026-05-18T22:01:07.032+0000] {processor.py:925} INFO - DAG(s) 'atv7_treino_titanic_v1' retrieved from /workspaces/meu-primeiro-etl-airflow/dags/dag_treino_titanic.py
[2026-05-18T22:01:07.062+0000] {logging_mixin.py:190} INFO - [2026-05-18T22:01:07.062+0000] {dag.py:3239} INFO - Sync 1 DAGs
[2026-05-18T22:01:07.073+0000] {logging_mixin.py:190} INFO - [2026-05-18T22:01:07.073+0000] {dag.py:4180} INFO - Setting next_dagrun for atv7_treino_titanic_v1 to None, run_after=None
[2026-05-18T22:01:07.091+0000] {processor.py:208} INFO - Processing /workspaces/meu-primeiro-etl-airflow/dags/dag_treino_titanic.py took 1.519 seconds
[2026-05-18T22:01:37.685+0000] {processor.py:186} INFO - Started process (PID=12134) to work on /workspaces/meu-primeiro-etl-airflow/dags/dag_treino_titanic.py
[2026-05-18T22:01:37.689+0000] {processor.py:914} INFO - Processing file /workspaces/meu-primeiro-etl-airflow/dags/dag_treino_titanic.py for tasks to queue
[2026-05-18T22:01:37.691+0000] {logging_mixin.py:190} INFO - [2026-05-18T22:01:37.691+0000] {dagbag.py:588} INFO - Filling up the DagBag from /workspaces/meu-primeiro-etl-airflow/dags/dag_treino_titanic.py
[2026-05-18T22:01:39.097+0000] {processor.py:925} INFO - DAG(s) 'atv7_treino_titanic_v1' retrieved from /workspaces/meu-primeiro-etl-airflow/dags/dag_treino_titanic.py
[2026-05-18T22:01:39.109+0000] {logging_mixin.py:190} INFO - [2026-05-18T22:01:39.108+0000] {dag.py:3239} INFO - Sync 1 DAGs
[2026-05-18T22:01:39.117+0000] {logging_mixin.py:190} INFO - [2026-05-18T22:01:39.117+0000] {dag.py:4180} INFO - Setting next_dagrun for atv7_treino_titanic_v1 to None, run_after=None
[2026-05-18T22:01:39.145+0000] {processor.py:208} INFO - Processing /workspaces/meu-primeiro-etl-airflow/dags/dag_treino_titanic.py took 1.466 seconds
[2026-05-18T22:02:09.879+0000] {processor.py:186} INFO - Started process (PID=12531) to work on /workspaces/meu-primeiro-etl-airflow/dags/dag_treino_titanic.py
[2026-05-18T22:02:09.880+0000] {processor.py:914} INFO - Processing file /workspaces/meu-primeiro-etl-airflow/dags/dag_treino_titanic.py for tasks to queue
[2026-05-18T22:02:09.881+0000] {logging_mixin.py:190} INFO - [2026-05-18T22:02:09.881+0000] {dagbag.py:588} INFO - Filling up the DagBag from /workspaces/meu-primeiro-etl-airflow/dags/dag_treino_titanic.py
[2026-05-18T22:02:11.188+0000] {processor.py:925} INFO - DAG(s) 'atv7_treino_titanic_v1' retrieved from /workspaces/meu-primeiro-etl-airflow/dags/dag_treino_titanic.py
[2026-05-18T22:02:11.200+0000] {logging_mixin.py:190} INFO - [2026-05-18T22:02:11.199+0000] {dag.py:3239} INFO - Sync 1 DAGs
[2026-05-18T22:02:11.208+0000] {logging_mixin.py:190} INFO - [2026-05-18T22:02:11.208+0000] {dag.py:4180} INFO - Setting next_dagrun for atv7_treino_titanic_v1 to None, run_after=None
[2026-05-18T22:02:11.223+0000] {processor.py:208} INFO - Processing /workspaces/meu-primeiro-etl-airflow/dags/dag_treino_titanic.py took 1.347 seconds
[2026-05-18T22:02:41.583+0000] {processor.py:186} INFO - Started process (PID=12752) to work on /workspaces/meu-primeiro-etl-airflow/dags/dag_treino_titanic.py
[2026-05-18T22:02:41.583+0000] {processor.py:914} INFO - Processing file /workspaces/meu-primeiro-etl-airflow/dags/dag_treino_titanic.py for tasks to queue
[2026-05-18T22:02:41.586+0000] {logging_mixin.py:190} INFO - [2026-05-18T22:02:41.585+0000] {dagbag.py:588} INFO - Filling up the DagBag from /workspaces/meu-primeiro-etl-airflow/dags/dag_treino_titanic.py
[2026-05-18T22:02:42.861+0000] {processor.py:925} INFO - DAG(s) 'atv7_treino_titanic_v1' retrieved from /workspaces/meu-primeiro-etl-airflow/dags/dag_treino_titanic.py
[2026-05-18T22:02:42.873+0000] {logging_mixin.py:190} INFO - [2026-05-18T22:02:42.873+0000] {dag.py:3239} INFO - Sync 1 DAGs
[2026-05-18T22:02:42.881+0000] {logging_mixin.py:190} INFO - [2026-05-18T22:02:42.881+0000] {dag.py:4180} INFO - Setting next_dagrun for atv7_treino_titanic_v1 to None, run_after=None
[2026-05-18T22:02:42.896+0000] {processor.py:208} INFO - Processing /workspaces/meu-primeiro-etl-airflow/dags/dag_treino_titanic.py took 1.319 seconds
[2026-05-18T22:03:13.950+0000] {processor.py:186} INFO - Started process (PID=13034) to work on /workspaces/meu-primeiro-etl-airflow/dags/dag_treino_titanic.py
[2026-05-18T22:03:13.951+0000] {processor.py:914} INFO - Processing file /workspaces/meu-primeiro-etl-airflow/dags/dag_treino_titanic.py for tasks to queue
[2026-05-18T22:03:13.952+0000] {logging_mixin.py:190} INFO - [2026-05-18T22:03:13.952+0000] {dagbag.py:588} INFO - Filling up the DagBag from /workspaces/meu-primeiro-etl-airflow/dags/dag_treino_titanic.py
[2026-05-18T22:03:15.308+0000] {processor.py:925} INFO - DAG(s) 'atv7_treino_titanic_v1' retrieved from /workspaces/meu-primeiro-etl-airflow/dags/dag_treino_titanic.py
[2026-05-18T22:03:15.326+0000] {logging_mixin.py:190} INFO - [2026-05-18T22:03:15.326+0000] {dag.py:3239} INFO - Sync 1 DAGs
[2026-05-18T22:03:15.340+0000] {logging_mixin.py:190} INFO - [2026-05-18T22:03:15.340+0000] {dag.py:4180} INFO - Setting next_dagrun for atv7_treino_titanic_v1 to None, run_after=None
[2026-05-18T22:03:15.364+0000] {processor.py:208} INFO - Processing /workspaces/meu-primeiro-etl-airflow/dags/dag_treino_titanic.py took 1.422 seconds
[2026-05-18T22:03:45.545+0000] {processor.py:186} INFO - Started process (PID=13414) to work on /workspaces/meu-primeiro-etl-airflow/dags/dag_treino_titanic.py
[2026-05-18T22:03:45.546+0000] {processor.py:914} INFO - Processing file /workspaces/meu-primeiro-etl-airflow/dags/dag_treino_titanic.py for tasks to queue
[2026-05-18T22:03:45.548+0000] {logging_mixin.py:190} INFO - [2026-05-18T22:03:45.547+0000] {dagbag.py:588} INFO - Filling up the DagBag from /workspaces/meu-primeiro-etl-airflow/dags/dag_treino_titanic.py
[2026-05-18T22:03:46.960+0000] {processor.py:925} INFO - DAG(s) 'atv7_treino_titanic_v1' retrieved from /workspaces/meu-primeiro-etl-airflow/dags/dag_treino_titanic.py
[2026-05-18T22:03:46.972+0000] {logging_mixin.py:190} INFO - [2026-05-18T22:03:46.972+0000] {dag.py:3239} INFO - Sync 1 DAGs
[2026-05-18T22:03:46.981+0000] {logging_mixin.py:190} INFO - [2026-05-18T22:03:46.981+0000] {dag.py:4180} INFO - Setting next_dagrun for atv7_treino_titanic_v1 to None, run_after=None
[2026-05-18T22:03:46.999+0000] {processor.py:208} INFO - Processing /workspaces/meu-primeiro-etl-airflow/dags/dag_treino_titanic.py took 1.458 seconds
[2026-05-18T22:04:17.135+0000] {processor.py:186} INFO - Started process (PID=13707) to work on /workspaces/meu-primeiro-etl-airflow/dags/dag_treino_titanic.py
[2026-05-18T22:04:17.136+0000] {processor.py:914} INFO - Processing file /workspaces/meu-primeiro-etl-airflow/dags/dag_treino_titanic.py for tasks to queue
[2026-05-18T22:04:17.138+0000] {logging_mixin.py:190} INFO - [2026-05-18T22:04:17.137+0000] {dagbag.py:588} INFO - Filling up the DagBag from /workspaces/meu-primeiro-etl-airflow/dags/dag_treino_titanic.py
[2026-05-18T22:04:18.511+0000] {processor.py:925} INFO - DAG(s) 'atv7_treino_titanic_v1' retrieved from /workspaces/meu-primeiro-etl-airflow/dags/dag_treino_titanic.py
[2026-05-18T22:04:18.523+0000] {logging_mixin.py:190} INFO - [2026-05-18T22:04:18.523+0000] {dag.py:3239} INFO - Sync 1 DAGs
[2026-05-18T22:04:18.531+0000] {logging_mixin.py:190} INFO - [2026-05-18T22:04:18.531+0000] {dag.py:4180} INFO - Setting next_dagrun for atv7_treino_titanic_v1 to None, run_after=None
[2026-05-18T22:04:18.546+0000] {processor.py:208} INFO - Processing /workspaces/meu-primeiro-etl-airflow/dags/dag_treino_titanic.py took 1.416 seconds
[2026-05-18T22:04:48.721+0000] {processor.py:186} INFO - Started process (PID=13923) to work on /workspaces/meu-primeiro-etl-airflow/dags/dag_treino_titanic.py
[2026-05-18T22:04:48.722+0000] {processor.py:914} INFO - Processing file /workspaces/meu-primeiro-etl-airflow/dags/dag_treino_titanic.py for tasks to queue
[2026-05-18T22:04:48.723+0000] {logging_mixin.py:190} INFO - [2026-05-18T22:04:48.723+0000] {dagbag.py:588} INFO - Filling up the DagBag from /workspaces/meu-primeiro-etl-airflow/dags/dag_treino_titanic.py
[2026-05-18T22:04:50.081+0000] {processor.py:925} INFO - DAG(s) 'atv7_treino_titanic_v1' retrieved from /workspaces/meu-primeiro-etl-airflow/dags/dag_treino_titanic.py
[2026-05-18T22:04:50.095+0000] {logging_mixin.py:190} INFO - [2026-05-18T22:04:50.095+0000] {dag.py:3239} INFO - Sync 1 DAGs
[2026-05-18T22:04:50.105+0000] {logging_mixin.py:190} INFO - [2026-05-18T22:04:50.104+0000] {dag.py:4180} INFO - Setting next_dagrun for atv7_treino_titanic_v1 to None, run_after=None
[2026-05-18T22:04:50.120+0000] {processor.py:208} INFO - Processing /workspaces/meu-primeiro-etl-airflow/dags/dag_treino_titanic.py took 1.403 seconds
[2026-05-18T22:05:20.330+0000] {processor.py:186} INFO - Started process (PID=14351) to work on /workspaces/meu-primeiro-etl-airflow/dags/dag_treino_titanic.py
[2026-05-18T22:05:20.331+0000] {processor.py:914} INFO - Processing file /workspaces/meu-primeiro-etl-airflow/dags/dag_treino_titanic.py for tasks to queue
[2026-05-18T22:05:20.333+0000] {logging_mixin.py:190} INFO - [2026-05-18T22:05:20.332+0000] {dagbag.py:588} INFO - Filling up the DagBag from /workspaces/meu-primeiro-etl-airflow/dags/dag_treino_titanic.py
[2026-05-18T22:05:21.650+0000] {processor.py:925} INFO - DAG(s) 'atv7_treino_titanic_v1' retrieved from /workspaces/meu-primeiro-etl-airflow/dags/dag_treino_titanic.py
[2026-05-18T22:05:21.662+0000] {logging_mixin.py:190} INFO - [2026-05-18T22:05:21.662+0000] {dag.py:3239} INFO - Sync 1 DAGs
[2026-05-18T22:05:21.672+0000] {logging_mixin.py:190} INFO - [2026-05-18T22:05:21.672+0000] {dag.py:4180} INFO - Setting next_dagrun for atv7_treino_titanic_v1 to None, run_after=None
[2026-05-18T22:05:21.687+0000] {processor.py:208} INFO - Processing /workspaces/meu-primeiro-etl-airflow/dags/dag_treino_titanic.py took 1.360 seconds
[2026-05-18T22:05:51.819+0000] {processor.py:186} INFO - Started process (PID=14820) to work on /workspaces/meu-primeiro-etl-airflow/dags/dag_treino_titanic.py
[2026-05-18T22:05:51.819+0000] {processor.py:914} INFO - Processing file /workspaces/meu-primeiro-etl-airflow/dags/dag_treino_titanic.py for tasks to queue
[2026-05-18T22:05:51.821+0000] {logging_mixin.py:190} INFO - [2026-05-18T22:05:51.820+0000] {dagbag.py:588} INFO - Filling up the DagBag from /workspaces/meu-primeiro-etl-airflow/dags/dag_treino_titanic.py
[2026-05-18T22:05:53.087+0000] {processor.py:925} INFO - DAG(s) 'atv7_treino_titanic_v1' retrieved from /workspaces/meu-primeiro-etl-airflow/dags/dag_treino_titanic.py
[2026-05-18T22:05:53.099+0000] {logging_mixin.py:190} INFO - [2026-05-18T22:05:53.099+0000] {dag.py:3239} INFO - Sync 1 DAGs
[2026-05-18T22:05:53.107+0000] {logging_mixin.py:190} INFO - [2026-05-18T22:05:53.107+0000] {dag.py:4180} INFO - Setting next_dagrun for atv7_treino_titanic_v1 to None, run_after=None
[2026-05-18T22:05:53.122+0000] {processor.py:208} INFO - Processing /workspaces/meu-primeiro-etl-airflow/dags/dag_treino_titanic.py took 1.311 seconds
[2026-05-18T22:06:23.302+0000] {processor.py:186} INFO - Started process (PID=15108) to work on /workspaces/meu-primeiro-etl-airflow/dags/dag_treino_titanic.py
[2026-05-18T22:06:23.303+0000] {processor.py:914} INFO - Processing file /workspaces/meu-primeiro-etl-airflow/dags/dag_treino_titanic.py for tasks to queue
[2026-05-18T22:06:23.305+0000] {logging_mixin.py:190} INFO - [2026-05-18T22:06:23.304+0000] {dagbag.py:588} INFO - Filling up the DagBag from /workspaces/meu-primeiro-etl-airflow/dags/dag_treino_titanic.py
[2026-05-18T22:06:24.713+0000] {processor.py:925} INFO - DAG(s) 'atv7_treino_titanic_v1' retrieved from /workspaces/meu-primeiro-etl-airflow/dags/dag_treino_titanic.py
[2026-05-18T22:06:24.726+0000] {logging_mixin.py:190} INFO - [2026-05-18T22:06:24.726+0000] {dag.py:3239} INFO - Sync 1 DAGs
[2026-05-18T22:06:24.734+0000] {logging_mixin.py:190} INFO - [2026-05-18T22:06:24.734+0000] {dag.py:4180} INFO - Setting next_dagrun for atv7_treino_titanic_v1 to None, run_after=None
[2026-05-18T22:06:24.750+0000] {processor.py:208} INFO - Processing /workspaces/meu-primeiro-etl-airflow/dags/dag_treino_titanic.py took 1.452 seconds
[2026-05-18T22:06:54.882+0000] {processor.py:186} INFO - Started process (PID=15327) to work on /workspaces/meu-primeiro-etl-airflow/dags/dag_treino_titanic.py
[2026-05-18T22:06:54.882+0000] {processor.py:914} INFO - Processing file /workspaces/meu-primeiro-etl-airflow/dags/dag_treino_titanic.py for tasks to queue
[2026-05-18T22:06:54.884+0000] {logging_mixin.py:190} INFO - [2026-05-18T22:06:54.884+0000] {dagbag.py:588} INFO - Filling up the DagBag from /workspaces/meu-primeiro-etl-airflow/dags/dag_treino_titanic.py
[2026-05-18T22:06:56.230+0000] {processor.py:925} INFO - DAG(s) 'atv7_treino_titanic_v1' retrieved from /workspaces/meu-primeiro-etl-airflow/dags/dag_treino_titanic.py
[2026-05-18T22:06:56.242+0000] {logging_mixin.py:190} INFO - [2026-05-18T22:06:56.241+0000] {dag.py:3239} INFO - Sync 1 DAGs
[2026-05-18T22:06:56.250+0000] {logging_mixin.py:190} INFO - [2026-05-18T22:06:56.250+0000] {dag.py:4180} INFO - Setting next_dagrun for atv7_treino_titanic_v1 to None, run_after=None
[2026-05-18T22:06:56.266+0000] {processor.py:208} INFO - Processing /workspaces/meu-primeiro-etl-airflow/dags/dag_treino_titanic.py took 1.389 seconds
[2026-05-18T22:07:26.364+0000] {processor.py:186} INFO - Started process (PID=15606) to work on /workspaces/meu-primeiro-etl-airflow/dags/dag_treino_titanic.py
[2026-05-18T22:07:26.364+0000] {processor.py:914} INFO - Processing file /workspaces/meu-primeiro-etl-airflow/dags/dag_treino_titanic.py for tasks to queue
[2026-05-18T22:07:26.366+0000] {logging_mixin.py:190} INFO - [2026-05-18T22:07:26.365+0000] {dagbag.py:588} INFO - Filling up the DagBag from /workspaces/meu-primeiro-etl-airflow/dags/dag_treino_titanic.py
[2026-05-18T22:07:27.678+0000] {processor.py:925} INFO - DAG(s) 'atv7_treino_titanic_v1' retrieved from /workspaces/meu-primeiro-etl-airflow/dags/dag_treino_titanic.py
[2026-05-18T22:07:27.691+0000] {logging_mixin.py:190} INFO - [2026-05-18T22:07:27.690+0000] {dag.py:3239} INFO - Sync 1 DAGs
[2026-05-18T22:07:27.703+0000] {logging_mixin.py:190} INFO - [2026-05-18T22:07:27.703+0000] {dag.py:4180} INFO - Setting next_dagrun for atv7_treino_titanic_v1 to None, run_after=None
[2026-05-18T22:07:27.719+0000] {processor.py:208} INFO - Processing /workspaces/meu-primeiro-etl-airflow/dags/dag_treino_titanic.py took 1.360 seconds
[2026-05-18T22:07:57.833+0000] {processor.py:186} INFO - Started process (PID=15850) to work on /workspaces/meu-primeiro-etl-airflow/dags/dag_treino_titanic.py
[2026-05-18T22:07:57.834+0000] {processor.py:914} INFO - Processing file /workspaces/meu-primeiro-etl-airflow/dags/dag_treino_titanic.py for tasks to queue
[2026-05-18T22:07:57.836+0000] {logging_mixin.py:190} INFO - [2026-05-18T22:07:57.835+0000] {dagbag.py:588} INFO - Filling up the DagBag from /workspaces/meu-primeiro-etl-airflow/dags/dag_treino_titanic.py
[2026-05-18T22:07:59.273+0000] {processor.py:925} INFO - DAG(s) 'atv7_treino_titanic_v1' retrieved from /workspaces/meu-primeiro-etl-airflow/dags/dag_treino_titanic.py
[2026-05-18T22:07:59.284+0000] {logging_mixin.py:190} INFO - [2026-05-18T22:07:59.284+0000] {dag.py:3239} INFO - Sync 1 DAGs
[2026-05-18T22:07:59.293+0000] {logging_mixin.py:190} INFO - [2026-05-18T22:07:59.293+0000] {dag.py:4180} INFO - Setting next_dagrun for atv7_treino_titanic_v1 to None, run_after=None
[2026-05-18T22:07:59.308+0000] {processor.py:208} INFO - Processing /workspaces/meu-primeiro-etl-airflow/dags/dag_treino_titanic.py took 1.478 seconds
[2026-05-18T22:08:29.410+0000] {processor.py:186} INFO - Started process (PID=16102) to work on /workspaces/meu-primeiro-etl-airflow/dags/dag_treino_titanic.py
[2026-05-18T22:08:29.410+0000] {processor.py:914} INFO - Processing file /workspaces/meu-primeiro-etl-airflow/dags/dag_treino_titanic.py for tasks to queue
[2026-05-18T22:08:29.412+0000] {logging_mixin.py:190} INFO - [2026-05-18T22:08:29.412+0000] {dagbag.py:588} INFO - Filling up the DagBag from /workspaces/meu-primeiro-etl-airflow/dags/dag_treino_titanic.py
[2026-05-18T22:08:30.803+0000] {processor.py:925} INFO - DAG(s) 'atv7_treino_titanic_v1' retrieved from /workspaces/meu-primeiro-etl-airflow/dags/dag_treino_titanic.py
[2026-05-18T22:08:30.826+0000] {logging_mixin.py:190} INFO - [2026-05-18T22:08:30.826+0000] {dag.py:3239} INFO - Sync 1 DAGs
[2026-05-18T22:08:30.843+0000] {logging_mixin.py:190} INFO - [2026-05-18T22:08:30.843+0000] {dag.py:4180} INFO - Setting next_dagrun for atv7_treino_titanic_v1 to None, run_after=None
[2026-05-18T22:08:30.867+0000] {processor.py:208} INFO - Processing /workspaces/meu-primeiro-etl-airflow/dags/dag_treino_titanic.py took 1.461 seconds
[2026-05-18T22:09:01.019+0000] {processor.py:186} INFO - Started process (PID=16382) to work on /workspaces/meu-primeiro-etl-airflow/dags/dag_treino_titanic.py
[2026-05-18T22:09:01.020+0000] {processor.py:914} INFO - Processing file /workspaces/meu-primeiro-etl-airflow/dags/dag_treino_titanic.py for tasks to queue
[2026-05-18T22:09:01.021+0000] {logging_mixin.py:190} INFO - [2026-05-18T22:09:01.021+0000] {dagbag.py:588} INFO - Filling up the DagBag from /workspaces/meu-primeiro-etl-airflow/dags/dag_treino_titanic.py
[2026-05-18T22:09:02.411+0000] {processor.py:925} INFO - DAG(s) 'atv7_treino_titanic_v1' retrieved from /workspaces/meu-primeiro-etl-airflow/dags/dag_treino_titanic.py
[2026-05-18T22:09:02.424+0000] {logging_mixin.py:190} INFO - [2026-05-18T22:09:02.423+0000] {dag.py:3239} INFO - Sync 1 DAGs
[2026-05-18T22:09:02.432+0000] {logging_mixin.py:190} INFO - [2026-05-18T22:09:02.431+0000] {dag.py:4180} INFO - Setting next_dagrun for atv7_treino_titanic_v1 to None, run_after=None
[2026-05-18T22:09:02.447+0000] {processor.py:208} INFO - Processing /workspaces/meu-primeiro-etl-airflow/dags/dag_treino_titanic.py took 1.432 seconds
[2026-05-18T22:09:32.614+0000] {processor.py:186} INFO - Started process (PID=16621) to work on /workspaces/meu-primeiro-etl-airflow/dags/dag_treino_titanic.py
[2026-05-18T22:09:32.614+0000] {processor.py:914} INFO - Processing file /workspaces/meu-primeiro-etl-airflow/dags/dag_treino_titanic.py for tasks to queue
[2026-05-18T22:09:32.616+0000] {logging_mixin.py:190} INFO - [2026-05-18T22:09:32.616+0000] {dagbag.py:588} INFO - Filling up the DagBag from /workspaces/meu-primeiro-etl-airflow/dags/dag_treino_titanic.py
[2026-05-18T22:09:34.003+0000] {processor.py:925} INFO - DAG(s) 'atv7_treino_titanic_v1' retrieved from /workspaces/meu-primeiro-etl-airflow/dags/dag_treino_titanic.py
[2026-05-18T22:09:34.016+0000] {logging_mixin.py:190} INFO - [2026-05-18T22:09:34.016+0000] {dag.py:3239} INFO - Sync 1 DAGs
[2026-05-18T22:09:34.024+0000] {logging_mixin.py:190} INFO - [2026-05-18T22:09:34.024+0000] {dag.py:4180} INFO - Setting next_dagrun for atv7_treino_titanic_v1 to None, run_after=None
[2026-05-18T22:09:34.039+0000] {processor.py:208} INFO - Processing /workspaces/meu-primeiro-etl-airflow/dags/dag_treino_titanic.py took 1.429 seconds
[2026-05-18T22:10:04.184+0000] {processor.py:186} INFO - Started process (PID=16959) to work on /workspaces/meu-primeiro-etl-airflow/dags/dag_treino_titanic.py
[2026-05-18T22:10:04.185+0000] {processor.py:914} INFO - Processing file /workspaces/meu-primeiro-etl-airflow/dags/dag_treino_titanic.py for tasks to queue
[2026-05-18T22:10:04.186+0000] {logging_mixin.py:190} INFO - [2026-05-18T22:10:04.186+0000] {dagbag.py:588} INFO - Filling up the DagBag from /workspaces/meu-primeiro-etl-airflow/dags/dag_treino_titanic.py
[2026-05-18T22:10:05.564+0000] {processor.py:925} INFO - DAG(s) 'atv7_treino_titanic_v1' retrieved from /workspaces/meu-primeiro-etl-airflow/dags/dag_treino_titanic.py
[2026-05-18T22:10:05.576+0000] {logging_mixin.py:190} INFO - [2026-05-18T22:10:05.576+0000] {dag.py:3239} INFO - Sync 1 DAGs
[2026-05-18T22:10:05.584+0000] {logging_mixin.py:190} INFO - [2026-05-18T22:10:05.584+0000] {dag.py:4180} INFO - Setting next_dagrun for atv7_treino_titanic_v1 to None, run_after=None
[2026-05-18T22:10:05.599+0000] {processor.py:208} INFO - Processing /workspaces/meu-primeiro-etl-airflow/dags/dag_treino_titanic.py took 1.419 seconds
[2026-05-18T22:10:35.764+0000] {processor.py:186} INFO - Started process (PID=17171) to work on /workspaces/meu-primeiro-etl-airflow/dags/dag_treino_titanic.py
[2026-05-18T22:10:35.765+0000] {processor.py:914} INFO - Processing file /workspaces/meu-primeiro-etl-airflow/dags/dag_treino_titanic.py for tasks to queue
[2026-05-18T22:10:35.767+0000] {logging_mixin.py:190} INFO - [2026-05-18T22:10:35.767+0000] {dagbag.py:588} INFO - Filling up the DagBag from /workspaces/meu-primeiro-etl-airflow/dags/dag_treino_titanic.py
[2026-05-18T22:10:37.210+0000] {processor.py:925} INFO - DAG(s) 'atv7_treino_titanic_v1' retrieved from /workspaces/meu-primeiro-etl-airflow/dags/dag_treino_titanic.py
[2026-05-18T22:10:37.222+0000] {logging_mixin.py:190} INFO - [2026-05-18T22:10:37.222+0000] {dag.py:3239} INFO - Sync 1 DAGs
[2026-05-18T22:10:37.230+0000] {logging_mixin.py:190} INFO - [2026-05-18T22:10:37.230+0000] {dag.py:4180} INFO - Setting next_dagrun for atv7_treino_titanic_v1 to None, run_after=None
[2026-05-18T22:10:37.246+0000] {processor.py:208} INFO - Processing /workspaces/meu-primeiro-etl-airflow/dags/dag_treino_titanic.py took 1.487 seconds
[2026-05-18T22:11:07.382+0000] {processor.py:186} INFO - Started process (PID=17451) to work on /workspaces/meu-primeiro-etl-airflow/dags/dag_treino_titanic.py
[2026-05-18T22:11:07.383+0000] {processor.py:914} INFO - Processing file /workspaces/meu-primeiro-etl-airflow/dags/dag_treino_titanic.py for tasks to queue
[2026-05-18T22:11:07.389+0000] {logging_mixin.py:190} INFO - [2026-05-18T22:11:07.388+0000] {dagbag.py:588} INFO - Filling up the DagBag from /workspaces/meu-primeiro-etl-airflow/dags/dag_treino_titanic.py
[2026-05-18T22:11:08.684+0000] {processor.py:925} INFO - DAG(s) 'atv7_treino_titanic_v1' retrieved from /workspaces/meu-primeiro-etl-airflow/dags/dag_treino_titanic.py
[2026-05-18T22:11:08.696+0000] {logging_mixin.py:190} INFO - [2026-05-18T22:11:08.696+0000] {dag.py:3239} INFO - Sync 1 DAGs
[2026-05-18T22:11:08.704+0000] {logging_mixin.py:190} INFO - [2026-05-18T22:11:08.704+0000] {dag.py:4180} INFO - Setting next_dagrun for atv7_treino_titanic_v1 to None, run_after=None
[2026-05-18T22:11:08.720+0000] {processor.py:208} INFO - Processing /workspaces/meu-primeiro-etl-airflow/dags/dag_treino_titanic.py took 1.360 seconds
[2026-05-18T22:11:38.840+0000] {processor.py:186} INFO - Started process (PID=17672) to work on /workspaces/meu-primeiro-etl-airflow/dags/dag_treino_titanic.py
[2026-05-18T22:11:38.840+0000] {processor.py:914} INFO - Processing file /workspaces/meu-primeiro-etl-airflow/dags/dag_treino_titanic.py for tasks to queue
[2026-05-18T22:11:38.842+0000] {logging_mixin.py:190} INFO - [2026-05-18T22:11:38.842+0000] {dagbag.py:588} INFO - Filling up the DagBag from /workspaces/meu-primeiro-etl-airflow/dags/dag_treino_titanic.py
[2026-05-18T22:11:40.114+0000] {processor.py:925} INFO - DAG(s) 'atv7_treino_titanic_v1' retrieved from /workspaces/meu-primeiro-etl-airflow/dags/dag_treino_titanic.py
[2026-05-18T22:11:40.126+0000] {logging_mixin.py:190} INFO - [2026-05-18T22:11:40.126+0000] {dag.py:3239} INFO - Sync 1 DAGs
[2026-05-18T22:11:40.135+0000] {logging_mixin.py:190} INFO - [2026-05-18T22:11:40.135+0000] {dag.py:4180} INFO - Setting next_dagrun for atv7_treino_titanic_v1 to None, run_after=None
[2026-05-18T22:11:40.150+0000] {processor.py:208} INFO - Processing /workspaces/meu-primeiro-etl-airflow/dags/dag_treino_titanic.py took 1.314 seconds
[2026-05-18T22:12:10.522+0000] {processor.py:186} INFO - Started process (PID=17949) to work on /workspaces/meu-primeiro-etl-airflow/dags/dag_treino_titanic.py
[2026-05-18T22:12:10.523+0000] {processor.py:914} INFO - Processing file /workspaces/meu-primeiro-etl-airflow/dags/dag_treino_titanic.py for tasks to queue
[2026-05-18T22:12:10.524+0000] {logging_mixin.py:190} INFO - [2026-05-18T22:12:10.524+0000] {dagbag.py:588} INFO - Filling up the DagBag from /workspaces/meu-primeiro-etl-airflow/dags/dag_treino_titanic.py
[2026-05-18T22:12:11.874+0000] {processor.py:925} INFO - DAG(s) 'atv7_treino_titanic_v1' retrieved from /workspaces/meu-primeiro-etl-airflow/dags/dag_treino_titanic.py
[2026-05-18T22:12:11.921+0000] {logging_mixin.py:190} INFO - [2026-05-18T22:12:11.920+0000] {dag.py:3239} INFO - Sync 1 DAGs
[2026-05-18T22:12:11.934+0000] {logging_mixin.py:190} INFO - [2026-05-18T22:12:11.934+0000] {dag.py:4180} INFO - Setting next_dagrun for atv7_treino_titanic_v1 to None, run_after=None
[2026-05-18T22:12:11.962+0000] {processor.py:208} INFO - Processing /workspaces/meu-primeiro-etl-airflow/dags/dag_treino_titanic.py took 1.443 seconds
[2026-05-18T22:12:42.102+0000] {processor.py:186} INFO - Started process (PID=18167) to work on /workspaces/meu-primeiro-etl-airflow/dags/dag_treino_titanic.py
[2026-05-18T22:12:42.103+0000] {processor.py:914} INFO - Processing file /workspaces/meu-primeiro-etl-airflow/dags/dag_treino_titanic.py for tasks to queue
[2026-05-18T22:12:42.106+0000] {logging_mixin.py:190} INFO - [2026-05-18T22:12:42.105+0000] {dagbag.py:588} INFO - Filling up the DagBag from /workspaces/meu-primeiro-etl-airflow/dags/dag_treino_titanic.py
[2026-05-18T22:12:43.575+0000] {processor.py:925} INFO - DAG(s) 'atv7_treino_titanic_v1' retrieved from /workspaces/meu-primeiro-etl-airflow/dags/dag_treino_titanic.py
[2026-05-18T22:12:43.588+0000] {logging_mixin.py:190} INFO - [2026-05-18T22:12:43.588+0000] {dag.py:3239} INFO - Sync 1 DAGs
[2026-05-18T22:12:43.596+0000] {logging_mixin.py:190} INFO - [2026-05-18T22:12:43.596+0000] {dag.py:4180} INFO - Setting next_dagrun for atv7_treino_titanic_v1 to None, run_after=None
[2026-05-18T22:12:43.611+0000] {processor.py:208} INFO - Processing /workspaces/meu-primeiro-etl-airflow/dags/dag_treino_titanic.py took 1.516 seconds
[2026-05-18T22:13:13.770+0000] {processor.py:186} INFO - Started process (PID=18441) to work on /workspaces/meu-primeiro-etl-airflow/dags/dag_treino_titanic.py
[2026-05-18T22:13:13.771+0000] {processor.py:914} INFO - Processing file /workspaces/meu-primeiro-etl-airflow/dags/dag_treino_titanic.py for tasks to queue
[2026-05-18T22:13:13.772+0000] {logging_mixin.py:190} INFO - [2026-05-18T22:13:13.772+0000] {dagbag.py:588} INFO - Filling up the DagBag from /workspaces/meu-primeiro-etl-airflow/dags/dag_treino_titanic.py
[2026-05-18T22:13:15.125+0000] {processor.py:925} INFO - DAG(s) 'atv7_treino_titanic_v1' retrieved from /workspaces/meu-primeiro-etl-airflow/dags/dag_treino_titanic.py
[2026-05-18T22:13:15.138+0000] {logging_mixin.py:190} INFO - [2026-05-18T22:13:15.138+0000] {dag.py:3239} INFO - Sync 1 DAGs
[2026-05-18T22:13:15.146+0000] {logging_mixin.py:190} INFO - [2026-05-18T22:13:15.146+0000] {dag.py:4180} INFO - Setting next_dagrun for atv7_treino_titanic_v1 to None, run_after=None
[2026-05-18T22:13:15.161+0000] {processor.py:208} INFO - Processing /workspaces/meu-primeiro-etl-airflow/dags/dag_treino_titanic.py took 1.395 seconds
[2026-05-18T22:13:45.250+0000] {processor.py:186} INFO - Started process (PID=18659) to work on /workspaces/meu-primeiro-etl-airflow/dags/dag_treino_titanic.py
[2026-05-18T22:13:45.251+0000] {processor.py:914} INFO - Processing file /workspaces/meu-primeiro-etl-airflow/dags/dag_treino_titanic.py for tasks to queue
[2026-05-18T22:13:45.253+0000] {logging_mixin.py:190} INFO - [2026-05-18T22:13:45.252+0000] {dagbag.py:588} INFO - Filling up the DagBag from /workspaces/meu-primeiro-etl-airflow/dags/dag_treino_titanic.py
[2026-05-18T22:13:46.600+0000] {processor.py:925} INFO - DAG(s) 'atv7_treino_titanic_v1' retrieved from /workspaces/meu-primeiro-etl-airflow/dags/dag_treino_titanic.py
[2026-05-18T22:13:46.611+0000] {logging_mixin.py:190} INFO - [2026-05-18T22:13:46.611+0000] {dag.py:3239} INFO - Sync 1 DAGs
[2026-05-18T22:13:46.620+0000] {logging_mixin.py:190} INFO - [2026-05-18T22:13:46.619+0000] {dag.py:4180} INFO - Setting next_dagrun for atv7_treino_titanic_v1 to None, run_after=None
[2026-05-18T22:13:46.634+0000] {processor.py:208} INFO - Processing /workspaces/meu-primeiro-etl-airflow/dags/dag_treino_titanic.py took 1.388 seconds
[2026-05-18T22:14:16.738+0000] {processor.py:186} INFO - Started process (PID=18952) to work on /workspaces/meu-primeiro-etl-airflow/dags/dag_treino_titanic.py
[2026-05-18T22:14:16.739+0000] {processor.py:914} INFO - Processing file /workspaces/meu-primeiro-etl-airflow/dags/dag_treino_titanic.py for tasks to queue
[2026-05-18T22:14:16.742+0000] {logging_mixin.py:190} INFO - [2026-05-18T22:14:16.742+0000] {dagbag.py:588} INFO - Filling up the DagBag from /workspaces/meu-primeiro-etl-airflow/dags/dag_treino_titanic.py
[2026-05-18T22:14:17.967+0000] {processor.py:925} INFO - DAG(s) 'atv7_treino_titanic_v1' retrieved from /workspaces/meu-primeiro-etl-airflow/dags/dag_treino_titanic.py
[2026-05-18T22:14:17.978+0000] {logging_mixin.py:190} INFO - [2026-05-18T22:14:17.978+0000] {dag.py:3239} INFO - Sync 1 DAGs
[2026-05-18T22:14:17.987+0000] {logging_mixin.py:190} INFO - [2026-05-18T22:14:17.986+0000] {dag.py:4180} INFO - Setting next_dagrun for atv7_treino_titanic_v1 to None, run_after=None
[2026-05-18T22:14:18.002+0000] {processor.py:208} INFO - Processing /workspaces/meu-primeiro-etl-airflow/dags/dag_treino_titanic.py took 1.271 seconds
[2026-05-18T22:14:48.106+0000] {processor.py:186} INFO - Started process (PID=19179) to work on /workspaces/meu-primeiro-etl-airflow/dags/dag_treino_titanic.py
[2026-05-18T22:14:48.107+0000] {processor.py:914} INFO - Processing file /workspaces/meu-primeiro-etl-airflow/dags/dag_treino_titanic.py for tasks to queue
[2026-05-18T22:14:48.110+0000] {logging_mixin.py:190} INFO - [2026-05-18T22:14:48.110+0000] {dagbag.py:588} INFO - Filling up the DagBag from /workspaces/meu-primeiro-etl-airflow/dags/dag_treino_titanic.py
[2026-05-18T22:14:49.447+0000] {processor.py:925} INFO - DAG(s) 'atv7_treino_titanic_v1' retrieved from /workspaces/meu-primeiro-etl-airflow/dags/dag_treino_titanic.py
[2026-05-18T22:14:49.459+0000] {logging_mixin.py:190} INFO - [2026-05-18T22:14:49.459+0000] {dag.py:3239} INFO - Sync 1 DAGs
[2026-05-18T22:14:49.468+0000] {logging_mixin.py:190} INFO - [2026-05-18T22:14:49.467+0000] {dag.py:4180} INFO - Setting next_dagrun for atv7_treino_titanic_v1 to None, run_after=None
[2026-05-18T22:14:49.483+0000] {processor.py:208} INFO - Processing /workspaces/meu-primeiro-etl-airflow/dags/dag_treino_titanic.py took 1.381 seconds
[2026-05-18T22:15:19.577+0000] {processor.py:186} INFO - Started process (PID=19514) to work on /workspaces/meu-primeiro-etl-airflow/dags/dag_treino_titanic.py
[2026-05-18T22:15:19.578+0000] {processor.py:914} INFO - Processing file /workspaces/meu-primeiro-etl-airflow/dags/dag_treino_titanic.py for tasks to queue
[2026-05-18T22:15:19.579+0000] {logging_mixin.py:190} INFO - [2026-05-18T22:15:19.579+0000] {dagbag.py:588} INFO - Filling up the DagBag from /workspaces/meu-primeiro-etl-airflow/dags/dag_treino_titanic.py
[2026-05-18T22:15:20.796+0000] {processor.py:925} INFO - DAG(s) 'atv7_treino_titanic_v1' retrieved from /workspaces/meu-primeiro-etl-airflow/dags/dag_treino_titanic.py
[2026-05-18T22:15:20.807+0000] {logging_mixin.py:190} INFO - [2026-05-18T22:15:20.807+0000] {dag.py:3239} INFO - Sync 1 DAGs
[2026-05-18T22:15:20.818+0000] {logging_mixin.py:190} INFO - [2026-05-18T22:15:20.818+0000] {dag.py:4180} INFO - Setting next_dagrun for atv7_treino_titanic_v1 to None, run_after=None
[2026-05-18T22:15:20.834+0000] {processor.py:208} INFO - Processing /workspaces/meu-primeiro-etl-airflow/dags/dag_treino_titanic.py took 1.261 seconds
[2026-05-18T22:15:50.951+0000] {processor.py:186} INFO - Started process (PID=19735) to work on /workspaces/meu-primeiro-etl-airflow/dags/dag_treino_titanic.py
[2026-05-18T22:15:50.952+0000] {processor.py:914} INFO - Processing file /workspaces/meu-primeiro-etl-airflow/dags/dag_treino_titanic.py for tasks to queue
[2026-05-18T22:15:50.954+0000] {logging_mixin.py:190} INFO - [2026-05-18T22:15:50.953+0000] {dagbag.py:588} INFO - Filling up the DagBag from /workspaces/meu-primeiro-etl-airflow/dags/dag_treino_titanic.py
[2026-05-18T22:15:52.140+0000] {processor.py:925} INFO - DAG(s) 'atv7_treino_titanic_v1' retrieved from /workspaces/meu-primeiro-etl-airflow/dags/dag_treino_titanic.py
[2026-05-18T22:15:52.160+0000] {logging_mixin.py:190} INFO - [2026-05-18T22:15:52.159+0000] {dag.py:3239} INFO - Sync 1 DAGs
[2026-05-18T22:15:52.171+0000] {logging_mixin.py:190} INFO - [2026-05-18T22:15:52.171+0000] {dag.py:4180} INFO - Setting next_dagrun for atv7_treino_titanic_v1 to None, run_after=None
[2026-05-18T22:15:52.204+0000] {processor.py:208} INFO - Processing /workspaces/meu-primeiro-etl-airflow/dags/dag_treino_titanic.py took 1.257 seconds
[2026-05-18T22:16:22.324+0000] {processor.py:186} INFO - Started process (PID=20013) to work on /workspaces/meu-primeiro-etl-airflow/dags/dag_treino_titanic.py
[2026-05-18T22:16:22.324+0000] {processor.py:914} INFO - Processing file /workspaces/meu-primeiro-etl-airflow/dags/dag_treino_titanic.py for tasks to queue
[2026-05-18T22:16:22.326+0000] {logging_mixin.py:190} INFO - [2026-05-18T22:16:22.326+0000] {dagbag.py:588} INFO - Filling up the DagBag from /workspaces/meu-primeiro-etl-airflow/dags/dag_treino_titanic.py
[2026-05-18T22:16:23.599+0000] {processor.py:925} INFO - DAG(s) 'atv7_treino_titanic_v1' retrieved from /workspaces/meu-primeiro-etl-airflow/dags/dag_treino_titanic.py
[2026-05-18T22:16:23.616+0000] {logging_mixin.py:190} INFO - [2026-05-18T22:16:23.616+0000] {dag.py:3239} INFO - Sync 1 DAGs
[2026-05-18T22:16:23.624+0000] {logging_mixin.py:190} INFO - [2026-05-18T22:16:23.624+0000] {dag.py:4180} INFO - Setting next_dagrun for atv7_treino_titanic_v1 to None, run_after=None
[2026-05-18T22:16:23.640+0000] {processor.py:208} INFO - Processing /workspaces/meu-primeiro-etl-airflow/dags/dag_treino_titanic.py took 1.320 seconds
[2026-05-18T22:16:53.794+0000] {processor.py:186} INFO - Started process (PID=20227) to work on /workspaces/meu-primeiro-etl-airflow/dags/dag_treino_titanic.py
[2026-05-18T22:16:53.794+0000] {processor.py:914} INFO - Processing file /workspaces/meu-primeiro-etl-airflow/dags/dag_treino_titanic.py for tasks to queue
[2026-05-18T22:16:53.796+0000] {logging_mixin.py:190} INFO - [2026-05-18T22:16:53.796+0000] {dagbag.py:588} INFO - Filling up the DagBag from /workspaces/meu-primeiro-etl-airflow/dags/dag_treino_titanic.py
[2026-05-18T22:16:55.150+0000] {processor.py:925} INFO - DAG(s) 'atv7_treino_titanic_v1' retrieved from /workspaces/meu-primeiro-etl-airflow/dags/dag_treino_titanic.py
[2026-05-18T22:16:55.161+0000] {logging_mixin.py:190} INFO - [2026-05-18T22:16:55.161+0000] {dag.py:3239} INFO - Sync 1 DAGs
[2026-05-18T22:16:55.169+0000] {logging_mixin.py:190} INFO - [2026-05-18T22:16:55.169+0000] {dag.py:4180} INFO - Setting next_dagrun for atv7_treino_titanic_v1 to None, run_after=None
[2026-05-18T22:16:55.184+0000] {processor.py:208} INFO - Processing /workspaces/meu-primeiro-etl-airflow/dags/dag_treino_titanic.py took 1.394 seconds
[2026-05-18T22:17:25.275+0000] {processor.py:186} INFO - Started process (PID=20505) to work on /workspaces/meu-primeiro-etl-airflow/dags/dag_treino_titanic.py
[2026-05-18T22:17:25.276+0000] {processor.py:914} INFO - Processing file /workspaces/meu-primeiro-etl-airflow/dags/dag_treino_titanic.py for tasks to queue
[2026-05-18T22:17:25.278+0000] {logging_mixin.py:190} INFO - [2026-05-18T22:17:25.277+0000] {dagbag.py:588} INFO - Filling up the DagBag from /workspaces/meu-primeiro-etl-airflow/dags/dag_treino_titanic.py
[2026-05-18T22:17:26.549+0000] {processor.py:925} INFO - DAG(s) 'atv7_treino_titanic_v1' retrieved from /workspaces/meu-primeiro-etl-airflow/dags/dag_treino_titanic.py
[2026-05-18T22:17:26.561+0000] {logging_mixin.py:190} INFO - [2026-05-18T22:17:26.561+0000] {dag.py:3239} INFO - Sync 1 DAGs
[2026-05-18T22:17:26.569+0000] {logging_mixin.py:190} INFO - [2026-05-18T22:17:26.569+0000] {dag.py:4180} INFO - Setting next_dagrun for atv7_treino_titanic_v1 to None, run_after=None
[2026-05-18T22:17:26.584+0000] {processor.py:208} INFO - Processing /workspaces/meu-primeiro-etl-airflow/dags/dag_treino_titanic.py took 1.313 seconds
[2026-05-18T22:17:56.760+0000] {processor.py:186} INFO - Started process (PID=20725) to work on /workspaces/meu-primeiro-etl-airflow/dags/dag_treino_titanic.py
[2026-05-18T22:17:56.761+0000] {processor.py:914} INFO - Processing file /workspaces/meu-primeiro-etl-airflow/dags/dag_treino_titanic.py for tasks to queue
[2026-05-18T22:17:56.764+0000] {logging_mixin.py:190} INFO - [2026-05-18T22:17:56.763+0000] {dagbag.py:588} INFO - Filling up the DagBag from /workspaces/meu-primeiro-etl-airflow/dags/dag_treino_titanic.py
[2026-05-18T22:17:58.014+0000] {processor.py:925} INFO - DAG(s) 'atv7_treino_titanic_v1' retrieved from /workspaces/meu-primeiro-etl-airflow/dags/dag_treino_titanic.py
[2026-05-18T22:17:58.051+0000] {logging_mixin.py:190} INFO - [2026-05-18T22:17:58.051+0000] {dag.py:3239} INFO - Sync 1 DAGs
[2026-05-18T22:17:58.087+0000] {logging_mixin.py:190} INFO - [2026-05-18T22:17:58.086+0000] {dag.py:4180} INFO - Setting next_dagrun for atv7_treino_titanic_v1 to None, run_after=None
[2026-05-18T22:17:58.123+0000] {processor.py:208} INFO - Processing /workspaces/meu-primeiro-etl-airflow/dags/dag_treino_titanic.py took 1.370 seconds
[2026-05-18T22:18:28.233+0000] {processor.py:186} INFO - Started process (PID=21009) to work on /workspaces/meu-primeiro-etl-airflow/dags/dag_treino_titanic.py
[2026-05-18T22:18:28.234+0000] {processor.py:914} INFO - Processing file /workspaces/meu-primeiro-etl-airflow/dags/dag_treino_titanic.py for tasks to queue
[2026-05-18T22:18:28.235+0000] {logging_mixin.py:190} INFO - [2026-05-18T22:18:28.235+0000] {dagbag.py:588} INFO - Filling up the DagBag from /workspaces/meu-primeiro-etl-airflow/dags/dag_treino_titanic.py
[2026-05-18T22:18:29.416+0000] {processor.py:925} INFO - DAG(s) 'atv7_treino_titanic_v1' retrieved from /workspaces/meu-primeiro-etl-airflow/dags/dag_treino_titanic.py
[2026-05-18T22:18:29.429+0000] {logging_mixin.py:190} INFO - [2026-05-18T22:18:29.428+0000] {dag.py:3239} INFO - Sync 1 DAGs
[2026-05-18T22:18:29.437+0000] {logging_mixin.py:190} INFO - [2026-05-18T22:18:29.437+0000] {dag.py:4180} INFO - Setting next_dagrun for atv7_treino_titanic_v1 to None, run_after=None
[2026-05-18T22:18:29.452+0000] {processor.py:208} INFO - Processing /workspaces/meu-primeiro-etl-airflow/dags/dag_treino_titanic.py took 1.224 seconds
[2026-05-18T22:18:59.604+0000] {processor.py:186} INFO - Started process (PID=21281) to work on /workspaces/meu-primeiro-etl-airflow/dags/dag_treino_titanic.py
[2026-05-18T22:18:59.605+0000] {processor.py:914} INFO - Processing file /workspaces/meu-primeiro-etl-airflow/dags/dag_treino_titanic.py for tasks to queue
[2026-05-18T22:18:59.606+0000] {logging_mixin.py:190} INFO - [2026-05-18T22:18:59.606+0000] {dagbag.py:588} INFO - Filling up the DagBag from /workspaces/meu-primeiro-etl-airflow/dags/dag_treino_titanic.py
[2026-05-18T22:19:00.899+0000] {processor.py:925} INFO - DAG(s) 'atv7_treino_titanic_v1' retrieved from /workspaces/meu-primeiro-etl-airflow/dags/dag_treino_titanic.py
[2026-05-18T22:19:00.911+0000] {logging_mixin.py:190} INFO - [2026-05-18T22:19:00.910+0000] {dag.py:3239} INFO - Sync 1 DAGs
[2026-05-18T22:19:00.919+0000] {logging_mixin.py:190} INFO - [2026-05-18T22:19:00.919+0000] {dag.py:4180} INFO - Setting next_dagrun for atv7_treino_titanic_v1 to None, run_after=None
[2026-05-18T22:19:00.934+0000] {processor.py:208} INFO - Processing /workspaces/meu-primeiro-etl-airflow/dags/dag_treino_titanic.py took 1.335 seconds
[2026-05-18T22:19:31.076+0000] {processor.py:186} INFO - Started process (PID=21498) to work on /workspaces/meu-primeiro-etl-airflow/dags/dag_treino_titanic.py
[2026-05-18T22:19:31.077+0000] {processor.py:914} INFO - Processing file /workspaces/meu-primeiro-etl-airflow/dags/dag_treino_titanic.py for tasks to queue
[2026-05-18T22:19:31.079+0000] {logging_mixin.py:190} INFO - [2026-05-18T22:19:31.078+0000] {dagbag.py:588} INFO - Filling up the DagBag from /workspaces/meu-primeiro-etl-airflow/dags/dag_treino_titanic.py
[2026-05-18T22:19:32.369+0000] {processor.py:925} INFO - DAG(s) 'atv7_treino_titanic_v1' retrieved from /workspaces/meu-primeiro-etl-airflow/dags/dag_treino_titanic.py
[2026-05-18T22:19:32.381+0000] {logging_mixin.py:190} INFO - [2026-05-18T22:19:32.381+0000] {dag.py:3239} INFO - Sync 1 DAGs
[2026-05-18T22:19:32.390+0000] {logging_mixin.py:190} INFO - [2026-05-18T22:19:32.390+0000] {dag.py:4180} INFO - Setting next_dagrun for atv7_treino_titanic_v1 to None, run_after=None
[2026-05-18T22:19:32.405+0000] {processor.py:208} INFO - Processing /workspaces/meu-primeiro-etl-airflow/dags/dag_treino_titanic.py took 1.333 seconds
[2026-05-18T22:20:02.571+0000] {processor.py:186} INFO - Started process (PID=21822) to work on /workspaces/meu-primeiro-etl-airflow/dags/dag_treino_titanic.py
[2026-05-18T22:20:02.572+0000] {processor.py:914} INFO - Processing file /workspaces/meu-primeiro-etl-airflow/dags/dag_treino_titanic.py for tasks to queue
[2026-05-18T22:20:02.574+0000] {logging_mixin.py:190} INFO - [2026-05-18T22:20:02.573+0000] {dagbag.py:588} INFO - Filling up the DagBag from /workspaces/meu-primeiro-etl-airflow/dags/dag_treino_titanic.py
[2026-05-18T22:20:03.940+0000] {processor.py:925} INFO - DAG(s) 'atv7_treino_titanic_v1' retrieved from /workspaces/meu-primeiro-etl-airflow/dags/dag_treino_titanic.py
[2026-05-18T22:20:03.954+0000] {logging_mixin.py:190} INFO - [2026-05-18T22:20:03.953+0000] {dag.py:3239} INFO - Sync 1 DAGs
[2026-05-18T22:20:03.964+0000] {logging_mixin.py:190} INFO - [2026-05-18T22:20:03.964+0000] {dag.py:4180} INFO - Setting next_dagrun for atv7_treino_titanic_v1 to None, run_after=None
[2026-05-18T22:20:03.978+0000] {processor.py:208} INFO - Processing /workspaces/meu-primeiro-etl-airflow/dags/dag_treino_titanic.py took 1.411 seconds
[2026-05-18T22:20:34.144+0000] {processor.py:186} INFO - Started process (PID=22076) to work on /workspaces/meu-primeiro-etl-airflow/dags/dag_treino_titanic.py
[2026-05-18T22:20:34.145+0000] {processor.py:914} INFO - Processing file /workspaces/meu-primeiro-etl-airflow/dags/dag_treino_titanic.py for tasks to queue
[2026-05-18T22:20:34.147+0000] {logging_mixin.py:190} INFO - [2026-05-18T22:20:34.146+0000] {dagbag.py:588} INFO - Filling up the DagBag from /workspaces/meu-primeiro-etl-airflow/dags/dag_treino_titanic.py
[2026-05-18T22:20:35.370+0000] {processor.py:925} INFO - DAG(s) 'atv7_treino_titanic_v1' retrieved from /workspaces/meu-primeiro-etl-airflow/dags/dag_treino_titanic.py
[2026-05-18T22:20:35.382+0000] {logging_mixin.py:190} INFO - [2026-05-18T22:20:35.382+0000] {dag.py:3239} INFO - Sync 1 DAGs
[2026-05-18T22:20:35.390+0000] {logging_mixin.py:190} INFO - [2026-05-18T22:20:35.390+0000] {dag.py:4180} INFO - Setting next_dagrun for atv7_treino_titanic_v1 to None, run_after=None
[2026-05-18T22:20:35.407+0000] {processor.py:208} INFO - Processing /workspaces/meu-primeiro-etl-airflow/dags/dag_treino_titanic.py took 1.267 seconds
[2026-05-18T22:21:05.522+0000] {processor.py:186} INFO - Started process (PID=22352) to work on /workspaces/meu-primeiro-etl-airflow/dags/dag_treino_titanic.py
[2026-05-18T22:21:05.523+0000] {processor.py:914} INFO - Processing file /workspaces/meu-primeiro-etl-airflow/dags/dag_treino_titanic.py for tasks to queue
[2026-05-18T22:21:05.525+0000] {logging_mixin.py:190} INFO - [2026-05-18T22:21:05.524+0000] {dagbag.py:588} INFO - Filling up the DagBag from /workspaces/meu-primeiro-etl-airflow/dags/dag_treino_titanic.py
[2026-05-18T22:21:06.874+0000] {processor.py:925} INFO - DAG(s) 'atv7_treino_titanic_v1' retrieved from /workspaces/meu-primeiro-etl-airflow/dags/dag_treino_titanic.py
[2026-05-18T22:21:06.886+0000] {logging_mixin.py:190} INFO - [2026-05-18T22:21:06.885+0000] {dag.py:3239} INFO - Sync 1 DAGs
[2026-05-18T22:21:06.894+0000] {logging_mixin.py:190} INFO - [2026-05-18T22:21:06.894+0000] {dag.py:4180} INFO - Setting next_dagrun for atv7_treino_titanic_v1 to None, run_after=None
[2026-05-18T22:21:06.908+0000] {processor.py:208} INFO - Processing /workspaces/meu-primeiro-etl-airflow/dags/dag_treino_titanic.py took 1.390 seconds
[2026-05-18T22:21:37.007+0000] {processor.py:186} INFO - Started process (PID=22571) to work on /workspaces/meu-primeiro-etl-airflow/dags/dag_treino_titanic.py
[2026-05-18T22:21:37.008+0000] {processor.py:914} INFO - Processing file /workspaces/meu-primeiro-etl-airflow/dags/dag_treino_titanic.py for tasks to queue
[2026-05-18T22:21:37.010+0000] {logging_mixin.py:190} INFO - [2026-05-18T22:21:37.009+0000] {dagbag.py:588} INFO - Filling up the DagBag from /workspaces/meu-primeiro-etl-airflow/dags/dag_treino_titanic.py
[2026-05-18T22:21:38.257+0000] {processor.py:925} INFO - DAG(s) 'atv7_treino_titanic_v1' retrieved from /workspaces/meu-primeiro-etl-airflow/dags/dag_treino_titanic.py
[2026-05-18T22:21:38.269+0000] {logging_mixin.py:190} INFO - [2026-05-18T22:21:38.269+0000] {dag.py:3239} INFO - Sync 1 DAGs
[2026-05-18T22:21:38.277+0000] {logging_mixin.py:190} INFO - [2026-05-18T22:21:38.277+0000] {dag.py:4180} INFO - Setting next_dagrun for atv7_treino_titanic_v1 to None, run_after=None
[2026-05-18T22:21:38.292+0000] {processor.py:208} INFO - Processing /workspaces/meu-primeiro-etl-airflow/dags/dag_treino_titanic.py took 1.290 seconds
[2026-05-18T22:22:08.388+0000] {processor.py:186} INFO - Started process (PID=22850) to work on /workspaces/meu-primeiro-etl-airflow/dags/dag_treino_titanic.py
[2026-05-18T22:22:08.388+0000] {processor.py:914} INFO - Processing file /workspaces/meu-primeiro-etl-airflow/dags/dag_treino_titanic.py for tasks to queue
[2026-05-18T22:22:08.390+0000] {logging_mixin.py:190} INFO - [2026-05-18T22:22:08.390+0000] {dagbag.py:588} INFO - Filling up the DagBag from /workspaces/meu-primeiro-etl-airflow/dags/dag_treino_titanic.py
[2026-05-18T22:22:09.616+0000] {processor.py:925} INFO - DAG(s) 'atv7_treino_titanic_v1' retrieved from /workspaces/meu-primeiro-etl-airflow/dags/dag_treino_titanic.py
[2026-05-18T22:22:09.627+0000] {logging_mixin.py:190} INFO - [2026-05-18T22:22:09.627+0000] {dag.py:3239} INFO - Sync 1 DAGs
[2026-05-18T22:22:09.635+0000] {logging_mixin.py:190} INFO - [2026-05-18T22:22:09.635+0000] {dag.py:4180} INFO - Setting next_dagrun for atv7_treino_titanic_v1 to None, run_after=None
[2026-05-18T22:22:09.650+0000] {processor.py:208} INFO - Processing /workspaces/meu-primeiro-etl-airflow/dags/dag_treino_titanic.py took 1.266 seconds
[2026-05-18T22:22:39.760+0000] {processor.py:186} INFO - Started process (PID=23076) to work on /workspaces/meu-primeiro-etl-airflow/dags/dag_treino_titanic.py
[2026-05-18T22:22:39.761+0000] {processor.py:914} INFO - Processing file /workspaces/meu-primeiro-etl-airflow/dags/dag_treino_titanic.py for tasks to queue
[2026-05-18T22:22:39.763+0000] {logging_mixin.py:190} INFO - [2026-05-18T22:22:39.762+0000] {dagbag.py:588} INFO - Filling up the DagBag from /workspaces/meu-primeiro-etl-airflow/dags/dag_treino_titanic.py
[2026-05-18T22:22:40.997+0000] {processor.py:925} INFO - DAG(s) 'atv7_treino_titanic_v1' retrieved from /workspaces/meu-primeiro-etl-airflow/dags/dag_treino_titanic.py
[2026-05-18T22:22:41.011+0000] {logging_mixin.py:190} INFO - [2026-05-18T22:22:41.010+0000] {dag.py:3239} INFO - Sync 1 DAGs
[2026-05-18T22:22:41.019+0000] {logging_mixin.py:190} INFO - [2026-05-18T22:22:41.019+0000] {dag.py:4180} INFO - Setting next_dagrun for atv7_treino_titanic_v1 to None, run_after=None
[2026-05-18T22:22:41.034+0000] {processor.py:208} INFO - Processing /workspaces/meu-primeiro-etl-airflow/dags/dag_treino_titanic.py took 1.279 seconds
[2026-05-18T22:23:11.132+0000] {processor.py:186} INFO - Started process (PID=23350) to work on /workspaces/meu-primeiro-etl-airflow/dags/dag_treino_titanic.py
[2026-05-18T22:23:11.133+0000] {processor.py:914} INFO - Processing file /workspaces/meu-primeiro-etl-airflow/dags/dag_treino_titanic.py for tasks to queue
[2026-05-18T22:23:11.136+0000] {logging_mixin.py:190} INFO - [2026-05-18T22:23:11.135+0000] {dagbag.py:588} INFO - Filling up the DagBag from /workspaces/meu-primeiro-etl-airflow/dags/dag_treino_titanic.py
[2026-05-18T22:23:12.418+0000] {processor.py:925} INFO - DAG(s) 'atv7_treino_titanic_v1' retrieved from /workspaces/meu-primeiro-etl-airflow/dags/dag_treino_titanic.py
[2026-05-18T22:23:12.430+0000] {logging_mixin.py:190} INFO - [2026-05-18T22:23:12.430+0000] {dag.py:3239} INFO - Sync 1 DAGs
[2026-05-18T22:23:12.438+0000] {logging_mixin.py:190} INFO - [2026-05-18T22:23:12.438+0000] {dag.py:4180} INFO - Setting next_dagrun for atv7_treino_titanic_v1 to None, run_after=None
[2026-05-18T22:23:12.453+0000] {processor.py:208} INFO - Processing /workspaces/meu-primeiro-etl-airflow/dags/dag_treino_titanic.py took 1.327 seconds
[2026-05-18T22:23:42.615+0000] {processor.py:186} INFO - Started process (PID=23568) to work on /workspaces/meu-primeiro-etl-airflow/dags/dag_treino_titanic.py
[2026-05-18T22:23:42.615+0000] {processor.py:914} INFO - Processing file /workspaces/meu-primeiro-etl-airflow/dags/dag_treino_titanic.py for tasks to queue
[2026-05-18T22:23:42.617+0000] {logging_mixin.py:190} INFO - [2026-05-18T22:23:42.617+0000] {dagbag.py:588} INFO - Filling up the DagBag from /workspaces/meu-primeiro-etl-airflow/dags/dag_treino_titanic.py
[2026-05-18T22:23:43.833+0000] {processor.py:925} INFO - DAG(s) 'atv7_treino_titanic_v1' retrieved from /workspaces/meu-primeiro-etl-airflow/dags/dag_treino_titanic.py
[2026-05-18T22:23:43.845+0000] {logging_mixin.py:190} INFO - [2026-05-18T22:23:43.845+0000] {dag.py:3239} INFO - Sync 1 DAGs
[2026-05-18T22:23:43.854+0000] {logging_mixin.py:190} INFO - [2026-05-18T22:23:43.854+0000] {dag.py:4180} INFO - Setting next_dagrun for atv7_treino_titanic_v1 to None, run_after=None
[2026-05-18T22:23:43.868+0000] {processor.py:208} INFO - Processing /workspaces/meu-primeiro-etl-airflow/dags/dag_treino_titanic.py took 1.258 seconds
[2026-05-18T22:24:13.985+0000] {processor.py:186} INFO - Started process (PID=23848) to work on /workspaces/meu-primeiro-etl-airflow/dags/dag_treino_titanic.py
[2026-05-18T22:24:13.986+0000] {processor.py:914} INFO - Processing file /workspaces/meu-primeiro-etl-airflow/dags/dag_treino_titanic.py for tasks to queue
[2026-05-18T22:24:13.987+0000] {logging_mixin.py:190} INFO - [2026-05-18T22:24:13.987+0000] {dagbag.py:588} INFO - Filling up the DagBag from /workspaces/meu-primeiro-etl-airflow/dags/dag_treino_titanic.py
[2026-05-18T22:24:15.193+0000] {processor.py:925} INFO - DAG(s) 'atv7_treino_titanic_v1' retrieved from /workspaces/meu-primeiro-etl-airflow/dags/dag_treino_titanic.py
[2026-05-18T22:24:15.205+0000] {logging_mixin.py:190} INFO - [2026-05-18T22:24:15.205+0000] {dag.py:3239} INFO - Sync 1 DAGs
[2026-05-18T22:24:15.213+0000] {logging_mixin.py:190} INFO - [2026-05-18T22:24:15.213+0000] {dag.py:4180} INFO - Setting next_dagrun for atv7_treino_titanic_v1 to None, run_after=None
[2026-05-18T22:24:15.228+0000] {processor.py:208} INFO - Processing /workspaces/meu-primeiro-etl-airflow/dags/dag_treino_titanic.py took 1.246 seconds
[2026-05-18T22:24:45.366+0000] {processor.py:186} INFO - Started process (PID=24065) to work on /workspaces/meu-primeiro-etl-airflow/dags/dag_treino_titanic.py
[2026-05-18T22:24:45.366+0000] {processor.py:914} INFO - Processing file /workspaces/meu-primeiro-etl-airflow/dags/dag_treino_titanic.py for tasks to queue
[2026-05-18T22:24:45.369+0000] {logging_mixin.py:190} INFO - [2026-05-18T22:24:45.368+0000] {dagbag.py:588} INFO - Filling up the DagBag from /workspaces/meu-primeiro-etl-airflow/dags/dag_treino_titanic.py
[2026-05-18T22:24:46.591+0000] {processor.py:925} INFO - DAG(s) 'atv7_treino_titanic_v1' retrieved from /workspaces/meu-primeiro-etl-airflow/dags/dag_treino_titanic.py
[2026-05-18T22:24:46.604+0000] {logging_mixin.py:190} INFO - [2026-05-18T22:24:46.604+0000] {dag.py:3239} INFO - Sync 1 DAGs
[2026-05-18T22:24:46.613+0000] {logging_mixin.py:190} INFO - [2026-05-18T22:24:46.613+0000] {dag.py:4180} INFO - Setting next_dagrun for atv7_treino_titanic_v1 to None, run_after=None
[2026-05-18T22:24:46.628+0000] {processor.py:208} INFO - Processing /workspaces/meu-primeiro-etl-airflow/dags/dag_treino_titanic.py took 1.266 seconds
[2026-05-18T22:25:16.738+0000] {processor.py:186} INFO - Started process (PID=24396) to work on /workspaces/meu-primeiro-etl-airflow/dags/dag_treino_titanic.py
[2026-05-18T22:25:16.738+0000] {processor.py:914} INFO - Processing file /workspaces/meu-primeiro-etl-airflow/dags/dag_treino_titanic.py for tasks to queue
[2026-05-18T22:25:16.740+0000] {logging_mixin.py:190} INFO - [2026-05-18T22:25:16.739+0000] {dagbag.py:588} INFO - Filling up the DagBag from /workspaces/meu-primeiro-etl-airflow/dags/dag_treino_titanic.py
[2026-05-18T22:25:18.188+0000] {processor.py:925} INFO - DAG(s) 'atv7_treino_titanic_v1' retrieved from /workspaces/meu-primeiro-etl-airflow/dags/dag_treino_titanic.py
[2026-05-18T22:25:18.200+0000] {logging_mixin.py:190} INFO - [2026-05-18T22:25:18.200+0000] {dag.py:3239} INFO - Sync 1 DAGs
[2026-05-18T22:25:18.209+0000] {logging_mixin.py:190} INFO - [2026-05-18T22:25:18.208+0000] {dag.py:4180} INFO - Setting next_dagrun for atv7_treino_titanic_v1 to None, run_after=None
[2026-05-18T22:25:18.223+0000] {processor.py:208} INFO - Processing /workspaces/meu-primeiro-etl-airflow/dags/dag_treino_titanic.py took 1.490 seconds
[2026-05-18T22:25:48.333+0000] {processor.py:186} INFO - Started process (PID=24631) to work on /workspaces/meu-primeiro-etl-airflow/dags/dag_treino_titanic.py
[2026-05-18T22:25:48.334+0000] {processor.py:914} INFO - Processing file /workspaces/meu-primeiro-etl-airflow/dags/dag_treino_titanic.py for tasks to queue
[2026-05-18T22:25:48.336+0000] {logging_mixin.py:190} INFO - [2026-05-18T22:25:48.336+0000] {dagbag.py:588} INFO - Filling up the DagBag from /workspaces/meu-primeiro-etl-airflow/dags/dag_treino_titanic.py
[2026-05-18T22:25:49.622+0000] {processor.py:925} INFO - DAG(s) 'atv7_treino_titanic_v1' retrieved from /workspaces/meu-primeiro-etl-airflow/dags/dag_treino_titanic.py
[2026-05-18T22:25:49.634+0000] {logging_mixin.py:190} INFO - [2026-05-18T22:25:49.634+0000] {dag.py:3239} INFO - Sync 1 DAGs
[2026-05-18T22:25:49.642+0000] {logging_mixin.py:190} INFO - [2026-05-18T22:25:49.642+0000] {dag.py:4180} INFO - Setting next_dagrun for atv7_treino_titanic_v1 to None, run_after=None
[2026-05-18T22:25:49.657+0000] {processor.py:208} INFO - Processing /workspaces/meu-primeiro-etl-airflow/dags/dag_treino_titanic.py took 1.328 seconds
[2026-05-18T22:26:19.802+0000] {processor.py:186} INFO - Started process (PID=24911) to work on /workspaces/meu-primeiro-etl-airflow/dags/dag_treino_titanic.py
[2026-05-18T22:26:19.803+0000] {processor.py:914} INFO - Processing file /workspaces/meu-primeiro-etl-airflow/dags/dag_treino_titanic.py for tasks to queue
[2026-05-18T22:26:19.804+0000] {logging_mixin.py:190} INFO - [2026-05-18T22:26:19.804+0000] {dagbag.py:588} INFO - Filling up the DagBag from /workspaces/meu-primeiro-etl-airflow/dags/dag_treino_titanic.py
[2026-05-18T22:26:21.034+0000] {processor.py:925} INFO - DAG(s) 'atv7_treino_titanic_v1' retrieved from /workspaces/meu-primeiro-etl-airflow/dags/dag_treino_titanic.py
[2026-05-18T22:26:21.046+0000] {logging_mixin.py:190} INFO - [2026-05-18T22:26:21.046+0000] {dag.py:3239} INFO - Sync 1 DAGs
[2026-05-18T22:26:21.055+0000] {logging_mixin.py:190} INFO - [2026-05-18T22:26:21.054+0000] {dag.py:4180} INFO - Setting next_dagrun for atv7_treino_titanic_v1 to None, run_after=None
[2026-05-18T22:26:21.070+0000] {processor.py:208} INFO - Processing /workspaces/meu-primeiro-etl-airflow/dags/dag_treino_titanic.py took 1.272 seconds
[2026-05-18T22:26:51.174+0000] {processor.py:186} INFO - Started process (PID=25129) to work on /workspaces/meu-primeiro-etl-airflow/dags/dag_treino_titanic.py
[2026-05-18T22:26:51.175+0000] {processor.py:914} INFO - Processing file /workspaces/meu-primeiro-etl-airflow/dags/dag_treino_titanic.py for tasks to queue
[2026-05-18T22:26:51.176+0000] {logging_mixin.py:190} INFO - [2026-05-18T22:26:51.176+0000] {dagbag.py:588} INFO - Filling up the DagBag from /workspaces/meu-primeiro-etl-airflow/dags/dag_treino_titanic.py
[2026-05-18T22:26:52.467+0000] {processor.py:925} INFO - DAG(s) 'atv7_treino_titanic_v1' retrieved from /workspaces/meu-primeiro-etl-airflow/dags/dag_treino_titanic.py
[2026-05-18T22:26:52.479+0000] {logging_mixin.py:190} INFO - [2026-05-18T22:26:52.478+0000] {dag.py:3239} INFO - Sync 1 DAGs
[2026-05-18T22:26:52.487+0000] {logging_mixin.py:190} INFO - [2026-05-18T22:26:52.487+0000] {dag.py:4180} INFO - Setting next_dagrun for atv7_treino_titanic_v1 to None, run_after=None
[2026-05-18T22:26:52.503+0000] {processor.py:208} INFO - Processing /workspaces/meu-primeiro-etl-airflow/dags/dag_treino_titanic.py took 1.334 seconds
[2026-05-18T22:27:22.659+0000] {processor.py:186} INFO - Started process (PID=25401) to work on /workspaces/meu-primeiro-etl-airflow/dags/dag_treino_titanic.py
[2026-05-18T22:27:22.660+0000] {processor.py:914} INFO - Processing file /workspaces/meu-primeiro-etl-airflow/dags/dag_treino_titanic.py for tasks to queue
[2026-05-18T22:27:22.662+0000] {logging_mixin.py:190} INFO - [2026-05-18T22:27:22.661+0000] {dagbag.py:588} INFO - Filling up the DagBag from /workspaces/meu-primeiro-etl-airflow/dags/dag_treino_titanic.py
[2026-05-18T22:27:23.948+0000] {processor.py:925} INFO - DAG(s) 'atv7_treino_titanic_v1' retrieved from /workspaces/meu-primeiro-etl-airflow/dags/dag_treino_titanic.py
[2026-05-18T22:27:23.961+0000] {logging_mixin.py:190} INFO - [2026-05-18T22:27:23.960+0000] {dag.py:3239} INFO - Sync 1 DAGs
[2026-05-18T22:27:23.971+0000] {logging_mixin.py:190} INFO - [2026-05-18T22:27:23.970+0000] {dag.py:4180} INFO - Setting next_dagrun for atv7_treino_titanic_v1 to None, run_after=None
[2026-05-18T22:27:23.985+0000] {processor.py:208} INFO - Processing /workspaces/meu-primeiro-etl-airflow/dags/dag_treino_titanic.py took 1.330 seconds
[2026-05-18T22:27:54.137+0000] {processor.py:186} INFO - Started process (PID=25625) to work on /workspaces/meu-primeiro-etl-airflow/dags/dag_treino_titanic.py
[2026-05-18T22:27:54.138+0000] {processor.py:914} INFO - Processing file /workspaces/meu-primeiro-etl-airflow/dags/dag_treino_titanic.py for tasks to queue
[2026-05-18T22:27:54.141+0000] {logging_mixin.py:190} INFO - [2026-05-18T22:27:54.140+0000] {dagbag.py:588} INFO - Filling up the DagBag from /workspaces/meu-primeiro-etl-airflow/dags/dag_treino_titanic.py
[2026-05-18T22:27:55.390+0000] {processor.py:925} INFO - DAG(s) 'atv7_treino_titanic_v1' retrieved from /workspaces/meu-primeiro-etl-airflow/dags/dag_treino_titanic.py
[2026-05-18T22:27:55.402+0000] {logging_mixin.py:190} INFO - [2026-05-18T22:27:55.402+0000] {dag.py:3239} INFO - Sync 1 DAGs
[2026-05-18T22:27:55.414+0000] {logging_mixin.py:190} INFO - [2026-05-18T22:27:55.414+0000] {dag.py:4180} INFO - Setting next_dagrun for atv7_treino_titanic_v1 to None, run_after=None
[2026-05-18T22:27:55.429+0000] {processor.py:208} INFO - Processing /workspaces/meu-primeiro-etl-airflow/dags/dag_treino_titanic.py took 1.296 seconds
[2026-05-18T22:28:25.546+0000] {processor.py:186} INFO - Started process (PID=25901) to work on /workspaces/meu-primeiro-etl-airflow/dags/dag_treino_titanic.py
[2026-05-18T22:28:25.547+0000] {processor.py:914} INFO - Processing file /workspaces/meu-primeiro-etl-airflow/dags/dag_treino_titanic.py for tasks to queue
[2026-05-18T22:28:25.550+0000] {logging_mixin.py:190} INFO - [2026-05-18T22:28:25.549+0000] {dagbag.py:588} INFO - Filling up the DagBag from /workspaces/meu-primeiro-etl-airflow/dags/dag_treino_titanic.py
[2026-05-18T22:28:26.802+0000] {processor.py:925} INFO - DAG(s) 'atv7_treino_titanic_v1' retrieved from /workspaces/meu-primeiro-etl-airflow/dags/dag_treino_titanic.py
[2026-05-18T22:28:26.814+0000] {logging_mixin.py:190} INFO - [2026-05-18T22:28:26.814+0000] {dag.py:3239} INFO - Sync 1 DAGs
[2026-05-18T22:28:26.823+0000] {logging_mixin.py:190} INFO - [2026-05-18T22:28:26.822+0000] {dag.py:4180} INFO - Setting next_dagrun for atv7_treino_titanic_v1 to None, run_after=None
[2026-05-18T22:28:26.837+0000] {processor.py:208} INFO - Processing /workspaces/meu-primeiro-etl-airflow/dags/dag_treino_titanic.py took 1.295 seconds
[2026-05-18T22:28:56.929+0000] {processor.py:186} INFO - Started process (PID=26119) to work on /workspaces/meu-primeiro-etl-airflow/dags/dag_treino_titanic.py
[2026-05-18T22:28:56.930+0000] {processor.py:914} INFO - Processing file /workspaces/meu-primeiro-etl-airflow/dags/dag_treino_titanic.py for tasks to queue
[2026-05-18T22:28:56.932+0000] {logging_mixin.py:190} INFO - [2026-05-18T22:28:56.932+0000] {dagbag.py:588} INFO - Filling up the DagBag from /workspaces/meu-primeiro-etl-airflow/dags/dag_treino_titanic.py
[2026-05-18T22:28:58.175+0000] {processor.py:925} INFO - DAG(s) 'atv7_treino_titanic_v1' retrieved from /workspaces/meu-primeiro-etl-airflow/dags/dag_treino_titanic.py
[2026-05-18T22:28:58.188+0000] {logging_mixin.py:190} INFO - [2026-05-18T22:28:58.188+0000] {dag.py:3239} INFO - Sync 1 DAGs
[2026-05-18T22:28:58.197+0000] {logging_mixin.py:190} INFO - [2026-05-18T22:28:58.196+0000] {dag.py:4180} INFO - Setting next_dagrun for atv7_treino_titanic_v1 to None, run_after=None
[2026-05-18T22:28:58.212+0000] {processor.py:208} INFO - Processing /workspaces/meu-primeiro-etl-airflow/dags/dag_treino_titanic.py took 1.287 seconds
[2026-05-18T22:29:28.328+0000] {processor.py:186} INFO - Started process (PID=26390) to work on /workspaces/meu-primeiro-etl-airflow/dags/dag_treino_titanic.py
[2026-05-18T22:29:28.329+0000] {processor.py:914} INFO - Processing file /workspaces/meu-primeiro-etl-airflow/dags/dag_treino_titanic.py for tasks to queue
[2026-05-18T22:29:28.330+0000] {logging_mixin.py:190} INFO - [2026-05-18T22:29:28.330+0000] {dagbag.py:588} INFO - Filling up the DagBag from /workspaces/meu-primeiro-etl-airflow/dags/dag_treino_titanic.py
[2026-05-18T22:29:29.633+0000] {processor.py:925} INFO - DAG(s) 'atv7_treino_titanic_v1' retrieved from /workspaces/meu-primeiro-etl-airflow/dags/dag_treino_titanic.py
[2026-05-18T22:29:29.645+0000] {logging_mixin.py:190} INFO - [2026-05-18T22:29:29.645+0000] {dag.py:3239} INFO - Sync 1 DAGs
[2026-05-18T22:29:29.657+0000] {logging_mixin.py:190} INFO - [2026-05-18T22:29:29.656+0000] {dag.py:4180} INFO - Setting next_dagrun for atv7_treino_titanic_v1 to None, run_after=None
[2026-05-18T22:29:29.682+0000] {processor.py:208} INFO - Processing /workspaces/meu-primeiro-etl-airflow/dags/dag_treino_titanic.py took 1.360 seconds
[2026-05-18T22:29:59.799+0000] {processor.py:186} INFO - Started process (PID=26670) to work on /workspaces/meu-primeiro-etl-airflow/dags/dag_treino_titanic.py
[2026-05-18T22:29:59.800+0000] {processor.py:914} INFO - Processing file /workspaces/meu-primeiro-etl-airflow/dags/dag_treino_titanic.py for tasks to queue
[2026-05-18T22:29:59.802+0000] {logging_mixin.py:190} INFO - [2026-05-18T22:29:59.801+0000] {dagbag.py:588} INFO - Filling up the DagBag from /workspaces/meu-primeiro-etl-airflow/dags/dag_treino_titanic.py
[2026-05-18T22:30:01.078+0000] {processor.py:925} INFO - DAG(s) 'atv7_treino_titanic_v1' retrieved from /workspaces/meu-primeiro-etl-airflow/dags/dag_treino_titanic.py
[2026-05-18T22:30:01.090+0000] {logging_mixin.py:190} INFO - [2026-05-18T22:30:01.090+0000] {dag.py:3239} INFO - Sync 1 DAGs
[2026-05-18T22:30:01.098+0000] {logging_mixin.py:190} INFO - [2026-05-18T22:30:01.098+0000] {dag.py:4180} INFO - Setting next_dagrun for atv7_treino_titanic_v1 to None, run_after=None
[2026-05-18T22:30:01.113+0000] {processor.py:208} INFO - Processing /workspaces/meu-primeiro-etl-airflow/dags/dag_treino_titanic.py took 1.318 seconds
[2026-05-18T22:30:31.274+0000] {processor.py:186} INFO - Started process (PID=26952) to work on /workspaces/meu-primeiro-etl-airflow/dags/dag_treino_titanic.py
[2026-05-18T22:30:31.274+0000] {processor.py:914} INFO - Processing file /workspaces/meu-primeiro-etl-airflow/dags/dag_treino_titanic.py for tasks to queue
[2026-05-18T22:30:31.276+0000] {logging_mixin.py:190} INFO - [2026-05-18T22:30:31.276+0000] {dagbag.py:588} INFO - Filling up the DagBag from /workspaces/meu-primeiro-etl-airflow/dags/dag_treino_titanic.py
[2026-05-18T22:30:32.558+0000] {processor.py:925} INFO - DAG(s) 'atv7_treino_titanic_v1' retrieved from /workspaces/meu-primeiro-etl-airflow/dags/dag_treino_titanic.py
[2026-05-18T22:30:32.569+0000] {logging_mixin.py:190} INFO - [2026-05-18T22:30:32.569+0000] {dag.py:3239} INFO - Sync 1 DAGs
[2026-05-18T22:30:32.578+0000] {logging_mixin.py:190} INFO - [2026-05-18T22:30:32.578+0000] {dag.py:4180} INFO - Setting next_dagrun for atv7_treino_titanic_v1 to None, run_after=None
[2026-05-18T22:30:32.593+0000] {processor.py:208} INFO - Processing /workspaces/meu-primeiro-etl-airflow/dags/dag_treino_titanic.py took 1.323 seconds
[2026-05-18T22:31:02.758+0000] {processor.py:186} INFO - Started process (PID=27233) to work on /workspaces/meu-primeiro-etl-airflow/dags/dag_treino_titanic.py
[2026-05-18T22:31:02.759+0000] {processor.py:914} INFO - Processing file /workspaces/meu-primeiro-etl-airflow/dags/dag_treino_titanic.py for tasks to queue
[2026-05-18T22:31:02.761+0000] {logging_mixin.py:190} INFO - [2026-05-18T22:31:02.761+0000] {dagbag.py:588} INFO - Filling up the DagBag from /workspaces/meu-primeiro-etl-airflow/dags/dag_treino_titanic.py
[2026-05-18T22:31:04.173+0000] {processor.py:925} INFO - DAG(s) 'atv7_treino_titanic_v1' retrieved from /workspaces/meu-primeiro-etl-airflow/dags/dag_treino_titanic.py
[2026-05-18T22:31:04.184+0000] {logging_mixin.py:190} INFO - [2026-05-18T22:31:04.184+0000] {dag.py:3239} INFO - Sync 1 DAGs
[2026-05-18T22:31:04.192+0000] {logging_mixin.py:190} INFO - [2026-05-18T22:31:04.192+0000] {dag.py:4180} INFO - Setting next_dagrun for atv7_treino_titanic_v1 to None, run_after=None
[2026-05-18T22:31:04.209+0000] {processor.py:208} INFO - Processing /workspaces/meu-primeiro-etl-airflow/dags/dag_treino_titanic.py took 1.457 seconds
[2026-05-18T22:31:34.339+0000] {processor.py:186} INFO - Started process (PID=27468) to work on /workspaces/meu-primeiro-etl-airflow/dags/dag_treino_titanic.py
[2026-05-18T22:31:34.340+0000] {processor.py:914} INFO - Processing file /workspaces/meu-primeiro-etl-airflow/dags/dag_treino_titanic.py for tasks to queue
[2026-05-18T22:31:34.342+0000] {logging_mixin.py:190} INFO - [2026-05-18T22:31:34.342+0000] {dagbag.py:588} INFO - Filling up the DagBag from /workspaces/meu-primeiro-etl-airflow/dags/dag_treino_titanic.py
[2026-05-18T22:31:35.541+0000] {processor.py:925} INFO - DAG(s) 'atv7_treino_titanic_v1' retrieved from /workspaces/meu-primeiro-etl-airflow/dags/dag_treino_titanic.py
[2026-05-18T22:31:35.561+0000] {logging_mixin.py:190} INFO - [2026-05-18T22:31:35.561+0000] {dag.py:3239} INFO - Sync 1 DAGs
[2026-05-18T22:31:35.577+0000] {logging_mixin.py:190} INFO - [2026-05-18T22:31:35.577+0000] {dag.py:4180} INFO - Setting next_dagrun for atv7_treino_titanic_v1 to None, run_after=None
[2026-05-18T22:31:35.593+0000] {processor.py:208} INFO - Processing /workspaces/meu-primeiro-etl-airflow/dags/dag_treino_titanic.py took 1.264 seconds
[2026-05-18T22:32:05.702+0000] {processor.py:186} INFO - Started process (PID=27743) to work on /workspaces/meu-primeiro-etl-airflow/dags/dag_treino_titanic.py
[2026-05-18T22:32:05.703+0000] {processor.py:914} INFO - Processing file /workspaces/meu-primeiro-etl-airflow/dags/dag_treino_titanic.py for tasks to queue
[2026-05-18T22:32:05.704+0000] {logging_mixin.py:190} INFO - [2026-05-18T22:32:05.704+0000] {dagbag.py:588} INFO - Filling up the DagBag from /workspaces/meu-primeiro-etl-airflow/dags/dag_treino_titanic.py
[2026-05-18T22:32:06.923+0000] {processor.py:925} INFO - DAG(s) 'atv7_treino_titanic_v1' retrieved from /workspaces/meu-primeiro-etl-airflow/dags/dag_treino_titanic.py
[2026-05-18T22:32:06.945+0000] {logging_mixin.py:190} INFO - [2026-05-18T22:32:06.944+0000] {dag.py:3239} INFO - Sync 1 DAGs
[2026-05-18T22:32:06.958+0000] {logging_mixin.py:190} INFO - [2026-05-18T22:32:06.958+0000] {dag.py:4180} INFO - Setting next_dagrun for atv7_treino_titanic_v1 to None, run_after=None
[2026-05-18T22:32:06.972+0000] {processor.py:208} INFO - Processing /workspaces/meu-primeiro-etl-airflow/dags/dag_treino_titanic.py took 1.275 seconds
[2026-05-18T22:32:37.107+0000] {processor.py:186} INFO - Started process (PID=27957) to work on /workspaces/meu-primeiro-etl-airflow/dags/dag_treino_titanic.py
[2026-05-18T22:32:37.108+0000] {processor.py:914} INFO - Processing file /workspaces/meu-primeiro-etl-airflow/dags/dag_treino_titanic.py for tasks to queue
[2026-05-18T22:32:37.109+0000] {logging_mixin.py:190} INFO - [2026-05-18T22:32:37.109+0000] {dagbag.py:588} INFO - Filling up the DagBag from /workspaces/meu-primeiro-etl-airflow/dags/dag_treino_titanic.py
[2026-05-18T22:32:38.333+0000] {processor.py:925} INFO - DAG(s) 'atv7_treino_titanic_v1' retrieved from /workspaces/meu-primeiro-etl-airflow/dags/dag_treino_titanic.py
[2026-05-18T22:32:38.350+0000] {logging_mixin.py:190} INFO - [2026-05-18T22:32:38.350+0000] {dag.py:3239} INFO - Sync 1 DAGs
[2026-05-18T22:32:38.362+0000] {logging_mixin.py:190} INFO - [2026-05-18T22:32:38.362+0000] {dag.py:4180} INFO - Setting next_dagrun for atv7_treino_titanic_v1 to None, run_after=None
[2026-05-18T22:32:38.381+0000] {processor.py:208} INFO - Processing /workspaces/meu-primeiro-etl-airflow/dags/dag_treino_titanic.py took 1.278 seconds
[2026-05-18T22:33:08.502+0000] {processor.py:186} INFO - Started process (PID=28237) to work on /workspaces/meu-primeiro-etl-airflow/dags/dag_treino_titanic.py
[2026-05-18T22:33:08.503+0000] {processor.py:914} INFO - Processing file /workspaces/meu-primeiro-etl-airflow/dags/dag_treino_titanic.py for tasks to queue
[2026-05-18T22:33:08.505+0000] {logging_mixin.py:190} INFO - [2026-05-18T22:33:08.505+0000] {dagbag.py:588} INFO - Filling up the DagBag from /workspaces/meu-primeiro-etl-airflow/dags/dag_treino_titanic.py
[2026-05-18T22:33:09.789+0000] {processor.py:925} INFO - DAG(s) 'atv7_treino_titanic_v1' retrieved from /workspaces/meu-primeiro-etl-airflow/dags/dag_treino_titanic.py
[2026-05-18T22:33:09.802+0000] {logging_mixin.py:190} INFO - [2026-05-18T22:33:09.802+0000] {dag.py:3239} INFO - Sync 1 DAGs
[2026-05-18T22:33:09.810+0000] {logging_mixin.py:190} INFO - [2026-05-18T22:33:09.810+0000] {dag.py:4180} INFO - Setting next_dagrun for atv7_treino_titanic_v1 to None, run_after=None
[2026-05-18T22:33:09.826+0000] {processor.py:208} INFO - Processing /workspaces/meu-primeiro-etl-airflow/dags/dag_treino_titanic.py took 1.328 seconds
[2026-05-18T22:33:40.007+0000] {processor.py:186} INFO - Started process (PID=28453) to work on /workspaces/meu-primeiro-etl-airflow/dags/dag_treino_titanic.py
[2026-05-18T22:33:40.007+0000] {processor.py:914} INFO - Processing file /workspaces/meu-primeiro-etl-airflow/dags/dag_treino_titanic.py for tasks to queue
[2026-05-18T22:33:40.009+0000] {logging_mixin.py:190} INFO - [2026-05-18T22:33:40.009+0000] {dagbag.py:588} INFO - Filling up the DagBag from /workspaces/meu-primeiro-etl-airflow/dags/dag_treino_titanic.py
[2026-05-18T22:33:41.278+0000] {processor.py:925} INFO - DAG(s) 'atv7_treino_titanic_v1' retrieved from /workspaces/meu-primeiro-etl-airflow/dags/dag_treino_titanic.py
[2026-05-18T22:33:41.293+0000] {logging_mixin.py:190} INFO - [2026-05-18T22:33:41.292+0000] {dag.py:3239} INFO - Sync 1 DAGs
[2026-05-18T22:33:41.301+0000] {logging_mixin.py:190} INFO - [2026-05-18T22:33:41.301+0000] {dag.py:4180} INFO - Setting next_dagrun for atv7_treino_titanic_v1 to None, run_after=None
[2026-05-18T22:33:41.315+0000] {processor.py:208} INFO - Processing /workspaces/meu-primeiro-etl-airflow/dags/dag_treino_titanic.py took 1.313 seconds
[2026-05-18T22:34:11.486+0000] {processor.py:186} INFO - Started process (PID=28735) to work on /workspaces/meu-primeiro-etl-airflow/dags/dag_treino_titanic.py
[2026-05-18T22:34:11.487+0000] {processor.py:914} INFO - Processing file /workspaces/meu-primeiro-etl-airflow/dags/dag_treino_titanic.py for tasks to queue
[2026-05-18T22:34:11.489+0000] {logging_mixin.py:190} INFO - [2026-05-18T22:34:11.489+0000] {dagbag.py:588} INFO - Filling up the DagBag from /workspaces/meu-primeiro-etl-airflow/dags/dag_treino_titanic.py
[2026-05-18T22:34:12.721+0000] {processor.py:925} INFO - DAG(s) 'atv7_treino_titanic_v1' retrieved from /workspaces/meu-primeiro-etl-airflow/dags/dag_treino_titanic.py
[2026-05-18T22:34:12.732+0000] {logging_mixin.py:190} INFO - [2026-05-18T22:34:12.732+0000] {dag.py:3239} INFO - Sync 1 DAGs
[2026-05-18T22:34:12.740+0000] {logging_mixin.py:190} INFO - [2026-05-18T22:34:12.740+0000] {dag.py:4180} INFO - Setting next_dagrun for atv7_treino_titanic_v1 to None, run_after=None
[2026-05-18T22:34:12.755+0000] {processor.py:208} INFO - Processing /workspaces/meu-primeiro-etl-airflow/dags/dag_treino_titanic.py took 1.273 seconds
[2026-05-18T22:34:42.854+0000] {processor.py:186} INFO - Started process (PID=28952) to work on /workspaces/meu-primeiro-etl-airflow/dags/dag_treino_titanic.py
[2026-05-18T22:34:42.855+0000] {processor.py:914} INFO - Processing file /workspaces/meu-primeiro-etl-airflow/dags/dag_treino_titanic.py for tasks to queue
[2026-05-18T22:34:42.856+0000] {logging_mixin.py:190} INFO - [2026-05-18T22:34:42.856+0000] {dagbag.py:588} INFO - Filling up the DagBag from /workspaces/meu-primeiro-etl-airflow/dags/dag_treino_titanic.py
[2026-05-18T22:34:44.108+0000] {processor.py:925} INFO - DAG(s) 'atv7_treino_titanic_v1' retrieved from /workspaces/meu-primeiro-etl-airflow/dags/dag_treino_titanic.py
[2026-05-18T22:34:44.120+0000] {logging_mixin.py:190} INFO - [2026-05-18T22:34:44.120+0000] {dag.py:3239} INFO - Sync 1 DAGs
[2026-05-18T22:34:44.128+0000] {logging_mixin.py:190} INFO - [2026-05-18T22:34:44.128+0000] {dag.py:4180} INFO - Setting next_dagrun for atv7_treino_titanic_v1 to None, run_after=None
[2026-05-18T22:34:44.143+0000] {processor.py:208} INFO - Processing /workspaces/meu-primeiro-etl-airflow/dags/dag_treino_titanic.py took 1.293 seconds
[2026-05-18T22:35:14.234+0000] {processor.py:186} INFO - Started process (PID=29283) to work on /workspaces/meu-primeiro-etl-airflow/dags/dag_treino_titanic.py
[2026-05-18T22:35:14.235+0000] {processor.py:914} INFO - Processing file /workspaces/meu-primeiro-etl-airflow/dags/dag_treino_titanic.py for tasks to queue
[2026-05-18T22:35:14.236+0000] {logging_mixin.py:190} INFO - [2026-05-18T22:35:14.236+0000] {dagbag.py:588} INFO - Filling up the DagBag from /workspaces/meu-primeiro-etl-airflow/dags/dag_treino_titanic.py
[2026-05-18T22:35:15.550+0000] {processor.py:925} INFO - DAG(s) 'atv7_treino_titanic_v1' retrieved from /workspaces/meu-primeiro-etl-airflow/dags/dag_treino_titanic.py
[2026-05-18T22:35:15.562+0000] {logging_mixin.py:190} INFO - [2026-05-18T22:35:15.561+0000] {dag.py:3239} INFO - Sync 1 DAGs
[2026-05-18T22:35:15.570+0000] {logging_mixin.py:190} INFO - [2026-05-18T22:35:15.569+0000] {dag.py:4180} INFO - Setting next_dagrun for atv7_treino_titanic_v1 to None, run_after=None
[2026-05-18T22:35:15.585+0000] {processor.py:208} INFO - Processing /workspaces/meu-primeiro-etl-airflow/dags/dag_treino_titanic.py took 1.355 seconds
[2026-05-18T22:35:45.705+0000] {processor.py:186} INFO - Started process (PID=29501) to work on /workspaces/meu-primeiro-etl-airflow/dags/dag_treino_titanic.py
[2026-05-18T22:35:45.706+0000] {processor.py:914} INFO - Processing file /workspaces/meu-primeiro-etl-airflow/dags/dag_treino_titanic.py for tasks to queue
[2026-05-18T22:35:45.708+0000] {logging_mixin.py:190} INFO - [2026-05-18T22:35:45.707+0000] {dagbag.py:588} INFO - Filling up the DagBag from /workspaces/meu-primeiro-etl-airflow/dags/dag_treino_titanic.py
[2026-05-18T22:35:47.001+0000] {processor.py:925} INFO - DAG(s) 'atv7_treino_titanic_v1' retrieved from /workspaces/meu-primeiro-etl-airflow/dags/dag_treino_titanic.py
[2026-05-18T22:35:47.013+0000] {logging_mixin.py:190} INFO - [2026-05-18T22:35:47.013+0000] {dag.py:3239} INFO - Sync 1 DAGs
[2026-05-18T22:35:47.022+0000] {logging_mixin.py:190} INFO - [2026-05-18T22:35:47.022+0000] {dag.py:4180} INFO - Setting next_dagrun for atv7_treino_titanic_v1 to None, run_after=None
[2026-05-18T22:35:47.037+0000] {processor.py:208} INFO - Processing /workspaces/meu-primeiro-etl-airflow/dags/dag_treino_titanic.py took 1.336 seconds
[2026-05-18T22:36:17.178+0000] {processor.py:186} INFO - Started process (PID=29779) to work on /workspaces/meu-primeiro-etl-airflow/dags/dag_treino_titanic.py
[2026-05-18T22:36:17.179+0000] {processor.py:914} INFO - Processing file /workspaces/meu-primeiro-etl-airflow/dags/dag_treino_titanic.py for tasks to queue
[2026-05-18T22:36:17.180+0000] {logging_mixin.py:190} INFO - [2026-05-18T22:36:17.180+0000] {dagbag.py:588} INFO - Filling up the DagBag from /workspaces/meu-primeiro-etl-airflow/dags/dag_treino_titanic.py
[2026-05-18T22:36:18.436+0000] {processor.py:925} INFO - DAG(s) 'atv7_treino_titanic_v1' retrieved from /workspaces/meu-primeiro-etl-airflow/dags/dag_treino_titanic.py
[2026-05-18T22:36:18.449+0000] {logging_mixin.py:190} INFO - [2026-05-18T22:36:18.448+0000] {dag.py:3239} INFO - Sync 1 DAGs
[2026-05-18T22:36:18.457+0000] {logging_mixin.py:190} INFO - [2026-05-18T22:36:18.457+0000] {dag.py:4180} INFO - Setting next_dagrun for atv7_treino_titanic_v1 to None, run_after=None
[2026-05-18T22:36:18.471+0000] {processor.py:208} INFO - Processing /workspaces/meu-primeiro-etl-airflow/dags/dag_treino_titanic.py took 1.298 seconds
[2026-05-18T22:36:48.563+0000] {processor.py:186} INFO - Started process (PID=30005) to work on /workspaces/meu-primeiro-etl-airflow/dags/dag_treino_titanic.py
[2026-05-18T22:36:48.563+0000] {processor.py:914} INFO - Processing file /workspaces/meu-primeiro-etl-airflow/dags/dag_treino_titanic.py for tasks to queue
[2026-05-18T22:36:48.565+0000] {logging_mixin.py:190} INFO - [2026-05-18T22:36:48.565+0000] {dagbag.py:588} INFO - Filling up the DagBag from /workspaces/meu-primeiro-etl-airflow/dags/dag_treino_titanic.py
[2026-05-18T22:36:49.901+0000] {processor.py:925} INFO - DAG(s) 'atv7_treino_titanic_v1' retrieved from /workspaces/meu-primeiro-etl-airflow/dags/dag_treino_titanic.py
[2026-05-18T22:36:49.914+0000] {logging_mixin.py:190} INFO - [2026-05-18T22:36:49.914+0000] {dag.py:3239} INFO - Sync 1 DAGs
[2026-05-18T22:36:49.922+0000] {logging_mixin.py:190} INFO - [2026-05-18T22:36:49.922+0000] {dag.py:4180} INFO - Setting next_dagrun for atv7_treino_titanic_v1 to None, run_after=None
[2026-05-18T22:36:49.937+0000] {processor.py:208} INFO - Processing /workspaces/meu-primeiro-etl-airflow/dags/dag_treino_titanic.py took 1.379 seconds
[2026-05-18T22:37:20.048+0000] {processor.py:186} INFO - Started process (PID=30290) to work on /workspaces/meu-primeiro-etl-airflow/dags/dag_treino_titanic.py
[2026-05-18T22:37:20.049+0000] {processor.py:914} INFO - Processing file /workspaces/meu-primeiro-etl-airflow/dags/dag_treino_titanic.py for tasks to queue
[2026-05-18T22:37:20.052+0000] {logging_mixin.py:190} INFO - [2026-05-18T22:37:20.051+0000] {dagbag.py:588} INFO - Filling up the DagBag from /workspaces/meu-primeiro-etl-airflow/dags/dag_treino_titanic.py
[2026-05-18T22:37:21.335+0000] {processor.py:925} INFO - DAG(s) 'atv7_treino_titanic_v1' retrieved from /workspaces/meu-primeiro-etl-airflow/dags/dag_treino_titanic.py
[2026-05-18T22:37:21.347+0000] {logging_mixin.py:190} INFO - [2026-05-18T22:37:21.347+0000] {dag.py:3239} INFO - Sync 1 DAGs
[2026-05-18T22:37:21.355+0000] {logging_mixin.py:190} INFO - [2026-05-18T22:37:21.355+0000] {dag.py:4180} INFO - Setting next_dagrun for atv7_treino_titanic_v1 to None, run_after=None
[2026-05-18T22:37:21.370+0000] {processor.py:208} INFO - Processing /workspaces/meu-primeiro-etl-airflow/dags/dag_treino_titanic.py took 1.331 seconds
[2026-05-18T22:37:51.514+0000] {processor.py:186} INFO - Started process (PID=30516) to work on /workspaces/meu-primeiro-etl-airflow/dags/dag_treino_titanic.py
[2026-05-18T22:37:51.515+0000] {processor.py:914} INFO - Processing file /workspaces/meu-primeiro-etl-airflow/dags/dag_treino_titanic.py for tasks to queue
[2026-05-18T22:37:51.517+0000] {logging_mixin.py:190} INFO - [2026-05-18T22:37:51.517+0000] {dagbag.py:588} INFO - Filling up the DagBag from /workspaces/meu-primeiro-etl-airflow/dags/dag_treino_titanic.py
[2026-05-18T22:37:52.699+0000] {processor.py:925} INFO - DAG(s) 'atv7_treino_titanic_v1' retrieved from /workspaces/meu-primeiro-etl-airflow/dags/dag_treino_titanic.py
[2026-05-18T22:37:52.711+0000] {logging_mixin.py:190} INFO - [2026-05-18T22:37:52.711+0000] {dag.py:3239} INFO - Sync 1 DAGs
[2026-05-18T22:37:52.719+0000] {logging_mixin.py:190} INFO - [2026-05-18T22:37:52.719+0000] {dag.py:4180} INFO - Setting next_dagrun for atv7_treino_titanic_v1 to None, run_after=None
[2026-05-18T22:37:52.734+0000] {processor.py:208} INFO - Processing /workspaces/meu-primeiro-etl-airflow/dags/dag_treino_titanic.py took 1.226 seconds
[2026-05-18T22:38:22.883+0000] {processor.py:186} INFO - Started process (PID=30794) to work on /workspaces/meu-primeiro-etl-airflow/dags/dag_treino_titanic.py
[2026-05-18T22:38:22.883+0000] {processor.py:914} INFO - Processing file /workspaces/meu-primeiro-etl-airflow/dags/dag_treino_titanic.py for tasks to queue
[2026-05-18T22:38:22.885+0000] {logging_mixin.py:190} INFO - [2026-05-18T22:38:22.885+0000] {dagbag.py:588} INFO - Filling up the DagBag from /workspaces/meu-primeiro-etl-airflow/dags/dag_treino_titanic.py
[2026-05-18T22:38:24.113+0000] {processor.py:925} INFO - DAG(s) 'atv7_treino_titanic_v1' retrieved from /workspaces/meu-primeiro-etl-airflow/dags/dag_treino_titanic.py
[2026-05-18T22:38:24.127+0000] {logging_mixin.py:190} INFO - [2026-05-18T22:38:24.126+0000] {dag.py:3239} INFO - Sync 1 DAGs
[2026-05-18T22:38:24.137+0000] {logging_mixin.py:190} INFO - [2026-05-18T22:38:24.137+0000] {dag.py:4180} INFO - Setting next_dagrun for atv7_treino_titanic_v1 to None, run_after=None
[2026-05-18T22:38:24.168+0000] {processor.py:208} INFO - Processing /workspaces/meu-primeiro-etl-airflow/dags/dag_treino_titanic.py took 1.290 seconds
