[2026-05-18T15:12:39.939+0000] {processor.py:186} INFO - Started process (PID=55585) to work on /workspaces/meu-primeiro-etl-airflow/dags/dag_inferencia_titanic.py
[2026-05-18T15:12:39.939+0000] {processor.py:914} INFO - Processing file /workspaces/meu-primeiro-etl-airflow/dags/dag_inferencia_titanic.py for tasks to queue
[2026-05-18T15:12:39.941+0000] {logging_mixin.py:190} INFO - [2026-05-18T15:12:39.941+0000] {dagbag.py:588} INFO - Filling up the DagBag from /workspaces/meu-primeiro-etl-airflow/dags/dag_inferencia_titanic.py
[2026-05-18T15:12:41.995+0000] {processor.py:925} INFO - DAG(s) 'atv7_inferencia_titanic_v1' retrieved from /workspaces/meu-primeiro-etl-airflow/dags/dag_inferencia_titanic.py
[2026-05-18T15:12:42.009+0000] {logging_mixin.py:190} INFO - [2026-05-18T15:12:42.008+0000] {dag.py:3239} INFO - Sync 1 DAGs
[2026-05-18T15:12:42.018+0000] {logging_mixin.py:190} INFO - [2026-05-18T15:12:42.017+0000] {dag.py:4180} INFO - Setting next_dagrun for atv7_inferencia_titanic_v1 to None, run_after=None
[2026-05-18T15:12:42.032+0000] {processor.py:208} INFO - Processing /workspaces/meu-primeiro-etl-airflow/dags/dag_inferencia_titanic.py took 2.097 seconds
[2026-05-18T15:13:12.688+0000] {processor.py:186} INFO - Started process (PID=56230) to work on /workspaces/meu-primeiro-etl-airflow/dags/dag_inferencia_titanic.py
[2026-05-18T15:13:12.691+0000] {processor.py:914} INFO - Processing file /workspaces/meu-primeiro-etl-airflow/dags/dag_inferencia_titanic.py for tasks to queue
[2026-05-18T15:13:12.701+0000] {logging_mixin.py:190} INFO - [2026-05-18T15:13:12.701+0000] {dagbag.py:588} INFO - Filling up the DagBag from /workspaces/meu-primeiro-etl-airflow/dags/dag_inferencia_titanic.py
[2026-05-18T15:13:14.172+0000] {processor.py:925} INFO - DAG(s) 'atv7_inferencia_titanic_v1' retrieved from /workspaces/meu-primeiro-etl-airflow/dags/dag_inferencia_titanic.py
[2026-05-18T15:13:14.187+0000] {logging_mixin.py:190} INFO - [2026-05-18T15:13:14.186+0000] {dag.py:3239} INFO - Sync 1 DAGs
[2026-05-18T15:13:14.195+0000] {logging_mixin.py:190} INFO - [2026-05-18T15:13:14.195+0000] {dag.py:4180} INFO - Setting next_dagrun for atv7_inferencia_titanic_v1 to None, run_after=None
[2026-05-18T15:13:14.209+0000] {processor.py:208} INFO - Processing /workspaces/meu-primeiro-etl-airflow/dags/dag_inferencia_titanic.py took 1.541 seconds
[2026-05-18T15:13:44.453+0000] {processor.py:186} INFO - Started process (PID=57021) to work on /workspaces/meu-primeiro-etl-airflow/dags/dag_inferencia_titanic.py
[2026-05-18T15:13:44.456+0000] {processor.py:914} INFO - Processing file /workspaces/meu-primeiro-etl-airflow/dags/dag_inferencia_titanic.py for tasks to queue
[2026-05-18T15:13:44.459+0000] {logging_mixin.py:190} INFO - [2026-05-18T15:13:44.458+0000] {dagbag.py:588} INFO - Filling up the DagBag from /workspaces/meu-primeiro-etl-airflow/dags/dag_inferencia_titanic.py
[2026-05-18T15:13:46.611+0000] {processor.py:925} INFO - DAG(s) 'atv7_inferencia_titanic_v1' retrieved from /workspaces/meu-primeiro-etl-airflow/dags/dag_inferencia_titanic.py
[2026-05-18T15:13:46.637+0000] {logging_mixin.py:190} INFO - [2026-05-18T15:13:46.636+0000] {dag.py:3239} INFO - Sync 1 DAGs
[2026-05-18T15:13:46.649+0000] {logging_mixin.py:190} INFO - [2026-05-18T15:13:46.649+0000] {dag.py:4180} INFO - Setting next_dagrun for atv7_inferencia_titanic_v1 to None, run_after=None
[2026-05-18T15:13:46.670+0000] {processor.py:208} INFO - Processing /workspaces/meu-primeiro-etl-airflow/dags/dag_inferencia_titanic.py took 2.228 seconds
[2026-05-18T15:14:16.903+0000] {processor.py:186} INFO - Started process (PID=57546) to work on /workspaces/meu-primeiro-etl-airflow/dags/dag_inferencia_titanic.py
[2026-05-18T15:14:16.903+0000] {processor.py:914} INFO - Processing file /workspaces/meu-primeiro-etl-airflow/dags/dag_inferencia_titanic.py for tasks to queue
[2026-05-18T15:14:16.905+0000] {logging_mixin.py:190} INFO - [2026-05-18T15:14:16.905+0000] {dagbag.py:588} INFO - Filling up the DagBag from /workspaces/meu-primeiro-etl-airflow/dags/dag_inferencia_titanic.py
[2026-05-18T15:14:18.245+0000] {processor.py:925} INFO - DAG(s) 'atv7_inferencia_titanic_v1' retrieved from /workspaces/meu-primeiro-etl-airflow/dags/dag_inferencia_titanic.py
[2026-05-18T15:14:18.257+0000] {logging_mixin.py:190} INFO - [2026-05-18T15:14:18.257+0000] {dag.py:3239} INFO - Sync 1 DAGs
[2026-05-18T15:14:18.266+0000] {logging_mixin.py:190} INFO - [2026-05-18T15:14:18.265+0000] {dag.py:4180} INFO - Setting next_dagrun for atv7_inferencia_titanic_v1 to None, run_after=None
[2026-05-18T15:14:18.287+0000] {processor.py:208} INFO - Processing /workspaces/meu-primeiro-etl-airflow/dags/dag_inferencia_titanic.py took 1.389 seconds
[2026-05-18T15:14:48.630+0000] {processor.py:186} INFO - Started process (PID=57830) to work on /workspaces/meu-primeiro-etl-airflow/dags/dag_inferencia_titanic.py
[2026-05-18T15:14:48.631+0000] {processor.py:914} INFO - Processing file /workspaces/meu-primeiro-etl-airflow/dags/dag_inferencia_titanic.py for tasks to queue
[2026-05-18T15:14:48.632+0000] {logging_mixin.py:190} INFO - [2026-05-18T15:14:48.632+0000] {dagbag.py:588} INFO - Filling up the DagBag from /workspaces/meu-primeiro-etl-airflow/dags/dag_inferencia_titanic.py
[2026-05-18T15:14:49.962+0000] {processor.py:925} INFO - DAG(s) 'atv7_inferencia_titanic_v1' retrieved from /workspaces/meu-primeiro-etl-airflow/dags/dag_inferencia_titanic.py
[2026-05-18T15:14:49.997+0000] {logging_mixin.py:190} INFO - [2026-05-18T15:14:49.991+0000] {dag.py:3239} INFO - Sync 1 DAGs
[2026-05-18T15:14:50.019+0000] {logging_mixin.py:190} INFO - [2026-05-18T15:14:50.019+0000] {dag.py:4180} INFO - Setting next_dagrun for atv7_inferencia_titanic_v1 to None, run_after=None
[2026-05-18T15:14:50.060+0000] {processor.py:208} INFO - Processing /workspaces/meu-primeiro-etl-airflow/dags/dag_inferencia_titanic.py took 1.434 seconds
[2026-05-18T15:15:20.572+0000] {processor.py:186} INFO - Started process (PID=58171) to work on /workspaces/meu-primeiro-etl-airflow/dags/dag_inferencia_titanic.py
[2026-05-18T15:15:20.573+0000] {processor.py:914} INFO - Processing file /workspaces/meu-primeiro-etl-airflow/dags/dag_inferencia_titanic.py for tasks to queue
[2026-05-18T15:15:20.576+0000] {logging_mixin.py:190} INFO - [2026-05-18T15:15:20.575+0000] {dagbag.py:588} INFO - Filling up the DagBag from /workspaces/meu-primeiro-etl-airflow/dags/dag_inferencia_titanic.py
[2026-05-18T15:15:22.083+0000] {processor.py:925} INFO - DAG(s) 'atv7_inferencia_titanic_v1' retrieved from /workspaces/meu-primeiro-etl-airflow/dags/dag_inferencia_titanic.py
[2026-05-18T15:15:22.095+0000] {logging_mixin.py:190} INFO - [2026-05-18T15:15:22.095+0000] {dag.py:3239} INFO - Sync 1 DAGs
[2026-05-18T15:15:22.104+0000] {logging_mixin.py:190} INFO - [2026-05-18T15:15:22.104+0000] {dag.py:4180} INFO - Setting next_dagrun for atv7_inferencia_titanic_v1 to None, run_after=None
[2026-05-18T15:15:22.118+0000] {processor.py:208} INFO - Processing /workspaces/meu-primeiro-etl-airflow/dags/dag_inferencia_titanic.py took 1.551 seconds
[2026-05-18T15:15:52.227+0000] {processor.py:186} INFO - Started process (PID=58446) to work on /workspaces/meu-primeiro-etl-airflow/dags/dag_inferencia_titanic.py
[2026-05-18T15:15:52.228+0000] {processor.py:914} INFO - Processing file /workspaces/meu-primeiro-etl-airflow/dags/dag_inferencia_titanic.py for tasks to queue
[2026-05-18T15:15:52.231+0000] {logging_mixin.py:190} INFO - [2026-05-18T15:15:52.231+0000] {dagbag.py:588} INFO - Filling up the DagBag from /workspaces/meu-primeiro-etl-airflow/dags/dag_inferencia_titanic.py
[2026-05-18T15:15:53.661+0000] {processor.py:925} INFO - DAG(s) 'atv7_inferencia_titanic_v1' retrieved from /workspaces/meu-primeiro-etl-airflow/dags/dag_inferencia_titanic.py
[2026-05-18T15:15:53.676+0000] {logging_mixin.py:190} INFO - [2026-05-18T15:15:53.676+0000] {dag.py:3239} INFO - Sync 1 DAGs
[2026-05-18T15:15:53.688+0000] {logging_mixin.py:190} INFO - [2026-05-18T15:15:53.687+0000] {dag.py:4180} INFO - Setting next_dagrun for atv7_inferencia_titanic_v1 to None, run_after=None
[2026-05-18T15:15:53.703+0000] {processor.py:208} INFO - Processing /workspaces/meu-primeiro-etl-airflow/dags/dag_inferencia_titanic.py took 1.484 seconds
[2026-05-18T15:16:24.408+0000] {processor.py:186} INFO - Started process (PID=58851) to work on /workspaces/meu-primeiro-etl-airflow/dags/dag_inferencia_titanic.py
[2026-05-18T15:16:24.409+0000] {processor.py:914} INFO - Processing file /workspaces/meu-primeiro-etl-airflow/dags/dag_inferencia_titanic.py for tasks to queue
[2026-05-18T15:16:24.411+0000] {logging_mixin.py:190} INFO - [2026-05-18T15:16:24.410+0000] {dagbag.py:588} INFO - Filling up the DagBag from /workspaces/meu-primeiro-etl-airflow/dags/dag_inferencia_titanic.py
[2026-05-18T15:16:25.925+0000] {processor.py:925} INFO - DAG(s) 'atv7_inferencia_titanic_v1' retrieved from /workspaces/meu-primeiro-etl-airflow/dags/dag_inferencia_titanic.py
[2026-05-18T15:16:25.939+0000] {logging_mixin.py:190} INFO - [2026-05-18T15:16:25.938+0000] {dag.py:3239} INFO - Sync 1 DAGs
[2026-05-18T15:16:25.947+0000] {logging_mixin.py:190} INFO - [2026-05-18T15:16:25.947+0000] {dag.py:4180} INFO - Setting next_dagrun for atv7_inferencia_titanic_v1 to None, run_after=None
[2026-05-18T15:16:25.961+0000] {processor.py:208} INFO - Processing /workspaces/meu-primeiro-etl-airflow/dags/dag_inferencia_titanic.py took 1.557 seconds
[2026-05-18T15:16:57.034+0000] {processor.py:186} INFO - Started process (PID=59153) to work on /workspaces/meu-primeiro-etl-airflow/dags/dag_inferencia_titanic.py
[2026-05-18T15:16:57.035+0000] {processor.py:914} INFO - Processing file /workspaces/meu-primeiro-etl-airflow/dags/dag_inferencia_titanic.py for tasks to queue
[2026-05-18T15:16:57.037+0000] {logging_mixin.py:190} INFO - [2026-05-18T15:16:57.036+0000] {dagbag.py:588} INFO - Filling up the DagBag from /workspaces/meu-primeiro-etl-airflow/dags/dag_inferencia_titanic.py
[2026-05-18T15:16:58.502+0000] {processor.py:925} INFO - DAG(s) 'atv7_inferencia_titanic_v1' retrieved from /workspaces/meu-primeiro-etl-airflow/dags/dag_inferencia_titanic.py
[2026-05-18T15:16:58.522+0000] {logging_mixin.py:190} INFO - [2026-05-18T15:16:58.522+0000] {dag.py:3239} INFO - Sync 1 DAGs
[2026-05-18T15:16:58.534+0000] {logging_mixin.py:190} INFO - [2026-05-18T15:16:58.534+0000] {dag.py:4180} INFO - Setting next_dagrun for atv7_inferencia_titanic_v1 to None, run_after=None
[2026-05-18T15:16:58.549+0000] {processor.py:208} INFO - Processing /workspaces/meu-primeiro-etl-airflow/dags/dag_inferencia_titanic.py took 1.519 seconds
[2026-05-18T22:00:03.732+0000] {processor.py:186} INFO - Started process (PID=10911) to work on /workspaces/meu-primeiro-etl-airflow/dags/dag_inferencia_titanic.py
[2026-05-18T22:00:03.749+0000] {processor.py:914} INFO - Processing file /workspaces/meu-primeiro-etl-airflow/dags/dag_inferencia_titanic.py for tasks to queue
[2026-05-18T22:00:03.751+0000] {logging_mixin.py:190} INFO - [2026-05-18T22:00:03.750+0000] {dagbag.py:588} INFO - Filling up the DagBag from /workspaces/meu-primeiro-etl-airflow/dags/dag_inferencia_titanic.py
[2026-05-18T22:00:04.943+0000] {processor.py:925} INFO - DAG(s) 'atv7_inferencia_titanic_v1' retrieved from /workspaces/meu-primeiro-etl-airflow/dags/dag_inferencia_titanic.py
[2026-05-18T22:00:04.955+0000] {logging_mixin.py:190} INFO - [2026-05-18T22:00:04.955+0000] {dag.py:3239} INFO - Sync 1 DAGs
[2026-05-18T22:00:04.964+0000] {logging_mixin.py:190} INFO - [2026-05-18T22:00:04.963+0000] {dag.py:4180} INFO - Setting next_dagrun for atv7_inferencia_titanic_v1 to None, run_after=None
[2026-05-18T22:00:04.978+0000] {processor.py:208} INFO - Processing /workspaces/meu-primeiro-etl-airflow/dags/dag_inferencia_titanic.py took 1.250 seconds
[2026-05-18T22:00:35.691+0000] {processor.py:186} INFO - Started process (PID=11205) to work on /workspaces/meu-primeiro-etl-airflow/dags/dag_inferencia_titanic.py
[2026-05-18T22:00:35.692+0000] {processor.py:914} INFO - Processing file /workspaces/meu-primeiro-etl-airflow/dags/dag_inferencia_titanic.py for tasks to queue
[2026-05-18T22:00:35.695+0000] {logging_mixin.py:190} INFO - [2026-05-18T22:00:35.695+0000] {dagbag.py:588} INFO - Filling up the DagBag from /workspaces/meu-primeiro-etl-airflow/dags/dag_inferencia_titanic.py
[2026-05-18T22:00:37.019+0000] {processor.py:925} INFO - DAG(s) 'atv7_inferencia_titanic_v1' retrieved from /workspaces/meu-primeiro-etl-airflow/dags/dag_inferencia_titanic.py
[2026-05-18T22:00:37.039+0000] {logging_mixin.py:190} INFO - [2026-05-18T22:00:37.039+0000] {dag.py:3239} INFO - Sync 1 DAGs
[2026-05-18T22:00:37.051+0000] {logging_mixin.py:190} INFO - [2026-05-18T22:00:37.051+0000] {dag.py:4180} INFO - Setting next_dagrun for atv7_inferencia_titanic_v1 to None, run_after=None
[2026-05-18T22:00:37.066+0000] {processor.py:208} INFO - Processing /workspaces/meu-primeiro-etl-airflow/dags/dag_inferencia_titanic.py took 1.379 seconds
[2026-05-18T22:01:07.246+0000] {processor.py:186} INFO - Started process (PID=11616) to work on /workspaces/meu-primeiro-etl-airflow/dags/dag_inferencia_titanic.py
[2026-05-18T22:01:07.246+0000] {processor.py:914} INFO - Processing file /workspaces/meu-primeiro-etl-airflow/dags/dag_inferencia_titanic.py for tasks to queue
[2026-05-18T22:01:07.249+0000] {logging_mixin.py:190} INFO - [2026-05-18T22:01:07.249+0000] {dagbag.py:588} INFO - Filling up the DagBag from /workspaces/meu-primeiro-etl-airflow/dags/dag_inferencia_titanic.py
[2026-05-18T22:01:08.607+0000] {processor.py:925} INFO - DAG(s) 'atv7_inferencia_titanic_v1' retrieved from /workspaces/meu-primeiro-etl-airflow/dags/dag_inferencia_titanic.py
[2026-05-18T22:01:08.624+0000] {logging_mixin.py:190} INFO - [2026-05-18T22:01:08.623+0000] {dag.py:3239} INFO - Sync 1 DAGs
[2026-05-18T22:01:08.639+0000] {logging_mixin.py:190} INFO - [2026-05-18T22:01:08.639+0000] {dag.py:4180} INFO - Setting next_dagrun for atv7_inferencia_titanic_v1 to None, run_after=None
[2026-05-18T22:01:08.683+0000] {processor.py:208} INFO - Processing /workspaces/meu-primeiro-etl-airflow/dags/dag_inferencia_titanic.py took 1.445 seconds
[2026-05-18T22:01:40.228+0000] {processor.py:186} INFO - Started process (PID=12211) to work on /workspaces/meu-primeiro-etl-airflow/dags/dag_inferencia_titanic.py
[2026-05-18T22:01:40.229+0000] {processor.py:914} INFO - Processing file /workspaces/meu-primeiro-etl-airflow/dags/dag_inferencia_titanic.py for tasks to queue
[2026-05-18T22:01:40.230+0000] {logging_mixin.py:190} INFO - [2026-05-18T22:01:40.230+0000] {dagbag.py:588} INFO - Filling up the DagBag from /workspaces/meu-primeiro-etl-airflow/dags/dag_inferencia_titanic.py
[2026-05-18T22:01:41.456+0000] {processor.py:925} INFO - DAG(s) 'atv7_inferencia_titanic_v1' retrieved from /workspaces/meu-primeiro-etl-airflow/dags/dag_inferencia_titanic.py
[2026-05-18T22:01:41.467+0000] {logging_mixin.py:190} INFO - [2026-05-18T22:01:41.467+0000] {dag.py:3239} INFO - Sync 1 DAGs
[2026-05-18T22:01:41.476+0000] {logging_mixin.py:190} INFO - [2026-05-18T22:01:41.475+0000] {dag.py:4180} INFO - Setting next_dagrun for atv7_inferencia_titanic_v1 to None, run_after=None
[2026-05-18T22:01:41.492+0000] {processor.py:208} INFO - Processing /workspaces/meu-primeiro-etl-airflow/dags/dag_inferencia_titanic.py took 1.268 seconds
[2026-05-18T22:02:11.619+0000] {processor.py:186} INFO - Started process (PID=12542) to work on /workspaces/meu-primeiro-etl-airflow/dags/dag_inferencia_titanic.py
[2026-05-18T22:02:11.620+0000] {processor.py:914} INFO - Processing file /workspaces/meu-primeiro-etl-airflow/dags/dag_inferencia_titanic.py for tasks to queue
[2026-05-18T22:02:11.621+0000] {logging_mixin.py:190} INFO - [2026-05-18T22:02:11.621+0000] {dagbag.py:588} INFO - Filling up the DagBag from /workspaces/meu-primeiro-etl-airflow/dags/dag_inferencia_titanic.py
[2026-05-18T22:02:12.940+0000] {processor.py:925} INFO - DAG(s) 'atv7_inferencia_titanic_v1' retrieved from /workspaces/meu-primeiro-etl-airflow/dags/dag_inferencia_titanic.py
[2026-05-18T22:02:12.959+0000] {logging_mixin.py:190} INFO - [2026-05-18T22:02:12.958+0000] {dag.py:3239} INFO - Sync 1 DAGs
[2026-05-18T22:02:12.967+0000] {logging_mixin.py:190} INFO - [2026-05-18T22:02:12.967+0000] {dag.py:4180} INFO - Setting next_dagrun for atv7_inferencia_titanic_v1 to None, run_after=None
[2026-05-18T22:02:13.000+0000] {processor.py:208} INFO - Processing /workspaces/meu-primeiro-etl-airflow/dags/dag_inferencia_titanic.py took 1.384 seconds
[2026-05-18T22:02:43.169+0000] {processor.py:186} INFO - Started process (PID=12759) to work on /workspaces/meu-primeiro-etl-airflow/dags/dag_inferencia_titanic.py
[2026-05-18T22:02:43.170+0000] {processor.py:914} INFO - Processing file /workspaces/meu-primeiro-etl-airflow/dags/dag_inferencia_titanic.py for tasks to queue
[2026-05-18T22:02:43.172+0000] {logging_mixin.py:190} INFO - [2026-05-18T22:02:43.172+0000] {dagbag.py:588} INFO - Filling up the DagBag from /workspaces/meu-primeiro-etl-airflow/dags/dag_inferencia_titanic.py
[2026-05-18T22:02:44.437+0000] {processor.py:925} INFO - DAG(s) 'atv7_inferencia_titanic_v1' retrieved from /workspaces/meu-primeiro-etl-airflow/dags/dag_inferencia_titanic.py
[2026-05-18T22:02:44.448+0000] {logging_mixin.py:190} INFO - [2026-05-18T22:02:44.448+0000] {dag.py:3239} INFO - Sync 1 DAGs
[2026-05-18T22:02:44.456+0000] {logging_mixin.py:190} INFO - [2026-05-18T22:02:44.456+0000] {dag.py:4180} INFO - Setting next_dagrun for atv7_inferencia_titanic_v1 to None, run_after=None
[2026-05-18T22:02:44.472+0000] {processor.py:208} INFO - Processing /workspaces/meu-primeiro-etl-airflow/dags/dag_inferencia_titanic.py took 1.309 seconds
[2026-05-18T22:03:16.513+0000] {processor.py:186} INFO - Started process (PID=13062) to work on /workspaces/meu-primeiro-etl-airflow/dags/dag_inferencia_titanic.py
[2026-05-18T22:03:16.514+0000] {processor.py:914} INFO - Processing file /workspaces/meu-primeiro-etl-airflow/dags/dag_inferencia_titanic.py for tasks to queue
[2026-05-18T22:03:16.515+0000] {logging_mixin.py:190} INFO - [2026-05-18T22:03:16.515+0000] {dagbag.py:588} INFO - Filling up the DagBag from /workspaces/meu-primeiro-etl-airflow/dags/dag_inferencia_titanic.py
[2026-05-18T22:03:17.836+0000] {processor.py:925} INFO - DAG(s) 'atv7_inferencia_titanic_v1' retrieved from /workspaces/meu-primeiro-etl-airflow/dags/dag_inferencia_titanic.py
[2026-05-18T22:03:17.848+0000] {logging_mixin.py:190} INFO - [2026-05-18T22:03:17.848+0000] {dag.py:3239} INFO - Sync 1 DAGs
[2026-05-18T22:03:17.857+0000] {logging_mixin.py:190} INFO - [2026-05-18T22:03:17.857+0000] {dag.py:4180} INFO - Setting next_dagrun for atv7_inferencia_titanic_v1 to None, run_after=None
[2026-05-18T22:03:17.872+0000] {processor.py:208} INFO - Processing /workspaces/meu-primeiro-etl-airflow/dags/dag_inferencia_titanic.py took 1.363 seconds
[2026-05-18T22:03:48.102+0000] {processor.py:186} INFO - Started process (PID=13444) to work on /workspaces/meu-primeiro-etl-airflow/dags/dag_inferencia_titanic.py
[2026-05-18T22:03:48.102+0000] {processor.py:914} INFO - Processing file /workspaces/meu-primeiro-etl-airflow/dags/dag_inferencia_titanic.py for tasks to queue
[2026-05-18T22:03:48.104+0000] {logging_mixin.py:190} INFO - [2026-05-18T22:03:48.103+0000] {dagbag.py:588} INFO - Filling up the DagBag from /workspaces/meu-primeiro-etl-airflow/dags/dag_inferencia_titanic.py
[2026-05-18T22:03:49.347+0000] {processor.py:925} INFO - DAG(s) 'atv7_inferencia_titanic_v1' retrieved from /workspaces/meu-primeiro-etl-airflow/dags/dag_inferencia_titanic.py
[2026-05-18T22:03:49.358+0000] {logging_mixin.py:190} INFO - [2026-05-18T22:03:49.358+0000] {dag.py:3239} INFO - Sync 1 DAGs
[2026-05-18T22:03:49.367+0000] {logging_mixin.py:190} INFO - [2026-05-18T22:03:49.367+0000] {dag.py:4180} INFO - Setting next_dagrun for atv7_inferencia_titanic_v1 to None, run_after=None
[2026-05-18T22:03:49.381+0000] {processor.py:208} INFO - Processing /workspaces/meu-primeiro-etl-airflow/dags/dag_inferencia_titanic.py took 1.284 seconds
[2026-05-18T22:04:19.692+0000] {processor.py:186} INFO - Started process (PID=13724) to work on /workspaces/meu-primeiro-etl-airflow/dags/dag_inferencia_titanic.py
[2026-05-18T22:04:19.692+0000] {processor.py:914} INFO - Processing file /workspaces/meu-primeiro-etl-airflow/dags/dag_inferencia_titanic.py for tasks to queue
[2026-05-18T22:04:19.694+0000] {logging_mixin.py:190} INFO - [2026-05-18T22:04:19.694+0000] {dagbag.py:588} INFO - Filling up the DagBag from /workspaces/meu-primeiro-etl-airflow/dags/dag_inferencia_titanic.py
[2026-05-18T22:04:20.988+0000] {processor.py:925} INFO - DAG(s) 'atv7_inferencia_titanic_v1' retrieved from /workspaces/meu-primeiro-etl-airflow/dags/dag_inferencia_titanic.py
[2026-05-18T22:04:21.000+0000] {logging_mixin.py:190} INFO - [2026-05-18T22:04:21.000+0000] {dag.py:3239} INFO - Sync 1 DAGs
[2026-05-18T22:04:21.008+0000] {logging_mixin.py:190} INFO - [2026-05-18T22:04:21.008+0000] {dag.py:4180} INFO - Setting next_dagrun for atv7_inferencia_titanic_v1 to None, run_after=None
[2026-05-18T22:04:21.024+0000] {processor.py:208} INFO - Processing /workspaces/meu-primeiro-etl-airflow/dags/dag_inferencia_titanic.py took 1.336 seconds
[2026-05-18T22:04:51.278+0000] {processor.py:186} INFO - Started process (PID=13947) to work on /workspaces/meu-primeiro-etl-airflow/dags/dag_inferencia_titanic.py
[2026-05-18T22:04:51.279+0000] {processor.py:914} INFO - Processing file /workspaces/meu-primeiro-etl-airflow/dags/dag_inferencia_titanic.py for tasks to queue
[2026-05-18T22:04:51.280+0000] {logging_mixin.py:190} INFO - [2026-05-18T22:04:51.280+0000] {dagbag.py:588} INFO - Filling up the DagBag from /workspaces/meu-primeiro-etl-airflow/dags/dag_inferencia_titanic.py
[2026-05-18T22:04:52.448+0000] {processor.py:925} INFO - DAG(s) 'atv7_inferencia_titanic_v1' retrieved from /workspaces/meu-primeiro-etl-airflow/dags/dag_inferencia_titanic.py
[2026-05-18T22:04:52.460+0000] {logging_mixin.py:190} INFO - [2026-05-18T22:04:52.459+0000] {dag.py:3239} INFO - Sync 1 DAGs
[2026-05-18T22:04:52.468+0000] {logging_mixin.py:190} INFO - [2026-05-18T22:04:52.467+0000] {dag.py:4180} INFO - Setting next_dagrun for atv7_inferencia_titanic_v1 to None, run_after=None
[2026-05-18T22:04:52.484+0000] {processor.py:208} INFO - Processing /workspaces/meu-primeiro-etl-airflow/dags/dag_inferencia_titanic.py took 1.210 seconds
[2026-05-18T22:05:22.776+0000] {processor.py:186} INFO - Started process (PID=14362) to work on /workspaces/meu-primeiro-etl-airflow/dags/dag_inferencia_titanic.py
[2026-05-18T22:05:22.777+0000] {processor.py:914} INFO - Processing file /workspaces/meu-primeiro-etl-airflow/dags/dag_inferencia_titanic.py for tasks to queue
[2026-05-18T22:05:22.778+0000] {logging_mixin.py:190} INFO - [2026-05-18T22:05:22.778+0000] {dagbag.py:588} INFO - Filling up the DagBag from /workspaces/meu-primeiro-etl-airflow/dags/dag_inferencia_titanic.py
[2026-05-18T22:05:24.084+0000] {processor.py:925} INFO - DAG(s) 'atv7_inferencia_titanic_v1' retrieved from /workspaces/meu-primeiro-etl-airflow/dags/dag_inferencia_titanic.py
[2026-05-18T22:05:24.097+0000] {logging_mixin.py:190} INFO - [2026-05-18T22:05:24.097+0000] {dag.py:3239} INFO - Sync 1 DAGs
[2026-05-18T22:05:24.105+0000] {logging_mixin.py:190} INFO - [2026-05-18T22:05:24.105+0000] {dag.py:4180} INFO - Setting next_dagrun for atv7_inferencia_titanic_v1 to None, run_after=None
[2026-05-18T22:05:24.120+0000] {processor.py:208} INFO - Processing /workspaces/meu-primeiro-etl-airflow/dags/dag_inferencia_titanic.py took 1.348 seconds
[2026-05-18T22:05:54.325+0000] {processor.py:186} INFO - Started process (PID=14832) to work on /workspaces/meu-primeiro-etl-airflow/dags/dag_inferencia_titanic.py
[2026-05-18T22:05:54.325+0000] {processor.py:914} INFO - Processing file /workspaces/meu-primeiro-etl-airflow/dags/dag_inferencia_titanic.py for tasks to queue
[2026-05-18T22:05:54.327+0000] {logging_mixin.py:190} INFO - [2026-05-18T22:05:54.326+0000] {dagbag.py:588} INFO - Filling up the DagBag from /workspaces/meu-primeiro-etl-airflow/dags/dag_inferencia_titanic.py
[2026-05-18T22:05:55.564+0000] {processor.py:925} INFO - DAG(s) 'atv7_inferencia_titanic_v1' retrieved from /workspaces/meu-primeiro-etl-airflow/dags/dag_inferencia_titanic.py
[2026-05-18T22:05:55.576+0000] {logging_mixin.py:190} INFO - [2026-05-18T22:05:55.576+0000] {dag.py:3239} INFO - Sync 1 DAGs
[2026-05-18T22:05:55.584+0000] {logging_mixin.py:190} INFO - [2026-05-18T22:05:55.584+0000] {dag.py:4180} INFO - Setting next_dagrun for atv7_inferencia_titanic_v1 to None, run_after=None
[2026-05-18T22:05:55.599+0000] {processor.py:208} INFO - Processing /workspaces/meu-primeiro-etl-airflow/dags/dag_inferencia_titanic.py took 1.278 seconds
[2026-05-18T22:06:25.859+0000] {processor.py:186} INFO - Started process (PID=15125) to work on /workspaces/meu-primeiro-etl-airflow/dags/dag_inferencia_titanic.py
[2026-05-18T22:06:25.859+0000] {processor.py:914} INFO - Processing file /workspaces/meu-primeiro-etl-airflow/dags/dag_inferencia_titanic.py for tasks to queue
[2026-05-18T22:06:25.861+0000] {logging_mixin.py:190} INFO - [2026-05-18T22:06:25.861+0000] {dagbag.py:588} INFO - Filling up the DagBag from /workspaces/meu-primeiro-etl-airflow/dags/dag_inferencia_titanic.py
[2026-05-18T22:06:27.123+0000] {processor.py:925} INFO - DAG(s) 'atv7_inferencia_titanic_v1' retrieved from /workspaces/meu-primeiro-etl-airflow/dags/dag_inferencia_titanic.py
[2026-05-18T22:06:27.134+0000] {logging_mixin.py:190} INFO - [2026-05-18T22:06:27.134+0000] {dag.py:3239} INFO - Sync 1 DAGs
[2026-05-18T22:06:27.142+0000] {logging_mixin.py:190} INFO - [2026-05-18T22:06:27.142+0000] {dag.py:4180} INFO - Setting next_dagrun for atv7_inferencia_titanic_v1 to None, run_after=None
[2026-05-18T22:06:27.159+0000] {processor.py:208} INFO - Processing /workspaces/meu-primeiro-etl-airflow/dags/dag_inferencia_titanic.py took 1.305 seconds
[2026-05-18T22:06:57.375+0000] {processor.py:186} INFO - Started process (PID=15344) to work on /workspaces/meu-primeiro-etl-airflow/dags/dag_inferencia_titanic.py
[2026-05-18T22:06:57.375+0000] {processor.py:914} INFO - Processing file /workspaces/meu-primeiro-etl-airflow/dags/dag_inferencia_titanic.py for tasks to queue
[2026-05-18T22:06:57.377+0000] {logging_mixin.py:190} INFO - [2026-05-18T22:06:57.376+0000] {dagbag.py:588} INFO - Filling up the DagBag from /workspaces/meu-primeiro-etl-airflow/dags/dag_inferencia_titanic.py
[2026-05-18T22:06:58.813+0000] {processor.py:925} INFO - DAG(s) 'atv7_inferencia_titanic_v1' retrieved from /workspaces/meu-primeiro-etl-airflow/dags/dag_inferencia_titanic.py
[2026-05-18T22:06:58.825+0000] {logging_mixin.py:190} INFO - [2026-05-18T22:06:58.825+0000] {dag.py:3239} INFO - Sync 1 DAGs
[2026-05-18T22:06:58.834+0000] {logging_mixin.py:190} INFO - [2026-05-18T22:06:58.834+0000] {dag.py:4180} INFO - Setting next_dagrun for atv7_inferencia_titanic_v1 to None, run_after=None
[2026-05-18T22:06:58.850+0000] {processor.py:208} INFO - Processing /workspaces/meu-primeiro-etl-airflow/dags/dag_inferencia_titanic.py took 1.480 seconds
[2026-05-18T22:07:28.975+0000] {processor.py:186} INFO - Started process (PID=15617) to work on /workspaces/meu-primeiro-etl-airflow/dags/dag_inferencia_titanic.py
[2026-05-18T22:07:28.976+0000] {processor.py:914} INFO - Processing file /workspaces/meu-primeiro-etl-airflow/dags/dag_inferencia_titanic.py for tasks to queue
[2026-05-18T22:07:28.978+0000] {logging_mixin.py:190} INFO - [2026-05-18T22:07:28.977+0000] {dagbag.py:588} INFO - Filling up the DagBag from /workspaces/meu-primeiro-etl-airflow/dags/dag_inferencia_titanic.py
[2026-05-18T22:07:30.465+0000] {processor.py:925} INFO - DAG(s) 'atv7_inferencia_titanic_v1' retrieved from /workspaces/meu-primeiro-etl-airflow/dags/dag_inferencia_titanic.py
[2026-05-18T22:07:30.486+0000] {logging_mixin.py:190} INFO - [2026-05-18T22:07:30.486+0000] {dag.py:3239} INFO - Sync 1 DAGs
[2026-05-18T22:07:30.502+0000] {logging_mixin.py:190} INFO - [2026-05-18T22:07:30.502+0000] {dag.py:4180} INFO - Setting next_dagrun for atv7_inferencia_titanic_v1 to None, run_after=None
[2026-05-18T22:07:30.520+0000] {processor.py:208} INFO - Processing /workspaces/meu-primeiro-etl-airflow/dags/dag_inferencia_titanic.py took 1.549 seconds
[2026-05-18T22:08:00.783+0000] {processor.py:186} INFO - Started process (PID=15919) to work on /workspaces/meu-primeiro-etl-airflow/dags/dag_inferencia_titanic.py
[2026-05-18T22:08:00.784+0000] {processor.py:914} INFO - Processing file /workspaces/meu-primeiro-etl-airflow/dags/dag_inferencia_titanic.py for tasks to queue
[2026-05-18T22:08:00.785+0000] {logging_mixin.py:190} INFO - [2026-05-18T22:08:00.785+0000] {dagbag.py:588} INFO - Filling up the DagBag from /workspaces/meu-primeiro-etl-airflow/dags/dag_inferencia_titanic.py
[2026-05-18T22:08:01.972+0000] {processor.py:925} INFO - DAG(s) 'atv7_inferencia_titanic_v1' retrieved from /workspaces/meu-primeiro-etl-airflow/dags/dag_inferencia_titanic.py
[2026-05-18T22:08:01.984+0000] {logging_mixin.py:190} INFO - [2026-05-18T22:08:01.984+0000] {dag.py:3239} INFO - Sync 1 DAGs
[2026-05-18T22:08:01.993+0000] {logging_mixin.py:190} INFO - [2026-05-18T22:08:01.993+0000] {dag.py:4180} INFO - Setting next_dagrun for atv7_inferencia_titanic_v1 to None, run_after=None
[2026-05-18T22:08:02.007+0000] {processor.py:208} INFO - Processing /workspaces/meu-primeiro-etl-airflow/dags/dag_inferencia_titanic.py took 1.229 seconds
[2026-05-18T22:08:32.179+0000] {processor.py:186} INFO - Started process (PID=16138) to work on /workspaces/meu-primeiro-etl-airflow/dags/dag_inferencia_titanic.py
[2026-05-18T22:08:32.180+0000] {processor.py:914} INFO - Processing file /workspaces/meu-primeiro-etl-airflow/dags/dag_inferencia_titanic.py for tasks to queue
[2026-05-18T22:08:32.181+0000] {logging_mixin.py:190} INFO - [2026-05-18T22:08:32.181+0000] {dagbag.py:588} INFO - Filling up the DagBag from /workspaces/meu-primeiro-etl-airflow/dags/dag_inferencia_titanic.py
[2026-05-18T22:08:33.358+0000] {processor.py:925} INFO - DAG(s) 'atv7_inferencia_titanic_v1' retrieved from /workspaces/meu-primeiro-etl-airflow/dags/dag_inferencia_titanic.py
[2026-05-18T22:08:33.370+0000] {logging_mixin.py:190} INFO - [2026-05-18T22:08:33.370+0000] {dag.py:3239} INFO - Sync 1 DAGs
[2026-05-18T22:08:33.378+0000] {logging_mixin.py:190} INFO - [2026-05-18T22:08:33.378+0000] {dag.py:4180} INFO - Setting next_dagrun for atv7_inferencia_titanic_v1 to None, run_after=None
[2026-05-18T22:08:33.393+0000] {processor.py:208} INFO - Processing /workspaces/meu-primeiro-etl-airflow/dags/dag_inferencia_titanic.py took 1.218 seconds
[2026-05-18T22:09:03.585+0000] {processor.py:186} INFO - Started process (PID=16417) to work on /workspaces/meu-primeiro-etl-airflow/dags/dag_inferencia_titanic.py
[2026-05-18T22:09:03.585+0000] {processor.py:914} INFO - Processing file /workspaces/meu-primeiro-etl-airflow/dags/dag_inferencia_titanic.py for tasks to queue
[2026-05-18T22:09:03.587+0000] {logging_mixin.py:190} INFO - [2026-05-18T22:09:03.587+0000] {dagbag.py:588} INFO - Filling up the DagBag from /workspaces/meu-primeiro-etl-airflow/dags/dag_inferencia_titanic.py
[2026-05-18T22:09:04.862+0000] {processor.py:925} INFO - DAG(s) 'atv7_inferencia_titanic_v1' retrieved from /workspaces/meu-primeiro-etl-airflow/dags/dag_inferencia_titanic.py
[2026-05-18T22:09:04.876+0000] {logging_mixin.py:190} INFO - [2026-05-18T22:09:04.876+0000] {dag.py:3239} INFO - Sync 1 DAGs
[2026-05-18T22:09:04.886+0000] {logging_mixin.py:190} INFO - [2026-05-18T22:09:04.886+0000] {dag.py:4180} INFO - Setting next_dagrun for atv7_inferencia_titanic_v1 to None, run_after=None
[2026-05-18T22:09:04.901+0000] {processor.py:208} INFO - Processing /workspaces/meu-primeiro-etl-airflow/dags/dag_inferencia_titanic.py took 1.321 seconds
[2026-05-18T22:09:35.094+0000] {processor.py:186} INFO - Started process (PID=16632) to work on /workspaces/meu-primeiro-etl-airflow/dags/dag_inferencia_titanic.py
[2026-05-18T22:09:35.094+0000] {processor.py:914} INFO - Processing file /workspaces/meu-primeiro-etl-airflow/dags/dag_inferencia_titanic.py for tasks to queue
[2026-05-18T22:09:35.096+0000] {logging_mixin.py:190} INFO - [2026-05-18T22:09:35.095+0000] {dagbag.py:588} INFO - Filling up the DagBag from /workspaces/meu-primeiro-etl-airflow/dags/dag_inferencia_titanic.py
[2026-05-18T22:09:36.448+0000] {processor.py:925} INFO - DAG(s) 'atv7_inferencia_titanic_v1' retrieved from /workspaces/meu-primeiro-etl-airflow/dags/dag_inferencia_titanic.py
[2026-05-18T22:09:36.463+0000] {logging_mixin.py:190} INFO - [2026-05-18T22:09:36.463+0000] {dag.py:3239} INFO - Sync 1 DAGs
[2026-05-18T22:09:36.471+0000] {logging_mixin.py:190} INFO - [2026-05-18T22:09:36.471+0000] {dag.py:4180} INFO - Setting next_dagrun for atv7_inferencia_titanic_v1 to None, run_after=None
[2026-05-18T22:09:36.486+0000] {processor.py:208} INFO - Processing /workspaces/meu-primeiro-etl-airflow/dags/dag_inferencia_titanic.py took 1.396 seconds
[2026-05-18T22:10:06.607+0000] {processor.py:186} INFO - Started process (PID=16970) to work on /workspaces/meu-primeiro-etl-airflow/dags/dag_inferencia_titanic.py
[2026-05-18T22:10:06.608+0000] {processor.py:914} INFO - Processing file /workspaces/meu-primeiro-etl-airflow/dags/dag_inferencia_titanic.py for tasks to queue
[2026-05-18T22:10:06.609+0000] {logging_mixin.py:190} INFO - [2026-05-18T22:10:06.609+0000] {dagbag.py:588} INFO - Filling up the DagBag from /workspaces/meu-primeiro-etl-airflow/dags/dag_inferencia_titanic.py
[2026-05-18T22:10:07.904+0000] {processor.py:925} INFO - DAG(s) 'atv7_inferencia_titanic_v1' retrieved from /workspaces/meu-primeiro-etl-airflow/dags/dag_inferencia_titanic.py
[2026-05-18T22:10:07.916+0000] {logging_mixin.py:190} INFO - [2026-05-18T22:10:07.916+0000] {dag.py:3239} INFO - Sync 1 DAGs
[2026-05-18T22:10:07.924+0000] {logging_mixin.py:190} INFO - [2026-05-18T22:10:07.924+0000] {dag.py:4180} INFO - Setting next_dagrun for atv7_inferencia_titanic_v1 to None, run_after=None
[2026-05-18T22:10:07.939+0000] {processor.py:208} INFO - Processing /workspaces/meu-primeiro-etl-airflow/dags/dag_inferencia_titanic.py took 1.336 seconds
[2026-05-18T22:10:38.098+0000] {processor.py:186} INFO - Started process (PID=17189) to work on /workspaces/meu-primeiro-etl-airflow/dags/dag_inferencia_titanic.py
[2026-05-18T22:10:38.099+0000] {processor.py:914} INFO - Processing file /workspaces/meu-primeiro-etl-airflow/dags/dag_inferencia_titanic.py for tasks to queue
[2026-05-18T22:10:38.100+0000] {logging_mixin.py:190} INFO - [2026-05-18T22:10:38.100+0000] {dagbag.py:588} INFO - Filling up the DagBag from /workspaces/meu-primeiro-etl-airflow/dags/dag_inferencia_titanic.py
[2026-05-18T22:10:39.345+0000] {processor.py:925} INFO - DAG(s) 'atv7_inferencia_titanic_v1' retrieved from /workspaces/meu-primeiro-etl-airflow/dags/dag_inferencia_titanic.py
[2026-05-18T22:10:39.357+0000] {logging_mixin.py:190} INFO - [2026-05-18T22:10:39.357+0000] {dag.py:3239} INFO - Sync 1 DAGs
[2026-05-18T22:10:39.367+0000] {logging_mixin.py:190} INFO - [2026-05-18T22:10:39.367+0000] {dag.py:4180} INFO - Setting next_dagrun for atv7_inferencia_titanic_v1 to None, run_after=None
[2026-05-18T22:10:39.382+0000] {processor.py:208} INFO - Processing /workspaces/meu-primeiro-etl-airflow/dags/dag_inferencia_titanic.py took 1.288 seconds
[2026-05-18T22:11:09.498+0000] {processor.py:186} INFO - Started process (PID=17469) to work on /workspaces/meu-primeiro-etl-airflow/dags/dag_inferencia_titanic.py
[2026-05-18T22:11:09.499+0000] {processor.py:914} INFO - Processing file /workspaces/meu-primeiro-etl-airflow/dags/dag_inferencia_titanic.py for tasks to queue
[2026-05-18T22:11:09.501+0000] {logging_mixin.py:190} INFO - [2026-05-18T22:11:09.501+0000] {dagbag.py:588} INFO - Filling up the DagBag from /workspaces/meu-primeiro-etl-airflow/dags/dag_inferencia_titanic.py
[2026-05-18T22:11:10.712+0000] {processor.py:925} INFO - DAG(s) 'atv7_inferencia_titanic_v1' retrieved from /workspaces/meu-primeiro-etl-airflow/dags/dag_inferencia_titanic.py
[2026-05-18T22:11:10.723+0000] {logging_mixin.py:190} INFO - [2026-05-18T22:11:10.723+0000] {dag.py:3239} INFO - Sync 1 DAGs
[2026-05-18T22:11:10.732+0000] {logging_mixin.py:190} INFO - [2026-05-18T22:11:10.732+0000] {dag.py:4180} INFO - Setting next_dagrun for atv7_inferencia_titanic_v1 to None, run_after=None
[2026-05-18T22:11:10.748+0000] {processor.py:208} INFO - Processing /workspaces/meu-primeiro-etl-airflow/dags/dag_inferencia_titanic.py took 1.257 seconds
[2026-05-18T22:11:40.888+0000] {processor.py:186} INFO - Started process (PID=17683) to work on /workspaces/meu-primeiro-etl-airflow/dags/dag_inferencia_titanic.py
[2026-05-18T22:11:40.889+0000] {processor.py:914} INFO - Processing file /workspaces/meu-primeiro-etl-airflow/dags/dag_inferencia_titanic.py for tasks to queue
[2026-05-18T22:11:40.891+0000] {logging_mixin.py:190} INFO - [2026-05-18T22:11:40.890+0000] {dagbag.py:588} INFO - Filling up the DagBag from /workspaces/meu-primeiro-etl-airflow/dags/dag_inferencia_titanic.py
[2026-05-18T22:11:42.211+0000] {processor.py:925} INFO - DAG(s) 'atv7_inferencia_titanic_v1' retrieved from /workspaces/meu-primeiro-etl-airflow/dags/dag_inferencia_titanic.py
[2026-05-18T22:11:42.223+0000] {logging_mixin.py:190} INFO - [2026-05-18T22:11:42.223+0000] {dag.py:3239} INFO - Sync 1 DAGs
[2026-05-18T22:11:42.232+0000] {logging_mixin.py:190} INFO - [2026-05-18T22:11:42.232+0000] {dag.py:4180} INFO - Setting next_dagrun for atv7_inferencia_titanic_v1 to None, run_after=None
[2026-05-18T22:11:42.247+0000] {processor.py:208} INFO - Processing /workspaces/meu-primeiro-etl-airflow/dags/dag_inferencia_titanic.py took 1.363 seconds
[2026-05-18T22:12:12.404+0000] {processor.py:186} INFO - Started process (PID=17960) to work on /workspaces/meu-primeiro-etl-airflow/dags/dag_inferencia_titanic.py
[2026-05-18T22:12:12.405+0000] {processor.py:914} INFO - Processing file /workspaces/meu-primeiro-etl-airflow/dags/dag_inferencia_titanic.py for tasks to queue
[2026-05-18T22:12:12.406+0000] {logging_mixin.py:190} INFO - [2026-05-18T22:12:12.406+0000] {dagbag.py:588} INFO - Filling up the DagBag from /workspaces/meu-primeiro-etl-airflow/dags/dag_inferencia_titanic.py
[2026-05-18T22:12:13.617+0000] {processor.py:925} INFO - DAG(s) 'atv7_inferencia_titanic_v1' retrieved from /workspaces/meu-primeiro-etl-airflow/dags/dag_inferencia_titanic.py
[2026-05-18T22:12:13.630+0000] {logging_mixin.py:190} INFO - [2026-05-18T22:12:13.629+0000] {dag.py:3239} INFO - Sync 1 DAGs
[2026-05-18T22:12:13.638+0000] {logging_mixin.py:190} INFO - [2026-05-18T22:12:13.638+0000] {dag.py:4180} INFO - Setting next_dagrun for atv7_inferencia_titanic_v1 to None, run_after=None
[2026-05-18T22:12:13.653+0000] {processor.py:208} INFO - Processing /workspaces/meu-primeiro-etl-airflow/dags/dag_inferencia_titanic.py took 1.253 seconds
[2026-05-18T22:12:43.797+0000] {processor.py:186} INFO - Started process (PID=18178) to work on /workspaces/meu-primeiro-etl-airflow/dags/dag_inferencia_titanic.py
[2026-05-18T22:12:43.798+0000] {processor.py:914} INFO - Processing file /workspaces/meu-primeiro-etl-airflow/dags/dag_inferencia_titanic.py for tasks to queue
[2026-05-18T22:12:43.799+0000] {logging_mixin.py:190} INFO - [2026-05-18T22:12:43.799+0000] {dagbag.py:588} INFO - Filling up the DagBag from /workspaces/meu-primeiro-etl-airflow/dags/dag_inferencia_titanic.py
[2026-05-18T22:12:44.988+0000] {processor.py:925} INFO - DAG(s) 'atv7_inferencia_titanic_v1' retrieved from /workspaces/meu-primeiro-etl-airflow/dags/dag_inferencia_titanic.py
[2026-05-18T22:12:45.004+0000] {logging_mixin.py:190} INFO - [2026-05-18T22:12:45.004+0000] {dag.py:3239} INFO - Sync 1 DAGs
[2026-05-18T22:12:45.017+0000] {logging_mixin.py:190} INFO - [2026-05-18T22:12:45.017+0000] {dag.py:4180} INFO - Setting next_dagrun for atv7_inferencia_titanic_v1 to None, run_after=None
[2026-05-18T22:12:45.039+0000] {processor.py:208} INFO - Processing /workspaces/meu-primeiro-etl-airflow/dags/dag_inferencia_titanic.py took 1.246 seconds
[2026-05-18T22:13:15.228+0000] {processor.py:186} INFO - Started process (PID=18458) to work on /workspaces/meu-primeiro-etl-airflow/dags/dag_inferencia_titanic.py
[2026-05-18T22:13:15.229+0000] {processor.py:914} INFO - Processing file /workspaces/meu-primeiro-etl-airflow/dags/dag_inferencia_titanic.py for tasks to queue
[2026-05-18T22:13:15.231+0000] {logging_mixin.py:190} INFO - [2026-05-18T22:13:15.230+0000] {dagbag.py:588} INFO - Filling up the DagBag from /workspaces/meu-primeiro-etl-airflow/dags/dag_inferencia_titanic.py
[2026-05-18T22:13:16.609+0000] {processor.py:925} INFO - DAG(s) 'atv7_inferencia_titanic_v1' retrieved from /workspaces/meu-primeiro-etl-airflow/dags/dag_inferencia_titanic.py
[2026-05-18T22:13:16.621+0000] {logging_mixin.py:190} INFO - [2026-05-18T22:13:16.621+0000] {dag.py:3239} INFO - Sync 1 DAGs
[2026-05-18T22:13:16.629+0000] {logging_mixin.py:190} INFO - [2026-05-18T22:13:16.629+0000] {dag.py:4180} INFO - Setting next_dagrun for atv7_inferencia_titanic_v1 to None, run_after=None
[2026-05-18T22:13:16.644+0000] {processor.py:208} INFO - Processing /workspaces/meu-primeiro-etl-airflow/dags/dag_inferencia_titanic.py took 1.420 seconds
[2026-05-18T22:13:47.167+0000] {processor.py:186} INFO - Started process (PID=18688) to work on /workspaces/meu-primeiro-etl-airflow/dags/dag_inferencia_titanic.py
[2026-05-18T22:13:47.168+0000] {processor.py:914} INFO - Processing file /workspaces/meu-primeiro-etl-airflow/dags/dag_inferencia_titanic.py for tasks to queue
[2026-05-18T22:13:47.169+0000] {logging_mixin.py:190} INFO - [2026-05-18T22:13:47.169+0000] {dagbag.py:588} INFO - Filling up the DagBag from /workspaces/meu-primeiro-etl-airflow/dags/dag_inferencia_titanic.py
[2026-05-18T22:13:48.478+0000] {processor.py:925} INFO - DAG(s) 'atv7_inferencia_titanic_v1' retrieved from /workspaces/meu-primeiro-etl-airflow/dags/dag_inferencia_titanic.py
[2026-05-18T22:13:48.491+0000] {logging_mixin.py:190} INFO - [2026-05-18T22:13:48.491+0000] {dag.py:3239} INFO - Sync 1 DAGs
[2026-05-18T22:13:48.499+0000] {logging_mixin.py:190} INFO - [2026-05-18T22:13:48.499+0000] {dag.py:4180} INFO - Setting next_dagrun for atv7_inferencia_titanic_v1 to None, run_after=None
[2026-05-18T22:13:48.514+0000] {processor.py:208} INFO - Processing /workspaces/meu-primeiro-etl-airflow/dags/dag_inferencia_titanic.py took 1.351 seconds
[2026-05-18T22:14:18.681+0000] {processor.py:186} INFO - Started process (PID=18969) to work on /workspaces/meu-primeiro-etl-airflow/dags/dag_inferencia_titanic.py
[2026-05-18T22:14:18.682+0000] {processor.py:914} INFO - Processing file /workspaces/meu-primeiro-etl-airflow/dags/dag_inferencia_titanic.py for tasks to queue
[2026-05-18T22:14:18.683+0000] {logging_mixin.py:190} INFO - [2026-05-18T22:14:18.683+0000] {dagbag.py:588} INFO - Filling up the DagBag from /workspaces/meu-primeiro-etl-airflow/dags/dag_inferencia_titanic.py
[2026-05-18T22:14:19.916+0000] {processor.py:925} INFO - DAG(s) 'atv7_inferencia_titanic_v1' retrieved from /workspaces/meu-primeiro-etl-airflow/dags/dag_inferencia_titanic.py
[2026-05-18T22:14:19.929+0000] {logging_mixin.py:190} INFO - [2026-05-18T22:14:19.928+0000] {dag.py:3239} INFO - Sync 1 DAGs
[2026-05-18T22:14:19.937+0000] {logging_mixin.py:190} INFO - [2026-05-18T22:14:19.937+0000] {dag.py:4180} INFO - Setting next_dagrun for atv7_inferencia_titanic_v1 to None, run_after=None
[2026-05-18T22:14:19.952+0000] {processor.py:208} INFO - Processing /workspaces/meu-primeiro-etl-airflow/dags/dag_inferencia_titanic.py took 1.275 seconds
[2026-05-18T22:14:50.089+0000] {processor.py:186} INFO - Started process (PID=19195) to work on /workspaces/meu-primeiro-etl-airflow/dags/dag_inferencia_titanic.py
[2026-05-18T22:14:50.090+0000] {processor.py:914} INFO - Processing file /workspaces/meu-primeiro-etl-airflow/dags/dag_inferencia_titanic.py for tasks to queue
[2026-05-18T22:14:50.092+0000] {logging_mixin.py:190} INFO - [2026-05-18T22:14:50.091+0000] {dagbag.py:588} INFO - Filling up the DagBag from /workspaces/meu-primeiro-etl-airflow/dags/dag_inferencia_titanic.py
[2026-05-18T22:14:51.189+0000] {processor.py:925} INFO - DAG(s) 'atv7_inferencia_titanic_v1' retrieved from /workspaces/meu-primeiro-etl-airflow/dags/dag_inferencia_titanic.py
[2026-05-18T22:14:51.200+0000] {logging_mixin.py:190} INFO - [2026-05-18T22:14:51.200+0000] {dag.py:3239} INFO - Sync 1 DAGs
[2026-05-18T22:14:51.209+0000] {logging_mixin.py:190} INFO - [2026-05-18T22:14:51.209+0000] {dag.py:4180} INFO - Setting next_dagrun for atv7_inferencia_titanic_v1 to None, run_after=None
[2026-05-18T22:14:51.224+0000] {processor.py:208} INFO - Processing /workspaces/meu-primeiro-etl-airflow/dags/dag_inferencia_titanic.py took 1.139 seconds
[2026-05-18T22:15:21.382+0000] {processor.py:186} INFO - Started process (PID=19530) to work on /workspaces/meu-primeiro-etl-airflow/dags/dag_inferencia_titanic.py
[2026-05-18T22:15:21.383+0000] {processor.py:914} INFO - Processing file /workspaces/meu-primeiro-etl-airflow/dags/dag_inferencia_titanic.py for tasks to queue
[2026-05-18T22:15:21.385+0000] {logging_mixin.py:190} INFO - [2026-05-18T22:15:21.384+0000] {dagbag.py:588} INFO - Filling up the DagBag from /workspaces/meu-primeiro-etl-airflow/dags/dag_inferencia_titanic.py
[2026-05-18T22:15:22.583+0000] {processor.py:925} INFO - DAG(s) 'atv7_inferencia_titanic_v1' retrieved from /workspaces/meu-primeiro-etl-airflow/dags/dag_inferencia_titanic.py
[2026-05-18T22:15:22.595+0000] {logging_mixin.py:190} INFO - [2026-05-18T22:15:22.595+0000] {dag.py:3239} INFO - Sync 1 DAGs
[2026-05-18T22:15:22.604+0000] {logging_mixin.py:190} INFO - [2026-05-18T22:15:22.603+0000] {dag.py:4180} INFO - Setting next_dagrun for atv7_inferencia_titanic_v1 to None, run_after=None
[2026-05-18T22:15:22.618+0000] {processor.py:208} INFO - Processing /workspaces/meu-primeiro-etl-airflow/dags/dag_inferencia_titanic.py took 1.240 seconds
[2026-05-18T22:15:52.776+0000] {processor.py:186} INFO - Started process (PID=19746) to work on /workspaces/meu-primeiro-etl-airflow/dags/dag_inferencia_titanic.py
[2026-05-18T22:15:52.776+0000] {processor.py:914} INFO - Processing file /workspaces/meu-primeiro-etl-airflow/dags/dag_inferencia_titanic.py for tasks to queue
[2026-05-18T22:15:52.778+0000] {logging_mixin.py:190} INFO - [2026-05-18T22:15:52.778+0000] {dagbag.py:588} INFO - Filling up the DagBag from /workspaces/meu-primeiro-etl-airflow/dags/dag_inferencia_titanic.py
[2026-05-18T22:15:53.904+0000] {processor.py:925} INFO - DAG(s) 'atv7_inferencia_titanic_v1' retrieved from /workspaces/meu-primeiro-etl-airflow/dags/dag_inferencia_titanic.py
[2026-05-18T22:15:53.917+0000] {logging_mixin.py:190} INFO - [2026-05-18T22:15:53.917+0000] {dag.py:3239} INFO - Sync 1 DAGs
[2026-05-18T22:15:53.925+0000] {logging_mixin.py:190} INFO - [2026-05-18T22:15:53.925+0000] {dag.py:4180} INFO - Setting next_dagrun for atv7_inferencia_titanic_v1 to None, run_after=None
[2026-05-18T22:15:53.941+0000] {processor.py:208} INFO - Processing /workspaces/meu-primeiro-etl-airflow/dags/dag_inferencia_titanic.py took 1.169 seconds
[2026-05-18T22:16:24.072+0000] {processor.py:186} INFO - Started process (PID=20024) to work on /workspaces/meu-primeiro-etl-airflow/dags/dag_inferencia_titanic.py
[2026-05-18T22:16:24.073+0000] {processor.py:914} INFO - Processing file /workspaces/meu-primeiro-etl-airflow/dags/dag_inferencia_titanic.py for tasks to queue
[2026-05-18T22:16:24.075+0000] {logging_mixin.py:190} INFO - [2026-05-18T22:16:24.074+0000] {dagbag.py:588} INFO - Filling up the DagBag from /workspaces/meu-primeiro-etl-airflow/dags/dag_inferencia_titanic.py
[2026-05-18T22:16:25.216+0000] {processor.py:925} INFO - DAG(s) 'atv7_inferencia_titanic_v1' retrieved from /workspaces/meu-primeiro-etl-airflow/dags/dag_inferencia_titanic.py
[2026-05-18T22:16:25.228+0000] {logging_mixin.py:190} INFO - [2026-05-18T22:16:25.227+0000] {dag.py:3239} INFO - Sync 1 DAGs
[2026-05-18T22:16:25.236+0000] {logging_mixin.py:190} INFO - [2026-05-18T22:16:25.236+0000] {dag.py:4180} INFO - Setting next_dagrun for atv7_inferencia_titanic_v1 to None, run_after=None
[2026-05-18T22:16:25.251+0000] {processor.py:208} INFO - Processing /workspaces/meu-primeiro-etl-airflow/dags/dag_inferencia_titanic.py took 1.182 seconds
[2026-05-18T22:16:55.367+0000] {processor.py:186} INFO - Started process (PID=20244) to work on /workspaces/meu-primeiro-etl-airflow/dags/dag_inferencia_titanic.py
[2026-05-18T22:16:55.368+0000] {processor.py:914} INFO - Processing file /workspaces/meu-primeiro-etl-airflow/dags/dag_inferencia_titanic.py for tasks to queue
[2026-05-18T22:16:55.370+0000] {logging_mixin.py:190} INFO - [2026-05-18T22:16:55.369+0000] {dagbag.py:588} INFO - Filling up the DagBag from /workspaces/meu-primeiro-etl-airflow/dags/dag_inferencia_titanic.py
[2026-05-18T22:16:56.489+0000] {processor.py:925} INFO - DAG(s) 'atv7_inferencia_titanic_v1' retrieved from /workspaces/meu-primeiro-etl-airflow/dags/dag_inferencia_titanic.py
[2026-05-18T22:16:56.505+0000] {logging_mixin.py:190} INFO - [2026-05-18T22:16:56.504+0000] {dag.py:3239} INFO - Sync 1 DAGs
[2026-05-18T22:16:56.516+0000] {logging_mixin.py:190} INFO - [2026-05-18T22:16:56.516+0000] {dag.py:4180} INFO - Setting next_dagrun for atv7_inferencia_titanic_v1 to None, run_after=None
[2026-05-18T22:16:56.558+0000] {processor.py:208} INFO - Processing /workspaces/meu-primeiro-etl-airflow/dags/dag_inferencia_titanic.py took 1.195 seconds
[2026-05-18T22:17:27.749+0000] {processor.py:186} INFO - Started process (PID=20525) to work on /workspaces/meu-primeiro-etl-airflow/dags/dag_inferencia_titanic.py
[2026-05-18T22:17:27.750+0000] {processor.py:914} INFO - Processing file /workspaces/meu-primeiro-etl-airflow/dags/dag_inferencia_titanic.py for tasks to queue
[2026-05-18T22:17:27.752+0000] {logging_mixin.py:190} INFO - [2026-05-18T22:17:27.752+0000] {dagbag.py:588} INFO - Filling up the DagBag from /workspaces/meu-primeiro-etl-airflow/dags/dag_inferencia_titanic.py
[2026-05-18T22:17:28.847+0000] {processor.py:925} INFO - DAG(s) 'atv7_inferencia_titanic_v1' retrieved from /workspaces/meu-primeiro-etl-airflow/dags/dag_inferencia_titanic.py
[2026-05-18T22:17:28.859+0000] {logging_mixin.py:190} INFO - [2026-05-18T22:17:28.859+0000] {dag.py:3239} INFO - Sync 1 DAGs
[2026-05-18T22:17:28.867+0000] {logging_mixin.py:190} INFO - [2026-05-18T22:17:28.867+0000] {dag.py:4180} INFO - Setting next_dagrun for atv7_inferencia_titanic_v1 to None, run_after=None
[2026-05-18T22:17:28.882+0000] {processor.py:208} INFO - Processing /workspaces/meu-primeiro-etl-airflow/dags/dag_inferencia_titanic.py took 1.150 seconds
[2026-05-18T22:17:59.209+0000] {processor.py:186} INFO - Started process (PID=20803) to work on /workspaces/meu-primeiro-etl-airflow/dags/dag_inferencia_titanic.py
[2026-05-18T22:17:59.209+0000] {processor.py:914} INFO - Processing file /workspaces/meu-primeiro-etl-airflow/dags/dag_inferencia_titanic.py for tasks to queue
[2026-05-18T22:17:59.211+0000] {logging_mixin.py:190} INFO - [2026-05-18T22:17:59.211+0000] {dagbag.py:588} INFO - Filling up the DagBag from /workspaces/meu-primeiro-etl-airflow/dags/dag_inferencia_titanic.py
[2026-05-18T22:18:00.524+0000] {processor.py:925} INFO - DAG(s) 'atv7_inferencia_titanic_v1' retrieved from /workspaces/meu-primeiro-etl-airflow/dags/dag_inferencia_titanic.py
[2026-05-18T22:18:00.537+0000] {logging_mixin.py:190} INFO - [2026-05-18T22:18:00.536+0000] {dag.py:3239} INFO - Sync 1 DAGs
[2026-05-18T22:18:00.545+0000] {logging_mixin.py:190} INFO - [2026-05-18T22:18:00.544+0000] {dag.py:4180} INFO - Setting next_dagrun for atv7_inferencia_titanic_v1 to None, run_after=None
[2026-05-18T22:18:00.559+0000] {processor.py:208} INFO - Processing /workspaces/meu-primeiro-etl-airflow/dags/dag_inferencia_titanic.py took 1.355 seconds
[2026-05-18T22:18:31.608+0000] {processor.py:186} INFO - Started process (PID=21039) to work on /workspaces/meu-primeiro-etl-airflow/dags/dag_inferencia_titanic.py
[2026-05-18T22:18:31.608+0000] {processor.py:914} INFO - Processing file /workspaces/meu-primeiro-etl-airflow/dags/dag_inferencia_titanic.py for tasks to queue
[2026-05-18T22:18:31.610+0000] {logging_mixin.py:190} INFO - [2026-05-18T22:18:31.610+0000] {dagbag.py:588} INFO - Filling up the DagBag from /workspaces/meu-primeiro-etl-airflow/dags/dag_inferencia_titanic.py
[2026-05-18T22:18:32.839+0000] {processor.py:925} INFO - DAG(s) 'atv7_inferencia_titanic_v1' retrieved from /workspaces/meu-primeiro-etl-airflow/dags/dag_inferencia_titanic.py
[2026-05-18T22:18:32.854+0000] {logging_mixin.py:190} INFO - [2026-05-18T22:18:32.854+0000] {dag.py:3239} INFO - Sync 1 DAGs
[2026-05-18T22:18:32.868+0000] {logging_mixin.py:190} INFO - [2026-05-18T22:18:32.868+0000] {dag.py:4180} INFO - Setting next_dagrun for atv7_inferencia_titanic_v1 to None, run_after=None
[2026-05-18T22:18:32.888+0000] {processor.py:208} INFO - Processing /workspaces/meu-primeiro-etl-airflow/dags/dag_inferencia_titanic.py took 1.284 seconds
[2026-05-18T22:19:03.080+0000] {processor.py:186} INFO - Started process (PID=21318) to work on /workspaces/meu-primeiro-etl-airflow/dags/dag_inferencia_titanic.py
[2026-05-18T22:19:03.081+0000] {processor.py:914} INFO - Processing file /workspaces/meu-primeiro-etl-airflow/dags/dag_inferencia_titanic.py for tasks to queue
[2026-05-18T22:19:03.083+0000] {logging_mixin.py:190} INFO - [2026-05-18T22:19:03.083+0000] {dagbag.py:588} INFO - Filling up the DagBag from /workspaces/meu-primeiro-etl-airflow/dags/dag_inferencia_titanic.py
[2026-05-18T22:19:04.274+0000] {processor.py:925} INFO - DAG(s) 'atv7_inferencia_titanic_v1' retrieved from /workspaces/meu-primeiro-etl-airflow/dags/dag_inferencia_titanic.py
[2026-05-18T22:19:04.286+0000] {logging_mixin.py:190} INFO - [2026-05-18T22:19:04.286+0000] {dag.py:3239} INFO - Sync 1 DAGs
[2026-05-18T22:19:04.295+0000] {logging_mixin.py:190} INFO - [2026-05-18T22:19:04.295+0000] {dag.py:4180} INFO - Setting next_dagrun for atv7_inferencia_titanic_v1 to None, run_after=None
[2026-05-18T22:19:04.309+0000] {processor.py:208} INFO - Processing /workspaces/meu-primeiro-etl-airflow/dags/dag_inferencia_titanic.py took 1.233 seconds
[2026-05-18T22:19:34.593+0000] {processor.py:186} INFO - Started process (PID=21538) to work on /workspaces/meu-primeiro-etl-airflow/dags/dag_inferencia_titanic.py
[2026-05-18T22:19:34.594+0000] {processor.py:914} INFO - Processing file /workspaces/meu-primeiro-etl-airflow/dags/dag_inferencia_titanic.py for tasks to queue
[2026-05-18T22:19:34.596+0000] {logging_mixin.py:190} INFO - [2026-05-18T22:19:34.596+0000] {dagbag.py:588} INFO - Filling up the DagBag from /workspaces/meu-primeiro-etl-airflow/dags/dag_inferencia_titanic.py
[2026-05-18T22:19:35.701+0000] {processor.py:925} INFO - DAG(s) 'atv7_inferencia_titanic_v1' retrieved from /workspaces/meu-primeiro-etl-airflow/dags/dag_inferencia_titanic.py
[2026-05-18T22:19:35.714+0000] {logging_mixin.py:190} INFO - [2026-05-18T22:19:35.714+0000] {dag.py:3239} INFO - Sync 1 DAGs
[2026-05-18T22:19:35.723+0000] {logging_mixin.py:190} INFO - [2026-05-18T22:19:35.723+0000] {dag.py:4180} INFO - Setting next_dagrun for atv7_inferencia_titanic_v1 to None, run_after=None
[2026-05-18T22:19:35.738+0000] {processor.py:208} INFO - Processing /workspaces/meu-primeiro-etl-airflow/dags/dag_inferencia_titanic.py took 1.152 seconds
[2026-05-18T22:20:06.150+0000] {processor.py:186} INFO - Started process (PID=21881) to work on /workspaces/meu-primeiro-etl-airflow/dags/dag_inferencia_titanic.py
[2026-05-18T22:20:06.151+0000] {processor.py:914} INFO - Processing file /workspaces/meu-primeiro-etl-airflow/dags/dag_inferencia_titanic.py for tasks to queue
[2026-05-18T22:20:06.152+0000] {logging_mixin.py:190} INFO - [2026-05-18T22:20:06.152+0000] {dagbag.py:588} INFO - Filling up the DagBag from /workspaces/meu-primeiro-etl-airflow/dags/dag_inferencia_titanic.py
[2026-05-18T22:20:07.307+0000] {processor.py:925} INFO - DAG(s) 'atv7_inferencia_titanic_v1' retrieved from /workspaces/meu-primeiro-etl-airflow/dags/dag_inferencia_titanic.py
[2026-05-18T22:20:07.323+0000] {logging_mixin.py:190} INFO - [2026-05-18T22:20:07.323+0000] {dag.py:3239} INFO - Sync 1 DAGs
[2026-05-18T22:20:07.334+0000] {logging_mixin.py:190} INFO - [2026-05-18T22:20:07.334+0000] {dag.py:4180} INFO - Setting next_dagrun for atv7_inferencia_titanic_v1 to None, run_after=None
[2026-05-18T22:20:07.351+0000] {processor.py:208} INFO - Processing /workspaces/meu-primeiro-etl-airflow/dags/dag_inferencia_titanic.py took 1.206 seconds
[2026-05-18T22:20:37.526+0000] {processor.py:186} INFO - Started process (PID=22095) to work on /workspaces/meu-primeiro-etl-airflow/dags/dag_inferencia_titanic.py
[2026-05-18T22:20:37.527+0000] {processor.py:914} INFO - Processing file /workspaces/meu-primeiro-etl-airflow/dags/dag_inferencia_titanic.py for tasks to queue
[2026-05-18T22:20:37.529+0000] {logging_mixin.py:190} INFO - [2026-05-18T22:20:37.529+0000] {dagbag.py:588} INFO - Filling up the DagBag from /workspaces/meu-primeiro-etl-airflow/dags/dag_inferencia_titanic.py
[2026-05-18T22:20:38.664+0000] {processor.py:925} INFO - DAG(s) 'atv7_inferencia_titanic_v1' retrieved from /workspaces/meu-primeiro-etl-airflow/dags/dag_inferencia_titanic.py
[2026-05-18T22:20:38.677+0000] {logging_mixin.py:190} INFO - [2026-05-18T22:20:38.677+0000] {dag.py:3239} INFO - Sync 1 DAGs
[2026-05-18T22:20:38.685+0000] {logging_mixin.py:190} INFO - [2026-05-18T22:20:38.685+0000] {dag.py:4180} INFO - Setting next_dagrun for atv7_inferencia_titanic_v1 to None, run_after=None
[2026-05-18T22:20:38.700+0000] {processor.py:208} INFO - Processing /workspaces/meu-primeiro-etl-airflow/dags/dag_inferencia_titanic.py took 1.178 seconds
[2026-05-18T22:21:09.009+0000] {processor.py:186} INFO - Started process (PID=22376) to work on /workspaces/meu-primeiro-etl-airflow/dags/dag_inferencia_titanic.py
[2026-05-18T22:21:09.010+0000] {processor.py:914} INFO - Processing file /workspaces/meu-primeiro-etl-airflow/dags/dag_inferencia_titanic.py for tasks to queue
[2026-05-18T22:21:09.012+0000] {logging_mixin.py:190} INFO - [2026-05-18T22:21:09.011+0000] {dagbag.py:588} INFO - Filling up the DagBag from /workspaces/meu-primeiro-etl-airflow/dags/dag_inferencia_titanic.py
[2026-05-18T22:21:10.196+0000] {processor.py:925} INFO - DAG(s) 'atv7_inferencia_titanic_v1' retrieved from /workspaces/meu-primeiro-etl-airflow/dags/dag_inferencia_titanic.py
[2026-05-18T22:21:10.216+0000] {logging_mixin.py:190} INFO - [2026-05-18T22:21:10.215+0000] {dag.py:3239} INFO - Sync 1 DAGs
[2026-05-18T22:21:10.224+0000] {logging_mixin.py:190} INFO - [2026-05-18T22:21:10.224+0000] {dag.py:4180} INFO - Setting next_dagrun for atv7_inferencia_titanic_v1 to None, run_after=None
[2026-05-18T22:21:10.239+0000] {processor.py:208} INFO - Processing /workspaces/meu-primeiro-etl-airflow/dags/dag_inferencia_titanic.py took 1.236 seconds
[2026-05-18T22:21:40.392+0000] {processor.py:186} INFO - Started process (PID=22595) to work on /workspaces/meu-primeiro-etl-airflow/dags/dag_inferencia_titanic.py
[2026-05-18T22:21:40.392+0000] {processor.py:914} INFO - Processing file /workspaces/meu-primeiro-etl-airflow/dags/dag_inferencia_titanic.py for tasks to queue
[2026-05-18T22:21:40.395+0000] {logging_mixin.py:190} INFO - [2026-05-18T22:21:40.394+0000] {dagbag.py:588} INFO - Filling up the DagBag from /workspaces/meu-primeiro-etl-airflow/dags/dag_inferencia_titanic.py
[2026-05-18T22:21:41.568+0000] {processor.py:925} INFO - DAG(s) 'atv7_inferencia_titanic_v1' retrieved from /workspaces/meu-primeiro-etl-airflow/dags/dag_inferencia_titanic.py
[2026-05-18T22:21:41.580+0000] {logging_mixin.py:190} INFO - [2026-05-18T22:21:41.580+0000] {dag.py:3239} INFO - Sync 1 DAGs
[2026-05-18T22:21:41.588+0000] {logging_mixin.py:190} INFO - [2026-05-18T22:21:41.588+0000] {dag.py:4180} INFO - Setting next_dagrun for atv7_inferencia_titanic_v1 to None, run_after=None
[2026-05-18T22:21:41.603+0000] {processor.py:208} INFO - Processing /workspaces/meu-primeiro-etl-airflow/dags/dag_inferencia_titanic.py took 1.215 seconds
[2026-05-18T22:22:11.765+0000] {processor.py:186} INFO - Started process (PID=22874) to work on /workspaces/meu-primeiro-etl-airflow/dags/dag_inferencia_titanic.py
[2026-05-18T22:22:11.765+0000] {processor.py:914} INFO - Processing file /workspaces/meu-primeiro-etl-airflow/dags/dag_inferencia_titanic.py for tasks to queue
[2026-05-18T22:22:11.767+0000] {logging_mixin.py:190} INFO - [2026-05-18T22:22:11.767+0000] {dagbag.py:588} INFO - Filling up the DagBag from /workspaces/meu-primeiro-etl-airflow/dags/dag_inferencia_titanic.py
[2026-05-18T22:22:13.002+0000] {processor.py:925} INFO - DAG(s) 'atv7_inferencia_titanic_v1' retrieved from /workspaces/meu-primeiro-etl-airflow/dags/dag_inferencia_titanic.py
[2026-05-18T22:22:13.014+0000] {logging_mixin.py:190} INFO - [2026-05-18T22:22:13.014+0000] {dag.py:3239} INFO - Sync 1 DAGs
[2026-05-18T22:22:13.022+0000] {logging_mixin.py:190} INFO - [2026-05-18T22:22:13.022+0000] {dag.py:4180} INFO - Setting next_dagrun for atv7_inferencia_titanic_v1 to None, run_after=None
[2026-05-18T22:22:13.037+0000] {processor.py:208} INFO - Processing /workspaces/meu-primeiro-etl-airflow/dags/dag_inferencia_titanic.py took 1.278 seconds
[2026-05-18T22:22:43.134+0000] {processor.py:186} INFO - Started process (PID=23089) to work on /workspaces/meu-primeiro-etl-airflow/dags/dag_inferencia_titanic.py
[2026-05-18T22:22:43.135+0000] {processor.py:914} INFO - Processing file /workspaces/meu-primeiro-etl-airflow/dags/dag_inferencia_titanic.py for tasks to queue
[2026-05-18T22:22:43.137+0000] {logging_mixin.py:190} INFO - [2026-05-18T22:22:43.136+0000] {dagbag.py:588} INFO - Filling up the DagBag from /workspaces/meu-primeiro-etl-airflow/dags/dag_inferencia_titanic.py
[2026-05-18T22:22:44.331+0000] {processor.py:925} INFO - DAG(s) 'atv7_inferencia_titanic_v1' retrieved from /workspaces/meu-primeiro-etl-airflow/dags/dag_inferencia_titanic.py
[2026-05-18T22:22:44.343+0000] {logging_mixin.py:190} INFO - [2026-05-18T22:22:44.343+0000] {dag.py:3239} INFO - Sync 1 DAGs
[2026-05-18T22:22:44.352+0000] {logging_mixin.py:190} INFO - [2026-05-18T22:22:44.352+0000] {dag.py:4180} INFO - Setting next_dagrun for atv7_inferencia_titanic_v1 to None, run_after=None
[2026-05-18T22:22:44.367+0000] {processor.py:208} INFO - Processing /workspaces/meu-primeiro-etl-airflow/dags/dag_inferencia_titanic.py took 1.237 seconds
[2026-05-18T22:23:14.605+0000] {processor.py:186} INFO - Started process (PID=23367) to work on /workspaces/meu-primeiro-etl-airflow/dags/dag_inferencia_titanic.py
[2026-05-18T22:23:14.606+0000] {processor.py:914} INFO - Processing file /workspaces/meu-primeiro-etl-airflow/dags/dag_inferencia_titanic.py for tasks to queue
[2026-05-18T22:23:14.608+0000] {logging_mixin.py:190} INFO - [2026-05-18T22:23:14.607+0000] {dagbag.py:588} INFO - Filling up the DagBag from /workspaces/meu-primeiro-etl-airflow/dags/dag_inferencia_titanic.py
[2026-05-18T22:23:15.885+0000] {processor.py:925} INFO - DAG(s) 'atv7_inferencia_titanic_v1' retrieved from /workspaces/meu-primeiro-etl-airflow/dags/dag_inferencia_titanic.py
[2026-05-18T22:23:15.897+0000] {logging_mixin.py:190} INFO - [2026-05-18T22:23:15.897+0000] {dag.py:3239} INFO - Sync 1 DAGs
[2026-05-18T22:23:15.906+0000] {logging_mixin.py:190} INFO - [2026-05-18T22:23:15.905+0000] {dag.py:4180} INFO - Setting next_dagrun for atv7_inferencia_titanic_v1 to None, run_after=None
[2026-05-18T22:23:15.920+0000] {processor.py:208} INFO - Processing /workspaces/meu-primeiro-etl-airflow/dags/dag_inferencia_titanic.py took 1.319 seconds
[2026-05-18T22:23:47.031+0000] {processor.py:186} INFO - Started process (PID=23612) to work on /workspaces/meu-primeiro-etl-airflow/dags/dag_inferencia_titanic.py
[2026-05-18T22:23:47.031+0000] {processor.py:914} INFO - Processing file /workspaces/meu-primeiro-etl-airflow/dags/dag_inferencia_titanic.py for tasks to queue
[2026-05-18T22:23:47.034+0000] {logging_mixin.py:190} INFO - [2026-05-18T22:23:47.033+0000] {dagbag.py:588} INFO - Filling up the DagBag from /workspaces/meu-primeiro-etl-airflow/dags/dag_inferencia_titanic.py
[2026-05-18T22:23:48.183+0000] {processor.py:925} INFO - DAG(s) 'atv7_inferencia_titanic_v1' retrieved from /workspaces/meu-primeiro-etl-airflow/dags/dag_inferencia_titanic.py
[2026-05-18T22:23:48.195+0000] {logging_mixin.py:190} INFO - [2026-05-18T22:23:48.194+0000] {dag.py:3239} INFO - Sync 1 DAGs
[2026-05-18T22:23:48.204+0000] {logging_mixin.py:190} INFO - [2026-05-18T22:23:48.203+0000] {dag.py:4180} INFO - Setting next_dagrun for atv7_inferencia_titanic_v1 to None, run_after=None
[2026-05-18T22:23:48.218+0000] {processor.py:208} INFO - Processing /workspaces/meu-primeiro-etl-airflow/dags/dag_inferencia_titanic.py took 1.192 seconds
[2026-05-18T22:24:18.403+0000] {processor.py:186} INFO - Started process (PID=23889) to work on /workspaces/meu-primeiro-etl-airflow/dags/dag_inferencia_titanic.py
[2026-05-18T22:24:18.404+0000] {processor.py:914} INFO - Processing file /workspaces/meu-primeiro-etl-airflow/dags/dag_inferencia_titanic.py for tasks to queue
[2026-05-18T22:24:18.405+0000] {logging_mixin.py:190} INFO - [2026-05-18T22:24:18.405+0000] {dagbag.py:588} INFO - Filling up the DagBag from /workspaces/meu-primeiro-etl-airflow/dags/dag_inferencia_titanic.py
[2026-05-18T22:24:19.580+0000] {processor.py:925} INFO - DAG(s) 'atv7_inferencia_titanic_v1' retrieved from /workspaces/meu-primeiro-etl-airflow/dags/dag_inferencia_titanic.py
[2026-05-18T22:24:19.592+0000] {logging_mixin.py:190} INFO - [2026-05-18T22:24:19.592+0000] {dag.py:3239} INFO - Sync 1 DAGs
[2026-05-18T22:24:19.601+0000] {logging_mixin.py:190} INFO - [2026-05-18T22:24:19.600+0000] {dag.py:4180} INFO - Setting next_dagrun for atv7_inferencia_titanic_v1 to None, run_after=None
[2026-05-18T22:24:19.615+0000] {processor.py:208} INFO - Processing /workspaces/meu-primeiro-etl-airflow/dags/dag_inferencia_titanic.py took 1.217 seconds
[2026-05-18T22:24:49.765+0000] {processor.py:186} INFO - Started process (PID=24102) to work on /workspaces/meu-primeiro-etl-airflow/dags/dag_inferencia_titanic.py
[2026-05-18T22:24:49.766+0000] {processor.py:914} INFO - Processing file /workspaces/meu-primeiro-etl-airflow/dags/dag_inferencia_titanic.py for tasks to queue
[2026-05-18T22:24:49.768+0000] {logging_mixin.py:190} INFO - [2026-05-18T22:24:49.768+0000] {dagbag.py:588} INFO - Filling up the DagBag from /workspaces/meu-primeiro-etl-airflow/dags/dag_inferencia_titanic.py
[2026-05-18T22:24:51.022+0000] {processor.py:925} INFO - DAG(s) 'atv7_inferencia_titanic_v1' retrieved from /workspaces/meu-primeiro-etl-airflow/dags/dag_inferencia_titanic.py
[2026-05-18T22:24:51.035+0000] {logging_mixin.py:190} INFO - [2026-05-18T22:24:51.035+0000] {dag.py:3239} INFO - Sync 1 DAGs
[2026-05-18T22:24:51.043+0000] {logging_mixin.py:190} INFO - [2026-05-18T22:24:51.043+0000] {dag.py:4180} INFO - Setting next_dagrun for atv7_inferencia_titanic_v1 to None, run_after=None
[2026-05-18T22:24:51.058+0000] {processor.py:208} INFO - Processing /workspaces/meu-primeiro-etl-airflow/dags/dag_inferencia_titanic.py took 1.296 seconds
[2026-05-18T22:25:21.361+0000] {processor.py:186} INFO - Started process (PID=24440) to work on /workspaces/meu-primeiro-etl-airflow/dags/dag_inferencia_titanic.py
[2026-05-18T22:25:21.362+0000] {processor.py:914} INFO - Processing file /workspaces/meu-primeiro-etl-airflow/dags/dag_inferencia_titanic.py for tasks to queue
[2026-05-18T22:25:21.363+0000] {logging_mixin.py:190} INFO - [2026-05-18T22:25:21.363+0000] {dagbag.py:588} INFO - Filling up the DagBag from /workspaces/meu-primeiro-etl-airflow/dags/dag_inferencia_titanic.py
[2026-05-18T22:25:22.530+0000] {processor.py:925} INFO - DAG(s) 'atv7_inferencia_titanic_v1' retrieved from /workspaces/meu-primeiro-etl-airflow/dags/dag_inferencia_titanic.py
[2026-05-18T22:25:22.541+0000] {logging_mixin.py:190} INFO - [2026-05-18T22:25:22.541+0000] {dag.py:3239} INFO - Sync 1 DAGs
[2026-05-18T22:25:22.550+0000] {logging_mixin.py:190} INFO - [2026-05-18T22:25:22.549+0000] {dag.py:4180} INFO - Setting next_dagrun for atv7_inferencia_titanic_v1 to None, run_after=None
[2026-05-18T22:25:22.564+0000] {processor.py:208} INFO - Processing /workspaces/meu-primeiro-etl-airflow/dags/dag_inferencia_titanic.py took 1.207 seconds
[2026-05-18T22:25:52.831+0000] {processor.py:186} INFO - Started process (PID=24656) to work on /workspaces/meu-primeiro-etl-airflow/dags/dag_inferencia_titanic.py
[2026-05-18T22:25:52.831+0000] {processor.py:914} INFO - Processing file /workspaces/meu-primeiro-etl-airflow/dags/dag_inferencia_titanic.py for tasks to queue
[2026-05-18T22:25:52.834+0000] {logging_mixin.py:190} INFO - [2026-05-18T22:25:52.833+0000] {dagbag.py:588} INFO - Filling up the DagBag from /workspaces/meu-primeiro-etl-airflow/dags/dag_inferencia_titanic.py
[2026-05-18T22:25:54.060+0000] {processor.py:925} INFO - DAG(s) 'atv7_inferencia_titanic_v1' retrieved from /workspaces/meu-primeiro-etl-airflow/dags/dag_inferencia_titanic.py
[2026-05-18T22:25:54.081+0000] {logging_mixin.py:190} INFO - [2026-05-18T22:25:54.080+0000] {dag.py:3239} INFO - Sync 1 DAGs
[2026-05-18T22:25:54.095+0000] {logging_mixin.py:190} INFO - [2026-05-18T22:25:54.095+0000] {dag.py:4180} INFO - Setting next_dagrun for atv7_inferencia_titanic_v1 to None, run_after=None
[2026-05-18T22:25:54.116+0000] {processor.py:208} INFO - Processing /workspaces/meu-primeiro-etl-airflow/dags/dag_inferencia_titanic.py took 1.290 seconds
[2026-05-18T22:26:24.206+0000] {processor.py:186} INFO - Started process (PID=24937) to work on /workspaces/meu-primeiro-etl-airflow/dags/dag_inferencia_titanic.py
[2026-05-18T22:26:24.206+0000] {processor.py:914} INFO - Processing file /workspaces/meu-primeiro-etl-airflow/dags/dag_inferencia_titanic.py for tasks to queue
[2026-05-18T22:26:24.208+0000] {logging_mixin.py:190} INFO - [2026-05-18T22:26:24.208+0000] {dagbag.py:588} INFO - Filling up the DagBag from /workspaces/meu-primeiro-etl-airflow/dags/dag_inferencia_titanic.py
[2026-05-18T22:26:25.460+0000] {processor.py:925} INFO - DAG(s) 'atv7_inferencia_titanic_v1' retrieved from /workspaces/meu-primeiro-etl-airflow/dags/dag_inferencia_titanic.py
[2026-05-18T22:26:25.472+0000] {logging_mixin.py:190} INFO - [2026-05-18T22:26:25.471+0000] {dag.py:3239} INFO - Sync 1 DAGs
[2026-05-18T22:26:25.481+0000] {logging_mixin.py:190} INFO - [2026-05-18T22:26:25.481+0000] {dag.py:4180} INFO - Setting next_dagrun for atv7_inferencia_titanic_v1 to None, run_after=None
[2026-05-18T22:26:25.501+0000] {processor.py:208} INFO - Processing /workspaces/meu-primeiro-etl-airflow/dags/dag_inferencia_titanic.py took 1.300 seconds
[2026-05-18T22:26:55.682+0000] {processor.py:186} INFO - Started process (PID=25149) to work on /workspaces/meu-primeiro-etl-airflow/dags/dag_inferencia_titanic.py
[2026-05-18T22:26:55.682+0000] {processor.py:914} INFO - Processing file /workspaces/meu-primeiro-etl-airflow/dags/dag_inferencia_titanic.py for tasks to queue
[2026-05-18T22:26:55.684+0000] {logging_mixin.py:190} INFO - [2026-05-18T22:26:55.684+0000] {dagbag.py:588} INFO - Filling up the DagBag from /workspaces/meu-primeiro-etl-airflow/dags/dag_inferencia_titanic.py
[2026-05-18T22:26:56.948+0000] {processor.py:925} INFO - DAG(s) 'atv7_inferencia_titanic_v1' retrieved from /workspaces/meu-primeiro-etl-airflow/dags/dag_inferencia_titanic.py
[2026-05-18T22:26:56.960+0000] {logging_mixin.py:190} INFO - [2026-05-18T22:26:56.960+0000] {dag.py:3239} INFO - Sync 1 DAGs
[2026-05-18T22:26:56.969+0000] {logging_mixin.py:190} INFO - [2026-05-18T22:26:56.969+0000] {dag.py:4180} INFO - Setting next_dagrun for atv7_inferencia_titanic_v1 to None, run_after=None
[2026-05-18T22:26:56.984+0000] {processor.py:208} INFO - Processing /workspaces/meu-primeiro-etl-airflow/dags/dag_inferencia_titanic.py took 1.307 seconds
[2026-05-18T22:27:27.166+0000] {processor.py:186} INFO - Started process (PID=25432) to work on /workspaces/meu-primeiro-etl-airflow/dags/dag_inferencia_titanic.py
[2026-05-18T22:27:27.167+0000] {processor.py:914} INFO - Processing file /workspaces/meu-primeiro-etl-airflow/dags/dag_inferencia_titanic.py for tasks to queue
[2026-05-18T22:27:27.169+0000] {logging_mixin.py:190} INFO - [2026-05-18T22:27:27.168+0000] {dagbag.py:588} INFO - Filling up the DagBag from /workspaces/meu-primeiro-etl-airflow/dags/dag_inferencia_titanic.py
[2026-05-18T22:27:28.285+0000] {processor.py:925} INFO - DAG(s) 'atv7_inferencia_titanic_v1' retrieved from /workspaces/meu-primeiro-etl-airflow/dags/dag_inferencia_titanic.py
[2026-05-18T22:27:28.297+0000] {logging_mixin.py:190} INFO - [2026-05-18T22:27:28.297+0000] {dag.py:3239} INFO - Sync 1 DAGs
[2026-05-18T22:27:28.306+0000] {logging_mixin.py:190} INFO - [2026-05-18T22:27:28.306+0000] {dag.py:4180} INFO - Setting next_dagrun for atv7_inferencia_titanic_v1 to None, run_after=None
[2026-05-18T22:27:28.320+0000] {processor.py:208} INFO - Processing /workspaces/meu-primeiro-etl-airflow/dags/dag_inferencia_titanic.py took 1.158 seconds
[2026-05-18T22:27:59.171+0000] {processor.py:186} INFO - Started process (PID=25675) to work on /workspaces/meu-primeiro-etl-airflow/dags/dag_inferencia_titanic.py
[2026-05-18T22:27:59.172+0000] {processor.py:914} INFO - Processing file /workspaces/meu-primeiro-etl-airflow/dags/dag_inferencia_titanic.py for tasks to queue
[2026-05-18T22:27:59.174+0000] {logging_mixin.py:190} INFO - [2026-05-18T22:27:59.173+0000] {dagbag.py:588} INFO - Filling up the DagBag from /workspaces/meu-primeiro-etl-airflow/dags/dag_inferencia_titanic.py
[2026-05-18T22:28:00.450+0000] {processor.py:925} INFO - DAG(s) 'atv7_inferencia_titanic_v1' retrieved from /workspaces/meu-primeiro-etl-airflow/dags/dag_inferencia_titanic.py
[2026-05-18T22:28:00.462+0000] {logging_mixin.py:190} INFO - [2026-05-18T22:28:00.462+0000] {dag.py:3239} INFO - Sync 1 DAGs
[2026-05-18T22:28:00.470+0000] {logging_mixin.py:190} INFO - [2026-05-18T22:28:00.470+0000] {dag.py:4180} INFO - Setting next_dagrun for atv7_inferencia_titanic_v1 to None, run_after=None
[2026-05-18T22:28:00.484+0000] {processor.py:208} INFO - Processing /workspaces/meu-primeiro-etl-airflow/dags/dag_inferencia_titanic.py took 1.318 seconds
[2026-05-18T22:28:30.982+0000] {processor.py:186} INFO - Started process (PID=25927) to work on /workspaces/meu-primeiro-etl-airflow/dags/dag_inferencia_titanic.py
[2026-05-18T22:28:30.982+0000] {processor.py:914} INFO - Processing file /workspaces/meu-primeiro-etl-airflow/dags/dag_inferencia_titanic.py for tasks to queue
[2026-05-18T22:28:30.984+0000] {logging_mixin.py:190} INFO - [2026-05-18T22:28:30.984+0000] {dagbag.py:588} INFO - Filling up the DagBag from /workspaces/meu-primeiro-etl-airflow/dags/dag_inferencia_titanic.py
[2026-05-18T22:28:32.235+0000] {processor.py:925} INFO - DAG(s) 'atv7_inferencia_titanic_v1' retrieved from /workspaces/meu-primeiro-etl-airflow/dags/dag_inferencia_titanic.py
[2026-05-18T22:28:32.247+0000] {logging_mixin.py:190} INFO - [2026-05-18T22:28:32.247+0000] {dag.py:3239} INFO - Sync 1 DAGs
[2026-05-18T22:28:32.255+0000] {logging_mixin.py:190} INFO - [2026-05-18T22:28:32.255+0000] {dag.py:4180} INFO - Setting next_dagrun for atv7_inferencia_titanic_v1 to None, run_after=None
[2026-05-18T22:28:32.270+0000] {processor.py:208} INFO - Processing /workspaces/meu-primeiro-etl-airflow/dags/dag_inferencia_titanic.py took 1.293 seconds
[2026-05-18T22:29:02.361+0000] {processor.py:186} INFO - Started process (PID=26221) to work on /workspaces/meu-primeiro-etl-airflow/dags/dag_inferencia_titanic.py
[2026-05-18T22:29:02.362+0000] {processor.py:914} INFO - Processing file /workspaces/meu-primeiro-etl-airflow/dags/dag_inferencia_titanic.py for tasks to queue
[2026-05-18T22:29:02.364+0000] {logging_mixin.py:190} INFO - [2026-05-18T22:29:02.364+0000] {dagbag.py:588} INFO - Filling up the DagBag from /workspaces/meu-primeiro-etl-airflow/dags/dag_inferencia_titanic.py
[2026-05-18T22:29:03.571+0000] {processor.py:925} INFO - DAG(s) 'atv7_inferencia_titanic_v1' retrieved from /workspaces/meu-primeiro-etl-airflow/dags/dag_inferencia_titanic.py
[2026-05-18T22:29:03.583+0000] {logging_mixin.py:190} INFO - [2026-05-18T22:29:03.583+0000] {dag.py:3239} INFO - Sync 1 DAGs
[2026-05-18T22:29:03.594+0000] {logging_mixin.py:190} INFO - [2026-05-18T22:29:03.594+0000] {dag.py:4180} INFO - Setting next_dagrun for atv7_inferencia_titanic_v1 to None, run_after=None
[2026-05-18T22:29:03.628+0000] {processor.py:208} INFO - Processing /workspaces/meu-primeiro-etl-airflow/dags/dag_inferencia_titanic.py took 1.271 seconds
[2026-05-18T22:29:33.854+0000] {processor.py:186} INFO - Started process (PID=26442) to work on /workspaces/meu-primeiro-etl-airflow/dags/dag_inferencia_titanic.py
[2026-05-18T22:29:33.855+0000] {processor.py:914} INFO - Processing file /workspaces/meu-primeiro-etl-airflow/dags/dag_inferencia_titanic.py for tasks to queue
[2026-05-18T22:29:33.856+0000] {logging_mixin.py:190} INFO - [2026-05-18T22:29:33.856+0000] {dagbag.py:588} INFO - Filling up the DagBag from /workspaces/meu-primeiro-etl-airflow/dags/dag_inferencia_titanic.py
[2026-05-18T22:29:34.954+0000] {processor.py:925} INFO - DAG(s) 'atv7_inferencia_titanic_v1' retrieved from /workspaces/meu-primeiro-etl-airflow/dags/dag_inferencia_titanic.py
[2026-05-18T22:29:34.966+0000] {logging_mixin.py:190} INFO - [2026-05-18T22:29:34.966+0000] {dag.py:3239} INFO - Sync 1 DAGs
[2026-05-18T22:29:34.974+0000] {logging_mixin.py:190} INFO - [2026-05-18T22:29:34.974+0000] {dag.py:4180} INFO - Setting next_dagrun for atv7_inferencia_titanic_v1 to None, run_after=None
[2026-05-18T22:29:34.989+0000] {processor.py:208} INFO - Processing /workspaces/meu-primeiro-etl-airflow/dags/dag_inferencia_titanic.py took 1.140 seconds
[2026-05-18T22:30:05.340+0000] {processor.py:186} INFO - Started process (PID=26780) to work on /workspaces/meu-primeiro-etl-airflow/dags/dag_inferencia_titanic.py
[2026-05-18T22:30:05.341+0000] {processor.py:914} INFO - Processing file /workspaces/meu-primeiro-etl-airflow/dags/dag_inferencia_titanic.py for tasks to queue
[2026-05-18T22:30:05.343+0000] {logging_mixin.py:190} INFO - [2026-05-18T22:30:05.342+0000] {dagbag.py:588} INFO - Filling up the DagBag from /workspaces/meu-primeiro-etl-airflow/dags/dag_inferencia_titanic.py
[2026-05-18T22:30:06.502+0000] {processor.py:925} INFO - DAG(s) 'atv7_inferencia_titanic_v1' retrieved from /workspaces/meu-primeiro-etl-airflow/dags/dag_inferencia_titanic.py
[2026-05-18T22:30:06.514+0000] {logging_mixin.py:190} INFO - [2026-05-18T22:30:06.514+0000] {dag.py:3239} INFO - Sync 1 DAGs
[2026-05-18T22:30:06.522+0000] {logging_mixin.py:190} INFO - [2026-05-18T22:30:06.522+0000] {dag.py:4180} INFO - Setting next_dagrun for atv7_inferencia_titanic_v1 to None, run_after=None
[2026-05-18T22:30:06.537+0000] {processor.py:208} INFO - Processing /workspaces/meu-primeiro-etl-airflow/dags/dag_inferencia_titanic.py took 1.201 seconds
[2026-05-18T22:30:36.802+0000] {processor.py:186} INFO - Started process (PID=27004) to work on /workspaces/meu-primeiro-etl-airflow/dags/dag_inferencia_titanic.py
[2026-05-18T22:30:36.803+0000] {processor.py:914} INFO - Processing file /workspaces/meu-primeiro-etl-airflow/dags/dag_inferencia_titanic.py for tasks to queue
[2026-05-18T22:30:36.805+0000] {logging_mixin.py:190} INFO - [2026-05-18T22:30:36.805+0000] {dagbag.py:588} INFO - Filling up the DagBag from /workspaces/meu-primeiro-etl-airflow/dags/dag_inferencia_titanic.py
[2026-05-18T22:30:37.953+0000] {processor.py:925} INFO - DAG(s) 'atv7_inferencia_titanic_v1' retrieved from /workspaces/meu-primeiro-etl-airflow/dags/dag_inferencia_titanic.py
[2026-05-18T22:30:37.965+0000] {logging_mixin.py:190} INFO - [2026-05-18T22:30:37.965+0000] {dag.py:3239} INFO - Sync 1 DAGs
[2026-05-18T22:30:37.973+0000] {logging_mixin.py:190} INFO - [2026-05-18T22:30:37.973+0000] {dag.py:4180} INFO - Setting next_dagrun for atv7_inferencia_titanic_v1 to None, run_after=None
[2026-05-18T22:30:37.989+0000] {processor.py:208} INFO - Processing /workspaces/meu-primeiro-etl-airflow/dags/dag_inferencia_titanic.py took 1.190 seconds
[2026-05-18T22:31:08.396+0000] {processor.py:186} INFO - Started process (PID=27283) to work on /workspaces/meu-primeiro-etl-airflow/dags/dag_inferencia_titanic.py
[2026-05-18T22:31:08.397+0000] {processor.py:914} INFO - Processing file /workspaces/meu-primeiro-etl-airflow/dags/dag_inferencia_titanic.py for tasks to queue
[2026-05-18T22:31:08.399+0000] {logging_mixin.py:190} INFO - [2026-05-18T22:31:08.399+0000] {dagbag.py:588} INFO - Filling up the DagBag from /workspaces/meu-primeiro-etl-airflow/dags/dag_inferencia_titanic.py
[2026-05-18T22:31:09.587+0000] {processor.py:925} INFO - DAG(s) 'atv7_inferencia_titanic_v1' retrieved from /workspaces/meu-primeiro-etl-airflow/dags/dag_inferencia_titanic.py
[2026-05-18T22:31:09.599+0000] {logging_mixin.py:190} INFO - [2026-05-18T22:31:09.599+0000] {dag.py:3239} INFO - Sync 1 DAGs
[2026-05-18T22:31:09.610+0000] {logging_mixin.py:190} INFO - [2026-05-18T22:31:09.609+0000] {dag.py:4180} INFO - Setting next_dagrun for atv7_inferencia_titanic_v1 to None, run_after=None
[2026-05-18T22:31:09.626+0000] {processor.py:208} INFO - Processing /workspaces/meu-primeiro-etl-airflow/dags/dag_inferencia_titanic.py took 1.237 seconds
[2026-05-18T22:31:39.758+0000] {processor.py:186} INFO - Started process (PID=27494) to work on /workspaces/meu-primeiro-etl-airflow/dags/dag_inferencia_titanic.py
[2026-05-18T22:31:39.758+0000] {processor.py:914} INFO - Processing file /workspaces/meu-primeiro-etl-airflow/dags/dag_inferencia_titanic.py for tasks to queue
[2026-05-18T22:31:39.760+0000] {logging_mixin.py:190} INFO - [2026-05-18T22:31:39.760+0000] {dagbag.py:588} INFO - Filling up the DagBag from /workspaces/meu-primeiro-etl-airflow/dags/dag_inferencia_titanic.py
[2026-05-18T22:31:40.929+0000] {processor.py:925} INFO - DAG(s) 'atv7_inferencia_titanic_v1' retrieved from /workspaces/meu-primeiro-etl-airflow/dags/dag_inferencia_titanic.py
[2026-05-18T22:31:40.946+0000] {logging_mixin.py:190} INFO - [2026-05-18T22:31:40.945+0000] {dag.py:3239} INFO - Sync 1 DAGs
[2026-05-18T22:31:40.955+0000] {logging_mixin.py:190} INFO - [2026-05-18T22:31:40.954+0000] {dag.py:4180} INFO - Setting next_dagrun for atv7_inferencia_titanic_v1 to None, run_after=None
[2026-05-18T22:31:40.969+0000] {processor.py:208} INFO - Processing /workspaces/meu-primeiro-etl-airflow/dags/dag_inferencia_titanic.py took 1.216 seconds
[2026-05-18T22:32:11.142+0000] {processor.py:186} INFO - Started process (PID=27769) to work on /workspaces/meu-primeiro-etl-airflow/dags/dag_inferencia_titanic.py
[2026-05-18T22:32:11.143+0000] {processor.py:914} INFO - Processing file /workspaces/meu-primeiro-etl-airflow/dags/dag_inferencia_titanic.py for tasks to queue
[2026-05-18T22:32:11.145+0000] {logging_mixin.py:190} INFO - [2026-05-18T22:32:11.145+0000] {dagbag.py:588} INFO - Filling up the DagBag from /workspaces/meu-primeiro-etl-airflow/dags/dag_inferencia_titanic.py
[2026-05-18T22:32:12.342+0000] {processor.py:925} INFO - DAG(s) 'atv7_inferencia_titanic_v1' retrieved from /workspaces/meu-primeiro-etl-airflow/dags/dag_inferencia_titanic.py
[2026-05-18T22:32:12.355+0000] {logging_mixin.py:190} INFO - [2026-05-18T22:32:12.354+0000] {dag.py:3239} INFO - Sync 1 DAGs
[2026-05-18T22:32:12.363+0000] {logging_mixin.py:190} INFO - [2026-05-18T22:32:12.363+0000] {dag.py:4180} INFO - Setting next_dagrun for atv7_inferencia_titanic_v1 to None, run_after=None
[2026-05-18T22:32:12.378+0000] {processor.py:208} INFO - Processing /workspaces/meu-primeiro-etl-airflow/dags/dag_inferencia_titanic.py took 1.241 seconds
[2026-05-18T22:32:42.556+0000] {processor.py:186} INFO - Started process (PID=27983) to work on /workspaces/meu-primeiro-etl-airflow/dags/dag_inferencia_titanic.py
[2026-05-18T22:32:42.557+0000] {processor.py:914} INFO - Processing file /workspaces/meu-primeiro-etl-airflow/dags/dag_inferencia_titanic.py for tasks to queue
[2026-05-18T22:32:42.559+0000] {logging_mixin.py:190} INFO - [2026-05-18T22:32:42.559+0000] {dagbag.py:588} INFO - Filling up the DagBag from /workspaces/meu-primeiro-etl-airflow/dags/dag_inferencia_titanic.py
[2026-05-18T22:32:43.715+0000] {processor.py:925} INFO - DAG(s) 'atv7_inferencia_titanic_v1' retrieved from /workspaces/meu-primeiro-etl-airflow/dags/dag_inferencia_titanic.py
[2026-05-18T22:32:43.728+0000] {logging_mixin.py:190} INFO - [2026-05-18T22:32:43.727+0000] {dag.py:3239} INFO - Sync 1 DAGs
[2026-05-18T22:32:43.736+0000] {logging_mixin.py:190} INFO - [2026-05-18T22:32:43.736+0000] {dag.py:4180} INFO - Setting next_dagrun for atv7_inferencia_titanic_v1 to None, run_after=None
[2026-05-18T22:32:43.751+0000] {processor.py:208} INFO - Processing /workspaces/meu-primeiro-etl-airflow/dags/dag_inferencia_titanic.py took 1.199 seconds
[2026-05-18T22:33:14.063+0000] {processor.py:186} INFO - Started process (PID=28268) to work on /workspaces/meu-primeiro-etl-airflow/dags/dag_inferencia_titanic.py
[2026-05-18T22:33:14.064+0000] {processor.py:914} INFO - Processing file /workspaces/meu-primeiro-etl-airflow/dags/dag_inferencia_titanic.py for tasks to queue
[2026-05-18T22:33:14.066+0000] {logging_mixin.py:190} INFO - [2026-05-18T22:33:14.066+0000] {dagbag.py:588} INFO - Filling up the DagBag from /workspaces/meu-primeiro-etl-airflow/dags/dag_inferencia_titanic.py
[2026-05-18T22:33:15.284+0000] {processor.py:925} INFO - DAG(s) 'atv7_inferencia_titanic_v1' retrieved from /workspaces/meu-primeiro-etl-airflow/dags/dag_inferencia_titanic.py
[2026-05-18T22:33:15.296+0000] {logging_mixin.py:190} INFO - [2026-05-18T22:33:15.296+0000] {dag.py:3239} INFO - Sync 1 DAGs
[2026-05-18T22:33:15.305+0000] {logging_mixin.py:190} INFO - [2026-05-18T22:33:15.305+0000] {dag.py:4180} INFO - Setting next_dagrun for atv7_inferencia_titanic_v1 to None, run_after=None
[2026-05-18T22:33:15.321+0000] {processor.py:208} INFO - Processing /workspaces/meu-primeiro-etl-airflow/dags/dag_inferencia_titanic.py took 1.264 seconds
[2026-05-18T22:33:45.541+0000] {processor.py:186} INFO - Started process (PID=28487) to work on /workspaces/meu-primeiro-etl-airflow/dags/dag_inferencia_titanic.py
[2026-05-18T22:33:45.541+0000] {processor.py:914} INFO - Processing file /workspaces/meu-primeiro-etl-airflow/dags/dag_inferencia_titanic.py for tasks to queue
[2026-05-18T22:33:45.544+0000] {logging_mixin.py:190} INFO - [2026-05-18T22:33:45.543+0000] {dagbag.py:588} INFO - Filling up the DagBag from /workspaces/meu-primeiro-etl-airflow/dags/dag_inferencia_titanic.py
[2026-05-18T22:33:46.764+0000] {processor.py:925} INFO - DAG(s) 'atv7_inferencia_titanic_v1' retrieved from /workspaces/meu-primeiro-etl-airflow/dags/dag_inferencia_titanic.py
[2026-05-18T22:33:46.776+0000] {logging_mixin.py:190} INFO - [2026-05-18T22:33:46.776+0000] {dag.py:3239} INFO - Sync 1 DAGs
[2026-05-18T22:33:46.785+0000] {logging_mixin.py:190} INFO - [2026-05-18T22:33:46.785+0000] {dag.py:4180} INFO - Setting next_dagrun for atv7_inferencia_titanic_v1 to None, run_after=None
[2026-05-18T22:33:46.800+0000] {processor.py:208} INFO - Processing /workspaces/meu-primeiro-etl-airflow/dags/dag_inferencia_titanic.py took 1.263 seconds
[2026-05-18T22:34:16.930+0000] {processor.py:186} INFO - Started process (PID=28772) to work on /workspaces/meu-primeiro-etl-airflow/dags/dag_inferencia_titanic.py
[2026-05-18T22:34:16.930+0000] {processor.py:914} INFO - Processing file /workspaces/meu-primeiro-etl-airflow/dags/dag_inferencia_titanic.py for tasks to queue
[2026-05-18T22:34:16.933+0000] {logging_mixin.py:190} INFO - [2026-05-18T22:34:16.933+0000] {dagbag.py:588} INFO - Filling up the DagBag from /workspaces/meu-primeiro-etl-airflow/dags/dag_inferencia_titanic.py
[2026-05-18T22:34:18.143+0000] {processor.py:925} INFO - DAG(s) 'atv7_inferencia_titanic_v1' retrieved from /workspaces/meu-primeiro-etl-airflow/dags/dag_inferencia_titanic.py
[2026-05-18T22:34:18.155+0000] {logging_mixin.py:190} INFO - [2026-05-18T22:34:18.154+0000] {dag.py:3239} INFO - Sync 1 DAGs
[2026-05-18T22:34:18.163+0000] {logging_mixin.py:190} INFO - [2026-05-18T22:34:18.162+0000] {dag.py:4180} INFO - Setting next_dagrun for atv7_inferencia_titanic_v1 to None, run_after=None
[2026-05-18T22:34:18.178+0000] {processor.py:208} INFO - Processing /workspaces/meu-primeiro-etl-airflow/dags/dag_inferencia_titanic.py took 1.255 seconds
[2026-05-18T22:34:48.302+0000] {processor.py:186} INFO - Started process (PID=29000) to work on /workspaces/meu-primeiro-etl-airflow/dags/dag_inferencia_titanic.py
[2026-05-18T22:34:48.303+0000] {processor.py:914} INFO - Processing file /workspaces/meu-primeiro-etl-airflow/dags/dag_inferencia_titanic.py for tasks to queue
[2026-05-18T22:34:48.305+0000] {logging_mixin.py:190} INFO - [2026-05-18T22:34:48.305+0000] {dagbag.py:588} INFO - Filling up the DagBag from /workspaces/meu-primeiro-etl-airflow/dags/dag_inferencia_titanic.py
[2026-05-18T22:34:49.415+0000] {processor.py:925} INFO - DAG(s) 'atv7_inferencia_titanic_v1' retrieved from /workspaces/meu-primeiro-etl-airflow/dags/dag_inferencia_titanic.py
[2026-05-18T22:34:49.427+0000] {logging_mixin.py:190} INFO - [2026-05-18T22:34:49.426+0000] {dag.py:3239} INFO - Sync 1 DAGs
[2026-05-18T22:34:49.435+0000] {logging_mixin.py:190} INFO - [2026-05-18T22:34:49.435+0000] {dag.py:4180} INFO - Setting next_dagrun for atv7_inferencia_titanic_v1 to None, run_after=None
[2026-05-18T22:34:49.453+0000] {processor.py:208} INFO - Processing /workspaces/meu-primeiro-etl-airflow/dags/dag_inferencia_titanic.py took 1.155 seconds
[2026-05-18T22:35:19.760+0000] {processor.py:186} INFO - Started process (PID=29333) to work on /workspaces/meu-primeiro-etl-airflow/dags/dag_inferencia_titanic.py
[2026-05-18T22:35:19.760+0000] {processor.py:914} INFO - Processing file /workspaces/meu-primeiro-etl-airflow/dags/dag_inferencia_titanic.py for tasks to queue
[2026-05-18T22:35:19.762+0000] {logging_mixin.py:190} INFO - [2026-05-18T22:35:19.762+0000] {dagbag.py:588} INFO - Filling up the DagBag from /workspaces/meu-primeiro-etl-airflow/dags/dag_inferencia_titanic.py
[2026-05-18T22:35:20.952+0000] {processor.py:925} INFO - DAG(s) 'atv7_inferencia_titanic_v1' retrieved from /workspaces/meu-primeiro-etl-airflow/dags/dag_inferencia_titanic.py
[2026-05-18T22:35:20.970+0000] {logging_mixin.py:190} INFO - [2026-05-18T22:35:20.969+0000] {dag.py:3239} INFO - Sync 1 DAGs
[2026-05-18T22:35:20.997+0000] {logging_mixin.py:190} INFO - [2026-05-18T22:35:20.997+0000] {dag.py:4180} INFO - Setting next_dagrun for atv7_inferencia_titanic_v1 to None, run_after=None
[2026-05-18T22:35:21.056+0000] {processor.py:208} INFO - Processing /workspaces/meu-primeiro-etl-airflow/dags/dag_inferencia_titanic.py took 1.300 seconds
[2026-05-18T22:35:51.233+0000] {processor.py:186} INFO - Started process (PID=29551) to work on /workspaces/meu-primeiro-etl-airflow/dags/dag_inferencia_titanic.py
[2026-05-18T22:35:51.234+0000] {processor.py:914} INFO - Processing file /workspaces/meu-primeiro-etl-airflow/dags/dag_inferencia_titanic.py for tasks to queue
[2026-05-18T22:35:51.236+0000] {logging_mixin.py:190} INFO - [2026-05-18T22:35:51.235+0000] {dagbag.py:588} INFO - Filling up the DagBag from /workspaces/meu-primeiro-etl-airflow/dags/dag_inferencia_titanic.py
[2026-05-18T22:35:52.466+0000] {processor.py:925} INFO - DAG(s) 'atv7_inferencia_titanic_v1' retrieved from /workspaces/meu-primeiro-etl-airflow/dags/dag_inferencia_titanic.py
[2026-05-18T22:35:52.478+0000] {logging_mixin.py:190} INFO - [2026-05-18T22:35:52.478+0000] {dag.py:3239} INFO - Sync 1 DAGs
[2026-05-18T22:35:52.488+0000] {logging_mixin.py:190} INFO - [2026-05-18T22:35:52.487+0000] {dag.py:4180} INFO - Setting next_dagrun for atv7_inferencia_titanic_v1 to None, run_after=None
[2026-05-18T22:35:52.502+0000] {processor.py:208} INFO - Processing /workspaces/meu-primeiro-etl-airflow/dags/dag_inferencia_titanic.py took 1.273 seconds
[2026-05-18T22:36:22.619+0000] {processor.py:186} INFO - Started process (PID=29829) to work on /workspaces/meu-primeiro-etl-airflow/dags/dag_inferencia_titanic.py
[2026-05-18T22:36:22.620+0000] {processor.py:914} INFO - Processing file /workspaces/meu-primeiro-etl-airflow/dags/dag_inferencia_titanic.py for tasks to queue
[2026-05-18T22:36:22.622+0000] {logging_mixin.py:190} INFO - [2026-05-18T22:36:22.621+0000] {dagbag.py:588} INFO - Filling up the DagBag from /workspaces/meu-primeiro-etl-airflow/dags/dag_inferencia_titanic.py
[2026-05-18T22:36:23.786+0000] {processor.py:925} INFO - DAG(s) 'atv7_inferencia_titanic_v1' retrieved from /workspaces/meu-primeiro-etl-airflow/dags/dag_inferencia_titanic.py
[2026-05-18T22:36:23.799+0000] {logging_mixin.py:190} INFO - [2026-05-18T22:36:23.798+0000] {dag.py:3239} INFO - Sync 1 DAGs
[2026-05-18T22:36:23.807+0000] {logging_mixin.py:190} INFO - [2026-05-18T22:36:23.807+0000] {dag.py:4180} INFO - Setting next_dagrun for atv7_inferencia_titanic_v1 to None, run_after=None
[2026-05-18T22:36:23.821+0000] {processor.py:208} INFO - Processing /workspaces/meu-primeiro-etl-airflow/dags/dag_inferencia_titanic.py took 1.206 seconds
[2026-05-18T22:36:54.088+0000] {processor.py:186} INFO - Started process (PID=30050) to work on /workspaces/meu-primeiro-etl-airflow/dags/dag_inferencia_titanic.py
[2026-05-18T22:36:54.089+0000] {processor.py:914} INFO - Processing file /workspaces/meu-primeiro-etl-airflow/dags/dag_inferencia_titanic.py for tasks to queue
[2026-05-18T22:36:54.091+0000] {logging_mixin.py:190} INFO - [2026-05-18T22:36:54.090+0000] {dagbag.py:588} INFO - Filling up the DagBag from /workspaces/meu-primeiro-etl-airflow/dags/dag_inferencia_titanic.py
[2026-05-18T22:36:55.261+0000] {processor.py:925} INFO - DAG(s) 'atv7_inferencia_titanic_v1' retrieved from /workspaces/meu-primeiro-etl-airflow/dags/dag_inferencia_titanic.py
[2026-05-18T22:36:55.274+0000] {logging_mixin.py:190} INFO - [2026-05-18T22:36:55.273+0000] {dag.py:3239} INFO - Sync 1 DAGs
[2026-05-18T22:36:55.282+0000] {logging_mixin.py:190} INFO - [2026-05-18T22:36:55.282+0000] {dag.py:4180} INFO - Setting next_dagrun for atv7_inferencia_titanic_v1 to None, run_after=None
[2026-05-18T22:36:55.296+0000] {processor.py:208} INFO - Processing /workspaces/meu-primeiro-etl-airflow/dags/dag_inferencia_titanic.py took 1.212 seconds
[2026-05-18T22:37:25.568+0000] {processor.py:186} INFO - Started process (PID=30322) to work on /workspaces/meu-primeiro-etl-airflow/dags/dag_inferencia_titanic.py
[2026-05-18T22:37:25.568+0000] {processor.py:914} INFO - Processing file /workspaces/meu-primeiro-etl-airflow/dags/dag_inferencia_titanic.py for tasks to queue
[2026-05-18T22:37:25.570+0000] {logging_mixin.py:190} INFO - [2026-05-18T22:37:25.569+0000] {dagbag.py:588} INFO - Filling up the DagBag from /workspaces/meu-primeiro-etl-airflow/dags/dag_inferencia_titanic.py
[2026-05-18T22:37:26.804+0000] {processor.py:925} INFO - DAG(s) 'atv7_inferencia_titanic_v1' retrieved from /workspaces/meu-primeiro-etl-airflow/dags/dag_inferencia_titanic.py
[2026-05-18T22:37:26.815+0000] {logging_mixin.py:190} INFO - [2026-05-18T22:37:26.815+0000] {dag.py:3239} INFO - Sync 1 DAGs
[2026-05-18T22:37:26.824+0000] {logging_mixin.py:190} INFO - [2026-05-18T22:37:26.824+0000] {dag.py:4180} INFO - Setting next_dagrun for atv7_inferencia_titanic_v1 to None, run_after=None
[2026-05-18T22:37:26.846+0000] {processor.py:208} INFO - Processing /workspaces/meu-primeiro-etl-airflow/dags/dag_inferencia_titanic.py took 1.283 seconds
[2026-05-18T22:37:57.802+0000] {processor.py:186} INFO - Started process (PID=30549) to work on /workspaces/meu-primeiro-etl-airflow/dags/dag_inferencia_titanic.py
[2026-05-18T22:37:57.803+0000] {processor.py:914} INFO - Processing file /workspaces/meu-primeiro-etl-airflow/dags/dag_inferencia_titanic.py for tasks to queue
[2026-05-18T22:37:57.805+0000] {logging_mixin.py:190} INFO - [2026-05-18T22:37:57.805+0000] {dagbag.py:588} INFO - Filling up the DagBag from /workspaces/meu-primeiro-etl-airflow/dags/dag_inferencia_titanic.py
[2026-05-18T22:37:59.204+0000] {processor.py:925} INFO - DAG(s) 'atv7_inferencia_titanic_v1' retrieved from /workspaces/meu-primeiro-etl-airflow/dags/dag_inferencia_titanic.py
[2026-05-18T22:37:59.245+0000] {logging_mixin.py:190} INFO - [2026-05-18T22:37:59.245+0000] {dag.py:3239} INFO - Sync 1 DAGs
[2026-05-18T22:37:59.258+0000] {logging_mixin.py:190} INFO - [2026-05-18T22:37:59.258+0000] {dag.py:4180} INFO - Setting next_dagrun for atv7_inferencia_titanic_v1 to None, run_after=None
[2026-05-18T22:37:59.275+0000] {processor.py:208} INFO - Processing /workspaces/meu-primeiro-etl-airflow/dags/dag_inferencia_titanic.py took 1.477 seconds
[2026-05-18T22:38:29.522+0000] {processor.py:186} INFO - Started process (PID=30827) to work on /workspaces/meu-primeiro-etl-airflow/dags/dag_inferencia_titanic.py
[2026-05-18T22:38:29.523+0000] {processor.py:914} INFO - Processing file /workspaces/meu-primeiro-etl-airflow/dags/dag_inferencia_titanic.py for tasks to queue
[2026-05-18T22:38:29.524+0000] {logging_mixin.py:190} INFO - [2026-05-18T22:38:29.524+0000] {dagbag.py:588} INFO - Filling up the DagBag from /workspaces/meu-primeiro-etl-airflow/dags/dag_inferencia_titanic.py
[2026-05-18T22:38:30.720+0000] {processor.py:925} INFO - DAG(s) 'atv7_inferencia_titanic_v1' retrieved from /workspaces/meu-primeiro-etl-airflow/dags/dag_inferencia_titanic.py
[2026-05-18T22:38:30.732+0000] {logging_mixin.py:190} INFO - [2026-05-18T22:38:30.731+0000] {dag.py:3239} INFO - Sync 1 DAGs
[2026-05-18T22:38:30.740+0000] {logging_mixin.py:190} INFO - [2026-05-18T22:38:30.740+0000] {dag.py:4180} INFO - Setting next_dagrun for atv7_inferencia_titanic_v1 to None, run_after=None
[2026-05-18T22:38:30.755+0000] {processor.py:208} INFO - Processing /workspaces/meu-primeiro-etl-airflow/dags/dag_inferencia_titanic.py took 1.238 seconds
