[2026-05-18T15:12:44.725+0000] {processor.py:186} INFO - Started process (PID=55693) to work on /workspaces/meu-primeiro-etl-airflow/dags/pipeline_etl_pratica.py
[2026-05-18T15:12:44.726+0000] {processor.py:914} INFO - Processing file /workspaces/meu-primeiro-etl-airflow/dags/pipeline_etl_pratica.py for tasks to queue
[2026-05-18T15:12:44.728+0000] {logging_mixin.py:190} INFO - [2026-05-18T15:12:44.728+0000] {dagbag.py:588} INFO - Filling up the DagBag from /workspaces/meu-primeiro-etl-airflow/dags/pipeline_etl_pratica.py
[2026-05-18T15:12:45.123+0000] {processor.py:925} INFO - DAG(s) 'pipeline_etl_pratica' retrieved from /workspaces/meu-primeiro-etl-airflow/dags/pipeline_etl_pratica.py
[2026-05-18T15:12:45.143+0000] {logging_mixin.py:190} INFO - [2026-05-18T15:12:45.143+0000] {dag.py:3239} INFO - Sync 1 DAGs
[2026-05-18T15:12:45.161+0000] {logging_mixin.py:190} INFO - [2026-05-18T15:12:45.161+0000] {dag.py:4180} INFO - Setting next_dagrun for pipeline_etl_pratica to 2026-05-18 00:00:00+00:00, run_after=2026-05-19 00:00:00+00:00
[2026-05-18T15:12:45.178+0000] {processor.py:208} INFO - Processing /workspaces/meu-primeiro-etl-airflow/dags/pipeline_etl_pratica.py took 0.456 seconds
[2026-05-18T15:13:15.323+0000] {processor.py:186} INFO - Started process (PID=56267) to work on /workspaces/meu-primeiro-etl-airflow/dags/pipeline_etl_pratica.py
[2026-05-18T15:13:15.324+0000] {processor.py:914} INFO - Processing file /workspaces/meu-primeiro-etl-airflow/dags/pipeline_etl_pratica.py for tasks to queue
[2026-05-18T15:13:15.327+0000] {logging_mixin.py:190} INFO - [2026-05-18T15:13:15.327+0000] {dagbag.py:588} INFO - Filling up the DagBag from /workspaces/meu-primeiro-etl-airflow/dags/pipeline_etl_pratica.py
[2026-05-18T15:13:15.756+0000] {processor.py:925} INFO - DAG(s) 'pipeline_etl_pratica' retrieved from /workspaces/meu-primeiro-etl-airflow/dags/pipeline_etl_pratica.py
[2026-05-18T15:13:15.771+0000] {logging_mixin.py:190} INFO - [2026-05-18T15:13:15.771+0000] {dag.py:3239} INFO - Sync 1 DAGs
[2026-05-18T15:13:15.788+0000] {logging_mixin.py:190} INFO - [2026-05-18T15:13:15.787+0000] {dag.py:4180} INFO - Setting next_dagrun for pipeline_etl_pratica to 2026-05-18 00:00:00+00:00, run_after=2026-05-19 00:00:00+00:00
[2026-05-18T15:13:15.805+0000] {processor.py:208} INFO - Processing /workspaces/meu-primeiro-etl-airflow/dags/pipeline_etl_pratica.py took 0.486 seconds
[2026-05-18T15:13:49.644+0000] {processor.py:186} INFO - Started process (PID=57167) to work on /workspaces/meu-primeiro-etl-airflow/dags/pipeline_etl_pratica.py
[2026-05-18T15:13:49.646+0000] {processor.py:914} INFO - Processing file /workspaces/meu-primeiro-etl-airflow/dags/pipeline_etl_pratica.py for tasks to queue
[2026-05-18T15:13:49.649+0000] {logging_mixin.py:190} INFO - [2026-05-18T15:13:49.648+0000] {dagbag.py:588} INFO - Filling up the DagBag from /workspaces/meu-primeiro-etl-airflow/dags/pipeline_etl_pratica.py
[2026-05-18T15:13:50.069+0000] {processor.py:925} INFO - DAG(s) 'pipeline_etl_pratica' retrieved from /workspaces/meu-primeiro-etl-airflow/dags/pipeline_etl_pratica.py
[2026-05-18T15:13:50.086+0000] {logging_mixin.py:190} INFO - [2026-05-18T15:13:50.085+0000] {dag.py:3239} INFO - Sync 1 DAGs
[2026-05-18T15:13:50.105+0000] {logging_mixin.py:190} INFO - [2026-05-18T15:13:50.105+0000] {dag.py:4180} INFO - Setting next_dagrun for pipeline_etl_pratica to 2026-05-18 00:00:00+00:00, run_after=2026-05-19 00:00:00+00:00
[2026-05-18T15:13:50.120+0000] {processor.py:208} INFO - Processing /workspaces/meu-primeiro-etl-airflow/dags/pipeline_etl_pratica.py took 0.493 seconds
[2026-05-18T15:14:20.889+0000] {processor.py:186} INFO - Started process (PID=57577) to work on /workspaces/meu-primeiro-etl-airflow/dags/pipeline_etl_pratica.py
[2026-05-18T15:14:20.890+0000] {processor.py:914} INFO - Processing file /workspaces/meu-primeiro-etl-airflow/dags/pipeline_etl_pratica.py for tasks to queue
[2026-05-18T15:14:20.892+0000] {logging_mixin.py:190} INFO - [2026-05-18T15:14:20.892+0000] {dagbag.py:588} INFO - Filling up the DagBag from /workspaces/meu-primeiro-etl-airflow/dags/pipeline_etl_pratica.py
[2026-05-18T15:14:21.336+0000] {processor.py:925} INFO - DAG(s) 'pipeline_etl_pratica' retrieved from /workspaces/meu-primeiro-etl-airflow/dags/pipeline_etl_pratica.py
[2026-05-18T15:14:21.350+0000] {logging_mixin.py:190} INFO - [2026-05-18T15:14:21.349+0000] {dag.py:3239} INFO - Sync 1 DAGs
[2026-05-18T15:14:21.366+0000] {logging_mixin.py:190} INFO - [2026-05-18T15:14:21.366+0000] {dag.py:4180} INFO - Setting next_dagrun for pipeline_etl_pratica to 2026-05-18 00:00:00+00:00, run_after=2026-05-19 00:00:00+00:00
[2026-05-18T15:14:21.385+0000] {processor.py:208} INFO - Processing /workspaces/meu-primeiro-etl-airflow/dags/pipeline_etl_pratica.py took 0.502 seconds
[2026-05-18T15:14:52.589+0000] {processor.py:186} INFO - Started process (PID=57858) to work on /workspaces/meu-primeiro-etl-airflow/dags/pipeline_etl_pratica.py
[2026-05-18T15:14:52.590+0000] {processor.py:914} INFO - Processing file /workspaces/meu-primeiro-etl-airflow/dags/pipeline_etl_pratica.py for tasks to queue
[2026-05-18T15:14:52.592+0000] {logging_mixin.py:190} INFO - [2026-05-18T15:14:52.592+0000] {dagbag.py:588} INFO - Filling up the DagBag from /workspaces/meu-primeiro-etl-airflow/dags/pipeline_etl_pratica.py
[2026-05-18T15:14:53.003+0000] {processor.py:925} INFO - DAG(s) 'pipeline_etl_pratica' retrieved from /workspaces/meu-primeiro-etl-airflow/dags/pipeline_etl_pratica.py
[2026-05-18T15:14:53.018+0000] {logging_mixin.py:190} INFO - [2026-05-18T15:14:53.018+0000] {dag.py:3239} INFO - Sync 1 DAGs
[2026-05-18T15:14:53.034+0000] {logging_mixin.py:190} INFO - [2026-05-18T15:14:53.034+0000] {dag.py:4180} INFO - Setting next_dagrun for pipeline_etl_pratica to 2026-05-18 00:00:00+00:00, run_after=2026-05-19 00:00:00+00:00
[2026-05-18T15:14:53.049+0000] {processor.py:208} INFO - Processing /workspaces/meu-primeiro-etl-airflow/dags/pipeline_etl_pratica.py took 0.466 seconds
[2026-05-18T15:15:24.571+0000] {processor.py:186} INFO - Started process (PID=58210) to work on /workspaces/meu-primeiro-etl-airflow/dags/pipeline_etl_pratica.py
[2026-05-18T15:15:24.572+0000] {processor.py:914} INFO - Processing file /workspaces/meu-primeiro-etl-airflow/dags/pipeline_etl_pratica.py for tasks to queue
[2026-05-18T15:15:24.574+0000] {logging_mixin.py:190} INFO - [2026-05-18T15:15:24.573+0000] {dagbag.py:588} INFO - Filling up the DagBag from /workspaces/meu-primeiro-etl-airflow/dags/pipeline_etl_pratica.py
[2026-05-18T15:15:25.025+0000] {processor.py:925} INFO - DAG(s) 'pipeline_etl_pratica' retrieved from /workspaces/meu-primeiro-etl-airflow/dags/pipeline_etl_pratica.py
[2026-05-18T15:15:25.047+0000] {logging_mixin.py:190} INFO - [2026-05-18T15:15:25.047+0000] {dag.py:3239} INFO - Sync 1 DAGs
[2026-05-18T15:15:25.072+0000] {logging_mixin.py:190} INFO - [2026-05-18T15:15:25.072+0000] {dag.py:4180} INFO - Setting next_dagrun for pipeline_etl_pratica to 2026-05-18 00:00:00+00:00, run_after=2026-05-19 00:00:00+00:00
[2026-05-18T15:15:25.088+0000] {processor.py:208} INFO - Processing /workspaces/meu-primeiro-etl-airflow/dags/pipeline_etl_pratica.py took 0.523 seconds
[2026-05-18T15:15:56.151+0000] {processor.py:186} INFO - Started process (PID=58490) to work on /workspaces/meu-primeiro-etl-airflow/dags/pipeline_etl_pratica.py
[2026-05-18T15:15:56.152+0000] {processor.py:914} INFO - Processing file /workspaces/meu-primeiro-etl-airflow/dags/pipeline_etl_pratica.py for tasks to queue
[2026-05-18T15:15:56.154+0000] {logging_mixin.py:190} INFO - [2026-05-18T15:15:56.154+0000] {dagbag.py:588} INFO - Filling up the DagBag from /workspaces/meu-primeiro-etl-airflow/dags/pipeline_etl_pratica.py
[2026-05-18T15:15:56.609+0000] {processor.py:925} INFO - DAG(s) 'pipeline_etl_pratica' retrieved from /workspaces/meu-primeiro-etl-airflow/dags/pipeline_etl_pratica.py
[2026-05-18T15:15:56.624+0000] {logging_mixin.py:190} INFO - [2026-05-18T15:15:56.624+0000] {dag.py:3239} INFO - Sync 1 DAGs
[2026-05-18T15:15:56.639+0000] {logging_mixin.py:190} INFO - [2026-05-18T15:15:56.639+0000] {dag.py:4180} INFO - Setting next_dagrun for pipeline_etl_pratica to 2026-05-18 00:00:00+00:00, run_after=2026-05-19 00:00:00+00:00
[2026-05-18T15:15:56.654+0000] {processor.py:208} INFO - Processing /workspaces/meu-primeiro-etl-airflow/dags/pipeline_etl_pratica.py took 0.507 seconds
[2026-05-18T15:16:28.410+0000] {processor.py:186} INFO - Started process (PID=58896) to work on /workspaces/meu-primeiro-etl-airflow/dags/pipeline_etl_pratica.py
[2026-05-18T15:16:28.410+0000] {processor.py:914} INFO - Processing file /workspaces/meu-primeiro-etl-airflow/dags/pipeline_etl_pratica.py for tasks to queue
[2026-05-18T15:16:28.412+0000] {logging_mixin.py:190} INFO - [2026-05-18T15:16:28.412+0000] {dagbag.py:588} INFO - Filling up the DagBag from /workspaces/meu-primeiro-etl-airflow/dags/pipeline_etl_pratica.py
[2026-05-18T15:16:28.830+0000] {processor.py:925} INFO - DAG(s) 'pipeline_etl_pratica' retrieved from /workspaces/meu-primeiro-etl-airflow/dags/pipeline_etl_pratica.py
[2026-05-18T15:16:28.849+0000] {logging_mixin.py:190} INFO - [2026-05-18T15:16:28.848+0000] {dag.py:3239} INFO - Sync 1 DAGs
[2026-05-18T15:16:28.869+0000] {logging_mixin.py:190} INFO - [2026-05-18T15:16:28.869+0000] {dag.py:4180} INFO - Setting next_dagrun for pipeline_etl_pratica to 2026-05-18 00:00:00+00:00, run_after=2026-05-19 00:00:00+00:00
[2026-05-18T15:16:28.898+0000] {processor.py:208} INFO - Processing /workspaces/meu-primeiro-etl-airflow/dags/pipeline_etl_pratica.py took 0.493 seconds
[2026-05-18T15:17:01.144+0000] {processor.py:186} INFO - Started process (PID=59203) to work on /workspaces/meu-primeiro-etl-airflow/dags/pipeline_etl_pratica.py
[2026-05-18T15:17:01.146+0000] {processor.py:914} INFO - Processing file /workspaces/meu-primeiro-etl-airflow/dags/pipeline_etl_pratica.py for tasks to queue
[2026-05-18T15:17:01.149+0000] {logging_mixin.py:190} INFO - [2026-05-18T15:17:01.148+0000] {dagbag.py:588} INFO - Filling up the DagBag from /workspaces/meu-primeiro-etl-airflow/dags/pipeline_etl_pratica.py
[2026-05-18T15:17:01.564+0000] {processor.py:925} INFO - DAG(s) 'pipeline_etl_pratica' retrieved from /workspaces/meu-primeiro-etl-airflow/dags/pipeline_etl_pratica.py
[2026-05-18T15:17:01.579+0000] {logging_mixin.py:190} INFO - [2026-05-18T15:17:01.579+0000] {dag.py:3239} INFO - Sync 1 DAGs
[2026-05-18T15:17:01.594+0000] {logging_mixin.py:190} INFO - [2026-05-18T15:17:01.594+0000] {dag.py:4180} INFO - Setting next_dagrun for pipeline_etl_pratica to 2026-05-18 00:00:00+00:00, run_after=2026-05-19 00:00:00+00:00
[2026-05-18T15:17:01.608+0000] {processor.py:208} INFO - Processing /workspaces/meu-primeiro-etl-airflow/dags/pipeline_etl_pratica.py took 0.472 seconds
[2026-05-18T22:00:05.857+0000] {processor.py:186} INFO - Started process (PID=10953) to work on /workspaces/meu-primeiro-etl-airflow/dags/pipeline_etl_pratica.py
[2026-05-18T22:00:05.904+0000] {processor.py:914} INFO - Processing file /workspaces/meu-primeiro-etl-airflow/dags/pipeline_etl_pratica.py for tasks to queue
[2026-05-18T22:00:05.907+0000] {logging_mixin.py:190} INFO - [2026-05-18T22:00:05.906+0000] {dagbag.py:588} INFO - Filling up the DagBag from /workspaces/meu-primeiro-etl-airflow/dags/pipeline_etl_pratica.py
[2026-05-18T22:00:06.419+0000] {processor.py:925} INFO - DAG(s) 'pipeline_etl_pratica' retrieved from /workspaces/meu-primeiro-etl-airflow/dags/pipeline_etl_pratica.py
[2026-05-18T22:00:06.433+0000] {logging_mixin.py:190} INFO - [2026-05-18T22:00:06.432+0000] {dag.py:3239} INFO - Sync 1 DAGs
[2026-05-18T22:00:06.447+0000] {logging_mixin.py:190} INFO - [2026-05-18T22:00:06.447+0000] {dag.py:4180} INFO - Setting next_dagrun for pipeline_etl_pratica to 2026-05-18 00:00:00+00:00, run_after=2026-05-19 00:00:00+00:00
[2026-05-18T22:00:06.465+0000] {processor.py:208} INFO - Processing /workspaces/meu-primeiro-etl-airflow/dags/pipeline_etl_pratica.py took 0.614 seconds
[2026-05-18T22:00:38.149+0000] {processor.py:186} INFO - Started process (PID=11217) to work on /workspaces/meu-primeiro-etl-airflow/dags/pipeline_etl_pratica.py
[2026-05-18T22:00:38.150+0000] {processor.py:914} INFO - Processing file /workspaces/meu-primeiro-etl-airflow/dags/pipeline_etl_pratica.py for tasks to queue
[2026-05-18T22:00:38.153+0000] {logging_mixin.py:190} INFO - [2026-05-18T22:00:38.153+0000] {dagbag.py:588} INFO - Filling up the DagBag from /workspaces/meu-primeiro-etl-airflow/dags/pipeline_etl_pratica.py
[2026-05-18T22:00:38.998+0000] {processor.py:925} INFO - DAG(s) 'pipeline_etl_pratica' retrieved from /workspaces/meu-primeiro-etl-airflow/dags/pipeline_etl_pratica.py
[2026-05-18T22:00:39.012+0000] {logging_mixin.py:190} INFO - [2026-05-18T22:00:39.011+0000] {dag.py:3239} INFO - Sync 1 DAGs
[2026-05-18T22:00:39.026+0000] {logging_mixin.py:190} INFO - [2026-05-18T22:00:39.026+0000] {dag.py:4180} INFO - Setting next_dagrun for pipeline_etl_pratica to 2026-05-18 00:00:00+00:00, run_after=2026-05-19 00:00:00+00:00
[2026-05-18T22:00:39.042+0000] {processor.py:208} INFO - Processing /workspaces/meu-primeiro-etl-airflow/dags/pipeline_etl_pratica.py took 0.896 seconds
[2026-05-18T22:01:09.805+0000] {processor.py:186} INFO - Started process (PID=11687) to work on /workspaces/meu-primeiro-etl-airflow/dags/pipeline_etl_pratica.py
[2026-05-18T22:01:09.806+0000] {processor.py:914} INFO - Processing file /workspaces/meu-primeiro-etl-airflow/dags/pipeline_etl_pratica.py for tasks to queue
[2026-05-18T22:01:09.807+0000] {logging_mixin.py:190} INFO - [2026-05-18T22:01:09.807+0000] {dagbag.py:588} INFO - Filling up the DagBag from /workspaces/meu-primeiro-etl-airflow/dags/pipeline_etl_pratica.py
[2026-05-18T22:01:10.231+0000] {processor.py:925} INFO - DAG(s) 'pipeline_etl_pratica' retrieved from /workspaces/meu-primeiro-etl-airflow/dags/pipeline_etl_pratica.py
[2026-05-18T22:01:10.249+0000] {logging_mixin.py:190} INFO - [2026-05-18T22:01:10.249+0000] {dag.py:3239} INFO - Sync 1 DAGs
[2026-05-18T22:01:10.265+0000] {logging_mixin.py:190} INFO - [2026-05-18T22:01:10.265+0000] {dag.py:4180} INFO - Setting next_dagrun for pipeline_etl_pratica to 2026-05-18 00:00:00+00:00, run_after=2026-05-19 00:00:00+00:00
[2026-05-18T22:01:10.280+0000] {processor.py:208} INFO - Processing /workspaces/meu-primeiro-etl-airflow/dags/pipeline_etl_pratica.py took 0.479 seconds
[2026-05-18T22:01:42.592+0000] {processor.py:186} INFO - Started process (PID=12223) to work on /workspaces/meu-primeiro-etl-airflow/dags/pipeline_etl_pratica.py
[2026-05-18T22:01:42.593+0000] {processor.py:914} INFO - Processing file /workspaces/meu-primeiro-etl-airflow/dags/pipeline_etl_pratica.py for tasks to queue
[2026-05-18T22:01:42.596+0000] {logging_mixin.py:190} INFO - [2026-05-18T22:01:42.595+0000] {dagbag.py:588} INFO - Filling up the DagBag from /workspaces/meu-primeiro-etl-airflow/dags/pipeline_etl_pratica.py
[2026-05-18T22:01:42.977+0000] {processor.py:925} INFO - DAG(s) 'pipeline_etl_pratica' retrieved from /workspaces/meu-primeiro-etl-airflow/dags/pipeline_etl_pratica.py
[2026-05-18T22:01:42.991+0000] {logging_mixin.py:190} INFO - [2026-05-18T22:01:42.991+0000] {dag.py:3239} INFO - Sync 1 DAGs
[2026-05-18T22:01:43.006+0000] {logging_mixin.py:190} INFO - [2026-05-18T22:01:43.006+0000] {dag.py:4180} INFO - Setting next_dagrun for pipeline_etl_pratica to 2026-05-18 00:00:00+00:00, run_after=2026-05-19 00:00:00+00:00
[2026-05-18T22:01:43.021+0000] {processor.py:208} INFO - Processing /workspaces/meu-primeiro-etl-airflow/dags/pipeline_etl_pratica.py took 0.436 seconds
[2026-05-18T22:02:14.087+0000] {processor.py:186} INFO - Started process (PID=12559) to work on /workspaces/meu-primeiro-etl-airflow/dags/pipeline_etl_pratica.py
[2026-05-18T22:02:14.088+0000] {processor.py:914} INFO - Processing file /workspaces/meu-primeiro-etl-airflow/dags/pipeline_etl_pratica.py for tasks to queue
[2026-05-18T22:02:14.089+0000] {logging_mixin.py:190} INFO - [2026-05-18T22:02:14.089+0000] {dagbag.py:588} INFO - Filling up the DagBag from /workspaces/meu-primeiro-etl-airflow/dags/pipeline_etl_pratica.py
[2026-05-18T22:02:14.542+0000] {processor.py:925} INFO - DAG(s) 'pipeline_etl_pratica' retrieved from /workspaces/meu-primeiro-etl-airflow/dags/pipeline_etl_pratica.py
[2026-05-18T22:02:14.555+0000] {logging_mixin.py:190} INFO - [2026-05-18T22:02:14.555+0000] {dag.py:3239} INFO - Sync 1 DAGs
[2026-05-18T22:02:14.570+0000] {logging_mixin.py:190} INFO - [2026-05-18T22:02:14.570+0000] {dag.py:4180} INFO - Setting next_dagrun for pipeline_etl_pratica to 2026-05-18 00:00:00+00:00, run_after=2026-05-19 00:00:00+00:00
[2026-05-18T22:02:14.586+0000] {processor.py:208} INFO - Processing /workspaces/meu-primeiro-etl-airflow/dags/pipeline_etl_pratica.py took 0.503 seconds
[2026-05-18T22:02:45.623+0000] {processor.py:186} INFO - Started process (PID=12795) to work on /workspaces/meu-primeiro-etl-airflow/dags/pipeline_etl_pratica.py
[2026-05-18T22:02:45.624+0000] {processor.py:914} INFO - Processing file /workspaces/meu-primeiro-etl-airflow/dags/pipeline_etl_pratica.py for tasks to queue
[2026-05-18T22:02:45.625+0000] {logging_mixin.py:190} INFO - [2026-05-18T22:02:45.625+0000] {dagbag.py:588} INFO - Filling up the DagBag from /workspaces/meu-primeiro-etl-airflow/dags/pipeline_etl_pratica.py
[2026-05-18T22:02:46.023+0000] {processor.py:925} INFO - DAG(s) 'pipeline_etl_pratica' retrieved from /workspaces/meu-primeiro-etl-airflow/dags/pipeline_etl_pratica.py
[2026-05-18T22:02:46.037+0000] {logging_mixin.py:190} INFO - [2026-05-18T22:02:46.036+0000] {dag.py:3239} INFO - Sync 1 DAGs
[2026-05-18T22:02:46.052+0000] {logging_mixin.py:190} INFO - [2026-05-18T22:02:46.052+0000] {dag.py:4180} INFO - Setting next_dagrun for pipeline_etl_pratica to 2026-05-18 00:00:00+00:00, run_after=2026-05-19 00:00:00+00:00
[2026-05-18T22:02:46.067+0000] {processor.py:208} INFO - Processing /workspaces/meu-primeiro-etl-airflow/dags/pipeline_etl_pratica.py took 0.448 seconds
[2026-05-18T22:03:18.984+0000] {processor.py:186} INFO - Started process (PID=13081) to work on /workspaces/meu-primeiro-etl-airflow/dags/pipeline_etl_pratica.py
[2026-05-18T22:03:18.984+0000] {processor.py:914} INFO - Processing file /workspaces/meu-primeiro-etl-airflow/dags/pipeline_etl_pratica.py for tasks to queue
[2026-05-18T22:03:18.987+0000] {logging_mixin.py:190} INFO - [2026-05-18T22:03:18.986+0000] {dagbag.py:588} INFO - Filling up the DagBag from /workspaces/meu-primeiro-etl-airflow/dags/pipeline_etl_pratica.py
[2026-05-18T22:03:19.447+0000] {processor.py:925} INFO - DAG(s) 'pipeline_etl_pratica' retrieved from /workspaces/meu-primeiro-etl-airflow/dags/pipeline_etl_pratica.py
[2026-05-18T22:03:19.460+0000] {logging_mixin.py:190} INFO - [2026-05-18T22:03:19.460+0000] {dag.py:3239} INFO - Sync 1 DAGs
[2026-05-18T22:03:19.474+0000] {logging_mixin.py:190} INFO - [2026-05-18T22:03:19.474+0000] {dag.py:4180} INFO - Setting next_dagrun for pipeline_etl_pratica to 2026-05-18 00:00:00+00:00, run_after=2026-05-19 00:00:00+00:00
[2026-05-18T22:03:19.489+0000] {processor.py:208} INFO - Processing /workspaces/meu-primeiro-etl-airflow/dags/pipeline_etl_pratica.py took 0.511 seconds
[2026-05-18T22:03:50.461+0000] {processor.py:186} INFO - Started process (PID=13455) to work on /workspaces/meu-primeiro-etl-airflow/dags/pipeline_etl_pratica.py
[2026-05-18T22:03:50.462+0000] {processor.py:914} INFO - Processing file /workspaces/meu-primeiro-etl-airflow/dags/pipeline_etl_pratica.py for tasks to queue
[2026-05-18T22:03:50.464+0000] {logging_mixin.py:190} INFO - [2026-05-18T22:03:50.464+0000] {dagbag.py:588} INFO - Filling up the DagBag from /workspaces/meu-primeiro-etl-airflow/dags/pipeline_etl_pratica.py
[2026-05-18T22:03:50.969+0000] {processor.py:925} INFO - DAG(s) 'pipeline_etl_pratica' retrieved from /workspaces/meu-primeiro-etl-airflow/dags/pipeline_etl_pratica.py
[2026-05-18T22:03:50.982+0000] {logging_mixin.py:190} INFO - [2026-05-18T22:03:50.982+0000] {dag.py:3239} INFO - Sync 1 DAGs
[2026-05-18T22:03:50.997+0000] {logging_mixin.py:190} INFO - [2026-05-18T22:03:50.997+0000] {dag.py:4180} INFO - Setting next_dagrun for pipeline_etl_pratica to 2026-05-18 00:00:00+00:00, run_after=2026-05-19 00:00:00+00:00
[2026-05-18T22:03:51.012+0000] {processor.py:208} INFO - Processing /workspaces/meu-primeiro-etl-airflow/dags/pipeline_etl_pratica.py took 0.557 seconds
[2026-05-18T22:04:22.140+0000] {processor.py:186} INFO - Started process (PID=13742) to work on /workspaces/meu-primeiro-etl-airflow/dags/pipeline_etl_pratica.py
[2026-05-18T22:04:22.141+0000] {processor.py:914} INFO - Processing file /workspaces/meu-primeiro-etl-airflow/dags/pipeline_etl_pratica.py for tasks to queue
[2026-05-18T22:04:22.143+0000] {logging_mixin.py:190} INFO - [2026-05-18T22:04:22.143+0000] {dagbag.py:588} INFO - Filling up the DagBag from /workspaces/meu-primeiro-etl-airflow/dags/pipeline_etl_pratica.py
[2026-05-18T22:04:22.518+0000] {processor.py:925} INFO - DAG(s) 'pipeline_etl_pratica' retrieved from /workspaces/meu-primeiro-etl-airflow/dags/pipeline_etl_pratica.py
[2026-05-18T22:04:22.531+0000] {logging_mixin.py:190} INFO - [2026-05-18T22:04:22.531+0000] {dag.py:3239} INFO - Sync 1 DAGs
[2026-05-18T22:04:22.546+0000] {logging_mixin.py:190} INFO - [2026-05-18T22:04:22.546+0000] {dag.py:4180} INFO - Setting next_dagrun for pipeline_etl_pratica to 2026-05-18 00:00:00+00:00, run_after=2026-05-19 00:00:00+00:00
[2026-05-18T22:04:22.560+0000] {processor.py:208} INFO - Processing /workspaces/meu-primeiro-etl-airflow/dags/pipeline_etl_pratica.py took 0.424 seconds
[2026-05-18T22:04:53.625+0000] {processor.py:186} INFO - Started process (PID=13958) to work on /workspaces/meu-primeiro-etl-airflow/dags/pipeline_etl_pratica.py
[2026-05-18T22:04:53.626+0000] {processor.py:914} INFO - Processing file /workspaces/meu-primeiro-etl-airflow/dags/pipeline_etl_pratica.py for tasks to queue
[2026-05-18T22:04:53.627+0000] {logging_mixin.py:190} INFO - [2026-05-18T22:04:53.627+0000] {dagbag.py:588} INFO - Filling up the DagBag from /workspaces/meu-primeiro-etl-airflow/dags/pipeline_etl_pratica.py
[2026-05-18T22:04:53.987+0000] {processor.py:925} INFO - DAG(s) 'pipeline_etl_pratica' retrieved from /workspaces/meu-primeiro-etl-airflow/dags/pipeline_etl_pratica.py
[2026-05-18T22:04:54.000+0000] {logging_mixin.py:190} INFO - [2026-05-18T22:04:54.000+0000] {dag.py:3239} INFO - Sync 1 DAGs
[2026-05-18T22:04:54.014+0000] {logging_mixin.py:190} INFO - [2026-05-18T22:04:54.014+0000] {dag.py:4180} INFO - Setting next_dagrun for pipeline_etl_pratica to 2026-05-18 00:00:00+00:00, run_after=2026-05-19 00:00:00+00:00
[2026-05-18T22:04:54.030+0000] {processor.py:208} INFO - Processing /workspaces/meu-primeiro-etl-airflow/dags/pipeline_etl_pratica.py took 0.408 seconds
[2026-05-18T22:05:25.218+0000] {processor.py:186} INFO - Started process (PID=14379) to work on /workspaces/meu-primeiro-etl-airflow/dags/pipeline_etl_pratica.py
[2026-05-18T22:05:25.219+0000] {processor.py:914} INFO - Processing file /workspaces/meu-primeiro-etl-airflow/dags/pipeline_etl_pratica.py for tasks to queue
[2026-05-18T22:05:25.220+0000] {logging_mixin.py:190} INFO - [2026-05-18T22:05:25.220+0000] {dagbag.py:588} INFO - Filling up the DagBag from /workspaces/meu-primeiro-etl-airflow/dags/pipeline_etl_pratica.py
[2026-05-18T22:05:25.591+0000] {processor.py:925} INFO - DAG(s) 'pipeline_etl_pratica' retrieved from /workspaces/meu-primeiro-etl-airflow/dags/pipeline_etl_pratica.py
[2026-05-18T22:05:25.604+0000] {logging_mixin.py:190} INFO - [2026-05-18T22:05:25.604+0000] {dag.py:3239} INFO - Sync 1 DAGs
[2026-05-18T22:05:25.619+0000] {logging_mixin.py:190} INFO - [2026-05-18T22:05:25.619+0000] {dag.py:4180} INFO - Setting next_dagrun for pipeline_etl_pratica to 2026-05-18 00:00:00+00:00, run_after=2026-05-19 00:00:00+00:00
[2026-05-18T22:05:25.634+0000] {processor.py:208} INFO - Processing /workspaces/meu-primeiro-etl-airflow/dags/pipeline_etl_pratica.py took 0.420 seconds
[2026-05-18T22:05:55.809+0000] {processor.py:186} INFO - Started process (PID=14842) to work on /workspaces/meu-primeiro-etl-airflow/dags/pipeline_etl_pratica.py
[2026-05-18T22:05:55.809+0000] {processor.py:914} INFO - Processing file /workspaces/meu-primeiro-etl-airflow/dags/pipeline_etl_pratica.py for tasks to queue
[2026-05-18T22:05:55.811+0000] {logging_mixin.py:190} INFO - [2026-05-18T22:05:55.810+0000] {dagbag.py:588} INFO - Filling up the DagBag from /workspaces/meu-primeiro-etl-airflow/dags/pipeline_etl_pratica.py
[2026-05-18T22:05:56.170+0000] {processor.py:925} INFO - DAG(s) 'pipeline_etl_pratica' retrieved from /workspaces/meu-primeiro-etl-airflow/dags/pipeline_etl_pratica.py
[2026-05-18T22:05:56.184+0000] {logging_mixin.py:190} INFO - [2026-05-18T22:05:56.183+0000] {dag.py:3239} INFO - Sync 1 DAGs
[2026-05-18T22:05:56.199+0000] {logging_mixin.py:190} INFO - [2026-05-18T22:05:56.198+0000] {dag.py:4180} INFO - Setting next_dagrun for pipeline_etl_pratica to 2026-05-18 00:00:00+00:00, run_after=2026-05-19 00:00:00+00:00
[2026-05-18T22:05:56.213+0000] {processor.py:208} INFO - Processing /workspaces/meu-primeiro-etl-airflow/dags/pipeline_etl_pratica.py took 0.409 seconds
[2026-05-18T22:06:28.307+0000] {processor.py:186} INFO - Started process (PID=15137) to work on /workspaces/meu-primeiro-etl-airflow/dags/pipeline_etl_pratica.py
[2026-05-18T22:06:28.307+0000] {processor.py:914} INFO - Processing file /workspaces/meu-primeiro-etl-airflow/dags/pipeline_etl_pratica.py for tasks to queue
[2026-05-18T22:06:28.309+0000] {logging_mixin.py:190} INFO - [2026-05-18T22:06:28.309+0000] {dagbag.py:588} INFO - Filling up the DagBag from /workspaces/meu-primeiro-etl-airflow/dags/pipeline_etl_pratica.py
[2026-05-18T22:06:28.707+0000] {processor.py:925} INFO - DAG(s) 'pipeline_etl_pratica' retrieved from /workspaces/meu-primeiro-etl-airflow/dags/pipeline_etl_pratica.py
[2026-05-18T22:06:28.731+0000] {logging_mixin.py:190} INFO - [2026-05-18T22:06:28.730+0000] {dag.py:3239} INFO - Sync 1 DAGs
[2026-05-18T22:06:28.772+0000] {logging_mixin.py:190} INFO - [2026-05-18T22:06:28.772+0000] {dag.py:4180} INFO - Setting next_dagrun for pipeline_etl_pratica to 2026-05-18 00:00:00+00:00, run_after=2026-05-19 00:00:00+00:00
[2026-05-18T22:06:28.818+0000] {processor.py:208} INFO - Processing /workspaces/meu-primeiro-etl-airflow/dags/pipeline_etl_pratica.py took 0.516 seconds
[2026-05-18T22:06:59.925+0000] {processor.py:186} INFO - Started process (PID=15435) to work on /workspaces/meu-primeiro-etl-airflow/dags/pipeline_etl_pratica.py
[2026-05-18T22:06:59.926+0000] {processor.py:914} INFO - Processing file /workspaces/meu-primeiro-etl-airflow/dags/pipeline_etl_pratica.py for tasks to queue
[2026-05-18T22:06:59.927+0000] {logging_mixin.py:190} INFO - [2026-05-18T22:06:59.927+0000] {dagbag.py:588} INFO - Filling up the DagBag from /workspaces/meu-primeiro-etl-airflow/dags/pipeline_etl_pratica.py
[2026-05-18T22:07:00.385+0000] {processor.py:925} INFO - DAG(s) 'pipeline_etl_pratica' retrieved from /workspaces/meu-primeiro-etl-airflow/dags/pipeline_etl_pratica.py
[2026-05-18T22:07:00.406+0000] {logging_mixin.py:190} INFO - [2026-05-18T22:07:00.405+0000] {dag.py:3239} INFO - Sync 1 DAGs
[2026-05-18T22:07:00.424+0000] {logging_mixin.py:190} INFO - [2026-05-18T22:07:00.424+0000] {dag.py:4180} INFO - Setting next_dagrun for pipeline_etl_pratica to 2026-05-18 00:00:00+00:00, run_after=2026-05-19 00:00:00+00:00
[2026-05-18T22:07:00.439+0000] {processor.py:208} INFO - Processing /workspaces/meu-primeiro-etl-airflow/dags/pipeline_etl_pratica.py took 0.518 seconds
[2026-05-18T22:07:31.619+0000] {processor.py:186} INFO - Started process (PID=15658) to work on /workspaces/meu-primeiro-etl-airflow/dags/pipeline_etl_pratica.py
[2026-05-18T22:07:31.619+0000] {processor.py:914} INFO - Processing file /workspaces/meu-primeiro-etl-airflow/dags/pipeline_etl_pratica.py for tasks to queue
[2026-05-18T22:07:31.621+0000] {logging_mixin.py:190} INFO - [2026-05-18T22:07:31.621+0000] {dagbag.py:588} INFO - Filling up the DagBag from /workspaces/meu-primeiro-etl-airflow/dags/pipeline_etl_pratica.py
[2026-05-18T22:07:31.999+0000] {processor.py:925} INFO - DAG(s) 'pipeline_etl_pratica' retrieved from /workspaces/meu-primeiro-etl-airflow/dags/pipeline_etl_pratica.py
[2026-05-18T22:07:32.013+0000] {logging_mixin.py:190} INFO - [2026-05-18T22:07:32.013+0000] {dag.py:3239} INFO - Sync 1 DAGs
[2026-05-18T22:07:32.027+0000] {logging_mixin.py:190} INFO - [2026-05-18T22:07:32.027+0000] {dag.py:4180} INFO - Setting next_dagrun for pipeline_etl_pratica to 2026-05-18 00:00:00+00:00, run_after=2026-05-19 00:00:00+00:00
[2026-05-18T22:07:32.041+0000] {processor.py:208} INFO - Processing /workspaces/meu-primeiro-etl-airflow/dags/pipeline_etl_pratica.py took 0.427 seconds
[2026-05-18T22:08:03.126+0000] {processor.py:186} INFO - Started process (PID=15937) to work on /workspaces/meu-primeiro-etl-airflow/dags/pipeline_etl_pratica.py
[2026-05-18T22:08:03.127+0000] {processor.py:914} INFO - Processing file /workspaces/meu-primeiro-etl-airflow/dags/pipeline_etl_pratica.py for tasks to queue
[2026-05-18T22:08:03.129+0000] {logging_mixin.py:190} INFO - [2026-05-18T22:08:03.128+0000] {dagbag.py:588} INFO - Filling up the DagBag from /workspaces/meu-primeiro-etl-airflow/dags/pipeline_etl_pratica.py
[2026-05-18T22:08:03.577+0000] {processor.py:925} INFO - DAG(s) 'pipeline_etl_pratica' retrieved from /workspaces/meu-primeiro-etl-airflow/dags/pipeline_etl_pratica.py
[2026-05-18T22:08:03.590+0000] {logging_mixin.py:190} INFO - [2026-05-18T22:08:03.590+0000] {dag.py:3239} INFO - Sync 1 DAGs
[2026-05-18T22:08:03.605+0000] {logging_mixin.py:190} INFO - [2026-05-18T22:08:03.605+0000] {dag.py:4180} INFO - Setting next_dagrun for pipeline_etl_pratica to 2026-05-18 00:00:00+00:00, run_after=2026-05-19 00:00:00+00:00
[2026-05-18T22:08:03.620+0000] {processor.py:208} INFO - Processing /workspaces/meu-primeiro-etl-airflow/dags/pipeline_etl_pratica.py took 0.498 seconds
[2026-05-18T22:08:34.532+0000] {processor.py:186} INFO - Started process (PID=16150) to work on /workspaces/meu-primeiro-etl-airflow/dags/pipeline_etl_pratica.py
[2026-05-18T22:08:34.533+0000] {processor.py:914} INFO - Processing file /workspaces/meu-primeiro-etl-airflow/dags/pipeline_etl_pratica.py for tasks to queue
[2026-05-18T22:08:34.535+0000] {logging_mixin.py:190} INFO - [2026-05-18T22:08:34.535+0000] {dagbag.py:588} INFO - Filling up the DagBag from /workspaces/meu-primeiro-etl-airflow/dags/pipeline_etl_pratica.py
[2026-05-18T22:08:34.910+0000] {processor.py:925} INFO - DAG(s) 'pipeline_etl_pratica' retrieved from /workspaces/meu-primeiro-etl-airflow/dags/pipeline_etl_pratica.py
[2026-05-18T22:08:34.923+0000] {logging_mixin.py:190} INFO - [2026-05-18T22:08:34.923+0000] {dag.py:3239} INFO - Sync 1 DAGs
[2026-05-18T22:08:34.938+0000] {logging_mixin.py:190} INFO - [2026-05-18T22:08:34.937+0000] {dag.py:4180} INFO - Setting next_dagrun for pipeline_etl_pratica to 2026-05-18 00:00:00+00:00, run_after=2026-05-19 00:00:00+00:00
[2026-05-18T22:08:34.952+0000] {processor.py:208} INFO - Processing /workspaces/meu-primeiro-etl-airflow/dags/pipeline_etl_pratica.py took 0.424 seconds
[2026-05-18T22:09:06.024+0000] {processor.py:186} INFO - Started process (PID=16428) to work on /workspaces/meu-primeiro-etl-airflow/dags/pipeline_etl_pratica.py
[2026-05-18T22:09:06.025+0000] {processor.py:914} INFO - Processing file /workspaces/meu-primeiro-etl-airflow/dags/pipeline_etl_pratica.py for tasks to queue
[2026-05-18T22:09:06.027+0000] {logging_mixin.py:190} INFO - [2026-05-18T22:09:06.026+0000] {dagbag.py:588} INFO - Filling up the DagBag from /workspaces/meu-primeiro-etl-airflow/dags/pipeline_etl_pratica.py
[2026-05-18T22:09:06.422+0000] {processor.py:925} INFO - DAG(s) 'pipeline_etl_pratica' retrieved from /workspaces/meu-primeiro-etl-airflow/dags/pipeline_etl_pratica.py
[2026-05-18T22:09:06.437+0000] {logging_mixin.py:190} INFO - [2026-05-18T22:09:06.437+0000] {dag.py:3239} INFO - Sync 1 DAGs
[2026-05-18T22:09:06.451+0000] {logging_mixin.py:190} INFO - [2026-05-18T22:09:06.451+0000] {dag.py:4180} INFO - Setting next_dagrun for pipeline_etl_pratica to 2026-05-18 00:00:00+00:00, run_after=2026-05-19 00:00:00+00:00
[2026-05-18T22:09:06.467+0000] {processor.py:208} INFO - Processing /workspaces/meu-primeiro-etl-airflow/dags/pipeline_etl_pratica.py took 0.447 seconds
[2026-05-18T22:09:37.545+0000] {processor.py:186} INFO - Started process (PID=16649) to work on /workspaces/meu-primeiro-etl-airflow/dags/pipeline_etl_pratica.py
[2026-05-18T22:09:37.545+0000] {processor.py:914} INFO - Processing file /workspaces/meu-primeiro-etl-airflow/dags/pipeline_etl_pratica.py for tasks to queue
[2026-05-18T22:09:37.547+0000] {logging_mixin.py:190} INFO - [2026-05-18T22:09:37.547+0000] {dagbag.py:588} INFO - Filling up the DagBag from /workspaces/meu-primeiro-etl-airflow/dags/pipeline_etl_pratica.py
[2026-05-18T22:09:37.946+0000] {processor.py:925} INFO - DAG(s) 'pipeline_etl_pratica' retrieved from /workspaces/meu-primeiro-etl-airflow/dags/pipeline_etl_pratica.py
[2026-05-18T22:09:37.972+0000] {logging_mixin.py:190} INFO - [2026-05-18T22:09:37.972+0000] {dag.py:3239} INFO - Sync 1 DAGs
[2026-05-18T22:09:37.987+0000] {logging_mixin.py:190} INFO - [2026-05-18T22:09:37.987+0000] {dag.py:4180} INFO - Setting next_dagrun for pipeline_etl_pratica to 2026-05-18 00:00:00+00:00, run_after=2026-05-19 00:00:00+00:00
[2026-05-18T22:09:38.002+0000] {processor.py:208} INFO - Processing /workspaces/meu-primeiro-etl-airflow/dags/pipeline_etl_pratica.py took 0.461 seconds
[2026-05-18T22:10:09.047+0000] {processor.py:186} INFO - Started process (PID=16987) to work on /workspaces/meu-primeiro-etl-airflow/dags/pipeline_etl_pratica.py
[2026-05-18T22:10:09.048+0000] {processor.py:914} INFO - Processing file /workspaces/meu-primeiro-etl-airflow/dags/pipeline_etl_pratica.py for tasks to queue
[2026-05-18T22:10:09.050+0000] {logging_mixin.py:190} INFO - [2026-05-18T22:10:09.049+0000] {dagbag.py:588} INFO - Filling up the DagBag from /workspaces/meu-primeiro-etl-airflow/dags/pipeline_etl_pratica.py
[2026-05-18T22:10:09.492+0000] {processor.py:925} INFO - DAG(s) 'pipeline_etl_pratica' retrieved from /workspaces/meu-primeiro-etl-airflow/dags/pipeline_etl_pratica.py
[2026-05-18T22:10:09.510+0000] {logging_mixin.py:190} INFO - [2026-05-18T22:10:09.509+0000] {dag.py:3239} INFO - Sync 1 DAGs
[2026-05-18T22:10:09.525+0000] {logging_mixin.py:190} INFO - [2026-05-18T22:10:09.525+0000] {dag.py:4180} INFO - Setting next_dagrun for pipeline_etl_pratica to 2026-05-18 00:00:00+00:00, run_after=2026-05-19 00:00:00+00:00
[2026-05-18T22:10:09.539+0000] {processor.py:208} INFO - Processing /workspaces/meu-primeiro-etl-airflow/dags/pipeline_etl_pratica.py took 0.496 seconds
[2026-05-18T22:10:40.440+0000] {processor.py:186} INFO - Started process (PID=17206) to work on /workspaces/meu-primeiro-etl-airflow/dags/pipeline_etl_pratica.py
[2026-05-18T22:10:40.441+0000] {processor.py:914} INFO - Processing file /workspaces/meu-primeiro-etl-airflow/dags/pipeline_etl_pratica.py for tasks to queue
[2026-05-18T22:10:40.443+0000] {logging_mixin.py:190} INFO - [2026-05-18T22:10:40.442+0000] {dagbag.py:588} INFO - Filling up the DagBag from /workspaces/meu-primeiro-etl-airflow/dags/pipeline_etl_pratica.py
[2026-05-18T22:10:40.855+0000] {processor.py:925} INFO - DAG(s) 'pipeline_etl_pratica' retrieved from /workspaces/meu-primeiro-etl-airflow/dags/pipeline_etl_pratica.py
[2026-05-18T22:10:40.868+0000] {logging_mixin.py:190} INFO - [2026-05-18T22:10:40.868+0000] {dag.py:3239} INFO - Sync 1 DAGs
[2026-05-18T22:10:40.883+0000] {logging_mixin.py:190} INFO - [2026-05-18T22:10:40.883+0000] {dag.py:4180} INFO - Setting next_dagrun for pipeline_etl_pratica to 2026-05-18 00:00:00+00:00, run_after=2026-05-19 00:00:00+00:00
[2026-05-18T22:10:40.898+0000] {processor.py:208} INFO - Processing /workspaces/meu-primeiro-etl-airflow/dags/pipeline_etl_pratica.py took 0.462 seconds
[2026-05-18T22:11:11.832+0000] {processor.py:186} INFO - Started process (PID=17483) to work on /workspaces/meu-primeiro-etl-airflow/dags/pipeline_etl_pratica.py
[2026-05-18T22:11:11.833+0000] {processor.py:914} INFO - Processing file /workspaces/meu-primeiro-etl-airflow/dags/pipeline_etl_pratica.py for tasks to queue
[2026-05-18T22:11:11.834+0000] {logging_mixin.py:190} INFO - [2026-05-18T22:11:11.834+0000] {dagbag.py:588} INFO - Filling up the DagBag from /workspaces/meu-primeiro-etl-airflow/dags/pipeline_etl_pratica.py
[2026-05-18T22:11:12.242+0000] {processor.py:925} INFO - DAG(s) 'pipeline_etl_pratica' retrieved from /workspaces/meu-primeiro-etl-airflow/dags/pipeline_etl_pratica.py
[2026-05-18T22:11:12.257+0000] {logging_mixin.py:190} INFO - [2026-05-18T22:11:12.256+0000] {dag.py:3239} INFO - Sync 1 DAGs
[2026-05-18T22:11:12.272+0000] {logging_mixin.py:190} INFO - [2026-05-18T22:11:12.272+0000] {dag.py:4180} INFO - Setting next_dagrun for pipeline_etl_pratica to 2026-05-18 00:00:00+00:00, run_after=2026-05-19 00:00:00+00:00
[2026-05-18T22:11:12.288+0000] {processor.py:208} INFO - Processing /workspaces/meu-primeiro-etl-airflow/dags/pipeline_etl_pratica.py took 0.460 seconds
[2026-05-18T22:11:43.350+0000] {processor.py:186} INFO - Started process (PID=17701) to work on /workspaces/meu-primeiro-etl-airflow/dags/pipeline_etl_pratica.py
[2026-05-18T22:11:43.350+0000] {processor.py:914} INFO - Processing file /workspaces/meu-primeiro-etl-airflow/dags/pipeline_etl_pratica.py for tasks to queue
[2026-05-18T22:11:43.352+0000] {logging_mixin.py:190} INFO - [2026-05-18T22:11:43.352+0000] {dagbag.py:588} INFO - Filling up the DagBag from /workspaces/meu-primeiro-etl-airflow/dags/pipeline_etl_pratica.py
[2026-05-18T22:11:43.735+0000] {processor.py:925} INFO - DAG(s) 'pipeline_etl_pratica' retrieved from /workspaces/meu-primeiro-etl-airflow/dags/pipeline_etl_pratica.py
[2026-05-18T22:11:43.749+0000] {logging_mixin.py:190} INFO - [2026-05-18T22:11:43.748+0000] {dag.py:3239} INFO - Sync 1 DAGs
[2026-05-18T22:11:43.763+0000] {logging_mixin.py:190} INFO - [2026-05-18T22:11:43.763+0000] {dag.py:4180} INFO - Setting next_dagrun for pipeline_etl_pratica to 2026-05-18 00:00:00+00:00, run_after=2026-05-19 00:00:00+00:00
[2026-05-18T22:11:43.778+0000] {processor.py:208} INFO - Processing /workspaces/meu-primeiro-etl-airflow/dags/pipeline_etl_pratica.py took 0.432 seconds
[2026-05-18T22:12:14.744+0000] {processor.py:186} INFO - Started process (PID=17995) to work on /workspaces/meu-primeiro-etl-airflow/dags/pipeline_etl_pratica.py
[2026-05-18T22:12:14.745+0000] {processor.py:914} INFO - Processing file /workspaces/meu-primeiro-etl-airflow/dags/pipeline_etl_pratica.py for tasks to queue
[2026-05-18T22:12:14.746+0000] {logging_mixin.py:190} INFO - [2026-05-18T22:12:14.746+0000] {dagbag.py:588} INFO - Filling up the DagBag from /workspaces/meu-primeiro-etl-airflow/dags/pipeline_etl_pratica.py
[2026-05-18T22:12:15.181+0000] {processor.py:925} INFO - DAG(s) 'pipeline_etl_pratica' retrieved from /workspaces/meu-primeiro-etl-airflow/dags/pipeline_etl_pratica.py
[2026-05-18T22:12:15.195+0000] {logging_mixin.py:190} INFO - [2026-05-18T22:12:15.195+0000] {dag.py:3239} INFO - Sync 1 DAGs
[2026-05-18T22:12:15.209+0000] {logging_mixin.py:190} INFO - [2026-05-18T22:12:15.209+0000] {dag.py:4180} INFO - Setting next_dagrun for pipeline_etl_pratica to 2026-05-18 00:00:00+00:00, run_after=2026-05-19 00:00:00+00:00
[2026-05-18T22:12:15.224+0000] {processor.py:208} INFO - Processing /workspaces/meu-primeiro-etl-airflow/dags/pipeline_etl_pratica.py took 0.484 seconds
[2026-05-18T22:12:46.177+0000] {processor.py:186} INFO - Started process (PID=18208) to work on /workspaces/meu-primeiro-etl-airflow/dags/pipeline_etl_pratica.py
[2026-05-18T22:12:46.177+0000] {processor.py:914} INFO - Processing file /workspaces/meu-primeiro-etl-airflow/dags/pipeline_etl_pratica.py for tasks to queue
[2026-05-18T22:12:46.179+0000] {logging_mixin.py:190} INFO - [2026-05-18T22:12:46.179+0000] {dagbag.py:588} INFO - Filling up the DagBag from /workspaces/meu-primeiro-etl-airflow/dags/pipeline_etl_pratica.py
[2026-05-18T22:12:46.584+0000] {processor.py:925} INFO - DAG(s) 'pipeline_etl_pratica' retrieved from /workspaces/meu-primeiro-etl-airflow/dags/pipeline_etl_pratica.py
[2026-05-18T22:12:46.597+0000] {logging_mixin.py:190} INFO - [2026-05-18T22:12:46.597+0000] {dag.py:3239} INFO - Sync 1 DAGs
[2026-05-18T22:12:46.612+0000] {logging_mixin.py:190} INFO - [2026-05-18T22:12:46.611+0000] {dag.py:4180} INFO - Setting next_dagrun for pipeline_etl_pratica to 2026-05-18 00:00:00+00:00, run_after=2026-05-19 00:00:00+00:00
[2026-05-18T22:12:46.627+0000] {processor.py:208} INFO - Processing /workspaces/meu-primeiro-etl-airflow/dags/pipeline_etl_pratica.py took 0.455 seconds
[2026-05-18T22:13:17.767+0000] {processor.py:186} INFO - Started process (PID=18487) to work on /workspaces/meu-primeiro-etl-airflow/dags/pipeline_etl_pratica.py
[2026-05-18T22:13:17.768+0000] {processor.py:914} INFO - Processing file /workspaces/meu-primeiro-etl-airflow/dags/pipeline_etl_pratica.py for tasks to queue
[2026-05-18T22:13:17.769+0000] {logging_mixin.py:190} INFO - [2026-05-18T22:13:17.769+0000] {dagbag.py:588} INFO - Filling up the DagBag from /workspaces/meu-primeiro-etl-airflow/dags/pipeline_etl_pratica.py
[2026-05-18T22:13:18.200+0000] {processor.py:925} INFO - DAG(s) 'pipeline_etl_pratica' retrieved from /workspaces/meu-primeiro-etl-airflow/dags/pipeline_etl_pratica.py
[2026-05-18T22:13:18.216+0000] {logging_mixin.py:190} INFO - [2026-05-18T22:13:18.216+0000] {dag.py:3239} INFO - Sync 1 DAGs
[2026-05-18T22:13:18.231+0000] {logging_mixin.py:190} INFO - [2026-05-18T22:13:18.231+0000] {dag.py:4180} INFO - Setting next_dagrun for pipeline_etl_pratica to 2026-05-18 00:00:00+00:00, run_after=2026-05-19 00:00:00+00:00
[2026-05-18T22:13:18.245+0000] {processor.py:208} INFO - Processing /workspaces/meu-primeiro-etl-airflow/dags/pipeline_etl_pratica.py took 0.482 seconds
[2026-05-18T22:13:49.625+0000] {processor.py:186} INFO - Started process (PID=18707) to work on /workspaces/meu-primeiro-etl-airflow/dags/pipeline_etl_pratica.py
[2026-05-18T22:13:49.625+0000] {processor.py:914} INFO - Processing file /workspaces/meu-primeiro-etl-airflow/dags/pipeline_etl_pratica.py for tasks to queue
[2026-05-18T22:13:49.630+0000] {logging_mixin.py:190} INFO - [2026-05-18T22:13:49.627+0000] {dagbag.py:588} INFO - Filling up the DagBag from /workspaces/meu-primeiro-etl-airflow/dags/pipeline_etl_pratica.py
[2026-05-18T22:13:49.943+0000] {processor.py:925} INFO - DAG(s) 'pipeline_etl_pratica' retrieved from /workspaces/meu-primeiro-etl-airflow/dags/pipeline_etl_pratica.py
[2026-05-18T22:13:49.959+0000] {logging_mixin.py:190} INFO - [2026-05-18T22:13:49.958+0000] {dag.py:3239} INFO - Sync 1 DAGs
[2026-05-18T22:13:49.975+0000] {logging_mixin.py:190} INFO - [2026-05-18T22:13:49.975+0000] {dag.py:4180} INFO - Setting next_dagrun for pipeline_etl_pratica to 2026-05-18 00:00:00+00:00, run_after=2026-05-19 00:00:00+00:00
[2026-05-18T22:13:49.992+0000] {processor.py:208} INFO - Processing /workspaces/meu-primeiro-etl-airflow/dags/pipeline_etl_pratica.py took 0.378 seconds
[2026-05-18T22:14:21.040+0000] {processor.py:186} INFO - Started process (PID=18992) to work on /workspaces/meu-primeiro-etl-airflow/dags/pipeline_etl_pratica.py
[2026-05-18T22:14:21.041+0000] {processor.py:914} INFO - Processing file /workspaces/meu-primeiro-etl-airflow/dags/pipeline_etl_pratica.py for tasks to queue
[2026-05-18T22:14:21.042+0000] {logging_mixin.py:190} INFO - [2026-05-18T22:14:21.042+0000] {dagbag.py:588} INFO - Filling up the DagBag from /workspaces/meu-primeiro-etl-airflow/dags/pipeline_etl_pratica.py
[2026-05-18T22:14:21.352+0000] {processor.py:925} INFO - DAG(s) 'pipeline_etl_pratica' retrieved from /workspaces/meu-primeiro-etl-airflow/dags/pipeline_etl_pratica.py
[2026-05-18T22:14:21.370+0000] {logging_mixin.py:190} INFO - [2026-05-18T22:14:21.370+0000] {dag.py:3239} INFO - Sync 1 DAGs
[2026-05-18T22:14:21.387+0000] {logging_mixin.py:190} INFO - [2026-05-18T22:14:21.387+0000] {dag.py:4180} INFO - Setting next_dagrun for pipeline_etl_pratica to 2026-05-18 00:00:00+00:00, run_after=2026-05-19 00:00:00+00:00
[2026-05-18T22:14:21.403+0000] {processor.py:208} INFO - Processing /workspaces/meu-primeiro-etl-airflow/dags/pipeline_etl_pratica.py took 0.367 seconds
[2026-05-18T22:14:52.328+0000] {processor.py:186} INFO - Started process (PID=19206) to work on /workspaces/meu-primeiro-etl-airflow/dags/pipeline_etl_pratica.py
[2026-05-18T22:14:52.328+0000] {processor.py:914} INFO - Processing file /workspaces/meu-primeiro-etl-airflow/dags/pipeline_etl_pratica.py for tasks to queue
[2026-05-18T22:14:52.330+0000] {logging_mixin.py:190} INFO - [2026-05-18T22:14:52.330+0000] {dagbag.py:588} INFO - Filling up the DagBag from /workspaces/meu-primeiro-etl-airflow/dags/pipeline_etl_pratica.py
[2026-05-18T22:14:52.607+0000] {processor.py:925} INFO - DAG(s) 'pipeline_etl_pratica' retrieved from /workspaces/meu-primeiro-etl-airflow/dags/pipeline_etl_pratica.py
[2026-05-18T22:14:52.623+0000] {logging_mixin.py:190} INFO - [2026-05-18T22:14:52.623+0000] {dag.py:3239} INFO - Sync 1 DAGs
[2026-05-18T22:14:52.639+0000] {logging_mixin.py:190} INFO - [2026-05-18T22:14:52.639+0000] {dag.py:4180} INFO - Setting next_dagrun for pipeline_etl_pratica to 2026-05-18 00:00:00+00:00, run_after=2026-05-19 00:00:00+00:00
[2026-05-18T22:14:52.655+0000] {processor.py:208} INFO - Processing /workspaces/meu-primeiro-etl-airflow/dags/pipeline_etl_pratica.py took 0.332 seconds
[2026-05-18T22:15:23.721+0000] {processor.py:186} INFO - Started process (PID=19542) to work on /workspaces/meu-primeiro-etl-airflow/dags/pipeline_etl_pratica.py
[2026-05-18T22:15:23.722+0000] {processor.py:914} INFO - Processing file /workspaces/meu-primeiro-etl-airflow/dags/pipeline_etl_pratica.py for tasks to queue
[2026-05-18T22:15:23.724+0000] {logging_mixin.py:190} INFO - [2026-05-18T22:15:23.723+0000] {dagbag.py:588} INFO - Filling up the DagBag from /workspaces/meu-primeiro-etl-airflow/dags/pipeline_etl_pratica.py
[2026-05-18T22:15:24.001+0000] {processor.py:925} INFO - DAG(s) 'pipeline_etl_pratica' retrieved from /workspaces/meu-primeiro-etl-airflow/dags/pipeline_etl_pratica.py
[2026-05-18T22:15:24.021+0000] {logging_mixin.py:190} INFO - [2026-05-18T22:15:24.021+0000] {dag.py:3239} INFO - Sync 1 DAGs
[2026-05-18T22:15:24.039+0000] {logging_mixin.py:190} INFO - [2026-05-18T22:15:24.039+0000] {dag.py:4180} INFO - Setting next_dagrun for pipeline_etl_pratica to 2026-05-18 00:00:00+00:00, run_after=2026-05-19 00:00:00+00:00
[2026-05-18T22:15:24.055+0000] {processor.py:208} INFO - Processing /workspaces/meu-primeiro-etl-airflow/dags/pipeline_etl_pratica.py took 0.338 seconds
[2026-05-18T22:15:55.017+0000] {processor.py:186} INFO - Started process (PID=19764) to work on /workspaces/meu-primeiro-etl-airflow/dags/pipeline_etl_pratica.py
[2026-05-18T22:15:55.017+0000] {processor.py:914} INFO - Processing file /workspaces/meu-primeiro-etl-airflow/dags/pipeline_etl_pratica.py for tasks to queue
[2026-05-18T22:15:55.019+0000] {logging_mixin.py:190} INFO - [2026-05-18T22:15:55.019+0000] {dagbag.py:588} INFO - Filling up the DagBag from /workspaces/meu-primeiro-etl-airflow/dags/pipeline_etl_pratica.py
[2026-05-18T22:15:55.326+0000] {processor.py:925} INFO - DAG(s) 'pipeline_etl_pratica' retrieved from /workspaces/meu-primeiro-etl-airflow/dags/pipeline_etl_pratica.py
[2026-05-18T22:15:55.343+0000] {logging_mixin.py:190} INFO - [2026-05-18T22:15:55.343+0000] {dag.py:3239} INFO - Sync 1 DAGs
[2026-05-18T22:15:55.362+0000] {logging_mixin.py:190} INFO - [2026-05-18T22:15:55.362+0000] {dag.py:4180} INFO - Setting next_dagrun for pipeline_etl_pratica to 2026-05-18 00:00:00+00:00, run_after=2026-05-19 00:00:00+00:00
[2026-05-18T22:15:55.378+0000] {processor.py:208} INFO - Processing /workspaces/meu-primeiro-etl-airflow/dags/pipeline_etl_pratica.py took 0.365 seconds
[2026-05-18T22:16:26.312+0000] {processor.py:186} INFO - Started process (PID=20035) to work on /workspaces/meu-primeiro-etl-airflow/dags/pipeline_etl_pratica.py
[2026-05-18T22:16:26.313+0000] {processor.py:914} INFO - Processing file /workspaces/meu-primeiro-etl-airflow/dags/pipeline_etl_pratica.py for tasks to queue
[2026-05-18T22:16:26.314+0000] {logging_mixin.py:190} INFO - [2026-05-18T22:16:26.314+0000] {dagbag.py:588} INFO - Filling up the DagBag from /workspaces/meu-primeiro-etl-airflow/dags/pipeline_etl_pratica.py
[2026-05-18T22:16:26.584+0000] {processor.py:925} INFO - DAG(s) 'pipeline_etl_pratica' retrieved from /workspaces/meu-primeiro-etl-airflow/dags/pipeline_etl_pratica.py
[2026-05-18T22:16:26.600+0000] {logging_mixin.py:190} INFO - [2026-05-18T22:16:26.599+0000] {dag.py:3239} INFO - Sync 1 DAGs
[2026-05-18T22:16:26.615+0000] {logging_mixin.py:190} INFO - [2026-05-18T22:16:26.615+0000] {dag.py:4180} INFO - Setting next_dagrun for pipeline_etl_pratica to 2026-05-18 00:00:00+00:00, run_after=2026-05-19 00:00:00+00:00
[2026-05-18T22:16:26.634+0000] {processor.py:208} INFO - Processing /workspaces/meu-primeiro-etl-airflow/dags/pipeline_etl_pratica.py took 0.326 seconds
[2026-05-18T22:16:57.636+0000] {processor.py:186} INFO - Started process (PID=20255) to work on /workspaces/meu-primeiro-etl-airflow/dags/pipeline_etl_pratica.py
[2026-05-18T22:16:57.637+0000] {processor.py:914} INFO - Processing file /workspaces/meu-primeiro-etl-airflow/dags/pipeline_etl_pratica.py for tasks to queue
[2026-05-18T22:16:57.638+0000] {logging_mixin.py:190} INFO - [2026-05-18T22:16:57.638+0000] {dagbag.py:588} INFO - Filling up the DagBag from /workspaces/meu-primeiro-etl-airflow/dags/pipeline_etl_pratica.py
[2026-05-18T22:16:57.937+0000] {processor.py:925} INFO - DAG(s) 'pipeline_etl_pratica' retrieved from /workspaces/meu-primeiro-etl-airflow/dags/pipeline_etl_pratica.py
[2026-05-18T22:16:57.993+0000] {logging_mixin.py:190} INFO - [2026-05-18T22:16:57.993+0000] {dag.py:3239} INFO - Sync 1 DAGs
[2026-05-18T22:16:58.019+0000] {logging_mixin.py:190} INFO - [2026-05-18T22:16:58.019+0000] {dag.py:4180} INFO - Setting next_dagrun for pipeline_etl_pratica to 2026-05-18 00:00:00+00:00, run_after=2026-05-19 00:00:00+00:00
[2026-05-18T22:16:58.035+0000] {processor.py:208} INFO - Processing /workspaces/meu-primeiro-etl-airflow/dags/pipeline_etl_pratica.py took 0.404 seconds
[2026-05-18T22:17:29.973+0000] {processor.py:186} INFO - Started process (PID=20558) to work on /workspaces/meu-primeiro-etl-airflow/dags/pipeline_etl_pratica.py
[2026-05-18T22:17:29.973+0000] {processor.py:914} INFO - Processing file /workspaces/meu-primeiro-etl-airflow/dags/pipeline_etl_pratica.py for tasks to queue
[2026-05-18T22:17:29.975+0000] {logging_mixin.py:190} INFO - [2026-05-18T22:17:29.975+0000] {dagbag.py:588} INFO - Filling up the DagBag from /workspaces/meu-primeiro-etl-airflow/dags/pipeline_etl_pratica.py
[2026-05-18T22:17:30.262+0000] {processor.py:925} INFO - DAG(s) 'pipeline_etl_pratica' retrieved from /workspaces/meu-primeiro-etl-airflow/dags/pipeline_etl_pratica.py
[2026-05-18T22:17:30.279+0000] {logging_mixin.py:190} INFO - [2026-05-18T22:17:30.279+0000] {dag.py:3239} INFO - Sync 1 DAGs
[2026-05-18T22:17:30.296+0000] {logging_mixin.py:190} INFO - [2026-05-18T22:17:30.296+0000] {dag.py:4180} INFO - Setting next_dagrun for pipeline_etl_pratica to 2026-05-18 00:00:00+00:00, run_after=2026-05-19 00:00:00+00:00
[2026-05-18T22:17:30.311+0000] {processor.py:208} INFO - Processing /workspaces/meu-primeiro-etl-airflow/dags/pipeline_etl_pratica.py took 0.343 seconds
[2026-05-18T22:18:02.788+0000] {processor.py:186} INFO - Started process (PID=20839) to work on /workspaces/meu-primeiro-etl-airflow/dags/pipeline_etl_pratica.py
[2026-05-18T22:18:02.789+0000] {processor.py:914} INFO - Processing file /workspaces/meu-primeiro-etl-airflow/dags/pipeline_etl_pratica.py for tasks to queue
[2026-05-18T22:18:02.791+0000] {logging_mixin.py:190} INFO - [2026-05-18T22:18:02.790+0000] {dagbag.py:588} INFO - Filling up the DagBag from /workspaces/meu-primeiro-etl-airflow/dags/pipeline_etl_pratica.py
[2026-05-18T22:18:03.085+0000] {processor.py:925} INFO - DAG(s) 'pipeline_etl_pratica' retrieved from /workspaces/meu-primeiro-etl-airflow/dags/pipeline_etl_pratica.py
[2026-05-18T22:18:03.103+0000] {logging_mixin.py:190} INFO - [2026-05-18T22:18:03.102+0000] {dag.py:3239} INFO - Sync 1 DAGs
[2026-05-18T22:18:03.126+0000] {logging_mixin.py:190} INFO - [2026-05-18T22:18:03.126+0000] {dag.py:4180} INFO - Setting next_dagrun for pipeline_etl_pratica to 2026-05-18 00:00:00+00:00, run_after=2026-05-19 00:00:00+00:00
[2026-05-18T22:18:03.164+0000] {processor.py:208} INFO - Processing /workspaces/meu-primeiro-etl-airflow/dags/pipeline_etl_pratica.py took 0.380 seconds
[2026-05-18T22:18:34.583+0000] {processor.py:186} INFO - Started process (PID=21064) to work on /workspaces/meu-primeiro-etl-airflow/dags/pipeline_etl_pratica.py
[2026-05-18T22:18:34.584+0000] {processor.py:914} INFO - Processing file /workspaces/meu-primeiro-etl-airflow/dags/pipeline_etl_pratica.py for tasks to queue
[2026-05-18T22:18:34.586+0000] {logging_mixin.py:190} INFO - [2026-05-18T22:18:34.585+0000] {dagbag.py:588} INFO - Filling up the DagBag from /workspaces/meu-primeiro-etl-airflow/dags/pipeline_etl_pratica.py
[2026-05-18T22:18:34.854+0000] {processor.py:925} INFO - DAG(s) 'pipeline_etl_pratica' retrieved from /workspaces/meu-primeiro-etl-airflow/dags/pipeline_etl_pratica.py
[2026-05-18T22:18:34.869+0000] {logging_mixin.py:190} INFO - [2026-05-18T22:18:34.869+0000] {dag.py:3239} INFO - Sync 1 DAGs
[2026-05-18T22:18:34.886+0000] {logging_mixin.py:190} INFO - [2026-05-18T22:18:34.886+0000] {dag.py:4180} INFO - Setting next_dagrun for pipeline_etl_pratica to 2026-05-18 00:00:00+00:00, run_after=2026-05-19 00:00:00+00:00
[2026-05-18T22:18:34.901+0000] {processor.py:208} INFO - Processing /workspaces/meu-primeiro-etl-airflow/dags/pipeline_etl_pratica.py took 0.323 seconds
[2026-05-18T22:19:06.053+0000] {processor.py:186} INFO - Started process (PID=21342) to work on /workspaces/meu-primeiro-etl-airflow/dags/pipeline_etl_pratica.py
[2026-05-18T22:19:06.054+0000] {processor.py:914} INFO - Processing file /workspaces/meu-primeiro-etl-airflow/dags/pipeline_etl_pratica.py for tasks to queue
[2026-05-18T22:19:06.056+0000] {logging_mixin.py:190} INFO - [2026-05-18T22:19:06.056+0000] {dagbag.py:588} INFO - Filling up the DagBag from /workspaces/meu-primeiro-etl-airflow/dags/pipeline_etl_pratica.py
[2026-05-18T22:19:06.343+0000] {processor.py:925} INFO - DAG(s) 'pipeline_etl_pratica' retrieved from /workspaces/meu-primeiro-etl-airflow/dags/pipeline_etl_pratica.py
[2026-05-18T22:19:06.361+0000] {logging_mixin.py:190} INFO - [2026-05-18T22:19:06.360+0000] {dag.py:3239} INFO - Sync 1 DAGs
[2026-05-18T22:19:06.377+0000] {logging_mixin.py:190} INFO - [2026-05-18T22:19:06.377+0000] {dag.py:4180} INFO - Setting next_dagrun for pipeline_etl_pratica to 2026-05-18 00:00:00+00:00, run_after=2026-05-19 00:00:00+00:00
[2026-05-18T22:19:06.392+0000] {processor.py:208} INFO - Processing /workspaces/meu-primeiro-etl-airflow/dags/pipeline_etl_pratica.py took 0.344 seconds
[2026-05-18T22:19:37.554+0000] {processor.py:186} INFO - Started process (PID=21554) to work on /workspaces/meu-primeiro-etl-airflow/dags/pipeline_etl_pratica.py
[2026-05-18T22:19:37.555+0000] {processor.py:914} INFO - Processing file /workspaces/meu-primeiro-etl-airflow/dags/pipeline_etl_pratica.py for tasks to queue
[2026-05-18T22:19:37.557+0000] {logging_mixin.py:190} INFO - [2026-05-18T22:19:37.556+0000] {dagbag.py:588} INFO - Filling up the DagBag from /workspaces/meu-primeiro-etl-airflow/dags/pipeline_etl_pratica.py
[2026-05-18T22:19:37.833+0000] {processor.py:925} INFO - DAG(s) 'pipeline_etl_pratica' retrieved from /workspaces/meu-primeiro-etl-airflow/dags/pipeline_etl_pratica.py
[2026-05-18T22:19:37.848+0000] {logging_mixin.py:190} INFO - [2026-05-18T22:19:37.848+0000] {dag.py:3239} INFO - Sync 1 DAGs
[2026-05-18T22:19:37.864+0000] {logging_mixin.py:190} INFO - [2026-05-18T22:19:37.864+0000] {dag.py:4180} INFO - Setting next_dagrun for pipeline_etl_pratica to 2026-05-18 00:00:00+00:00, run_after=2026-05-19 00:00:00+00:00
[2026-05-18T22:19:37.879+0000] {processor.py:208} INFO - Processing /workspaces/meu-primeiro-etl-airflow/dags/pipeline_etl_pratica.py took 0.330 seconds
[2026-05-18T22:20:09.127+0000] {processor.py:186} INFO - Started process (PID=21894) to work on /workspaces/meu-primeiro-etl-airflow/dags/pipeline_etl_pratica.py
[2026-05-18T22:20:09.128+0000] {processor.py:914} INFO - Processing file /workspaces/meu-primeiro-etl-airflow/dags/pipeline_etl_pratica.py for tasks to queue
[2026-05-18T22:20:09.129+0000] {logging_mixin.py:190} INFO - [2026-05-18T22:20:09.129+0000] {dagbag.py:588} INFO - Filling up the DagBag from /workspaces/meu-primeiro-etl-airflow/dags/pipeline_etl_pratica.py
[2026-05-18T22:20:09.406+0000] {processor.py:925} INFO - DAG(s) 'pipeline_etl_pratica' retrieved from /workspaces/meu-primeiro-etl-airflow/dags/pipeline_etl_pratica.py
[2026-05-18T22:20:09.422+0000] {logging_mixin.py:190} INFO - [2026-05-18T22:20:09.421+0000] {dag.py:3239} INFO - Sync 1 DAGs
[2026-05-18T22:20:09.439+0000] {logging_mixin.py:190} INFO - [2026-05-18T22:20:09.439+0000] {dag.py:4180} INFO - Setting next_dagrun for pipeline_etl_pratica to 2026-05-18 00:00:00+00:00, run_after=2026-05-19 00:00:00+00:00
[2026-05-18T22:20:09.454+0000] {processor.py:208} INFO - Processing /workspaces/meu-primeiro-etl-airflow/dags/pipeline_etl_pratica.py took 0.331 seconds
[2026-05-18T22:20:40.501+0000] {processor.py:186} INFO - Started process (PID=22113) to work on /workspaces/meu-primeiro-etl-airflow/dags/pipeline_etl_pratica.py
[2026-05-18T22:20:40.502+0000] {processor.py:914} INFO - Processing file /workspaces/meu-primeiro-etl-airflow/dags/pipeline_etl_pratica.py for tasks to queue
[2026-05-18T22:20:40.503+0000] {logging_mixin.py:190} INFO - [2026-05-18T22:20:40.503+0000] {dagbag.py:588} INFO - Filling up the DagBag from /workspaces/meu-primeiro-etl-airflow/dags/pipeline_etl_pratica.py
[2026-05-18T22:20:40.778+0000] {processor.py:925} INFO - DAG(s) 'pipeline_etl_pratica' retrieved from /workspaces/meu-primeiro-etl-airflow/dags/pipeline_etl_pratica.py
[2026-05-18T22:20:40.794+0000] {logging_mixin.py:190} INFO - [2026-05-18T22:20:40.793+0000] {dag.py:3239} INFO - Sync 1 DAGs
[2026-05-18T22:20:40.810+0000] {logging_mixin.py:190} INFO - [2026-05-18T22:20:40.809+0000] {dag.py:4180} INFO - Setting next_dagrun for pipeline_etl_pratica to 2026-05-18 00:00:00+00:00, run_after=2026-05-19 00:00:00+00:00
[2026-05-18T22:20:40.826+0000] {processor.py:208} INFO - Processing /workspaces/meu-primeiro-etl-airflow/dags/pipeline_etl_pratica.py took 0.329 seconds
[2026-05-18T22:21:11.980+0000] {processor.py:186} INFO - Started process (PID=22395) to work on /workspaces/meu-primeiro-etl-airflow/dags/pipeline_etl_pratica.py
[2026-05-18T22:21:11.980+0000] {processor.py:914} INFO - Processing file /workspaces/meu-primeiro-etl-airflow/dags/pipeline_etl_pratica.py for tasks to queue
[2026-05-18T22:21:11.982+0000] {logging_mixin.py:190} INFO - [2026-05-18T22:21:11.982+0000] {dagbag.py:588} INFO - Filling up the DagBag from /workspaces/meu-primeiro-etl-airflow/dags/pipeline_etl_pratica.py
[2026-05-18T22:21:12.318+0000] {processor.py:925} INFO - DAG(s) 'pipeline_etl_pratica' retrieved from /workspaces/meu-primeiro-etl-airflow/dags/pipeline_etl_pratica.py
[2026-05-18T22:21:12.334+0000] {logging_mixin.py:190} INFO - [2026-05-18T22:21:12.334+0000] {dag.py:3239} INFO - Sync 1 DAGs
[2026-05-18T22:21:12.352+0000] {logging_mixin.py:190} INFO - [2026-05-18T22:21:12.351+0000] {dag.py:4180} INFO - Setting next_dagrun for pipeline_etl_pratica to 2026-05-18 00:00:00+00:00, run_after=2026-05-19 00:00:00+00:00
[2026-05-18T22:21:12.368+0000] {processor.py:208} INFO - Processing /workspaces/meu-primeiro-etl-airflow/dags/pipeline_etl_pratica.py took 0.392 seconds
[2026-05-18T22:21:43.365+0000] {processor.py:186} INFO - Started process (PID=22608) to work on /workspaces/meu-primeiro-etl-airflow/dags/pipeline_etl_pratica.py
[2026-05-18T22:21:43.366+0000] {processor.py:914} INFO - Processing file /workspaces/meu-primeiro-etl-airflow/dags/pipeline_etl_pratica.py for tasks to queue
[2026-05-18T22:21:43.368+0000] {logging_mixin.py:190} INFO - [2026-05-18T22:21:43.368+0000] {dagbag.py:588} INFO - Filling up the DagBag from /workspaces/meu-primeiro-etl-airflow/dags/pipeline_etl_pratica.py
[2026-05-18T22:21:43.685+0000] {processor.py:925} INFO - DAG(s) 'pipeline_etl_pratica' retrieved from /workspaces/meu-primeiro-etl-airflow/dags/pipeline_etl_pratica.py
[2026-05-18T22:21:43.701+0000] {logging_mixin.py:190} INFO - [2026-05-18T22:21:43.700+0000] {dag.py:3239} INFO - Sync 1 DAGs
[2026-05-18T22:21:43.718+0000] {logging_mixin.py:190} INFO - [2026-05-18T22:21:43.717+0000] {dag.py:4180} INFO - Setting next_dagrun for pipeline_etl_pratica to 2026-05-18 00:00:00+00:00, run_after=2026-05-19 00:00:00+00:00
[2026-05-18T22:21:43.733+0000] {processor.py:208} INFO - Processing /workspaces/meu-primeiro-etl-airflow/dags/pipeline_etl_pratica.py took 0.372 seconds
[2026-05-18T22:22:14.737+0000] {processor.py:186} INFO - Started process (PID=22905) to work on /workspaces/meu-primeiro-etl-airflow/dags/pipeline_etl_pratica.py
[2026-05-18T22:22:14.738+0000] {processor.py:914} INFO - Processing file /workspaces/meu-primeiro-etl-airflow/dags/pipeline_etl_pratica.py for tasks to queue
[2026-05-18T22:22:14.740+0000] {logging_mixin.py:190} INFO - [2026-05-18T22:22:14.739+0000] {dagbag.py:588} INFO - Filling up the DagBag from /workspaces/meu-primeiro-etl-airflow/dags/pipeline_etl_pratica.py
[2026-05-18T22:22:15.071+0000] {processor.py:925} INFO - DAG(s) 'pipeline_etl_pratica' retrieved from /workspaces/meu-primeiro-etl-airflow/dags/pipeline_etl_pratica.py
[2026-05-18T22:22:15.086+0000] {logging_mixin.py:190} INFO - [2026-05-18T22:22:15.086+0000] {dag.py:3239} INFO - Sync 1 DAGs
[2026-05-18T22:22:15.103+0000] {logging_mixin.py:190} INFO - [2026-05-18T22:22:15.102+0000] {dag.py:4180} INFO - Setting next_dagrun for pipeline_etl_pratica to 2026-05-18 00:00:00+00:00, run_after=2026-05-19 00:00:00+00:00
[2026-05-18T22:22:15.118+0000] {processor.py:208} INFO - Processing /workspaces/meu-primeiro-etl-airflow/dags/pipeline_etl_pratica.py took 0.385 seconds
[2026-05-18T22:22:46.109+0000] {processor.py:186} INFO - Started process (PID=23131) to work on /workspaces/meu-primeiro-etl-airflow/dags/pipeline_etl_pratica.py
[2026-05-18T22:22:46.110+0000] {processor.py:914} INFO - Processing file /workspaces/meu-primeiro-etl-airflow/dags/pipeline_etl_pratica.py for tasks to queue
[2026-05-18T22:22:46.111+0000] {logging_mixin.py:190} INFO - [2026-05-18T22:22:46.111+0000] {dagbag.py:588} INFO - Filling up the DagBag from /workspaces/meu-primeiro-etl-airflow/dags/pipeline_etl_pratica.py
[2026-05-18T22:22:46.380+0000] {processor.py:925} INFO - DAG(s) 'pipeline_etl_pratica' retrieved from /workspaces/meu-primeiro-etl-airflow/dags/pipeline_etl_pratica.py
[2026-05-18T22:22:46.397+0000] {logging_mixin.py:190} INFO - [2026-05-18T22:22:46.396+0000] {dag.py:3239} INFO - Sync 1 DAGs
[2026-05-18T22:22:46.414+0000] {logging_mixin.py:190} INFO - [2026-05-18T22:22:46.414+0000] {dag.py:4180} INFO - Setting next_dagrun for pipeline_etl_pratica to 2026-05-18 00:00:00+00:00, run_after=2026-05-19 00:00:00+00:00
[2026-05-18T22:22:46.430+0000] {processor.py:208} INFO - Processing /workspaces/meu-primeiro-etl-airflow/dags/pipeline_etl_pratica.py took 0.325 seconds
[2026-05-18T22:23:17.580+0000] {processor.py:186} INFO - Started process (PID=23410) to work on /workspaces/meu-primeiro-etl-airflow/dags/pipeline_etl_pratica.py
[2026-05-18T22:23:17.581+0000] {processor.py:914} INFO - Processing file /workspaces/meu-primeiro-etl-airflow/dags/pipeline_etl_pratica.py for tasks to queue
[2026-05-18T22:23:17.583+0000] {logging_mixin.py:190} INFO - [2026-05-18T22:23:17.583+0000] {dagbag.py:588} INFO - Filling up the DagBag from /workspaces/meu-primeiro-etl-airflow/dags/pipeline_etl_pratica.py
[2026-05-18T22:23:17.910+0000] {processor.py:925} INFO - DAG(s) 'pipeline_etl_pratica' retrieved from /workspaces/meu-primeiro-etl-airflow/dags/pipeline_etl_pratica.py
[2026-05-18T22:23:17.927+0000] {logging_mixin.py:190} INFO - [2026-05-18T22:23:17.927+0000] {dag.py:3239} INFO - Sync 1 DAGs
[2026-05-18T22:23:17.943+0000] {logging_mixin.py:190} INFO - [2026-05-18T22:23:17.943+0000] {dag.py:4180} INFO - Setting next_dagrun for pipeline_etl_pratica to 2026-05-18 00:00:00+00:00, run_after=2026-05-19 00:00:00+00:00
[2026-05-18T22:23:17.958+0000] {processor.py:208} INFO - Processing /workspaces/meu-primeiro-etl-airflow/dags/pipeline_etl_pratica.py took 0.382 seconds
[2026-05-18T22:23:50.105+0000] {processor.py:186} INFO - Started process (PID=23625) to work on /workspaces/meu-primeiro-etl-airflow/dags/pipeline_etl_pratica.py
[2026-05-18T22:23:50.106+0000] {processor.py:914} INFO - Processing file /workspaces/meu-primeiro-etl-airflow/dags/pipeline_etl_pratica.py for tasks to queue
[2026-05-18T22:23:50.107+0000] {logging_mixin.py:190} INFO - [2026-05-18T22:23:50.107+0000] {dagbag.py:588} INFO - Filling up the DagBag from /workspaces/meu-primeiro-etl-airflow/dags/pipeline_etl_pratica.py
[2026-05-18T22:23:50.488+0000] {processor.py:925} INFO - DAG(s) 'pipeline_etl_pratica' retrieved from /workspaces/meu-primeiro-etl-airflow/dags/pipeline_etl_pratica.py
[2026-05-18T22:23:50.506+0000] {logging_mixin.py:190} INFO - [2026-05-18T22:23:50.506+0000] {dag.py:3239} INFO - Sync 1 DAGs
[2026-05-18T22:23:50.523+0000] {logging_mixin.py:190} INFO - [2026-05-18T22:23:50.523+0000] {dag.py:4180} INFO - Setting next_dagrun for pipeline_etl_pratica to 2026-05-18 00:00:00+00:00, run_after=2026-05-19 00:00:00+00:00
[2026-05-18T22:23:50.538+0000] {processor.py:208} INFO - Processing /workspaces/meu-primeiro-etl-airflow/dags/pipeline_etl_pratica.py took 0.438 seconds
[2026-05-18T22:24:21.484+0000] {processor.py:186} INFO - Started process (PID=23902) to work on /workspaces/meu-primeiro-etl-airflow/dags/pipeline_etl_pratica.py
[2026-05-18T22:24:21.485+0000] {processor.py:914} INFO - Processing file /workspaces/meu-primeiro-etl-airflow/dags/pipeline_etl_pratica.py for tasks to queue
[2026-05-18T22:24:21.487+0000] {logging_mixin.py:190} INFO - [2026-05-18T22:24:21.487+0000] {dagbag.py:588} INFO - Filling up the DagBag from /workspaces/meu-primeiro-etl-airflow/dags/pipeline_etl_pratica.py
[2026-05-18T22:24:21.835+0000] {processor.py:925} INFO - DAG(s) 'pipeline_etl_pratica' retrieved from /workspaces/meu-primeiro-etl-airflow/dags/pipeline_etl_pratica.py
[2026-05-18T22:24:21.855+0000] {logging_mixin.py:190} INFO - [2026-05-18T22:24:21.855+0000] {dag.py:3239} INFO - Sync 1 DAGs
[2026-05-18T22:24:21.882+0000] {logging_mixin.py:190} INFO - [2026-05-18T22:24:21.882+0000] {dag.py:4180} INFO - Setting next_dagrun for pipeline_etl_pratica to 2026-05-18 00:00:00+00:00, run_after=2026-05-19 00:00:00+00:00
[2026-05-18T22:24:21.902+0000] {processor.py:208} INFO - Processing /workspaces/meu-primeiro-etl-airflow/dags/pipeline_etl_pratica.py took 0.422 seconds
[2026-05-18T22:24:52.857+0000] {processor.py:186} INFO - Started process (PID=24127) to work on /workspaces/meu-primeiro-etl-airflow/dags/pipeline_etl_pratica.py
[2026-05-18T22:24:52.857+0000] {processor.py:914} INFO - Processing file /workspaces/meu-primeiro-etl-airflow/dags/pipeline_etl_pratica.py for tasks to queue
[2026-05-18T22:24:52.859+0000] {logging_mixin.py:190} INFO - [2026-05-18T22:24:52.859+0000] {dagbag.py:588} INFO - Filling up the DagBag from /workspaces/meu-primeiro-etl-airflow/dags/pipeline_etl_pratica.py
[2026-05-18T22:24:53.129+0000] {processor.py:925} INFO - DAG(s) 'pipeline_etl_pratica' retrieved from /workspaces/meu-primeiro-etl-airflow/dags/pipeline_etl_pratica.py
[2026-05-18T22:24:53.145+0000] {logging_mixin.py:190} INFO - [2026-05-18T22:24:53.144+0000] {dag.py:3239} INFO - Sync 1 DAGs
[2026-05-18T22:24:53.161+0000] {logging_mixin.py:190} INFO - [2026-05-18T22:24:53.161+0000] {dag.py:4180} INFO - Setting next_dagrun for pipeline_etl_pratica to 2026-05-18 00:00:00+00:00, run_after=2026-05-19 00:00:00+00:00
[2026-05-18T22:24:53.178+0000] {processor.py:208} INFO - Processing /workspaces/meu-primeiro-etl-airflow/dags/pipeline_etl_pratica.py took 0.325 seconds
[2026-05-18T22:25:24.458+0000] {processor.py:186} INFO - Started process (PID=24465) to work on /workspaces/meu-primeiro-etl-airflow/dags/pipeline_etl_pratica.py
[2026-05-18T22:25:24.458+0000] {processor.py:914} INFO - Processing file /workspaces/meu-primeiro-etl-airflow/dags/pipeline_etl_pratica.py for tasks to queue
[2026-05-18T22:25:24.460+0000] {logging_mixin.py:190} INFO - [2026-05-18T22:25:24.459+0000] {dagbag.py:588} INFO - Filling up the DagBag from /workspaces/meu-primeiro-etl-airflow/dags/pipeline_etl_pratica.py
[2026-05-18T22:25:24.735+0000] {processor.py:925} INFO - DAG(s) 'pipeline_etl_pratica' retrieved from /workspaces/meu-primeiro-etl-airflow/dags/pipeline_etl_pratica.py
[2026-05-18T22:25:24.752+0000] {logging_mixin.py:190} INFO - [2026-05-18T22:25:24.752+0000] {dag.py:3239} INFO - Sync 1 DAGs
[2026-05-18T22:25:24.769+0000] {logging_mixin.py:190} INFO - [2026-05-18T22:25:24.769+0000] {dag.py:4180} INFO - Setting next_dagrun for pipeline_etl_pratica to 2026-05-18 00:00:00+00:00, run_after=2026-05-19 00:00:00+00:00
[2026-05-18T22:25:24.785+0000] {processor.py:208} INFO - Processing /workspaces/meu-primeiro-etl-airflow/dags/pipeline_etl_pratica.py took 0.332 seconds
[2026-05-18T22:25:55.921+0000] {processor.py:186} INFO - Started process (PID=24675) to work on /workspaces/meu-primeiro-etl-airflow/dags/pipeline_etl_pratica.py
[2026-05-18T22:25:55.922+0000] {processor.py:914} INFO - Processing file /workspaces/meu-primeiro-etl-airflow/dags/pipeline_etl_pratica.py for tasks to queue
[2026-05-18T22:25:55.924+0000] {logging_mixin.py:190} INFO - [2026-05-18T22:25:55.924+0000] {dagbag.py:588} INFO - Filling up the DagBag from /workspaces/meu-primeiro-etl-airflow/dags/pipeline_etl_pratica.py
[2026-05-18T22:25:56.252+0000] {processor.py:925} INFO - DAG(s) 'pipeline_etl_pratica' retrieved from /workspaces/meu-primeiro-etl-airflow/dags/pipeline_etl_pratica.py
[2026-05-18T22:25:56.268+0000] {logging_mixin.py:190} INFO - [2026-05-18T22:25:56.268+0000] {dag.py:3239} INFO - Sync 1 DAGs
[2026-05-18T22:25:56.285+0000] {logging_mixin.py:190} INFO - [2026-05-18T22:25:56.285+0000] {dag.py:4180} INFO - Setting next_dagrun for pipeline_etl_pratica to 2026-05-18 00:00:00+00:00, run_after=2026-05-19 00:00:00+00:00
[2026-05-18T22:25:56.300+0000] {processor.py:208} INFO - Processing /workspaces/meu-primeiro-etl-airflow/dags/pipeline_etl_pratica.py took 0.383 seconds
[2026-05-18T22:26:27.293+0000] {processor.py:186} INFO - Started process (PID=24956) to work on /workspaces/meu-primeiro-etl-airflow/dags/pipeline_etl_pratica.py
[2026-05-18T22:26:27.293+0000] {processor.py:914} INFO - Processing file /workspaces/meu-primeiro-etl-airflow/dags/pipeline_etl_pratica.py for tasks to queue
[2026-05-18T22:26:27.295+0000] {logging_mixin.py:190} INFO - [2026-05-18T22:26:27.295+0000] {dagbag.py:588} INFO - Filling up the DagBag from /workspaces/meu-primeiro-etl-airflow/dags/pipeline_etl_pratica.py
[2026-05-18T22:26:27.577+0000] {processor.py:925} INFO - DAG(s) 'pipeline_etl_pratica' retrieved from /workspaces/meu-primeiro-etl-airflow/dags/pipeline_etl_pratica.py
[2026-05-18T22:26:27.593+0000] {logging_mixin.py:190} INFO - [2026-05-18T22:26:27.592+0000] {dag.py:3239} INFO - Sync 1 DAGs
[2026-05-18T22:26:27.612+0000] {logging_mixin.py:190} INFO - [2026-05-18T22:26:27.612+0000] {dag.py:4180} INFO - Setting next_dagrun for pipeline_etl_pratica to 2026-05-18 00:00:00+00:00, run_after=2026-05-19 00:00:00+00:00
[2026-05-18T22:26:27.632+0000] {processor.py:208} INFO - Processing /workspaces/meu-primeiro-etl-airflow/dags/pipeline_etl_pratica.py took 0.343 seconds
[2026-05-18T22:26:58.769+0000] {processor.py:186} INFO - Started process (PID=25199) to work on /workspaces/meu-primeiro-etl-airflow/dags/pipeline_etl_pratica.py
[2026-05-18T22:26:58.770+0000] {processor.py:914} INFO - Processing file /workspaces/meu-primeiro-etl-airflow/dags/pipeline_etl_pratica.py for tasks to queue
[2026-05-18T22:26:58.771+0000] {logging_mixin.py:190} INFO - [2026-05-18T22:26:58.771+0000] {dagbag.py:588} INFO - Filling up the DagBag from /workspaces/meu-primeiro-etl-airflow/dags/pipeline_etl_pratica.py
[2026-05-18T22:26:59.044+0000] {processor.py:925} INFO - DAG(s) 'pipeline_etl_pratica' retrieved from /workspaces/meu-primeiro-etl-airflow/dags/pipeline_etl_pratica.py
[2026-05-18T22:26:59.060+0000] {logging_mixin.py:190} INFO - [2026-05-18T22:26:59.060+0000] {dag.py:3239} INFO - Sync 1 DAGs
[2026-05-18T22:26:59.076+0000] {logging_mixin.py:190} INFO - [2026-05-18T22:26:59.076+0000] {dag.py:4180} INFO - Setting next_dagrun for pipeline_etl_pratica to 2026-05-18 00:00:00+00:00, run_after=2026-05-19 00:00:00+00:00
[2026-05-18T22:26:59.092+0000] {processor.py:208} INFO - Processing /workspaces/meu-primeiro-etl-airflow/dags/pipeline_etl_pratica.py took 0.327 seconds
[2026-05-18T22:27:30.256+0000] {processor.py:186} INFO - Started process (PID=25469) to work on /workspaces/meu-primeiro-etl-airflow/dags/pipeline_etl_pratica.py
[2026-05-18T22:27:30.257+0000] {processor.py:914} INFO - Processing file /workspaces/meu-primeiro-etl-airflow/dags/pipeline_etl_pratica.py for tasks to queue
[2026-05-18T22:27:30.259+0000] {logging_mixin.py:190} INFO - [2026-05-18T22:27:30.258+0000] {dagbag.py:588} INFO - Filling up the DagBag from /workspaces/meu-primeiro-etl-airflow/dags/pipeline_etl_pratica.py
[2026-05-18T22:27:30.532+0000] {processor.py:925} INFO - DAG(s) 'pipeline_etl_pratica' retrieved from /workspaces/meu-primeiro-etl-airflow/dags/pipeline_etl_pratica.py
[2026-05-18T22:27:30.547+0000] {logging_mixin.py:190} INFO - [2026-05-18T22:27:30.547+0000] {dag.py:3239} INFO - Sync 1 DAGs
[2026-05-18T22:27:30.563+0000] {logging_mixin.py:190} INFO - [2026-05-18T22:27:30.563+0000] {dag.py:4180} INFO - Setting next_dagrun for pipeline_etl_pratica to 2026-05-18 00:00:00+00:00, run_after=2026-05-19 00:00:00+00:00
[2026-05-18T22:27:30.579+0000] {processor.py:208} INFO - Processing /workspaces/meu-primeiro-etl-airflow/dags/pipeline_etl_pratica.py took 0.328 seconds
[2026-05-18T22:28:02.774+0000] {processor.py:186} INFO - Started process (PID=25753) to work on /workspaces/meu-primeiro-etl-airflow/dags/pipeline_etl_pratica.py
[2026-05-18T22:28:02.775+0000] {processor.py:914} INFO - Processing file /workspaces/meu-primeiro-etl-airflow/dags/pipeline_etl_pratica.py for tasks to queue
[2026-05-18T22:28:02.777+0000] {logging_mixin.py:190} INFO - [2026-05-18T22:28:02.777+0000] {dagbag.py:588} INFO - Filling up the DagBag from /workspaces/meu-primeiro-etl-airflow/dags/pipeline_etl_pratica.py
[2026-05-18T22:28:03.047+0000] {processor.py:925} INFO - DAG(s) 'pipeline_etl_pratica' retrieved from /workspaces/meu-primeiro-etl-airflow/dags/pipeline_etl_pratica.py
[2026-05-18T22:28:03.062+0000] {logging_mixin.py:190} INFO - [2026-05-18T22:28:03.062+0000] {dag.py:3239} INFO - Sync 1 DAGs
[2026-05-18T22:28:03.078+0000] {logging_mixin.py:190} INFO - [2026-05-18T22:28:03.078+0000] {dag.py:4180} INFO - Setting next_dagrun for pipeline_etl_pratica to 2026-05-18 00:00:00+00:00, run_after=2026-05-19 00:00:00+00:00
[2026-05-18T22:28:03.094+0000] {processor.py:208} INFO - Processing /workspaces/meu-primeiro-etl-airflow/dags/pipeline_etl_pratica.py took 0.323 seconds
[2026-05-18T22:28:34.470+0000] {processor.py:186} INFO - Started process (PID=25964) to work on /workspaces/meu-primeiro-etl-airflow/dags/pipeline_etl_pratica.py
[2026-05-18T22:28:34.471+0000] {processor.py:914} INFO - Processing file /workspaces/meu-primeiro-etl-airflow/dags/pipeline_etl_pratica.py for tasks to queue
[2026-05-18T22:28:34.472+0000] {logging_mixin.py:190} INFO - [2026-05-18T22:28:34.472+0000] {dagbag.py:588} INFO - Filling up the DagBag from /workspaces/meu-primeiro-etl-airflow/dags/pipeline_etl_pratica.py
[2026-05-18T22:28:34.748+0000] {processor.py:925} INFO - DAG(s) 'pipeline_etl_pratica' retrieved from /workspaces/meu-primeiro-etl-airflow/dags/pipeline_etl_pratica.py
[2026-05-18T22:28:34.764+0000] {logging_mixin.py:190} INFO - [2026-05-18T22:28:34.763+0000] {dag.py:3239} INFO - Sync 1 DAGs
[2026-05-18T22:28:34.781+0000] {logging_mixin.py:190} INFO - [2026-05-18T22:28:34.781+0000] {dag.py:4180} INFO - Setting next_dagrun for pipeline_etl_pratica to 2026-05-18 00:00:00+00:00, run_after=2026-05-19 00:00:00+00:00
[2026-05-18T22:28:34.800+0000] {processor.py:208} INFO - Processing /workspaces/meu-primeiro-etl-airflow/dags/pipeline_etl_pratica.py took 0.334 seconds
[2026-05-18T22:29:05.841+0000] {processor.py:186} INFO - Started process (PID=26241) to work on /workspaces/meu-primeiro-etl-airflow/dags/pipeline_etl_pratica.py
[2026-05-18T22:29:05.842+0000] {processor.py:914} INFO - Processing file /workspaces/meu-primeiro-etl-airflow/dags/pipeline_etl_pratica.py for tasks to queue
[2026-05-18T22:29:05.844+0000] {logging_mixin.py:190} INFO - [2026-05-18T22:29:05.844+0000] {dagbag.py:588} INFO - Filling up the DagBag from /workspaces/meu-primeiro-etl-airflow/dags/pipeline_etl_pratica.py
[2026-05-18T22:29:06.118+0000] {processor.py:925} INFO - DAG(s) 'pipeline_etl_pratica' retrieved from /workspaces/meu-primeiro-etl-airflow/dags/pipeline_etl_pratica.py
[2026-05-18T22:29:06.134+0000] {logging_mixin.py:190} INFO - [2026-05-18T22:29:06.134+0000] {dag.py:3239} INFO - Sync 1 DAGs
[2026-05-18T22:29:06.153+0000] {logging_mixin.py:190} INFO - [2026-05-18T22:29:06.153+0000] {dag.py:4180} INFO - Setting next_dagrun for pipeline_etl_pratica to 2026-05-18 00:00:00+00:00, run_after=2026-05-19 00:00:00+00:00
[2026-05-18T22:29:06.182+0000] {processor.py:208} INFO - Processing /workspaces/meu-primeiro-etl-airflow/dags/pipeline_etl_pratica.py took 0.346 seconds
[2026-05-18T22:29:37.230+0000] {processor.py:186} INFO - Started process (PID=26461) to work on /workspaces/meu-primeiro-etl-airflow/dags/pipeline_etl_pratica.py
[2026-05-18T22:29:37.231+0000] {processor.py:914} INFO - Processing file /workspaces/meu-primeiro-etl-airflow/dags/pipeline_etl_pratica.py for tasks to queue
[2026-05-18T22:29:37.232+0000] {logging_mixin.py:190} INFO - [2026-05-18T22:29:37.232+0000] {dagbag.py:588} INFO - Filling up the DagBag from /workspaces/meu-primeiro-etl-airflow/dags/pipeline_etl_pratica.py
[2026-05-18T22:29:37.504+0000] {processor.py:925} INFO - DAG(s) 'pipeline_etl_pratica' retrieved from /workspaces/meu-primeiro-etl-airflow/dags/pipeline_etl_pratica.py
[2026-05-18T22:29:37.520+0000] {logging_mixin.py:190} INFO - [2026-05-18T22:29:37.520+0000] {dag.py:3239} INFO - Sync 1 DAGs
[2026-05-18T22:29:37.537+0000] {logging_mixin.py:190} INFO - [2026-05-18T22:29:37.537+0000] {dag.py:4180} INFO - Setting next_dagrun for pipeline_etl_pratica to 2026-05-18 00:00:00+00:00, run_after=2026-05-19 00:00:00+00:00
[2026-05-18T22:29:37.553+0000] {processor.py:208} INFO - Processing /workspaces/meu-primeiro-etl-airflow/dags/pipeline_etl_pratica.py took 0.327 seconds
[2026-05-18T22:30:08.734+0000] {processor.py:186} INFO - Started process (PID=26801) to work on /workspaces/meu-primeiro-etl-airflow/dags/pipeline_etl_pratica.py
[2026-05-18T22:30:08.735+0000] {processor.py:914} INFO - Processing file /workspaces/meu-primeiro-etl-airflow/dags/pipeline_etl_pratica.py for tasks to queue
[2026-05-18T22:30:08.736+0000] {logging_mixin.py:190} INFO - [2026-05-18T22:30:08.736+0000] {dagbag.py:588} INFO - Filling up the DagBag from /workspaces/meu-primeiro-etl-airflow/dags/pipeline_etl_pratica.py
[2026-05-18T22:30:09.031+0000] {processor.py:925} INFO - DAG(s) 'pipeline_etl_pratica' retrieved from /workspaces/meu-primeiro-etl-airflow/dags/pipeline_etl_pratica.py
[2026-05-18T22:30:09.063+0000] {logging_mixin.py:190} INFO - [2026-05-18T22:30:09.063+0000] {dag.py:3239} INFO - Sync 1 DAGs
[2026-05-18T22:30:09.094+0000] {logging_mixin.py:190} INFO - [2026-05-18T22:30:09.094+0000] {dag.py:4180} INFO - Setting next_dagrun for pipeline_etl_pratica to 2026-05-18 00:00:00+00:00, run_after=2026-05-19 00:00:00+00:00
[2026-05-18T22:30:09.121+0000] {processor.py:208} INFO - Processing /workspaces/meu-primeiro-etl-airflow/dags/pipeline_etl_pratica.py took 0.391 seconds
[2026-05-18T22:30:40.202+0000] {processor.py:186} INFO - Started process (PID=27021) to work on /workspaces/meu-primeiro-etl-airflow/dags/pipeline_etl_pratica.py
[2026-05-18T22:30:40.205+0000] {processor.py:914} INFO - Processing file /workspaces/meu-primeiro-etl-airflow/dags/pipeline_etl_pratica.py for tasks to queue
[2026-05-18T22:30:40.208+0000] {logging_mixin.py:190} INFO - [2026-05-18T22:30:40.208+0000] {dagbag.py:588} INFO - Filling up the DagBag from /workspaces/meu-primeiro-etl-airflow/dags/pipeline_etl_pratica.py
[2026-05-18T22:30:40.498+0000] {processor.py:925} INFO - DAG(s) 'pipeline_etl_pratica' retrieved from /workspaces/meu-primeiro-etl-airflow/dags/pipeline_etl_pratica.py
[2026-05-18T22:30:40.514+0000] {logging_mixin.py:190} INFO - [2026-05-18T22:30:40.513+0000] {dag.py:3239} INFO - Sync 1 DAGs
[2026-05-18T22:30:40.531+0000] {logging_mixin.py:190} INFO - [2026-05-18T22:30:40.531+0000] {dag.py:4180} INFO - Setting next_dagrun for pipeline_etl_pratica to 2026-05-18 00:00:00+00:00, run_after=2026-05-19 00:00:00+00:00
[2026-05-18T22:30:40.546+0000] {processor.py:208} INFO - Processing /workspaces/meu-primeiro-etl-airflow/dags/pipeline_etl_pratica.py took 0.355 seconds
[2026-05-18T22:31:11.869+0000] {processor.py:186} INFO - Started process (PID=27302) to work on /workspaces/meu-primeiro-etl-airflow/dags/pipeline_etl_pratica.py
[2026-05-18T22:31:11.870+0000] {processor.py:914} INFO - Processing file /workspaces/meu-primeiro-etl-airflow/dags/pipeline_etl_pratica.py for tasks to queue
[2026-05-18T22:31:11.871+0000] {logging_mixin.py:190} INFO - [2026-05-18T22:31:11.871+0000] {dagbag.py:588} INFO - Filling up the DagBag from /workspaces/meu-primeiro-etl-airflow/dags/pipeline_etl_pratica.py
[2026-05-18T22:31:12.140+0000] {processor.py:925} INFO - DAG(s) 'pipeline_etl_pratica' retrieved from /workspaces/meu-primeiro-etl-airflow/dags/pipeline_etl_pratica.py
[2026-05-18T22:31:12.157+0000] {logging_mixin.py:190} INFO - [2026-05-18T22:31:12.156+0000] {dag.py:3239} INFO - Sync 1 DAGs
[2026-05-18T22:31:12.173+0000] {logging_mixin.py:190} INFO - [2026-05-18T22:31:12.173+0000] {dag.py:4180} INFO - Setting next_dagrun for pipeline_etl_pratica to 2026-05-18 00:00:00+00:00, run_after=2026-05-19 00:00:00+00:00
[2026-05-18T22:31:12.188+0000] {processor.py:208} INFO - Processing /workspaces/meu-primeiro-etl-airflow/dags/pipeline_etl_pratica.py took 0.323 seconds
[2026-05-18T22:31:43.249+0000] {processor.py:186} INFO - Started process (PID=27520) to work on /workspaces/meu-primeiro-etl-airflow/dags/pipeline_etl_pratica.py
[2026-05-18T22:31:43.249+0000] {processor.py:914} INFO - Processing file /workspaces/meu-primeiro-etl-airflow/dags/pipeline_etl_pratica.py for tasks to queue
[2026-05-18T22:31:43.252+0000] {logging_mixin.py:190} INFO - [2026-05-18T22:31:43.251+0000] {dagbag.py:588} INFO - Filling up the DagBag from /workspaces/meu-primeiro-etl-airflow/dags/pipeline_etl_pratica.py
[2026-05-18T22:31:43.525+0000] {processor.py:925} INFO - DAG(s) 'pipeline_etl_pratica' retrieved from /workspaces/meu-primeiro-etl-airflow/dags/pipeline_etl_pratica.py
[2026-05-18T22:31:43.542+0000] {logging_mixin.py:190} INFO - [2026-05-18T22:31:43.541+0000] {dag.py:3239} INFO - Sync 1 DAGs
[2026-05-18T22:31:43.557+0000] {logging_mixin.py:190} INFO - [2026-05-18T22:31:43.557+0000] {dag.py:4180} INFO - Setting next_dagrun for pipeline_etl_pratica to 2026-05-18 00:00:00+00:00, run_after=2026-05-19 00:00:00+00:00
[2026-05-18T22:31:43.573+0000] {processor.py:208} INFO - Processing /workspaces/meu-primeiro-etl-airflow/dags/pipeline_etl_pratica.py took 0.330 seconds
[2026-05-18T22:32:14.627+0000] {processor.py:186} INFO - Started process (PID=27794) to work on /workspaces/meu-primeiro-etl-airflow/dags/pipeline_etl_pratica.py
[2026-05-18T22:32:14.627+0000] {processor.py:914} INFO - Processing file /workspaces/meu-primeiro-etl-airflow/dags/pipeline_etl_pratica.py for tasks to queue
[2026-05-18T22:32:14.629+0000] {logging_mixin.py:190} INFO - [2026-05-18T22:32:14.628+0000] {dagbag.py:588} INFO - Filling up the DagBag from /workspaces/meu-primeiro-etl-airflow/dags/pipeline_etl_pratica.py
[2026-05-18T22:32:14.978+0000] {processor.py:925} INFO - DAG(s) 'pipeline_etl_pratica' retrieved from /workspaces/meu-primeiro-etl-airflow/dags/pipeline_etl_pratica.py
[2026-05-18T22:32:15.000+0000] {logging_mixin.py:190} INFO - [2026-05-18T22:32:14.999+0000] {dag.py:3239} INFO - Sync 1 DAGs
[2026-05-18T22:32:15.020+0000] {logging_mixin.py:190} INFO - [2026-05-18T22:32:15.020+0000] {dag.py:4180} INFO - Setting next_dagrun for pipeline_etl_pratica to 2026-05-18 00:00:00+00:00, run_after=2026-05-19 00:00:00+00:00
[2026-05-18T22:32:15.036+0000] {processor.py:208} INFO - Processing /workspaces/meu-primeiro-etl-airflow/dags/pipeline_etl_pratica.py took 0.414 seconds
[2026-05-18T22:32:45.967+0000] {processor.py:186} INFO - Started process (PID=28021) to work on /workspaces/meu-primeiro-etl-airflow/dags/pipeline_etl_pratica.py
[2026-05-18T22:32:45.968+0000] {processor.py:914} INFO - Processing file /workspaces/meu-primeiro-etl-airflow/dags/pipeline_etl_pratica.py for tasks to queue
[2026-05-18T22:32:45.970+0000] {logging_mixin.py:190} INFO - [2026-05-18T22:32:45.969+0000] {dagbag.py:588} INFO - Filling up the DagBag from /workspaces/meu-primeiro-etl-airflow/dags/pipeline_etl_pratica.py
[2026-05-18T22:32:46.240+0000] {processor.py:925} INFO - DAG(s) 'pipeline_etl_pratica' retrieved from /workspaces/meu-primeiro-etl-airflow/dags/pipeline_etl_pratica.py
[2026-05-18T22:32:46.256+0000] {logging_mixin.py:190} INFO - [2026-05-18T22:32:46.256+0000] {dag.py:3239} INFO - Sync 1 DAGs
[2026-05-18T22:32:46.273+0000] {logging_mixin.py:190} INFO - [2026-05-18T22:32:46.273+0000] {dag.py:4180} INFO - Setting next_dagrun for pipeline_etl_pratica to 2026-05-18 00:00:00+00:00, run_after=2026-05-19 00:00:00+00:00
[2026-05-18T22:32:46.288+0000] {processor.py:208} INFO - Processing /workspaces/meu-primeiro-etl-airflow/dags/pipeline_etl_pratica.py took 0.326 seconds
[2026-05-18T22:33:17.555+0000] {processor.py:186} INFO - Started process (PID=28303) to work on /workspaces/meu-primeiro-etl-airflow/dags/pipeline_etl_pratica.py
[2026-05-18T22:33:17.556+0000] {processor.py:914} INFO - Processing file /workspaces/meu-primeiro-etl-airflow/dags/pipeline_etl_pratica.py for tasks to queue
[2026-05-18T22:33:17.559+0000] {logging_mixin.py:190} INFO - [2026-05-18T22:33:17.558+0000] {dagbag.py:588} INFO - Filling up the DagBag from /workspaces/meu-primeiro-etl-airflow/dags/pipeline_etl_pratica.py
[2026-05-18T22:33:17.838+0000] {processor.py:925} INFO - DAG(s) 'pipeline_etl_pratica' retrieved from /workspaces/meu-primeiro-etl-airflow/dags/pipeline_etl_pratica.py
[2026-05-18T22:33:17.854+0000] {logging_mixin.py:190} INFO - [2026-05-18T22:33:17.854+0000] {dag.py:3239} INFO - Sync 1 DAGs
[2026-05-18T22:33:17.870+0000] {logging_mixin.py:190} INFO - [2026-05-18T22:33:17.870+0000] {dag.py:4180} INFO - Setting next_dagrun for pipeline_etl_pratica to 2026-05-18 00:00:00+00:00, run_after=2026-05-19 00:00:00+00:00
[2026-05-18T22:33:17.892+0000] {processor.py:208} INFO - Processing /workspaces/meu-primeiro-etl-airflow/dags/pipeline_etl_pratica.py took 0.344 seconds
[2026-05-18T22:33:49.031+0000] {processor.py:186} INFO - Started process (PID=28524) to work on /workspaces/meu-primeiro-etl-airflow/dags/pipeline_etl_pratica.py
[2026-05-18T22:33:49.032+0000] {processor.py:914} INFO - Processing file /workspaces/meu-primeiro-etl-airflow/dags/pipeline_etl_pratica.py for tasks to queue
[2026-05-18T22:33:49.034+0000] {logging_mixin.py:190} INFO - [2026-05-18T22:33:49.034+0000] {dagbag.py:588} INFO - Filling up the DagBag from /workspaces/meu-primeiro-etl-airflow/dags/pipeline_etl_pratica.py
[2026-05-18T22:33:49.309+0000] {processor.py:925} INFO - DAG(s) 'pipeline_etl_pratica' retrieved from /workspaces/meu-primeiro-etl-airflow/dags/pipeline_etl_pratica.py
[2026-05-18T22:33:49.325+0000] {logging_mixin.py:190} INFO - [2026-05-18T22:33:49.325+0000] {dag.py:3239} INFO - Sync 1 DAGs
[2026-05-18T22:33:49.345+0000] {logging_mixin.py:190} INFO - [2026-05-18T22:33:49.345+0000] {dag.py:4180} INFO - Setting next_dagrun for pipeline_etl_pratica to 2026-05-18 00:00:00+00:00, run_after=2026-05-19 00:00:00+00:00
[2026-05-18T22:33:49.395+0000] {processor.py:208} INFO - Processing /workspaces/meu-primeiro-etl-airflow/dags/pipeline_etl_pratica.py took 0.368 seconds
[2026-05-18T22:34:20.402+0000] {processor.py:186} INFO - Started process (PID=28803) to work on /workspaces/meu-primeiro-etl-airflow/dags/pipeline_etl_pratica.py
[2026-05-18T22:34:20.402+0000] {processor.py:914} INFO - Processing file /workspaces/meu-primeiro-etl-airflow/dags/pipeline_etl_pratica.py for tasks to queue
[2026-05-18T22:34:20.404+0000] {logging_mixin.py:190} INFO - [2026-05-18T22:34:20.404+0000] {dagbag.py:588} INFO - Filling up the DagBag from /workspaces/meu-primeiro-etl-airflow/dags/pipeline_etl_pratica.py
[2026-05-18T22:34:20.743+0000] {processor.py:925} INFO - DAG(s) 'pipeline_etl_pratica' retrieved from /workspaces/meu-primeiro-etl-airflow/dags/pipeline_etl_pratica.py
[2026-05-18T22:34:20.759+0000] {logging_mixin.py:190} INFO - [2026-05-18T22:34:20.758+0000] {dag.py:3239} INFO - Sync 1 DAGs
[2026-05-18T22:34:20.775+0000] {logging_mixin.py:190} INFO - [2026-05-18T22:34:20.775+0000] {dag.py:4180} INFO - Setting next_dagrun for pipeline_etl_pratica to 2026-05-18 00:00:00+00:00, run_after=2026-05-19 00:00:00+00:00
[2026-05-18T22:34:20.791+0000] {processor.py:208} INFO - Processing /workspaces/meu-primeiro-etl-airflow/dags/pipeline_etl_pratica.py took 0.394 seconds
[2026-05-18T22:34:51.686+0000] {processor.py:186} INFO - Started process (PID=29014) to work on /workspaces/meu-primeiro-etl-airflow/dags/pipeline_etl_pratica.py
[2026-05-18T22:34:51.687+0000] {processor.py:914} INFO - Processing file /workspaces/meu-primeiro-etl-airflow/dags/pipeline_etl_pratica.py for tasks to queue
[2026-05-18T22:34:51.689+0000] {logging_mixin.py:190} INFO - [2026-05-18T22:34:51.689+0000] {dagbag.py:588} INFO - Filling up the DagBag from /workspaces/meu-primeiro-etl-airflow/dags/pipeline_etl_pratica.py
[2026-05-18T22:34:52.025+0000] {processor.py:925} INFO - DAG(s) 'pipeline_etl_pratica' retrieved from /workspaces/meu-primeiro-etl-airflow/dags/pipeline_etl_pratica.py
[2026-05-18T22:34:52.041+0000] {logging_mixin.py:190} INFO - [2026-05-18T22:34:52.041+0000] {dag.py:3239} INFO - Sync 1 DAGs
[2026-05-18T22:34:52.064+0000] {logging_mixin.py:190} INFO - [2026-05-18T22:34:52.064+0000] {dag.py:4180} INFO - Setting next_dagrun for pipeline_etl_pratica to 2026-05-18 00:00:00+00:00, run_after=2026-05-19 00:00:00+00:00
[2026-05-18T22:34:52.080+0000] {processor.py:208} INFO - Processing /workspaces/meu-primeiro-etl-airflow/dags/pipeline_etl_pratica.py took 0.398 seconds
[2026-05-18T22:35:23.299+0000] {processor.py:186} INFO - Started process (PID=29358) to work on /workspaces/meu-primeiro-etl-airflow/dags/pipeline_etl_pratica.py
[2026-05-18T22:35:23.300+0000] {processor.py:914} INFO - Processing file /workspaces/meu-primeiro-etl-airflow/dags/pipeline_etl_pratica.py for tasks to queue
[2026-05-18T22:35:23.301+0000] {logging_mixin.py:190} INFO - [2026-05-18T22:35:23.301+0000] {dagbag.py:588} INFO - Filling up the DagBag from /workspaces/meu-primeiro-etl-airflow/dags/pipeline_etl_pratica.py
[2026-05-18T22:35:23.607+0000] {processor.py:925} INFO - DAG(s) 'pipeline_etl_pratica' retrieved from /workspaces/meu-primeiro-etl-airflow/dags/pipeline_etl_pratica.py
[2026-05-18T22:35:23.623+0000] {logging_mixin.py:190} INFO - [2026-05-18T22:35:23.623+0000] {dag.py:3239} INFO - Sync 1 DAGs
[2026-05-18T22:35:23.639+0000] {logging_mixin.py:190} INFO - [2026-05-18T22:35:23.639+0000] {dag.py:4180} INFO - Setting next_dagrun for pipeline_etl_pratica to 2026-05-18 00:00:00+00:00, run_after=2026-05-19 00:00:00+00:00
[2026-05-18T22:35:23.655+0000] {processor.py:208} INFO - Processing /workspaces/meu-primeiro-etl-airflow/dags/pipeline_etl_pratica.py took 0.360 seconds
[2026-05-18T22:35:54.715+0000] {processor.py:186} INFO - Started process (PID=29577) to work on /workspaces/meu-primeiro-etl-airflow/dags/pipeline_etl_pratica.py
[2026-05-18T22:35:54.715+0000] {processor.py:914} INFO - Processing file /workspaces/meu-primeiro-etl-airflow/dags/pipeline_etl_pratica.py for tasks to queue
[2026-05-18T22:35:54.717+0000] {logging_mixin.py:190} INFO - [2026-05-18T22:35:54.717+0000] {dagbag.py:588} INFO - Filling up the DagBag from /workspaces/meu-primeiro-etl-airflow/dags/pipeline_etl_pratica.py
[2026-05-18T22:35:54.993+0000] {processor.py:925} INFO - DAG(s) 'pipeline_etl_pratica' retrieved from /workspaces/meu-primeiro-etl-airflow/dags/pipeline_etl_pratica.py
[2026-05-18T22:35:55.009+0000] {logging_mixin.py:190} INFO - [2026-05-18T22:35:55.009+0000] {dag.py:3239} INFO - Sync 1 DAGs
[2026-05-18T22:35:55.025+0000] {logging_mixin.py:190} INFO - [2026-05-18T22:35:55.025+0000] {dag.py:4180} INFO - Setting next_dagrun for pipeline_etl_pratica to 2026-05-18 00:00:00+00:00, run_after=2026-05-19 00:00:00+00:00
[2026-05-18T22:35:55.040+0000] {processor.py:208} INFO - Processing /workspaces/meu-primeiro-etl-airflow/dags/pipeline_etl_pratica.py took 0.330 seconds
[2026-05-18T22:36:26.096+0000] {processor.py:186} INFO - Started process (PID=29855) to work on /workspaces/meu-primeiro-etl-airflow/dags/pipeline_etl_pratica.py
[2026-05-18T22:36:26.096+0000] {processor.py:914} INFO - Processing file /workspaces/meu-primeiro-etl-airflow/dags/pipeline_etl_pratica.py for tasks to queue
[2026-05-18T22:36:26.098+0000] {logging_mixin.py:190} INFO - [2026-05-18T22:36:26.098+0000] {dagbag.py:588} INFO - Filling up the DagBag from /workspaces/meu-primeiro-etl-airflow/dags/pipeline_etl_pratica.py
[2026-05-18T22:36:26.376+0000] {processor.py:925} INFO - DAG(s) 'pipeline_etl_pratica' retrieved from /workspaces/meu-primeiro-etl-airflow/dags/pipeline_etl_pratica.py
[2026-05-18T22:36:26.391+0000] {logging_mixin.py:190} INFO - [2026-05-18T22:36:26.391+0000] {dag.py:3239} INFO - Sync 1 DAGs
[2026-05-18T22:36:26.408+0000] {logging_mixin.py:190} INFO - [2026-05-18T22:36:26.408+0000] {dag.py:4180} INFO - Setting next_dagrun for pipeline_etl_pratica to 2026-05-18 00:00:00+00:00, run_after=2026-05-19 00:00:00+00:00
[2026-05-18T22:36:26.423+0000] {processor.py:208} INFO - Processing /workspaces/meu-primeiro-etl-airflow/dags/pipeline_etl_pratica.py took 0.332 seconds
[2026-05-18T22:36:57.572+0000] {processor.py:186} INFO - Started process (PID=30069) to work on /workspaces/meu-primeiro-etl-airflow/dags/pipeline_etl_pratica.py
[2026-05-18T22:36:57.573+0000] {processor.py:914} INFO - Processing file /workspaces/meu-primeiro-etl-airflow/dags/pipeline_etl_pratica.py for tasks to queue
[2026-05-18T22:36:57.575+0000] {logging_mixin.py:190} INFO - [2026-05-18T22:36:57.575+0000] {dagbag.py:588} INFO - Filling up the DagBag from /workspaces/meu-primeiro-etl-airflow/dags/pipeline_etl_pratica.py
[2026-05-18T22:36:57.862+0000] {processor.py:925} INFO - DAG(s) 'pipeline_etl_pratica' retrieved from /workspaces/meu-primeiro-etl-airflow/dags/pipeline_etl_pratica.py
[2026-05-18T22:36:57.885+0000] {logging_mixin.py:190} INFO - [2026-05-18T22:36:57.885+0000] {dag.py:3239} INFO - Sync 1 DAGs
[2026-05-18T22:36:57.902+0000] {logging_mixin.py:190} INFO - [2026-05-18T22:36:57.902+0000] {dag.py:4180} INFO - Setting next_dagrun for pipeline_etl_pratica to 2026-05-18 00:00:00+00:00, run_after=2026-05-19 00:00:00+00:00
[2026-05-18T22:36:57.919+0000] {processor.py:208} INFO - Processing /workspaces/meu-primeiro-etl-airflow/dags/pipeline_etl_pratica.py took 0.351 seconds
[2026-05-18T22:37:29.077+0000] {processor.py:186} INFO - Started process (PID=30348) to work on /workspaces/meu-primeiro-etl-airflow/dags/pipeline_etl_pratica.py
[2026-05-18T22:37:29.078+0000] {processor.py:914} INFO - Processing file /workspaces/meu-primeiro-etl-airflow/dags/pipeline_etl_pratica.py for tasks to queue
[2026-05-18T22:37:29.079+0000] {logging_mixin.py:190} INFO - [2026-05-18T22:37:29.079+0000] {dagbag.py:588} INFO - Filling up the DagBag from /workspaces/meu-primeiro-etl-airflow/dags/pipeline_etl_pratica.py
[2026-05-18T22:37:29.353+0000] {processor.py:925} INFO - DAG(s) 'pipeline_etl_pratica' retrieved from /workspaces/meu-primeiro-etl-airflow/dags/pipeline_etl_pratica.py
[2026-05-18T22:37:29.369+0000] {logging_mixin.py:190} INFO - [2026-05-18T22:37:29.369+0000] {dag.py:3239} INFO - Sync 1 DAGs
[2026-05-18T22:37:29.386+0000] {logging_mixin.py:190} INFO - [2026-05-18T22:37:29.386+0000] {dag.py:4180} INFO - Setting next_dagrun for pipeline_etl_pratica to 2026-05-18 00:00:00+00:00, run_after=2026-05-19 00:00:00+00:00
[2026-05-18T22:37:29.402+0000] {processor.py:208} INFO - Processing /workspaces/meu-primeiro-etl-airflow/dags/pipeline_etl_pratica.py took 0.329 seconds
[2026-05-18T22:38:01.491+0000] {processor.py:186} INFO - Started process (PID=30651) to work on /workspaces/meu-primeiro-etl-airflow/dags/pipeline_etl_pratica.py
[2026-05-18T22:38:01.492+0000] {processor.py:914} INFO - Processing file /workspaces/meu-primeiro-etl-airflow/dags/pipeline_etl_pratica.py for tasks to queue
[2026-05-18T22:38:01.494+0000] {logging_mixin.py:190} INFO - [2026-05-18T22:38:01.494+0000] {dagbag.py:588} INFO - Filling up the DagBag from /workspaces/meu-primeiro-etl-airflow/dags/pipeline_etl_pratica.py
[2026-05-18T22:38:01.772+0000] {processor.py:925} INFO - DAG(s) 'pipeline_etl_pratica' retrieved from /workspaces/meu-primeiro-etl-airflow/dags/pipeline_etl_pratica.py
[2026-05-18T22:38:01.788+0000] {logging_mixin.py:190} INFO - [2026-05-18T22:38:01.788+0000] {dag.py:3239} INFO - Sync 1 DAGs
[2026-05-18T22:38:01.805+0000] {logging_mixin.py:190} INFO - [2026-05-18T22:38:01.805+0000] {dag.py:4180} INFO - Setting next_dagrun for pipeline_etl_pratica to 2026-05-18 00:00:00+00:00, run_after=2026-05-19 00:00:00+00:00
[2026-05-18T22:38:01.821+0000] {processor.py:208} INFO - Processing /workspaces/meu-primeiro-etl-airflow/dags/pipeline_etl_pratica.py took 0.333 seconds
[2026-05-18T22:38:33.000+0000] {processor.py:186} INFO - Started process (PID=30870) to work on /workspaces/meu-primeiro-etl-airflow/dags/pipeline_etl_pratica.py
[2026-05-18T22:38:33.001+0000] {processor.py:914} INFO - Processing file /workspaces/meu-primeiro-etl-airflow/dags/pipeline_etl_pratica.py for tasks to queue
[2026-05-18T22:38:33.003+0000] {logging_mixin.py:190} INFO - [2026-05-18T22:38:33.002+0000] {dagbag.py:588} INFO - Filling up the DagBag from /workspaces/meu-primeiro-etl-airflow/dags/pipeline_etl_pratica.py
[2026-05-18T22:38:33.269+0000] {processor.py:925} INFO - DAG(s) 'pipeline_etl_pratica' retrieved from /workspaces/meu-primeiro-etl-airflow/dags/pipeline_etl_pratica.py
[2026-05-18T22:38:33.285+0000] {logging_mixin.py:190} INFO - [2026-05-18T22:38:33.284+0000] {dag.py:3239} INFO - Sync 1 DAGs
[2026-05-18T22:38:33.302+0000] {logging_mixin.py:190} INFO - [2026-05-18T22:38:33.301+0000] {dag.py:4180} INFO - Setting next_dagrun for pipeline_etl_pratica to 2026-05-18 00:00:00+00:00, run_after=2026-05-19 00:00:00+00:00
[2026-05-18T22:38:33.317+0000] {processor.py:208} INFO - Processing /workspaces/meu-primeiro-etl-airflow/dags/pipeline_etl_pratica.py took 0.321 seconds
