[2026-05-15T17:34:43.007+0000] {processor.py:186} INFO - Started process (PID=75351) to work on /usr/local/python/3.12.1/lib/python3.12/site-packages/airflow/example_dags/plugins/event_listener.py
[2026-05-15T17:34:43.008+0000] {processor.py:914} INFO - Processing file /usr/local/python/3.12.1/lib/python3.12/site-packages/airflow/example_dags/plugins/event_listener.py for tasks to queue
[2026-05-15T17:34:43.009+0000] {logging_mixin.py:190} INFO - [2026-05-15T17:34:43.009+0000] {dagbag.py:588} INFO - Filling up the DagBag from /usr/local/python/3.12.1/lib/python3.12/site-packages/airflow/example_dags/plugins/event_listener.py
[2026-05-15T17:34:43.011+0000] {processor.py:927} WARNING - No viable dags retrieved from /usr/local/python/3.12.1/lib/python3.12/site-packages/airflow/example_dags/plugins/event_listener.py
[2026-05-15T17:34:43.019+0000] {processor.py:208} INFO - Processing /usr/local/python/3.12.1/lib/python3.12/site-packages/airflow/example_dags/plugins/event_listener.py took 0.016 seconds
[2026-05-15T17:35:43.870+0000] {processor.py:186} INFO - Started process (PID=75957) to work on /usr/local/python/3.12.1/lib/python3.12/site-packages/airflow/example_dags/plugins/event_listener.py
[2026-05-15T17:35:43.871+0000] {processor.py:914} INFO - Processing file /usr/local/python/3.12.1/lib/python3.12/site-packages/airflow/example_dags/plugins/event_listener.py for tasks to queue
[2026-05-15T17:35:43.873+0000] {logging_mixin.py:190} INFO - [2026-05-15T17:35:43.873+0000] {dagbag.py:588} INFO - Filling up the DagBag from /usr/local/python/3.12.1/lib/python3.12/site-packages/airflow/example_dags/plugins/event_listener.py
[2026-05-15T17:35:43.875+0000] {processor.py:927} WARNING - No viable dags retrieved from /usr/local/python/3.12.1/lib/python3.12/site-packages/airflow/example_dags/plugins/event_listener.py
[2026-05-15T17:35:43.886+0000] {processor.py:208} INFO - Processing /usr/local/python/3.12.1/lib/python3.12/site-packages/airflow/example_dags/plugins/event_listener.py took 0.020 seconds
[2026-05-15T17:36:48.229+0000] {processor.py:186} INFO - Started process (PID=76668) to work on /usr/local/python/3.12.1/lib/python3.12/site-packages/airflow/example_dags/plugins/event_listener.py
[2026-05-15T17:36:48.229+0000] {processor.py:914} INFO - Processing file /usr/local/python/3.12.1/lib/python3.12/site-packages/airflow/example_dags/plugins/event_listener.py for tasks to queue
[2026-05-15T17:36:48.231+0000] {logging_mixin.py:190} INFO - [2026-05-15T17:36:48.231+0000] {dagbag.py:588} INFO - Filling up the DagBag from /usr/local/python/3.12.1/lib/python3.12/site-packages/airflow/example_dags/plugins/event_listener.py
[2026-05-15T17:36:48.233+0000] {processor.py:927} WARNING - No viable dags retrieved from /usr/local/python/3.12.1/lib/python3.12/site-packages/airflow/example_dags/plugins/event_listener.py
[2026-05-15T17:36:48.241+0000] {processor.py:208} INFO - Processing /usr/local/python/3.12.1/lib/python3.12/site-packages/airflow/example_dags/plugins/event_listener.py took 0.017 seconds
[2026-05-15T17:37:48.460+0000] {processor.py:186} INFO - Started process (PID=77292) to work on /usr/local/python/3.12.1/lib/python3.12/site-packages/airflow/example_dags/plugins/event_listener.py
[2026-05-15T17:37:48.461+0000] {processor.py:914} INFO - Processing file /usr/local/python/3.12.1/lib/python3.12/site-packages/airflow/example_dags/plugins/event_listener.py for tasks to queue
[2026-05-15T17:37:48.462+0000] {logging_mixin.py:190} INFO - [2026-05-15T17:37:48.462+0000] {dagbag.py:588} INFO - Filling up the DagBag from /usr/local/python/3.12.1/lib/python3.12/site-packages/airflow/example_dags/plugins/event_listener.py
[2026-05-15T17:37:48.464+0000] {processor.py:927} WARNING - No viable dags retrieved from /usr/local/python/3.12.1/lib/python3.12/site-packages/airflow/example_dags/plugins/event_listener.py
[2026-05-15T17:37:48.473+0000] {processor.py:208} INFO - Processing /usr/local/python/3.12.1/lib/python3.12/site-packages/airflow/example_dags/plugins/event_listener.py took 0.018 seconds
[2026-05-15T17:38:49.147+0000] {processor.py:186} INFO - Started process (PID=77972) to work on /usr/local/python/3.12.1/lib/python3.12/site-packages/airflow/example_dags/plugins/event_listener.py
[2026-05-15T17:38:49.148+0000] {processor.py:914} INFO - Processing file /usr/local/python/3.12.1/lib/python3.12/site-packages/airflow/example_dags/plugins/event_listener.py for tasks to queue
[2026-05-15T17:38:49.150+0000] {logging_mixin.py:190} INFO - [2026-05-15T17:38:49.149+0000] {dagbag.py:588} INFO - Filling up the DagBag from /usr/local/python/3.12.1/lib/python3.12/site-packages/airflow/example_dags/plugins/event_listener.py
[2026-05-15T17:38:49.152+0000] {processor.py:927} WARNING - No viable dags retrieved from /usr/local/python/3.12.1/lib/python3.12/site-packages/airflow/example_dags/plugins/event_listener.py
[2026-05-15T17:38:49.166+0000] {processor.py:208} INFO - Processing /usr/local/python/3.12.1/lib/python3.12/site-packages/airflow/example_dags/plugins/event_listener.py took 0.026 seconds
[2026-05-15T17:39:56.853+0000] {processor.py:186} INFO - Started process (PID=78772) to work on /usr/local/python/3.12.1/lib/python3.12/site-packages/airflow/example_dags/plugins/event_listener.py
[2026-05-15T17:39:56.853+0000] {processor.py:914} INFO - Processing file /usr/local/python/3.12.1/lib/python3.12/site-packages/airflow/example_dags/plugins/event_listener.py for tasks to queue
[2026-05-15T17:39:56.855+0000] {logging_mixin.py:190} INFO - [2026-05-15T17:39:56.855+0000] {dagbag.py:588} INFO - Filling up the DagBag from /usr/local/python/3.12.1/lib/python3.12/site-packages/airflow/example_dags/plugins/event_listener.py
[2026-05-15T17:39:56.857+0000] {processor.py:927} WARNING - No viable dags retrieved from /usr/local/python/3.12.1/lib/python3.12/site-packages/airflow/example_dags/plugins/event_listener.py
[2026-05-15T17:39:56.865+0000] {processor.py:208} INFO - Processing /usr/local/python/3.12.1/lib/python3.12/site-packages/airflow/example_dags/plugins/event_listener.py took 0.017 seconds
[2026-05-15T17:40:56.811+0000] {processor.py:186} INFO - Started process (PID=79389) to work on /usr/local/python/3.12.1/lib/python3.12/site-packages/airflow/example_dags/plugins/event_listener.py
[2026-05-15T17:40:56.811+0000] {processor.py:914} INFO - Processing file /usr/local/python/3.12.1/lib/python3.12/site-packages/airflow/example_dags/plugins/event_listener.py for tasks to queue
[2026-05-15T17:40:56.813+0000] {logging_mixin.py:190} INFO - [2026-05-15T17:40:56.813+0000] {dagbag.py:588} INFO - Filling up the DagBag from /usr/local/python/3.12.1/lib/python3.12/site-packages/airflow/example_dags/plugins/event_listener.py
[2026-05-15T17:40:56.816+0000] {processor.py:927} WARNING - No viable dags retrieved from /usr/local/python/3.12.1/lib/python3.12/site-packages/airflow/example_dags/plugins/event_listener.py
[2026-05-15T17:40:56.827+0000] {processor.py:208} INFO - Processing /usr/local/python/3.12.1/lib/python3.12/site-packages/airflow/example_dags/plugins/event_listener.py took 0.021 seconds
[2026-05-15T17:41:56.838+0000] {processor.py:186} INFO - Started process (PID=79998) to work on /usr/local/python/3.12.1/lib/python3.12/site-packages/airflow/example_dags/plugins/event_listener.py
[2026-05-15T17:41:56.839+0000] {processor.py:914} INFO - Processing file /usr/local/python/3.12.1/lib/python3.12/site-packages/airflow/example_dags/plugins/event_listener.py for tasks to queue
[2026-05-15T17:41:56.840+0000] {logging_mixin.py:190} INFO - [2026-05-15T17:41:56.840+0000] {dagbag.py:588} INFO - Filling up the DagBag from /usr/local/python/3.12.1/lib/python3.12/site-packages/airflow/example_dags/plugins/event_listener.py
[2026-05-15T17:41:56.842+0000] {processor.py:927} WARNING - No viable dags retrieved from /usr/local/python/3.12.1/lib/python3.12/site-packages/airflow/example_dags/plugins/event_listener.py
[2026-05-15T17:41:56.850+0000] {processor.py:208} INFO - Processing /usr/local/python/3.12.1/lib/python3.12/site-packages/airflow/example_dags/plugins/event_listener.py took 0.016 seconds
[2026-05-15T17:43:01.689+0000] {processor.py:186} INFO - Started process (PID=80646) to work on /usr/local/python/3.12.1/lib/python3.12/site-packages/airflow/example_dags/plugins/event_listener.py
[2026-05-15T17:43:01.690+0000] {processor.py:914} INFO - Processing file /usr/local/python/3.12.1/lib/python3.12/site-packages/airflow/example_dags/plugins/event_listener.py for tasks to queue
[2026-05-15T17:43:01.692+0000] {logging_mixin.py:190} INFO - [2026-05-15T17:43:01.691+0000] {dagbag.py:588} INFO - Filling up the DagBag from /usr/local/python/3.12.1/lib/python3.12/site-packages/airflow/example_dags/plugins/event_listener.py
[2026-05-15T17:43:01.693+0000] {processor.py:927} WARNING - No viable dags retrieved from /usr/local/python/3.12.1/lib/python3.12/site-packages/airflow/example_dags/plugins/event_listener.py
[2026-05-15T17:43:01.702+0000] {processor.py:208} INFO - Processing /usr/local/python/3.12.1/lib/python3.12/site-packages/airflow/example_dags/plugins/event_listener.py took 0.019 seconds
[2026-05-15T17:44:05.969+0000] {processor.py:186} INFO - Started process (PID=81359) to work on /usr/local/python/3.12.1/lib/python3.12/site-packages/airflow/example_dags/plugins/event_listener.py
[2026-05-15T17:44:05.970+0000] {processor.py:914} INFO - Processing file /usr/local/python/3.12.1/lib/python3.12/site-packages/airflow/example_dags/plugins/event_listener.py for tasks to queue
[2026-05-15T17:44:05.972+0000] {logging_mixin.py:190} INFO - [2026-05-15T17:44:05.971+0000] {dagbag.py:588} INFO - Filling up the DagBag from /usr/local/python/3.12.1/lib/python3.12/site-packages/airflow/example_dags/plugins/event_listener.py
[2026-05-15T17:44:05.974+0000] {processor.py:927} WARNING - No viable dags retrieved from /usr/local/python/3.12.1/lib/python3.12/site-packages/airflow/example_dags/plugins/event_listener.py
[2026-05-15T17:44:05.984+0000] {processor.py:208} INFO - Processing /usr/local/python/3.12.1/lib/python3.12/site-packages/airflow/example_dags/plugins/event_listener.py took 0.021 seconds
[2026-05-15T17:45:13.705+0000] {processor.py:186} INFO - Started process (PID=82095) to work on /usr/local/python/3.12.1/lib/python3.12/site-packages/airflow/example_dags/plugins/event_listener.py
[2026-05-15T17:45:13.706+0000] {processor.py:914} INFO - Processing file /usr/local/python/3.12.1/lib/python3.12/site-packages/airflow/example_dags/plugins/event_listener.py for tasks to queue
[2026-05-15T17:45:13.708+0000] {logging_mixin.py:190} INFO - [2026-05-15T17:45:13.707+0000] {dagbag.py:588} INFO - Filling up the DagBag from /usr/local/python/3.12.1/lib/python3.12/site-packages/airflow/example_dags/plugins/event_listener.py
[2026-05-15T17:45:13.709+0000] {processor.py:927} WARNING - No viable dags retrieved from /usr/local/python/3.12.1/lib/python3.12/site-packages/airflow/example_dags/plugins/event_listener.py
[2026-05-15T17:45:13.718+0000] {processor.py:208} INFO - Processing /usr/local/python/3.12.1/lib/python3.12/site-packages/airflow/example_dags/plugins/event_listener.py took 0.016 seconds
[2026-05-15T17:46:12.674+0000] {processor.py:186} INFO - Started process (PID=82706) to work on /usr/local/python/3.12.1/lib/python3.12/site-packages/airflow/example_dags/plugins/event_listener.py
[2026-05-15T17:46:12.674+0000] {processor.py:914} INFO - Processing file /usr/local/python/3.12.1/lib/python3.12/site-packages/airflow/example_dags/plugins/event_listener.py for tasks to queue
[2026-05-15T17:46:12.676+0000] {logging_mixin.py:190} INFO - [2026-05-15T17:46:12.676+0000] {dagbag.py:588} INFO - Filling up the DagBag from /usr/local/python/3.12.1/lib/python3.12/site-packages/airflow/example_dags/plugins/event_listener.py
[2026-05-15T17:46:12.678+0000] {processor.py:927} WARNING - No viable dags retrieved from /usr/local/python/3.12.1/lib/python3.12/site-packages/airflow/example_dags/plugins/event_listener.py
[2026-05-15T17:46:12.689+0000] {processor.py:208} INFO - Processing /usr/local/python/3.12.1/lib/python3.12/site-packages/airflow/example_dags/plugins/event_listener.py took 0.020 seconds
[2026-05-15T17:47:16.591+0000] {processor.py:186} INFO - Started process (PID=83353) to work on /usr/local/python/3.12.1/lib/python3.12/site-packages/airflow/example_dags/plugins/event_listener.py
[2026-05-15T17:47:16.592+0000] {processor.py:914} INFO - Processing file /usr/local/python/3.12.1/lib/python3.12/site-packages/airflow/example_dags/plugins/event_listener.py for tasks to queue
[2026-05-15T17:47:16.594+0000] {logging_mixin.py:190} INFO - [2026-05-15T17:47:16.593+0000] {dagbag.py:588} INFO - Filling up the DagBag from /usr/local/python/3.12.1/lib/python3.12/site-packages/airflow/example_dags/plugins/event_listener.py
[2026-05-15T17:47:16.596+0000] {processor.py:927} WARNING - No viable dags retrieved from /usr/local/python/3.12.1/lib/python3.12/site-packages/airflow/example_dags/plugins/event_listener.py
[2026-05-15T17:47:16.604+0000] {processor.py:208} INFO - Processing /usr/local/python/3.12.1/lib/python3.12/site-packages/airflow/example_dags/plugins/event_listener.py took 0.019 seconds
[2026-05-15T17:48:16.127+0000] {processor.py:186} INFO - Started process (PID=83961) to work on /usr/local/python/3.12.1/lib/python3.12/site-packages/airflow/example_dags/plugins/event_listener.py
[2026-05-15T17:48:16.128+0000] {processor.py:914} INFO - Processing file /usr/local/python/3.12.1/lib/python3.12/site-packages/airflow/example_dags/plugins/event_listener.py for tasks to queue
[2026-05-15T17:48:16.131+0000] {logging_mixin.py:190} INFO - [2026-05-15T17:48:16.130+0000] {dagbag.py:588} INFO - Filling up the DagBag from /usr/local/python/3.12.1/lib/python3.12/site-packages/airflow/example_dags/plugins/event_listener.py
[2026-05-15T17:48:16.133+0000] {processor.py:927} WARNING - No viable dags retrieved from /usr/local/python/3.12.1/lib/python3.12/site-packages/airflow/example_dags/plugins/event_listener.py
[2026-05-15T17:48:16.148+0000] {processor.py:208} INFO - Processing /usr/local/python/3.12.1/lib/python3.12/site-packages/airflow/example_dags/plugins/event_listener.py took 0.027 seconds
[2026-05-15T17:49:16.503+0000] {processor.py:186} INFO - Started process (PID=84663) to work on /usr/local/python/3.12.1/lib/python3.12/site-packages/airflow/example_dags/plugins/event_listener.py
[2026-05-15T17:49:16.504+0000] {processor.py:914} INFO - Processing file /usr/local/python/3.12.1/lib/python3.12/site-packages/airflow/example_dags/plugins/event_listener.py for tasks to queue
[2026-05-15T17:49:16.505+0000] {logging_mixin.py:190} INFO - [2026-05-15T17:49:16.505+0000] {dagbag.py:588} INFO - Filling up the DagBag from /usr/local/python/3.12.1/lib/python3.12/site-packages/airflow/example_dags/plugins/event_listener.py
[2026-05-15T17:49:16.507+0000] {processor.py:927} WARNING - No viable dags retrieved from /usr/local/python/3.12.1/lib/python3.12/site-packages/airflow/example_dags/plugins/event_listener.py
[2026-05-15T17:49:16.516+0000] {processor.py:208} INFO - Processing /usr/local/python/3.12.1/lib/python3.12/site-packages/airflow/example_dags/plugins/event_listener.py took 0.017 seconds
[2026-05-15T17:50:20.471+0000] {processor.py:186} INFO - Started process (PID=85305) to work on /usr/local/python/3.12.1/lib/python3.12/site-packages/airflow/example_dags/plugins/event_listener.py
[2026-05-15T17:50:20.472+0000] {processor.py:914} INFO - Processing file /usr/local/python/3.12.1/lib/python3.12/site-packages/airflow/example_dags/plugins/event_listener.py for tasks to queue
[2026-05-15T17:50:20.474+0000] {logging_mixin.py:190} INFO - [2026-05-15T17:50:20.473+0000] {dagbag.py:588} INFO - Filling up the DagBag from /usr/local/python/3.12.1/lib/python3.12/site-packages/airflow/example_dags/plugins/event_listener.py
[2026-05-15T17:50:20.478+0000] {processor.py:927} WARNING - No viable dags retrieved from /usr/local/python/3.12.1/lib/python3.12/site-packages/airflow/example_dags/plugins/event_listener.py
[2026-05-15T17:50:20.489+0000] {processor.py:208} INFO - Processing /usr/local/python/3.12.1/lib/python3.12/site-packages/airflow/example_dags/plugins/event_listener.py took 0.022 seconds
[2026-05-15T17:51:24.831+0000] {processor.py:186} INFO - Started process (PID=85946) to work on /usr/local/python/3.12.1/lib/python3.12/site-packages/airflow/example_dags/plugins/event_listener.py
[2026-05-15T17:51:24.832+0000] {processor.py:914} INFO - Processing file /usr/local/python/3.12.1/lib/python3.12/site-packages/airflow/example_dags/plugins/event_listener.py for tasks to queue
[2026-05-15T17:51:24.833+0000] {logging_mixin.py:190} INFO - [2026-05-15T17:51:24.833+0000] {dagbag.py:588} INFO - Filling up the DagBag from /usr/local/python/3.12.1/lib/python3.12/site-packages/airflow/example_dags/plugins/event_listener.py
[2026-05-15T17:51:24.835+0000] {processor.py:927} WARNING - No viable dags retrieved from /usr/local/python/3.12.1/lib/python3.12/site-packages/airflow/example_dags/plugins/event_listener.py
[2026-05-15T17:51:24.843+0000] {processor.py:208} INFO - Processing /usr/local/python/3.12.1/lib/python3.12/site-packages/airflow/example_dags/plugins/event_listener.py took 0.016 seconds
[2026-05-15T17:52:23.527+0000] {processor.py:186} INFO - Started process (PID=86536) to work on /usr/local/python/3.12.1/lib/python3.12/site-packages/airflow/example_dags/plugins/event_listener.py
[2026-05-15T17:52:23.528+0000] {processor.py:914} INFO - Processing file /usr/local/python/3.12.1/lib/python3.12/site-packages/airflow/example_dags/plugins/event_listener.py for tasks to queue
[2026-05-15T17:52:23.529+0000] {logging_mixin.py:190} INFO - [2026-05-15T17:52:23.529+0000] {dagbag.py:588} INFO - Filling up the DagBag from /usr/local/python/3.12.1/lib/python3.12/site-packages/airflow/example_dags/plugins/event_listener.py
[2026-05-15T17:52:23.531+0000] {processor.py:927} WARNING - No viable dags retrieved from /usr/local/python/3.12.1/lib/python3.12/site-packages/airflow/example_dags/plugins/event_listener.py
[2026-05-15T17:52:23.539+0000] {processor.py:208} INFO - Processing /usr/local/python/3.12.1/lib/python3.12/site-packages/airflow/example_dags/plugins/event_listener.py took 0.017 seconds
[2026-05-15T17:53:21.641+0000] {processor.py:186} INFO - Started process (PID=87105) to work on /usr/local/python/3.12.1/lib/python3.12/site-packages/airflow/example_dags/plugins/event_listener.py
[2026-05-15T17:53:21.641+0000] {processor.py:914} INFO - Processing file /usr/local/python/3.12.1/lib/python3.12/site-packages/airflow/example_dags/plugins/event_listener.py for tasks to queue
[2026-05-15T17:53:21.643+0000] {logging_mixin.py:190} INFO - [2026-05-15T17:53:21.643+0000] {dagbag.py:588} INFO - Filling up the DagBag from /usr/local/python/3.12.1/lib/python3.12/site-packages/airflow/example_dags/plugins/event_listener.py
[2026-05-15T17:53:21.644+0000] {processor.py:927} WARNING - No viable dags retrieved from /usr/local/python/3.12.1/lib/python3.12/site-packages/airflow/example_dags/plugins/event_listener.py
[2026-05-15T17:53:21.652+0000] {processor.py:208} INFO - Processing /usr/local/python/3.12.1/lib/python3.12/site-packages/airflow/example_dags/plugins/event_listener.py took 0.016 seconds
[2026-05-15T17:54:22.244+0000] {processor.py:186} INFO - Started process (PID=87770) to work on /usr/local/python/3.12.1/lib/python3.12/site-packages/airflow/example_dags/plugins/event_listener.py
[2026-05-15T17:54:22.244+0000] {processor.py:914} INFO - Processing file /usr/local/python/3.12.1/lib/python3.12/site-packages/airflow/example_dags/plugins/event_listener.py for tasks to queue
[2026-05-15T17:54:22.246+0000] {logging_mixin.py:190} INFO - [2026-05-15T17:54:22.246+0000] {dagbag.py:588} INFO - Filling up the DagBag from /usr/local/python/3.12.1/lib/python3.12/site-packages/airflow/example_dags/plugins/event_listener.py
[2026-05-15T17:54:22.249+0000] {processor.py:927} WARNING - No viable dags retrieved from /usr/local/python/3.12.1/lib/python3.12/site-packages/airflow/example_dags/plugins/event_listener.py
[2026-05-15T17:54:22.261+0000] {processor.py:208} INFO - Processing /usr/local/python/3.12.1/lib/python3.12/site-packages/airflow/example_dags/plugins/event_listener.py took 0.023 seconds
[2026-05-15T17:55:22.904+0000] {processor.py:186} INFO - Started process (PID=88474) to work on /usr/local/python/3.12.1/lib/python3.12/site-packages/airflow/example_dags/plugins/event_listener.py
[2026-05-15T17:55:22.905+0000] {processor.py:914} INFO - Processing file /usr/local/python/3.12.1/lib/python3.12/site-packages/airflow/example_dags/plugins/event_listener.py for tasks to queue
[2026-05-15T17:55:22.906+0000] {logging_mixin.py:190} INFO - [2026-05-15T17:55:22.906+0000] {dagbag.py:588} INFO - Filling up the DagBag from /usr/local/python/3.12.1/lib/python3.12/site-packages/airflow/example_dags/plugins/event_listener.py
[2026-05-15T17:55:22.908+0000] {processor.py:927} WARNING - No viable dags retrieved from /usr/local/python/3.12.1/lib/python3.12/site-packages/airflow/example_dags/plugins/event_listener.py
[2026-05-15T17:55:22.916+0000] {processor.py:208} INFO - Processing /usr/local/python/3.12.1/lib/python3.12/site-packages/airflow/example_dags/plugins/event_listener.py took 0.016 seconds
[2026-05-15T17:56:22.324+0000] {processor.py:186} INFO - Started process (PID=89071) to work on /usr/local/python/3.12.1/lib/python3.12/site-packages/airflow/example_dags/plugins/event_listener.py
[2026-05-15T17:56:22.325+0000] {processor.py:914} INFO - Processing file /usr/local/python/3.12.1/lib/python3.12/site-packages/airflow/example_dags/plugins/event_listener.py for tasks to queue
[2026-05-15T17:56:22.327+0000] {logging_mixin.py:190} INFO - [2026-05-15T17:56:22.326+0000] {dagbag.py:588} INFO - Filling up the DagBag from /usr/local/python/3.12.1/lib/python3.12/site-packages/airflow/example_dags/plugins/event_listener.py
[2026-05-15T17:56:22.329+0000] {processor.py:927} WARNING - No viable dags retrieved from /usr/local/python/3.12.1/lib/python3.12/site-packages/airflow/example_dags/plugins/event_listener.py
[2026-05-15T17:56:22.338+0000] {processor.py:208} INFO - Processing /usr/local/python/3.12.1/lib/python3.12/site-packages/airflow/example_dags/plugins/event_listener.py took 0.019 seconds
[2026-05-15T17:57:28.923+0000] {processor.py:186} INFO - Started process (PID=89850) to work on /usr/local/python/3.12.1/lib/python3.12/site-packages/airflow/example_dags/plugins/event_listener.py
[2026-05-15T17:57:28.926+0000] {processor.py:914} INFO - Processing file /usr/local/python/3.12.1/lib/python3.12/site-packages/airflow/example_dags/plugins/event_listener.py for tasks to queue
[2026-05-15T17:57:28.930+0000] {logging_mixin.py:190} INFO - [2026-05-15T17:57:28.929+0000] {dagbag.py:588} INFO - Filling up the DagBag from /usr/local/python/3.12.1/lib/python3.12/site-packages/airflow/example_dags/plugins/event_listener.py
[2026-05-15T17:57:28.936+0000] {processor.py:927} WARNING - No viable dags retrieved from /usr/local/python/3.12.1/lib/python3.12/site-packages/airflow/example_dags/plugins/event_listener.py
[2026-05-15T17:57:28.960+0000] {processor.py:208} INFO - Processing /usr/local/python/3.12.1/lib/python3.12/site-packages/airflow/example_dags/plugins/event_listener.py took 0.050 seconds
[2026-05-15T17:58:31.809+0000] {processor.py:186} INFO - Started process (PID=90666) to work on /usr/local/python/3.12.1/lib/python3.12/site-packages/airflow/example_dags/plugins/event_listener.py
[2026-05-15T17:58:31.809+0000] {processor.py:914} INFO - Processing file /usr/local/python/3.12.1/lib/python3.12/site-packages/airflow/example_dags/plugins/event_listener.py for tasks to queue
[2026-05-15T17:58:31.811+0000] {logging_mixin.py:190} INFO - [2026-05-15T17:58:31.811+0000] {dagbag.py:588} INFO - Filling up the DagBag from /usr/local/python/3.12.1/lib/python3.12/site-packages/airflow/example_dags/plugins/event_listener.py
[2026-05-15T17:58:31.813+0000] {processor.py:927} WARNING - No viable dags retrieved from /usr/local/python/3.12.1/lib/python3.12/site-packages/airflow/example_dags/plugins/event_listener.py
[2026-05-15T17:58:31.821+0000] {processor.py:208} INFO - Processing /usr/local/python/3.12.1/lib/python3.12/site-packages/airflow/example_dags/plugins/event_listener.py took 0.017 seconds
[2026-05-15T17:59:31.778+0000] {processor.py:186} INFO - Started process (PID=91366) to work on /usr/local/python/3.12.1/lib/python3.12/site-packages/airflow/example_dags/plugins/event_listener.py
[2026-05-15T17:59:31.781+0000] {processor.py:914} INFO - Processing file /usr/local/python/3.12.1/lib/python3.12/site-packages/airflow/example_dags/plugins/event_listener.py for tasks to queue
[2026-05-15T17:59:31.783+0000] {logging_mixin.py:190} INFO - [2026-05-15T17:59:31.783+0000] {dagbag.py:588} INFO - Filling up the DagBag from /usr/local/python/3.12.1/lib/python3.12/site-packages/airflow/example_dags/plugins/event_listener.py
[2026-05-15T17:59:31.785+0000] {processor.py:927} WARNING - No viable dags retrieved from /usr/local/python/3.12.1/lib/python3.12/site-packages/airflow/example_dags/plugins/event_listener.py
[2026-05-15T17:59:31.797+0000] {processor.py:208} INFO - Processing /usr/local/python/3.12.1/lib/python3.12/site-packages/airflow/example_dags/plugins/event_listener.py took 0.025 seconds
[2026-05-15T18:00:32.165+0000] {processor.py:186} INFO - Started process (PID=91993) to work on /usr/local/python/3.12.1/lib/python3.12/site-packages/airflow/example_dags/plugins/event_listener.py
[2026-05-15T18:00:32.176+0000] {processor.py:914} INFO - Processing file /usr/local/python/3.12.1/lib/python3.12/site-packages/airflow/example_dags/plugins/event_listener.py for tasks to queue
[2026-05-15T18:00:32.185+0000] {logging_mixin.py:190} INFO - [2026-05-15T18:00:32.182+0000] {dagbag.py:588} INFO - Filling up the DagBag from /usr/local/python/3.12.1/lib/python3.12/site-packages/airflow/example_dags/plugins/event_listener.py
[2026-05-15T18:00:32.192+0000] {processor.py:927} WARNING - No viable dags retrieved from /usr/local/python/3.12.1/lib/python3.12/site-packages/airflow/example_dags/plugins/event_listener.py
[2026-05-15T18:00:32.208+0000] {processor.py:208} INFO - Processing /usr/local/python/3.12.1/lib/python3.12/site-packages/airflow/example_dags/plugins/event_listener.py took 0.099 seconds
[2026-05-15T18:01:37.994+0000] {processor.py:186} INFO - Started process (PID=92699) to work on /usr/local/python/3.12.1/lib/python3.12/site-packages/airflow/example_dags/plugins/event_listener.py
[2026-05-15T18:01:37.995+0000] {processor.py:914} INFO - Processing file /usr/local/python/3.12.1/lib/python3.12/site-packages/airflow/example_dags/plugins/event_listener.py for tasks to queue
[2026-05-15T18:01:37.996+0000] {logging_mixin.py:190} INFO - [2026-05-15T18:01:37.996+0000] {dagbag.py:588} INFO - Filling up the DagBag from /usr/local/python/3.12.1/lib/python3.12/site-packages/airflow/example_dags/plugins/event_listener.py
[2026-05-15T18:01:37.998+0000] {processor.py:927} WARNING - No viable dags retrieved from /usr/local/python/3.12.1/lib/python3.12/site-packages/airflow/example_dags/plugins/event_listener.py
[2026-05-15T18:01:38.007+0000] {processor.py:208} INFO - Processing /usr/local/python/3.12.1/lib/python3.12/site-packages/airflow/example_dags/plugins/event_listener.py took 0.017 seconds
[2026-05-15T18:02:42.405+0000] {processor.py:186} INFO - Started process (PID=93466) to work on /usr/local/python/3.12.1/lib/python3.12/site-packages/airflow/example_dags/plugins/event_listener.py
[2026-05-15T18:02:42.406+0000] {processor.py:914} INFO - Processing file /usr/local/python/3.12.1/lib/python3.12/site-packages/airflow/example_dags/plugins/event_listener.py for tasks to queue
[2026-05-15T18:02:42.407+0000] {logging_mixin.py:190} INFO - [2026-05-15T18:02:42.407+0000] {dagbag.py:588} INFO - Filling up the DagBag from /usr/local/python/3.12.1/lib/python3.12/site-packages/airflow/example_dags/plugins/event_listener.py
[2026-05-15T18:02:42.409+0000] {processor.py:927} WARNING - No viable dags retrieved from /usr/local/python/3.12.1/lib/python3.12/site-packages/airflow/example_dags/plugins/event_listener.py
[2026-05-15T18:02:42.417+0000] {processor.py:208} INFO - Processing /usr/local/python/3.12.1/lib/python3.12/site-packages/airflow/example_dags/plugins/event_listener.py took 0.017 seconds
[2026-05-15T18:03:40.111+0000] {processor.py:186} INFO - Started process (PID=93896) to work on /usr/local/python/3.12.1/lib/python3.12/site-packages/airflow/example_dags/plugins/event_listener.py
[2026-05-15T18:03:40.112+0000] {processor.py:914} INFO - Processing file /usr/local/python/3.12.1/lib/python3.12/site-packages/airflow/example_dags/plugins/event_listener.py for tasks to queue
[2026-05-15T18:03:40.115+0000] {logging_mixin.py:190} INFO - [2026-05-15T18:03:40.114+0000] {dagbag.py:588} INFO - Filling up the DagBag from /usr/local/python/3.12.1/lib/python3.12/site-packages/airflow/example_dags/plugins/event_listener.py
[2026-05-15T18:03:40.117+0000] {processor.py:927} WARNING - No viable dags retrieved from /usr/local/python/3.12.1/lib/python3.12/site-packages/airflow/example_dags/plugins/event_listener.py
[2026-05-15T18:03:40.127+0000] {processor.py:208} INFO - Processing /usr/local/python/3.12.1/lib/python3.12/site-packages/airflow/example_dags/plugins/event_listener.py took 0.021 seconds
[2026-05-15T18:04:44.899+0000] {processor.py:186} INFO - Started process (PID=94434) to work on /usr/local/python/3.12.1/lib/python3.12/site-packages/airflow/example_dags/plugins/event_listener.py
[2026-05-15T18:04:44.900+0000] {processor.py:914} INFO - Processing file /usr/local/python/3.12.1/lib/python3.12/site-packages/airflow/example_dags/plugins/event_listener.py for tasks to queue
[2026-05-15T18:04:44.901+0000] {logging_mixin.py:190} INFO - [2026-05-15T18:04:44.901+0000] {dagbag.py:588} INFO - Filling up the DagBag from /usr/local/python/3.12.1/lib/python3.12/site-packages/airflow/example_dags/plugins/event_listener.py
[2026-05-15T18:04:44.903+0000] {processor.py:927} WARNING - No viable dags retrieved from /usr/local/python/3.12.1/lib/python3.12/site-packages/airflow/example_dags/plugins/event_listener.py
[2026-05-15T18:04:44.914+0000] {processor.py:208} INFO - Processing /usr/local/python/3.12.1/lib/python3.12/site-packages/airflow/example_dags/plugins/event_listener.py took 0.020 seconds
[2026-05-15T18:05:49.609+0000] {processor.py:186} INFO - Started process (PID=94926) to work on /usr/local/python/3.12.1/lib/python3.12/site-packages/airflow/example_dags/plugins/event_listener.py
[2026-05-15T18:05:49.610+0000] {processor.py:914} INFO - Processing file /usr/local/python/3.12.1/lib/python3.12/site-packages/airflow/example_dags/plugins/event_listener.py for tasks to queue
[2026-05-15T18:05:49.612+0000] {logging_mixin.py:190} INFO - [2026-05-15T18:05:49.612+0000] {dagbag.py:588} INFO - Filling up the DagBag from /usr/local/python/3.12.1/lib/python3.12/site-packages/airflow/example_dags/plugins/event_listener.py
[2026-05-15T18:05:49.614+0000] {processor.py:927} WARNING - No viable dags retrieved from /usr/local/python/3.12.1/lib/python3.12/site-packages/airflow/example_dags/plugins/event_listener.py
[2026-05-15T18:05:49.623+0000] {processor.py:208} INFO - Processing /usr/local/python/3.12.1/lib/python3.12/site-packages/airflow/example_dags/plugins/event_listener.py took 0.019 seconds
[2026-05-15T18:06:48.474+0000] {processor.py:186} INFO - Started process (PID=95380) to work on /usr/local/python/3.12.1/lib/python3.12/site-packages/airflow/example_dags/plugins/event_listener.py
[2026-05-15T18:06:48.482+0000] {processor.py:914} INFO - Processing file /usr/local/python/3.12.1/lib/python3.12/site-packages/airflow/example_dags/plugins/event_listener.py for tasks to queue
[2026-05-15T18:06:48.490+0000] {logging_mixin.py:190} INFO - [2026-05-15T18:06:48.488+0000] {dagbag.py:588} INFO - Filling up the DagBag from /usr/local/python/3.12.1/lib/python3.12/site-packages/airflow/example_dags/plugins/event_listener.py
[2026-05-15T18:06:48.493+0000] {processor.py:927} WARNING - No viable dags retrieved from /usr/local/python/3.12.1/lib/python3.12/site-packages/airflow/example_dags/plugins/event_listener.py
[2026-05-15T18:06:48.505+0000] {processor.py:208} INFO - Processing /usr/local/python/3.12.1/lib/python3.12/site-packages/airflow/example_dags/plugins/event_listener.py took 0.039 seconds
[2026-05-15T18:07:54.590+0000] {processor.py:186} INFO - Started process (PID=95877) to work on /usr/local/python/3.12.1/lib/python3.12/site-packages/airflow/example_dags/plugins/event_listener.py
[2026-05-15T18:07:54.591+0000] {processor.py:914} INFO - Processing file /usr/local/python/3.12.1/lib/python3.12/site-packages/airflow/example_dags/plugins/event_listener.py for tasks to queue
[2026-05-15T18:07:54.594+0000] {logging_mixin.py:190} INFO - [2026-05-15T18:07:54.593+0000] {dagbag.py:588} INFO - Filling up the DagBag from /usr/local/python/3.12.1/lib/python3.12/site-packages/airflow/example_dags/plugins/event_listener.py
[2026-05-15T18:07:54.598+0000] {processor.py:927} WARNING - No viable dags retrieved from /usr/local/python/3.12.1/lib/python3.12/site-packages/airflow/example_dags/plugins/event_listener.py
[2026-05-15T18:07:54.613+0000] {processor.py:208} INFO - Processing /usr/local/python/3.12.1/lib/python3.12/site-packages/airflow/example_dags/plugins/event_listener.py took 0.031 seconds
[2026-05-15T18:09:00.350+0000] {processor.py:186} INFO - Started process (PID=96395) to work on /usr/local/python/3.12.1/lib/python3.12/site-packages/airflow/example_dags/plugins/event_listener.py
[2026-05-15T18:09:00.351+0000] {processor.py:914} INFO - Processing file /usr/local/python/3.12.1/lib/python3.12/site-packages/airflow/example_dags/plugins/event_listener.py for tasks to queue
[2026-05-15T18:09:00.353+0000] {logging_mixin.py:190} INFO - [2026-05-15T18:09:00.352+0000] {dagbag.py:588} INFO - Filling up the DagBag from /usr/local/python/3.12.1/lib/python3.12/site-packages/airflow/example_dags/plugins/event_listener.py
[2026-05-15T18:09:00.355+0000] {processor.py:927} WARNING - No viable dags retrieved from /usr/local/python/3.12.1/lib/python3.12/site-packages/airflow/example_dags/plugins/event_listener.py
[2026-05-15T18:09:00.365+0000] {processor.py:208} INFO - Processing /usr/local/python/3.12.1/lib/python3.12/site-packages/airflow/example_dags/plugins/event_listener.py took 0.020 seconds
[2026-05-15T18:10:04.654+0000] {processor.py:186} INFO - Started process (PID=96898) to work on /usr/local/python/3.12.1/lib/python3.12/site-packages/airflow/example_dags/plugins/event_listener.py
[2026-05-15T18:10:04.655+0000] {processor.py:914} INFO - Processing file /usr/local/python/3.12.1/lib/python3.12/site-packages/airflow/example_dags/plugins/event_listener.py for tasks to queue
[2026-05-15T18:10:04.657+0000] {logging_mixin.py:190} INFO - [2026-05-15T18:10:04.656+0000] {dagbag.py:588} INFO - Filling up the DagBag from /usr/local/python/3.12.1/lib/python3.12/site-packages/airflow/example_dags/plugins/event_listener.py
[2026-05-15T18:10:04.658+0000] {processor.py:927} WARNING - No viable dags retrieved from /usr/local/python/3.12.1/lib/python3.12/site-packages/airflow/example_dags/plugins/event_listener.py
[2026-05-15T18:10:04.667+0000] {processor.py:208} INFO - Processing /usr/local/python/3.12.1/lib/python3.12/site-packages/airflow/example_dags/plugins/event_listener.py took 0.017 seconds
[2026-05-15T18:11:20.821+0000] {processor.py:186} INFO - Started process (PID=97697) to work on /usr/local/python/3.12.1/lib/python3.12/site-packages/airflow/example_dags/plugins/event_listener.py
[2026-05-15T18:11:20.822+0000] {processor.py:914} INFO - Processing file /usr/local/python/3.12.1/lib/python3.12/site-packages/airflow/example_dags/plugins/event_listener.py for tasks to queue
[2026-05-15T18:11:20.825+0000] {logging_mixin.py:190} INFO - [2026-05-15T18:11:20.824+0000] {dagbag.py:588} INFO - Filling up the DagBag from /usr/local/python/3.12.1/lib/python3.12/site-packages/airflow/example_dags/plugins/event_listener.py
[2026-05-15T18:11:20.828+0000] {processor.py:927} WARNING - No viable dags retrieved from /usr/local/python/3.12.1/lib/python3.12/site-packages/airflow/example_dags/plugins/event_listener.py
[2026-05-15T18:11:20.845+0000] {processor.py:208} INFO - Processing /usr/local/python/3.12.1/lib/python3.12/site-packages/airflow/example_dags/plugins/event_listener.py took 0.029 seconds
[2026-05-15T18:12:32.670+0000] {processor.py:186} INFO - Started process (PID=98411) to work on /usr/local/python/3.12.1/lib/python3.12/site-packages/airflow/example_dags/plugins/event_listener.py
[2026-05-15T18:12:32.671+0000] {processor.py:914} INFO - Processing file /usr/local/python/3.12.1/lib/python3.12/site-packages/airflow/example_dags/plugins/event_listener.py for tasks to queue
[2026-05-15T18:12:32.673+0000] {logging_mixin.py:190} INFO - [2026-05-15T18:12:32.673+0000] {dagbag.py:588} INFO - Filling up the DagBag from /usr/local/python/3.12.1/lib/python3.12/site-packages/airflow/example_dags/plugins/event_listener.py
[2026-05-15T18:12:32.676+0000] {processor.py:927} WARNING - No viable dags retrieved from /usr/local/python/3.12.1/lib/python3.12/site-packages/airflow/example_dags/plugins/event_listener.py
[2026-05-15T18:12:32.689+0000] {processor.py:208} INFO - Processing /usr/local/python/3.12.1/lib/python3.12/site-packages/airflow/example_dags/plugins/event_listener.py took 0.024 seconds
[2026-05-15T18:13:17.281+0000] {processor.py:186} INFO - Started process (PID=98919) to work on /usr/local/python/3.12.1/lib/python3.12/site-packages/airflow/example_dags/plugins/event_listener.py
[2026-05-15T18:13:17.281+0000] {processor.py:914} INFO - Processing file /usr/local/python/3.12.1/lib/python3.12/site-packages/airflow/example_dags/plugins/event_listener.py for tasks to queue
[2026-05-15T18:13:17.284+0000] {logging_mixin.py:190} INFO - [2026-05-15T18:13:17.283+0000] {dagbag.py:588} INFO - Filling up the DagBag from /usr/local/python/3.12.1/lib/python3.12/site-packages/airflow/example_dags/plugins/event_listener.py
[2026-05-15T18:13:17.286+0000] {processor.py:927} WARNING - No viable dags retrieved from /usr/local/python/3.12.1/lib/python3.12/site-packages/airflow/example_dags/plugins/event_listener.py
[2026-05-15T18:13:17.297+0000] {processor.py:208} INFO - Processing /usr/local/python/3.12.1/lib/python3.12/site-packages/airflow/example_dags/plugins/event_listener.py took 0.022 seconds
[2026-05-15T18:13:56.869+0000] {processor.py:186} INFO - Started process (PID=99224) to work on /usr/local/python/3.12.1/lib/python3.12/site-packages/airflow/example_dags/plugins/event_listener.py
[2026-05-15T18:13:56.870+0000] {processor.py:914} INFO - Processing file /usr/local/python/3.12.1/lib/python3.12/site-packages/airflow/example_dags/plugins/event_listener.py for tasks to queue
[2026-05-15T18:13:56.872+0000] {logging_mixin.py:190} INFO - [2026-05-15T18:13:56.871+0000] {dagbag.py:588} INFO - Filling up the DagBag from /usr/local/python/3.12.1/lib/python3.12/site-packages/airflow/example_dags/plugins/event_listener.py
[2026-05-15T18:13:56.874+0000] {processor.py:927} WARNING - No viable dags retrieved from /usr/local/python/3.12.1/lib/python3.12/site-packages/airflow/example_dags/plugins/event_listener.py
[2026-05-15T18:13:56.886+0000] {processor.py:208} INFO - Processing /usr/local/python/3.12.1/lib/python3.12/site-packages/airflow/example_dags/plugins/event_listener.py took 0.022 seconds
[2026-05-15T18:14:54.920+0000] {processor.py:186} INFO - Started process (PID=99690) to work on /usr/local/python/3.12.1/lib/python3.12/site-packages/airflow/example_dags/plugins/event_listener.py
[2026-05-15T18:14:54.921+0000] {processor.py:914} INFO - Processing file /usr/local/python/3.12.1/lib/python3.12/site-packages/airflow/example_dags/plugins/event_listener.py for tasks to queue
[2026-05-15T18:14:54.923+0000] {logging_mixin.py:190} INFO - [2026-05-15T18:14:54.922+0000] {dagbag.py:588} INFO - Filling up the DagBag from /usr/local/python/3.12.1/lib/python3.12/site-packages/airflow/example_dags/plugins/event_listener.py
[2026-05-15T18:14:54.925+0000] {processor.py:927} WARNING - No viable dags retrieved from /usr/local/python/3.12.1/lib/python3.12/site-packages/airflow/example_dags/plugins/event_listener.py
[2026-05-15T18:14:54.933+0000] {processor.py:208} INFO - Processing /usr/local/python/3.12.1/lib/python3.12/site-packages/airflow/example_dags/plugins/event_listener.py took 0.017 seconds
[2026-05-15T18:15:53.614+0000] {processor.py:186} INFO - Started process (PID=100236) to work on /usr/local/python/3.12.1/lib/python3.12/site-packages/airflow/example_dags/plugins/event_listener.py
[2026-05-15T18:15:53.615+0000] {processor.py:914} INFO - Processing file /usr/local/python/3.12.1/lib/python3.12/site-packages/airflow/example_dags/plugins/event_listener.py for tasks to queue
[2026-05-15T18:15:53.616+0000] {logging_mixin.py:190} INFO - [2026-05-15T18:15:53.616+0000] {dagbag.py:588} INFO - Filling up the DagBag from /usr/local/python/3.12.1/lib/python3.12/site-packages/airflow/example_dags/plugins/event_listener.py
[2026-05-15T18:15:53.618+0000] {processor.py:927} WARNING - No viable dags retrieved from /usr/local/python/3.12.1/lib/python3.12/site-packages/airflow/example_dags/plugins/event_listener.py
[2026-05-15T18:15:53.627+0000] {processor.py:208} INFO - Processing /usr/local/python/3.12.1/lib/python3.12/site-packages/airflow/example_dags/plugins/event_listener.py took 0.018 seconds
[2026-05-15T18:16:53.738+0000] {processor.py:186} INFO - Started process (PID=100699) to work on /usr/local/python/3.12.1/lib/python3.12/site-packages/airflow/example_dags/plugins/event_listener.py
[2026-05-15T18:16:53.739+0000] {processor.py:914} INFO - Processing file /usr/local/python/3.12.1/lib/python3.12/site-packages/airflow/example_dags/plugins/event_listener.py for tasks to queue
[2026-05-15T18:16:53.741+0000] {logging_mixin.py:190} INFO - [2026-05-15T18:16:53.741+0000] {dagbag.py:588} INFO - Filling up the DagBag from /usr/local/python/3.12.1/lib/python3.12/site-packages/airflow/example_dags/plugins/event_listener.py
[2026-05-15T18:16:53.744+0000] {processor.py:927} WARNING - No viable dags retrieved from /usr/local/python/3.12.1/lib/python3.12/site-packages/airflow/example_dags/plugins/event_listener.py
[2026-05-15T18:16:53.754+0000] {processor.py:208} INFO - Processing /usr/local/python/3.12.1/lib/python3.12/site-packages/airflow/example_dags/plugins/event_listener.py took 0.023 seconds
[2026-05-15T18:17:54.098+0000] {processor.py:186} INFO - Started process (PID=101224) to work on /usr/local/python/3.12.1/lib/python3.12/site-packages/airflow/example_dags/plugins/event_listener.py
[2026-05-15T18:17:54.098+0000] {processor.py:914} INFO - Processing file /usr/local/python/3.12.1/lib/python3.12/site-packages/airflow/example_dags/plugins/event_listener.py for tasks to queue
[2026-05-15T18:17:54.100+0000] {logging_mixin.py:190} INFO - [2026-05-15T18:17:54.100+0000] {dagbag.py:588} INFO - Filling up the DagBag from /usr/local/python/3.12.1/lib/python3.12/site-packages/airflow/example_dags/plugins/event_listener.py
[2026-05-15T18:17:54.102+0000] {processor.py:927} WARNING - No viable dags retrieved from /usr/local/python/3.12.1/lib/python3.12/site-packages/airflow/example_dags/plugins/event_listener.py
[2026-05-15T18:17:54.112+0000] {processor.py:208} INFO - Processing /usr/local/python/3.12.1/lib/python3.12/site-packages/airflow/example_dags/plugins/event_listener.py took 0.019 seconds
[2026-05-15T18:18:58.803+0000] {processor.py:186} INFO - Started process (PID=101709) to work on /usr/local/python/3.12.1/lib/python3.12/site-packages/airflow/example_dags/plugins/event_listener.py
[2026-05-15T18:18:58.804+0000] {processor.py:914} INFO - Processing file /usr/local/python/3.12.1/lib/python3.12/site-packages/airflow/example_dags/plugins/event_listener.py for tasks to queue
[2026-05-15T18:18:58.806+0000] {logging_mixin.py:190} INFO - [2026-05-15T18:18:58.806+0000] {dagbag.py:588} INFO - Filling up the DagBag from /usr/local/python/3.12.1/lib/python3.12/site-packages/airflow/example_dags/plugins/event_listener.py
[2026-05-15T18:18:58.808+0000] {processor.py:927} WARNING - No viable dags retrieved from /usr/local/python/3.12.1/lib/python3.12/site-packages/airflow/example_dags/plugins/event_listener.py
[2026-05-15T18:18:58.819+0000] {processor.py:208} INFO - Processing /usr/local/python/3.12.1/lib/python3.12/site-packages/airflow/example_dags/plugins/event_listener.py took 0.020 seconds
[2026-05-15T18:20:04.339+0000] {processor.py:186} INFO - Started process (PID=102249) to work on /usr/local/python/3.12.1/lib/python3.12/site-packages/airflow/example_dags/plugins/event_listener.py
[2026-05-15T18:20:04.340+0000] {processor.py:914} INFO - Processing file /usr/local/python/3.12.1/lib/python3.12/site-packages/airflow/example_dags/plugins/event_listener.py for tasks to queue
[2026-05-15T18:20:04.342+0000] {logging_mixin.py:190} INFO - [2026-05-15T18:20:04.342+0000] {dagbag.py:588} INFO - Filling up the DagBag from /usr/local/python/3.12.1/lib/python3.12/site-packages/airflow/example_dags/plugins/event_listener.py
[2026-05-15T18:20:04.345+0000] {processor.py:927} WARNING - No viable dags retrieved from /usr/local/python/3.12.1/lib/python3.12/site-packages/airflow/example_dags/plugins/event_listener.py
[2026-05-15T18:20:04.355+0000] {processor.py:208} INFO - Processing /usr/local/python/3.12.1/lib/python3.12/site-packages/airflow/example_dags/plugins/event_listener.py took 0.021 seconds
[2026-05-15T18:21:02.129+0000] {processor.py:186} INFO - Started process (PID=102683) to work on /usr/local/python/3.12.1/lib/python3.12/site-packages/airflow/example_dags/plugins/event_listener.py
[2026-05-15T18:21:02.130+0000] {processor.py:914} INFO - Processing file /usr/local/python/3.12.1/lib/python3.12/site-packages/airflow/example_dags/plugins/event_listener.py for tasks to queue
[2026-05-15T18:21:02.131+0000] {logging_mixin.py:190} INFO - [2026-05-15T18:21:02.131+0000] {dagbag.py:588} INFO - Filling up the DagBag from /usr/local/python/3.12.1/lib/python3.12/site-packages/airflow/example_dags/plugins/event_listener.py
[2026-05-15T18:21:02.133+0000] {processor.py:927} WARNING - No viable dags retrieved from /usr/local/python/3.12.1/lib/python3.12/site-packages/airflow/example_dags/plugins/event_listener.py
[2026-05-15T18:21:02.141+0000] {processor.py:208} INFO - Processing /usr/local/python/3.12.1/lib/python3.12/site-packages/airflow/example_dags/plugins/event_listener.py took 0.017 seconds
[2026-05-15T18:22:02.615+0000] {processor.py:186} INFO - Started process (PID=103150) to work on /usr/local/python/3.12.1/lib/python3.12/site-packages/airflow/example_dags/plugins/event_listener.py
[2026-05-15T18:22:02.616+0000] {processor.py:914} INFO - Processing file /usr/local/python/3.12.1/lib/python3.12/site-packages/airflow/example_dags/plugins/event_listener.py for tasks to queue
[2026-05-15T18:22:02.617+0000] {logging_mixin.py:190} INFO - [2026-05-15T18:22:02.617+0000] {dagbag.py:588} INFO - Filling up the DagBag from /usr/local/python/3.12.1/lib/python3.12/site-packages/airflow/example_dags/plugins/event_listener.py
[2026-05-15T18:22:02.619+0000] {processor.py:927} WARNING - No viable dags retrieved from /usr/local/python/3.12.1/lib/python3.12/site-packages/airflow/example_dags/plugins/event_listener.py
[2026-05-15T18:22:02.629+0000] {processor.py:208} INFO - Processing /usr/local/python/3.12.1/lib/python3.12/site-packages/airflow/example_dags/plugins/event_listener.py took 0.018 seconds
[2026-05-15T18:23:04.470+0000] {processor.py:186} INFO - Started process (PID=103627) to work on /usr/local/python/3.12.1/lib/python3.12/site-packages/airflow/example_dags/plugins/event_listener.py
[2026-05-15T18:23:04.471+0000] {processor.py:914} INFO - Processing file /usr/local/python/3.12.1/lib/python3.12/site-packages/airflow/example_dags/plugins/event_listener.py for tasks to queue
[2026-05-15T18:23:04.473+0000] {logging_mixin.py:190} INFO - [2026-05-15T18:23:04.472+0000] {dagbag.py:588} INFO - Filling up the DagBag from /usr/local/python/3.12.1/lib/python3.12/site-packages/airflow/example_dags/plugins/event_listener.py
[2026-05-15T18:23:04.475+0000] {processor.py:927} WARNING - No viable dags retrieved from /usr/local/python/3.12.1/lib/python3.12/site-packages/airflow/example_dags/plugins/event_listener.py
[2026-05-15T18:23:04.485+0000] {processor.py:208} INFO - Processing /usr/local/python/3.12.1/lib/python3.12/site-packages/airflow/example_dags/plugins/event_listener.py took 0.019 seconds
[2026-05-15T18:24:09.812+0000] {processor.py:186} INFO - Started process (PID=104187) to work on /usr/local/python/3.12.1/lib/python3.12/site-packages/airflow/example_dags/plugins/event_listener.py
[2026-05-15T18:24:09.814+0000] {processor.py:914} INFO - Processing file /usr/local/python/3.12.1/lib/python3.12/site-packages/airflow/example_dags/plugins/event_listener.py for tasks to queue
[2026-05-15T18:24:09.817+0000] {logging_mixin.py:190} INFO - [2026-05-15T18:24:09.816+0000] {dagbag.py:588} INFO - Filling up the DagBag from /usr/local/python/3.12.1/lib/python3.12/site-packages/airflow/example_dags/plugins/event_listener.py
[2026-05-15T18:24:09.819+0000] {processor.py:927} WARNING - No viable dags retrieved from /usr/local/python/3.12.1/lib/python3.12/site-packages/airflow/example_dags/plugins/event_listener.py
[2026-05-15T18:24:09.828+0000] {processor.py:208} INFO - Processing /usr/local/python/3.12.1/lib/python3.12/site-packages/airflow/example_dags/plugins/event_listener.py took 0.023 seconds
[2026-05-15T18:25:14.695+0000] {processor.py:186} INFO - Started process (PID=104775) to work on /usr/local/python/3.12.1/lib/python3.12/site-packages/airflow/example_dags/plugins/event_listener.py
[2026-05-15T18:25:14.696+0000] {processor.py:914} INFO - Processing file /usr/local/python/3.12.1/lib/python3.12/site-packages/airflow/example_dags/plugins/event_listener.py for tasks to queue
[2026-05-15T18:25:14.698+0000] {logging_mixin.py:190} INFO - [2026-05-15T18:25:14.697+0000] {dagbag.py:588} INFO - Filling up the DagBag from /usr/local/python/3.12.1/lib/python3.12/site-packages/airflow/example_dags/plugins/event_listener.py
[2026-05-15T18:25:14.700+0000] {processor.py:927} WARNING - No viable dags retrieved from /usr/local/python/3.12.1/lib/python3.12/site-packages/airflow/example_dags/plugins/event_listener.py
[2026-05-15T18:25:14.709+0000] {processor.py:208} INFO - Processing /usr/local/python/3.12.1/lib/python3.12/site-packages/airflow/example_dags/plugins/event_listener.py took 0.019 seconds
[2026-05-15T18:26:17.523+0000] {processor.py:186} INFO - Started process (PID=105249) to work on /usr/local/python/3.12.1/lib/python3.12/site-packages/airflow/example_dags/plugins/event_listener.py
[2026-05-15T18:26:17.524+0000] {processor.py:914} INFO - Processing file /usr/local/python/3.12.1/lib/python3.12/site-packages/airflow/example_dags/plugins/event_listener.py for tasks to queue
[2026-05-15T18:26:17.526+0000] {logging_mixin.py:190} INFO - [2026-05-15T18:26:17.526+0000] {dagbag.py:588} INFO - Filling up the DagBag from /usr/local/python/3.12.1/lib/python3.12/site-packages/airflow/example_dags/plugins/event_listener.py
[2026-05-15T18:26:17.528+0000] {processor.py:927} WARNING - No viable dags retrieved from /usr/local/python/3.12.1/lib/python3.12/site-packages/airflow/example_dags/plugins/event_listener.py
[2026-05-15T18:26:17.538+0000] {processor.py:208} INFO - Processing /usr/local/python/3.12.1/lib/python3.12/site-packages/airflow/example_dags/plugins/event_listener.py took 0.019 seconds
[2026-05-15T18:27:21.109+0000] {processor.py:186} INFO - Started process (PID=105739) to work on /usr/local/python/3.12.1/lib/python3.12/site-packages/airflow/example_dags/plugins/event_listener.py
[2026-05-15T18:27:21.110+0000] {processor.py:914} INFO - Processing file /usr/local/python/3.12.1/lib/python3.12/site-packages/airflow/example_dags/plugins/event_listener.py for tasks to queue
[2026-05-15T18:27:21.112+0000] {logging_mixin.py:190} INFO - [2026-05-15T18:27:21.112+0000] {dagbag.py:588} INFO - Filling up the DagBag from /usr/local/python/3.12.1/lib/python3.12/site-packages/airflow/example_dags/plugins/event_listener.py
[2026-05-15T18:27:21.114+0000] {processor.py:927} WARNING - No viable dags retrieved from /usr/local/python/3.12.1/lib/python3.12/site-packages/airflow/example_dags/plugins/event_listener.py
[2026-05-15T18:27:21.124+0000] {processor.py:208} INFO - Processing /usr/local/python/3.12.1/lib/python3.12/site-packages/airflow/example_dags/plugins/event_listener.py took 0.020 seconds
[2026-05-15T18:28:24.748+0000] {processor.py:186} INFO - Started process (PID=106231) to work on /usr/local/python/3.12.1/lib/python3.12/site-packages/airflow/example_dags/plugins/event_listener.py
[2026-05-15T18:28:24.749+0000] {processor.py:914} INFO - Processing file /usr/local/python/3.12.1/lib/python3.12/site-packages/airflow/example_dags/plugins/event_listener.py for tasks to queue
[2026-05-15T18:28:24.751+0000] {logging_mixin.py:190} INFO - [2026-05-15T18:28:24.750+0000] {dagbag.py:588} INFO - Filling up the DagBag from /usr/local/python/3.12.1/lib/python3.12/site-packages/airflow/example_dags/plugins/event_listener.py
[2026-05-15T18:28:24.752+0000] {processor.py:927} WARNING - No viable dags retrieved from /usr/local/python/3.12.1/lib/python3.12/site-packages/airflow/example_dags/plugins/event_listener.py
[2026-05-15T18:28:24.761+0000] {processor.py:208} INFO - Processing /usr/local/python/3.12.1/lib/python3.12/site-packages/airflow/example_dags/plugins/event_listener.py took 0.017 seconds
[2026-05-15T18:29:22.605+0000] {processor.py:186} INFO - Started process (PID=106692) to work on /usr/local/python/3.12.1/lib/python3.12/site-packages/airflow/example_dags/plugins/event_listener.py
[2026-05-15T18:29:22.606+0000] {processor.py:914} INFO - Processing file /usr/local/python/3.12.1/lib/python3.12/site-packages/airflow/example_dags/plugins/event_listener.py for tasks to queue
[2026-05-15T18:29:22.607+0000] {logging_mixin.py:190} INFO - [2026-05-15T18:29:22.607+0000] {dagbag.py:588} INFO - Filling up the DagBag from /usr/local/python/3.12.1/lib/python3.12/site-packages/airflow/example_dags/plugins/event_listener.py
[2026-05-15T18:29:22.609+0000] {processor.py:927} WARNING - No viable dags retrieved from /usr/local/python/3.12.1/lib/python3.12/site-packages/airflow/example_dags/plugins/event_listener.py
[2026-05-15T18:29:22.617+0000] {processor.py:208} INFO - Processing /usr/local/python/3.12.1/lib/python3.12/site-packages/airflow/example_dags/plugins/event_listener.py took 0.017 seconds
[2026-05-15T18:30:21.949+0000] {processor.py:186} INFO - Started process (PID=107147) to work on /usr/local/python/3.12.1/lib/python3.12/site-packages/airflow/example_dags/plugins/event_listener.py
[2026-05-15T18:30:21.950+0000] {processor.py:914} INFO - Processing file /usr/local/python/3.12.1/lib/python3.12/site-packages/airflow/example_dags/plugins/event_listener.py for tasks to queue
[2026-05-15T18:30:21.952+0000] {logging_mixin.py:190} INFO - [2026-05-15T18:30:21.951+0000] {dagbag.py:588} INFO - Filling up the DagBag from /usr/local/python/3.12.1/lib/python3.12/site-packages/airflow/example_dags/plugins/event_listener.py
[2026-05-15T18:30:21.953+0000] {processor.py:927} WARNING - No viable dags retrieved from /usr/local/python/3.12.1/lib/python3.12/site-packages/airflow/example_dags/plugins/event_listener.py
[2026-05-15T18:30:21.962+0000] {processor.py:208} INFO - Processing /usr/local/python/3.12.1/lib/python3.12/site-packages/airflow/example_dags/plugins/event_listener.py took 0.018 seconds
[2026-05-15T18:31:21.941+0000] {processor.py:186} INFO - Started process (PID=107607) to work on /usr/local/python/3.12.1/lib/python3.12/site-packages/airflow/example_dags/plugins/event_listener.py
[2026-05-15T18:31:21.942+0000] {processor.py:914} INFO - Processing file /usr/local/python/3.12.1/lib/python3.12/site-packages/airflow/example_dags/plugins/event_listener.py for tasks to queue
[2026-05-15T18:31:21.943+0000] {logging_mixin.py:190} INFO - [2026-05-15T18:31:21.943+0000] {dagbag.py:588} INFO - Filling up the DagBag from /usr/local/python/3.12.1/lib/python3.12/site-packages/airflow/example_dags/plugins/event_listener.py
[2026-05-15T18:31:21.945+0000] {processor.py:927} WARNING - No viable dags retrieved from /usr/local/python/3.12.1/lib/python3.12/site-packages/airflow/example_dags/plugins/event_listener.py
[2026-05-15T18:31:21.954+0000] {processor.py:208} INFO - Processing /usr/local/python/3.12.1/lib/python3.12/site-packages/airflow/example_dags/plugins/event_listener.py took 0.018 seconds
[2026-05-15T18:32:23.462+0000] {processor.py:186} INFO - Started process (PID=108084) to work on /usr/local/python/3.12.1/lib/python3.12/site-packages/airflow/example_dags/plugins/event_listener.py
[2026-05-15T18:32:23.463+0000] {processor.py:914} INFO - Processing file /usr/local/python/3.12.1/lib/python3.12/site-packages/airflow/example_dags/plugins/event_listener.py for tasks to queue
[2026-05-15T18:32:23.465+0000] {logging_mixin.py:190} INFO - [2026-05-15T18:32:23.464+0000] {dagbag.py:588} INFO - Filling up the DagBag from /usr/local/python/3.12.1/lib/python3.12/site-packages/airflow/example_dags/plugins/event_listener.py
[2026-05-15T18:32:23.467+0000] {processor.py:927} WARNING - No viable dags retrieved from /usr/local/python/3.12.1/lib/python3.12/site-packages/airflow/example_dags/plugins/event_listener.py
[2026-05-15T18:32:23.479+0000] {processor.py:208} INFO - Processing /usr/local/python/3.12.1/lib/python3.12/site-packages/airflow/example_dags/plugins/event_listener.py took 0.022 seconds
[2026-05-15T18:33:22.884+0000] {processor.py:186} INFO - Started process (PID=108537) to work on /usr/local/python/3.12.1/lib/python3.12/site-packages/airflow/example_dags/plugins/event_listener.py
[2026-05-15T18:33:22.885+0000] {processor.py:914} INFO - Processing file /usr/local/python/3.12.1/lib/python3.12/site-packages/airflow/example_dags/plugins/event_listener.py for tasks to queue
[2026-05-15T18:33:22.887+0000] {logging_mixin.py:190} INFO - [2026-05-15T18:33:22.886+0000] {dagbag.py:588} INFO - Filling up the DagBag from /usr/local/python/3.12.1/lib/python3.12/site-packages/airflow/example_dags/plugins/event_listener.py
[2026-05-15T18:33:22.888+0000] {processor.py:927} WARNING - No viable dags retrieved from /usr/local/python/3.12.1/lib/python3.12/site-packages/airflow/example_dags/plugins/event_listener.py
[2026-05-15T18:33:22.899+0000] {processor.py:208} INFO - Processing /usr/local/python/3.12.1/lib/python3.12/site-packages/airflow/example_dags/plugins/event_listener.py took 0.021 seconds
[2026-05-15T18:34:31.700+0000] {processor.py:186} INFO - Started process (PID=109074) to work on /usr/local/python/3.12.1/lib/python3.12/site-packages/airflow/example_dags/plugins/event_listener.py
[2026-05-15T18:34:31.702+0000] {processor.py:914} INFO - Processing file /usr/local/python/3.12.1/lib/python3.12/site-packages/airflow/example_dags/plugins/event_listener.py for tasks to queue
[2026-05-15T18:34:31.704+0000] {logging_mixin.py:190} INFO - [2026-05-15T18:34:31.703+0000] {dagbag.py:588} INFO - Filling up the DagBag from /usr/local/python/3.12.1/lib/python3.12/site-packages/airflow/example_dags/plugins/event_listener.py
[2026-05-15T18:34:31.706+0000] {processor.py:927} WARNING - No viable dags retrieved from /usr/local/python/3.12.1/lib/python3.12/site-packages/airflow/example_dags/plugins/event_listener.py
[2026-05-15T18:34:31.715+0000] {processor.py:208} INFO - Processing /usr/local/python/3.12.1/lib/python3.12/site-packages/airflow/example_dags/plugins/event_listener.py took 0.020 seconds
[2026-05-15T18:35:32.366+0000] {processor.py:186} INFO - Started process (PID=109542) to work on /usr/local/python/3.12.1/lib/python3.12/site-packages/airflow/example_dags/plugins/event_listener.py
[2026-05-15T18:35:32.367+0000] {processor.py:914} INFO - Processing file /usr/local/python/3.12.1/lib/python3.12/site-packages/airflow/example_dags/plugins/event_listener.py for tasks to queue
[2026-05-15T18:35:32.370+0000] {logging_mixin.py:190} INFO - [2026-05-15T18:35:32.370+0000] {dagbag.py:588} INFO - Filling up the DagBag from /usr/local/python/3.12.1/lib/python3.12/site-packages/airflow/example_dags/plugins/event_listener.py
[2026-05-15T18:35:32.373+0000] {processor.py:927} WARNING - No viable dags retrieved from /usr/local/python/3.12.1/lib/python3.12/site-packages/airflow/example_dags/plugins/event_listener.py
[2026-05-15T18:35:32.385+0000] {processor.py:208} INFO - Processing /usr/local/python/3.12.1/lib/python3.12/site-packages/airflow/example_dags/plugins/event_listener.py took 0.025 seconds
[2026-05-15T18:36:36.466+0000] {processor.py:186} INFO - Started process (PID=110049) to work on /usr/local/python/3.12.1/lib/python3.12/site-packages/airflow/example_dags/plugins/event_listener.py
[2026-05-15T18:36:36.467+0000] {processor.py:914} INFO - Processing file /usr/local/python/3.12.1/lib/python3.12/site-packages/airflow/example_dags/plugins/event_listener.py for tasks to queue
[2026-05-15T18:36:36.469+0000] {logging_mixin.py:190} INFO - [2026-05-15T18:36:36.469+0000] {dagbag.py:588} INFO - Filling up the DagBag from /usr/local/python/3.12.1/lib/python3.12/site-packages/airflow/example_dags/plugins/event_listener.py
[2026-05-15T18:36:36.472+0000] {processor.py:927} WARNING - No viable dags retrieved from /usr/local/python/3.12.1/lib/python3.12/site-packages/airflow/example_dags/plugins/event_listener.py
[2026-05-15T18:36:36.489+0000] {processor.py:208} INFO - Processing /usr/local/python/3.12.1/lib/python3.12/site-packages/airflow/example_dags/plugins/event_listener.py took 0.029 seconds
[2026-05-15T18:37:36.857+0000] {processor.py:186} INFO - Started process (PID=110517) to work on /usr/local/python/3.12.1/lib/python3.12/site-packages/airflow/example_dags/plugins/event_listener.py
[2026-05-15T18:37:36.858+0000] {processor.py:914} INFO - Processing file /usr/local/python/3.12.1/lib/python3.12/site-packages/airflow/example_dags/plugins/event_listener.py for tasks to queue
[2026-05-15T18:37:36.860+0000] {logging_mixin.py:190} INFO - [2026-05-15T18:37:36.859+0000] {dagbag.py:588} INFO - Filling up the DagBag from /usr/local/python/3.12.1/lib/python3.12/site-packages/airflow/example_dags/plugins/event_listener.py
[2026-05-15T18:37:36.862+0000] {processor.py:927} WARNING - No viable dags retrieved from /usr/local/python/3.12.1/lib/python3.12/site-packages/airflow/example_dags/plugins/event_listener.py
[2026-05-15T18:37:36.871+0000] {processor.py:208} INFO - Processing /usr/local/python/3.12.1/lib/python3.12/site-packages/airflow/example_dags/plugins/event_listener.py took 0.019 seconds
[2026-05-15T18:38:35.357+0000] {processor.py:186} INFO - Started process (PID=110953) to work on /usr/local/python/3.12.1/lib/python3.12/site-packages/airflow/example_dags/plugins/event_listener.py
[2026-05-15T18:38:35.358+0000] {processor.py:914} INFO - Processing file /usr/local/python/3.12.1/lib/python3.12/site-packages/airflow/example_dags/plugins/event_listener.py for tasks to queue
[2026-05-15T18:38:35.361+0000] {logging_mixin.py:190} INFO - [2026-05-15T18:38:35.360+0000] {dagbag.py:588} INFO - Filling up the DagBag from /usr/local/python/3.12.1/lib/python3.12/site-packages/airflow/example_dags/plugins/event_listener.py
[2026-05-15T18:38:35.363+0000] {processor.py:927} WARNING - No viable dags retrieved from /usr/local/python/3.12.1/lib/python3.12/site-packages/airflow/example_dags/plugins/event_listener.py
[2026-05-15T18:38:35.371+0000] {processor.py:208} INFO - Processing /usr/local/python/3.12.1/lib/python3.12/site-packages/airflow/example_dags/plugins/event_listener.py took 0.018 seconds
[2026-05-15T18:39:36.597+0000] {processor.py:186} INFO - Started process (PID=111447) to work on /usr/local/python/3.12.1/lib/python3.12/site-packages/airflow/example_dags/plugins/event_listener.py
[2026-05-15T18:39:36.598+0000] {processor.py:914} INFO - Processing file /usr/local/python/3.12.1/lib/python3.12/site-packages/airflow/example_dags/plugins/event_listener.py for tasks to queue
[2026-05-15T18:39:36.599+0000] {logging_mixin.py:190} INFO - [2026-05-15T18:39:36.599+0000] {dagbag.py:588} INFO - Filling up the DagBag from /usr/local/python/3.12.1/lib/python3.12/site-packages/airflow/example_dags/plugins/event_listener.py
[2026-05-15T18:39:36.601+0000] {processor.py:927} WARNING - No viable dags retrieved from /usr/local/python/3.12.1/lib/python3.12/site-packages/airflow/example_dags/plugins/event_listener.py
[2026-05-15T18:39:36.610+0000] {processor.py:208} INFO - Processing /usr/local/python/3.12.1/lib/python3.12/site-packages/airflow/example_dags/plugins/event_listener.py took 0.018 seconds
[2026-05-15T18:40:36.341+0000] {processor.py:186} INFO - Started process (PID=111906) to work on /usr/local/python/3.12.1/lib/python3.12/site-packages/airflow/example_dags/plugins/event_listener.py
[2026-05-15T18:40:36.342+0000] {processor.py:914} INFO - Processing file /usr/local/python/3.12.1/lib/python3.12/site-packages/airflow/example_dags/plugins/event_listener.py for tasks to queue
[2026-05-15T18:40:36.344+0000] {logging_mixin.py:190} INFO - [2026-05-15T18:40:36.343+0000] {dagbag.py:588} INFO - Filling up the DagBag from /usr/local/python/3.12.1/lib/python3.12/site-packages/airflow/example_dags/plugins/event_listener.py
[2026-05-15T18:40:36.346+0000] {processor.py:927} WARNING - No viable dags retrieved from /usr/local/python/3.12.1/lib/python3.12/site-packages/airflow/example_dags/plugins/event_listener.py
[2026-05-15T18:40:36.355+0000] {processor.py:208} INFO - Processing /usr/local/python/3.12.1/lib/python3.12/site-packages/airflow/example_dags/plugins/event_listener.py took 0.021 seconds
[2026-05-15T18:41:36.153+0000] {processor.py:186} INFO - Started process (PID=112372) to work on /usr/local/python/3.12.1/lib/python3.12/site-packages/airflow/example_dags/plugins/event_listener.py
[2026-05-15T18:41:36.154+0000] {processor.py:914} INFO - Processing file /usr/local/python/3.12.1/lib/python3.12/site-packages/airflow/example_dags/plugins/event_listener.py for tasks to queue
[2026-05-15T18:41:36.156+0000] {logging_mixin.py:190} INFO - [2026-05-15T18:41:36.156+0000] {dagbag.py:588} INFO - Filling up the DagBag from /usr/local/python/3.12.1/lib/python3.12/site-packages/airflow/example_dags/plugins/event_listener.py
[2026-05-15T18:41:36.160+0000] {processor.py:927} WARNING - No viable dags retrieved from /usr/local/python/3.12.1/lib/python3.12/site-packages/airflow/example_dags/plugins/event_listener.py
[2026-05-15T18:41:36.180+0000] {processor.py:208} INFO - Processing /usr/local/python/3.12.1/lib/python3.12/site-packages/airflow/example_dags/plugins/event_listener.py took 0.035 seconds
[2026-05-15T18:42:36.175+0000] {processor.py:186} INFO - Started process (PID=112831) to work on /usr/local/python/3.12.1/lib/python3.12/site-packages/airflow/example_dags/plugins/event_listener.py
[2026-05-15T18:42:36.176+0000] {processor.py:914} INFO - Processing file /usr/local/python/3.12.1/lib/python3.12/site-packages/airflow/example_dags/plugins/event_listener.py for tasks to queue
[2026-05-15T18:42:36.178+0000] {logging_mixin.py:190} INFO - [2026-05-15T18:42:36.178+0000] {dagbag.py:588} INFO - Filling up the DagBag from /usr/local/python/3.12.1/lib/python3.12/site-packages/airflow/example_dags/plugins/event_listener.py
[2026-05-15T18:42:36.180+0000] {processor.py:927} WARNING - No viable dags retrieved from /usr/local/python/3.12.1/lib/python3.12/site-packages/airflow/example_dags/plugins/event_listener.py
[2026-05-15T18:42:36.192+0000] {processor.py:208} INFO - Processing /usr/local/python/3.12.1/lib/python3.12/site-packages/airflow/example_dags/plugins/event_listener.py took 0.023 seconds
[2026-05-15T18:43:39.355+0000] {processor.py:186} INFO - Started process (PID=113318) to work on /usr/local/python/3.12.1/lib/python3.12/site-packages/airflow/example_dags/plugins/event_listener.py
[2026-05-15T18:43:39.356+0000] {processor.py:914} INFO - Processing file /usr/local/python/3.12.1/lib/python3.12/site-packages/airflow/example_dags/plugins/event_listener.py for tasks to queue
[2026-05-15T18:43:39.357+0000] {logging_mixin.py:190} INFO - [2026-05-15T18:43:39.357+0000] {dagbag.py:588} INFO - Filling up the DagBag from /usr/local/python/3.12.1/lib/python3.12/site-packages/airflow/example_dags/plugins/event_listener.py
[2026-05-15T18:43:39.359+0000] {processor.py:927} WARNING - No viable dags retrieved from /usr/local/python/3.12.1/lib/python3.12/site-packages/airflow/example_dags/plugins/event_listener.py
[2026-05-15T18:43:39.367+0000] {processor.py:208} INFO - Processing /usr/local/python/3.12.1/lib/python3.12/site-packages/airflow/example_dags/plugins/event_listener.py took 0.017 seconds
[2026-05-15T18:44:37.783+0000] {processor.py:186} INFO - Started process (PID=113811) to work on /usr/local/python/3.12.1/lib/python3.12/site-packages/airflow/example_dags/plugins/event_listener.py
[2026-05-15T18:44:37.784+0000] {processor.py:914} INFO - Processing file /usr/local/python/3.12.1/lib/python3.12/site-packages/airflow/example_dags/plugins/event_listener.py for tasks to queue
[2026-05-15T18:44:37.786+0000] {logging_mixin.py:190} INFO - [2026-05-15T18:44:37.785+0000] {dagbag.py:588} INFO - Filling up the DagBag from /usr/local/python/3.12.1/lib/python3.12/site-packages/airflow/example_dags/plugins/event_listener.py
[2026-05-15T18:44:37.788+0000] {processor.py:927} WARNING - No viable dags retrieved from /usr/local/python/3.12.1/lib/python3.12/site-packages/airflow/example_dags/plugins/event_listener.py
[2026-05-15T18:44:37.798+0000] {processor.py:208} INFO - Processing /usr/local/python/3.12.1/lib/python3.12/site-packages/airflow/example_dags/plugins/event_listener.py took 0.021 seconds
[2026-05-15T18:45:35.800+0000] {processor.py:186} INFO - Started process (PID=114266) to work on /usr/local/python/3.12.1/lib/python3.12/site-packages/airflow/example_dags/plugins/event_listener.py
[2026-05-15T18:45:35.800+0000] {processor.py:914} INFO - Processing file /usr/local/python/3.12.1/lib/python3.12/site-packages/airflow/example_dags/plugins/event_listener.py for tasks to queue
[2026-05-15T18:45:35.802+0000] {logging_mixin.py:190} INFO - [2026-05-15T18:45:35.802+0000] {dagbag.py:588} INFO - Filling up the DagBag from /usr/local/python/3.12.1/lib/python3.12/site-packages/airflow/example_dags/plugins/event_listener.py
[2026-05-15T18:45:35.804+0000] {processor.py:927} WARNING - No viable dags retrieved from /usr/local/python/3.12.1/lib/python3.12/site-packages/airflow/example_dags/plugins/event_listener.py
[2026-05-15T18:45:35.812+0000] {processor.py:208} INFO - Processing /usr/local/python/3.12.1/lib/python3.12/site-packages/airflow/example_dags/plugins/event_listener.py took 0.017 seconds
[2026-05-15T18:46:35.029+0000] {processor.py:186} INFO - Started process (PID=114714) to work on /usr/local/python/3.12.1/lib/python3.12/site-packages/airflow/example_dags/plugins/event_listener.py
[2026-05-15T18:46:35.030+0000] {processor.py:914} INFO - Processing file /usr/local/python/3.12.1/lib/python3.12/site-packages/airflow/example_dags/plugins/event_listener.py for tasks to queue
[2026-05-15T18:46:35.031+0000] {logging_mixin.py:190} INFO - [2026-05-15T18:46:35.031+0000] {dagbag.py:588} INFO - Filling up the DagBag from /usr/local/python/3.12.1/lib/python3.12/site-packages/airflow/example_dags/plugins/event_listener.py
[2026-05-15T18:46:35.033+0000] {processor.py:927} WARNING - No viable dags retrieved from /usr/local/python/3.12.1/lib/python3.12/site-packages/airflow/example_dags/plugins/event_listener.py
[2026-05-15T18:46:35.042+0000] {processor.py:208} INFO - Processing /usr/local/python/3.12.1/lib/python3.12/site-packages/airflow/example_dags/plugins/event_listener.py took 0.017 seconds
[2026-05-15T18:47:39.720+0000] {processor.py:186} INFO - Started process (PID=115220) to work on /usr/local/python/3.12.1/lib/python3.12/site-packages/airflow/example_dags/plugins/event_listener.py
[2026-05-15T18:47:39.721+0000] {processor.py:914} INFO - Processing file /usr/local/python/3.12.1/lib/python3.12/site-packages/airflow/example_dags/plugins/event_listener.py for tasks to queue
[2026-05-15T18:47:39.723+0000] {logging_mixin.py:190} INFO - [2026-05-15T18:47:39.723+0000] {dagbag.py:588} INFO - Filling up the DagBag from /usr/local/python/3.12.1/lib/python3.12/site-packages/airflow/example_dags/plugins/event_listener.py
[2026-05-15T18:47:39.726+0000] {processor.py:927} WARNING - No viable dags retrieved from /usr/local/python/3.12.1/lib/python3.12/site-packages/airflow/example_dags/plugins/event_listener.py
[2026-05-15T18:47:39.739+0000] {processor.py:208} INFO - Processing /usr/local/python/3.12.1/lib/python3.12/site-packages/airflow/example_dags/plugins/event_listener.py took 0.027 seconds
[2026-05-15T18:48:39.938+0000] {processor.py:186} INFO - Started process (PID=115686) to work on /usr/local/python/3.12.1/lib/python3.12/site-packages/airflow/example_dags/plugins/event_listener.py
[2026-05-15T18:48:39.939+0000] {processor.py:914} INFO - Processing file /usr/local/python/3.12.1/lib/python3.12/site-packages/airflow/example_dags/plugins/event_listener.py for tasks to queue
[2026-05-15T18:48:39.941+0000] {logging_mixin.py:190} INFO - [2026-05-15T18:48:39.940+0000] {dagbag.py:588} INFO - Filling up the DagBag from /usr/local/python/3.12.1/lib/python3.12/site-packages/airflow/example_dags/plugins/event_listener.py
[2026-05-15T18:48:39.943+0000] {processor.py:927} WARNING - No viable dags retrieved from /usr/local/python/3.12.1/lib/python3.12/site-packages/airflow/example_dags/plugins/event_listener.py
[2026-05-15T18:48:39.952+0000] {processor.py:208} INFO - Processing /usr/local/python/3.12.1/lib/python3.12/site-packages/airflow/example_dags/plugins/event_listener.py took 0.019 seconds
[2026-05-15T18:49:41.799+0000] {processor.py:186} INFO - Started process (PID=116183) to work on /usr/local/python/3.12.1/lib/python3.12/site-packages/airflow/example_dags/plugins/event_listener.py
[2026-05-15T18:49:41.800+0000] {processor.py:914} INFO - Processing file /usr/local/python/3.12.1/lib/python3.12/site-packages/airflow/example_dags/plugins/event_listener.py for tasks to queue
[2026-05-15T18:49:41.801+0000] {logging_mixin.py:190} INFO - [2026-05-15T18:49:41.801+0000] {dagbag.py:588} INFO - Filling up the DagBag from /usr/local/python/3.12.1/lib/python3.12/site-packages/airflow/example_dags/plugins/event_listener.py
[2026-05-15T18:49:41.803+0000] {processor.py:927} WARNING - No viable dags retrieved from /usr/local/python/3.12.1/lib/python3.12/site-packages/airflow/example_dags/plugins/event_listener.py
[2026-05-15T18:49:41.811+0000] {processor.py:208} INFO - Processing /usr/local/python/3.12.1/lib/python3.12/site-packages/airflow/example_dags/plugins/event_listener.py took 0.017 seconds
[2026-05-15T18:50:46.189+0000] {processor.py:186} INFO - Started process (PID=116672) to work on /usr/local/python/3.12.1/lib/python3.12/site-packages/airflow/example_dags/plugins/event_listener.py
[2026-05-15T18:50:46.190+0000] {processor.py:914} INFO - Processing file /usr/local/python/3.12.1/lib/python3.12/site-packages/airflow/example_dags/plugins/event_listener.py for tasks to queue
[2026-05-15T18:50:46.193+0000] {logging_mixin.py:190} INFO - [2026-05-15T18:50:46.193+0000] {dagbag.py:588} INFO - Filling up the DagBag from /usr/local/python/3.12.1/lib/python3.12/site-packages/airflow/example_dags/plugins/event_listener.py
[2026-05-15T18:50:46.196+0000] {processor.py:927} WARNING - No viable dags retrieved from /usr/local/python/3.12.1/lib/python3.12/site-packages/airflow/example_dags/plugins/event_listener.py
[2026-05-15T18:50:46.205+0000] {processor.py:208} INFO - Processing /usr/local/python/3.12.1/lib/python3.12/site-packages/airflow/example_dags/plugins/event_listener.py took 0.022 seconds
[2026-05-15T18:51:46.035+0000] {processor.py:186} INFO - Started process (PID=117138) to work on /usr/local/python/3.12.1/lib/python3.12/site-packages/airflow/example_dags/plugins/event_listener.py
[2026-05-15T18:51:46.036+0000] {processor.py:914} INFO - Processing file /usr/local/python/3.12.1/lib/python3.12/site-packages/airflow/example_dags/plugins/event_listener.py for tasks to queue
[2026-05-15T18:51:46.038+0000] {logging_mixin.py:190} INFO - [2026-05-15T18:51:46.038+0000] {dagbag.py:588} INFO - Filling up the DagBag from /usr/local/python/3.12.1/lib/python3.12/site-packages/airflow/example_dags/plugins/event_listener.py
[2026-05-15T18:51:46.040+0000] {processor.py:927} WARNING - No viable dags retrieved from /usr/local/python/3.12.1/lib/python3.12/site-packages/airflow/example_dags/plugins/event_listener.py
[2026-05-15T18:51:46.049+0000] {processor.py:208} INFO - Processing /usr/local/python/3.12.1/lib/python3.12/site-packages/airflow/example_dags/plugins/event_listener.py took 0.019 seconds
[2026-05-15T18:52:42.546+0000] {processor.py:186} INFO - Started process (PID=117563) to work on /usr/local/python/3.12.1/lib/python3.12/site-packages/airflow/example_dags/plugins/event_listener.py
[2026-05-15T18:52:42.547+0000] {processor.py:914} INFO - Processing file /usr/local/python/3.12.1/lib/python3.12/site-packages/airflow/example_dags/plugins/event_listener.py for tasks to queue
[2026-05-15T18:52:42.548+0000] {logging_mixin.py:190} INFO - [2026-05-15T18:52:42.548+0000] {dagbag.py:588} INFO - Filling up the DagBag from /usr/local/python/3.12.1/lib/python3.12/site-packages/airflow/example_dags/plugins/event_listener.py
[2026-05-15T18:52:42.550+0000] {processor.py:927} WARNING - No viable dags retrieved from /usr/local/python/3.12.1/lib/python3.12/site-packages/airflow/example_dags/plugins/event_listener.py
[2026-05-15T18:52:42.558+0000] {processor.py:208} INFO - Processing /usr/local/python/3.12.1/lib/python3.12/site-packages/airflow/example_dags/plugins/event_listener.py took 0.016 seconds
[2026-05-15T18:53:42.236+0000] {processor.py:186} INFO - Started process (PID=118026) to work on /usr/local/python/3.12.1/lib/python3.12/site-packages/airflow/example_dags/plugins/event_listener.py
[2026-05-15T18:53:42.237+0000] {processor.py:914} INFO - Processing file /usr/local/python/3.12.1/lib/python3.12/site-packages/airflow/example_dags/plugins/event_listener.py for tasks to queue
[2026-05-15T18:53:42.238+0000] {logging_mixin.py:190} INFO - [2026-05-15T18:53:42.238+0000] {dagbag.py:588} INFO - Filling up the DagBag from /usr/local/python/3.12.1/lib/python3.12/site-packages/airflow/example_dags/plugins/event_listener.py
[2026-05-15T18:53:42.240+0000] {processor.py:927} WARNING - No viable dags retrieved from /usr/local/python/3.12.1/lib/python3.12/site-packages/airflow/example_dags/plugins/event_listener.py
[2026-05-15T18:53:42.248+0000] {processor.py:208} INFO - Processing /usr/local/python/3.12.1/lib/python3.12/site-packages/airflow/example_dags/plugins/event_listener.py took 0.016 seconds
