[2026-05-27T14:44:22.945+0000] {local_task_job_runner.py:123} INFO - ::group::Pre task execution logs
[2026-05-27T14:44:22.952+0000] {taskinstance.py:2612} INFO - Dependencies all met for dep_context=non-requeueable deps ti=<TaskInstance: pipeline_metricas_machine_learning_v1.treinar_modelo manual__2026-05-27T14:44:15.066415+00:00 [queued]>
[2026-05-27T14:44:22.956+0000] {taskinstance.py:2612} INFO - Dependencies all met for dep_context=requeueable deps ti=<TaskInstance: pipeline_metricas_machine_learning_v1.treinar_modelo manual__2026-05-27T14:44:15.066415+00:00 [queued]>
[2026-05-27T14:44:22.957+0000] {taskinstance.py:2865} INFO - Starting attempt 1 of 2
[2026-05-27T14:44:22.971+0000] {taskinstance.py:2888} INFO - Executing <Task(PythonOperator): treinar_modelo> on 2026-05-27 14:44:15.066415+00:00
[2026-05-27T14:44:22.977+0000] {standard_task_runner.py:72} INFO - Started process 31787 to run task
[2026-05-27T14:44:22.979+0000] {standard_task_runner.py:104} INFO - Running: ['airflow', 'tasks', 'run', 'pipeline_metricas_machine_learning_v1', 'treinar_modelo', 'manual__2026-05-27T14:44:15.066415+00:00', '--job-id', '24', '--raw', '--subdir', 'DAGS_FOLDER/dag_pipeline_ml.py', '--cfg-path', '/tmp/tmpu_81cb1r']
[2026-05-27T14:44:22.981+0000] {standard_task_runner.py:105} INFO - Job 24: Subtask treinar_modelo
[2026-05-27T14:44:23.014+0000] {task_command.py:467} INFO - Running <TaskInstance: pipeline_metricas_machine_learning_v1.treinar_modelo manual__2026-05-27T14:44:15.066415+00:00 [running]> on host codespaces-a467f8
[2026-05-27T14:44:23.075+0000] {taskinstance.py:3131} INFO - Exporting env vars: AIRFLOW_CTX_DAG_OWNER='CrisStudy' AIRFLOW_CTX_DAG_ID='pipeline_metricas_machine_learning_v1' AIRFLOW_CTX_TASK_ID='treinar_modelo' AIRFLOW_CTX_EXECUTION_DATE='2026-05-27T14:44:15.066415+00:00' AIRFLOW_CTX_TRY_NUMBER='1' AIRFLOW_CTX_DAG_RUN_ID='manual__2026-05-27T14:44:15.066415+00:00'
[2026-05-27T14:44:23.076+0000] {taskinstance.py:731} INFO - ::endgroup::
[2026-05-27T14:44:23.109+0000] {logging_mixin.py:190} INFO - Iniciando o treinamento do modelo (regressão Logistíca)...
[2026-05-27T14:44:23.110+0000] {taskinstance.py:3310} ERROR - Task failed with exception
Traceback (most recent call last):
  File "/usr/local/python/3.12.1/lib/python3.12/site-packages/airflow/models/taskinstance.py", line 767, in _execute_task
    result = _execute_callable(context=context, **execute_callable_kwargs)
             ^^^^^^^^^^^^^^^^^^^^^^^^^^^^^^^^^^^^^^^^^^^^^^^^^^^^^^^^^^^^^
  File "/usr/local/python/3.12.1/lib/python3.12/site-packages/airflow/models/taskinstance.py", line 733, in _execute_callable
    return ExecutionCallableRunner(
           ^^^^^^^^^^^^^^^^^^^^^^^^
  File "/usr/local/python/3.12.1/lib/python3.12/site-packages/airflow/utils/operator_helpers.py", line 252, in run
    return self.func(*args, **kwargs)
           ^^^^^^^^^^^^^^^^^^^^^^^^^^
  File "/usr/local/python/3.12.1/lib/python3.12/site-packages/airflow/models/baseoperator.py", line 406, in wrapper
    return func(self, *args, **kwargs)
           ^^^^^^^^^^^^^^^^^^^^^^^^^^^
  File "/usr/local/python/3.12.1/lib/python3.12/site-packages/airflow/operators/python.py", line 238, in execute
    return_value = self.execute_callable()
                   ^^^^^^^^^^^^^^^^^^^^^^^
  File "/usr/local/python/3.12.1/lib/python3.12/site-packages/airflow/operators/python.py", line 256, in execute_callable
    return runner.run(*self.op_args, **self.op_kwargs)
           ^^^^^^^^^^^^^^^^^^^^^^^^^^^^^^^^^^^^^^^^^^^
  File "/usr/local/python/3.12.1/lib/python3.12/site-packages/airflow/utils/operator_helpers.py", line 252, in run
    return self.func(*args, **kwargs)
           ^^^^^^^^^^^^^^^^^^^^^^^^^^
  File "/workspaces/meu-primeiro-etl-airflow/airflow/dags/dag_pipeline_ml.py", line 30, in treinar_modelo_regressao
    modelo = LogisticRegression()
             ^^^^^^^^^^^^^^^^^^
NameError: name 'LogisticRegression' is not defined. Did you mean: 'LinearRegression'?
[2026-05-27T14:44:23.140+0000] {taskinstance.py:1225} INFO - Marking task as UP_FOR_RETRY. dag_id=pipeline_metricas_machine_learning_v1, task_id=treinar_modelo, run_id=manual__2026-05-27T14:44:15.066415+00:00, execution_date=20260527T144415, start_date=20260527T144422, end_date=20260527T144423
[2026-05-27T14:44:23.153+0000] {taskinstance.py:340} INFO - ::group::Post task execution logs
[2026-05-27T14:44:23.153+0000] {standard_task_runner.py:124} ERROR - Failed to execute job 24 for task treinar_modelo (name 'LogisticRegression' is not defined; 31787)
Traceback (most recent call last):
  File "/usr/local/python/3.12.1/lib/python3.12/site-packages/airflow/task/task_runner/standard_task_runner.py", line 117, in _start_by_fork
    ret = args.func(args, dag=self.dag)
          ^^^^^^^^^^^^^^^^^^^^^^^^^^^^^
  File "/usr/local/python/3.12.1/lib/python3.12/site-packages/airflow/cli/cli_config.py", line 49, in command
    return func(*args, **kwargs)
           ^^^^^^^^^^^^^^^^^^^^^
  File "/usr/local/python/3.12.1/lib/python3.12/site-packages/airflow/utils/cli.py", line 115, in wrapper
    return f(*args, **kwargs)
           ^^^^^^^^^^^^^^^^^^
  File "/usr/local/python/3.12.1/lib/python3.12/site-packages/airflow/cli/commands/task_command.py", line 483, in task_run
    task_return_code = _run_task_by_selected_method(args, _dag, ti)
                       ^^^^^^^^^^^^^^^^^^^^^^^^^^^^^^^^^^^^^^^^^^^^
  File "/usr/local/python/3.12.1/lib/python3.12/site-packages/airflow/cli/commands/task_command.py", line 256, in _run_task_by_selected_method
    return _run_raw_task(args, ti)
           ^^^^^^^^^^^^^^^^^^^^^^^
  File "/usr/local/python/3.12.1/lib/python3.12/site-packages/airflow/cli/commands/task_command.py", line 341, in _run_raw_task
    return ti._run_raw_task(
           ^^^^^^^^^^^^^^^^^
  File "/usr/local/python/3.12.1/lib/python3.12/site-packages/airflow/utils/session.py", line 97, in wrapper
    return func(*args, session=session, **kwargs)
           ^^^^^^^^^^^^^^^^^^^^^^^^^^^^^^^^^^^^^^
  File "/usr/local/python/3.12.1/lib/python3.12/site-packages/airflow/models/taskinstance.py", line 3004, in _run_raw_task
    return _run_raw_task(
           ^^^^^^^^^^^^^^
  File "/usr/local/python/3.12.1/lib/python3.12/site-packages/airflow/models/taskinstance.py", line 273, in _run_raw_task
    TaskInstance._execute_task_with_callbacks(
  File "/usr/local/python/3.12.1/lib/python3.12/site-packages/airflow/models/taskinstance.py", line 3158, in _execute_task_with_callbacks
    result = self._execute_task(context, task_orig)
             ^^^^^^^^^^^^^^^^^^^^^^^^^^^^^^^^^^^^^^
  File "/usr/local/python/3.12.1/lib/python3.12/site-packages/airflow/models/taskinstance.py", line 3182, in _execute_task
    return _execute_task(self, context, task_orig)
           ^^^^^^^^^^^^^^^^^^^^^^^^^^^^^^^^^^^^^^^
  File "/usr/local/python/3.12.1/lib/python3.12/site-packages/airflow/models/taskinstance.py", line 767, in _execute_task
    result = _execute_callable(context=context, **execute_callable_kwargs)
             ^^^^^^^^^^^^^^^^^^^^^^^^^^^^^^^^^^^^^^^^^^^^^^^^^^^^^^^^^^^^^
  File "/usr/local/python/3.12.1/lib/python3.12/site-packages/airflow/models/taskinstance.py", line 733, in _execute_callable
    return ExecutionCallableRunner(
           ^^^^^^^^^^^^^^^^^^^^^^^^
  File "/usr/local/python/3.12.1/lib/python3.12/site-packages/airflow/utils/operator_helpers.py", line 252, in run
    return self.func(*args, **kwargs)
           ^^^^^^^^^^^^^^^^^^^^^^^^^^
  File "/usr/local/python/3.12.1/lib/python3.12/site-packages/airflow/models/baseoperator.py", line 406, in wrapper
    return func(self, *args, **kwargs)
           ^^^^^^^^^^^^^^^^^^^^^^^^^^^
  File "/usr/local/python/3.12.1/lib/python3.12/site-packages/airflow/operators/python.py", line 238, in execute
    return_value = self.execute_callable()
                   ^^^^^^^^^^^^^^^^^^^^^^^
  File "/usr/local/python/3.12.1/lib/python3.12/site-packages/airflow/operators/python.py", line 256, in execute_callable
    return runner.run(*self.op_args, **self.op_kwargs)
           ^^^^^^^^^^^^^^^^^^^^^^^^^^^^^^^^^^^^^^^^^^^
  File "/usr/local/python/3.12.1/lib/python3.12/site-packages/airflow/utils/operator_helpers.py", line 252, in run
    return self.func(*args, **kwargs)
           ^^^^^^^^^^^^^^^^^^^^^^^^^^
  File "/workspaces/meu-primeiro-etl-airflow/airflow/dags/dag_pipeline_ml.py", line 30, in treinar_modelo_regressao
    modelo = LogisticRegression()
             ^^^^^^^^^^^^^^^^^^
NameError: name 'LogisticRegression' is not defined. Did you mean: 'LinearRegression'?
[2026-05-27T14:44:23.194+0000] {local_task_job_runner.py:266} INFO - Task exited with return code 1
[2026-05-27T14:44:23.209+0000] {taskinstance.py:3900} INFO - 0 downstream tasks scheduled from follow-on schedule check
[2026-05-27T14:44:23.210+0000] {local_task_job_runner.py:245} INFO - ::endgroup::
